[0.004s][info][gc,init] CardTable entry size: 512
[0.004s][info][gc     ] Using Parallel
[0.005s][info][gc,init] Version: 21.0.6+7-LTS (release)
[0.005s][info][gc,init] CPUs: 4 total, 4 available
[0.005s][info][gc,init] Memory: 15991M
[0.005s][info][gc,init] Large Page Support: Disabled
[0.005s][info][gc,init] NUMA Support: Disabled
[0.005s][info][gc,init] Compressed Oops: Enabled (Zero based)
[0.005s][info][gc,init] Alignments: Space 512K, Generation 512K, Heap 2M
[0.005s][info][gc,init] Heap Min Capacity: 2054M
[0.005s][info][gc,init] Heap Initial Capacity: 2054M
[0.005s][info][gc,init] Heap Max Capacity: 5G
[0.005s][info][gc,init] Pre-touch: Disabled
[0.005s][info][gc,init] Parallel Workers: 4
[0.014s][info][gc,metaspace] CDS archive(s) mapped at: [0x00007f958d000000-0x00007f958dc97000-0x00007f958dc97000), size 13201408, SharedBaseAddress: 0x00007f958d000000, ArchiveRelocationMode: 1.
[0.014s][info][gc,metaspace] Compressed class space mapped at: 0x00007f958e000000-0x00007f95ce000000, reserved size: 1073741824
[0.014s][info][gc,metaspace] Narrow klass base: 0x00007f958d000000, Narrow klass shift: 0, Narrow klass range: 0x100000000
[0.281s][info][safepoint   ] Safepoint "ICBufferFull", Time since last: 260115918 ns, Reaching safepoint: 81403 ns, Cleanup: 104603 ns, At safepoint: 5701 ns, Total: 191707 ns
[0.446s][info][safepoint   ] Safepoint "RedefineClasses", Time since last: 158813549 ns, Reaching safepoint: 76003 ns, Cleanup: 109504 ns, At safepoint: 5854612 ns, Total: 6040119 ns
[0.546s][info][safepoint   ] Safepoint "JFRCheckpoint", Time since last: 100069923 ns, Reaching safepoint: 80703 ns, Cleanup: 55502 ns, At safepoint: 12901 ns, Total: 149106 ns
[1.207s][info][safepoint   ] Safepoint "ICBufferFull", Time since last: 661427547 ns, Reaching safepoint: 3400 ns, Cleanup: 125705 ns, At safepoint: 2200 ns, Total: 131305 ns
[1.609s][info][safepoint   ] Safepoint "ICBufferFull", Time since last: 401222827 ns, Reaching safepoint: 3800 ns, Cleanup: 131604 ns, At safepoint: 5201 ns, Total: 140605 ns
[1.895s][info][gc,start    ] GC(0) Pause Young (Metadata GC Threshold)
[1.912s][debug][gc,phases   ] GC(0) Scavenge 16.551ms
[1.912s][debug][gc,ref      ] GC(0) ReferenceProcessor::execute queues: 2, RefProcThreadModel::Multi, marks_oops_alive: false
[1.912s][debug][gc,ref      ] GC(0) ReferenceProcessor::execute queues: 4, RefProcThreadModel::Multi, marks_oops_alive: true
[1.912s][debug][gc,ref      ] GC(0) ReferenceProcessor::execute queues: 1, RefProcThreadModel::Single, marks_oops_alive: false
[1.912s][debug][gc,phases   ] GC(0) Reference Processing 0.405ms
[1.913s][debug][gc,phases   ] GC(0)   VM Weak                        Min:  0.0, Avg:  0.0, Max:  0.0, Diff:  0.0, Sum:  0.0, Workers: 4
[1.913s][debug][gc,phases   ] GC(0)     Dead                           Min: 0, Avg:  0.0, Max: 0, Diff: 0, Sum: 0, Workers: 4
[1.913s][debug][gc,phases   ] GC(0)     Total                          Min: 0, Avg: 60.0, Max: 192, Diff: 192, Sum: 240, Workers: 4
[1.913s][debug][gc,phases   ] GC(0)   ObjectSynchronizer Weak        Min:  0.0, Avg:  0.0, Max:  0.0, Diff:  0.0, Sum:  0.0, Workers: 4
[1.913s][debug][gc,phases   ] GC(0)     Dead                           Min: 0, Avg:  0.0, Max: 0, Diff: 0, Sum: 0, Workers: 4
[1.913s][debug][gc,phases   ] GC(0)     Total                          Min: 0, Avg:  2.0, Max: 8, Diff: 8, Sum: 8, Workers: 4
[1.913s][debug][gc,phases   ] GC(0)   JVMTI Tag Weak OopStorage      Min:  0.0, Avg:  0.0, Max:  0.0, Diff:  0.0, Sum:  0.0, Workers: 4
[1.913s][debug][gc,phases   ] GC(0)     Dead                           Min: 0, Avg:  0.0, Max: 0, Diff: 0, Sum: 0, Workers: 4
[1.913s][debug][gc,phases   ] GC(0)     Total                          Min: 0, Avg:  0.0, Max: 0, Diff: 0, Sum: 0, Workers: 4
[1.913s][debug][gc,phases   ] GC(0)   StringTable Weak               Min:  0.0, Avg:  0.1, Max:  0.1, Diff:  0.1, Sum:  0.3, Workers: 4
[1.913s][debug][gc,phases   ] GC(0)     Dead                           Min: 0, Avg:  7.8, Max: 14, Diff: 14, Sum: 31, Workers: 4
[1.913s][debug][gc,phases   ] GC(0)     Total                          Min: 0, Avg: 1990.5, Max: 3482, Diff: 3482, Sum: 7962, Workers: 4
[1.913s][debug][gc,phases   ] GC(0)   ResolvedMethodTable Weak       Min:  0.0, Avg:  0.0, Max:  0.0, Diff:  0.0, Sum:  0.1, Workers: 4
[1.913s][debug][gc,phases   ] GC(0)     Dead                           Min: 0, Avg: 94.5, Max: 152, Diff: 152, Sum: 378, Workers: 4
[1.913s][debug][gc,phases   ] GC(0)     Total                          Min: 0, Avg: 466.2, Max: 832, Diff: 832, Sum: 1865, Workers: 4
[1.913s][debug][gc,phases   ] GC(0)   JNI Weak                       Min:  0.0, Avg:  0.0, Max:  0.0, Diff:  0.0, Sum:  0.0, Workers: 4
[1.913s][debug][gc,phases   ] GC(0)     Dead                           Min: 0, Avg:  0.0, Max: 0, Diff: 0, Sum: 0, Workers: 4
[1.913s][debug][gc,phases   ] GC(0)     Total                          Min: 0, Avg: 12.0, Max: 48, Diff: 48, Sum: 48, Workers: 4
[1.913s][debug][gc,phases   ] GC(0)   StringDedup Table Weak         Min:  0.0, Avg:  0.0, Max:  0.0, Diff:  0.0, Sum:  0.0, Workers: 4
[1.913s][debug][gc,phases   ] GC(0)     Dead                           Min: 0, Avg:  0.0, Max: 0, Diff: 0, Sum: 0, Workers: 4
[1.913s][debug][gc,phases   ] GC(0)     Total                          Min: 0, Avg:  0.0, Max: 0, Diff: 0, Sum: 0, Workers: 4
[1.913s][debug][gc,phases   ] GC(0)   StringDedup Requests0 Weak     Min:  0.0, Avg:  0.0, Max:  0.0, Diff:  0.0, Sum:  0.0, Workers: 4
[1.913s][debug][gc,phases   ] GC(0)     Dead                           Min: 0, Avg:  0.0, Max: 0, Diff: 0, Sum: 0, Workers: 4
[1.913s][debug][gc,phases   ] GC(0)     Total                          Min: 0, Avg:  0.0, Max: 0, Diff: 0, Sum: 0, Workers: 4
[1.913s][debug][gc,phases   ] GC(0)   StringDedup Requests1 Weak     Min:  0.0, Avg:  0.0, Max:  0.0, Diff:  0.0, Sum:  0.0, Workers: 4
[1.913s][debug][gc,phases   ] GC(0)     Dead                           Min: 0, Avg:  0.0, Max: 0, Diff: 0, Sum: 0, Workers: 4
[1.913s][debug][gc,phases   ] GC(0)     Total                          Min: 0, Avg:  0.0, Max: 0, Diff: 0, Sum: 0, Workers: 4
[1.913s][debug][gc,phases   ] GC(0)   Weak JFR Old Object Samples    Min:  0.0, Avg:  0.0, Max:  0.0, Diff:  0.0, Sum:  0.0, Workers: 4
[1.913s][debug][gc,phases   ] GC(0)     Dead                           Min: 0, Avg:  0.0, Max: 0, Diff: 0, Sum: 0, Workers: 4
[1.913s][debug][gc,phases   ] GC(0)     Total                          Min: 0, Avg:  0.0, Max: 0, Diff: 0, Sum: 0, Workers: 4
[1.913s][debug][gc,phases   ] GC(0) Weak Processing 0.349ms
[1.913s][debug][gc,age      ] GC(0) Desired survivor size 536870912 bytes, new threshold 7 (max threshold 15)
[1.913s][info ][gc,heap     ] GC(0) PSYoungGen: 382813K(1572864K)->37723K(1572864K) Eden: 382813K(1048576K)->0K(1048576K) From: 0K(524288K)->37723K(524288K)
[1.913s][info ][gc,heap     ] GC(0) ParOldGen: 1073K(6144K)->1145K(6144K)
[1.913s][info ][gc,metaspace] GC(0) Metaspace: 21042K(21504K)->21042K(21504K) NonClass: 18727K(18944K)->18727K(18944K) Class: 2314K(2560K)->2314K(2560K)
[1.913s][info ][gc          ] GC(0) Pause Young (Metadata GC Threshold) 374M->37M(1542M) 17.714ms
[1.913s][info ][gc,cpu      ] GC(0) User=0.04s Sys=0.03s Real=0.02s
[1.913s][debug][gc,phases   ] GC(1) Pre Compact 0.009ms
[1.913s][info ][gc,start    ] GC(1) Pause Full (Metadata GC Threshold)
[1.913s][info ][gc,phases,start] GC(1) Marking Phase
[1.922s][debug][gc,phases      ] GC(1) Par Mark 9.372ms
[1.922s][debug][gc,ref         ] GC(1) ReferenceProcessor::execute queues: 2, RefProcThreadModel::Multi, marks_oops_alive: false
[1.922s][debug][gc,ref         ] GC(1) ReferenceProcessor::execute queues: 4, RefProcThreadModel::Multi, marks_oops_alive: true
[1.923s][debug][gc,ref         ] GC(1) ReferenceProcessor::execute queues: 1, RefProcThreadModel::Single, marks_oops_alive: false
[1.923s][debug][gc,phases      ] GC(1) Reference Processing 0.184ms
[1.923s][debug][gc,phases      ] GC(1)   VM Weak                        Min:  0.0, Avg:  0.0, Max:  0.0, Diff:  0.0, Sum:  0.0, Workers: 4
[1.923s][debug][gc,phases      ] GC(1)     Dead                           Min: 0, Avg:  0.0, Max: 0, Diff: 0, Sum: 0, Workers: 4
[1.923s][debug][gc,phases      ] GC(1)     Total                          Min: 0, Avg: 60.0, Max: 128, Diff: 128, Sum: 240, Workers: 4
[1.923s][debug][gc,phases      ] GC(1)   ObjectSynchronizer Weak        Min:  0.0, Avg:  0.0, Max:  0.0, Diff:  0.0, Sum:  0.0, Workers: 4
[1.923s][debug][gc,phases      ] GC(1)     Dead                           Min: 0, Avg:  0.0, Max: 0, Diff: 0, Sum: 0, Workers: 4
[1.923s][debug][gc,phases      ] GC(1)     Total                          Min: 0, Avg:  2.0, Max: 8, Diff: 8, Sum: 8, Workers: 4
[1.923s][debug][gc,phases      ] GC(1)   JVMTI Tag Weak OopStorage      Min:  0.0, Avg:  0.0, Max:  0.0, Diff:  0.0, Sum:  0.0, Workers: 4
[1.923s][debug][gc,phases      ] GC(1)     Dead                           Min: 0, Avg:  0.0, Max: 0, Diff: 0, Sum: 0, Workers: 4
[1.923s][debug][gc,phases      ] GC(1)     Total                          Min: 0, Avg:  0.0, Max: 0, Diff: 0, Sum: 0, Workers: 4
[1.923s][debug][gc,phases      ] GC(1)   StringTable Weak               Min:  0.0, Avg:  0.0, Max:  0.0, Diff:  0.0, Sum:  0.1, Workers: 4
[1.923s][debug][gc,phases      ] GC(1)     Dead                           Min: 0, Avg:  0.0, Max: 0, Diff: 0, Sum: 0, Workers: 4
[1.923s][debug][gc,phases      ] GC(1)     Total                          Min: 0, Avg: 1990.5, Max: 2778, Diff: 2778, Sum: 7962, Workers: 4
[1.923s][debug][gc,phases      ] GC(1)   ResolvedMethodTable Weak       Min:  0.0, Avg:  0.0, Max:  0.0, Diff:  0.0, Sum:  0.0, Workers: 4
[1.923s][debug][gc,phases      ] GC(1)     Dead                           Min: 0, Avg:  0.0, Max: 0, Diff: 0, Sum: 0, Workers: 4
[1.923s][debug][gc,phases      ] GC(1)     Total                          Min: 0, Avg: 466.2, Max: 649, Diff: 649, Sum: 1865, Workers: 4
[1.923s][debug][gc,phases      ] GC(1)   JNI Weak                       Min:  0.0, Avg:  0.0, Max:  0.0, Diff:  0.0, Sum:  0.0, Workers: 4
[1.923s][debug][gc,phases      ] GC(1)     Dead                           Min: 0, Avg:  0.0, Max: 0, Diff: 0, Sum: 0, Workers: 4
[1.923s][debug][gc,phases      ] GC(1)     Total                          Min: 0, Avg: 12.0, Max: 48, Diff: 48, Sum: 48, Workers: 4
[1.923s][debug][gc,phases      ] GC(1)   StringDedup Table Weak         Min:  0.0, Avg:  0.0, Max:  0.0, Diff:  0.0, Sum:  0.0, Workers: 4
[1.923s][debug][gc,phases      ] GC(1)     Dead                           Min: 0, Avg:  0.0, Max: 0, Diff: 0, Sum: 0, Workers: 4
[1.923s][debug][gc,phases      ] GC(1)     Total                          Min: 0, Avg:  0.0, Max: 0, Diff: 0, Sum: 0, Workers: 4
[1.923s][debug][gc,phases      ] GC(1)   StringDedup Requests0 Weak     Min:  0.0, Avg:  0.0, Max:  0.0, Diff:  0.0, Sum:  0.0, Workers: 4
[1.923s][debug][gc,phases      ] GC(1)     Dead                           Min: 0, Avg:  0.0, Max: 0, Diff: 0, Sum: 0, Workers: 4
[1.923s][debug][gc,phases      ] GC(1)     Total                          Min: 0, Avg:  0.0, Max: 0, Diff: 0, Sum: 0, Workers: 4
[1.923s][debug][gc,phases      ] GC(1)   StringDedup Requests1 Weak     Min:  0.0, Avg:  0.0, Max:  0.0, Diff:  0.0, Sum:  0.0, Workers: 4
[1.923s][debug][gc,phases      ] GC(1)     Dead                           Min: 0, Avg:  0.0, Max: 0, Diff: 0, Sum: 0, Workers: 4
[1.923s][debug][gc,phases      ] GC(1)     Total                          Min: 0, Avg:  0.0, Max: 0, Diff: 0, Sum: 0, Workers: 4
[1.923s][debug][gc,phases      ] GC(1)   Weak JFR Old Object Samples    Min:  0.0, Avg:  0.0, Max:  0.0, Diff:  0.0, Sum:  0.0, Workers: 4
[1.923s][debug][gc,phases      ] GC(1)     Dead                           Min: 0, Avg:  0.0, Max: 0, Diff: 0, Sum: 0, Workers: 4
[1.923s][debug][gc,phases      ] GC(1)     Total                          Min: 0, Avg:  0.0, Max: 0, Diff: 0, Sum: 0, Workers: 4
[1.923s][debug][gc,phases      ] GC(1) Weak Processing 0.274ms
[1.923s][debug][gc,phases      ] GC(1) ClassLoaderData 0.032ms
[1.923s][debug][gc,phases      ] GC(1) Trigger cleanups 0.000ms
[1.929s][debug][gc,phases      ] GC(1) Purge Unlinked NMethods 0.001ms
[1.929s][debug][gc,phases      ] GC(1) Unregister NMethods 0.021ms
[1.929s][debug][gc,phases      ] GC(1) Free Code Blobs 0.003ms
[1.929s][debug][gc,phases      ] GC(1) Class Unloading 6.203ms
[1.929s][debug][gc,phases      ] GC(1) Report Object Count 0.001ms
[1.929s][info ][gc,phases      ] GC(1) Marking Phase 16.106ms
[1.929s][info ][gc,phases,start] GC(1) Summary Phase
[1.929s][info ][gc,phases      ] GC(1) Summary Phase 0.007ms
[1.929s][info ][gc,phases,start] GC(1) Adjust Roots
[1.934s][info ][gc,phases      ] GC(1) Adjust Roots 4.739ms
[1.934s][info ][gc,phases,start] GC(1) Compaction Phase
[1.956s][info ][gc,phases      ] GC(1) Compaction Phase 21.756ms
[1.956s][info ][gc,phases,start] GC(1) Post Compact
[1.957s][debug][gc,phases      ] GC(1) Purge Class Loader Data 0.932ms
[1.958s][info ][gc,phases      ] GC(1) Post Compact 1.918ms
[1.958s][info ][gc,heap        ] GC(1) PSYoungGen: 37723K(1572864K)->32497K(1572864K) Eden: 0K(1048576K)->0K(1048576K) From: 37723K(524288K)->32497K(524288K)
[1.958s][info ][gc,heap        ] GC(1) ParOldGen: 1145K(6144K)->6103K(6144K)
[1.958s][info ][gc,metaspace   ] GC(1) Metaspace: 21042K(21504K)->21042K(21504K) NonClass: 18727K(18944K)->18727K(18944K) Class: 2314K(2560K)->2314K(2560K)
[1.958s][info ][gc             ] GC(1) Pause Full (Metadata GC Threshold) 37M->37M(1542M) 44.647ms
[1.958s][info ][gc,cpu         ] GC(1) User=0.12s Sys=0.00s Real=0.05s
[1.958s][info ][safepoint      ] Safepoint "CollectForMetadataAllocation", Time since last: 286289065 ns, Reaching safepoint: 3500 ns, Cleanup: 79503 ns, At safepoint: 62484762 ns, Total: 62567765 ns
[2.317s][info ][safepoint      ] Safepoint "ICBufferFull", Time since last: 359122903 ns, Reaching safepoint: 3000 ns, Cleanup: 106203 ns, At safepoint: 1801 ns, Total: 111004 ns
[2.521s][info ][safepoint      ] Safepoint "ICBufferFull", Time since last: 203938883 ns, Reaching safepoint: 4600 ns, Cleanup: 113005 ns, At safepoint: 4800 ns, Total: 122405 ns
[2.659s][info ][safepoint      ] Safepoint "ICBufferFull", Time since last: 137805989 ns, Reaching safepoint: 79603 ns, Cleanup: 118404 ns, At safepoint: 7101 ns, Total: 205108 ns
[2.913s][info ][safepoint      ] Safepoint "ICBufferFull", Time since last: 253731886 ns, Reaching safepoint: 4200 ns, Cleanup: 126305 ns, At safepoint: 1800 ns, Total: 132305 ns
[3.254s][info ][safepoint      ] Safepoint "ICBufferFull", Time since last: 340690035 ns, Reaching safepoint: 3200 ns, Cleanup: 146005 ns, At safepoint: 5500 ns, Total: 154705 ns
[3.254s][info ][gc,start       ] GC(2) Pause Young (Metadata GC Threshold)
[3.287s][debug][gc,phases      ] GC(2) Scavenge 32.710ms
[3.287s][debug][gc,ref         ] GC(2) ReferenceProcessor::execute queues: 4, RefProcThreadModel::Multi, marks_oops_alive: false
[3.288s][debug][gc,ref         ] GC(2) Skipped KeepAliveFinalRefsPhase of Reference Processing: no references
[3.288s][debug][gc,ref         ] GC(2) ReferenceProcessor::execute queues: 2, RefProcThreadModel::Multi, marks_oops_alive: false
[3.288s][debug][gc,phases      ] GC(2) Reference Processing 0.908ms
[3.288s][debug][gc,phases      ] GC(2)   VM Weak                        Min:  0.0, Avg:  0.0, Max:  0.0, Diff:  0.0, Sum:  0.0, Workers: 4
[3.288s][debug][gc,phases      ] GC(2)     Dead                           Min: 0, Avg:  0.0, Max: 0, Diff: 0, Sum: 0, Workers: 4
[3.288s][debug][gc,phases      ] GC(2)     Total                          Min: 0, Avg: 72.8, Max: 256, Diff: 256, Sum: 291, Workers: 4
[3.288s][debug][gc,phases      ] GC(2)   ObjectSynchronizer Weak        Min:  0.0, Avg:  0.0, Max:  0.0, Diff:  0.0, Sum:  0.0, Workers: 4
[3.288s][debug][gc,phases      ] GC(2)     Dead                           Min: 0, Avg:  0.0, Max: 0, Diff: 0, Sum: 0, Workers: 4
[3.288s][debug][gc,phases      ] GC(2)     Total                          Min: 0, Avg:  2.0, Max: 8, Diff: 8, Sum: 8, Workers: 4
[3.288s][debug][gc,phases      ] GC(2)   JVMTI Tag Weak OopStorage      Min:  0.0, Avg:  0.0, Max:  0.0, Diff:  0.0, Sum:  0.0, Workers: 4
[3.288s][debug][gc,phases      ] GC(2)     Dead                           Min: 0, Avg:  0.0, Max: 0, Diff: 0, Sum: 0, Workers: 4
[3.288s][debug][gc,phases      ] GC(2)     Total                          Min: 0, Avg:  0.0, Max: 0, Diff: 0, Sum: 0, Workers: 4
[3.288s][debug][gc,phases      ] GC(2)   StringTable Weak               Min:  0.0, Avg:  0.1, Max:  0.2, Diff:  0.2, Sum:  0.6, Workers: 4
[3.288s][debug][gc,phases      ] GC(2)     Dead                           Min: 0, Avg:  2.8, Max: 5, Diff: 5, Sum: 11, Workers: 4
[3.288s][debug][gc,phases      ] GC(2)     Total                          Min: 0, Avg: 3669.0, Max: 5120, Diff: 5120, Sum: 14676, Workers: 4
[3.288s][debug][gc,phases      ] GC(2)   ResolvedMethodTable Weak       Min:  0.0, Avg:  0.1, Max:  0.1, Diff:  0.1, Sum:  0.3, Workers: 4
[3.288s][debug][gc,phases      ] GC(2)     Dead                           Min: 0, Avg: 438.2, Max: 909, Diff: 909, Sum: 1753, Workers: 4
[3.288s][debug][gc,phases      ] GC(2)     Total                          Min: 0, Avg: 1195.5, Max: 2111, Diff: 2111, Sum: 4782, Workers: 4
[3.288s][debug][gc,phases      ] GC(2)   JNI Weak                       Min:  0.0, Avg:  0.0, Max:  0.0, Diff:  0.0, Sum:  0.0, Workers: 4
[3.288s][debug][gc,phases      ] GC(2)     Dead                           Min: 0, Avg:  0.0, Max: 0, Diff: 0, Sum: 0, Workers: 4
[3.288s][debug][gc,phases      ] GC(2)     Total                          Min: 0, Avg: 12.0, Max: 48, Diff: 48, Sum: 48, Workers: 4
[3.288s][debug][gc,phases      ] GC(2)   StringDedup Table Weak         Min:  0.0, Avg:  0.0, Max:  0.0, Diff:  0.0, Sum:  0.0, Workers: 4
[3.288s][debug][gc,phases      ] GC(2)     Dead                           Min: 0, Avg:  0.0, Max: 0, Diff: 0, Sum: 0, Workers: 4
[3.288s][debug][gc,phases      ] GC(2)     Total                          Min: 0, Avg:  0.0, Max: 0, Diff: 0, Sum: 0, Workers: 4
[3.288s][debug][gc,phases      ] GC(2)   StringDedup Requests0 Weak     Min:  0.0, Avg:  0.0, Max:  0.0, Diff:  0.0, Sum:  0.0, Workers: 4
[3.288s][debug][gc,phases      ] GC(2)     Dead                           Min: 0, Avg:  0.0, Max: 0, Diff: 0, Sum: 0, Workers: 4
[3.288s][debug][gc,phases      ] GC(2)     Total                          Min: 0, Avg:  0.0, Max: 0, Diff: 0, Sum: 0, Workers: 4
[3.288s][debug][gc,phases      ] GC(2)   StringDedup Requests1 Weak     Min:  0.0, Avg:  0.0, Max:  0.0, Diff:  0.0, Sum:  0.0, Workers: 4
[3.288s][debug][gc,phases      ] GC(2)     Dead                           Min: 0, Avg:  0.0, Max: 0, Diff: 0, Sum: 0, Workers: 4
[3.288s][debug][gc,phases      ] GC(2)     Total                          Min: 0, Avg:  0.0, Max: 0, Diff: 0, Sum: 0, Workers: 4
[3.289s][debug][gc,phases      ] GC(2)   Weak JFR Old Object Samples    Min:  0.0, Avg:  0.0, Max:  0.0, Diff:  0.0, Sum:  0.0, Workers: 4
[3.289s][debug][gc,phases      ] GC(2)     Dead                           Min: 0, Avg:  0.0, Max: 0, Diff: 0, Sum: 0, Workers: 4
[3.289s][debug][gc,phases      ] GC(2)     Total                          Min: 0, Avg:  0.0, Max: 0, Diff: 0, Sum: 0, Workers: 4
[3.289s][debug][gc,phases      ] GC(2) Weak Processing 0.548ms
[3.289s][debug][gc,age         ] GC(2) Desired survivor size 536870912 bytes, new threshold 7 (max threshold 15)
[3.289s][info ][gc,heap        ] GC(2) PSYoungGen: 577788K(1572864K)->55354K(1572864K) Eden: 545291K(1048576K)->0K(1048576K) From: 32497K(524288K)->55354K(524288K)
[3.289s][info ][gc,heap        ] GC(2) ParOldGen: 6103K(6144K)->6111K(6144K)
[3.289s][info ][gc,metaspace   ] GC(2) Metaspace: 35381K(35840K)->35381K(35840K) NonClass: 30857K(31104K)->30857K(31104K) Class: 4524K(4736K)->4524K(4736K)
[3.289s][info ][gc             ] GC(2) Pause Young (Metadata GC Threshold) 570M->60M(1542M) 34.292ms
[3.289s][info ][gc,cpu         ] GC(2) User=0.10s Sys=0.03s Real=0.04s
[3.289s][debug][gc,phases      ] GC(3) Pre Compact 0.009ms
[3.289s][info ][gc,start       ] GC(3) Pause Full (Metadata GC Threshold)
[3.289s][info ][gc,phases,start] GC(3) Marking Phase
[3.315s][debug][gc,phases      ] GC(3) Par Mark 26.093ms
[3.315s][debug][gc,ref         ] GC(3) ReferenceProcessor::execute queues: 4, RefProcThreadModel::Multi, marks_oops_alive: false
[3.315s][debug][gc,ref         ] GC(3) ReferenceProcessor::execute queues: 4, RefProcThreadModel::Multi, marks_oops_alive: true
[3.315s][debug][gc,ref         ] GC(3) ReferenceProcessor::execute queues: 1, RefProcThreadModel::Single, marks_oops_alive: false
[3.315s][debug][gc,phases      ] GC(3) Reference Processing 0.475ms
[3.315s][debug][gc,phases      ] GC(3)   VM Weak                        Min:  0.0, Avg:  0.0, Max:  0.0, Diff:  0.0, Sum:  0.0, Workers: 4
[3.315s][debug][gc,phases      ] GC(3)     Dead                           Min: 0, Avg:  0.0, Max: 0, Diff: 0, Sum: 0, Workers: 4
[3.315s][debug][gc,phases      ] GC(3)     Total                          Min: 0, Avg: 72.8, Max: 291, Diff: 291, Sum: 291, Workers: 4
[3.315s][debug][gc,phases      ] GC(3)   ObjectSynchronizer Weak        Min:  0.0, Avg:  0.0, Max:  0.0, Diff:  0.0, Sum:  0.0, Workers: 4
[3.316s][debug][gc,phases      ] GC(3)     Dead                           Min: 0, Avg:  0.0, Max: 0, Diff: 0, Sum: 0, Workers: 4
[3.316s][debug][gc,phases      ] GC(3)     Total                          Min: 0, Avg:  2.0, Max: 8, Diff: 8, Sum: 8, Workers: 4
[3.316s][debug][gc,phases      ] GC(3)   JVMTI Tag Weak OopStorage      Min:  0.0, Avg:  0.0, Max:  0.0, Diff:  0.0, Sum:  0.0, Workers: 4
[3.316s][debug][gc,phases      ] GC(3)     Dead                           Min: 0, Avg:  0.0, Max: 0, Diff: 0, Sum: 0, Workers: 4
[3.316s][debug][gc,phases      ] GC(3)     Total                          Min: 0, Avg:  0.0, Max: 0, Diff: 0, Sum: 0, Workers: 4
[3.316s][debug][gc,phases      ] GC(3)   StringTable Weak               Min:  0.0, Avg:  0.1, Max:  0.1, Diff:  0.1, Sum:  0.2, Workers: 4
[3.316s][debug][gc,phases      ] GC(3)     Dead                           Min: 0, Avg:  0.0, Max: 0, Diff: 0, Sum: 0, Workers: 4
[3.316s][debug][gc,phases      ] GC(3)     Total                          Min: 0, Avg: 3669.0, Max: 7444, Diff: 7444, Sum: 14676, Workers: 4
[3.316s][debug][gc,phases      ] GC(3)   ResolvedMethodTable Weak       Min:  0.0, Avg:  0.0, Max:  0.0, Diff:  0.0, Sum:  0.1, Workers: 4
[3.316s][debug][gc,phases      ] GC(3)     Dead                           Min: 0, Avg:  0.0, Max: 0, Diff: 0, Sum: 0, Workers: 4
[3.316s][debug][gc,phases      ] GC(3)     Total                          Min: 0, Avg: 1195.5, Max: 2415, Diff: 2415, Sum: 4782, Workers: 4
[3.316s][debug][gc,phases      ] GC(3)   JNI Weak                       Min:  0.0, Avg:  0.0, Max:  0.0, Diff:  0.0, Sum:  0.0, Workers: 4
[3.316s][debug][gc,phases      ] GC(3)     Dead                           Min: 0, Avg:  0.0, Max: 0, Diff: 0, Sum: 0, Workers: 4
[3.316s][debug][gc,phases      ] GC(3)     Total                          Min: 0, Avg: 12.0, Max: 48, Diff: 48, Sum: 48, Workers: 4
[3.316s][debug][gc,phases      ] GC(3)   StringDedup Table Weak         Min:  0.0, Avg:  0.0, Max:  0.0, Diff:  0.0, Sum:  0.0, Workers: 4
[3.316s][debug][gc,phases      ] GC(3)     Dead                           Min: 0, Avg:  0.0, Max: 0, Diff: 0, Sum: 0, Workers: 4
[3.316s][debug][gc,phases      ] GC(3)     Total                          Min: 0, Avg:  0.0, Max: 0, Diff: 0, Sum: 0, Workers: 4
[3.316s][debug][gc,phases      ] GC(3)   StringDedup Requests0 Weak     Min:  0.0, Avg:  0.0, Max:  0.0, Diff:  0.0, Sum:  0.0, Workers: 4
[3.316s][debug][gc,phases      ] GC(3)     Dead                           Min: 0, Avg:  0.0, Max: 0, Diff: 0, Sum: 0, Workers: 4
[3.316s][debug][gc,phases      ] GC(3)     Total                          Min: 0, Avg:  0.0, Max: 0, Diff: 0, Sum: 0, Workers: 4
[3.316s][debug][gc,phases      ] GC(3)   StringDedup Requests1 Weak     Min:  0.0, Avg:  0.0, Max:  0.0, Diff:  0.0, Sum:  0.0, Workers: 4
[3.316s][debug][gc,phases      ] GC(3)     Dead                           Min: 0, Avg:  0.0, Max: 0, Diff: 0, Sum: 0, Workers: 4
[3.316s][debug][gc,phases      ] GC(3)     Total                          Min: 0, Avg:  0.0, Max: 0, Diff: 0, Sum: 0, Workers: 4
[3.316s][debug][gc,phases      ] GC(3)   Weak JFR Old Object Samples    Min:  0.0, Avg:  0.0, Max:  0.0, Diff:  0.0, Sum:  0.0, Workers: 4
[3.316s][debug][gc,phases      ] GC(3)     Dead                           Min: 0, Avg:  0.0, Max: 0, Diff: 0, Sum: 0, Workers: 4
[3.316s][debug][gc,phases      ] GC(3)     Total                          Min: 0, Avg:  0.0, Max: 0, Diff: 0, Sum: 0, Workers: 4
[3.316s][debug][gc,phases      ] GC(3) Weak Processing 0.438ms
[3.316s][debug][gc,phases      ] GC(3) ClassLoaderData 0.046ms
[3.316s][debug][gc,phases      ] GC(3) Trigger cleanups 0.000ms
[3.324s][debug][gc,phases      ] GC(3) Purge Unlinked NMethods 0.555ms
[3.324s][debug][gc,phases      ] GC(3) Unregister NMethods 0.014ms
[3.325s][debug][gc,phases      ] GC(3) Free Code Blobs 0.117ms
[3.325s][debug][gc,phases      ] GC(3) Class Unloading 8.840ms
[3.325s][debug][gc,phases      ] GC(3) Report Object Count 0.001ms
[3.325s][info ][gc,phases      ] GC(3) Marking Phase 35.932ms
[3.325s][info ][gc,phases,start] GC(3) Summary Phase
[3.325s][info ][gc,phases      ] GC(3) Summary Phase 0.008ms
[3.325s][info ][gc,phases,start] GC(3) Adjust Roots
[3.329s][info ][gc,phases      ] GC(3) Adjust Roots 4.726ms
[3.329s][info ][gc,phases,start] GC(3) Compaction Phase
[3.508s][info ][gc,phases      ] GC(3) Compaction Phase 179.091ms
[3.508s][info ][gc,phases,start] GC(3) Post Compact
[3.510s][debug][gc,phases      ] GC(3) Purge Class Loader Data 1.307ms
[3.511s][info ][gc,phases      ] GC(3) Post Compact 2.115ms
[3.511s][info ][gc,heap        ] GC(3) PSYoungGen: 55354K(1572864K)->55191K(1572864K) Eden: 0K(1048576K)->0K(1048576K) From: 55354K(524288K)->55191K(524288K)
[3.511s][info ][gc,heap        ] GC(3) ParOldGen: 6111K(6144K)->6040K(6144K)
[3.511s][info ][gc,metaspace   ] GC(3) Metaspace: 35381K(35840K)->35381K(35840K) NonClass: 30857K(31104K)->30857K(31104K) Class: 4524K(4736K)->4524K(4736K)
[3.511s][info ][gc             ] GC(3) Pause Full (Metadata GC Threshold) 60M->59M(1542M) 222.001ms
[3.511s][info ][gc,cpu         ] GC(3) User=0.45s Sys=0.02s Real=0.22s
[3.511s][info ][safepoint      ] Safepoint "CollectForMetadataAllocation", Time since last: 628823 ns, Reaching safepoint: 1300 ns, Cleanup: 8301 ns, At safepoint: 256437080 ns, Total: 256446681 ns
[3.642s][info ][safepoint      ] Safepoint "ICBufferFull", Time since last: 131357354 ns, Reaching safepoint: 4800 ns, Cleanup: 144506 ns, At safepoint: 6600 ns, Total: 155906 ns
[3.829s][info ][safepoint      ] Safepoint "ICBufferFull", Time since last: 186308343 ns, Reaching safepoint: 4800 ns, Cleanup: 133205 ns, At safepoint: 6600 ns, Total: 144605 ns
[4.000s][info ][safepoint      ] Safepoint "ICBufferFull", Time since last: 171581909 ns, Reaching safepoint: 82803 ns, Cleanup: 125005 ns, At safepoint: 7200 ns, Total: 215008 ns
[4.423s][info ][safepoint      ] Safepoint "ICBufferFull", Time since last: 422605694 ns, Reaching safepoint: 3700 ns, Cleanup: 139506 ns, At safepoint: 8300 ns, Total: 151506 ns
[4.558s][info ][safepoint      ] Safepoint "ICBufferFull", Time since last: 134345862 ns, Reaching safepoint: 3400 ns, Cleanup: 112604 ns, At safepoint: 1600 ns, Total: 117604 ns
[4.685s][info ][safepoint      ] Safepoint "ICBufferFull", Time since last: 126772588 ns, Reaching safepoint: 4000 ns, Cleanup: 122205 ns, At safepoint: 9700 ns, Total: 135905 ns
[4.996s][info ][safepoint      ] Safepoint "ICBufferFull", Time since last: 310797448 ns, Reaching safepoint: 4000 ns, Cleanup: 154706 ns, At safepoint: 2500 ns, Total: 161206 ns
[5.264s][info ][safepoint      ] Safepoint "ICBufferFull", Time since last: 268225207 ns, Reaching safepoint: 5000 ns, Cleanup: 136405 ns, At safepoint: 7600 ns, Total: 149005 ns
[5.702s][info ][gc,start       ] GC(4) Pause Young (Metadata GC Threshold)
[5.746s][debug][gc,phases      ] GC(4) Scavenge 43.608ms
[5.746s][debug][gc,ref         ] GC(4) ReferenceProcessor::execute queues: 4, RefProcThreadModel::Multi, marks_oops_alive: false
[5.747s][debug][gc,ref         ] GC(4) Skipped KeepAliveFinalRefsPhase of Reference Processing: no references
[5.747s][debug][gc,ref         ] GC(4) ReferenceProcessor::execute queues: 4, RefProcThreadModel::Multi, marks_oops_alive: false
[5.747s][debug][gc,phases      ] GC(4) Reference Processing 0.913ms
[5.747s][debug][gc,phases      ] GC(4)   VM Weak                        Min:  0.0, Avg:  0.0, Max:  0.0, Diff:  0.0, Sum:  0.0, Workers: 4
[5.747s][debug][gc,phases      ] GC(4)     Dead                           Min: 0, Avg:  0.0, Max: 0, Diff: 0, Sum: 0, Workers: 4
[5.747s][debug][gc,phases      ] GC(4)     Total                          Min: 0, Avg: 115.8, Max: 271, Diff: 271, Sum: 463, Workers: 4
[5.747s][debug][gc,phases      ] GC(4)   ObjectSynchronizer Weak        Min:  0.0, Avg:  0.0, Max:  0.0, Diff:  0.0, Sum:  0.0, Workers: 4
[5.747s][debug][gc,phases      ] GC(4)     Dead                           Min: 0, Avg:  0.0, Max: 0, Diff: 0, Sum: 0, Workers: 4
[5.747s][debug][gc,phases      ] GC(4)     Total                          Min: 0, Avg:  2.0, Max: 8, Diff: 8, Sum: 8, Workers: 4
[5.747s][debug][gc,phases      ] GC(4)   JVMTI Tag Weak OopStorage      Min:  0.0, Avg:  0.0, Max:  0.0, Diff:  0.0, Sum:  0.0, Workers: 4
[5.747s][debug][gc,phases      ] GC(4)     Dead                           Min: 0, Avg:  0.0, Max: 0, Diff: 0, Sum: 0, Workers: 4
[5.747s][debug][gc,phases      ] GC(4)     Total                          Min: 0, Avg:  0.0, Max: 0, Diff: 0, Sum: 0, Workers: 4
[5.747s][debug][gc,phases      ] GC(4)   StringTable Weak               Min:  0.3, Avg:  0.3, Max:  0.3, Diff:  0.0, Sum:  1.1, Workers: 4
[5.747s][debug][gc,phases      ] GC(4)     Dead                           Min: 3, Avg:  3.5, Max: 4, Diff: 1, Sum: 14, Workers: 4
[5.747s][debug][gc,phases      ] GC(4)     Total                          Min: 6592, Avg: 6936.2, Max: 7744, Diff: 1152, Sum: 27745, Workers: 4
[5.747s][debug][gc,phases      ] GC(4)   ResolvedMethodTable Weak       Min:  0.1, Avg:  0.1, Max:  0.1, Diff:  0.0, Sum:  0.5, Workers: 4
[5.747s][debug][gc,phases      ] GC(4)     Dead                           Min: 784, Avg: 974.0, Max: 1170, Diff: 386, Sum: 3896, Workers: 4
[5.747s][debug][gc,phases      ] GC(4)     Total                          Min: 2752, Avg: 2849.0, Max: 3072, Diff: 320, Sum: 11396, Workers: 4
[5.747s][debug][gc,phases      ] GC(4)   JNI Weak                       Min:  0.0, Avg:  0.0, Max:  0.0, Diff:  0.0, Sum:  0.0, Workers: 4
[5.747s][debug][gc,phases      ] GC(4)     Dead                           Min: 0, Avg:  0.0, Max: 0, Diff: 0, Sum: 0, Workers: 4
[5.748s][debug][gc,phases      ] GC(4)     Total                          Min: 0, Avg: 12.2, Max: 49, Diff: 49, Sum: 49, Workers: 4
[5.748s][debug][gc,phases      ] GC(4)   StringDedup Table Weak         Min:  0.0, Avg:  0.0, Max:  0.0, Diff:  0.0, Sum:  0.0, Workers: 4
[5.748s][debug][gc,phases      ] GC(4)     Dead                           Min: 0, Avg:  0.0, Max: 0, Diff: 0, Sum: 0, Workers: 4
[5.748s][debug][gc,phases      ] GC(4)     Total                          Min: 0, Avg:  0.0, Max: 0, Diff: 0, Sum: 0, Workers: 4
[5.748s][debug][gc,phases      ] GC(4)   StringDedup Requests0 Weak     Min:  0.0, Avg:  0.0, Max:  0.0, Diff:  0.0, Sum:  0.0, Workers: 4
[5.748s][debug][gc,phases      ] GC(4)     Dead                           Min: 0, Avg:  0.0, Max: 0, Diff: 0, Sum: 0, Workers: 4
[5.748s][debug][gc,phases      ] GC(4)     Total                          Min: 0, Avg:  0.0, Max: 0, Diff: 0, Sum: 0, Workers: 4
[5.748s][debug][gc,phases      ] GC(4)   StringDedup Requests1 Weak     Min:  0.0, Avg:  0.0, Max:  0.0, Diff:  0.0, Sum:  0.0, Workers: 4
[5.748s][debug][gc,phases      ] GC(4)     Dead                           Min: 0, Avg:  0.0, Max: 0, Diff: 0, Sum: 0, Workers: 4
[5.748s][debug][gc,phases      ] GC(4)     Total                          Min: 0, Avg:  0.0, Max: 0, Diff: 0, Sum: 0, Workers: 4
[5.748s][debug][gc,phases      ] GC(4)   Weak JFR Old Object Samples    Min:  0.0, Avg:  0.0, Max:  0.0, Diff:  0.0, Sum:  0.0, Workers: 4
[5.748s][debug][gc,phases      ] GC(4)     Dead                           Min: 0, Avg:  0.0, Max: 0, Diff: 0, Sum: 0, Workers: 4
[5.748s][debug][gc,phases      ] GC(4)     Total                          Min: 0, Avg:  0.0, Max: 0, Diff: 0, Sum: 0, Workers: 4
[5.748s][debug][gc,phases      ] GC(4) Weak Processing 0.670ms
[5.748s][debug][gc,age         ] GC(4) Desired survivor size 536870912 bytes, new threshold 7 (max threshold 15)
[5.748s][info ][gc,heap        ] GC(4) PSYoungGen: 452058K(1572864K)->77180K(1572864K) Eden: 396866K(1048576K)->0K(1048576K) From: 55191K(524288K)->77180K(524288K)
[5.748s][info ][gc,heap        ] GC(4) ParOldGen: 6040K(6144K)->6064K(6144K)
[5.748s][info ][gc,metaspace   ] GC(4) Metaspace: 59091K(59776K)->59091K(59776K) NonClass: 49675K(50112K)->49675K(50112K) Class: 9415K(9664K)->9415K(9664K)
[5.748s][info ][gc             ] GC(4) Pause Young (Metadata GC Threshold) 447M->81M(1542M) 45.342ms
[5.748s][info ][gc,cpu         ] GC(4) User=0.15s Sys=0.02s Real=0.05s
[5.748s][debug][gc,phases      ] GC(5) Pre Compact 0.008ms
[5.748s][info ][gc,start       ] GC(5) Pause Full (Metadata GC Threshold)
[5.748s][info ][gc,phases,start] GC(5) Marking Phase
[5.783s][debug][gc,phases      ] GC(5) Par Mark 35.009ms
[5.783s][debug][gc,ref         ] GC(5) ReferenceProcessor::execute queues: 4, RefProcThreadModel::Multi, marks_oops_alive: false
[5.783s][debug][gc,ref         ] GC(5) ReferenceProcessor::execute queues: 4, RefProcThreadModel::Multi, marks_oops_alive: true
[5.783s][debug][gc,ref         ] GC(5) ReferenceProcessor::execute queues: 1, RefProcThreadModel::Single, marks_oops_alive: false
[5.783s][debug][gc,phases      ] GC(5) Reference Processing 0.544ms
[5.783s][debug][gc,phases      ] GC(5)   VM Weak                        Min:  0.0, Avg:  0.0, Max:  0.0, Diff:  0.0, Sum:  0.0, Workers: 4
[5.784s][debug][gc,phases      ] GC(5)     Dead                           Min: 0, Avg:  0.0, Max: 0, Diff: 0, Sum: 0, Workers: 4
[5.784s][debug][gc,phases      ] GC(5)     Total                          Min: 0, Avg: 115.8, Max: 207, Diff: 207, Sum: 463, Workers: 4
[5.784s][debug][gc,phases      ] GC(5)   ObjectSynchronizer Weak        Min:  0.0, Avg:  0.0, Max:  0.0, Diff:  0.0, Sum:  0.0, Workers: 4
[5.784s][debug][gc,phases      ] GC(5)     Dead                           Min: 0, Avg:  0.0, Max: 0, Diff: 0, Sum: 0, Workers: 4
[5.784s][debug][gc,phases      ] GC(5)     Total                          Min: 0, Avg:  2.0, Max: 8, Diff: 8, Sum: 8, Workers: 4
[5.784s][debug][gc,phases      ] GC(5)   JVMTI Tag Weak OopStorage      Min:  0.0, Avg:  0.0, Max:  0.0, Diff:  0.0, Sum:  0.0, Workers: 4
[5.784s][debug][gc,phases      ] GC(5)     Dead                           Min: 0, Avg:  0.0, Max: 0, Diff: 0, Sum: 0, Workers: 4
[5.784s][debug][gc,phases      ] GC(5)     Total                          Min: 0, Avg:  0.0, Max: 0, Diff: 0, Sum: 0, Workers: 4
[5.784s][debug][gc,phases      ] GC(5)   StringTable Weak               Min:  0.1, Avg:  0.1, Max:  0.1, Diff:  0.0, Sum:  0.4, Workers: 4
[5.784s][debug][gc,phases      ] GC(5)     Dead                           Min: 0, Avg:  0.0, Max: 0, Diff: 0, Sum: 0, Workers: 4
[5.784s][debug][gc,phases      ] GC(5)     Total                          Min: 6689, Avg: 6936.2, Max: 7168, Diff: 479, Sum: 27745, Workers: 4
[5.784s][debug][gc,phases      ] GC(5)   ResolvedMethodTable Weak       Min:  0.0, Avg:  0.0, Max:  0.0, Diff:  0.0, Sum:  0.1, Workers: 4
[5.784s][debug][gc,phases      ] GC(5)     Dead                           Min: 0, Avg:  0.0, Max: 0, Diff: 0, Sum: 0, Workers: 4
[5.784s][debug][gc,phases      ] GC(5)     Total                          Min: 2628, Avg: 2849.0, Max: 3328, Diff: 700, Sum: 11396, Workers: 4
[5.784s][debug][gc,phases      ] GC(5)   JNI Weak                       Min:  0.0, Avg:  0.0, Max:  0.0, Diff:  0.0, Sum:  0.0, Workers: 4
[5.784s][debug][gc,phases      ] GC(5)     Dead                           Min: 0, Avg:  0.0, Max: 0, Diff: 0, Sum: 0, Workers: 4
[5.784s][debug][gc,phases      ] GC(5)     Total                          Min: 0, Avg: 12.2, Max: 49, Diff: 49, Sum: 49, Workers: 4
[5.784s][debug][gc,phases      ] GC(5)   StringDedup Table Weak         Min:  0.0, Avg:  0.0, Max:  0.0, Diff:  0.0, Sum:  0.0, Workers: 4
[5.784s][debug][gc,phases      ] GC(5)     Dead                           Min: 0, Avg:  0.0, Max: 0, Diff: 0, Sum: 0, Workers: 4
[5.784s][debug][gc,phases      ] GC(5)     Total                          Min: 0, Avg:  0.0, Max: 0, Diff: 0, Sum: 0, Workers: 4
[5.784s][debug][gc,phases      ] GC(5)   StringDedup Requests0 Weak     Min:  0.0, Avg:  0.0, Max:  0.0, Diff:  0.0, Sum:  0.0, Workers: 4
[5.784s][debug][gc,phases      ] GC(5)     Dead                           Min: 0, Avg:  0.0, Max: 0, Diff: 0, Sum: 0, Workers: 4
[5.784s][debug][gc,phases      ] GC(5)     Total                          Min: 0, Avg:  0.0, Max: 0, Diff: 0, Sum: 0, Workers: 4
[5.784s][debug][gc,phases      ] GC(5)   StringDedup Requests1 Weak     Min:  0.0, Avg:  0.0, Max:  0.0, Diff:  0.0, Sum:  0.0, Workers: 4
[5.784s][debug][gc,phases      ] GC(5)     Dead                           Min: 0, Avg:  0.0, Max: 0, Diff: 0, Sum: 0, Workers: 4
[5.784s][debug][gc,phases      ] GC(5)     Total                          Min: 0, Avg:  0.0, Max: 0, Diff: 0, Sum: 0, Workers: 4
[5.784s][debug][gc,phases      ] GC(5)   Weak JFR Old Object Samples    Min:  0.0, Avg:  0.0, Max:  0.0, Diff:  0.0, Sum:  0.0, Workers: 4
[5.784s][debug][gc,phases      ] GC(5)     Dead                           Min: 0, Avg:  0.0, Max: 0, Diff: 0, Sum: 0, Workers: 4
[5.784s][debug][gc,phases      ] GC(5)     Total                          Min: 0, Avg:  0.0, Max: 0, Diff: 0, Sum: 0, Workers: 4
[5.784s][debug][gc,phases      ] GC(5) Weak Processing 0.390ms
[5.784s][debug][gc,phases      ] GC(5) ClassLoaderData 0.066ms
[5.784s][debug][gc,phases      ] GC(5) Trigger cleanups 0.000ms
[5.793s][debug][gc,phases      ] GC(5) Purge Unlinked NMethods 0.191ms
[5.793s][debug][gc,phases      ] GC(5) Unregister NMethods 0.041ms
[5.793s][debug][gc,phases      ] GC(5) Free Code Blobs 0.051ms
[5.793s][debug][gc,phases      ] GC(5) Class Unloading 9.525ms
[5.793s][debug][gc,phases      ] GC(5) Report Object Count 0.001ms
[5.793s][info ][gc,phases      ] GC(5) Marking Phase 45.544ms
[5.793s][info ][gc,phases,start] GC(5) Summary Phase
[5.793s][info ][gc,phases      ] GC(5) Summary Phase 0.008ms
[5.793s][info ][gc,phases,start] GC(5) Adjust Roots
[5.801s][info ][gc,phases      ] GC(5) Adjust Roots 8.166ms
[5.801s][info ][gc,phases,start] GC(5) Compaction Phase
[6.124s][info ][gc,phases      ] GC(5) Compaction Phase 322.395ms
[6.124s][info ][gc,phases,start] GC(5) Post Compact
[6.124s][debug][gc,phases      ] GC(5) Purge Class Loader Data 0.317ms
[6.125s][info ][gc,phases      ] GC(5) Post Compact 1.157ms
[6.125s][info ][gc,heap        ] GC(5) PSYoungGen: 77180K(1572864K)->77015K(1572864K) Eden: 0K(1048576K)->0K(1048576K) From: 77180K(524288K)->77015K(524288K)
[6.125s][info ][gc,heap        ] GC(5) ParOldGen: 6064K(6144K)->6004K(6144K)
[6.125s][info ][gc,metaspace   ] GC(5) Metaspace: 59091K(59776K)->59091K(59776K) NonClass: 49675K(50112K)->49675K(50112K) Class: 9415K(9664K)->9415K(9664K)
[6.125s][info ][gc             ] GC(5) Pause Full (Metadata GC Threshold) 81M->81M(1542M) 377.396ms
[6.125s][info ][gc,cpu         ] GC(5) User=0.81s Sys=0.00s Real=0.37s
[6.125s][info ][safepoint      ] Safepoint "CollectForMetadataAllocation", Time since last: 438159557 ns, Reaching safepoint: 77203 ns, Cleanup: 117504 ns, At safepoint: 422892405 ns, Total: 423087112 ns
[6.644s][info ][safepoint      ] Safepoint "ICBufferFull", Time since last: 518376260 ns, Reaching safepoint: 5300 ns, Cleanup: 172207 ns, At safepoint: 7600 ns, Total: 185107 ns
[6.808s][info ][safepoint      ] Safepoint "ICBufferFull", Time since last: 164526454 ns, Reaching safepoint: 4200 ns, Cleanup: 115804 ns, At safepoint: 5301 ns, Total: 125305 ns
[6.936s][info ][safepoint      ] Safepoint "ICBufferFull", Time since last: 127026697 ns, Reaching safepoint: 84703 ns, Cleanup: 142205 ns, At safepoint: 8700 ns, Total: 235608 ns
[7.076s][info ][safepoint      ] Safepoint "ICBufferFull", Time since last: 140132972 ns, Reaching safepoint: 5300 ns, Cleanup: 126305 ns, At safepoint: 7100 ns, Total: 138705 ns
[7.286s][info ][safepoint      ] Safepoint "ICBufferFull", Time since last: 210095803 ns, Reaching safepoint: 6100 ns, Cleanup: 147606 ns, At safepoint: 2500 ns, Total: 156206 ns
[7.537s][info ][safepoint      ] Safepoint "ICBufferFull", Time since last: 250865679 ns, Reaching safepoint: 5700 ns, Cleanup: 133305 ns, At safepoint: 8500 ns, Total: 147505 ns
[7.815s][info ][safepoint      ] Safepoint "ICBufferFull", Time since last: 277437541 ns, Reaching safepoint: 3700 ns, Cleanup: 146805 ns, At safepoint: 5200 ns, Total: 155705 ns
[8.029s][info ][safepoint      ] Safepoint "ICBufferFull", Time since last: 214244654 ns, Reaching safepoint: 5100 ns, Cleanup: 121004 ns, At safepoint: 7201 ns, Total: 133305 ns
[8.289s][info ][safepoint      ] Safepoint "ICBufferFull", Time since last: 259718799 ns, Reaching safepoint: 4300 ns, Cleanup: 144105 ns, At safepoint: 2100 ns, Total: 150505 ns
[8.801s][info ][safepoint      ] Safepoint "ICBufferFull", Time since last: 511712119 ns, Reaching safepoint: 4401 ns, Cleanup: 131204 ns, At safepoint: 2000 ns, Total: 137605 ns
[9.232s][info ][safepoint      ] Safepoint "ICBufferFull", Time since last: 430944796 ns, Reaching safepoint: 83203 ns, Cleanup: 117305 ns, At safepoint: 7600 ns, Total: 208108 ns
[9.232s][info ][safepoint      ] Safepoint "ICBufferFull", Time since last: 231208 ns, Reaching safepoint: 1200 ns, Cleanup: 800 ns, At safepoint: 11501 ns, Total: 13501 ns
[9.232s][info ][safepoint      ] Safepoint "ICBufferFull", Time since last: 66802 ns, Reaching safepoint: 73403 ns, Cleanup: 2200 ns, At safepoint: 8700 ns, Total: 84303 ns
[10.233s][info ][safepoint      ] Safepoint "Cleanup", Time since last: 1000082394 ns, Reaching safepoint: 79102 ns, Cleanup: 23701 ns, At safepoint: 9201 ns, Total: 112004 ns
[11.233s][info ][safepoint      ] Safepoint "Cleanup", Time since last: 1000115594 ns, Reaching safepoint: 81603 ns, Cleanup: 13401 ns, At safepoint: 11800 ns, Total: 106804 ns
[11.537s][info ][safepoint      ] Safepoint "ICBufferFull", Time since last: 304155057 ns, Reaching safepoint: 6900 ns, Cleanup: 133205 ns, At safepoint: 4400 ns, Total: 144505 ns
[11.538s][info ][safepoint      ] Safepoint "ICBufferFull", Time since last: 642124 ns, Reaching safepoint: 82603 ns, Cleanup: 4200 ns, At safepoint: 11000 ns, Total: 97803 ns
[11.543s][info ][safepoint      ] Safepoint "ICBufferFull", Time since last: 4829776 ns, Reaching safepoint: 85003 ns, Cleanup: 7900 ns, At safepoint: 11101 ns, Total: 104004 ns
[11.813s][info ][safepoint      ] Safepoint "ICBufferFull", Time since last: 269762816 ns, Reaching safepoint: 5800 ns, Cleanup: 137905 ns, At safepoint: 2100 ns, Total: 145805 ns
[11.955s][info ][safepoint      ] Safepoint "ICBufferFull", Time since last: 142193974 ns, Reaching safepoint: 85604 ns, Cleanup: 131504 ns, At safepoint: 15401 ns, Total: 232509 ns
[12.098s][info ][safepoint      ] Safepoint "ICBufferFull", Time since last: 142721093 ns, Reaching safepoint: 79603 ns, Cleanup: 128005 ns, At safepoint: 8400 ns, Total: 216008 ns
[12.563s][info ][safepoint      ] Safepoint "ICBufferFull", Time since last: 464802014 ns, Reaching safepoint: 79403 ns, Cleanup: 119904 ns, At safepoint: 8400 ns, Total: 207707 ns
[13.411s][info ][safepoint      ] Safepoint "ICBufferFull", Time since last: 847820951 ns, Reaching safepoint: 5800 ns, Cleanup: 135005 ns, At safepoint: 5600 ns, Total: 146405 ns
[14.411s][info ][safepoint      ] Safepoint "Cleanup", Time since last: 1000118493 ns, Reaching safepoint: 78703 ns, Cleanup: 89903 ns, At safepoint: 6401 ns, Total: 175007 ns
[15.412s][info ][safepoint      ] Safepoint "Cleanup", Time since last: 1000118793 ns, Reaching safepoint: 7200 ns, Cleanup: 117304 ns, At safepoint: 8300 ns, Total: 132804 ns
[16.412s][info ][safepoint      ] Safepoint "Cleanup", Time since last: 1000116093 ns, Reaching safepoint: 80203 ns, Cleanup: 110904 ns, At safepoint: 12901 ns, Total: 204008 ns
[17.412s][info ][safepoint      ] Safepoint "Cleanup", Time since last: 1000110492 ns, Reaching safepoint: 5800 ns, Cleanup: 84203 ns, At safepoint: 2400 ns, Total: 92403 ns
[18.522s][info ][safepoint      ] Safepoint "Cleanup", Time since last: 1109947390 ns, Reaching safepoint: 4400 ns, Cleanup: 114604 ns, At safepoint: 5800 ns, Total: 124804 ns
[18.662s][info ][safepoint      ] Safepoint "ICBufferFull", Time since last: 139499676 ns, Reaching safepoint: 6601 ns, Cleanup: 144505 ns, At safepoint: 2500 ns, Total: 153606 ns
[18.662s][info ][safepoint      ] Safepoint "ICBufferFull", Time since last: 104704 ns, Reaching safepoint: 75903 ns, Cleanup: 3300 ns, At safepoint: 4900 ns, Total: 84103 ns
[18.664s][info ][gc,start       ] GC(6) Pause Young (Metadata GC Threshold)
[18.728s][debug][gc,phases      ] GC(6) Scavenge 64.332ms
[18.729s][debug][gc,ref         ] GC(6) ReferenceProcessor::execute queues: 4, RefProcThreadModel::Multi, marks_oops_alive: false
[18.729s][debug][gc,ref         ] GC(6) ReferenceProcessor::execute queues: 4, RefProcThreadModel::Multi, marks_oops_alive: true
[18.729s][debug][gc,ref         ] GC(6) ReferenceProcessor::execute queues: 4, RefProcThreadModel::Multi, marks_oops_alive: false
[18.729s][debug][gc,phases      ] GC(6) Reference Processing 1.118ms
[18.730s][debug][gc,phases      ] GC(6)   VM Weak                        Min:  0.0, Avg:  0.0, Max:  0.0, Diff:  0.0, Sum:  0.0, Workers: 4
[18.730s][debug][gc,phases      ] GC(6)     Dead                           Min: 0, Avg:  0.0, Max: 0, Diff: 0, Sum: 0, Workers: 4
[18.730s][debug][gc,phases      ] GC(6)     Total                          Min: 78, Avg: 227.5, Max: 384, Diff: 306, Sum: 910, Workers: 4
[18.730s][debug][gc,phases      ] GC(6)   ObjectSynchronizer Weak        Min:  0.0, Avg:  0.0, Max:  0.0, Diff:  0.0, Sum:  0.0, Workers: 4
[18.730s][debug][gc,phases      ] GC(6)     Dead                           Min: 0, Avg:  7.2, Max: 27, Diff: 27, Sum: 29, Workers: 4
[18.730s][debug][gc,phases      ] GC(6)     Total                          Min: 0, Avg: 16.5, Max: 64, Diff: 64, Sum: 66, Workers: 4
[18.730s][debug][gc,phases      ] GC(6)   JVMTI Tag Weak OopStorage      Min:  0.0, Avg:  0.0, Max:  0.0, Diff:  0.0, Sum:  0.0, Workers: 4
[18.730s][debug][gc,phases      ] GC(6)     Dead                           Min: 0, Avg:  0.0, Max: 0, Diff: 0, Sum: 0, Workers: 4
[18.730s][debug][gc,phases      ] GC(6)     Total                          Min: 0, Avg:  0.0, Max: 0, Diff: 0, Sum: 0, Workers: 4
[18.730s][debug][gc,phases      ] GC(6)   StringTable Weak               Min:  0.4, Avg:  0.4, Max:  0.4, Diff:  0.0, Sum:  1.7, Workers: 4
[18.730s][debug][gc,phases      ] GC(6)     Dead                           Min: 2, Avg: 10.0, Max: 15, Diff: 13, Sum: 40, Workers: 4
[18.730s][debug][gc,phases      ] GC(6)     Total                          Min: 10239, Avg: 10911.8, Max: 11648, Diff: 1409, Sum: 43647, Workers: 4
[18.730s][debug][gc,phases      ] GC(6)   ResolvedMethodTable Weak       Min:  0.2, Avg:  0.2, Max:  0.2, Diff:  0.0, Sum:  0.8, Workers: 4
[18.730s][debug][gc,phases      ] GC(6)     Dead                           Min: 879, Avg: 1042.5, Max: 1168, Diff: 289, Sum: 4170, Workers: 4
[18.730s][debug][gc,phases      ] GC(6)     Total                          Min: 4416, Avg: 4487.0, Max: 4636, Diff: 220, Sum: 17948, Workers: 4
[18.730s][debug][gc,phases      ] GC(6)   JNI Weak                       Min:  0.0, Avg:  0.0, Max:  0.0, Diff:  0.0, Sum:  0.0, Workers: 4
[18.730s][debug][gc,phases      ] GC(6)     Dead                           Min: 0, Avg:  0.0, Max: 0, Diff: 0, Sum: 0, Workers: 4
[18.730s][debug][gc,phases      ] GC(6)     Total                          Min: 0, Avg: 16.0, Max: 52, Diff: 52, Sum: 64, Workers: 4
[18.730s][debug][gc,phases      ] GC(6)   StringDedup Table Weak         Min:  0.0, Avg:  0.0, Max:  0.0, Diff:  0.0, Sum:  0.0, Workers: 4
[18.730s][debug][gc,phases      ] GC(6)     Dead                           Min: 0, Avg:  0.0, Max: 0, Diff: 0, Sum: 0, Workers: 4
[18.730s][debug][gc,phases      ] GC(6)     Total                          Min: 0, Avg:  0.0, Max: 0, Diff: 0, Sum: 0, Workers: 4
[18.730s][debug][gc,phases      ] GC(6)   StringDedup Requests0 Weak     Min:  0.0, Avg:  0.0, Max:  0.0, Diff:  0.0, Sum:  0.0, Workers: 4
[18.730s][debug][gc,phases      ] GC(6)     Dead                           Min: 0, Avg:  0.0, Max: 0, Diff: 0, Sum: 0, Workers: 4
[18.730s][debug][gc,phases      ] GC(6)     Total                          Min: 0, Avg:  0.0, Max: 0, Diff: 0, Sum: 0, Workers: 4
[18.730s][debug][gc,phases      ] GC(6)   StringDedup Requests1 Weak     Min:  0.0, Avg:  0.0, Max:  0.0, Diff:  0.0, Sum:  0.0, Workers: 4
[18.730s][debug][gc,phases      ] GC(6)     Dead                           Min: 0, Avg:  0.0, Max: 0, Diff: 0, Sum: 0, Workers: 4
[18.730s][debug][gc,phases      ] GC(6)     Total                          Min: 0, Avg:  0.0, Max: 0, Diff: 0, Sum: 0, Workers: 4
[18.730s][debug][gc,phases      ] GC(6)   Weak JFR Old Object Samples    Min:  0.0, Avg:  0.0, Max:  0.0, Diff:  0.0, Sum:  0.0, Workers: 4
[18.730s][debug][gc,phases      ] GC(6)     Dead                           Min: 0, Avg:  0.0, Max: 0, Diff: 0, Sum: 0, Workers: 4
[18.730s][debug][gc,phases      ] GC(6)     Total                          Min: 0, Avg:  0.0, Max: 0, Diff: 0, Sum: 0, Workers: 4
[18.730s][debug][gc,phases      ] GC(6) Weak Processing 0.895ms
[18.730s][debug][gc,age         ] GC(6) Desired survivor size 536870912 bytes, new threshold 7 (max threshold 15)
[18.730s][info ][gc,heap        ] GC(6) PSYoungGen: 889004K(1572864K)->118376K(1572864K) Eden: 811989K(1048576K)->0K(1048576K) From: 77015K(524288K)->118376K(524288K)
[18.730s][info ][gc,heap        ] GC(6) ParOldGen: 6004K(6144K)->6321K(6656K)
[18.730s][info ][gc,metaspace   ] GC(6) Metaspace: 98454K(99648K)->98454K(99648K) NonClass: 83060K(83712K)->83060K(83712K) Class: 15394K(15936K)->15394K(15936K)
[18.730s][info ][gc             ] GC(6) Pause Young (Metadata GC Threshold) 874M->121M(1542M) 66.480ms
[18.730s][info ][gc,cpu         ] GC(6) User=0.19s Sys=0.05s Real=0.07s
[18.730s][debug][gc,phases      ] GC(7) Pre Compact 0.009ms
[18.731s][info ][gc,start       ] GC(7) Pause Full (Metadata GC Threshold)
[18.731s][info ][gc,phases,start] GC(7) Marking Phase
[18.784s][debug][gc,phases      ] GC(7) Par Mark 53.160ms
[18.784s][debug][gc,ref         ] GC(7) ReferenceProcessor::execute queues: 4, RefProcThreadModel::Multi, marks_oops_alive: false
[18.784s][debug][gc,ref         ] GC(7) Skipped KeepAliveFinalRefsPhase of Reference Processing: no references
[18.784s][debug][gc,ref         ] GC(7) ReferenceProcessor::execute queues: 1, RefProcThreadModel::Single, marks_oops_alive: false
[18.784s][debug][gc,phases      ] GC(7) Reference Processing 0.613ms
[18.785s][debug][gc,phases      ] GC(7)   VM Weak                        Min:  0.0, Avg:  0.0, Max:  0.0, Diff:  0.0, Sum:  0.0, Workers: 4
[18.785s][debug][gc,phases      ] GC(7)     Dead                           Min: 0, Avg:  0.2, Max: 1, Diff: 1, Sum: 1, Workers: 4
[18.785s][debug][gc,phases      ] GC(7)     Total                          Min: 0, Avg: 227.5, Max: 526, Diff: 526, Sum: 910, Workers: 4
[18.785s][debug][gc,phases      ] GC(7)   ObjectSynchronizer Weak        Min:  0.0, Avg:  0.0, Max:  0.0, Diff:  0.0, Sum:  0.0, Workers: 4
[18.785s][debug][gc,phases      ] GC(7)     Dead                           Min: 0, Avg:  0.0, Max: 0, Diff: 0, Sum: 0, Workers: 4
[18.785s][debug][gc,phases      ] GC(7)     Total                          Min: 0, Avg: 16.5, Max: 64, Diff: 64, Sum: 66, Workers: 4
[18.785s][debug][gc,phases      ] GC(7)   JVMTI Tag Weak OopStorage      Min:  0.0, Avg:  0.0, Max:  0.0, Diff:  0.0, Sum:  0.0, Workers: 4
[18.785s][debug][gc,phases      ] GC(7)     Dead                           Min: 0, Avg:  0.0, Max: 0, Diff: 0, Sum: 0, Workers: 4
[18.785s][debug][gc,phases      ] GC(7)     Total                          Min: 0, Avg:  0.0, Max: 0, Diff: 0, Sum: 0, Workers: 4
[18.785s][debug][gc,phases      ] GC(7)   StringTable Weak               Min:  0.0, Avg:  0.2, Max:  0.2, Diff:  0.2, Sum:  0.6, Workers: 4
[18.785s][debug][gc,phases      ] GC(7)     Dead                           Min: 0, Avg:  0.0, Max: 0, Diff: 0, Sum: 0, Workers: 4
[18.785s][debug][gc,phases      ] GC(7)     Total                          Min: 0, Avg: 10911.8, Max: 15359, Diff: 15359, Sum: 43647, Workers: 4
[18.785s][debug][gc,phases      ] GC(7)   ResolvedMethodTable Weak       Min:  0.0, Avg:  0.1, Max:  0.1, Diff:  0.1, Sum:  0.2, Workers: 4
[18.785s][debug][gc,phases      ] GC(7)     Dead                           Min: 0, Avg:  0.2, Max: 1, Diff: 1, Sum: 1, Workers: 4
[18.785s][debug][gc,phases      ] GC(7)     Total                          Min: 0, Avg: 4487.0, Max: 6108, Diff: 6108, Sum: 17948, Workers: 4
[18.785s][debug][gc,phases      ] GC(7)   JNI Weak                       Min:  0.0, Avg:  0.0, Max:  0.0, Diff:  0.0, Sum:  0.0, Workers: 4
[18.785s][debug][gc,phases      ] GC(7)     Dead                           Min: 0, Avg:  0.0, Max: 0, Diff: 0, Sum: 0, Workers: 4
[18.785s][debug][gc,phases      ] GC(7)     Total                          Min: 0, Avg: 16.0, Max: 52, Diff: 52, Sum: 64, Workers: 4
[18.785s][debug][gc,phases      ] GC(7)   StringDedup Table Weak         Min:  0.0, Avg:  0.0, Max:  0.0, Diff:  0.0, Sum:  0.0, Workers: 4
[18.785s][debug][gc,phases      ] GC(7)     Dead                           Min: 0, Avg:  0.0, Max: 0, Diff: 0, Sum: 0, Workers: 4
[18.785s][debug][gc,phases      ] GC(7)     Total                          Min: 0, Avg:  0.0, Max: 0, Diff: 0, Sum: 0, Workers: 4
[18.785s][debug][gc,phases      ] GC(7)   StringDedup Requests0 Weak     Min:  0.0, Avg:  0.0, Max:  0.0, Diff:  0.0, Sum:  0.0, Workers: 4
[18.785s][debug][gc,phases      ] GC(7)     Dead                           Min: 0, Avg:  0.0, Max: 0, Diff: 0, Sum: 0, Workers: 4
[18.785s][debug][gc,phases      ] GC(7)     Total                          Min: 0, Avg:  0.0, Max: 0, Diff: 0, Sum: 0, Workers: 4
[18.785s][debug][gc,phases      ] GC(7)   StringDedup Requests1 Weak     Min:  0.0, Avg:  0.0, Max:  0.0, Diff:  0.0, Sum:  0.0, Workers: 4
[18.785s][debug][gc,phases      ] GC(7)     Dead                           Min: 0, Avg:  0.0, Max: 0, Diff: 0, Sum: 0, Workers: 4
[18.785s][debug][gc,phases      ] GC(7)     Total                          Min: 0, Avg:  0.0, Max: 0, Diff: 0, Sum: 0, Workers: 4
[18.785s][debug][gc,phases      ] GC(7)   Weak JFR Old Object Samples    Min:  0.0, Avg:  0.0, Max:  0.0, Diff:  0.0, Sum:  0.0, Workers: 4
[18.785s][debug][gc,phases      ] GC(7)     Dead                           Min: 0, Avg:  0.0, Max: 0, Diff: 0, Sum: 0, Workers: 4
[18.785s][debug][gc,phases      ] GC(7)     Total                          Min: 0, Avg:  0.0, Max: 0, Diff: 0, Sum: 0, Workers: 4
[18.785s][debug][gc,phases      ] GC(7) Weak Processing 0.537ms
[18.785s][debug][gc,phases      ] GC(7) ClassLoaderData 0.219ms
[18.785s][debug][gc,phases      ] GC(7) Trigger cleanups 0.001ms
[18.809s][debug][gc,phases      ] GC(7) Purge Unlinked NMethods 0.414ms
[18.809s][debug][gc,phases      ] GC(7) Unregister NMethods 0.132ms
[18.809s][debug][gc,phases      ] GC(7) Free Code Blobs 0.095ms
[18.818s][debug][gc,phases      ] GC(7) Class Unloading 33.232ms
[18.818s][debug][gc,phases      ] GC(7) Report Object Count 0.002ms
[18.818s][info ][gc,phases      ] GC(7) Marking Phase 87.651ms
[18.818s][info ][gc,phases,start] GC(7) Summary Phase
[18.818s][info ][gc,phases      ] GC(7) Summary Phase 0.009ms
[18.818s][info ][gc,phases,start] GC(7) Adjust Roots
[18.836s][info ][gc,phases      ] GC(7) Adjust Roots 17.536ms
[18.836s][info ][gc,phases,start] GC(7) Compaction Phase
[19.277s][info ][gc,phases      ] GC(7) Compaction Phase 441.646ms
[19.277s][info ][gc,phases,start] GC(7) Post Compact
[19.279s][debug][gc,phases      ] GC(7) Purge Class Loader Data 1.369ms
[19.281s][info ][gc,phases      ] GC(7) Post Compact 3.663ms
[19.281s][info ][gc,heap        ] GC(7) PSYoungGen: 118376K(1572864K)->117919K(1572864K) Eden: 0K(1048576K)->0K(1048576K) From: 118376K(524288K)->117919K(524288K)
[19.281s][info ][gc,heap        ] GC(7) ParOldGen: 6321K(6656K)->6290K(6656K)
[19.281s][info ][gc,metaspace   ] GC(7) Metaspace: 98454K(99648K)->98453K(99648K) NonClass: 83060K(83712K)->83059K(83712K) Class: 15394K(15936K)->15393K(15936K)
[19.281s][info ][gc             ] GC(7) Pause Full (Metadata GC Threshold) 121M->121M(1542M) 550.674ms
[19.281s][info ][gc,cpu         ] GC(7) User=1.13s Sys=0.03s Real=0.55s
[19.281s][info ][safepoint      ] Safepoint "CollectForMetadataAllocation", Time since last: 1879968 ns, Reaching safepoint: 2500 ns, Cleanup: 14701 ns, At safepoint: 617484069 ns, Total: 617501270 ns
[19.284s][info ][safepoint      ] Safepoint "CollectForMetadataAllocation", Time since last: 2397288 ns, Reaching safepoint: 83703 ns, Cleanup: 26701 ns, At safepoint: 18900 ns, Total: 129304 ns
[19.362s][info ][safepoint      ] Safepoint "ICBufferFull", Time since last: 77860623 ns, Reaching safepoint: 6100 ns, Cleanup: 135505 ns, At safepoint: 14200 ns, Total: 155805 ns
[19.486s][info ][safepoint      ] Safepoint "ICBufferFull", Time since last: 124095796 ns, Reaching safepoint: 164106 ns, Cleanup: 162906 ns, At safepoint: 19100 ns, Total: 346112 ns
[19.603s][info ][safepoint      ] Safepoint "ICBufferFull", Time since last: 116247711 ns, Reaching safepoint: 153806 ns, Cleanup: 157506 ns, At safepoint: 7200 ns, Total: 318512 ns
[19.714s][info ][safepoint      ] Safepoint "ICBufferFull", Time since last: 111241030 ns, Reaching safepoint: 90303 ns, Cleanup: 139605 ns, At safepoint: 16701 ns, Total: 246609 ns
[19.715s][info ][safepoint      ] Safepoint "ICBufferFull", Time since last: 82203 ns, Reaching safepoint: 76802 ns, Cleanup: 2100 ns, At safepoint: 9801 ns, Total: 88703 ns
[19.881s][info ][safepoint      ] Safepoint "ICBufferFull", Time since last: 166635936 ns, Reaching safepoint: 6400 ns, Cleanup: 153706 ns, At safepoint: 9000 ns, Total: 169106 ns
[20.018s][info ][safepoint      ] Safepoint "ICBufferFull", Time since last: 135948225 ns, Reaching safepoint: 5800 ns, Cleanup: 144205 ns, At safepoint: 1900 ns, Total: 151905 ns
[20.234s][info ][safepoint      ] Safepoint "ICBufferFull", Time since last: 215860520 ns, Reaching safepoint: 59202 ns, Cleanup: 159606 ns, At safepoint: 12100 ns, Total: 230908 ns
[20.427s][info ][safepoint      ] Safepoint "ICBufferFull", Time since last: 193111796 ns, Reaching safepoint: 99803 ns, Cleanup: 144106 ns, At safepoint: 14400 ns, Total: 258309 ns
[20.631s][info ][safepoint      ] Safepoint "ICBufferFull", Time since last: 204169496 ns, Reaching safepoint: 89003 ns, Cleanup: 181707 ns, At safepoint: 21101 ns, Total: 291811 ns
[20.925s][info ][safepoint      ] Safepoint "ICBufferFull", Time since last: 293506432 ns, Reaching safepoint: 81203 ns, Cleanup: 135905 ns, At safepoint: 19700 ns, Total: 236808 ns
[21.408s][info ][safepoint      ] Safepoint "ICBufferFull", Time since last: 482540780 ns, Reaching safepoint: 92804 ns, Cleanup: 158806 ns, At safepoint: 10800 ns, Total: 262410 ns
[21.706s][info ][safepoint      ] Safepoint "ICBufferFull", Time since last: 297783387 ns, Reaching safepoint: 7500 ns, Cleanup: 137605 ns, At safepoint: 10501 ns, Total: 155606 ns
[21.974s][info ][safepoint      ] Safepoint "ICBufferFull", Time since last: 268322420 ns, Reaching safepoint: 84603 ns, Cleanup: 130004 ns, At safepoint: 12701 ns, Total: 227308 ns
[22.364s][info ][safepoint      ] Safepoint "ICBufferFull", Time since last: 389150997 ns, Reaching safepoint: 86103 ns, Cleanup: 139705 ns, At safepoint: 13501 ns, Total: 239309 ns
[22.408s][info ][gc,start       ] GC(8) Pause Young (Allocation Failure)
[22.491s][debug][gc,phases      ] GC(8) Scavenge 83.571ms
[22.492s][debug][gc,ref         ] GC(8) ReferenceProcessor::execute queues: 4, RefProcThreadModel::Multi, marks_oops_alive: false
[22.492s][debug][gc,ref         ] GC(8) ReferenceProcessor::execute queues: 4, RefProcThreadModel::Multi, marks_oops_alive: true
[22.492s][debug][gc,ref         ] GC(8) ReferenceProcessor::execute queues: 1, RefProcThreadModel::Single, marks_oops_alive: false
[22.492s][debug][gc,phases      ] GC(8) Reference Processing 0.966ms
[22.493s][debug][gc,phases      ] GC(8)   VM Weak                        Min:  0.0, Avg:  0.0, Max:  0.0, Diff:  0.0, Sum:  0.0, Workers: 4
[22.493s][debug][gc,phases      ] GC(8)     Dead                           Min: 0, Avg:  0.0, Max: 0, Diff: 0, Sum: 0, Workers: 4
[22.493s][debug][gc,phases      ] GC(8)     Total                          Min: 0, Avg: 232.0, Max: 480, Diff: 480, Sum: 928, Workers: 4
[22.493s][debug][gc,phases      ] GC(8)   ObjectSynchronizer Weak        Min:  0.0, Avg:  0.0, Max:  0.0, Diff:  0.0, Sum:  0.0, Workers: 4
[22.493s][debug][gc,phases      ] GC(8)     Dead                           Min: 0, Avg:  1.0, Max: 4, Diff: 4, Sum: 4, Workers: 4
[22.493s][debug][gc,phases      ] GC(8)     Total                          Min: 0, Avg: 18.0, Max: 64, Diff: 64, Sum: 72, Workers: 4
[22.493s][debug][gc,phases      ] GC(8)   JVMTI Tag Weak OopStorage      Min:  0.0, Avg:  0.0, Max:  0.0, Diff:  0.0, Sum:  0.0, Workers: 4
[22.493s][debug][gc,phases      ] GC(8)     Dead                           Min: 0, Avg:  0.0, Max: 0, Diff: 0, Sum: 0, Workers: 4
[22.493s][debug][gc,phases      ] GC(8)     Total                          Min: 0, Avg:  0.0, Max: 0, Diff: 0, Sum: 0, Workers: 4
[22.493s][debug][gc,phases      ] GC(8)   StringTable Weak               Min:  0.0, Avg:  0.5, Max:  0.6, Diff:  0.6, Sum:  1.8, Workers: 4
[22.493s][debug][gc,phases      ] GC(8)     Dead                           Min: 0, Avg:  1.5, Max: 4, Diff: 4, Sum: 6, Workers: 4
[22.493s][debug][gc,phases      ] GC(8)     Total                          Min: 0, Avg: 11130.5, Max: 15744, Diff: 15744, Sum: 44522, Workers: 4
[22.493s][debug][gc,phases      ] GC(8)   ResolvedMethodTable Weak       Min:  0.0, Avg:  0.2, Max:  0.2, Diff:  0.2, Sum:  0.6, Workers: 4
[22.493s][debug][gc,phases      ] GC(8)     Dead                           Min: 34, Avg: 49.0, Max: 74, Diff: 40, Sum: 196, Workers: 4
[22.493s][debug][gc,phases      ] GC(8)     Total                          Min: 795, Avg: 3595.2, Max: 4605, Diff: 3810, Sum: 14381, Workers: 4
[22.493s][debug][gc,phases      ] GC(8)   JNI Weak                       Min:  0.0, Avg:  0.0, Max:  0.0, Diff:  0.0, Sum:  0.0, Workers: 4
[22.493s][debug][gc,phases      ] GC(8)     Dead                           Min: 0, Avg:  0.0, Max: 0, Diff: 0, Sum: 0, Workers: 4
[22.493s][debug][gc,phases      ] GC(8)     Total                          Min: 0, Avg: 18.5, Max: 52, Diff: 52, Sum: 74, Workers: 4
[22.493s][debug][gc,phases      ] GC(8)   StringDedup Table Weak         Min:  0.0, Avg:  0.0, Max:  0.0, Diff:  0.0, Sum:  0.0, Workers: 4
[22.493s][debug][gc,phases      ] GC(8)     Dead                           Min: 0, Avg:  0.0, Max: 0, Diff: 0, Sum: 0, Workers: 4
[22.493s][debug][gc,phases      ] GC(8)     Total                          Min: 0, Avg:  0.0, Max: 0, Diff: 0, Sum: 0, Workers: 4
[22.493s][debug][gc,phases      ] GC(8)   StringDedup Requests0 Weak     Min:  0.0, Avg:  0.0, Max:  0.0, Diff:  0.0, Sum:  0.0, Workers: 4
[22.493s][debug][gc,phases      ] GC(8)     Dead                           Min: 0, Avg:  0.0, Max: 0, Diff: 0, Sum: 0, Workers: 4
[22.493s][debug][gc,phases      ] GC(8)     Total                          Min: 0, Avg:  0.0, Max: 0, Diff: 0, Sum: 0, Workers: 4
[22.493s][debug][gc,phases      ] GC(8)   StringDedup Requests1 Weak     Min:  0.0, Avg:  0.0, Max:  0.0, Diff:  0.0, Sum:  0.0, Workers: 4
[22.493s][debug][gc,phases      ] GC(8)     Dead                           Min: 0, Avg:  0.0, Max: 0, Diff: 0, Sum: 0, Workers: 4
[22.493s][debug][gc,phases      ] GC(8)     Total                          Min: 0, Avg:  0.0, Max: 0, Diff: 0, Sum: 0, Workers: 4
[22.493s][debug][gc,phases      ] GC(8)   Weak JFR Old Object Samples    Min:  0.0, Avg:  0.0, Max:  0.0, Diff:  0.0, Sum:  0.0, Workers: 4
[22.493s][debug][gc,phases      ] GC(8)     Dead                           Min: 0, Avg:  0.0, Max: 0, Diff: 0, Sum: 0, Workers: 4
[22.493s][debug][gc,phases      ] GC(8)     Total                          Min: 0, Avg:  0.0, Max: 0, Diff: 0, Sum: 0, Workers: 4
[22.493s][debug][gc,phases      ] GC(8) Weak Processing 1.051ms
[22.493s][debug][gc,age         ] GC(8) Desired survivor size 198180864 bytes, new threshold 6 (max threshold 15)
[22.493s][info ][gc,heap        ] GC(8) PSYoungGen: 1166495K(1572864K)->183722K(1572864K) Eden: 1048576K(1048576K)->0K(1048576K) From: 117919K(524288K)->183722K(524288K)
[22.493s][info ][gc,heap        ] GC(8) ParOldGen: 6290K(6656K)->6327K(6656K)
[22.493s][info ][gc,metaspace   ] GC(8) Metaspace: 101126K(102400K)->101126K(102400K) NonClass: 85500K(86208K)->85500K(86208K) Class: 15625K(16192K)->15625K(16192K)
[22.493s][info ][gc             ] GC(8) Pause Young (Allocation Failure) 1145M->185M(1542M) 85.743ms
[22.494s][info ][gc,cpu         ] GC(8) User=0.30s Sys=0.03s Real=0.08s
[22.494s][info ][safepoint      ] Safepoint "ParallelGCFailedAllocation", Time since last: 43785286 ns, Reaching safepoint: 7600 ns, Cleanup: 22801 ns, At safepoint: 85851010 ns, Total: 85881411 ns
[23.441s][info ][safepoint      ] Safepoint "ICBufferFull", Time since last: 947755432 ns, Reaching safepoint: 8300 ns, Cleanup: 169406 ns, At safepoint: 15601 ns, Total: 193307 ns
[24.230s][info ][safepoint      ] Safepoint "ICBufferFull", Time since last: 788264855 ns, Reaching safepoint: 7600 ns, Cleanup: 146105 ns, At safepoint: 12201 ns, Total: 165906 ns
[25.211s][info ][safepoint      ] Safepoint "ICBufferFull", Time since last: 980667124 ns, Reaching safepoint: 82003 ns, Cleanup: 149506 ns, At safepoint: 8900 ns, Total: 240409 ns
[25.511s][info ][safepoint      ] Safepoint "ICBufferFull", Time since last: 300268777 ns, Reaching safepoint: 7100 ns, Cleanup: 122505 ns, At safepoint: 2400 ns, Total: 132005 ns
[26.072s][info ][safepoint      ] Safepoint "ICBufferFull", Time since last: 560960421 ns, Reaching safepoint: 85003 ns, Cleanup: 145205 ns, At safepoint: 14300 ns, Total: 244508 ns
[26.466s][info ][safepoint      ] Safepoint "ICBufferFull", Time since last: 393813366 ns, Reaching safepoint: 8001 ns, Cleanup: 143405 ns, At safepoint: 6900 ns, Total: 158306 ns
[27.420s][info ][safepoint      ] Safepoint "ICBufferFull", Time since last: 953375732 ns, Reaching safepoint: 79002 ns, Cleanup: 143106 ns, At safepoint: 8900 ns, Total: 231008 ns
[27.766s][info ][gc,start       ] GC(9) Pause Young (Allocation Failure)
[27.863s][debug][gc,phases      ] GC(9) Scavenge 96.921ms
[27.863s][debug][gc,ref         ] GC(9) ReferenceProcessor::execute queues: 4, RefProcThreadModel::Multi, marks_oops_alive: false
[27.864s][debug][gc,ref         ] GC(9) ReferenceProcessor::execute queues: 4, RefProcThreadModel::Multi, marks_oops_alive: true
[27.864s][debug][gc,ref         ] GC(9) ReferenceProcessor::execute queues: 1, RefProcThreadModel::Single, marks_oops_alive: false
[27.864s][debug][gc,phases      ] GC(9) Reference Processing 1.106ms
[27.865s][debug][gc,phases      ] GC(9)   VM Weak                        Min:  0.0, Avg:  0.0, Max:  0.0, Diff:  0.0, Sum:  0.0, Workers: 4
[27.865s][debug][gc,phases      ] GC(9)     Dead                           Min: 0, Avg:  0.0, Max: 0, Diff: 0, Sum: 0, Workers: 4
[27.865s][debug][gc,phases      ] GC(9)     Total                          Min: 64, Avg: 233.8, Max: 448, Diff: 384, Sum: 935, Workers: 4
[27.865s][debug][gc,phases      ] GC(9)   ObjectSynchronizer Weak        Min:  0.0, Avg:  0.0, Max:  0.0, Diff:  0.0, Sum:  0.0, Workers: 4
[27.865s][debug][gc,phases      ] GC(9)     Dead                           Min: 0, Avg:  0.0, Max: 0, Diff: 0, Sum: 0, Workers: 4
[27.865s][debug][gc,phases      ] GC(9)     Total                          Min: 0, Avg: 18.0, Max: 64, Diff: 64, Sum: 72, Workers: 4
[27.865s][debug][gc,phases      ] GC(9)   JVMTI Tag Weak OopStorage      Min:  0.0, Avg:  0.0, Max:  0.0, Diff:  0.0, Sum:  0.0, Workers: 4
[27.865s][debug][gc,phases      ] GC(9)     Dead                           Min: 0, Avg:  0.0, Max: 0, Diff: 0, Sum: 0, Workers: 4
[27.865s][debug][gc,phases      ] GC(9)     Total                          Min: 0, Avg:  0.0, Max: 0, Diff: 0, Sum: 0, Workers: 4
[27.865s][debug][gc,phases      ] GC(9)   StringTable Weak               Min:  0.4, Avg:  0.4, Max:  0.5, Diff:  0.0, Sum:  1.8, Workers: 4
[27.865s][debug][gc,phases      ] GC(9)     Dead                           Min: 0, Avg:  1.0, Max: 3, Diff: 3, Sum: 4, Workers: 4
[27.865s][debug][gc,phases      ] GC(9)     Total                          Min: 10788, Avg: 11240.8, Max: 12287, Diff: 1499, Sum: 44963, Workers: 4
[27.865s][debug][gc,phases      ] GC(9)   ResolvedMethodTable Weak       Min:  0.1, Avg:  0.1, Max:  0.2, Diff:  0.0, Sum:  0.6, Workers: 4
[27.865s][debug][gc,phases      ] GC(9)     Dead                           Min: 0, Avg: 14.5, Max: 33, Diff: 33, Sum: 58, Workers: 4
[27.865s][debug][gc,phases      ] GC(9)     Total                          Min: 2707, Avg: 3631.5, Max: 4061, Diff: 1354, Sum: 14526, Workers: 4
[27.865s][debug][gc,phases      ] GC(9)   JNI Weak                       Min:  0.0, Avg:  0.0, Max:  0.0, Diff:  0.0, Sum:  0.0, Workers: 4
[27.865s][debug][gc,phases      ] GC(9)     Dead                           Min: 0, Avg:  0.0, Max: 0, Diff: 0, Sum: 0, Workers: 4
[27.865s][debug][gc,phases      ] GC(9)     Total                          Min: 0, Avg: 15.2, Max: 61, Diff: 61, Sum: 61, Workers: 4
[27.865s][debug][gc,phases      ] GC(9)   StringDedup Table Weak         Min:  0.0, Avg:  0.0, Max:  0.0, Diff:  0.0, Sum:  0.0, Workers: 4
[27.865s][debug][gc,phases      ] GC(9)     Dead                           Min: 0, Avg:  0.0, Max: 0, Diff: 0, Sum: 0, Workers: 4
[27.865s][debug][gc,phases      ] GC(9)     Total                          Min: 0, Avg:  0.0, Max: 0, Diff: 0, Sum: 0, Workers: 4
[27.865s][debug][gc,phases      ] GC(9)   StringDedup Requests0 Weak     Min:  0.0, Avg:  0.0, Max:  0.0, Diff:  0.0, Sum:  0.0, Workers: 4
[27.865s][debug][gc,phases      ] GC(9)     Dead                           Min: 0, Avg:  0.0, Max: 0, Diff: 0, Sum: 0, Workers: 4
[27.865s][debug][gc,phases      ] GC(9)     Total                          Min: 0, Avg:  0.0, Max: 0, Diff: 0, Sum: 0, Workers: 4
[27.865s][debug][gc,phases      ] GC(9)   StringDedup Requests1 Weak     Min:  0.0, Avg:  0.0, Max:  0.0, Diff:  0.0, Sum:  0.0, Workers: 4
[27.865s][debug][gc,phases      ] GC(9)     Dead                           Min: 0, Avg:  0.0, Max: 0, Diff: 0, Sum: 0, Workers: 4
[27.865s][debug][gc,phases      ] GC(9)     Total                          Min: 0, Avg:  0.0, Max: 0, Diff: 0, Sum: 0, Workers: 4
[27.865s][debug][gc,phases      ] GC(9)   Weak JFR Old Object Samples    Min:  0.0, Avg:  0.0, Max:  0.0, Diff:  0.0, Sum:  0.0, Workers: 4
[27.865s][debug][gc,phases      ] GC(9)     Dead                           Min: 0, Avg:  0.0, Max: 0, Diff: 0, Sum: 0, Workers: 4
[27.865s][debug][gc,phases      ] GC(9)     Total                          Min: 0, Avg:  0.0, Max: 0, Diff: 0, Sum: 0, Workers: 4
[27.865s][debug][gc,phases      ] GC(9) Weak Processing 0.825ms
[27.865s][debug][gc,age         ] GC(9) Desired survivor size 245891072 bytes, new threshold 5 (max threshold 15)
[27.865s][info ][gc,heap        ] GC(9) PSYoungGen: 1232298K(1572864K)->193526K(1810432K) Eden: 1048576K(1048576K)->0K(1616896K) From: 183722K(524288K)->193526K(193536K)
[27.865s][info ][gc,heap        ] GC(9) ParOldGen: 6327K(6656K)->17775K(17920K)
[27.865s][info ][gc,metaspace   ] GC(9) Metaspace: 102140K(103424K)->102140K(103424K) NonClass: 86435K(87168K)->86435K(87168K) Class: 15704K(16256K)->15704K(16256K)
[27.865s][info ][gc             ] GC(9) Pause Young (Allocation Failure) 1209M->206M(1785M) 99.001ms
[27.865s][info ][gc,cpu         ] GC(9) User=0.27s Sys=0.09s Real=0.10s
[27.865s][info ][safepoint      ] Safepoint "ParallelGCFailedAllocation", Time since last: 345806214 ns, Reaching safepoint: 8400 ns, Cleanup: 41602 ns, At safepoint: 99153088 ns, Total: 99203090 ns
[28.865s][info ][safepoint      ] Safepoint "Cleanup", Time since last: 1000099491 ns, Reaching safepoint: 84103 ns, Cleanup: 94904 ns, At safepoint: 6400 ns, Total: 185407 ns
[29.866s][info ][safepoint      ] Safepoint "Cleanup", Time since last: 1000124092 ns, Reaching safepoint: 82403 ns, Cleanup: 34801 ns, At safepoint: 8601 ns, Total: 125805 ns
[30.866s][info ][safepoint      ] Safepoint "Cleanup", Time since last: 1000109991 ns, Reaching safepoint: 78903 ns, Cleanup: 52902 ns, At safepoint: 6000 ns, Total: 137805 ns
[31.866s][info ][safepoint      ] Safepoint "Cleanup", Time since last: 1000122492 ns, Reaching safepoint: 81203 ns, Cleanup: 47802 ns, At safepoint: 10500 ns, Total: 139505 ns
[32.866s][info ][safepoint      ] Safepoint "Cleanup", Time since last: 1000126693 ns, Reaching safepoint: 82503 ns, Cleanup: 37601 ns, At safepoint: 8100 ns, Total: 128204 ns
[33.867s][info ][safepoint      ] Safepoint "Cleanup", Time since last: 1000122092 ns, Reaching safepoint: 84603 ns, Cleanup: 34802 ns, At safepoint: 12700 ns, Total: 132105 ns
[34.867s][info ][safepoint      ] Safepoint "Cleanup", Time since last: 1000119792 ns, Reaching safepoint: 6000 ns, Cleanup: 45102 ns, At safepoint: 2100 ns, Total: 53202 ns
[35.867s][info ][safepoint      ] Safepoint "Cleanup", Time since last: 1000118540 ns, Reaching safepoint: 82903 ns, Cleanup: 14400 ns, At safepoint: 11201 ns, Total: 108504 ns
[36.867s][info ][safepoint      ] Safepoint "Cleanup", Time since last: 1000137178 ns, Reaching safepoint: 6801 ns, Cleanup: 33401 ns, At safepoint: 2200 ns, Total: 42402 ns
[37.867s][info ][safepoint      ] Safepoint "Cleanup", Time since last: 1000112778 ns, Reaching safepoint: 7700 ns, Cleanup: 41801 ns, At safepoint: 2701 ns, Total: 52202 ns
[38.867s][info ][safepoint      ] Safepoint "Cleanup", Time since last: 1000112177 ns, Reaching safepoint: 7401 ns, Cleanup: 9300 ns, At safepoint: 2500 ns, Total: 19201 ns
[39.868s][info ][safepoint      ] Safepoint "Cleanup", Time since last: 1000122278 ns, Reaching safepoint: 87404 ns, Cleanup: 32701 ns, At safepoint: 7300 ns, Total: 127405 ns
[40.868s][info ][safepoint      ] Safepoint "Cleanup", Time since last: 1000124478 ns, Reaching safepoint: 8501 ns, Cleanup: 29801 ns, At safepoint: 29901 ns, Total: 68203 ns
[41.868s][info ][safepoint      ] Safepoint "Cleanup", Time since last: 1000112178 ns, Reaching safepoint: 6600 ns, Cleanup: 19201 ns, At safepoint: 2300 ns, Total: 28101 ns
[42.868s][info ][safepoint      ] Safepoint "Cleanup", Time since last: 1000140778 ns, Reaching safepoint: 6001 ns, Cleanup: 14200 ns, At safepoint: 1800 ns, Total: 22001 ns
[44.680s][info ][safepoint      ] Safepoint "Cleanup", Time since last: 1811677593 ns, Reaching safepoint: 6900 ns, Cleanup: 114104 ns, At safepoint: 2300 ns, Total: 123304 ns
[45.680s][info ][safepoint      ] Safepoint "Cleanup", Time since last: 1000107986 ns, Reaching safepoint: 6001 ns, Cleanup: 50501 ns, At safepoint: 2201 ns, Total: 58703 ns
[46.680s][info ][safepoint      ] Safepoint "Cleanup", Time since last: 1000110686 ns, Reaching safepoint: 6500 ns, Cleanup: 58502 ns, At safepoint: 2100 ns, Total: 67102 ns
[47.680s][info ][safepoint      ] Safepoint "Cleanup", Time since last: 1000108587 ns, Reaching safepoint: 6000 ns, Cleanup: 12500 ns, At safepoint: 2100 ns, Total: 20600 ns
[48.681s][info ][safepoint      ] Safepoint "Cleanup", Time since last: 1000113087 ns, Reaching safepoint: 6700 ns, Cleanup: 41401 ns, At safepoint: 2101 ns, Total: 50202 ns
[49.681s][info ][safepoint      ] Safepoint "Cleanup", Time since last: 1000111186 ns, Reaching safepoint: 6400 ns, Cleanup: 20201 ns, At safepoint: 2000 ns, Total: 28601 ns
[50.813s][info ][safepoint      ] Safepoint "Cleanup", Time since last: 1132316470 ns, Reaching safepoint: 81503 ns, Cleanup: 83603 ns, At safepoint: 8400 ns, Total: 173506 ns
[51.814s][info ][safepoint      ] Safepoint "Cleanup", Time since last: 1000123637 ns, Reaching safepoint: 81003 ns, Cleanup: 45101 ns, At safepoint: 7501 ns, Total: 133605 ns
[52.814s][info ][safepoint      ] Safepoint "Cleanup", Time since last: 1000125891 ns, Reaching safepoint: 82403 ns, Cleanup: 14200 ns, At safepoint: 7001 ns, Total: 103604 ns
[53.814s][info ][safepoint      ] Safepoint "Cleanup", Time since last: 1000126991 ns, Reaching safepoint: 78903 ns, Cleanup: 43401 ns, At safepoint: 6200 ns, Total: 128504 ns
[54.814s][info ][safepoint      ] Safepoint "Cleanup", Time since last: 1000125091 ns, Reaching safepoint: 80603 ns, Cleanup: 33502 ns, At safepoint: 6400 ns, Total: 120505 ns
[55.814s][info ][safepoint      ] Safepoint "Cleanup", Time since last: 1000115391 ns, Reaching safepoint: 79102 ns, Cleanup: 35802 ns, At safepoint: 6800 ns, Total: 121704 ns
[56.815s][info ][safepoint      ] Safepoint "Cleanup", Time since last: 1000126791 ns, Reaching safepoint: 84003 ns, Cleanup: 51002 ns, At safepoint: 9200 ns, Total: 144205 ns
[57.815s][info ][safepoint      ] Safepoint "Cleanup", Time since last: 1000117191 ns, Reaching safepoint: 80403 ns, Cleanup: 123705 ns, At safepoint: 8400 ns, Total: 212508 ns
[58.815s][info ][safepoint      ] Safepoint "Cleanup", Time since last: 1000120491 ns, Reaching safepoint: 80203 ns, Cleanup: 64902 ns, At safepoint: 8700 ns, Total: 153805 ns
[59.816s][info ][safepoint      ] Safepoint "Cleanup", Time since last: 1000151763 ns, Reaching safepoint: 82003 ns, Cleanup: 109804 ns, At safepoint: 5800 ns, Total: 197607 ns
[61.047s][info ][safepoint      ] Safepoint "Cleanup", Time since last: 1231302702 ns, Reaching safepoint: 8300 ns, Cleanup: 111604 ns, At safepoint: 2600 ns, Total: 122504 ns
[62.047s][info ][safepoint      ] Safepoint "Cleanup", Time since last: 1000120128 ns, Reaching safepoint: 8100 ns, Cleanup: 22201 ns, At safepoint: 2300 ns, Total: 32601 ns
[63.047s][info ][safepoint      ] Safepoint "Cleanup", Time since last: 1000117227 ns, Reaching safepoint: 7301 ns, Cleanup: 31601 ns, At safepoint: 2700 ns, Total: 41602 ns
[64.048s][info ][safepoint      ] Safepoint "Cleanup", Time since last: 1000130428 ns, Reaching safepoint: 9300 ns, Cleanup: 19101 ns, At safepoint: 2800 ns, Total: 31201 ns
[65.048s][info ][safepoint      ] Safepoint "Cleanup", Time since last: 1000124028 ns, Reaching safepoint: 7900 ns, Cleanup: 16301 ns, At safepoint: 2400 ns, Total: 26601 ns
[66.048s][info ][safepoint      ] Safepoint "Cleanup", Time since last: 1000131628 ns, Reaching safepoint: 12200 ns, Cleanup: 28601 ns, At safepoint: 3001 ns, Total: 43802 ns
[67.048s][info ][safepoint      ] Safepoint "Cleanup", Time since last: 1000128728 ns, Reaching safepoint: 10400 ns, Cleanup: 23501 ns, At safepoint: 2800 ns, Total: 36701 ns
[68.048s][info ][safepoint      ] Safepoint "Cleanup", Time since last: 1000112198 ns, Reaching safepoint: 7800 ns, Cleanup: 20901 ns, At safepoint: 2400 ns, Total: 31101 ns
[69.048s][info ][safepoint      ] Safepoint "Cleanup", Time since last: 1000120386 ns, Reaching safepoint: 8300 ns, Cleanup: 39402 ns, At safepoint: 2800 ns, Total: 50502 ns
[70.049s][info ][safepoint      ] Safepoint "Cleanup", Time since last: 1000123086 ns, Reaching safepoint: 9100 ns, Cleanup: 32201 ns, At safepoint: 2700 ns, Total: 44001 ns
[71.049s][info ][safepoint      ] Safepoint "Cleanup", Time since last: 1000119486 ns, Reaching safepoint: 8001 ns, Cleanup: 15000 ns, At safepoint: 2500 ns, Total: 25501 ns
[72.049s][info ][safepoint      ] Safepoint "Cleanup", Time since last: 1000119486 ns, Reaching safepoint: 9100 ns, Cleanup: 21601 ns, At safepoint: 2600 ns, Total: 33301 ns
[73.049s][info ][safepoint      ] Safepoint "Cleanup", Time since last: 1000118186 ns, Reaching safepoint: 8900 ns, Cleanup: 37002 ns, At safepoint: 2700 ns, Total: 48602 ns
[74.049s][info ][safepoint      ] Safepoint "Cleanup", Time since last: 1000107885 ns, Reaching safepoint: 5900 ns, Cleanup: 26201 ns, At safepoint: 1900 ns, Total: 34001 ns
[75.049s][info ][safepoint      ] Safepoint "Cleanup", Time since last: 1000111286 ns, Reaching safepoint: 8100 ns, Cleanup: 36101 ns, At safepoint: 2500 ns, Total: 46701 ns
[76.050s][info ][safepoint      ] Safepoint "Cleanup", Time since last: 1000126672 ns, Reaching safepoint: 8300 ns, Cleanup: 25901 ns, At safepoint: 2700 ns, Total: 36901 ns
[76.863s][info ][gc,start       ] GC(10) Pause Young (Allocation Failure)
[76.949s][debug][gc,phases      ] GC(10) Scavenge 86.611ms
[76.950s][debug][gc,ref         ] GC(10) ReferenceProcessor::execute queues: 4, RefProcThreadModel::Multi, marks_oops_alive: false
[76.950s][debug][gc,ref         ] GC(10) Skipped KeepAliveFinalRefsPhase of Reference Processing: no references
[76.950s][debug][gc,ref         ] GC(10) ReferenceProcessor::execute queues: 1, RefProcThreadModel::Single, marks_oops_alive: false
[76.950s][debug][gc,phases      ] GC(10) Reference Processing 0.971ms
[76.951s][debug][gc,phases      ] GC(10)   VM Weak                        Min:  0.0, Avg:  0.0, Max:  0.0, Diff:  0.0, Sum:  0.0, Workers: 4
[76.951s][debug][gc,phases      ] GC(10)     Dead                           Min: 0, Avg:  0.0, Max: 0, Diff: 0, Sum: 0, Workers: 4
[76.951s][debug][gc,phases      ] GC(10)     Total                          Min: 0, Avg: 237.8, Max: 512, Diff: 512, Sum: 951, Workers: 4
[76.951s][debug][gc,phases      ] GC(10)   ObjectSynchronizer Weak        Min:  0.0, Avg:  0.0, Max:  0.0, Diff:  0.0, Sum:  0.0, Workers: 4
[76.951s][debug][gc,phases      ] GC(10)     Dead                           Min: 0, Avg:  0.0, Max: 0, Diff: 0, Sum: 0, Workers: 4
[76.951s][debug][gc,phases      ] GC(10)     Total                          Min: 0, Avg:  0.8, Max: 3, Diff: 3, Sum: 3, Workers: 4
[76.951s][debug][gc,phases      ] GC(10)   JVMTI Tag Weak OopStorage      Min:  0.0, Avg:  0.0, Max:  0.0, Diff:  0.0, Sum:  0.0, Workers: 4
[76.951s][debug][gc,phases      ] GC(10)     Dead                           Min: 0, Avg:  0.0, Max: 0, Diff: 0, Sum: 0, Workers: 4
[76.951s][debug][gc,phases      ] GC(10)     Total                          Min: 0, Avg:  0.0, Max: 0, Diff: 0, Sum: 0, Workers: 4
[76.951s][debug][gc,phases      ] GC(10)   StringTable Weak               Min:  0.0, Avg:  0.4, Max:  0.5, Diff:  0.5, Sum:  1.6, Workers: 4
[76.951s][debug][gc,phases      ] GC(10)     Dead                           Min: 0, Avg:  1.0, Max: 3, Diff: 3, Sum: 4, Workers: 4
[76.951s][debug][gc,phases      ] GC(10)     Total                          Min: 0, Avg: 11349.0, Max: 19220, Diff: 19220, Sum: 45396, Workers: 4
[76.951s][debug][gc,phases      ] GC(10)   ResolvedMethodTable Weak       Min:  0.0, Avg:  0.1, Max:  0.2, Diff:  0.2, Sum:  0.5, Workers: 4
[76.951s][debug][gc,phases      ] GC(10)     Dead                           Min: 0, Avg: 14.2, Max: 30, Diff: 30, Sum: 57, Workers: 4
[76.951s][debug][gc,phases      ] GC(10)     Total                          Min: 0, Avg: 3681.0, Max: 6208, Diff: 6208, Sum: 14724, Workers: 4
[76.951s][debug][gc,phases      ] GC(10)   JNI Weak                       Min:  0.0, Avg:  0.0, Max:  0.0, Diff:  0.0, Sum:  0.0, Workers: 4
[76.951s][debug][gc,phases      ] GC(10)     Dead                           Min: 0, Avg:  0.0, Max: 0, Diff: 0, Sum: 0, Workers: 4
[76.951s][debug][gc,phases      ] GC(10)     Total                          Min: 0, Avg: 13.0, Max: 52, Diff: 52, Sum: 52, Workers: 4
[76.951s][debug][gc,phases      ] GC(10)   StringDedup Table Weak         Min:  0.0, Avg:  0.0, Max:  0.0, Diff:  0.0, Sum:  0.0, Workers: 4
[76.951s][debug][gc,phases      ] GC(10)     Dead                           Min: 0, Avg:  0.0, Max: 0, Diff: 0, Sum: 0, Workers: 4
[76.951s][debug][gc,phases      ] GC(10)     Total                          Min: 0, Avg:  0.0, Max: 0, Diff: 0, Sum: 0, Workers: 4
[76.951s][debug][gc,phases      ] GC(10)   StringDedup Requests0 Weak     Min:  0.0, Avg:  0.0, Max:  0.0, Diff:  0.0, Sum:  0.0, Workers: 4
[76.951s][debug][gc,phases      ] GC(10)     Dead                           Min: 0, Avg:  0.0, Max: 0, Diff: 0, Sum: 0, Workers: 4
[76.951s][debug][gc,phases      ] GC(10)     Total                          Min: 0, Avg:  0.0, Max: 0, Diff: 0, Sum: 0, Workers: 4
[76.951s][debug][gc,phases      ] GC(10)   StringDedup Requests1 Weak     Min:  0.0, Avg:  0.0, Max:  0.0, Diff:  0.0, Sum:  0.0, Workers: 4
[76.951s][debug][gc,phases      ] GC(10)     Dead                           Min: 0, Avg:  0.0, Max: 0, Diff: 0, Sum: 0, Workers: 4
[76.951s][debug][gc,phases      ] GC(10)     Total                          Min: 0, Avg:  0.0, Max: 0, Diff: 0, Sum: 0, Workers: 4
[76.951s][debug][gc,phases      ] GC(10)   Weak JFR Old Object Samples    Min:  0.0, Avg:  0.0, Max:  0.0, Diff:  0.0, Sum:  0.0, Workers: 4
[76.951s][debug][gc,phases      ] GC(10)     Dead                           Min: 0, Avg:  0.0, Max: 0, Diff: 0, Sum: 0, Workers: 4
[76.951s][debug][gc,phases      ] GC(10)     Total                          Min: 0, Avg:  0.0, Max: 0, Diff: 0, Sum: 0, Workers: 4
[76.951s][debug][gc,phases      ] GC(10) Weak Processing 0.965ms
[76.951s][debug][gc,age         ] GC(10) Desired survivor size 244842496 bytes, new threshold 4 (max threshold 15)
[76.951s][info ][gc,heap        ] GC(10) PSYoungGen: 1810422K(1810432K)->145812K(1857024K) Eden: 1616896K(1616896K)->0K(1616896K) From: 193526K(193536K)->145812K(240128K)
[76.952s][info ][gc,heap        ] GC(10) ParOldGen: 17775K(17920K)->71843K(72704K)
[76.952s][info ][gc,metaspace   ] GC(10) Metaspace: 103198K(104448K)->103198K(104448K) NonClass: 87401K(88128K)->87401K(88128K) Class: 15796K(16320K)->15796K(16320K)
[76.952s][info ][gc             ] GC(10) Pause Young (Allocation Failure) 1785M->212M(1884M) 88.749ms
[76.952s][info ][gc,cpu         ] GC(10) User=0.25s Sys=0.08s Real=0.09s
[76.952s][info ][safepoint      ] Safepoint "ParallelGCFailedAllocation", Time since last: 813229726 ns, Reaching safepoint: 7500 ns, Cleanup: 9700 ns, At safepoint: 88835725 ns, Total: 88852925 ns
[77.952s][info ][safepoint      ] Safepoint "Cleanup", Time since last: 1000106410 ns, Reaching safepoint: 10401 ns, Cleanup: 20100 ns, At safepoint: 2800 ns, Total: 33301 ns
[78.952s][info ][safepoint      ] Safepoint "Cleanup", Time since last: 1000122311 ns, Reaching safepoint: 8300 ns, Cleanup: 11600 ns, At safepoint: 2701 ns, Total: 22601 ns
[79.952s][info ][safepoint      ] Safepoint "Cleanup", Time since last: 1000116710 ns, Reaching safepoint: 7200 ns, Cleanup: 12700 ns, At safepoint: 2301 ns, Total: 22201 ns
[80.952s][info ][safepoint      ] Safepoint "Cleanup", Time since last: 1000116110 ns, Reaching safepoint: 8000 ns, Cleanup: 19801 ns, At safepoint: 2500 ns, Total: 30301 ns
[81.952s][info ][safepoint      ] Safepoint "Cleanup", Time since last: 1000120410 ns, Reaching safepoint: 8000 ns, Cleanup: 11201 ns, At safepoint: 2700 ns, Total: 21901 ns
[82.952s][info ][safepoint      ] Safepoint "Cleanup", Time since last: 1000118810 ns, Reaching safepoint: 7500 ns, Cleanup: 15101 ns, At safepoint: 2200 ns, Total: 24801 ns
[83.953s][info ][safepoint      ] Safepoint "Cleanup", Time since last: 1000134837 ns, Reaching safepoint: 7600 ns, Cleanup: 11900 ns, At safepoint: 2300 ns, Total: 21800 ns
[84.953s][info ][safepoint      ] Safepoint "Cleanup", Time since last: 1000117984 ns, Reaching safepoint: 7700 ns, Cleanup: 19300 ns, At safepoint: 2701 ns, Total: 29701 ns
[85.953s][info ][safepoint      ] Safepoint "Cleanup", Time since last: 1000119083 ns, Reaching safepoint: 7400 ns, Cleanup: 12800 ns, At safepoint: 2400 ns, Total: 22600 ns
[86.953s][info ][safepoint      ] Safepoint "Cleanup", Time since last: 1000147985 ns, Reaching safepoint: 10000 ns, Cleanup: 24601 ns, At safepoint: 3400 ns, Total: 38001 ns
[87.953s][info ][safepoint      ] Safepoint "Cleanup", Time since last: 1000133784 ns, Reaching safepoint: 6200 ns, Cleanup: 21701 ns, At safepoint: 2200 ns, Total: 30101 ns
[89.953s][info ][safepoint      ] Safepoint "Cleanup", Time since last: 2000158363 ns, Reaching safepoint: 7700 ns, Cleanup: 19401 ns, At safepoint: 2500 ns, Total: 29601 ns
[90.954s][info ][safepoint      ] Safepoint "Cleanup", Time since last: 1000115383 ns, Reaching safepoint: 7200 ns, Cleanup: 11901 ns, At safepoint: 2800 ns, Total: 21901 ns
[91.954s][info ][safepoint      ] Safepoint "Cleanup", Time since last: 1000117065 ns, Reaching safepoint: 7101 ns, Cleanup: 12100 ns, At safepoint: 2300 ns, Total: 21501 ns
[92.954s][info ][safepoint      ] Safepoint "Cleanup", Time since last: 1000118253 ns, Reaching safepoint: 6700 ns, Cleanup: 14301 ns, At safepoint: 2600 ns, Total: 23601 ns
[94.954s][info ][safepoint      ] Safepoint "Cleanup", Time since last: 2000191104 ns, Reaching safepoint: 7201 ns, Cleanup: 13400 ns, At safepoint: 2600 ns, Total: 23201 ns
[95.954s][info ][safepoint      ] Safepoint "Cleanup", Time since last: 1000114953 ns, Reaching safepoint: 6800 ns, Cleanup: 13701 ns, At safepoint: 2400 ns, Total: 22901 ns
[96.954s][info ][safepoint      ] Safepoint "Cleanup", Time since last: 1000113053 ns, Reaching safepoint: 6700 ns, Cleanup: 83303 ns, At safepoint: 2300 ns, Total: 92303 ns
[97.955s][info ][safepoint      ] Safepoint "Cleanup", Time since last: 1000111753 ns, Reaching safepoint: 6900 ns, Cleanup: 34101 ns, At safepoint: 2200 ns, Total: 43201 ns
[98.955s][info ][safepoint      ] Safepoint "Cleanup", Time since last: 1000142954 ns, Reaching safepoint: 7700 ns, Cleanup: 28701 ns, At safepoint: 2701 ns, Total: 39102 ns
[99.955s][info ][safepoint      ] Safepoint "Cleanup", Time since last: 1000152255 ns, Reaching safepoint: 8000 ns, Cleanup: 18601 ns, At safepoint: 2700 ns, Total: 29301 ns
[100.955s][info ][safepoint      ] Safepoint "Cleanup", Time since last: 1000177257 ns, Reaching safepoint: 7500 ns, Cleanup: 12001 ns, At safepoint: 2900 ns, Total: 22401 ns
[101.955s][info ][safepoint      ] Safepoint "Cleanup", Time since last: 1000124755 ns, Reaching safepoint: 6900 ns, Cleanup: 46202 ns, At safepoint: 2800 ns, Total: 55902 ns
[102.955s][info ][safepoint      ] Safepoint "Cleanup", Time since last: 1000123455 ns, Reaching safepoint: 8501 ns, Cleanup: 19700 ns, At safepoint: 2900 ns, Total: 31101 ns
[103.956s][info ][safepoint      ] Safepoint "Cleanup", Time since last: 1000146357 ns, Reaching safepoint: 9800 ns, Cleanup: 17401 ns, At safepoint: 3000 ns, Total: 30201 ns
[104.956s][info ][safepoint      ] Safepoint "Cleanup", Time since last: 1000137755 ns, Reaching safepoint: 7801 ns, Cleanup: 13100 ns, At safepoint: 2600 ns, Total: 23501 ns
[105.956s][info ][safepoint      ] Safepoint "Cleanup", Time since last: 1000126655 ns, Reaching safepoint: 7101 ns, Cleanup: 19100 ns, At safepoint: 2101 ns, Total: 28302 ns
[106.956s][info ][safepoint      ] Safepoint "Cleanup", Time since last: 1000117254 ns, Reaching safepoint: 7101 ns, Cleanup: 44501 ns, At safepoint: 2700 ns, Total: 54302 ns
[107.956s][info ][safepoint      ] Safepoint "Cleanup", Time since last: 1000114866 ns, Reaching safepoint: 7700 ns, Cleanup: 14701 ns, At safepoint: 2600 ns, Total: 25001 ns
[108.956s][info ][safepoint      ] Safepoint "Cleanup", Time since last: 1000107474 ns, Reaching safepoint: 7900 ns, Cleanup: 32701 ns, At safepoint: 2900 ns, Total: 43501 ns
[109.957s][info ][safepoint      ] Safepoint "Cleanup", Time since last: 1000113775 ns, Reaching safepoint: 7100 ns, Cleanup: 24001 ns, At safepoint: 2500 ns, Total: 33601 ns
[110.957s][info ][safepoint      ] Safepoint "Cleanup", Time since last: 1000126774 ns, Reaching safepoint: 8001 ns, Cleanup: 20800 ns, At safepoint: 2701 ns, Total: 31502 ns
[111.957s][info ][safepoint      ] Safepoint "Cleanup", Time since last: 1000117174 ns, Reaching safepoint: 6600 ns, Cleanup: 22201 ns, At safepoint: 2500 ns, Total: 31301 ns
[112.957s][info ][safepoint      ] Safepoint "Cleanup", Time since last: 1000116974 ns, Reaching safepoint: 7100 ns, Cleanup: 20601 ns, At safepoint: 2500 ns, Total: 30201 ns
[113.957s][info ][safepoint      ] Safepoint "Cleanup", Time since last: 1000116575 ns, Reaching safepoint: 6600 ns, Cleanup: 21201 ns, At safepoint: 2700 ns, Total: 30501 ns
[114.957s][info ][safepoint      ] Safepoint "Cleanup", Time since last: 1000113974 ns, Reaching safepoint: 6400 ns, Cleanup: 12600 ns, At safepoint: 2501 ns, Total: 21501 ns
[115.957s][info ][safepoint      ] Safepoint "Cleanup", Time since last: 1000114195 ns, Reaching safepoint: 6800 ns, Cleanup: 12901 ns, At safepoint: 2500 ns, Total: 22201 ns
[116.958s][info ][safepoint      ] Safepoint "Cleanup", Time since last: 1000124495 ns, Reaching safepoint: 6800 ns, Cleanup: 17101 ns, At safepoint: 2700 ns, Total: 26601 ns
[117.958s][info ][safepoint      ] Safepoint "Cleanup", Time since last: 1000118595 ns, Reaching safepoint: 6900 ns, Cleanup: 17200 ns, At safepoint: 2501 ns, Total: 26601 ns
[118.958s][info ][safepoint      ] Safepoint "Cleanup", Time since last: 1000114594 ns, Reaching safepoint: 7601 ns, Cleanup: 19900 ns, At safepoint: 2200 ns, Total: 29701 ns
[120.065s][info ][safepoint      ] Safepoint "Cleanup", Time since last: 1106996085 ns, Reaching safepoint: 75902 ns, Cleanup: 7901 ns, At safepoint: 7100 ns, Total: 90903 ns
[121.065s][info ][safepoint      ] Safepoint "Cleanup", Time since last: 1000149696 ns, Reaching safepoint: 80503 ns, Cleanup: 38501 ns, At safepoint: 5500 ns, Total: 124504 ns
[122.065s][info ][safepoint      ] Safepoint "Cleanup", Time since last: 1000115895 ns, Reaching safepoint: 79403 ns, Cleanup: 16501 ns, At safepoint: 6700 ns, Total: 102604 ns
[123.066s][info ][safepoint      ] Safepoint "Cleanup", Time since last: 1000123695 ns, Reaching safepoint: 6200 ns, Cleanup: 36502 ns, At safepoint: 2300 ns, Total: 45002 ns
[124.066s][info ][safepoint      ] Safepoint "Cleanup", Time since last: 1000142401 ns, Reaching safepoint: 6900 ns, Cleanup: 12601 ns, At safepoint: 3000 ns, Total: 22501 ns
[125.066s][info ][safepoint      ] Safepoint "Cleanup", Time since last: 1000115303 ns, Reaching safepoint: 6300 ns, Cleanup: 16601 ns, At safepoint: 2400 ns, Total: 25301 ns
[126.066s][info ][safepoint      ] Safepoint "Cleanup", Time since last: 1000113903 ns, Reaching safepoint: 5500 ns, Cleanup: 10601 ns, At safepoint: 2100 ns, Total: 18201 ns
[127.066s][info ][safepoint      ] Safepoint "Cleanup", Time since last: 1000121103 ns, Reaching safepoint: 5901 ns, Cleanup: 12200 ns, At safepoint: 6400 ns, Total: 24501 ns
[128.066s][info ][safepoint      ] Safepoint "Cleanup", Time since last: 1000119304 ns, Reaching safepoint: 5900 ns, Cleanup: 25801 ns, At safepoint: 2700 ns, Total: 34401 ns
[129.067s][info ][safepoint      ] Safepoint "Cleanup", Time since last: 1000122703 ns, Reaching safepoint: 5701 ns, Cleanup: 9300 ns, At safepoint: 2300 ns, Total: 17301 ns
[130.067s][info ][safepoint      ] Safepoint "Cleanup", Time since last: 1000117103 ns, Reaching safepoint: 6701 ns, Cleanup: 28001 ns, At safepoint: 2200 ns, Total: 36902 ns
[131.067s][info ][safepoint      ] Safepoint "Cleanup", Time since last: 1000122603 ns, Reaching safepoint: 6101 ns, Cleanup: 16400 ns, At safepoint: 2400 ns, Total: 24901 ns
[132.067s][info ][safepoint      ] Safepoint "Cleanup", Time since last: 1000122277 ns, Reaching safepoint: 5600 ns, Cleanup: 10000 ns, At safepoint: 2001 ns, Total: 17601 ns
[133.067s][info ][safepoint      ] Safepoint "Cleanup", Time since last: 1000112198 ns, Reaching safepoint: 5801 ns, Cleanup: 16100 ns, At safepoint: 2200 ns, Total: 24101 ns
[135.413s][info ][gc,start       ] GC(11) Pause Young (Allocation Failure)
[135.481s][debug][gc,phases      ] GC(11) Scavenge 68.052ms
[135.481s][debug][gc,ref         ] GC(11) ReferenceProcessor::execute queues: 1, RefProcThreadModel::Single, marks_oops_alive: false
[135.482s][debug][gc,ref         ] GC(11) Skipped KeepAliveFinalRefsPhase of Reference Processing: no references
[135.482s][debug][gc,ref         ] GC(11) ReferenceProcessor::execute queues: 1, RefProcThreadModel::Single, marks_oops_alive: false
[135.482s][debug][gc,phases      ] GC(11) Reference Processing 0.182ms
[135.482s][debug][gc,phases      ] GC(11)   VM Weak                        Min:  0.0, Avg:  0.0, Max:  0.0, Diff:  0.0, Sum:  0.0, Workers: 4
[135.482s][debug][gc,phases      ] GC(11)     Dead                           Min: 0, Avg:  0.0, Max: 0, Diff: 0, Sum: 0, Workers: 4
[135.482s][debug][gc,phases      ] GC(11)     Total                          Min: 0, Avg: 240.0, Max: 512, Diff: 512, Sum: 960, Workers: 4
[135.482s][debug][gc,phases      ] GC(11)   ObjectSynchronizer Weak        Min:  0.0, Avg:  0.0, Max:  0.0, Diff:  0.0, Sum:  0.0, Workers: 4
[135.482s][debug][gc,phases      ] GC(11)     Dead                           Min: 0, Avg:  0.0, Max: 0, Diff: 0, Sum: 0, Workers: 4
[135.482s][debug][gc,phases      ] GC(11)     Total                          Min: 0, Avg:  0.8, Max: 3, Diff: 3, Sum: 3, Workers: 4
[135.482s][debug][gc,phases      ] GC(11)   JVMTI Tag Weak OopStorage      Min:  0.0, Avg:  0.0, Max:  0.0, Diff:  0.0, Sum:  0.0, Workers: 4
[135.482s][debug][gc,phases      ] GC(11)     Dead                           Min: 0, Avg:  0.0, Max: 0, Diff: 0, Sum: 0, Workers: 4
[135.482s][debug][gc,phases      ] GC(11)     Total                          Min: 0, Avg:  0.0, Max: 0, Diff: 0, Sum: 0, Workers: 4
[135.482s][debug][gc,phases      ] GC(11)   StringTable Weak               Min:  0.0, Avg:  0.3, Max:  0.4, Diff:  0.4, Sum:  1.2, Workers: 4
[135.482s][debug][gc,phases      ] GC(11)     Dead                           Min: 0, Avg:  0.2, Max: 1, Diff: 1, Sum: 1, Workers: 4
[135.482s][debug][gc,phases      ] GC(11)     Total                          Min: 0, Avg: 11390.2, Max: 18553, Diff: 18553, Sum: 45561, Workers: 4
[135.482s][debug][gc,phases      ] GC(11)   ResolvedMethodTable Weak       Min:  0.0, Avg:  0.1, Max:  0.2, Diff:  0.2, Sum:  0.5, Workers: 4
[135.482s][debug][gc,phases      ] GC(11)     Dead                           Min: 0, Avg:  5.2, Max: 14, Diff: 14, Sum: 21, Workers: 4
[135.482s][debug][gc,phases      ] GC(11)     Total                          Min: 0, Avg: 3692.5, Max: 5858, Diff: 5858, Sum: 14770, Workers: 4
[135.482s][debug][gc,phases      ] GC(11)   JNI Weak                       Min:  0.0, Avg:  0.0, Max:  0.0, Diff:  0.0, Sum:  0.0, Workers: 4
[135.482s][debug][gc,phases      ] GC(11)     Dead                           Min: 0, Avg:  0.0, Max: 0, Diff: 0, Sum: 0, Workers: 4
[135.482s][debug][gc,phases      ] GC(11)     Total                          Min: 0, Avg: 13.0, Max: 52, Diff: 52, Sum: 52, Workers: 4
[135.482s][debug][gc,phases      ] GC(11)   StringDedup Table Weak         Min:  0.0, Avg:  0.0, Max:  0.0, Diff:  0.0, Sum:  0.0, Workers: 4
[135.482s][debug][gc,phases      ] GC(11)     Dead                           Min: 0, Avg:  0.0, Max: 0, Diff: 0, Sum: 0, Workers: 4
[135.482s][debug][gc,phases      ] GC(11)     Total                          Min: 0, Avg:  0.0, Max: 0, Diff: 0, Sum: 0, Workers: 4
[135.482s][debug][gc,phases      ] GC(11)   StringDedup Requests0 Weak     Min:  0.0, Avg:  0.0, Max:  0.0, Diff:  0.0, Sum:  0.0, Workers: 4
[135.482s][debug][gc,phases      ] GC(11)     Dead                           Min: 0, Avg:  0.0, Max: 0, Diff: 0, Sum: 0, Workers: 4
[135.482s][debug][gc,phases      ] GC(11)     Total                          Min: 0, Avg:  0.0, Max: 0, Diff: 0, Sum: 0, Workers: 4
[135.482s][debug][gc,phases      ] GC(11)   StringDedup Requests1 Weak     Min:  0.0, Avg:  0.0, Max:  0.0, Diff:  0.0, Sum:  0.0, Workers: 4
[135.482s][debug][gc,phases      ] GC(11)     Dead                           Min: 0, Avg:  0.0, Max: 0, Diff: 0, Sum: 0, Workers: 4
[135.482s][debug][gc,phases      ] GC(11)     Total                          Min: 0, Avg:  0.0, Max: 0, Diff: 0, Sum: 0, Workers: 4
[135.482s][debug][gc,phases      ] GC(11)   Weak JFR Old Object Samples    Min:  0.0, Avg:  0.0, Max:  0.0, Diff:  0.0, Sum:  0.0, Workers: 4
[135.482s][debug][gc,phases      ] GC(11)     Dead                           Min: 0, Avg:  0.0, Max: 0, Diff: 0, Sum: 0, Workers: 4
[135.482s][debug][gc,phases      ] GC(11)     Total                          Min: 0, Avg:  0.0, Max: 0, Diff: 0, Sum: 0, Workers: 4
[135.482s][debug][gc,phases      ] GC(11) Weak Processing 0.824ms
[135.482s][debug][gc,age         ] GC(11) Desired survivor size 235929600 bytes, new threshold 3 (max threshold 15)
[135.482s][info ][gc,heap        ] GC(11) PSYoungGen: 1762708K(1857024K)->85188K(1866752K) Eden: 1616896K(1616896K)->0K(1627648K) From: 145812K(240128K)->85188K(239104K)
[135.482s][info ][gc,heap        ] GC(11) ParOldGen: 71843K(72704K)->133813K(134144K)
[135.482s][info ][gc,metaspace   ] GC(11) Metaspace: 103533K(104768K)->103533K(104768K) NonClass: 87719K(88384K)->87719K(88384K) Class: 15813K(16384K)->15813K(16384K)
[135.482s][info ][gc             ] GC(11) Pause Young (Allocation Failure) 1791M->213M(1954M) 69.227ms
[135.482s][info ][gc,cpu         ] GC(11) User=0.23s Sys=0.02s Real=0.07s
[135.482s][info ][safepoint      ] Safepoint "ParallelGCFailedAllocation", Time since last: 2346056695 ns, Reaching safepoint: 6201 ns, Cleanup: 4400 ns, At safepoint: 69309385 ns, Total: 69319986 ns
[136.483s][info ][safepoint      ] Safepoint "Cleanup", Time since last: 1000087598 ns, Reaching safepoint: 5800 ns, Cleanup: 12700 ns, At safepoint: 2100 ns, Total: 20600 ns
[137.483s][info ][safepoint      ] Safepoint "Cleanup", Time since last: 1000112399 ns, Reaching safepoint: 5700 ns, Cleanup: 9001 ns, At safepoint: 2600 ns, Total: 17301 ns
[138.483s][info ][safepoint      ] Safepoint "Cleanup", Time since last: 1000112499 ns, Reaching safepoint: 6600 ns, Cleanup: 43902 ns, At safepoint: 2000 ns, Total: 52502 ns
[140.483s][info ][safepoint      ] Safepoint "Cleanup", Time since last: 2000185593 ns, Reaching safepoint: 5900 ns, Cleanup: 7000 ns, At safepoint: 1800 ns, Total: 14700 ns
[141.483s][info ][safepoint      ] Safepoint "Cleanup", Time since last: 1000113823 ns, Reaching safepoint: 5700 ns, Cleanup: 13701 ns, At safepoint: 2100 ns, Total: 21501 ns
[142.483s][info ][safepoint      ] Safepoint "Cleanup", Time since last: 1000134424 ns, Reaching safepoint: 5700 ns, Cleanup: 12800 ns, At safepoint: 1900 ns, Total: 20400 ns
[143.484s][info ][safepoint      ] Safepoint "Cleanup", Time since last: 1000116024 ns, Reaching safepoint: 6000 ns, Cleanup: 24101 ns, At safepoint: 2000 ns, Total: 32101 ns
[144.484s][info ][safepoint      ] Safepoint "Cleanup", Time since last: 1000114223 ns, Reaching safepoint: 5900 ns, Cleanup: 9700 ns, At safepoint: 2000 ns, Total: 17600 ns
[146.484s][info ][safepoint      ] Safepoint "Cleanup", Time since last: 2000183945 ns, Reaching safepoint: 6300 ns, Cleanup: 13801 ns, At safepoint: 2400 ns, Total: 22501 ns
[147.484s][info ][safepoint      ] Safepoint "Cleanup", Time since last: 1000126534 ns, Reaching safepoint: 7201 ns, Cleanup: 20800 ns, At safepoint: 2400 ns, Total: 30401 ns
[148.484s][info ][safepoint      ] Safepoint "Cleanup", Time since last: 1000132411 ns, Reaching safepoint: 7700 ns, Cleanup: 29001 ns, At safepoint: 2600 ns, Total: 39301 ns
[150.484s][info ][safepoint      ] Safepoint "Cleanup", Time since last: 2000189718 ns, Reaching safepoint: 5700 ns, Cleanup: 10200 ns, At safepoint: 2300 ns, Total: 18200 ns
[151.485s][info ][safepoint      ] Safepoint "Cleanup", Time since last: 1000115110 ns, Reaching safepoint: 5800 ns, Cleanup: 10000 ns, At safepoint: 2200 ns, Total: 18000 ns
[153.485s][info ][safepoint      ] Safepoint "Cleanup", Time since last: 2000191618 ns, Reaching safepoint: 5600 ns, Cleanup: 11401 ns, At safepoint: 2100 ns, Total: 19101 ns
[154.485s][info ][safepoint      ] Safepoint "Cleanup", Time since last: 1000098609 ns, Reaching safepoint: 4600 ns, Cleanup: 6600 ns, At safepoint: 2100 ns, Total: 13300 ns
[155.485s][info ][safepoint      ] Safepoint "Cleanup", Time since last: 1000105815 ns, Reaching safepoint: 5700 ns, Cleanup: 8300 ns, At safepoint: 2401 ns, Total: 16401 ns
[158.485s][info ][safepoint      ] Safepoint "Cleanup", Time since last: 3000318895 ns, Reaching safepoint: 5901 ns, Cleanup: 10400 ns, At safepoint: 2200 ns, Total: 18501 ns
[159.485s][info ][safepoint      ] Safepoint "Cleanup", Time since last: 1000132200 ns, Reaching safepoint: 11600 ns, Cleanup: 24201 ns, At safepoint: 3200 ns, Total: 39001 ns
[160.486s][info ][safepoint      ] Safepoint "Cleanup", Time since last: 1000130300 ns, Reaching safepoint: 7200 ns, Cleanup: 8700 ns, At safepoint: 2900 ns, Total: 18800 ns
[162.486s][info ][safepoint      ] Safepoint "Cleanup", Time since last: 2000214197 ns, Reaching safepoint: 8001 ns, Cleanup: 17000 ns, At safepoint: 2600 ns, Total: 27601 ns
[164.486s][info ][safepoint      ] Safepoint "Cleanup", Time since last: 2000236856 ns, Reaching safepoint: 5700 ns, Cleanup: 12701 ns, At safepoint: 2000 ns, Total: 20401 ns
[165.486s][info ][safepoint      ] Safepoint "Cleanup", Time since last: 1000115727 ns, Reaching safepoint: 5300 ns, Cleanup: 9501 ns, At safepoint: 1800 ns, Total: 16601 ns
[166.486s][info ][safepoint      ] Safepoint "Cleanup", Time since last: 1000113727 ns, Reaching safepoint: 6300 ns, Cleanup: 11400 ns, At safepoint: 2100 ns, Total: 19800 ns
[168.487s][info ][safepoint      ] Safepoint "Cleanup", Time since last: 2000186753 ns, Reaching safepoint: 5500 ns, Cleanup: 9800 ns, At safepoint: 2100 ns, Total: 17400 ns
[169.487s][info ][safepoint      ] Safepoint "Cleanup", Time since last: 1000116128 ns, Reaching safepoint: 7800 ns, Cleanup: 21201 ns, At safepoint: 2300 ns, Total: 31301 ns
[170.487s][info ][safepoint      ] Safepoint "Cleanup", Time since last: 1000120427 ns, Reaching safepoint: 6400 ns, Cleanup: 9501 ns, At safepoint: 2300 ns, Total: 18201 ns
[172.487s][info ][safepoint      ] Safepoint "Cleanup", Time since last: 2000216812 ns, Reaching safepoint: 6601 ns, Cleanup: 19500 ns, At safepoint: 1900 ns, Total: 28001 ns
[173.487s][info ][safepoint      ] Safepoint "Cleanup", Time since last: 1000156274 ns, Reaching safepoint: 7301 ns, Cleanup: 11900 ns, At safepoint: 2300 ns, Total: 21501 ns
[176.488s][info ][safepoint      ] Safepoint "Cleanup", Time since last: 3000296716 ns, Reaching safepoint: 7300 ns, Cleanup: 19101 ns, At safepoint: 2900 ns, Total: 29301 ns
[178.488s][info ][safepoint      ] Safepoint "Cleanup", Time since last: 2000198644 ns, Reaching safepoint: 8000 ns, Cleanup: 19301 ns, At safepoint: 3000 ns, Total: 30301 ns
[179.488s][info ][safepoint      ] Safepoint "Cleanup", Time since last: 1000124702 ns, Reaching safepoint: 6300 ns, Cleanup: 16200 ns, At safepoint: 2201 ns, Total: 24701 ns
[181.082s][info ][safepoint      ] Safepoint "Cleanup", Time since last: 1594193411 ns, Reaching safepoint: 5700 ns, Cleanup: 26801 ns, At safepoint: 2300 ns, Total: 34801 ns
[182.082s][info ][safepoint      ] Safepoint "Cleanup", Time since last: 1000114538 ns, Reaching safepoint: 5700 ns, Cleanup: 9500 ns, At safepoint: 2100 ns, Total: 17300 ns
[184.083s][info ][safepoint      ] Safepoint "Cleanup", Time since last: 2000191374 ns, Reaching safepoint: 6300 ns, Cleanup: 9800 ns, At safepoint: 2200 ns, Total: 18300 ns
[185.083s][info ][safepoint      ] Safepoint "Cleanup", Time since last: 1000116038 ns, Reaching safepoint: 5800 ns, Cleanup: 11201 ns, At safepoint: 2200 ns, Total: 19201 ns
[187.083s][info ][safepoint      ] Safepoint "Cleanup", Time since last: 2000182159 ns, Reaching safepoint: 5700 ns, Cleanup: 8900 ns, At safepoint: 2100 ns, Total: 16700 ns
[188.083s][info ][safepoint      ] Safepoint "Cleanup", Time since last: 1000112344 ns, Reaching safepoint: 5501 ns, Cleanup: 10200 ns, At safepoint: 2000 ns, Total: 17701 ns
[189.083s][info ][safepoint      ] Safepoint "Cleanup", Time since last: 1000115126 ns, Reaching safepoint: 6601 ns, Cleanup: 14400 ns, At safepoint: 2900 ns, Total: 23901 ns
[191.083s][info ][safepoint      ] Safepoint "Cleanup", Time since last: 2000181751 ns, Reaching safepoint: 5200 ns, Cleanup: 16501 ns, At safepoint: 2400 ns, Total: 24101 ns
[192.084s][info ][safepoint      ] Safepoint "Cleanup", Time since last: 1000109626 ns, Reaching safepoint: 17700 ns, Cleanup: 9501 ns, At safepoint: 2500 ns, Total: 29701 ns
[193.084s][info ][safepoint      ] Safepoint "Cleanup", Time since last: 1000111626 ns, Reaching safepoint: 5500 ns, Cleanup: 12701 ns, At safepoint: 2100 ns, Total: 20301 ns
[194.084s][info ][safepoint      ] Safepoint "Cleanup", Time since last: 1000117126 ns, Reaching safepoint: 5700 ns, Cleanup: 11601 ns, At safepoint: 2000 ns, Total: 19301 ns
[194.166s][info ][gc,start       ] GC(12) Pause Young (Allocation Failure)
[194.205s][debug][gc,phases      ] GC(12) Scavenge 38.453ms
[194.205s][debug][gc,ref         ] GC(12) ReferenceProcessor::execute queues: 1, RefProcThreadModel::Single, marks_oops_alive: false
[194.205s][debug][gc,ref         ] GC(12) Skipped KeepAliveFinalRefsPhase of Reference Processing: no references
[194.205s][debug][gc,ref         ] GC(12) ReferenceProcessor::execute queues: 1, RefProcThreadModel::Single, marks_oops_alive: false
[194.205s][debug][gc,phases      ] GC(12) Reference Processing 0.137ms
[194.205s][debug][gc,phases      ] GC(12)   VM Weak                        Min:  0.0, Avg:  0.0, Max:  0.0, Diff:  0.0, Sum:  0.0, Workers: 4
[194.205s][debug][gc,phases      ] GC(12)     Dead                           Min: 0, Avg:  0.0, Max: 0, Diff: 0, Sum: 0, Workers: 4
[194.205s][debug][gc,phases      ] GC(12)     Total                          Min: 0, Avg: 242.0, Max: 520, Diff: 520, Sum: 968, Workers: 4
[194.205s][debug][gc,phases      ] GC(12)   ObjectSynchronizer Weak        Min:  0.0, Avg:  0.0, Max:  0.0, Diff:  0.0, Sum:  0.0, Workers: 4
[194.205s][debug][gc,phases      ] GC(12)     Dead                           Min: 0, Avg:  0.0, Max: 0, Diff: 0, Sum: 0, Workers: 4
[194.205s][debug][gc,phases      ] GC(12)     Total                          Min: 0, Avg:  1.0, Max: 4, Diff: 4, Sum: 4, Workers: 4
[194.205s][debug][gc,phases      ] GC(12)   JVMTI Tag Weak OopStorage      Min:  0.0, Avg:  0.0, Max:  0.0, Diff:  0.0, Sum:  0.0, Workers: 4
[194.205s][debug][gc,phases      ] GC(12)     Dead                           Min: 0, Avg:  0.0, Max: 0, Diff: 0, Sum: 0, Workers: 4
[194.205s][debug][gc,phases      ] GC(12)     Total                          Min: 0, Avg:  0.0, Max: 0, Diff: 0, Sum: 0, Workers: 4
[194.205s][debug][gc,phases      ] GC(12)   StringTable Weak               Min:  0.0, Avg:  0.1, Max:  0.2, Diff:  0.2, Sum:  0.5, Workers: 4
[194.205s][debug][gc,phases      ] GC(12)     Dead                           Min: 0, Avg:  0.2, Max: 1, Diff: 1, Sum: 1, Workers: 4
[194.205s][debug][gc,phases      ] GC(12)     Total                          Min: 0, Avg: 11402.8, Max: 15916, Diff: 15916, Sum: 45611, Workers: 4
[194.205s][debug][gc,phases      ] GC(12)   ResolvedMethodTable Weak       Min:  0.0, Avg:  0.0, Max:  0.1, Diff:  0.1, Sum:  0.2, Workers: 4
[194.205s][debug][gc,phases      ] GC(12)     Dead                           Min: 0, Avg:  4.5, Max: 18, Diff: 18, Sum: 18, Workers: 4
[194.205s][debug][gc,phases      ] GC(12)     Total                          Min: 0, Avg: 3701.5, Max: 5721, Diff: 5721, Sum: 14806, Workers: 4
[194.205s][debug][gc,phases      ] GC(12)   JNI Weak                       Min:  0.0, Avg:  0.0, Max:  0.0, Diff:  0.0, Sum:  0.0, Workers: 4
[194.205s][debug][gc,phases      ] GC(12)     Dead                           Min: 0, Avg:  0.0, Max: 0, Diff: 0, Sum: 0, Workers: 4
[194.205s][debug][gc,phases      ] GC(12)     Total                          Min: 0, Avg: 13.0, Max: 52, Diff: 52, Sum: 52, Workers: 4
[194.205s][debug][gc,phases      ] GC(12)   StringDedup Table Weak         Min:  0.0, Avg:  0.0, Max:  0.0, Diff:  0.0, Sum:  0.0, Workers: 4
[194.205s][debug][gc,phases      ] GC(12)     Dead                           Min: 0, Avg:  0.0, Max: 0, Diff: 0, Sum: 0, Workers: 4
[194.205s][debug][gc,phases      ] GC(12)     Total                          Min: 0, Avg:  0.0, Max: 0, Diff: 0, Sum: 0, Workers: 4
[194.205s][debug][gc,phases      ] GC(12)   StringDedup Requests0 Weak     Min:  0.0, Avg:  0.0, Max:  0.0, Diff:  0.0, Sum:  0.0, Workers: 4
[194.205s][debug][gc,phases      ] GC(12)     Dead                           Min: 0, Avg:  0.0, Max: 0, Diff: 0, Sum: 0, Workers: 4
[194.205s][debug][gc,phases      ] GC(12)     Total                          Min: 0, Avg:  0.0, Max: 0, Diff: 0, Sum: 0, Workers: 4
[194.205s][debug][gc,phases      ] GC(12)   StringDedup Requests1 Weak     Min:  0.0, Avg:  0.0, Max:  0.0, Diff:  0.0, Sum:  0.0, Workers: 4
[194.205s][debug][gc,phases      ] GC(12)     Dead                           Min: 0, Avg:  0.0, Max: 0, Diff: 0, Sum: 0, Workers: 4
[194.205s][debug][gc,phases      ] GC(12)     Total                          Min: 0, Avg:  0.0, Max: 0, Diff: 0, Sum: 0, Workers: 4
[194.205s][debug][gc,phases      ] GC(12)   Weak JFR Old Object Samples    Min:  0.0, Avg:  0.0, Max:  0.0, Diff:  0.0, Sum:  0.0, Workers: 4
[194.205s][debug][gc,phases      ] GC(12)     Dead                           Min: 0, Avg:  0.0, Max: 0, Diff: 0, Sum: 0, Workers: 4
[194.205s][debug][gc,phases      ] GC(12)     Total                          Min: 0, Avg:  0.0, Max: 0, Diff: 0, Sum: 0, Workers: 4
[194.205s][debug][gc,phases      ] GC(12) Weak Processing 0.465ms
[194.205s][debug][gc,age         ] GC(12) Desired survivor size 242221056 bytes, new threshold 2 (max threshold 15)
[194.205s][info ][gc,heap        ] GC(12) PSYoungGen: 1712836K(1866752K)->10896K(1858048K) Eden: 1627648K(1627648K)->0K(1627648K) From: 85188K(239104K)->10896K(230400K)
[194.205s][info ][gc,heap        ] GC(12) ParOldGen: 133813K(134144K)->214473K(214528K)
[194.205s][info ][gc,metaspace   ] GC(12) Metaspace: 103854K(105152K)->103854K(105152K) NonClass: 88018K(88768K)->88018K(88768K) Class: 15835K(16384K)->15835K(16384K)
[194.205s][info ][gc             ] GC(12) Pause Young (Allocation Failure) 1803M->220M(2024M) 39.213ms
[194.205s][info ][gc,cpu         ] GC(12) User=0.10s Sys=0.04s Real=0.04s
[194.205s][info ][safepoint      ] Safepoint "ParallelGCFailedAllocation", Time since last: 82114288 ns, Reaching safepoint: 6100 ns, Cleanup: 3500 ns, At safepoint: 39449031 ns, Total: 39458631 ns
[195.206s][info ][safepoint      ] Safepoint "Cleanup", Time since last: 1000124127 ns, Reaching safepoint: 7900 ns, Cleanup: 13301 ns, At safepoint: 2900 ns, Total: 24101 ns
[197.206s][info ][safepoint      ] Safepoint "Cleanup", Time since last: 2000217340 ns, Reaching safepoint: 7000 ns, Cleanup: 12001 ns, At safepoint: 2500 ns, Total: 21501 ns
[198.206s][info ][safepoint      ] Safepoint "Cleanup", Time since last: 1000103077 ns, Reaching safepoint: 7101 ns, Cleanup: 24701 ns, At safepoint: 2700 ns, Total: 34502 ns
[200.206s][info ][safepoint      ] Safepoint "Cleanup", Time since last: 2000189954 ns, Reaching safepoint: 7000 ns, Cleanup: 11301 ns, At safepoint: 2600 ns, Total: 20901 ns
[202.206s][info ][safepoint      ] Safepoint "Cleanup", Time since last: 2000191754 ns, Reaching safepoint: 6301 ns, Cleanup: 14900 ns, At safepoint: 2800 ns, Total: 24001 ns
[203.206s][info ][safepoint      ] Safepoint "Cleanup", Time since last: 1000121178 ns, Reaching safepoint: 7201 ns, Cleanup: 22801 ns, At safepoint: 2400 ns, Total: 32402 ns
[203.583s][info ][gc,start       ] GC(13) Pause Young (CodeCache GC Threshold)
[203.591s][debug][gc,phases      ] GC(13) Scavenge 7.239ms
[203.591s][debug][gc,ref         ] GC(13) ReferenceProcessor::execute queues: 1, RefProcThreadModel::Single, marks_oops_alive: false
[203.591s][debug][gc,ref         ] GC(13) Skipped KeepAliveFinalRefsPhase of Reference Processing: no references
[203.591s][debug][gc,ref         ] GC(13) ReferenceProcessor::execute queues: 1, RefProcThreadModel::Single, marks_oops_alive: false
[203.591s][debug][gc,phases      ] GC(13) Reference Processing 0.149ms
[203.591s][debug][gc,phases      ] GC(13)   VM Weak                        Min:  0.0, Avg:  0.0, Max:  0.0, Diff:  0.0, Sum:  0.0, Workers: 4
[203.591s][debug][gc,phases      ] GC(13)     Dead                           Min: 0, Avg:  0.0, Max: 0, Diff: 0, Sum: 0, Workers: 4
[203.591s][debug][gc,phases      ] GC(13)     Total                          Min: 0, Avg: 242.0, Max: 512, Diff: 512, Sum: 968, Workers: 4
[203.591s][debug][gc,phases      ] GC(13)   ObjectSynchronizer Weak        Min:  0.0, Avg:  0.0, Max:  0.0, Diff:  0.0, Sum:  0.0, Workers: 4
[203.591s][debug][gc,phases      ] GC(13)     Dead                           Min: 0, Avg:  0.0, Max: 0, Diff: 0, Sum: 0, Workers: 4
[203.591s][debug][gc,phases      ] GC(13)     Total                          Min: 0, Avg:  1.0, Max: 4, Diff: 4, Sum: 4, Workers: 4
[203.591s][debug][gc,phases      ] GC(13)   JVMTI Tag Weak OopStorage      Min:  0.0, Avg:  0.0, Max:  0.0, Diff:  0.0, Sum:  0.0, Workers: 4
[203.591s][debug][gc,phases      ] GC(13)     Dead                           Min: 0, Avg:  0.0, Max: 0, Diff: 0, Sum: 0, Workers: 4
[203.591s][debug][gc,phases      ] GC(13)     Total                          Min: 0, Avg:  0.0, Max: 0, Diff: 0, Sum: 0, Workers: 4
[203.591s][debug][gc,phases      ] GC(13)   StringTable Weak               Min:  0.0, Avg:  0.1, Max:  0.2, Diff:  0.2, Sum:  0.5, Workers: 4
[203.591s][debug][gc,phases      ] GC(13)     Dead                           Min: 0, Avg:  0.2, Max: 1, Diff: 1, Sum: 1, Workers: 4
[203.591s][debug][gc,phases      ] GC(13)     Total                          Min: 0, Avg: 11406.5, Max: 15488, Diff: 15488, Sum: 45626, Workers: 4
[203.591s][debug][gc,phases      ] GC(13)   ResolvedMethodTable Weak       Min:  0.0, Avg:  0.0, Max:  0.1, Diff:  0.1, Sum:  0.2, Workers: 4
[203.591s][debug][gc,phases      ] GC(13)     Dead                           Min: 0, Avg:  4.0, Max: 8, Diff: 8, Sum: 16, Workers: 4
[203.591s][debug][gc,phases      ] GC(13)     Total                          Min: 0, Avg: 3702.8, Max: 5115, Diff: 5115, Sum: 14811, Workers: 4
[203.591s][debug][gc,phases      ] GC(13)   JNI Weak                       Min:  0.0, Avg:  0.0, Max:  0.0, Diff:  0.0, Sum:  0.0, Workers: 4
[203.591s][debug][gc,phases      ] GC(13)     Dead                           Min: 0, Avg:  0.0, Max: 0, Diff: 0, Sum: 0, Workers: 4
[203.591s][debug][gc,phases      ] GC(13)     Total                          Min: 0, Avg: 13.0, Max: 52, Diff: 52, Sum: 52, Workers: 4
[203.591s][debug][gc,phases      ] GC(13)   StringDedup Table Weak         Min:  0.0, Avg:  0.0, Max:  0.0, Diff:  0.0, Sum:  0.0, Workers: 4
[203.591s][debug][gc,phases      ] GC(13)     Dead                           Min: 0, Avg:  0.0, Max: 0, Diff: 0, Sum: 0, Workers: 4
[203.591s][debug][gc,phases      ] GC(13)     Total                          Min: 0, Avg:  0.0, Max: 0, Diff: 0, Sum: 0, Workers: 4
[203.591s][debug][gc,phases      ] GC(13)   StringDedup Requests0 Weak     Min:  0.0, Avg:  0.0, Max:  0.0, Diff:  0.0, Sum:  0.0, Workers: 4
[203.591s][debug][gc,phases      ] GC(13)     Dead                           Min: 0, Avg:  0.0, Max: 0, Diff: 0, Sum: 0, Workers: 4
[203.591s][debug][gc,phases      ] GC(13)     Total                          Min: 0, Avg:  0.0, Max: 0, Diff: 0, Sum: 0, Workers: 4
[203.591s][debug][gc,phases      ] GC(13)   StringDedup Requests1 Weak     Min:  0.0, Avg:  0.0, Max:  0.0, Diff:  0.0, Sum:  0.0, Workers: 4
[203.591s][debug][gc,phases      ] GC(13)     Dead                           Min: 0, Avg:  0.0, Max: 0, Diff: 0, Sum: 0, Workers: 4
[203.591s][debug][gc,phases      ] GC(13)     Total                          Min: 0, Avg:  0.0, Max: 0, Diff: 0, Sum: 0, Workers: 4
[203.591s][debug][gc,phases      ] GC(13)   Weak JFR Old Object Samples    Min:  0.0, Avg:  0.0, Max:  0.0, Diff:  0.0, Sum:  0.0, Workers: 4
[203.591s][debug][gc,phases      ] GC(13)     Dead                           Min: 0, Avg:  0.0, Max: 0, Diff: 0, Sum: 0, Workers: 4
[203.591s][debug][gc,phases      ] GC(13)     Total                          Min: 0, Avg:  0.0, Max: 0, Diff: 0, Sum: 0, Workers: 4
[203.591s][debug][gc,phases      ] GC(13) Weak Processing 0.542ms
[203.591s][debug][gc,age         ] GC(13) Desired survivor size 245366784 bytes, new threshold 1 (max threshold 15)
[203.591s][info ][gc,heap        ] GC(13) PSYoungGen: 291271K(1858048K)->3105K(1854464K) Eden: 280375K(1627648K)->0K(1617920K) From: 10896K(230400K)->3105K(236544K)
[203.591s][info ][gc,heap        ] GC(13) ParOldGen: 214473K(214528K)->223045K(223232K)
[203.591s][info ][gc,metaspace   ] GC(13) Metaspace: 103872K(105152K)->103872K(105152K) NonClass: 88035K(88768K)->88035K(88768K) Class: 15837K(16384K)->15837K(16384K)
[203.592s][info ][gc             ] GC(13) Pause Young (CodeCache GC Threshold) 493M->220M(2029M) 8.126ms
[203.592s][info ][gc,cpu         ] GC(13) User=0.02s Sys=0.00s Real=0.01s
[203.592s][debug][gc,phases      ] GC(14) Pre Compact 0.014ms
[203.592s][info ][gc,start       ] GC(14) Pause Full (CodeCache GC Threshold)
[203.592s][info ][gc,phases,start] GC(14) Marking Phase
[203.670s][debug][gc,phases      ] GC(14) Par Mark 78.105ms
[203.670s][debug][gc,ref         ] GC(14) ReferenceProcessor::execute queues: 1, RefProcThreadModel::Single, marks_oops_alive: false
[203.670s][debug][gc,ref         ] GC(14) Skipped KeepAliveFinalRefsPhase of Reference Processing: no references
[203.670s][debug][gc,ref         ] GC(14) ReferenceProcessor::execute queues: 1, RefProcThreadModel::Single, marks_oops_alive: false
[203.670s][debug][gc,phases      ] GC(14) Reference Processing 0.265ms
[203.670s][debug][gc,phases      ] GC(14)   VM Weak                        Min:  0.0, Avg:  0.0, Max:  0.0, Diff:  0.0, Sum:  0.0, Workers: 4
[203.670s][debug][gc,phases      ] GC(14)     Dead                           Min: 0, Avg:  0.0, Max: 0, Diff: 0, Sum: 0, Workers: 4
[203.670s][debug][gc,phases      ] GC(14)     Total                          Min: 136, Avg: 242.0, Max: 384, Diff: 248, Sum: 968, Workers: 4
[203.670s][debug][gc,phases      ] GC(14)   ObjectSynchronizer Weak        Min:  0.0, Avg:  0.0, Max:  0.0, Diff:  0.0, Sum:  0.0, Workers: 4
[203.670s][debug][gc,phases      ] GC(14)     Dead                           Min: 0, Avg:  0.0, Max: 0, Diff: 0, Sum: 0, Workers: 4
[203.670s][debug][gc,phases      ] GC(14)     Total                          Min: 0, Avg:  1.0, Max: 4, Diff: 4, Sum: 4, Workers: 4
[203.670s][debug][gc,phases      ] GC(14)   JVMTI Tag Weak OopStorage      Min:  0.0, Avg:  0.0, Max:  0.0, Diff:  0.0, Sum:  0.0, Workers: 4
[203.670s][debug][gc,phases      ] GC(14)     Dead                           Min: 0, Avg:  0.0, Max: 0, Diff: 0, Sum: 0, Workers: 4
[203.670s][debug][gc,phases      ] GC(14)     Total                          Min: 0, Avg:  0.0, Max: 0, Diff: 0, Sum: 0, Workers: 4
[203.670s][debug][gc,phases      ] GC(14)   StringTable Weak               Min:  0.2, Avg:  0.2, Max:  0.2, Diff:  0.0, Sum:  0.8, Workers: 4
[203.670s][debug][gc,phases      ] GC(14)     Dead                           Min: 0, Avg:  0.0, Max: 0, Diff: 0, Sum: 0, Workers: 4
[203.670s][debug][gc,phases      ] GC(14)     Total                          Min: 11194, Avg: 11406.5, Max: 11584, Diff: 390, Sum: 45626, Workers: 4
[203.670s][debug][gc,phases      ] GC(14)   ResolvedMethodTable Weak       Min:  0.1, Avg:  0.1, Max:  0.1, Diff:  0.0, Sum:  0.2, Workers: 4
[203.670s][debug][gc,phases      ] GC(14)     Dead                           Min: 0, Avg:  0.0, Max: 0, Diff: 0, Sum: 0, Workers: 4
[203.670s][debug][gc,phases      ] GC(14)     Total                          Min: 3569, Avg: 3702.8, Max: 3805, Diff: 236, Sum: 14811, Workers: 4
[203.670s][debug][gc,phases      ] GC(14)   JNI Weak                       Min:  0.0, Avg:  0.0, Max:  0.0, Diff:  0.0, Sum:  0.0, Workers: 4
[203.670s][debug][gc,phases      ] GC(14)     Dead                           Min: 0, Avg:  0.0, Max: 0, Diff: 0, Sum: 0, Workers: 4
[203.670s][debug][gc,phases      ] GC(14)     Total                          Min: 0, Avg: 13.0, Max: 52, Diff: 52, Sum: 52, Workers: 4
[203.670s][debug][gc,phases      ] GC(14)   StringDedup Table Weak         Min:  0.0, Avg:  0.0, Max:  0.0, Diff:  0.0, Sum:  0.0, Workers: 4
[203.670s][debug][gc,phases      ] GC(14)     Dead                           Min: 0, Avg:  0.0, Max: 0, Diff: 0, Sum: 0, Workers: 4
[203.670s][debug][gc,phases      ] GC(14)     Total                          Min: 0, Avg:  0.0, Max: 0, Diff: 0, Sum: 0, Workers: 4
[203.670s][debug][gc,phases      ] GC(14)   StringDedup Requests0 Weak     Min:  0.0, Avg:  0.0, Max:  0.0, Diff:  0.0, Sum:  0.0, Workers: 4
[203.670s][debug][gc,phases      ] GC(14)     Dead                           Min: 0, Avg:  0.0, Max: 0, Diff: 0, Sum: 0, Workers: 4
[203.670s][debug][gc,phases      ] GC(14)     Total                          Min: 0, Avg:  0.0, Max: 0, Diff: 0, Sum: 0, Workers: 4
[203.671s][debug][gc,phases      ] GC(14)   StringDedup Requests1 Weak     Min:  0.0, Avg:  0.0, Max:  0.0, Diff:  0.0, Sum:  0.0, Workers: 4
[203.671s][debug][gc,phases      ] GC(14)     Dead                           Min: 0, Avg:  0.0, Max: 0, Diff: 0, Sum: 0, Workers: 4
[203.671s][debug][gc,phases      ] GC(14)     Total                          Min: 0, Avg:  0.0, Max: 0, Diff: 0, Sum: 0, Workers: 4
[203.671s][debug][gc,phases      ] GC(14)   Weak JFR Old Object Samples    Min:  0.0, Avg:  0.0, Max:  0.0, Diff:  0.0, Sum:  0.0, Workers: 4
[203.671s][debug][gc,phases      ] GC(14)     Dead                           Min: 0, Avg:  0.0, Max: 0, Diff: 0, Sum: 0, Workers: 4
[203.671s][debug][gc,phases      ] GC(14)     Total                          Min: 0, Avg:  0.0, Max: 0, Diff: 0, Sum: 0, Workers: 4
[203.671s][debug][gc,phases      ] GC(14) Weak Processing 0.492ms
[203.671s][debug][gc,phases      ] GC(14) ClassLoaderData 0.140ms
[203.671s][debug][gc,phases      ] GC(14) Trigger cleanups 0.000ms
[203.715s][debug][gc,phases      ] GC(14) Purge Unlinked NMethods 1.026ms
[203.715s][debug][gc,phases      ] GC(14) Unregister NMethods 0.001ms
[203.716s][debug][gc,phases      ] GC(14) Free Code Blobs 0.164ms
[203.716s][debug][gc,phases      ] GC(14) Class Unloading 45.109ms
[203.716s][debug][gc,phases      ] GC(14) Report Object Count 0.001ms
[203.716s][info ][gc,phases      ] GC(14) Marking Phase 124.053ms
[203.716s][info ][gc,phases,start] GC(14) Summary Phase
[203.716s][info ][gc,phases      ] GC(14) Summary Phase 0.012ms
[203.716s][info ][gc,phases,start] GC(14) Adjust Roots
[203.742s][info ][gc,phases      ] GC(14) Adjust Roots 26.670ms
[203.742s][info ][gc,phases,start] GC(14) Compaction Phase
[203.959s][info ][gc,phases      ] GC(14) Compaction Phase 216.280ms
[203.959s][info ][gc,phases,start] GC(14) Post Compact
[203.960s][debug][gc,phases      ] GC(14) Purge Class Loader Data 0.343ms
[203.960s][info ][gc,phases      ] GC(14) Post Compact 1.321ms
[203.960s][info ][gc,heap        ] GC(14) PSYoungGen: 3105K(1854464K)->0K(1854464K) Eden: 0K(1617920K)->0K(1617920K) From: 3105K(236544K)->0K(236544K)
[203.960s][info ][gc,heap        ] GC(14) ParOldGen: 223045K(223232K)->216161K(223232K)
[203.960s][info ][gc,metaspace   ] GC(14) Metaspace: 103872K(105152K)->103872K(105152K) NonClass: 88035K(88768K)->88035K(88768K) Class: 15837K(16384K)->15837K(16384K)
[203.960s][info ][gc             ] GC(14) Pause Full (CodeCache GC Threshold) 220M->211M(2029M) 368.513ms
[203.960s][info ][gc,cpu         ] GC(14) User=1.19s Sys=0.03s Real=0.37s
[203.960s][info ][safepoint      ] Safepoint "ParallelGCSystemGC", Time since last: 376892044 ns, Reaching safepoint: 6600 ns, Cleanup: 3900 ns, At safepoint: 376803810 ns, Total: 376814310 ns
[204.960s][info ][safepoint      ] Safepoint "Cleanup", Time since last: 1000095178 ns, Reaching safepoint: 79903 ns, Cleanup: 73303 ns, At safepoint: 7200 ns, Total: 160406 ns
[205.961s][info ][safepoint      ] Safepoint "Cleanup", Time since last: 1000124679 ns, Reaching safepoint: 77703 ns, Cleanup: 12101 ns, At safepoint: 6200 ns, Total: 96004 ns
[207.961s][info ][safepoint      ] Safepoint "Cleanup", Time since last: 2000202456 ns, Reaching safepoint: 82103 ns, Cleanup: 11401 ns, At safepoint: 7600 ns, Total: 101104 ns
[208.961s][info ][safepoint      ] Safepoint "Cleanup", Time since last: 1000124079 ns, Reaching safepoint: 81203 ns, Cleanup: 11901 ns, At safepoint: 5900 ns, Total: 99004 ns
[213.962s][info ][safepoint      ] Safepoint "Cleanup", Time since last: 5000437791 ns, Reaching safepoint: 82804 ns, Cleanup: 16800 ns, At safepoint: 7001 ns, Total: 106605 ns
[214.962s][info ][safepoint      ] Safepoint "Cleanup", Time since last: 1000137863 ns, Reaching safepoint: 83103 ns, Cleanup: 10800 ns, At safepoint: 6701 ns, Total: 100604 ns
[217.962s][info ][safepoint      ] Safepoint "Cleanup", Time since last: 3000292884 ns, Reaching safepoint: 82903 ns, Cleanup: 16101 ns, At safepoint: 7200 ns, Total: 106204 ns
[218.963s][info ][safepoint      ] Safepoint "Cleanup", Time since last: 1000126462 ns, Reaching safepoint: 79504 ns, Cleanup: 13100 ns, At safepoint: 6300 ns, Total: 98904 ns
[219.963s][info ][safepoint      ] Safepoint "Cleanup", Time since last: 1000113643 ns, Reaching safepoint: 79103 ns, Cleanup: 9801 ns, At safepoint: 5700 ns, Total: 94604 ns
[220.963s][info ][safepoint      ] Safepoint "Cleanup", Time since last: 1000131418 ns, Reaching safepoint: 84603 ns, Cleanup: 13601 ns, At safepoint: 7800 ns, Total: 106004 ns
[221.963s][info ][safepoint      ] Safepoint "Cleanup", Time since last: 1000120018 ns, Reaching safepoint: 79603 ns, Cleanup: 15601 ns, At safepoint: 5900 ns, Total: 101104 ns
[222.964s][info ][safepoint      ] Safepoint "Cleanup", Time since last: 1000135118 ns, Reaching safepoint: 155406 ns, Cleanup: 13201 ns, At safepoint: 10600 ns, Total: 179207 ns
[223.964s][info ][safepoint      ] Safepoint "Cleanup", Time since last: 1000127718 ns, Reaching safepoint: 76803 ns, Cleanup: 9901 ns, At safepoint: 6300 ns, Total: 93004 ns
[224.964s][info ][safepoint      ] Safepoint "Cleanup", Time since last: 1000136818 ns, Reaching safepoint: 100004 ns, Cleanup: 10300 ns, At safepoint: 8301 ns, Total: 118605 ns
[226.964s][info ][safepoint      ] Safepoint "Cleanup", Time since last: 2000181533 ns, Reaching safepoint: 77203 ns, Cleanup: 9600 ns, At safepoint: 5801 ns, Total: 92604 ns
[228.965s][info ][safepoint      ] Safepoint "Cleanup", Time since last: 2000200589 ns, Reaching safepoint: 80803 ns, Cleanup: 13300 ns, At safepoint: 7301 ns, Total: 101404 ns
[229.965s][info ][safepoint      ] Safepoint "Cleanup", Time since last: 1000137236 ns, Reaching safepoint: 81803 ns, Cleanup: 10501 ns, At safepoint: 7600 ns, Total: 99904 ns
[230.965s][info ][safepoint      ] Safepoint "Cleanup", Time since last: 1000124836 ns, Reaching safepoint: 79303 ns, Cleanup: 12300 ns, At safepoint: 7001 ns, Total: 98604 ns
[231.965s][info ][safepoint      ] Safepoint "Cleanup", Time since last: 1000131836 ns, Reaching safepoint: 78003 ns, Cleanup: 22901 ns, At safepoint: 8300 ns, Total: 109204 ns
[232.966s][info ][safepoint      ] Safepoint "Cleanup", Time since last: 1000110735 ns, Reaching safepoint: 77403 ns, Cleanup: 16301 ns, At safepoint: 6300 ns, Total: 100004 ns
[233.966s][info ][safepoint      ] Safepoint "Cleanup", Time since last: 1000115736 ns, Reaching safepoint: 79903 ns, Cleanup: 26101 ns, At safepoint: 6300 ns, Total: 112304 ns
[235.966s][info ][safepoint      ] Safepoint "Cleanup", Time since last: 2000212194 ns, Reaching safepoint: 6900 ns, Cleanup: 10501 ns, At safepoint: 2300 ns, Total: 19701 ns
[237.966s][info ][safepoint      ] Safepoint "Cleanup", Time since last: 2000199361 ns, Reaching safepoint: 6400 ns, Cleanup: 14301 ns, At safepoint: 2100 ns, Total: 22801 ns
[238.966s][info ][safepoint      ] Safepoint "Cleanup", Time since last: 1000126132 ns, Reaching safepoint: 82403 ns, Cleanup: 37401 ns, At safepoint: 7401 ns, Total: 127205 ns
[239.967s][info ][safepoint      ] Safepoint "Cleanup", Time since last: 1000122431 ns, Reaching safepoint: 6300 ns, Cleanup: 29601 ns, At safepoint: 2201 ns, Total: 38102 ns
[241.100s][info ][safepoint      ] Safepoint "Cleanup", Time since last: 1133508397 ns, Reaching safepoint: 7700 ns, Cleanup: 13201 ns, At safepoint: 1900 ns, Total: 22801 ns
[242.100s][info ][safepoint      ] Safepoint "Cleanup", Time since last: 1000112031 ns, Reaching safepoint: 6300 ns, Cleanup: 11400 ns, At safepoint: 2301 ns, Total: 20001 ns
[243.100s][info ][safepoint      ] Safepoint "Cleanup", Time since last: 1000116331 ns, Reaching safepoint: 6900 ns, Cleanup: 11401 ns, At safepoint: 2400 ns, Total: 20701 ns
[244.101s][info ][safepoint      ] Safepoint "Cleanup", Time since last: 1000114640 ns, Reaching safepoint: 6800 ns, Cleanup: 10400 ns, At safepoint: 2200 ns, Total: 19400 ns
[245.101s][info ][safepoint      ] Safepoint "Cleanup", Time since last: 1000113995 ns, Reaching safepoint: 7601 ns, Cleanup: 18700 ns, At safepoint: 2701 ns, Total: 29002 ns
[248.101s][info ][safepoint      ] Safepoint "Cleanup", Time since last: 3000207179 ns, Reaching safepoint: 6601 ns, Cleanup: 9400 ns, At safepoint: 2300 ns, Total: 18301 ns
[249.101s][info ][safepoint      ] Safepoint "Cleanup", Time since last: 1000117795 ns, Reaching safepoint: 6301 ns, Cleanup: 11100 ns, At safepoint: 2300 ns, Total: 19701 ns
[251.101s][info ][safepoint      ] Safepoint "Cleanup", Time since last: 2000180888 ns, Reaching safepoint: 6601 ns, Cleanup: 11400 ns, At safepoint: 2400 ns, Total: 20401 ns
[254.102s][info ][safepoint      ] Safepoint "Cleanup", Time since last: 3000260899 ns, Reaching safepoint: 6800 ns, Cleanup: 17401 ns, At safepoint: 2400 ns, Total: 26601 ns
[255.102s][info ][safepoint      ] Safepoint "Cleanup", Time since last: 1000108456 ns, Reaching safepoint: 6501 ns, Cleanup: 15900 ns, At safepoint: 2400 ns, Total: 24801 ns
[256.102s][info ][safepoint      ] Safepoint "Cleanup", Time since last: 1000115657 ns, Reaching safepoint: 7301 ns, Cleanup: 17100 ns, At safepoint: 2700 ns, Total: 27101 ns
[257.102s][info ][safepoint      ] Safepoint "Cleanup", Time since last: 1000124857 ns, Reaching safepoint: 6901 ns, Cleanup: 15400 ns, At safepoint: 2200 ns, Total: 24501 ns
[258.102s][info ][safepoint      ] Safepoint "Cleanup", Time since last: 1000119557 ns, Reaching safepoint: 6901 ns, Cleanup: 13300 ns, At safepoint: 2200 ns, Total: 22401 ns
[259.102s][info ][safepoint      ] Safepoint "Cleanup", Time since last: 1000117557 ns, Reaching safepoint: 7500 ns, Cleanup: 29302 ns, At safepoint: 2400 ns, Total: 39202 ns
[261.103s][info ][safepoint      ] Safepoint "Cleanup", Time since last: 2000201305 ns, Reaching safepoint: 6700 ns, Cleanup: 45102 ns, At safepoint: 2500 ns, Total: 54302 ns
[262.103s][info ][safepoint      ] Safepoint "Cleanup", Time since last: 1000132053 ns, Reaching safepoint: 6700 ns, Cleanup: 16701 ns, At safepoint: 2700 ns, Total: 26101 ns
[262.425s][info ][gc,start       ] GC(15) Pause Young (Allocation Failure)
[262.428s][debug][gc,phases      ] GC(15) Scavenge 2.919ms
[262.428s][debug][gc,ref         ] GC(15) ReferenceProcessor::execute queues: 1, RefProcThreadModel::Single, marks_oops_alive: false
[262.428s][debug][gc,ref         ] GC(15) Skipped KeepAliveFinalRefsPhase of Reference Processing: no references
[262.428s][debug][gc,ref         ] GC(15) ReferenceProcessor::execute queues: 1, RefProcThreadModel::Single, marks_oops_alive: false
[262.428s][debug][gc,phases      ] GC(15) Reference Processing 0.038ms
[262.429s][debug][gc,phases      ] GC(15)   VM Weak                        Min:  0.0, Avg:  0.0, Max:  0.0, Diff:  0.0, Sum:  0.0, Workers: 4
[262.429s][debug][gc,phases      ] GC(15)     Dead                           Min: 0, Avg:  0.0, Max: 0, Diff: 0, Sum: 0, Workers: 4
[262.429s][debug][gc,phases      ] GC(15)     Total                          Min: 0, Avg: 244.0, Max: 832, Diff: 832, Sum: 976, Workers: 4
[262.429s][debug][gc,phases      ] GC(15)   ObjectSynchronizer Weak        Min:  0.0, Avg:  0.0, Max:  0.0, Diff:  0.0, Sum:  0.0, Workers: 4
[262.429s][debug][gc,phases      ] GC(15)     Dead                           Min: 0, Avg:  0.0, Max: 0, Diff: 0, Sum: 0, Workers: 4
[262.429s][debug][gc,phases      ] GC(15)     Total                          Min: 0, Avg:  1.0, Max: 4, Diff: 4, Sum: 4, Workers: 4
[262.429s][debug][gc,phases      ] GC(15)   JVMTI Tag Weak OopStorage      Min:  0.0, Avg:  0.0, Max:  0.0, Diff:  0.0, Sum:  0.0, Workers: 4
[262.429s][debug][gc,phases      ] GC(15)     Dead                           Min: 0, Avg:  0.0, Max: 0, Diff: 0, Sum: 0, Workers: 4
[262.429s][debug][gc,phases      ] GC(15)     Total                          Min: 0, Avg:  0.0, Max: 0, Diff: 0, Sum: 0, Workers: 4
[262.429s][debug][gc,phases      ] GC(15)   StringTable Weak               Min:  0.0, Avg:  0.1, Max:  0.1, Diff:  0.1, Sum:  0.4, Workers: 4
[262.429s][debug][gc,phases      ] GC(15)     Dead                           Min: 0, Avg:  0.5, Max: 2, Diff: 2, Sum: 2, Workers: 4
[262.429s][debug][gc,phases      ] GC(15)     Total                          Min: 0, Avg: 11418.8, Max: 15917, Diff: 15917, Sum: 45675, Workers: 4
[262.429s][debug][gc,phases      ] GC(15)   ResolvedMethodTable Weak       Min:  0.0, Avg:  0.0, Max:  0.1, Diff:  0.1, Sum:  0.2, Workers: 4
[262.429s][debug][gc,phases      ] GC(15)     Dead                           Min: 0, Avg:  4.8, Max: 18, Diff: 18, Sum: 19, Workers: 4
[262.429s][debug][gc,phases      ] GC(15)     Total                          Min: 0, Avg: 3712.0, Max: 5049, Diff: 5049, Sum: 14848, Workers: 4
[262.429s][debug][gc,phases      ] GC(15)   JNI Weak                       Min:  0.0, Avg:  0.0, Max:  0.0, Diff:  0.0, Sum:  0.0, Workers: 4
[262.429s][debug][gc,phases      ] GC(15)     Dead                           Min: 0, Avg:  0.0, Max: 0, Diff: 0, Sum: 0, Workers: 4
[262.429s][debug][gc,phases      ] GC(15)     Total                          Min: 0, Avg: 13.0, Max: 52, Diff: 52, Sum: 52, Workers: 4
[262.429s][debug][gc,phases      ] GC(15)   StringDedup Table Weak         Min:  0.0, Avg:  0.0, Max:  0.0, Diff:  0.0, Sum:  0.0, Workers: 4
[262.429s][debug][gc,phases      ] GC(15)     Dead                           Min: 0, Avg:  0.0, Max: 0, Diff: 0, Sum: 0, Workers: 4
[262.429s][debug][gc,phases      ] GC(15)     Total                          Min: 0, Avg:  0.0, Max: 0, Diff: 0, Sum: 0, Workers: 4
[262.429s][debug][gc,phases      ] GC(15)   StringDedup Requests0 Weak     Min:  0.0, Avg:  0.0, Max:  0.0, Diff:  0.0, Sum:  0.0, Workers: 4
[262.429s][debug][gc,phases      ] GC(15)     Dead                           Min: 0, Avg:  0.0, Max: 0, Diff: 0, Sum: 0, Workers: 4
[262.429s][debug][gc,phases      ] GC(15)     Total                          Min: 0, Avg:  0.0, Max: 0, Diff: 0, Sum: 0, Workers: 4
[262.429s][debug][gc,phases      ] GC(15)   StringDedup Requests1 Weak     Min:  0.0, Avg:  0.0, Max:  0.0, Diff:  0.0, Sum:  0.0, Workers: 4
[262.429s][debug][gc,phases      ] GC(15)     Dead                           Min: 0, Avg:  0.0, Max: 0, Diff: 0, Sum: 0, Workers: 4
[262.429s][debug][gc,phases      ] GC(15)     Total                          Min: 0, Avg:  0.0, Max: 0, Diff: 0, Sum: 0, Workers: 4
[262.429s][debug][gc,phases      ] GC(15)   Weak JFR Old Object Samples    Min:  0.0, Avg:  0.0, Max:  0.0, Diff:  0.0, Sum:  0.0, Workers: 4
[262.429s][debug][gc,phases      ] GC(15)     Dead                           Min: 0, Avg:  0.0, Max: 0, Diff: 0, Sum: 0, Workers: 4
[262.429s][debug][gc,phases      ] GC(15)     Total                          Min: 0, Avg:  0.0, Max: 0, Diff: 0, Sum: 0, Workers: 4
[262.429s][debug][gc,phases      ] GC(15) Weak Processing 0.429ms
[262.429s][debug][gc,age         ] GC(15) Desired survivor size 245891072 bytes, new threshold 1 (max threshold 15)
[262.429s][info ][gc,heap        ] GC(15) PSYoungGen: 1617920K(1854464K)->3420K(1621504K) Eden: 1617920K(1617920K)->0K(1617920K) From: 0K(236544K)->3420K(3584K)
[262.429s][info ][gc,heap        ] GC(15) ParOldGen: 216161K(223232K)->216169K(223232K)
[262.429s][info ][gc,metaspace   ] GC(15) Metaspace: 104025K(105344K)->104025K(105344K) NonClass: 88177K(88960K)->88177K(88960K) Class: 15847K(16384K)->15847K(16384K)
[262.429s][info ][gc             ] GC(15) Pause Young (Allocation Failure) 1791M->214M(1801M) 3.510ms
[262.429s][info ][gc,cpu         ] GC(15) User=0.01s Sys=0.00s Real=0.01s
[262.429s][info ][safepoint      ] Safepoint "ParallelGCFailedAllocation", Time since last: 322518132 ns, Reaching safepoint: 4800 ns, Cleanup: 18601 ns, At safepoint: 3581838 ns, Total: 3605239 ns
[263.429s][info ][safepoint      ] Safepoint "Cleanup", Time since last: 1000086351 ns, Reaching safepoint: 5700 ns, Cleanup: 35702 ns, At safepoint: 2000 ns, Total: 43402 ns
[264.429s][info ][safepoint      ] Safepoint "Cleanup", Time since last: 1000111552 ns, Reaching safepoint: 6200 ns, Cleanup: 35201 ns, At safepoint: 2101 ns, Total: 43502 ns
[265.429s][info ][safepoint      ] Safepoint "Cleanup", Time since last: 1000112052 ns, Reaching safepoint: 5300 ns, Cleanup: 9900 ns, At safepoint: 2000 ns, Total: 17200 ns
[266.429s][info ][safepoint      ] Safepoint "Cleanup", Time since last: 1000152254 ns, Reaching safepoint: 6900 ns, Cleanup: 20801 ns, At safepoint: 2700 ns, Total: 30401 ns
[267.430s][info ][safepoint      ] Safepoint "Cleanup", Time since last: 1000111852 ns, Reaching safepoint: 5500 ns, Cleanup: 7500 ns, At safepoint: 2001 ns, Total: 15001 ns
[268.430s][info ][safepoint      ] Safepoint "Cleanup", Time since last: 1000109725 ns, Reaching safepoint: 6000 ns, Cleanup: 15001 ns, At safepoint: 2300 ns, Total: 23301 ns
[269.430s][info ][safepoint      ] Safepoint "Cleanup", Time since last: 1000108799 ns, Reaching safepoint: 5501 ns, Cleanup: 8000 ns, At safepoint: 2300 ns, Total: 15801 ns
[270.430s][info ][safepoint      ] Safepoint "Cleanup", Time since last: 1000098299 ns, Reaching safepoint: 5500 ns, Cleanup: 9600 ns, At safepoint: 1901 ns, Total: 17001 ns
[271.430s][info ][safepoint      ] Safepoint "Cleanup", Time since last: 1000122499 ns, Reaching safepoint: 6101 ns, Cleanup: 10000 ns, At safepoint: 2200 ns, Total: 18301 ns
[272.430s][info ][safepoint      ] Safepoint "Cleanup", Time since last: 1000119600 ns, Reaching safepoint: 6500 ns, Cleanup: 14101 ns, At safepoint: 2200 ns, Total: 22801 ns
[273.430s][info ][safepoint      ] Safepoint "Cleanup", Time since last: 1000110899 ns, Reaching safepoint: 5500 ns, Cleanup: 10701 ns, At safepoint: 2400 ns, Total: 18601 ns
[274.430s][info ][safepoint      ] Safepoint "Cleanup", Time since last: 1000110299 ns, Reaching safepoint: 5401 ns, Cleanup: 6300 ns, At safepoint: 2200 ns, Total: 13901 ns
[275.431s][info ][safepoint      ] Safepoint "Cleanup", Time since last: 1000120220 ns, Reaching safepoint: 6301 ns, Cleanup: 10700 ns, At safepoint: 2200 ns, Total: 19201 ns
[277.431s][info ][safepoint      ] Safepoint "Cleanup", Time since last: 2000187909 ns, Reaching safepoint: 6201 ns, Cleanup: 13000 ns, At safepoint: 2500 ns, Total: 21701 ns
[278.431s][info ][safepoint      ] Safepoint "Cleanup", Time since last: 1000118390 ns, Reaching safepoint: 5400 ns, Cleanup: 12101 ns, At safepoint: 2200 ns, Total: 19701 ns
[281.431s][info ][safepoint      ] Safepoint "Cleanup", Time since last: 3000420306 ns, Reaching safepoint: 6100 ns, Cleanup: 7700 ns, At safepoint: 2400 ns, Total: 16200 ns
[284.432s][info ][safepoint      ] Safepoint "Cleanup", Time since last: 3000260847 ns, Reaching safepoint: 6400 ns, Cleanup: 9600 ns, At safepoint: 2201 ns, Total: 18201 ns
[285.432s][info ][safepoint      ] Safepoint "Cleanup", Time since last: 1000116281 ns, Reaching safepoint: 5500 ns, Cleanup: 15701 ns, At safepoint: 2100 ns, Total: 23301 ns
[286.432s][info ][safepoint      ] Safepoint "Cleanup", Time since last: 1000113881 ns, Reaching safepoint: 6500 ns, Cleanup: 12300 ns, At safepoint: 2400 ns, Total: 21200 ns
[287.432s][info ][safepoint      ] Safepoint "Cleanup", Time since last: 1000110982 ns, Reaching safepoint: 5400 ns, Cleanup: 10200 ns, At safepoint: 2100 ns, Total: 17700 ns
[289.432s][info ][safepoint      ] Safepoint "Cleanup", Time since last: 2000179737 ns, Reaching safepoint: 5700 ns, Cleanup: 10201 ns, At safepoint: 2100 ns, Total: 18001 ns
[292.433s][info ][safepoint      ] Safepoint "Cleanup", Time since last: 3000254545 ns, Reaching safepoint: 6000 ns, Cleanup: 14700 ns, At safepoint: 2200 ns, Total: 22900 ns
[294.433s][info ][safepoint      ] Safepoint "Cleanup", Time since last: 2000182991 ns, Reaching safepoint: 5900 ns, Cleanup: 13901 ns, At safepoint: 2300 ns, Total: 22101 ns
[295.433s][info ][safepoint      ] Safepoint "Cleanup", Time since last: 1000119446 ns, Reaching safepoint: 6401 ns, Cleanup: 9300 ns, At safepoint: 2400 ns, Total: 18101 ns
[296.433s][info ][safepoint      ] Safepoint "Cleanup", Time since last: 1000114846 ns, Reaching safepoint: 6301 ns, Cleanup: 16000 ns, At safepoint: 2100 ns, Total: 24401 ns
[299.433s][info ][safepoint      ] Safepoint "Cleanup", Time since last: 3000247262 ns, Reaching safepoint: 5400 ns, Cleanup: 9001 ns, At safepoint: 2400 ns, Total: 16801 ns
[301.118s][info ][safepoint      ] Safepoint "Cleanup", Time since last: 1684723605 ns, Reaching safepoint: 6201 ns, Cleanup: 13600 ns, At safepoint: 2400 ns, Total: 22201 ns
[302.118s][info ][safepoint      ] Safepoint "Cleanup", Time since last: 1000144905 ns, Reaching safepoint: 7300 ns, Cleanup: 11501 ns, At safepoint: 1900 ns, Total: 20701 ns
[303.118s][info ][safepoint      ] Safepoint "Cleanup", Time since last: 1000115504 ns, Reaching safepoint: 6300 ns, Cleanup: 10200 ns, At safepoint: 2401 ns, Total: 18901 ns
[306.119s][info ][safepoint      ] Safepoint "Cleanup", Time since last: 3000253608 ns, Reaching safepoint: 6300 ns, Cleanup: 7800 ns, At safepoint: 2300 ns, Total: 16400 ns
[308.119s][info ][safepoint      ] Safepoint "Cleanup", Time since last: 2000188946 ns, Reaching safepoint: 6801 ns, Cleanup: 13100 ns, At safepoint: 2200 ns, Total: 22101 ns
[310.119s][info ][safepoint      ] Safepoint "Cleanup", Time since last: 2000189771 ns, Reaching safepoint: 7000 ns, Cleanup: 16401 ns, At safepoint: 2600 ns, Total: 26001 ns
[311.826s][info ][safepoint      ] Safepoint "Cleanup", Time since last: 1706854147 ns, Reaching safepoint: 2900 ns, Cleanup: 24601 ns, At safepoint: 5300 ns, Total: 32801 ns
[312.926s][info ][safepoint      ] Safepoint "Cleanup", Time since last: 1100421056 ns, Reaching safepoint: 6000 ns, Cleanup: 137605 ns, At safepoint: 2600 ns, Total: 146205 ns
[313.927s][info ][safepoint      ] Safepoint "Cleanup", Time since last: 1000117087 ns, Reaching safepoint: 5400 ns, Cleanup: 21601 ns, At safepoint: 1900 ns, Total: 28901 ns
[314.927s][info ][safepoint      ] Safepoint "Cleanup", Time since last: 1000112886 ns, Reaching safepoint: 5800 ns, Cleanup: 19001 ns, At safepoint: 2100 ns, Total: 26901 ns
[316.927s][info ][safepoint      ] Safepoint "Cleanup", Time since last: 2000186242 ns, Reaching safepoint: 6300 ns, Cleanup: 10301 ns, At safepoint: 2300 ns, Total: 18901 ns
[317.927s][info ][safepoint      ] Safepoint "Cleanup", Time since last: 1000114064 ns, Reaching safepoint: 6000 ns, Cleanup: 12201 ns, At safepoint: 29901 ns, Total: 48102 ns
[318.274s][info ][gc,start       ] GC(16) Pause Young (Allocation Failure)
[318.277s][debug][gc,phases      ] GC(16) Scavenge 2.623ms
[318.277s][debug][gc,ref         ] GC(16) ReferenceProcessor::execute queues: 1, RefProcThreadModel::Single, marks_oops_alive: false
[318.277s][debug][gc,ref         ] GC(16) Skipped KeepAliveFinalRefsPhase of Reference Processing: no references
[318.277s][debug][gc,ref         ] GC(16) ReferenceProcessor::execute queues: 1, RefProcThreadModel::Single, marks_oops_alive: false
[318.277s][debug][gc,phases      ] GC(16) Reference Processing 0.115ms
[318.278s][debug][gc,phases      ] GC(16)   VM Weak                        Min:  0.0, Avg:  0.0, Max:  0.0, Diff:  0.0, Sum:  0.0, Workers: 4
[318.278s][debug][gc,phases      ] GC(16)     Dead                           Min: 0, Avg:  0.0, Max: 0, Diff: 0, Sum: 0, Workers: 4
[318.278s][debug][gc,phases      ] GC(16)     Total                          Min: 0, Avg: 246.0, Max: 768, Diff: 768, Sum: 984, Workers: 4
[318.278s][debug][gc,phases      ] GC(16)   ObjectSynchronizer Weak        Min:  0.0, Avg:  0.0, Max:  0.0, Diff:  0.0, Sum:  0.0, Workers: 4
[318.278s][debug][gc,phases      ] GC(16)     Dead                           Min: 0, Avg:  0.0, Max: 0, Diff: 0, Sum: 0, Workers: 4
[318.278s][debug][gc,phases      ] GC(16)     Total                          Min: 0, Avg:  0.8, Max: 3, Diff: 3, Sum: 3, Workers: 4
[318.278s][debug][gc,phases      ] GC(16)   JVMTI Tag Weak OopStorage      Min:  0.0, Avg:  0.0, Max:  0.0, Diff:  0.0, Sum:  0.0, Workers: 4
[318.278s][debug][gc,phases      ] GC(16)     Dead                           Min: 0, Avg:  0.0, Max: 0, Diff: 0, Sum: 0, Workers: 4
[318.278s][debug][gc,phases      ] GC(16)     Total                          Min: 0, Avg:  0.0, Max: 0, Diff: 0, Sum: 0, Workers: 4
[318.278s][debug][gc,phases      ] GC(16)   StringTable Weak               Min:  0.0, Avg:  0.1, Max:  0.1, Diff:  0.1, Sum:  0.4, Workers: 4
[318.278s][debug][gc,phases      ] GC(16)     Dead                           Min: 0, Avg:  0.5, Max: 1, Diff: 1, Sum: 2, Workers: 4
[318.278s][debug][gc,phases      ] GC(16)     Total                          Min: 0, Avg: 11445.5, Max: 17216, Diff: 17216, Sum: 45782, Workers: 4
[318.278s][debug][gc,phases      ] GC(16)   ResolvedMethodTable Weak       Min:  0.0, Avg:  0.0, Max:  0.1, Diff:  0.1, Sum:  0.2, Workers: 4
[318.278s][debug][gc,phases      ] GC(16)     Dead                           Min: 0, Avg:  8.8, Max: 12, Diff: 12, Sum: 35, Workers: 4
[318.278s][debug][gc,phases      ] GC(16)     Total                          Min: 0, Avg: 3733.8, Max: 5623, Diff: 5623, Sum: 14935, Workers: 4
[318.278s][debug][gc,phases      ] GC(16)   JNI Weak                       Min:  0.0, Avg:  0.0, Max:  0.0, Diff:  0.0, Sum:  0.0, Workers: 4
[318.278s][debug][gc,phases      ] GC(16)     Dead                           Min: 0, Avg:  0.0, Max: 0, Diff: 0, Sum: 0, Workers: 4
[318.278s][debug][gc,phases      ] GC(16)     Total                          Min: 0, Avg: 13.0, Max: 52, Diff: 52, Sum: 52, Workers: 4
[318.278s][debug][gc,phases      ] GC(16)   StringDedup Table Weak         Min:  0.0, Avg:  0.0, Max:  0.0, Diff:  0.0, Sum:  0.0, Workers: 4
[318.278s][debug][gc,phases      ] GC(16)     Dead                           Min: 0, Avg:  0.0, Max: 0, Diff: 0, Sum: 0, Workers: 4
[318.278s][debug][gc,phases      ] GC(16)     Total                          Min: 0, Avg:  0.0, Max: 0, Diff: 0, Sum: 0, Workers: 4
[318.278s][debug][gc,phases      ] GC(16)   StringDedup Requests0 Weak     Min:  0.0, Avg:  0.0, Max:  0.0, Diff:  0.0, Sum:  0.0, Workers: 4
[318.278s][debug][gc,phases      ] GC(16)     Dead                           Min: 0, Avg:  0.0, Max: 0, Diff: 0, Sum: 0, Workers: 4
[318.278s][debug][gc,phases      ] GC(16)     Total                          Min: 0, Avg:  0.0, Max: 0, Diff: 0, Sum: 0, Workers: 4
[318.278s][debug][gc,phases      ] GC(16)   StringDedup Requests1 Weak     Min:  0.0, Avg:  0.0, Max:  0.0, Diff:  0.0, Sum:  0.0, Workers: 4
[318.278s][debug][gc,phases      ] GC(16)     Dead                           Min: 0, Avg:  0.0, Max: 0, Diff: 0, Sum: 0, Workers: 4
[318.278s][debug][gc,phases      ] GC(16)     Total                          Min: 0, Avg:  0.0, Max: 0, Diff: 0, Sum: 0, Workers: 4
[318.278s][debug][gc,phases      ] GC(16)   Weak JFR Old Object Samples    Min:  0.0, Avg:  0.0, Max:  0.0, Diff:  0.0, Sum:  0.0, Workers: 4
[318.278s][debug][gc,phases      ] GC(16)     Dead                           Min: 0, Avg:  0.0, Max: 0, Diff: 0, Sum: 0, Workers: 4
[318.278s][debug][gc,phases      ] GC(16)     Total                          Min: 0, Avg:  0.0, Max: 0, Diff: 0, Sum: 0, Workers: 4
[318.278s][debug][gc,phases      ] GC(16) Weak Processing 0.432ms
[318.278s][debug][gc,age         ] GC(16) Desired survivor size 243793920 bytes, new threshold 1 (max threshold 15)
[318.278s][info ][gc,heap        ] GC(16) PSYoungGen: 1621340K(1621504K)->3152K(1859072K) Eden: 1617920K(1617920K)->0K(1618944K) From: 3420K(3584K)->3152K(240128K)
[318.278s][info ][gc,heap        ] GC(16) ParOldGen: 216169K(223232K)->217336K(223232K)
[318.278s][info ][gc,metaspace   ] GC(16) Metaspace: 104475K(105792K)->104475K(105792K) NonClass: 88582K(89344K)->88582K(89344K) Class: 15892K(16448K)->15892K(16448K)
[318.278s][info ][gc             ] GC(16) Pause Young (Allocation Failure) 1794M->215M(2033M) 3.306ms
[318.278s][info ][gc,cpu         ] GC(16) User=0.01s Sys=0.00s Real=0.01s
[318.278s][info ][safepoint      ] Safepoint "ParallelGCFailedAllocation", Time since last: 347165682 ns, Reaching safepoint: 147906 ns, Cleanup: 3300 ns, At safepoint: 3390930 ns, Total: 3542136 ns
[319.278s][info ][safepoint      ] Safepoint "Cleanup", Time since last: 1000089663 ns, Reaching safepoint: 5800 ns, Cleanup: 13000 ns, At safepoint: 2401 ns, Total: 21201 ns
[320.278s][info ][safepoint      ] Safepoint "Cleanup", Time since last: 1000112364 ns, Reaching safepoint: 6600 ns, Cleanup: 14600 ns, At safepoint: 2200 ns, Total: 23400 ns
[321.278s][info ][safepoint      ] Safepoint "Cleanup", Time since last: 1000114565 ns, Reaching safepoint: 7100 ns, Cleanup: 15300 ns, At safepoint: 2300 ns, Total: 24700 ns
[322.278s][info ][safepoint      ] Safepoint "Cleanup", Time since last: 1000115465 ns, Reaching safepoint: 6100 ns, Cleanup: 12300 ns, At safepoint: 2100 ns, Total: 20500 ns
[325.180s][info ][safepoint      ] Safepoint "Cleanup", Time since last: 2901691743 ns, Reaching safepoint: 5801 ns, Cleanup: 38701 ns, At safepoint: 2100 ns, Total: 46602 ns
[326.180s][info ][safepoint      ] Safepoint "Cleanup", Time since last: 1000150559 ns, Reaching safepoint: 7400 ns, Cleanup: 20301 ns, At safepoint: 2500 ns, Total: 30201 ns
[327.181s][info ][safepoint      ] Safepoint "Cleanup", Time since last: 1000311365 ns, Reaching safepoint: 7100 ns, Cleanup: 42702 ns, At safepoint: 2400 ns, Total: 52202 ns
[328.181s][info ][safepoint      ] Safepoint "Cleanup", Time since last: 1000120157 ns, Reaching safepoint: 7101 ns, Cleanup: 11200 ns, At safepoint: 2100 ns, Total: 20401 ns
[329.181s][info ][safepoint      ] Safepoint "Cleanup", Time since last: 1000071456 ns, Reaching safepoint: 5900 ns, Cleanup: 13701 ns, At safepoint: 2000 ns, Total: 21601 ns
[330.181s][info ][safepoint      ] Safepoint "Cleanup", Time since last: 1000117357 ns, Reaching safepoint: 5800 ns, Cleanup: 10201 ns, At safepoint: 2200 ns, Total: 18201 ns
[333.181s][info ][safepoint      ] Safepoint "Cleanup", Time since last: 3000261476 ns, Reaching safepoint: 7000 ns, Cleanup: 8800 ns, At safepoint: 2400 ns, Total: 18200 ns
[334.181s][info ][safepoint      ] Safepoint "Cleanup", Time since last: 1000150690 ns, Reaching safepoint: 7200 ns, Cleanup: 11001 ns, At safepoint: 2700 ns, Total: 20901 ns
[335.182s][info ][safepoint      ] Safepoint "Cleanup", Time since last: 1000126589 ns, Reaching safepoint: 6400 ns, Cleanup: 12001 ns, At safepoint: 2200 ns, Total: 20601 ns
[336.182s][info ][safepoint      ] Safepoint "Cleanup", Time since last: 1000122988 ns, Reaching safepoint: 6101 ns, Cleanup: 9700 ns, At safepoint: 2600 ns, Total: 18401 ns
[339.182s][info ][safepoint      ] Safepoint "Cleanup", Time since last: 3000316544 ns, Reaching safepoint: 8200 ns, Cleanup: 19201 ns, At safepoint: 3100 ns, Total: 30501 ns
[340.182s][info ][safepoint      ] Safepoint "Cleanup", Time since last: 1000143193 ns, Reaching safepoint: 6000 ns, Cleanup: 11600 ns, At safepoint: 2300 ns, Total: 19900 ns
[342.182s][info ][safepoint      ] Safepoint "Cleanup", Time since last: 2000211893 ns, Reaching safepoint: 6200 ns, Cleanup: 13401 ns, At safepoint: 2200 ns, Total: 21801 ns
[346.183s][info ][safepoint      ] Safepoint "Cleanup", Time since last: 4000332082 ns, Reaching safepoint: 6200 ns, Cleanup: 11200 ns, At safepoint: 2200 ns, Total: 19600 ns
[348.183s][info ][safepoint      ] Safepoint "Cleanup", Time since last: 2000188939 ns, Reaching safepoint: 6500 ns, Cleanup: 9600 ns, At safepoint: 29002 ns, Total: 45102 ns
[351.183s][info ][safepoint      ] Safepoint "Cleanup", Time since last: 3000252368 ns, Reaching safepoint: 6401 ns, Cleanup: 11100 ns, At safepoint: 2400 ns, Total: 19901 ns
[352.183s][info ][safepoint      ] Safepoint "Cleanup", Time since last: 1000112691 ns, Reaching safepoint: 5700 ns, Cleanup: 8600 ns, At safepoint: 2500 ns, Total: 16800 ns
[355.184s][info ][safepoint      ] Safepoint "Cleanup", Time since last: 3000263970 ns, Reaching safepoint: 5900 ns, Cleanup: 12700 ns, At safepoint: 2401 ns, Total: 21001 ns
[357.184s][info ][safepoint      ] Safepoint "Cleanup", Time since last: 2000181878 ns, Reaching safepoint: 6600 ns, Cleanup: 9000 ns, At safepoint: 2200 ns, Total: 17800 ns
[359.184s][info ][safepoint      ] Safepoint "Cleanup", Time since last: 2000200080 ns, Reaching safepoint: 5900 ns, Cleanup: 10101 ns, At safepoint: 2300 ns, Total: 18301 ns
[361.135s][info ][safepoint      ] Safepoint "Cleanup", Time since last: 1951209723 ns, Reaching safepoint: 5501 ns, Cleanup: 27401 ns, At safepoint: 2100 ns, Total: 35002 ns
[362.136s][info ][safepoint      ] Safepoint "Cleanup", Time since last: 1000110990 ns, Reaching safepoint: 7900 ns, Cleanup: 13901 ns, At safepoint: 2200 ns, Total: 24001 ns
[365.136s][info ][safepoint      ] Safepoint "Cleanup", Time since last: 3000250319 ns, Reaching safepoint: 6900 ns, Cleanup: 11101 ns, At safepoint: 2400 ns, Total: 20401 ns
[368.136s][info ][safepoint      ] Safepoint "Cleanup", Time since last: 3000317000 ns, Reaching safepoint: 9101 ns, Cleanup: 16400 ns, At safepoint: 2900 ns, Total: 28401 ns
[369.136s][info ][safepoint      ] Safepoint "Cleanup", Time since last: 1000134002 ns, Reaching safepoint: 7000 ns, Cleanup: 15200 ns, At safepoint: 2300 ns, Total: 24500 ns
[370.136s][info ][safepoint      ] Safepoint "Cleanup", Time since last: 1000125201 ns, Reaching safepoint: 8501 ns, Cleanup: 20700 ns, At safepoint: 2400 ns, Total: 31601 ns
[373.064s][info ][gc,start       ] GC(17) Pause Young (Allocation Failure)
[373.066s][debug][gc,phases      ] GC(17) Scavenge 2.761ms
[373.067s][debug][gc,ref         ] GC(17) ReferenceProcessor::execute queues: 1, RefProcThreadModel::Single, marks_oops_alive: false
[373.067s][debug][gc,ref         ] GC(17) Skipped KeepAliveFinalRefsPhase of Reference Processing: no references
[373.067s][debug][gc,ref         ] GC(17) ReferenceProcessor::execute queues: 1, RefProcThreadModel::Single, marks_oops_alive: false
[373.067s][debug][gc,phases      ] GC(17) Reference Processing 0.126ms
[373.067s][debug][gc,phases      ] GC(17)   VM Weak                        Min:  0.0, Avg:  0.0, Max:  0.0, Diff:  0.0, Sum:  0.0, Workers: 4
[373.067s][debug][gc,phases      ] GC(17)     Dead                           Min: 0, Avg:  0.0, Max: 0, Diff: 0, Sum: 0, Workers: 4
[373.067s][debug][gc,phases      ] GC(17)     Total                          Min: 0, Avg: 248.8, Max: 931, Diff: 931, Sum: 995, Workers: 4
[373.067s][debug][gc,phases      ] GC(17)   ObjectSynchronizer Weak        Min:  0.0, Avg:  0.0, Max:  0.0, Diff:  0.0, Sum:  0.0, Workers: 4
[373.067s][debug][gc,phases      ] GC(17)     Dead                           Min: 0, Avg:  0.0, Max: 0, Diff: 0, Sum: 0, Workers: 4
[373.067s][debug][gc,phases      ] GC(17)     Total                          Min: 0, Avg:  1.0, Max: 4, Diff: 4, Sum: 4, Workers: 4
[373.067s][debug][gc,phases      ] GC(17)   JVMTI Tag Weak OopStorage      Min:  0.0, Avg:  0.0, Max:  0.0, Diff:  0.0, Sum:  0.0, Workers: 4
[373.067s][debug][gc,phases      ] GC(17)     Dead                           Min: 0, Avg:  0.0, Max: 0, Diff: 0, Sum: 0, Workers: 4
[373.067s][debug][gc,phases      ] GC(17)     Total                          Min: 0, Avg:  0.0, Max: 0, Diff: 0, Sum: 0, Workers: 4
[373.067s][debug][gc,phases      ] GC(17)   StringTable Weak               Min:  0.0, Avg:  0.1, Max:  0.1, Diff:  0.1, Sum:  0.4, Workers: 4
[373.067s][debug][gc,phases      ] GC(17)     Dead                           Min: 0, Avg:  0.0, Max: 0, Diff: 0, Sum: 0, Workers: 4
[373.067s][debug][gc,phases      ] GC(17)     Total                          Min: 0, Avg: 11460.2, Max: 16465, Diff: 16465, Sum: 45841, Workers: 4
[373.067s][debug][gc,phases      ] GC(17)   ResolvedMethodTable Weak       Min:  0.0, Avg:  0.0, Max:  0.1, Diff:  0.1, Sum:  0.2, Workers: 4
[373.067s][debug][gc,phases      ] GC(17)     Dead                           Min: 0, Avg:  4.0, Max: 8, Diff: 8, Sum: 16, Workers: 4
[373.067s][debug][gc,phases      ] GC(17)     Total                          Min: 0, Avg: 3743.5, Max: 5271, Diff: 5271, Sum: 14974, Workers: 4
[373.067s][debug][gc,phases      ] GC(17)   JNI Weak                       Min:  0.0, Avg:  0.0, Max:  0.0, Diff:  0.0, Sum:  0.0, Workers: 4
[373.067s][debug][gc,phases      ] GC(17)     Dead                           Min: 0, Avg:  0.0, Max: 0, Diff: 0, Sum: 0, Workers: 4
[373.067s][debug][gc,phases      ] GC(17)     Total                          Min: 0, Avg: 13.0, Max: 52, Diff: 52, Sum: 52, Workers: 4
[373.067s][debug][gc,phases      ] GC(17)   StringDedup Table Weak         Min:  0.0, Avg:  0.0, Max:  0.0, Diff:  0.0, Sum:  0.0, Workers: 4
[373.067s][debug][gc,phases      ] GC(17)     Dead                           Min: 0, Avg:  0.0, Max: 0, Diff: 0, Sum: 0, Workers: 4
[373.067s][debug][gc,phases      ] GC(17)     Total                          Min: 0, Avg:  0.0, Max: 0, Diff: 0, Sum: 0, Workers: 4
[373.067s][debug][gc,phases      ] GC(17)   StringDedup Requests0 Weak     Min:  0.0, Avg:  0.0, Max:  0.0, Diff:  0.0, Sum:  0.0, Workers: 4
[373.067s][debug][gc,phases      ] GC(17)     Dead                           Min: 0, Avg:  0.0, Max: 0, Diff: 0, Sum: 0, Workers: 4
[373.067s][debug][gc,phases      ] GC(17)     Total                          Min: 0, Avg:  0.0, Max: 0, Diff: 0, Sum: 0, Workers: 4
[373.067s][debug][gc,phases      ] GC(17)   StringDedup Requests1 Weak     Min:  0.0, Avg:  0.0, Max:  0.0, Diff:  0.0, Sum:  0.0, Workers: 4
[373.067s][debug][gc,phases      ] GC(17)     Dead                           Min: 0, Avg:  0.0, Max: 0, Diff: 0, Sum: 0, Workers: 4
[373.067s][debug][gc,phases      ] GC(17)     Total                          Min: 0, Avg:  0.0, Max: 0, Diff: 0, Sum: 0, Workers: 4
[373.067s][debug][gc,phases      ] GC(17)   Weak JFR Old Object Samples    Min:  0.0, Avg:  0.0, Max:  0.0, Diff:  0.0, Sum:  0.0, Workers: 4
[373.067s][debug][gc,phases      ] GC(17)     Dead                           Min: 0, Avg:  0.0, Max: 0, Diff: 0, Sum: 0, Workers: 4
[373.067s][debug][gc,phases      ] GC(17)     Total                          Min: 0, Avg:  0.0, Max: 0, Diff: 0, Sum: 0, Workers: 4
[373.067s][debug][gc,phases      ] GC(17) Weak Processing 0.433ms
[373.067s][debug][gc,age         ] GC(17) Desired survivor size 239599616 bytes, new threshold 1 (max threshold 15)
[373.067s][info ][gc,heap        ] GC(17) PSYoungGen: 1622096K(1859072K)->2816K(1857024K) Eden: 1618944K(1618944K)->0K(1618944K) From: 3152K(240128K)->2816K(238080K)
[373.067s][info ][gc,heap        ] GC(17) ParOldGen: 217336K(223232K)->218364K(223232K)
[373.067s][info ][gc,metaspace   ] GC(17) Metaspace: 104567K(105856K)->104567K(105856K) NonClass: 88663K(89408K)->88663K(89408K) Class: 15903K(16448K)->15903K(16448K)
[373.067s][info ][gc             ] GC(17) Pause Young (Allocation Failure) 1796M->215M(2031M) 3.454ms
[373.067s][info ][gc,cpu         ] GC(17) User=0.01s Sys=0.00s Real=0.00s
[373.067s][info ][safepoint      ] Safepoint "ParallelGCFailedAllocation", Time since last: 2927048150 ns, Reaching safepoint: 6400 ns, Cleanup: 11001 ns, At safepoint: 3530533 ns, Total: 3547934 ns
[383.068s][info ][safepoint      ] Safepoint "Cleanup", Time since last: 10000799451 ns, Reaching safepoint: 7000 ns, Cleanup: 9801 ns, At safepoint: 1900 ns, Total: 18701 ns
[385.068s][info ][safepoint      ] Safepoint "Cleanup", Time since last: 2000212865 ns, Reaching safepoint: 6601 ns, Cleanup: 10200 ns, At safepoint: 2000 ns, Total: 18801 ns
[390.069s][info ][safepoint      ] Safepoint "Cleanup", Time since last: 5000406828 ns, Reaching safepoint: 6900 ns, Cleanup: 12401 ns, At safepoint: 3100 ns, Total: 22401 ns
[393.069s][info ][safepoint      ] Safepoint "Cleanup", Time since last: 3000275400 ns, Reaching safepoint: 6600 ns, Cleanup: 12601 ns, At safepoint: 2100 ns, Total: 21301 ns
[396.069s][info ][safepoint      ] Safepoint "Cleanup", Time since last: 3000257377 ns, Reaching safepoint: 5601 ns, Cleanup: 9800 ns, At safepoint: 1900 ns, Total: 17301 ns
[397.069s][info ][safepoint      ] Safepoint "Cleanup", Time since last: 1000115392 ns, Reaching safepoint: 6601 ns, Cleanup: 8600 ns, At safepoint: 2000 ns, Total: 17201 ns
[405.070s][info ][safepoint      ] Safepoint "Cleanup", Time since last: 8000683403 ns, Reaching safepoint: 7501 ns, Cleanup: 11200 ns, At safepoint: 2700 ns, Total: 21401 ns
[406.070s][info ][safepoint      ] Safepoint "Cleanup", Time since last: 1000124591 ns, Reaching safepoint: 7100 ns, Cleanup: 11301 ns, At safepoint: 2100 ns, Total: 20501 ns
[409.070s][info ][safepoint      ] Safepoint "Cleanup", Time since last: 3000259368 ns, Reaching safepoint: 7200 ns, Cleanup: 10901 ns, At safepoint: 2200 ns, Total: 20301 ns
[412.071s][info ][safepoint      ] Safepoint "Cleanup", Time since last: 3000270465 ns, Reaching safepoint: 6000 ns, Cleanup: 19801 ns, At safepoint: 2400 ns, Total: 28201 ns
[414.071s][info ][safepoint      ] Safepoint "Cleanup", Time since last: 2000195782 ns, Reaching safepoint: 6201 ns, Cleanup: 38701 ns, At safepoint: 2300 ns, Total: 47202 ns
[415.071s][info ][safepoint      ] Safepoint "Cleanup", Time since last: 1000123442 ns, Reaching safepoint: 5201 ns, Cleanup: 25601 ns, At safepoint: 2000 ns, Total: 32802 ns
[416.071s][info ][safepoint      ] Safepoint "Cleanup", Time since last: 1000118042 ns, Reaching safepoint: 6600 ns, Cleanup: 26601 ns, At safepoint: 2200 ns, Total: 35401 ns
[417.071s][info ][safepoint      ] Safepoint "Cleanup", Time since last: 1000118042 ns, Reaching safepoint: 6800 ns, Cleanup: 18801 ns, At safepoint: 2000 ns, Total: 27601 ns
[418.072s][info ][safepoint      ] Safepoint "Cleanup", Time since last: 1000113742 ns, Reaching safepoint: 6600 ns, Cleanup: 11001 ns, At safepoint: 2300 ns, Total: 19901 ns
[421.153s][info ][safepoint      ] Safepoint "Cleanup", Time since last: 3081828869 ns, Reaching safepoint: 7300 ns, Cleanup: 13501 ns, At safepoint: 2300 ns, Total: 23101 ns
[424.154s][info ][safepoint      ] Safepoint "Cleanup", Time since last: 3000265872 ns, Reaching safepoint: 6900 ns, Cleanup: 18600 ns, At safepoint: 2301 ns, Total: 27801 ns
[425.154s][info ][safepoint      ] Safepoint "Cleanup", Time since last: 1000118025 ns, Reaching safepoint: 7000 ns, Cleanup: 17501 ns, At safepoint: 2300 ns, Total: 26801 ns
[426.154s][info ][safepoint      ] Safepoint "Cleanup", Time since last: 1000117225 ns, Reaching safepoint: 6800 ns, Cleanup: 10700 ns, At safepoint: 2700 ns, Total: 20200 ns
[428.154s][info ][safepoint      ] Safepoint "Cleanup", Time since last: 2000225906 ns, Reaching safepoint: 7700 ns, Cleanup: 13101 ns, At safepoint: 2500 ns, Total: 23301 ns
[431.659s][info ][gc,start       ] GC(18) Pause Young (Allocation Failure)
[431.662s][debug][gc,phases      ] GC(18) Scavenge 2.934ms
[431.662s][debug][gc,ref         ] GC(18) ReferenceProcessor::execute queues: 1, RefProcThreadModel::Single, marks_oops_alive: false
[431.662s][debug][gc,ref         ] GC(18) Skipped KeepAliveFinalRefsPhase of Reference Processing: no references
[431.662s][debug][gc,ref         ] GC(18) ReferenceProcessor::execute queues: 1, RefProcThreadModel::Single, marks_oops_alive: false
[431.662s][debug][gc,phases      ] GC(18) Reference Processing 0.143ms
[431.663s][debug][gc,phases      ] GC(18)   VM Weak                        Min:  0.0, Avg:  0.0, Max:  0.0, Diff:  0.0, Sum:  0.0, Workers: 4
[431.663s][debug][gc,phases      ] GC(18)     Dead                           Min: 0, Avg:  0.0, Max: 0, Diff: 0, Sum: 0, Workers: 4
[431.663s][debug][gc,phases      ] GC(18)     Total                          Min: 0, Avg: 250.0, Max: 832, Diff: 832, Sum: 1000, Workers: 4
[431.663s][debug][gc,phases      ] GC(18)   ObjectSynchronizer Weak        Min:  0.0, Avg:  0.0, Max:  0.0, Diff:  0.0, Sum:  0.0, Workers: 4
[431.663s][debug][gc,phases      ] GC(18)     Dead                           Min: 0, Avg:  0.0, Max: 0, Diff: 0, Sum: 0, Workers: 4
[431.663s][debug][gc,phases      ] GC(18)     Total                          Min: 0, Avg:  1.0, Max: 4, Diff: 4, Sum: 4, Workers: 4
[431.663s][debug][gc,phases      ] GC(18)   JVMTI Tag Weak OopStorage      Min:  0.0, Avg:  0.0, Max:  0.0, Diff:  0.0, Sum:  0.0, Workers: 4
[431.663s][debug][gc,phases      ] GC(18)     Dead                           Min: 0, Avg:  0.0, Max: 0, Diff: 0, Sum: 0, Workers: 4
[431.663s][debug][gc,phases      ] GC(18)     Total                          Min: 0, Avg:  0.0, Max: 0, Diff: 0, Sum: 0, Workers: 4
[431.663s][debug][gc,phases      ] GC(18)   StringTable Weak               Min:  0.0, Avg:  0.1, Max:  0.2, Diff:  0.2, Sum:  0.5, Workers: 4
[431.663s][debug][gc,phases      ] GC(18)     Dead                           Min: 0, Avg:  0.8, Max: 3, Diff: 3, Sum: 3, Workers: 4
[431.663s][debug][gc,phases      ] GC(18)     Total                          Min: 0, Avg: 11468.8, Max: 17663, Diff: 17663, Sum: 45875, Workers: 4
[431.663s][debug][gc,phases      ] GC(18)   ResolvedMethodTable Weak       Min:  0.0, Avg:  0.0, Max:  0.1, Diff:  0.1, Sum:  0.2, Workers: 4
[431.663s][debug][gc,phases      ] GC(18)     Dead                           Min: 0, Avg:  6.0, Max: 20, Diff: 20, Sum: 24, Workers: 4
[431.663s][debug][gc,phases      ] GC(18)     Total                          Min: 0, Avg: 3754.5, Max: 6574, Diff: 6574, Sum: 15018, Workers: 4
[431.663s][debug][gc,phases      ] GC(18)   JNI Weak                       Min:  0.0, Avg:  0.0, Max:  0.0, Diff:  0.0, Sum:  0.0, Workers: 4
[431.663s][debug][gc,phases      ] GC(18)     Dead                           Min: 0, Avg:  0.0, Max: 0, Diff: 0, Sum: 0, Workers: 4
[431.663s][debug][gc,phases      ] GC(18)     Total                          Min: 0, Avg: 13.0, Max: 52, Diff: 52, Sum: 52, Workers: 4
[431.663s][debug][gc,phases      ] GC(18)   StringDedup Table Weak         Min:  0.0, Avg:  0.0, Max:  0.0, Diff:  0.0, Sum:  0.0, Workers: 4
[431.663s][debug][gc,phases      ] GC(18)     Dead                           Min: 0, Avg:  0.0, Max: 0, Diff: 0, Sum: 0, Workers: 4
[431.663s][debug][gc,phases      ] GC(18)     Total                          Min: 0, Avg:  0.0, Max: 0, Diff: 0, Sum: 0, Workers: 4
[431.663s][debug][gc,phases      ] GC(18)   StringDedup Requests0 Weak     Min:  0.0, Avg:  0.0, Max:  0.0, Diff:  0.0, Sum:  0.0, Workers: 4
[431.663s][debug][gc,phases      ] GC(18)     Dead                           Min: 0, Avg:  0.0, Max: 0, Diff: 0, Sum: 0, Workers: 4
[431.663s][debug][gc,phases      ] GC(18)     Total                          Min: 0, Avg:  0.0, Max: 0, Diff: 0, Sum: 0, Workers: 4
[431.663s][debug][gc,phases      ] GC(18)   StringDedup Requests1 Weak     Min:  0.0, Avg:  0.0, Max:  0.0, Diff:  0.0, Sum:  0.0, Workers: 4
[431.663s][debug][gc,phases      ] GC(18)     Dead                           Min: 0, Avg:  0.0, Max: 0, Diff: 0, Sum: 0, Workers: 4
[431.663s][debug][gc,phases      ] GC(18)     Total                          Min: 0, Avg:  0.0, Max: 0, Diff: 0, Sum: 0, Workers: 4
[431.663s][debug][gc,phases      ] GC(18)   Weak JFR Old Object Samples    Min:  0.0, Avg:  0.0, Max:  0.0, Diff:  0.0, Sum:  0.0, Workers: 4
[431.663s][debug][gc,phases      ] GC(18)     Dead                           Min: 0, Avg:  0.0, Max: 0, Diff: 0, Sum: 0, Workers: 4
[431.663s][debug][gc,phases      ] GC(18)     Total                          Min: 0, Avg:  0.0, Max: 0, Diff: 0, Sum: 0, Workers: 4
[431.663s][debug][gc,phases      ] GC(18) Weak Processing 0.476ms
[431.663s][debug][gc,age         ] GC(18) Desired survivor size 233832448 bytes, new threshold 1 (max threshold 15)
[431.663s][info ][gc,heap        ] GC(18) PSYoungGen: 1621760K(1857024K)->3200K(1868800K) Eden: 1618944K(1618944K)->0K(1634816K) From: 2816K(238080K)->3200K(233984K)
[431.663s][info ][gc,heap        ] GC(18) ParOldGen: 218364K(223232K)->219229K(223232K)
[431.663s][info ][gc,metaspace   ] GC(18) Metaspace: 104698K(106048K)->104698K(106048K) NonClass: 88779K(89536K)->88779K(89536K) Class: 15918K(16512K)->15918K(16512K)
[431.663s][info ][gc             ] GC(18) Pause Young (Allocation Failure) 1796M->217M(2043M) 3.691ms
[431.663s][info ][gc,cpu         ] GC(18) User=0.01s Sys=0.00s Real=0.00s
[431.663s][info ][safepoint      ] Safepoint "ParallelGCFailedAllocation", Time since last: 3505027938 ns, Reaching safepoint: 5900 ns, Cleanup: 3900 ns, At safepoint: 3766541 ns, Total: 3776341 ns
[432.663s][info ][safepoint      ] Safepoint "Cleanup", Time since last: 1000094346 ns, Reaching safepoint: 78303 ns, Cleanup: 19001 ns, At safepoint: 6600 ns, Total: 103904 ns
[434.664s][info ][safepoint      ] Safepoint "Cleanup", Time since last: 2000219394 ns, Reaching safepoint: 86404 ns, Cleanup: 12500 ns, At safepoint: 9000 ns, Total: 107904 ns
[435.664s][info ][safepoint      ] Safepoint "Cleanup", Time since last: 1000147649 ns, Reaching safepoint: 81903 ns, Cleanup: 10300 ns, At safepoint: 6901 ns, Total: 99104 ns
[436.664s][info ][safepoint      ] Safepoint "Cleanup", Time since last: 1000139605 ns, Reaching safepoint: 81404 ns, Cleanup: 5300 ns, At safepoint: 7400 ns, Total: 94104 ns
[437.664s][info ][safepoint      ] Safepoint "Cleanup", Time since last: 1000129627 ns, Reaching safepoint: 89803 ns, Cleanup: 32101 ns, At safepoint: 13301 ns, Total: 135205 ns
[438.665s][info ][safepoint      ] Safepoint "Cleanup", Time since last: 1000127326 ns, Reaching safepoint: 79703 ns, Cleanup: 28902 ns, At safepoint: 6600 ns, Total: 115205 ns
[440.665s][info ][safepoint      ] Safepoint "Cleanup", Time since last: 2000194351 ns, Reaching safepoint: 78603 ns, Cleanup: 20000 ns, At safepoint: 6701 ns, Total: 105304 ns
[441.665s][info ][safepoint      ] Safepoint "Cleanup", Time since last: 1000113026 ns, Reaching safepoint: 76603 ns, Cleanup: 8700 ns, At safepoint: 5500 ns, Total: 90803 ns
[442.665s][info ][safepoint      ] Safepoint "Cleanup", Time since last: 1000110126 ns, Reaching safepoint: 77803 ns, Cleanup: 9901 ns, At safepoint: 5900 ns, Total: 93604 ns
[444.666s][info ][safepoint      ] Safepoint "Cleanup", Time since last: 2000203652 ns, Reaching safepoint: 82303 ns, Cleanup: 10400 ns, At safepoint: 7501 ns, Total: 100204 ns
[445.666s][info ][safepoint      ] Safepoint "Cleanup", Time since last: 1000142070 ns, Reaching safepoint: 103304 ns, Cleanup: 11600 ns, At safepoint: 7900 ns, Total: 122804 ns
[446.666s][info ][safepoint      ] Safepoint "Cleanup", Time since last: 1000113570 ns, Reaching safepoint: 6200 ns, Cleanup: 10900 ns, At safepoint: 2300 ns, Total: 19400 ns
[447.666s][info ][safepoint      ] Safepoint "Cleanup", Time since last: 1000122170 ns, Reaching safepoint: 78403 ns, Cleanup: 18700 ns, At safepoint: 6001 ns, Total: 103104 ns
[448.666s][info ][safepoint      ] Safepoint "Cleanup", Time since last: 1000122369 ns, Reaching safepoint: 6200 ns, Cleanup: 17401 ns, At safepoint: 2300 ns, Total: 25901 ns
[451.667s][info ][safepoint      ] Safepoint "Cleanup", Time since last: 3000281205 ns, Reaching safepoint: 6100 ns, Cleanup: 16501 ns, At safepoint: 2100 ns, Total: 24701 ns
[452.667s][info ][safepoint      ] Safepoint "Cleanup", Time since last: 1000118101 ns, Reaching safepoint: 6401 ns, Cleanup: 9800 ns, At safepoint: 2100 ns, Total: 18301 ns
[455.667s][info ][safepoint      ] Safepoint "Cleanup", Time since last: 3000308357 ns, Reaching safepoint: 7000 ns, Cleanup: 13601 ns, At safepoint: 2600 ns, Total: 23201 ns
[458.667s][info ][safepoint      ] Safepoint "Cleanup", Time since last: 3000349658 ns, Reaching safepoint: 6500 ns, Cleanup: 13701 ns, At safepoint: 2600 ns, Total: 22801 ns
[460.668s][info ][safepoint      ] Safepoint "Cleanup", Time since last: 2000206765 ns, Reaching safepoint: 6300 ns, Cleanup: 13501 ns, At safepoint: 2100 ns, Total: 21901 ns
[462.668s][info ][safepoint      ] Safepoint "Cleanup", Time since last: 2000182144 ns, Reaching safepoint: 6000 ns, Cleanup: 11301 ns, At safepoint: 5800 ns, Total: 23101 ns
[466.668s][info ][safepoint      ] Safepoint "Cleanup", Time since last: 4000307086 ns, Reaching safepoint: 6400 ns, Cleanup: 20501 ns, At safepoint: 2200 ns, Total: 29101 ns
[473.669s][info ][safepoint      ] Safepoint "Cleanup", Time since last: 7000567030 ns, Reaching safepoint: 7401 ns, Cleanup: 12200 ns, At safepoint: 2700 ns, Total: 22301 ns
[475.669s][info ][safepoint      ] Safepoint "Cleanup", Time since last: 2000189214 ns, Reaching safepoint: 6200 ns, Cleanup: 12200 ns, At safepoint: 2400 ns, Total: 20800 ns
[477.669s][info ][safepoint      ] Safepoint "Cleanup", Time since last: 2000184322 ns, Reaching safepoint: 6600 ns, Cleanup: 8700 ns, At safepoint: 2200 ns, Total: 17500 ns
[480.172s][info ][safepoint      ] Safepoint "Cleanup", Time since last: 2502520304 ns, Reaching safepoint: 3200 ns, Cleanup: 37901 ns, At safepoint: 4300 ns, Total: 45401 ns
[481.172s][info ][safepoint      ] Safepoint "Cleanup", Time since last: 1000138489 ns, Reaching safepoint: 6500 ns, Cleanup: 18501 ns, At safepoint: 2600 ns, Total: 27601 ns
[482.172s][info ][safepoint      ] Safepoint "Cleanup", Time since last: 1000109688 ns, Reaching safepoint: 5000 ns, Cleanup: 84303 ns, At safepoint: 2301 ns, Total: 91604 ns
[482.791s][info ][gc,start       ] GC(19) Pause Young (Allocation Failure)
[482.797s][debug][gc,phases      ] GC(19) Scavenge 6.046ms
[482.797s][debug][gc,ref         ] GC(19) ReferenceProcessor::execute queues: 1, RefProcThreadModel::Single, marks_oops_alive: false
[482.797s][debug][gc,ref         ] GC(19) Skipped KeepAliveFinalRefsPhase of Reference Processing: no references
[482.797s][debug][gc,ref         ] GC(19) ReferenceProcessor::execute queues: 1, RefProcThreadModel::Single, marks_oops_alive: false
[482.797s][debug][gc,phases      ] GC(19) Reference Processing 0.121ms
[482.798s][debug][gc,phases      ] GC(19)   VM Weak                        Min:  0.0, Avg:  0.0, Max:  0.0, Diff:  0.0, Sum:  0.0, Workers: 4
[482.798s][debug][gc,phases      ] GC(19)     Dead                           Min: 0, Avg:  0.0, Max: 0, Diff: 0, Sum: 0, Workers: 4
[482.798s][debug][gc,phases      ] GC(19)     Total                          Min: 0, Avg: 250.2, Max: 640, Diff: 640, Sum: 1001, Workers: 4
[482.798s][debug][gc,phases      ] GC(19)   ObjectSynchronizer Weak        Min:  0.0, Avg:  0.0, Max:  0.0, Diff:  0.0, Sum:  0.0, Workers: 4
[482.798s][debug][gc,phases      ] GC(19)     Dead                           Min: 0, Avg:  0.0, Max: 0, Diff: 0, Sum: 0, Workers: 4
[482.798s][debug][gc,phases      ] GC(19)     Total                          Min: 0, Avg:  1.0, Max: 4, Diff: 4, Sum: 4, Workers: 4
[482.798s][debug][gc,phases      ] GC(19)   JVMTI Tag Weak OopStorage      Min:  0.0, Avg:  0.0, Max:  0.0, Diff:  0.0, Sum:  0.0, Workers: 4
[482.798s][debug][gc,phases      ] GC(19)     Dead                           Min: 0, Avg:  0.0, Max: 0, Diff: 0, Sum: 0, Workers: 4
[482.798s][debug][gc,phases      ] GC(19)     Total                          Min: 0, Avg:  0.0, Max: 0, Diff: 0, Sum: 0, Workers: 4
[482.798s][debug][gc,phases      ] GC(19)   StringTable Weak               Min:  0.0, Avg:  0.1, Max:  0.1, Diff:  0.1, Sum:  0.4, Workers: 4
[482.798s][debug][gc,phases      ] GC(19)     Dead                           Min: 0, Avg:  0.5, Max: 2, Diff: 2, Sum: 2, Workers: 4
[482.798s][debug][gc,phases      ] GC(19)     Total                          Min: 0, Avg: 11480.8, Max: 16192, Diff: 16192, Sum: 45923, Workers: 4
[482.798s][debug][gc,phases      ] GC(19)   ResolvedMethodTable Weak       Min:  0.0, Avg:  0.0, Max:  0.0, Diff:  0.0, Sum:  0.1, Workers: 4
[482.798s][debug][gc,phases      ] GC(19)     Dead                           Min: 0, Avg:  4.8, Max: 13, Diff: 13, Sum: 19, Workers: 4
[482.798s][debug][gc,phases      ] GC(19)     Total                          Min: 0, Avg: 3758.8, Max: 5406, Diff: 5406, Sum: 15035, Workers: 4
[482.798s][debug][gc,phases      ] GC(19)   JNI Weak                       Min:  0.0, Avg:  0.0, Max:  0.0, Diff:  0.0, Sum:  0.0, Workers: 4
[482.798s][debug][gc,phases      ] GC(19)     Dead                           Min: 0, Avg:  0.0, Max: 0, Diff: 0, Sum: 0, Workers: 4
[482.798s][debug][gc,phases      ] GC(19)     Total                          Min: 0, Avg: 13.5, Max: 54, Diff: 54, Sum: 54, Workers: 4
[482.798s][debug][gc,phases      ] GC(19)   StringDedup Table Weak         Min:  0.0, Avg:  0.0, Max:  0.0, Diff:  0.0, Sum:  0.0, Workers: 4
[482.798s][debug][gc,phases      ] GC(19)     Dead                           Min: 0, Avg:  0.0, Max: 0, Diff: 0, Sum: 0, Workers: 4
[482.798s][debug][gc,phases      ] GC(19)     Total                          Min: 0, Avg:  0.0, Max: 0, Diff: 0, Sum: 0, Workers: 4
[482.798s][debug][gc,phases      ] GC(19)   StringDedup Requests0 Weak     Min:  0.0, Avg:  0.0, Max:  0.0, Diff:  0.0, Sum:  0.0, Workers: 4
[482.798s][debug][gc,phases      ] GC(19)     Dead                           Min: 0, Avg:  0.0, Max: 0, Diff: 0, Sum: 0, Workers: 4
[482.798s][debug][gc,phases      ] GC(19)     Total                          Min: 0, Avg:  0.0, Max: 0, Diff: 0, Sum: 0, Workers: 4
[482.798s][debug][gc,phases      ] GC(19)   StringDedup Requests1 Weak     Min:  0.0, Avg:  0.0, Max:  0.0, Diff:  0.0, Sum:  0.0, Workers: 4
[482.798s][debug][gc,phases      ] GC(19)     Dead                           Min: 0, Avg:  0.0, Max: 0, Diff: 0, Sum: 0, Workers: 4
[482.798s][debug][gc,phases      ] GC(19)     Total                          Min: 0, Avg:  0.0, Max: 0, Diff: 0, Sum: 0, Workers: 4
[482.798s][debug][gc,phases      ] GC(19)   Weak JFR Old Object Samples    Min:  0.0, Avg:  0.0, Max:  0.0, Diff:  0.0, Sum:  0.0, Workers: 4
[482.798s][debug][gc,phases      ] GC(19)     Dead                           Min: 0, Avg:  0.0, Max: 0, Diff: 0, Sum: 0, Workers: 4
[482.798s][debug][gc,phases      ] GC(19)     Total                          Min: 0, Avg:  0.0, Max: 0, Diff: 0, Sum: 0, Workers: 4
[482.798s][debug][gc,phases      ] GC(19) Weak Processing 0.435ms
[482.798s][debug][gc,age         ] GC(19) Desired survivor size 226492416 bytes, new threshold 1 (max threshold 15)
[482.798s][info ][gc,heap        ] GC(19) PSYoungGen: 1638016K(1868800K)->5968K(1863168K) Eden: 1634816K(1634816K)->0K(1634816K) From: 3200K(233984K)->5968K(228352K)
[482.798s][info ][gc,heap        ] GC(19) ParOldGen: 219229K(223232K)->220365K(223232K)
[482.798s][info ][gc,metaspace   ] GC(19) Metaspace: 104825K(106112K)->104825K(106112K) NonClass: 88899K(89600K)->88899K(89600K) Class: 15925K(16512K)->15925K(16512K)
[482.798s][info ][gc             ] GC(19) Pause Young (Allocation Failure) 1813M->221M(2037M) 6.749ms
[482.798s][info ][gc,cpu         ] GC(19) User=0.02s Sys=0.00s Real=0.01s
[482.798s][info ][safepoint      ] Safepoint "ParallelGCFailedAllocation", Time since last: 618836172 ns, Reaching safepoint: 93404 ns, Cleanup: 49301 ns, At safepoint: 6849156 ns, Total: 6991861 ns
[483.798s][info ][safepoint      ] Safepoint "Cleanup", Time since last: 1000095987 ns, Reaching safepoint: 7600 ns, Cleanup: 62903 ns, At safepoint: 2300 ns, Total: 72803 ns
[485.177s][info ][safepoint      ] Safepoint "Cleanup", Time since last: 1378191380 ns, Reaching safepoint: 78903 ns, Cleanup: 97304 ns, At safepoint: 7300 ns, Total: 183507 ns
[486.177s][info ][safepoint      ] Safepoint "Cleanup", Time since last: 1000108388 ns, Reaching safepoint: 7301 ns, Cleanup: 14000 ns, At safepoint: 2400 ns, Total: 23701 ns
[487.177s][info ][safepoint      ] Safepoint "Cleanup", Time since last: 1000116489 ns, Reaching safepoint: 5100 ns, Cleanup: 22801 ns, At safepoint: 2000 ns, Total: 29901 ns
[488.177s][info ][safepoint      ] Safepoint "Cleanup", Time since last: 1000111589 ns, Reaching safepoint: 5800 ns, Cleanup: 62102 ns, At safepoint: 2800 ns, Total: 70702 ns
[489.177s][info ][safepoint      ] Safepoint "Cleanup", Time since last: 1000129589 ns, Reaching safepoint: 8301 ns, Cleanup: 70702 ns, At safepoint: 2500 ns, Total: 81503 ns
[490.177s][info ][safepoint      ] Safepoint "Cleanup", Time since last: 1000110889 ns, Reaching safepoint: 6100 ns, Cleanup: 10600 ns, At safepoint: 2100 ns, Total: 18800 ns
[491.177s][info ][safepoint      ] Safepoint "Cleanup", Time since last: 1000113889 ns, Reaching safepoint: 6700 ns, Cleanup: 11101 ns, At safepoint: 2500 ns, Total: 20301 ns
[492.178s][info ][safepoint      ] Safepoint "Cleanup", Time since last: 1000106168 ns, Reaching safepoint: 5100 ns, Cleanup: 7001 ns, At safepoint: 2400 ns, Total: 14501 ns
[493.178s][info ][safepoint      ] Safepoint "Cleanup", Time since last: 1000114178 ns, Reaching safepoint: 6000 ns, Cleanup: 26101 ns, At safepoint: 2200 ns, Total: 34301 ns
[494.178s][info ][safepoint      ] Safepoint "Cleanup", Time since last: 1000107978 ns, Reaching safepoint: 7000 ns, Cleanup: 19401 ns, At safepoint: 2800 ns, Total: 29201 ns
[495.178s][info ][safepoint      ] Safepoint "Cleanup", Time since last: 1000112278 ns, Reaching safepoint: 6900 ns, Cleanup: 13901 ns, At safepoint: 2400 ns, Total: 23201 ns
[496.178s][info ][safepoint      ] Safepoint "Cleanup", Time since last: 1000131279 ns, Reaching safepoint: 6000 ns, Cleanup: 26601 ns, At safepoint: 2200 ns, Total: 34801 ns
[497.178s][info ][safepoint      ] Safepoint "Cleanup", Time since last: 1000109978 ns, Reaching safepoint: 6300 ns, Cleanup: 15501 ns, At safepoint: 2200 ns, Total: 24001 ns
[498.178s][info ][safepoint      ] Safepoint "Cleanup", Time since last: 1000104577 ns, Reaching safepoint: 6801 ns, Cleanup: 32301 ns, At safepoint: 2600 ns, Total: 41702 ns
[499.179s][info ][safepoint      ] Safepoint "Cleanup", Time since last: 1000110069 ns, Reaching safepoint: 6500 ns, Cleanup: 17501 ns, At safepoint: 2300 ns, Total: 26301 ns
[500.179s][info ][safepoint      ] Safepoint "Cleanup", Time since last: 1000115211 ns, Reaching safepoint: 7100 ns, Cleanup: 26001 ns, At safepoint: 2400 ns, Total: 35501 ns
[501.179s][info ][safepoint      ] Safepoint "Cleanup", Time since last: 1000177274 ns, Reaching safepoint: 11901 ns, Cleanup: 31501 ns, At safepoint: 3600 ns, Total: 47002 ns
[502.179s][info ][safepoint      ] Safepoint "Cleanup", Time since last: 1000148073 ns, Reaching safepoint: 83003 ns, Cleanup: 48002 ns, At safepoint: 6300 ns, Total: 137305 ns
[503.179s][info ][safepoint      ] Safepoint "Cleanup", Time since last: 1000123472 ns, Reaching safepoint: 6200 ns, Cleanup: 17301 ns, At safepoint: 2300 ns, Total: 25801 ns
[504.180s][info ][safepoint      ] Safepoint "Cleanup", Time since last: 1000109972 ns, Reaching safepoint: 5400 ns, Cleanup: 18901 ns, At safepoint: 1900 ns, Total: 26201 ns
[505.180s][info ][safepoint      ] Safepoint "Cleanup", Time since last: 1000119172 ns, Reaching safepoint: 7200 ns, Cleanup: 25201 ns, At safepoint: 6300 ns, Total: 38701 ns
[506.180s][info ][safepoint      ] Safepoint "Cleanup", Time since last: 1000113572 ns, Reaching safepoint: 5900 ns, Cleanup: 24101 ns, At safepoint: 2600 ns, Total: 32601 ns
[507.180s][info ][safepoint      ] Safepoint "Cleanup", Time since last: 1000113772 ns, Reaching safepoint: 6900 ns, Cleanup: 12500 ns, At safepoint: 2600 ns, Total: 22000 ns
[508.180s][info ][safepoint      ] Safepoint "Cleanup", Time since last: 1000111846 ns, Reaching safepoint: 6101 ns, Cleanup: 9700 ns, At safepoint: 2500 ns, Total: 18301 ns
[509.180s][info ][safepoint      ] Safepoint "Cleanup", Time since last: 1000118672 ns, Reaching safepoint: 5600 ns, Cleanup: 13401 ns, At safepoint: 2100 ns, Total: 21101 ns
[510.180s][info ][safepoint      ] Safepoint "Cleanup", Time since last: 1000114271 ns, Reaching safepoint: 85303 ns, Cleanup: 10001 ns, At safepoint: 6300 ns, Total: 101604 ns
[511.181s][info ][safepoint      ] Safepoint "Cleanup", Time since last: 1000115072 ns, Reaching safepoint: 6300 ns, Cleanup: 9500 ns, At safepoint: 2100 ns, Total: 17900 ns
[512.181s][info ][safepoint      ] Safepoint "Cleanup", Time since last: 1000129973 ns, Reaching safepoint: 6800 ns, Cleanup: 12100 ns, At safepoint: 2100 ns, Total: 21000 ns
[513.181s][info ][safepoint      ] Safepoint "Cleanup", Time since last: 1000113472 ns, Reaching safepoint: 6300 ns, Cleanup: 12901 ns, At safepoint: 2200 ns, Total: 21401 ns
[515.181s][info ][safepoint      ] Safepoint "Cleanup", Time since last: 2000180441 ns, Reaching safepoint: 6600 ns, Cleanup: 12701 ns, At safepoint: 2300 ns, Total: 21601 ns
[517.181s][info ][safepoint      ] Safepoint "Cleanup", Time since last: 2000184772 ns, Reaching safepoint: 5900 ns, Cleanup: 34201 ns, At safepoint: 2000 ns, Total: 42101 ns
[518.181s][info ][safepoint      ] Safepoint "Cleanup", Time since last: 1000110025 ns, Reaching safepoint: 6600 ns, Cleanup: 11500 ns, At safepoint: 2100 ns, Total: 20200 ns
[519.182s][info ][safepoint      ] Safepoint "Cleanup", Time since last: 1000115625 ns, Reaching safepoint: 7400 ns, Cleanup: 12601 ns, At safepoint: 2500 ns, Total: 22501 ns
[519.261s][info ][gc,start       ] GC(20) Pause Young (Allocation Failure)
[519.268s][debug][gc,phases      ] GC(20) Scavenge 7.871ms
[519.269s][debug][gc,ref         ] GC(20) ReferenceProcessor::execute queues: 1, RefProcThreadModel::Single, marks_oops_alive: false
[519.269s][debug][gc,ref         ] GC(20) Skipped KeepAliveFinalRefsPhase of Reference Processing: no references
[519.269s][debug][gc,ref         ] GC(20) ReferenceProcessor::execute queues: 1, RefProcThreadModel::Single, marks_oops_alive: false
[519.269s][debug][gc,phases      ] GC(20) Reference Processing 0.133ms
[519.269s][debug][gc,phases      ] GC(20)   VM Weak                        Min:  0.0, Avg:  0.0, Max:  0.0, Diff:  0.0, Sum:  0.0, Workers: 4
[519.269s][debug][gc,phases      ] GC(20)     Dead                           Min: 0, Avg:  0.0, Max: 0, Diff: 0, Sum: 0, Workers: 4
[519.269s][debug][gc,phases      ] GC(20)     Total                          Min: 0, Avg: 251.5, Max: 686, Diff: 686, Sum: 1006, Workers: 4
[519.269s][debug][gc,phases      ] GC(20)   ObjectSynchronizer Weak        Min:  0.0, Avg:  0.0, Max:  0.0, Diff:  0.0, Sum:  0.0, Workers: 4
[519.269s][debug][gc,phases      ] GC(20)     Dead                           Min: 0, Avg:  0.0, Max: 0, Diff: 0, Sum: 0, Workers: 4
[519.269s][debug][gc,phases      ] GC(20)     Total                          Min: 0, Avg:  1.2, Max: 5, Diff: 5, Sum: 5, Workers: 4
[519.269s][debug][gc,phases      ] GC(20)   JVMTI Tag Weak OopStorage      Min:  0.0, Avg:  0.0, Max:  0.0, Diff:  0.0, Sum:  0.0, Workers: 4
[519.269s][debug][gc,phases      ] GC(20)     Dead                           Min: 0, Avg:  0.0, Max: 0, Diff: 0, Sum: 0, Workers: 4
[519.269s][debug][gc,phases      ] GC(20)     Total                          Min: 0, Avg:  0.0, Max: 0, Diff: 0, Sum: 0, Workers: 4
[519.269s][debug][gc,phases      ] GC(20)   StringTable Weak               Min:  0.0, Avg:  0.1, Max:  0.1, Diff:  0.1, Sum:  0.4, Workers: 4
[519.269s][debug][gc,phases      ] GC(20)     Dead                           Min: 0, Avg:  0.2, Max: 1, Diff: 1, Sum: 1, Workers: 4
[519.269s][debug][gc,phases      ] GC(20)     Total                          Min: 0, Avg: 11525.5, Max: 18240, Diff: 18240, Sum: 46102, Workers: 4
[519.269s][debug][gc,phases      ] GC(20)   ResolvedMethodTable Weak       Min:  0.0, Avg:  0.0, Max:  0.1, Diff:  0.1, Sum:  0.2, Workers: 4
[519.269s][debug][gc,phases      ] GC(20)     Dead                           Min: 0, Avg: 11.5, Max: 19, Diff: 19, Sum: 46, Workers: 4
[519.269s][debug][gc,phases      ] GC(20)     Total                          Min: 0, Avg: 3787.8, Max: 5432, Diff: 5432, Sum: 15151, Workers: 4
[519.269s][debug][gc,phases      ] GC(20)   JNI Weak                       Min:  0.0, Avg:  0.0, Max:  0.0, Diff:  0.0, Sum:  0.0, Workers: 4
[519.269s][debug][gc,phases      ] GC(20)     Dead                           Min: 0, Avg:  0.0, Max: 0, Diff: 0, Sum: 0, Workers: 4
[519.269s][debug][gc,phases      ] GC(20)     Total                          Min: 0, Avg: 13.0, Max: 52, Diff: 52, Sum: 52, Workers: 4
[519.269s][debug][gc,phases      ] GC(20)   StringDedup Table Weak         Min:  0.0, Avg:  0.0, Max:  0.0, Diff:  0.0, Sum:  0.0, Workers: 4
[519.269s][debug][gc,phases      ] GC(20)     Dead                           Min: 0, Avg:  0.0, Max: 0, Diff: 0, Sum: 0, Workers: 4
[519.269s][debug][gc,phases      ] GC(20)     Total                          Min: 0, Avg:  0.0, Max: 0, Diff: 0, Sum: 0, Workers: 4
[519.269s][debug][gc,phases      ] GC(20)   StringDedup Requests0 Weak     Min:  0.0, Avg:  0.0, Max:  0.0, Diff:  0.0, Sum:  0.0, Workers: 4
[519.269s][debug][gc,phases      ] GC(20)     Dead                           Min: 0, Avg:  0.0, Max: 0, Diff: 0, Sum: 0, Workers: 4
[519.269s][debug][gc,phases      ] GC(20)     Total                          Min: 0, Avg:  0.0, Max: 0, Diff: 0, Sum: 0, Workers: 4
[519.269s][debug][gc,phases      ] GC(20)   StringDedup Requests1 Weak     Min:  0.0, Avg:  0.0, Max:  0.0, Diff:  0.0, Sum:  0.0, Workers: 4
[519.269s][debug][gc,phases      ] GC(20)     Dead                           Min: 0, Avg:  0.0, Max: 0, Diff: 0, Sum: 0, Workers: 4
[519.269s][debug][gc,phases      ] GC(20)     Total                          Min: 0, Avg:  0.0, Max: 0, Diff: 0, Sum: 0, Workers: 4
[519.269s][debug][gc,phases      ] GC(20)   Weak JFR Old Object Samples    Min:  0.0, Avg:  0.0, Max:  0.0, Diff:  0.0, Sum:  0.0, Workers: 4
[519.269s][debug][gc,phases      ] GC(20)     Dead                           Min: 0, Avg:  0.0, Max: 0, Diff: 0, Sum: 0, Workers: 4
[519.269s][debug][gc,phases      ] GC(20)     Total                          Min: 0, Avg:  0.0, Max: 0, Diff: 0, Sum: 0, Workers: 4
[519.269s][debug][gc,phases      ] GC(20) Weak Processing 0.437ms
[519.269s][debug][gc,age         ] GC(20) Desired survivor size 217579520 bytes, new threshold 1 (max threshold 15)
[519.269s][info ][gc,heap        ] GC(20) PSYoungGen: 1640784K(1863168K)->11179K(1884672K) Eden: 1634816K(1634816K)->0K(1663488K) From: 5968K(228352K)->11179K(221184K)
[519.269s][info ][gc,heap        ] GC(20) ParOldGen: 220365K(223232K)->223589K(223744K)
[519.269s][info ][gc,metaspace   ] GC(20) Metaspace: 105220K(106560K)->105220K(106560K) NonClass: 89243K(89984K)->89243K(89984K) Class: 15976K(16576K)->15976K(16576K)
[519.269s][info ][gc             ] GC(20) Pause Young (Allocation Failure) 1817M->229M(2059M) 8.588ms
[519.269s][info ][gc,cpu         ] GC(20) User=0.03s Sys=0.01s Real=0.01s
[519.269s][info ][safepoint      ] Safepoint "ParallelGCFailedAllocation", Time since last: 78888728 ns, Reaching safepoint: 6400 ns, Cleanup: 4701 ns, At safepoint: 8666121 ns, Total: 8677222 ns
[522.269s][info ][safepoint      ] Safepoint "Cleanup", Time since last: 3000230569 ns, Reaching safepoint: 6101 ns, Cleanup: 10800 ns, At safepoint: 2400 ns, Total: 19301 ns
[523.270s][info ][safepoint      ] Safepoint "Cleanup", Time since last: 1000120725 ns, Reaching safepoint: 8600 ns, Cleanup: 15801 ns, At safepoint: 3000 ns, Total: 27401 ns
[524.270s][info ][safepoint      ] Safepoint "Cleanup", Time since last: 1000122514 ns, Reaching safepoint: 6800 ns, Cleanup: 12400 ns, At safepoint: 2501 ns, Total: 21701 ns
[525.270s][info ][safepoint      ] Safepoint "Cleanup", Time since last: 1000116976 ns, Reaching safepoint: 6900 ns, Cleanup: 9900 ns, At safepoint: 2700 ns, Total: 19500 ns
[527.270s][info ][safepoint      ] Safepoint "Cleanup", Time since last: 2000209852 ns, Reaching safepoint: 33401 ns, Cleanup: 13501 ns, At safepoint: 5300 ns, Total: 52202 ns
[529.270s][info ][safepoint      ] Safepoint "Cleanup", Time since last: 2000209151 ns, Reaching safepoint: 7101 ns, Cleanup: 10600 ns, At safepoint: 2300 ns, Total: 20001 ns
[532.271s][info ][safepoint      ] Safepoint "Cleanup", Time since last: 3000263595 ns, Reaching safepoint: 7100 ns, Cleanup: 10500 ns, At safepoint: 2300 ns, Total: 19900 ns
[533.271s][info ][safepoint      ] Safepoint "Cleanup", Time since last: 1000121526 ns, Reaching safepoint: 6500 ns, Cleanup: 7901 ns, At safepoint: 2400 ns, Total: 16801 ns
[535.271s][info ][safepoint      ] Safepoint "Cleanup", Time since last: 2000207550 ns, Reaching safepoint: 7600 ns, Cleanup: 12101 ns, At safepoint: 2500 ns, Total: 22201 ns
[538.271s][info ][safepoint      ] Safepoint "Cleanup", Time since last: 3000291175 ns, Reaching safepoint: 6400 ns, Cleanup: 9800 ns, At safepoint: 2300 ns, Total: 18500 ns
[545.190s][info ][safepoint      ] Safepoint "Cleanup", Time since last: 6919131343 ns, Reaching safepoint: 7201 ns, Cleanup: 15600 ns, At safepoint: 2600 ns, Total: 25401 ns
[546.191s][info ][safepoint      ] Safepoint "Cleanup", Time since last: 1000123581 ns, Reaching safepoint: 7400 ns, Cleanup: 13500 ns, At safepoint: 2501 ns, Total: 23401 ns
[547.191s][info ][safepoint      ] Safepoint "Cleanup", Time since last: 1000121180 ns, Reaching safepoint: 7600 ns, Cleanup: 15101 ns, At safepoint: 2500 ns, Total: 25201 ns
[552.191s][info ][safepoint      ] Safepoint "Cleanup", Time since last: 5000409941 ns, Reaching safepoint: 6701 ns, Cleanup: 18200 ns, At safepoint: 2500 ns, Total: 27401 ns
[553.191s][info ][safepoint      ] Safepoint "Cleanup", Time since last: 1000144634 ns, Reaching safepoint: 6700 ns, Cleanup: 10801 ns, At safepoint: 2300 ns, Total: 19801 ns
[556.192s][info ][safepoint      ] Safepoint "Cleanup", Time since last: 3000302699 ns, Reaching safepoint: 7500 ns, Cleanup: 13301 ns, At safepoint: 2600 ns, Total: 23401 ns
[561.192s][info ][safepoint      ] Safepoint "Cleanup", Time since last: 5000434781 ns, Reaching safepoint: 7100 ns, Cleanup: 12201 ns, At safepoint: 2600 ns, Total: 21901 ns
[563.192s][info ][safepoint      ] Safepoint "Cleanup", Time since last: 2000193217 ns, Reaching safepoint: 7900 ns, Cleanup: 17000 ns, At safepoint: 2501 ns, Total: 27401 ns
[564.192s][info ][safepoint      ] Safepoint "Cleanup", Time since last: 1000119413 ns, Reaching safepoint: 6900 ns, Cleanup: 11800 ns, At safepoint: 2300 ns, Total: 21000 ns
[566.193s][info ][safepoint      ] Safepoint "Cleanup", Time since last: 2000194028 ns, Reaching safepoint: 7300 ns, Cleanup: 13001 ns, At safepoint: 2700 ns, Total: 23001 ns
[571.193s][info ][safepoint      ] Safepoint "Cleanup", Time since last: 5000438567 ns, Reaching safepoint: 7101 ns, Cleanup: 14900 ns, At safepoint: 2400 ns, Total: 24401 ns
[572.193s][info ][safepoint      ] Safepoint "Cleanup", Time since last: 1000121524 ns, Reaching safepoint: 7401 ns, Cleanup: 16600 ns, At safepoint: 2500 ns, Total: 26501 ns
[575.127s][info ][gc,start       ] GC(21) Pause Young (Allocation Failure)
[575.134s][debug][gc,phases      ] GC(21) Scavenge 6.909ms
[575.134s][debug][gc,ref         ] GC(21) ReferenceProcessor::execute queues: 1, RefProcThreadModel::Single, marks_oops_alive: false
[575.134s][debug][gc,ref         ] GC(21) Skipped KeepAliveFinalRefsPhase of Reference Processing: no references
[575.134s][debug][gc,ref         ] GC(21) Skipped PhantomRefsPhase of Reference Processing: no references
[575.134s][debug][gc,phases      ] GC(21) Reference Processing 0.120ms
[575.135s][debug][gc,phases      ] GC(21)   VM Weak                        Min:  0.0, Avg:  0.0, Max:  0.0, Diff:  0.0, Sum:  0.0, Workers: 4
[575.135s][debug][gc,phases      ] GC(21)     Dead                           Min: 0, Avg:  0.0, Max: 0, Diff: 0, Sum: 0, Workers: 4
[575.135s][debug][gc,phases      ] GC(21)     Total                          Min: 0, Avg: 251.5, Max: 814, Diff: 814, Sum: 1006, Workers: 4
[575.135s][debug][gc,phases      ] GC(21)   ObjectSynchronizer Weak        Min:  0.0, Avg:  0.0, Max:  0.0, Diff:  0.0, Sum:  0.0, Workers: 4
[575.135s][debug][gc,phases      ] GC(21)     Dead                           Min: 0, Avg:  0.0, Max: 0, Diff: 0, Sum: 0, Workers: 4
[575.135s][debug][gc,phases      ] GC(21)     Total                          Min: 0, Avg:  0.8, Max: 3, Diff: 3, Sum: 3, Workers: 4
[575.135s][debug][gc,phases      ] GC(21)   JVMTI Tag Weak OopStorage      Min:  0.0, Avg:  0.0, Max:  0.0, Diff:  0.0, Sum:  0.0, Workers: 4
[575.135s][debug][gc,phases      ] GC(21)     Dead                           Min: 0, Avg:  0.0, Max: 0, Diff: 0, Sum: 0, Workers: 4
[575.135s][debug][gc,phases      ] GC(21)     Total                          Min: 0, Avg:  0.0, Max: 0, Diff: 0, Sum: 0, Workers: 4
[575.135s][debug][gc,phases      ] GC(21)   StringTable Weak               Min:  0.0, Avg:  0.1, Max:  0.1, Diff:  0.1, Sum:  0.4, Workers: 4
[575.135s][debug][gc,phases      ] GC(21)     Dead                           Min: 0, Avg:  0.0, Max: 0, Diff: 0, Sum: 0, Workers: 4
[575.135s][debug][gc,phases      ] GC(21)     Total                          Min: 0, Avg: 11528.0, Max: 17280, Diff: 17280, Sum: 46112, Workers: 4
[575.135s][debug][gc,phases      ] GC(21)   ResolvedMethodTable Weak       Min:  0.0, Avg:  0.0, Max:  0.1, Diff:  0.1, Sum:  0.2, Workers: 4
[575.135s][debug][gc,phases      ] GC(21)     Dead                           Min: 0, Avg:  4.0, Max: 16, Diff: 16, Sum: 16, Workers: 4
[575.135s][debug][gc,phases      ] GC(21)     Total                          Min: 0, Avg: 3787.8, Max: 6135, Diff: 6135, Sum: 15151, Workers: 4
[575.135s][debug][gc,phases      ] GC(21)   JNI Weak                       Min:  0.0, Avg:  0.0, Max:  0.0, Diff:  0.0, Sum:  0.0, Workers: 4
[575.135s][debug][gc,phases      ] GC(21)     Dead                           Min: 0, Avg:  0.0, Max: 0, Diff: 0, Sum: 0, Workers: 4
[575.135s][debug][gc,phases      ] GC(21)     Total                          Min: 0, Avg: 13.5, Max: 54, Diff: 54, Sum: 54, Workers: 4
[575.135s][debug][gc,phases      ] GC(21)   StringDedup Table Weak         Min:  0.0, Avg:  0.0, Max:  0.0, Diff:  0.0, Sum:  0.0, Workers: 4
[575.135s][debug][gc,phases      ] GC(21)     Dead                           Min: 0, Avg:  0.0, Max: 0, Diff: 0, Sum: 0, Workers: 4
[575.135s][debug][gc,phases      ] GC(21)     Total                          Min: 0, Avg:  0.0, Max: 0, Diff: 0, Sum: 0, Workers: 4
[575.135s][debug][gc,phases      ] GC(21)   StringDedup Requests0 Weak     Min:  0.0, Avg:  0.0, Max:  0.0, Diff:  0.0, Sum:  0.0, Workers: 4
[575.135s][debug][gc,phases      ] GC(21)     Dead                           Min: 0, Avg:  0.0, Max: 0, Diff: 0, Sum: 0, Workers: 4
[575.135s][debug][gc,phases      ] GC(21)     Total                          Min: 0, Avg:  0.0, Max: 0, Diff: 0, Sum: 0, Workers: 4
[575.135s][debug][gc,phases      ] GC(21)   StringDedup Requests1 Weak     Min:  0.0, Avg:  0.0, Max:  0.0, Diff:  0.0, Sum:  0.0, Workers: 4
[575.135s][debug][gc,phases      ] GC(21)     Dead                           Min: 0, Avg:  0.0, Max: 0, Diff: 0, Sum: 0, Workers: 4
[575.135s][debug][gc,phases      ] GC(21)     Total                          Min: 0, Avg:  0.0, Max: 0, Diff: 0, Sum: 0, Workers: 4
[575.135s][debug][gc,phases      ] GC(21)   Weak JFR Old Object Samples    Min:  0.0, Avg:  0.0, Max:  0.0, Diff:  0.0, Sum:  0.0, Workers: 4
[575.135s][debug][gc,phases      ] GC(21)     Dead                           Min: 0, Avg:  0.0, Max: 0, Diff: 0, Sum: 0, Workers: 4
[575.135s][debug][gc,phases      ] GC(21)     Total                          Min: 0, Avg:  0.0, Max: 0, Diff: 0, Sum: 0, Workers: 4
[575.135s][debug][gc,phases      ] GC(21) Weak Processing 0.450ms
[575.135s][debug][gc,age         ] GC(21) Desired survivor size 209190912 bytes, new threshold 1 (max threshold 15)
[575.135s][info ][gc,heap        ] GC(21) PSYoungGen: 1674667K(1884672K)->3621K(1875968K) Eden: 1663488K(1663488K)->0K(1663488K) From: 11179K(221184K)->3621K(212480K)
[575.135s][info ][gc,heap        ] GC(21) ParOldGen: 223589K(223744K)->232581K(232960K)
[575.135s][info ][gc,metaspace   ] GC(21) Metaspace: 105265K(106624K)->105265K(106624K) NonClass: 89289K(90048K)->89289K(90048K) Class: 15976K(16576K)->15976K(16576K)
[575.135s][info ][gc             ] GC(21) Pause Young (Allocation Failure) 1853M->230M(2059M) 7.627ms
[575.135s][info ][gc,cpu         ] GC(21) User=0.02s Sys=0.01s Real=0.01s
[575.135s][info ][safepoint      ] Safepoint "ParallelGCFailedAllocation", Time since last: 2933774379 ns, Reaching safepoint: 5200 ns, Cleanup: 3500 ns, At safepoint: 7705285 ns, Total: 7713985 ns
[576.135s][info ][safepoint      ] Safepoint "Cleanup", Time since last: 1000087644 ns, Reaching safepoint: 5501 ns, Cleanup: 12200 ns, At safepoint: 2000 ns, Total: 19701 ns
[577.135s][info ][safepoint      ] Safepoint "Cleanup", Time since last: 1000136247 ns, Reaching safepoint: 6000 ns, Cleanup: 17300 ns, At safepoint: 2301 ns, Total: 25601 ns
[578.135s][info ][safepoint      ] Safepoint "Cleanup", Time since last: 1000118045 ns, Reaching safepoint: 6501 ns, Cleanup: 13200 ns, At safepoint: 2100 ns, Total: 21801 ns
[579.135s][info ][safepoint      ] Safepoint "Cleanup", Time since last: 1000117646 ns, Reaching safepoint: 6100 ns, Cleanup: 10201 ns, At safepoint: 2300 ns, Total: 18601 ns
[580.135s][info ][safepoint      ] Safepoint "Cleanup", Time since last: 1000113079 ns, Reaching safepoint: 7900 ns, Cleanup: 7601 ns, At safepoint: 2700 ns, Total: 18201 ns
[581.136s][info ][safepoint      ] Safepoint "Cleanup", Time since last: 1000158986 ns, Reaching safepoint: 6401 ns, Cleanup: 13200 ns, At safepoint: 2200 ns, Total: 21801 ns
[582.136s][info ][safepoint      ] Safepoint "Cleanup", Time since last: 1000132386 ns, Reaching safepoint: 6200 ns, Cleanup: 36802 ns, At safepoint: 2400 ns, Total: 45402 ns
[583.136s][info ][safepoint      ] Safepoint "Cleanup", Time since last: 1000120385 ns, Reaching safepoint: 6000 ns, Cleanup: 25101 ns, At safepoint: 2100 ns, Total: 33201 ns
[584.136s][info ][safepoint      ] Safepoint "Cleanup", Time since last: 1000115485 ns, Reaching safepoint: 8300 ns, Cleanup: 16801 ns, At safepoint: 2300 ns, Total: 27401 ns
[585.136s][info ][safepoint      ] Safepoint "Cleanup", Time since last: 1000122986 ns, Reaching safepoint: 6800 ns, Cleanup: 14800 ns, At safepoint: 1900 ns, Total: 23500 ns
[588.137s][info ][safepoint      ] Safepoint "Cleanup", Time since last: 3000270748 ns, Reaching safepoint: 7800 ns, Cleanup: 11301 ns, At safepoint: 2400 ns, Total: 21501 ns
[589.137s][info ][safepoint      ] Safepoint "Cleanup", Time since last: 1000134790 ns, Reaching safepoint: 6400 ns, Cleanup: 10801 ns, At safepoint: 2300 ns, Total: 19501 ns
[593.137s][info ][safepoint      ] Safepoint "Cleanup", Time since last: 4000336154 ns, Reaching safepoint: 8600 ns, Cleanup: 15101 ns, At safepoint: 2600 ns, Total: 26301 ns
[594.137s][info ][safepoint      ] Safepoint "Cleanup", Time since last: 1000145338 ns, Reaching safepoint: 6700 ns, Cleanup: 14001 ns, At safepoint: 2300 ns, Total: 23001 ns
[595.137s][info ][safepoint      ] Safepoint "Cleanup", Time since last: 1000162721 ns, Reaching safepoint: 7201 ns, Cleanup: 11600 ns, At safepoint: 2800 ns, Total: 21601 ns
[599.138s][info ][safepoint      ] Safepoint "Cleanup", Time since last: 4000414987 ns, Reaching safepoint: 7401 ns, Cleanup: 15900 ns, At safepoint: 35001 ns, Total: 58302 ns
[600.138s][info ][safepoint      ] Safepoint "Cleanup", Time since last: 1000148635 ns, Reaching safepoint: 7601 ns, Cleanup: 11700 ns, At safepoint: 2800 ns, Total: 22101 ns
[601.209s][info ][safepoint      ] Safepoint "Cleanup", Time since last: 1070595815 ns, Reaching safepoint: 7300 ns, Cleanup: 16601 ns, At safepoint: 2900 ns, Total: 26801 ns
[603.209s][info ][safepoint      ] Safepoint "Cleanup", Time since last: 2000222567 ns, Reaching safepoint: 7300 ns, Cleanup: 14301 ns, At safepoint: 2300 ns, Total: 23901 ns
[605.209s][info ][safepoint      ] Safepoint "Cleanup", Time since last: 2000220662 ns, Reaching safepoint: 80603 ns, Cleanup: 12400 ns, At safepoint: 6401 ns, Total: 99404 ns
[606.209s][info ][safepoint      ] Safepoint "Cleanup", Time since last: 1000114972 ns, Reaching safepoint: 78603 ns, Cleanup: 9800 ns, At safepoint: 5900 ns, Total: 94303 ns
[608.210s][info ][safepoint      ] Safepoint "Cleanup", Time since last: 2000199545 ns, Reaching safepoint: 79802 ns, Cleanup: 10501 ns, At safepoint: 6300 ns, Total: 96603 ns
[611.210s][info ][safepoint      ] Safepoint "Cleanup", Time since last: 3000261082 ns, Reaching safepoint: 78103 ns, Cleanup: 10300 ns, At safepoint: 7001 ns, Total: 95404 ns
[612.210s][info ][safepoint      ] Safepoint "Cleanup", Time since last: 1000141078 ns, Reaching safepoint: 7700 ns, Cleanup: 86504 ns, At safepoint: 6700 ns, Total: 100904 ns
[613.211s][info ][safepoint      ] Safepoint "Cleanup", Time since last: 1000140216 ns, Reaching safepoint: 79902 ns, Cleanup: 16601 ns, At safepoint: 6400 ns, Total: 102903 ns
[615.211s][info ][safepoint      ] Safepoint "Cleanup", Time since last: 2000258831 ns, Reaching safepoint: 112604 ns, Cleanup: 14601 ns, At safepoint: 11200 ns, Total: 138405 ns
[616.211s][info ][safepoint      ] Safepoint "Cleanup", Time since last: 1000161417 ns, Reaching safepoint: 114704 ns, Cleanup: 15201 ns, At safepoint: 11700 ns, Total: 141605 ns
[618.212s][info ][safepoint      ] Safepoint "Cleanup", Time since last: 2000220529 ns, Reaching safepoint: 80903 ns, Cleanup: 10701 ns, At safepoint: 6000 ns, Total: 97604 ns
[624.212s][info ][safepoint      ] Safepoint "Cleanup", Time since last: 6000488742 ns, Reaching safepoint: 83303 ns, Cleanup: 8101 ns, At safepoint: 7500 ns, Total: 98904 ns
[625.212s][info ][safepoint      ] Safepoint "Cleanup", Time since last: 1000141322 ns, Reaching safepoint: 83603 ns, Cleanup: 11500 ns, At safepoint: 7500 ns, Total: 102603 ns
[627.213s][info ][safepoint      ] Safepoint "Cleanup", Time since last: 2000170440 ns, Reaching safepoint: 78903 ns, Cleanup: 12700 ns, At safepoint: 6200 ns, Total: 97803 ns
[632.460s][info ][gc,start       ] GC(22) Pause Young (Allocation Failure)
[632.463s][debug][gc,phases      ] GC(22) Scavenge 2.788ms
[632.463s][debug][gc,ref         ] GC(22) ReferenceProcessor::execute queues: 1, RefProcThreadModel::Single, marks_oops_alive: false
[632.463s][debug][gc,ref         ] GC(22) Skipped KeepAliveFinalRefsPhase of Reference Processing: no references
[632.463s][debug][gc,ref         ] GC(22) ReferenceProcessor::execute queues: 1, RefProcThreadModel::Single, marks_oops_alive: false
[632.463s][debug][gc,phases      ] GC(22) Reference Processing 0.117ms
[632.464s][debug][gc,phases      ] GC(22)   VM Weak                        Min:  0.0, Avg:  0.0, Max:  0.0, Diff:  0.0, Sum:  0.0, Workers: 4
[632.464s][debug][gc,phases      ] GC(22)     Dead                           Min: 0, Avg:  0.0, Max: 0, Diff: 0, Sum: 0, Workers: 4
[632.464s][debug][gc,phases      ] GC(22)     Total                          Min: 0, Avg: 251.5, Max: 512, Diff: 512, Sum: 1006, Workers: 4
[632.464s][debug][gc,phases      ] GC(22)   ObjectSynchronizer Weak        Min:  0.0, Avg:  0.0, Max:  0.0, Diff:  0.0, Sum:  0.0, Workers: 4
[632.464s][debug][gc,phases      ] GC(22)     Dead                           Min: 0, Avg:  0.0, Max: 0, Diff: 0, Sum: 0, Workers: 4
[632.464s][debug][gc,phases      ] GC(22)     Total                          Min: 0, Avg:  1.0, Max: 4, Diff: 4, Sum: 4, Workers: 4
[632.464s][debug][gc,phases      ] GC(22)   JVMTI Tag Weak OopStorage      Min:  0.0, Avg:  0.0, Max:  0.0, Diff:  0.0, Sum:  0.0, Workers: 4
[632.464s][debug][gc,phases      ] GC(22)     Dead                           Min: 0, Avg:  0.0, Max: 0, Diff: 0, Sum: 0, Workers: 4
[632.464s][debug][gc,phases      ] GC(22)     Total                          Min: 0, Avg:  0.0, Max: 0, Diff: 0, Sum: 0, Workers: 4
[632.464s][debug][gc,phases      ] GC(22)   StringTable Weak               Min:  0.0, Avg:  0.1, Max:  0.1, Diff:  0.1, Sum:  0.4, Workers: 4
[632.464s][debug][gc,phases      ] GC(22)     Dead                           Min: 0, Avg:  0.0, Max: 0, Diff: 0, Sum: 0, Workers: 4
[632.464s][debug][gc,phases      ] GC(22)     Total                          Min: 0, Avg: 11530.8, Max: 15552, Diff: 15552, Sum: 46123, Workers: 4
[632.464s][debug][gc,phases      ] GC(22)   ResolvedMethodTable Weak       Min:  0.0, Avg:  0.1, Max:  0.1, Diff:  0.1, Sum:  0.2, Workers: 4
[632.464s][debug][gc,phases      ] GC(22)     Dead                           Min: 0, Avg:  4.0, Max: 16, Diff: 16, Sum: 16, Workers: 4
[632.464s][debug][gc,phases      ] GC(22)     Total                          Min: 0, Avg: 3787.8, Max: 5465, Diff: 5465, Sum: 15151, Workers: 4
[632.464s][debug][gc,phases      ] GC(22)   JNI Weak                       Min:  0.0, Avg:  0.0, Max:  0.0, Diff:  0.0, Sum:  0.0, Workers: 4
[632.464s][debug][gc,phases      ] GC(22)     Dead                           Min: 0, Avg:  0.0, Max: 0, Diff: 0, Sum: 0, Workers: 4
[632.464s][debug][gc,phases      ] GC(22)     Total                          Min: 0, Avg: 13.0, Max: 52, Diff: 52, Sum: 52, Workers: 4
[632.464s][debug][gc,phases      ] GC(22)   StringDedup Table Weak         Min:  0.0, Avg:  0.0, Max:  0.0, Diff:  0.0, Sum:  0.0, Workers: 4
[632.464s][debug][gc,phases      ] GC(22)     Dead                           Min: 0, Avg:  0.0, Max: 0, Diff: 0, Sum: 0, Workers: 4
[632.464s][debug][gc,phases      ] GC(22)     Total                          Min: 0, Avg:  0.0, Max: 0, Diff: 0, Sum: 0, Workers: 4
[632.464s][debug][gc,phases      ] GC(22)   StringDedup Requests0 Weak     Min:  0.0, Avg:  0.0, Max:  0.0, Diff:  0.0, Sum:  0.0, Workers: 4
[632.464s][debug][gc,phases      ] GC(22)     Dead                           Min: 0, Avg:  0.0, Max: 0, Diff: 0, Sum: 0, Workers: 4
[632.464s][debug][gc,phases      ] GC(22)     Total                          Min: 0, Avg:  0.0, Max: 0, Diff: 0, Sum: 0, Workers: 4
[632.464s][debug][gc,phases      ] GC(22)   StringDedup Requests1 Weak     Min:  0.0, Avg:  0.0, Max:  0.0, Diff:  0.0, Sum:  0.0, Workers: 4
[632.464s][debug][gc,phases      ] GC(22)     Dead                           Min: 0, Avg:  0.0, Max: 0, Diff: 0, Sum: 0, Workers: 4
[632.464s][debug][gc,phases      ] GC(22)     Total                          Min: 0, Avg:  0.0, Max: 0, Diff: 0, Sum: 0, Workers: 4
[632.464s][debug][gc,phases      ] GC(22)   Weak JFR Old Object Samples    Min:  0.0, Avg:  0.0, Max:  0.0, Diff:  0.0, Sum:  0.0, Workers: 4
[632.464s][debug][gc,phases      ] GC(22)     Dead                           Min: 0, Avg:  0.0, Max: 0, Diff: 0, Sum: 0, Workers: 4
[632.464s][debug][gc,phases      ] GC(22)     Total                          Min: 0, Avg:  0.0, Max: 0, Diff: 0, Sum: 0, Workers: 4
[632.464s][debug][gc,phases      ] GC(22) Weak Processing 0.466ms
[632.464s][debug][gc,age         ] GC(22) Desired survivor size 200802304 bytes, new threshold 1 (max threshold 15)
[632.464s][info ][gc,heap        ] GC(22) PSYoungGen: 1667109K(1875968K)->3088K(1901056K) Eden: 1663488K(1663488K)->0K(1696768K) From: 3621K(212480K)->3088K(204288K)
[632.464s][info ][gc,heap        ] GC(22) ParOldGen: 232581K(232960K)->233626K(233984K)
[632.464s][info ][gc,metaspace   ] GC(22) Metaspace: 105291K(106688K)->105291K(106688K) NonClass: 89314K(90112K)->89314K(90112K) Class: 15976K(16576K)->15976K(16576K)
[632.464s][info ][gc             ] GC(22) Pause Young (Allocation Failure) 1855M->231M(2085M) 3.512ms
[632.464s][info ][gc,cpu         ] GC(22) User=0.01s Sys=0.00s Real=0.00s
[632.464s][info ][safepoint      ] Safepoint "ParallelGCFailedAllocation", Time since last: 5247513461 ns, Reaching safepoint: 6500 ns, Cleanup: 4100 ns, At safepoint: 3591132 ns, Total: 3601732 ns
[633.464s][info ][safepoint      ] Safepoint "Cleanup", Time since last: 1000090623 ns, Reaching safepoint: 78603 ns, Cleanup: 8500 ns, At safepoint: 6600 ns, Total: 93703 ns
[634.464s][info ][safepoint      ] Safepoint "Cleanup", Time since last: 1000122524 ns, Reaching safepoint: 82503 ns, Cleanup: 12801 ns, At safepoint: 7600 ns, Total: 102904 ns
[635.464s][info ][safepoint      ] Safepoint "Cleanup", Time since last: 1000127725 ns, Reaching safepoint: 78102 ns, Cleanup: 10201 ns, At safepoint: 6800 ns, Total: 95103 ns
[637.465s][info ][safepoint      ] Safepoint "Cleanup", Time since last: 2000186423 ns, Reaching safepoint: 80203 ns, Cleanup: 11900 ns, At safepoint: 7100 ns, Total: 99203 ns
[643.465s][info ][safepoint      ] Safepoint "Cleanup", Time since last: 6000582342 ns, Reaching safepoint: 76903 ns, Cleanup: 12300 ns, At safepoint: 8001 ns, Total: 97204 ns
[645.466s][info ][safepoint      ] Safepoint "Cleanup", Time since last: 2000208812 ns, Reaching safepoint: 80903 ns, Cleanup: 9900 ns, At safepoint: 6701 ns, Total: 97504 ns
[653.466s][info ][safepoint      ] Safepoint "Cleanup", Time since last: 8000649701 ns, Reaching safepoint: 6901 ns, Cleanup: 11200 ns, At safepoint: 3000 ns, Total: 21101 ns
[654.467s][info ][safepoint      ] Safepoint "Cleanup", Time since last: 1000117433 ns, Reaching safepoint: 6800 ns, Cleanup: 10501 ns, At safepoint: 2900 ns, Total: 20201 ns
[655.467s][info ][safepoint      ] Safepoint "Cleanup", Time since last: 1000165234 ns, Reaching safepoint: 7201 ns, Cleanup: 10900 ns, At safepoint: 2600 ns, Total: 20701 ns
[664.227s][info ][safepoint      ] Safepoint "Cleanup", Time since last: 8760157269 ns, Reaching safepoint: 6800 ns, Cleanup: 13001 ns, At safepoint: 2400 ns, Total: 22201 ns
[668.227s][info ][safepoint      ] Safepoint "Cleanup", Time since last: 4000328396 ns, Reaching safepoint: 6900 ns, Cleanup: 13201 ns, At safepoint: 2300 ns, Total: 22401 ns
[669.227s][info ][safepoint      ] Safepoint "Cleanup", Time since last: 1000142217 ns, Reaching safepoint: 6400 ns, Cleanup: 10900 ns, At safepoint: 2100 ns, Total: 19400 ns
[670.228s][info ][safepoint      ] Safepoint "Cleanup", Time since last: 1000115016 ns, Reaching safepoint: 7301 ns, Cleanup: 11000 ns, At safepoint: 2100 ns, Total: 20401 ns
[672.228s][info ][safepoint      ] Safepoint "Cleanup", Time since last: 2000217631 ns, Reaching safepoint: 7701 ns, Cleanup: 18300 ns, At safepoint: 2400 ns, Total: 28401 ns
[673.228s][info ][safepoint      ] Safepoint "Cleanup", Time since last: 1000276522 ns, Reaching safepoint: 6601 ns, Cleanup: 10700 ns, At safepoint: 2400 ns, Total: 19701 ns
[674.228s][info ][safepoint      ] Safepoint "Cleanup", Time since last: 1000121816 ns, Reaching safepoint: 6600 ns, Cleanup: 9501 ns, At safepoint: 2100 ns, Total: 18201 ns
[675.228s][info ][safepoint      ] Safepoint "Cleanup", Time since last: 1000078314 ns, Reaching safepoint: 6201 ns, Cleanup: 10500 ns, At safepoint: 2200 ns, Total: 18901 ns
[676.228s][info ][safepoint      ] Safepoint "Cleanup", Time since last: 1000121605 ns, Reaching safepoint: 6900 ns, Cleanup: 10500 ns, At safepoint: 2301 ns, Total: 19701 ns
[677.229s][info ][safepoint      ] Safepoint "Cleanup", Time since last: 1000120247 ns, Reaching safepoint: 6501 ns, Cleanup: 14200 ns, At safepoint: 2200 ns, Total: 22901 ns
[678.229s][info ][safepoint      ] Safepoint "Cleanup", Time since last: 1000110947 ns, Reaching safepoint: 6401 ns, Cleanup: 10600 ns, At safepoint: 2200 ns, Total: 19201 ns
[680.229s][info ][safepoint      ] Safepoint "Cleanup", Time since last: 2000222995 ns, Reaching safepoint: 7300 ns, Cleanup: 13701 ns, At safepoint: 2700 ns, Total: 23701 ns
[683.229s][info ][safepoint      ] Safepoint "Cleanup", Time since last: 3000272640 ns, Reaching safepoint: 6500 ns, Cleanup: 13100 ns, At safepoint: 2201 ns, Total: 21801 ns
[687.230s][info ][safepoint      ] Safepoint "Cleanup", Time since last: 4000333106 ns, Reaching safepoint: 6000 ns, Cleanup: 10900 ns, At safepoint: 2100 ns, Total: 19000 ns
[693.665s][info ][gc,start       ] GC(23) Pause Young (Allocation Failure)
[693.668s][debug][gc,phases      ] GC(23) Scavenge 3.247ms
[693.668s][debug][gc,ref         ] GC(23) ReferenceProcessor::execute queues: 1, RefProcThreadModel::Single, marks_oops_alive: false
[693.668s][debug][gc,ref         ] GC(23) Skipped KeepAliveFinalRefsPhase of Reference Processing: no references
[693.668s][debug][gc,ref         ] GC(23) ReferenceProcessor::execute queues: 1, RefProcThreadModel::Single, marks_oops_alive: false
[693.668s][debug][gc,phases      ] GC(23) Reference Processing 0.117ms
[693.668s][debug][gc,phases      ] GC(23)   VM Weak                        Min:  0.0, Avg:  0.0, Max:  0.0, Diff:  0.0, Sum:  0.0, Workers: 4
[693.668s][debug][gc,phases      ] GC(23)     Dead                           Min: 0, Avg:  0.0, Max: 0, Diff: 0, Sum: 0, Workers: 4
[693.668s][debug][gc,phases      ] GC(23)     Total                          Min: 0, Avg: 251.5, Max: 640, Diff: 640, Sum: 1006, Workers: 4
[693.668s][debug][gc,phases      ] GC(23)   ObjectSynchronizer Weak        Min:  0.0, Avg:  0.0, Max:  0.0, Diff:  0.0, Sum:  0.0, Workers: 4
[693.668s][debug][gc,phases      ] GC(23)     Dead                           Min: 0, Avg:  0.0, Max: 0, Diff: 0, Sum: 0, Workers: 4
[693.668s][debug][gc,phases      ] GC(23)     Total                          Min: 0, Avg:  1.0, Max: 4, Diff: 4, Sum: 4, Workers: 4
[693.668s][debug][gc,phases      ] GC(23)   JVMTI Tag Weak OopStorage      Min:  0.0, Avg:  0.0, Max:  0.0, Diff:  0.0, Sum:  0.0, Workers: 4
[693.668s][debug][gc,phases      ] GC(23)     Dead                           Min: 0, Avg:  0.0, Max: 0, Diff: 0, Sum: 0, Workers: 4
[693.668s][debug][gc,phases      ] GC(23)     Total                          Min: 0, Avg:  0.0, Max: 0, Diff: 0, Sum: 0, Workers: 4
[693.668s][debug][gc,phases      ] GC(23)   StringTable Weak               Min:  0.0, Avg:  0.1, Max:  0.1, Diff:  0.1, Sum:  0.4, Workers: 4
[693.668s][debug][gc,phases      ] GC(23)     Dead                           Min: 0, Avg:  0.0, Max: 0, Diff: 0, Sum: 0, Workers: 4
[693.668s][debug][gc,phases      ] GC(23)     Total                          Min: 0, Avg: 11530.8, Max: 15787, Diff: 15787, Sum: 46123, Workers: 4
[693.668s][debug][gc,phases      ] GC(23)   ResolvedMethodTable Weak       Min:  0.0, Avg:  0.0, Max:  0.1, Diff:  0.1, Sum:  0.2, Workers: 4
[693.668s][debug][gc,phases      ] GC(23)     Dead                           Min: 0, Avg:  4.2, Max: 17, Diff: 17, Sum: 17, Workers: 4
[693.668s][debug][gc,phases      ] GC(23)     Total                          Min: 0, Avg: 3788.0, Max: 5376, Diff: 5376, Sum: 15152, Workers: 4
[693.668s][debug][gc,phases      ] GC(23)   JNI Weak                       Min:  0.0, Avg:  0.0, Max:  0.0, Diff:  0.0, Sum:  0.0, Workers: 4
[693.668s][debug][gc,phases      ] GC(23)     Dead                           Min: 0, Avg:  0.0, Max: 0, Diff: 0, Sum: 0, Workers: 4
[693.668s][debug][gc,phases      ] GC(23)     Total                          Min: 0, Avg: 13.0, Max: 52, Diff: 52, Sum: 52, Workers: 4
[693.668s][debug][gc,phases      ] GC(23)   StringDedup Table Weak         Min:  0.0, Avg:  0.0, Max:  0.0, Diff:  0.0, Sum:  0.0, Workers: 4
[693.668s][debug][gc,phases      ] GC(23)     Dead                           Min: 0, Avg:  0.0, Max: 0, Diff: 0, Sum: 0, Workers: 4
[693.668s][debug][gc,phases      ] GC(23)     Total                          Min: 0, Avg:  0.0, Max: 0, Diff: 0, Sum: 0, Workers: 4
[693.668s][debug][gc,phases      ] GC(23)   StringDedup Requests0 Weak     Min:  0.0, Avg:  0.0, Max:  0.0, Diff:  0.0, Sum:  0.0, Workers: 4
[693.668s][debug][gc,phases      ] GC(23)     Dead                           Min: 0, Avg:  0.0, Max: 0, Diff: 0, Sum: 0, Workers: 4
[693.668s][debug][gc,phases      ] GC(23)     Total                          Min: 0, Avg:  0.0, Max: 0, Diff: 0, Sum: 0, Workers: 4
[693.668s][debug][gc,phases      ] GC(23)   StringDedup Requests1 Weak     Min:  0.0, Avg:  0.0, Max:  0.0, Diff:  0.0, Sum:  0.0, Workers: 4
[693.668s][debug][gc,phases      ] GC(23)     Dead                           Min: 0, Avg:  0.0, Max: 0, Diff: 0, Sum: 0, Workers: 4
[693.668s][debug][gc,phases      ] GC(23)     Total                          Min: 0, Avg:  0.0, Max: 0, Diff: 0, Sum: 0, Workers: 4
[693.668s][debug][gc,phases      ] GC(23)   Weak JFR Old Object Samples    Min:  0.0, Avg:  0.0, Max:  0.0, Diff:  0.0, Sum:  0.0, Workers: 4
[693.668s][debug][gc,phases      ] GC(23)     Dead                           Min: 0, Avg:  0.0, Max: 0, Diff: 0, Sum: 0, Workers: 4
[693.668s][debug][gc,phases      ] GC(23)     Total                          Min: 0, Avg:  0.0, Max: 0, Diff: 0, Sum: 0, Workers: 4
[693.669s][debug][gc,phases      ] GC(23) Weak Processing 0.436ms
[693.669s][debug][gc,age         ] GC(23) Desired survivor size 191889408 bytes, new threshold 1 (max threshold 15)
[693.669s][info ][gc,heap        ] GC(23) PSYoungGen: 1699856K(1901056K)->2368K(1892864K) Eden: 1696768K(1696768K)->0K(1696768K) From: 3088K(204288K)->2368K(196096K)
[693.669s][info ][gc,heap        ] GC(23) ParOldGen: 233626K(233984K)->235030K(235520K)
[693.669s][info ][gc,metaspace   ] GC(23) Metaspace: 105331K(106688K)->105331K(106688K) NonClass: 89354K(90112K)->89354K(90112K) Class: 15976K(16576K)->15976K(16576K)
[693.669s][info ][gc             ] GC(23) Pause Young (Allocation Failure) 1888M->231M(2078M) 3.942ms
[693.669s][info ][gc,cpu         ] GC(23) User=0.02s Sys=0.00s Real=0.01s
[693.669s][info ][safepoint      ] Safepoint "ParallelGCFailedAllocation", Time since last: 6434906510 ns, Reaching safepoint: 6400 ns, Cleanup: 4100 ns, At safepoint: 4028547 ns, Total: 4039047 ns
[694.669s][info ][safepoint      ] Safepoint "Cleanup", Time since last: 1000093071 ns, Reaching safepoint: 7000 ns, Cleanup: 16001 ns, At safepoint: 2400 ns, Total: 25401 ns
[695.669s][info ][safepoint      ] Safepoint "Cleanup", Time since last: 1000114471 ns, Reaching safepoint: 6900 ns, Cleanup: 12601 ns, At safepoint: 2300 ns, Total: 21801 ns
[697.669s][info ][safepoint      ] Safepoint "Cleanup", Time since last: 2000186740 ns, Reaching safepoint: 6101 ns, Cleanup: 11200 ns, At safepoint: 2300 ns, Total: 19601 ns
[708.670s][info ][safepoint      ] Safepoint "Cleanup", Time since last: 11000822595 ns, Reaching safepoint: 5800 ns, Cleanup: 10701 ns, At safepoint: 2400 ns, Total: 18901 ns
[710.670s][info ][safepoint      ] Safepoint "Cleanup", Time since last: 2000200967 ns, Reaching safepoint: 7000 ns, Cleanup: 19901 ns, At safepoint: 2400 ns, Total: 29301 ns
[711.670s][info ][safepoint      ] Safepoint "Cleanup", Time since last: 1000121234 ns, Reaching safepoint: 6801 ns, Cleanup: 9600 ns, At safepoint: 2400 ns, Total: 18801 ns
[712.670s][info ][safepoint      ] Safepoint "Cleanup", Time since last: 1000120734 ns, Reaching safepoint: 6600 ns, Cleanup: 13501 ns, At safepoint: 2600 ns, Total: 22701 ns
[717.671s][info ][safepoint      ] Safepoint "Cleanup", Time since last: 5000403443 ns, Reaching safepoint: 5900 ns, Cleanup: 9901 ns, At safepoint: 2300 ns, Total: 18101 ns
[720.245s][info ][safepoint      ] Safepoint "Cleanup", Time since last: 2574231325 ns, Reaching safepoint: 3500 ns, Cleanup: 10300 ns, At safepoint: 1600 ns, Total: 15400 ns
[723.245s][info ][safepoint      ] Safepoint "Cleanup", Time since last: 3000294932 ns, Reaching safepoint: 6400 ns, Cleanup: 12401 ns, At safepoint: 2400 ns, Total: 21201 ns
[727.246s][info ][safepoint      ] Safepoint "Cleanup", Time since last: 4000327046 ns, Reaching safepoint: 6800 ns, Cleanup: 10600 ns, At safepoint: 2600 ns, Total: 20000 ns
[728.246s][info ][safepoint      ] Safepoint "Cleanup", Time since last: 1000120481 ns, Reaching safepoint: 6801 ns, Cleanup: 16300 ns, At safepoint: 3000 ns, Total: 26101 ns
[732.246s][info ][safepoint      ] Safepoint "Cleanup", Time since last: 4000356721 ns, Reaching safepoint: 6600 ns, Cleanup: 11700 ns, At safepoint: 2801 ns, Total: 21101 ns
[734.247s][info ][safepoint      ] Safepoint "Cleanup", Time since last: 2000231190 ns, Reaching safepoint: 7801 ns, Cleanup: 12200 ns, At safepoint: 2900 ns, Total: 22901 ns
[735.247s][info ][safepoint      ] Safepoint "Cleanup", Time since last: 1000167998 ns, Reaching safepoint: 9500 ns, Cleanup: 21801 ns, At safepoint: 3400 ns, Total: 34701 ns
[736.247s][info ][safepoint      ] Safepoint "Cleanup", Time since last: 1000133396 ns, Reaching safepoint: 6300 ns, Cleanup: 11901 ns, At safepoint: 2800 ns, Total: 21001 ns
[742.247s][info ][safepoint      ] Safepoint "Cleanup", Time since last: 6000468427 ns, Reaching safepoint: 7200 ns, Cleanup: 11701 ns, At safepoint: 2200 ns, Total: 21101 ns
[744.248s][info ][safepoint      ] Safepoint "Cleanup", Time since last: 2000187059 ns, Reaching safepoint: 6500 ns, Cleanup: 13401 ns, At safepoint: 2200 ns, Total: 22101 ns
[747.248s][info ][safepoint      ] Safepoint "Cleanup", Time since last: 3000254588 ns, Reaching safepoint: 8300 ns, Cleanup: 13401 ns, At safepoint: 2400 ns, Total: 24101 ns
[752.248s][info ][safepoint      ] Safepoint "Cleanup", Time since last: 5000426419 ns, Reaching safepoint: 6800 ns, Cleanup: 18100 ns, At safepoint: 2501 ns, Total: 27401 ns
[753.060s][info ][gc,start       ] GC(24) Pause Young (Allocation Failure)
[753.063s][debug][gc,phases      ] GC(24) Scavenge 2.872ms
[753.063s][debug][gc,ref         ] GC(24) ReferenceProcessor::execute queues: 1, RefProcThreadModel::Single, marks_oops_alive: false
[753.063s][debug][gc,ref         ] GC(24) Skipped KeepAliveFinalRefsPhase of Reference Processing: no references
[753.063s][debug][gc,ref         ] GC(24) ReferenceProcessor::execute queues: 1, RefProcThreadModel::Single, marks_oops_alive: false
[753.063s][debug][gc,phases      ] GC(24) Reference Processing 0.164ms
[753.064s][debug][gc,phases      ] GC(24)   VM Weak                        Min:  0.0, Avg:  0.0, Max:  0.0, Diff:  0.0, Sum:  0.0, Workers: 4
[753.064s][debug][gc,phases      ] GC(24)     Dead                           Min: 0, Avg:  0.0, Max: 0, Diff: 0, Sum: 0, Workers: 4
[753.064s][debug][gc,phases      ] GC(24)     Total                          Min: 0, Avg: 251.5, Max: 494, Diff: 494, Sum: 1006, Workers: 4
[753.064s][debug][gc,phases      ] GC(24)   ObjectSynchronizer Weak        Min:  0.0, Avg:  0.0, Max:  0.0, Diff:  0.0, Sum:  0.0, Workers: 4
[753.064s][debug][gc,phases      ] GC(24)     Dead                           Min: 0, Avg:  0.0, Max: 0, Diff: 0, Sum: 0, Workers: 4
[753.064s][debug][gc,phases      ] GC(24)     Total                          Min: 0, Avg:  1.0, Max: 4, Diff: 4, Sum: 4, Workers: 4
[753.064s][debug][gc,phases      ] GC(24)   JVMTI Tag Weak OopStorage      Min:  0.0, Avg:  0.0, Max:  0.0, Diff:  0.0, Sum:  0.0, Workers: 4
[753.064s][debug][gc,phases      ] GC(24)     Dead                           Min: 0, Avg:  0.0, Max: 0, Diff: 0, Sum: 0, Workers: 4
[753.064s][debug][gc,phases      ] GC(24)     Total                          Min: 0, Avg:  0.0, Max: 0, Diff: 0, Sum: 0, Workers: 4
[753.064s][debug][gc,phases      ] GC(24)   StringTable Weak               Min:  0.1, Avg:  0.1, Max:  0.1, Diff:  0.0, Sum:  0.5, Workers: 4
[753.064s][debug][gc,phases      ] GC(24)     Dead                           Min: 0, Avg:  0.0, Max: 0, Diff: 0, Sum: 0, Workers: 4
[753.064s][debug][gc,phases      ] GC(24)     Total                          Min: 9261, Avg: 11531.2, Max: 13184, Diff: 3923, Sum: 46125, Workers: 4
[753.064s][debug][gc,phases      ] GC(24)   ResolvedMethodTable Weak       Min:  0.0, Avg:  0.0, Max:  0.0, Diff:  0.0, Sum:  0.2, Workers: 4
[753.064s][debug][gc,phases      ] GC(24)     Dead                           Min: 0, Avg:  4.0, Max: 16, Diff: 16, Sum: 16, Workers: 4
[753.064s][debug][gc,phases      ] GC(24)     Total                          Min: 3588, Avg: 3788.5, Max: 3913, Diff: 325, Sum: 15154, Workers: 4
[753.064s][debug][gc,phases      ] GC(24)   JNI Weak                       Min:  0.0, Avg:  0.0, Max:  0.0, Diff:  0.0, Sum:  0.0, Workers: 4
[753.064s][debug][gc,phases      ] GC(24)     Dead                           Min: 0, Avg:  0.0, Max: 0, Diff: 0, Sum: 0, Workers: 4
[753.064s][debug][gc,phases      ] GC(24)     Total                          Min: 0, Avg: 13.0, Max: 52, Diff: 52, Sum: 52, Workers: 4
[753.064s][debug][gc,phases      ] GC(24)   StringDedup Table Weak         Min:  0.0, Avg:  0.0, Max:  0.0, Diff:  0.0, Sum:  0.0, Workers: 4
[753.064s][debug][gc,phases      ] GC(24)     Dead                           Min: 0, Avg:  0.0, Max: 0, Diff: 0, Sum: 0, Workers: 4
[753.064s][debug][gc,phases      ] GC(24)     Total                          Min: 0, Avg:  0.0, Max: 0, Diff: 0, Sum: 0, Workers: 4
[753.064s][debug][gc,phases      ] GC(24)   StringDedup Requests0 Weak     Min:  0.0, Avg:  0.0, Max:  0.0, Diff:  0.0, Sum:  0.0, Workers: 4
[753.064s][debug][gc,phases      ] GC(24)     Dead                           Min: 0, Avg:  0.0, Max: 0, Diff: 0, Sum: 0, Workers: 4
[753.064s][debug][gc,phases      ] GC(24)     Total                          Min: 0, Avg:  0.0, Max: 0, Diff: 0, Sum: 0, Workers: 4
[753.064s][debug][gc,phases      ] GC(24)   StringDedup Requests1 Weak     Min:  0.0, Avg:  0.0, Max:  0.0, Diff:  0.0, Sum:  0.0, Workers: 4
[753.064s][debug][gc,phases      ] GC(24)     Dead                           Min: 0, Avg:  0.0, Max: 0, Diff: 0, Sum: 0, Workers: 4
[753.064s][debug][gc,phases      ] GC(24)     Total                          Min: 0, Avg:  0.0, Max: 0, Diff: 0, Sum: 0, Workers: 4
[753.064s][debug][gc,phases      ] GC(24)   Weak JFR Old Object Samples    Min:  0.0, Avg:  0.0, Max:  0.0, Diff:  0.0, Sum:  0.0, Workers: 4
[753.064s][debug][gc,phases      ] GC(24)     Dead                           Min: 0, Avg:  0.0, Max: 0, Diff: 0, Sum: 0, Workers: 4
[753.064s][debug][gc,phases      ] GC(24)     Total                          Min: 0, Avg:  0.0, Max: 0, Diff: 0, Sum: 0, Workers: 4
[753.064s][debug][gc,phases      ] GC(24) Weak Processing 0.413ms
[753.064s][debug][gc,age         ] GC(24) Desired survivor size 182452224 bytes, new threshold 1 (max threshold 15)
[753.064s][info ][gc,heap        ] GC(24) PSYoungGen: 1699136K(1892864K)->3513K(1918976K) Eden: 1696768K(1696768K)->0K(1731584K) From: 2368K(196096K)->3513K(187392K)
[753.064s][info ][gc,heap        ] GC(24) ParOldGen: 235030K(235520K)->235478K(235520K)
[753.064s][info ][gc,metaspace   ] GC(24) Metaspace: 105379K(106752K)->105379K(106752K) NonClass: 89402K(90176K)->89402K(90176K) Class: 15977K(16576K)->15977K(16576K)
[753.064s][info ][gc             ] GC(24) Pause Young (Allocation Failure) 1888M->233M(2104M) 3.589ms
[753.064s][info ][gc,cpu         ] GC(24) User=0.01s Sys=0.00s Real=0.00s
[753.064s][info ][safepoint      ] Safepoint "ParallelGCFailedAllocation", Time since last: 811969951 ns, Reaching safepoint: 6100 ns, Cleanup: 9301 ns, At safepoint: 3665533 ns, Total: 3680934 ns
[754.064s][info ][safepoint      ] Safepoint "Cleanup", Time since last: 1000099999 ns, Reaching safepoint: 78203 ns, Cleanup: 9100 ns, At safepoint: 6300 ns, Total: 93603 ns
[755.064s][info ][safepoint      ] Safepoint "Cleanup", Time since last: 1000132100 ns, Reaching safepoint: 100004 ns, Cleanup: 15300 ns, At safepoint: 8401 ns, Total: 123705 ns
[756.065s][info ][safepoint      ] Safepoint "Cleanup", Time since last: 1000135100 ns, Reaching safepoint: 116704 ns, Cleanup: 34101 ns, At safepoint: 11301 ns, Total: 162106 ns
[757.065s][info ][safepoint      ] Safepoint "Cleanup", Time since last: 1000146156 ns, Reaching safepoint: 83704 ns, Cleanup: 11300 ns, At safepoint: 10600 ns, Total: 105604 ns
[758.065s][info ][safepoint      ] Safepoint "Cleanup", Time since last: 1000123662 ns, Reaching safepoint: 80003 ns, Cleanup: 14901 ns, At safepoint: 7400 ns, Total: 102304 ns
[762.066s][info ][safepoint      ] Safepoint "Cleanup", Time since last: 4000402144 ns, Reaching safepoint: 90803 ns, Cleanup: 9500 ns, At safepoint: 10101 ns, Total: 110404 ns
[772.067s][info ][safepoint      ] Safepoint "Cleanup", Time since last: 10001003960 ns, Reaching safepoint: 6600 ns, Cleanup: 8600 ns, At safepoint: 2300 ns, Total: 17500 ns
[773.067s][info ][safepoint      ] Safepoint "Cleanup", Time since last: 1000143753 ns, Reaching safepoint: 6700 ns, Cleanup: 10301 ns, At safepoint: 2300 ns, Total: 19301 ns
[777.067s][info ][safepoint      ] Safepoint "Cleanup", Time since last: 4000382022 ns, Reaching safepoint: 6700 ns, Cleanup: 12300 ns, At safepoint: 2500 ns, Total: 21500 ns
[781.264s][info ][safepoint      ] Safepoint "Cleanup", Time since last: 4196694334 ns, Reaching safepoint: 83503 ns, Cleanup: 64103 ns, At safepoint: 7700 ns, Total: 155306 ns
[782.264s][info ][safepoint      ] Safepoint "Cleanup", Time since last: 1000119529 ns, Reaching safepoint: 82103 ns, Cleanup: 31401 ns, At safepoint: 7600 ns, Total: 121104 ns
[783.265s][info ][safepoint      ] Safepoint "Cleanup", Time since last: 1000140030 ns, Reaching safepoint: 85103 ns, Cleanup: 59302 ns, At safepoint: 7600 ns, Total: 152005 ns
[784.265s][info ][safepoint      ] Safepoint "Cleanup", Time since last: 1000126630 ns, Reaching safepoint: 81703 ns, Cleanup: 10800 ns, At safepoint: 6300 ns, Total: 98803 ns
[787.265s][info ][safepoint      ] Safepoint "Cleanup", Time since last: 3000246483 ns, Reaching safepoint: 77603 ns, Cleanup: 18600 ns, At safepoint: 6401 ns, Total: 102604 ns
[788.265s][info ][safepoint      ] Safepoint "Cleanup", Time since last: 1000120130 ns, Reaching safepoint: 78703 ns, Cleanup: 10500 ns, At safepoint: 6000 ns, Total: 95203 ns
[789.266s][info ][safepoint      ] Safepoint "Cleanup", Time since last: 1000130249 ns, Reaching safepoint: 83603 ns, Cleanup: 37201 ns, At safepoint: 7601 ns, Total: 128405 ns
[790.266s][info ][safepoint      ] Safepoint "Cleanup", Time since last: 1000134548 ns, Reaching safepoint: 83304 ns, Cleanup: 26000 ns, At safepoint: 10301 ns, Total: 119605 ns
[791.266s][info ][safepoint      ] Safepoint "Cleanup", Time since last: 1000142549 ns, Reaching safepoint: 7400 ns, Cleanup: 13001 ns, At safepoint: 2400 ns, Total: 22801 ns
[792.266s][info ][safepoint      ] Safepoint "Cleanup", Time since last: 1000116148 ns, Reaching safepoint: 7500 ns, Cleanup: 11200 ns, At safepoint: 2601 ns, Total: 21301 ns
[794.267s][info ][safepoint      ] Safepoint "Cleanup", Time since last: 2000203795 ns, Reaching safepoint: 7300 ns, Cleanup: 11300 ns, At safepoint: 29001 ns, Total: 47601 ns
[802.267s][info ][safepoint      ] Safepoint "Cleanup", Time since last: 8000628653 ns, Reaching safepoint: 7500 ns, Cleanup: 11401 ns, At safepoint: 2400 ns, Total: 21301 ns
[806.061s][info ][gc,start       ] GC(25) Pause Young (Allocation Failure)
[806.067s][debug][gc,phases      ] GC(25) Scavenge 6.275ms
[806.068s][debug][gc,ref         ] GC(25) ReferenceProcessor::execute queues: 1, RefProcThreadModel::Single, marks_oops_alive: false
[806.068s][debug][gc,ref         ] GC(25) Skipped KeepAliveFinalRefsPhase of Reference Processing: no references
[806.068s][debug][gc,ref         ] GC(25) ReferenceProcessor::execute queues: 1, RefProcThreadModel::Single, marks_oops_alive: false
[806.068s][debug][gc,phases      ] GC(25) Reference Processing 0.172ms
[806.068s][debug][gc,phases      ] GC(25)   VM Weak                        Min:  0.0, Avg:  0.0, Max:  0.0, Diff:  0.0, Sum:  0.0, Workers: 4
[806.068s][debug][gc,phases      ] GC(25)     Dead                           Min: 0, Avg:  0.0, Max: 0, Diff: 0, Sum: 0, Workers: 4
[806.068s][debug][gc,phases      ] GC(25)     Total                          Min: 0, Avg: 251.5, Max: 878, Diff: 878, Sum: 1006, Workers: 4
[806.068s][debug][gc,phases      ] GC(25)   ObjectSynchronizer Weak        Min:  0.0, Avg:  0.0, Max:  0.0, Diff:  0.0, Sum:  0.0, Workers: 4
[806.068s][debug][gc,phases      ] GC(25)     Dead                           Min: 0, Avg:  0.0, Max: 0, Diff: 0, Sum: 0, Workers: 4
[806.068s][debug][gc,phases      ] GC(25)     Total                          Min: 0, Avg:  1.2, Max: 5, Diff: 5, Sum: 5, Workers: 4
[806.068s][debug][gc,phases      ] GC(25)   JVMTI Tag Weak OopStorage      Min:  0.0, Avg:  0.0, Max:  0.0, Diff:  0.0, Sum:  0.0, Workers: 4
[806.068s][debug][gc,phases      ] GC(25)     Dead                           Min: 0, Avg:  0.0, Max: 0, Diff: 0, Sum: 0, Workers: 4
[806.068s][debug][gc,phases      ] GC(25)     Total                          Min: 0, Avg:  0.0, Max: 0, Diff: 0, Sum: 0, Workers: 4
[806.068s][debug][gc,phases      ] GC(25)   StringTable Weak               Min:  0.0, Avg:  0.1, Max:  0.2, Diff:  0.2, Sum:  0.5, Workers: 4
[806.068s][debug][gc,phases      ] GC(25)     Dead                           Min: 0, Avg:  0.0, Max: 0, Diff: 0, Sum: 0, Workers: 4
[806.068s][debug][gc,phases      ] GC(25)     Total                          Min: 0, Avg: 11532.5, Max: 16896, Diff: 16896, Sum: 46130, Workers: 4
[806.068s][debug][gc,phases      ] GC(25)   ResolvedMethodTable Weak       Min:  0.0, Avg:  0.0, Max:  0.1, Diff:  0.1, Sum:  0.2, Workers: 4
[806.068s][debug][gc,phases      ] GC(25)     Dead                           Min: 0, Avg:  4.0, Max: 16, Diff: 16, Sum: 16, Workers: 4
[806.068s][debug][gc,phases      ] GC(25)     Total                          Min: 0, Avg: 3788.8, Max: 5506, Diff: 5506, Sum: 15155, Workers: 4
[806.068s][debug][gc,phases      ] GC(25)   JNI Weak                       Min:  0.0, Avg:  0.0, Max:  0.0, Diff:  0.0, Sum:  0.0, Workers: 4
[806.068s][debug][gc,phases      ] GC(25)     Dead                           Min: 0, Avg:  0.0, Max: 0, Diff: 0, Sum: 0, Workers: 4
[806.068s][debug][gc,phases      ] GC(25)     Total                          Min: 0, Avg: 13.0, Max: 52, Diff: 52, Sum: 52, Workers: 4
[806.068s][debug][gc,phases      ] GC(25)   StringDedup Table Weak         Min:  0.0, Avg:  0.0, Max:  0.0, Diff:  0.0, Sum:  0.0, Workers: 4
[806.068s][debug][gc,phases      ] GC(25)     Dead                           Min: 0, Avg:  0.0, Max: 0, Diff: 0, Sum: 0, Workers: 4
[806.068s][debug][gc,phases      ] GC(25)     Total                          Min: 0, Avg:  0.0, Max: 0, Diff: 0, Sum: 0, Workers: 4
[806.068s][debug][gc,phases      ] GC(25)   StringDedup Requests0 Weak     Min:  0.0, Avg:  0.0, Max:  0.0, Diff:  0.0, Sum:  0.0, Workers: 4
[806.068s][debug][gc,phases      ] GC(25)     Dead                           Min: 0, Avg:  0.0, Max: 0, Diff: 0, Sum: 0, Workers: 4
[806.068s][debug][gc,phases      ] GC(25)     Total                          Min: 0, Avg:  0.0, Max: 0, Diff: 0, Sum: 0, Workers: 4
[806.068s][debug][gc,phases      ] GC(25)   StringDedup Requests1 Weak     Min:  0.0, Avg:  0.0, Max:  0.0, Diff:  0.0, Sum:  0.0, Workers: 4
[806.068s][debug][gc,phases      ] GC(25)     Dead                           Min: 0, Avg:  0.0, Max: 0, Diff: 0, Sum: 0, Workers: 4
[806.068s][debug][gc,phases      ] GC(25)     Total                          Min: 0, Avg:  0.0, Max: 0, Diff: 0, Sum: 0, Workers: 4
[806.068s][debug][gc,phases      ] GC(25)   Weak JFR Old Object Samples    Min:  0.0, Avg:  0.0, Max:  0.0, Diff:  0.0, Sum:  0.0, Workers: 4
[806.068s][debug][gc,phases      ] GC(25)     Dead                           Min: 0, Avg:  0.0, Max: 0, Diff: 0, Sum: 0, Workers: 4
[806.068s][debug][gc,phases      ] GC(25)     Total                          Min: 0, Avg:  0.0, Max: 0, Diff: 0, Sum: 0, Workers: 4
[806.068s][debug][gc,phases      ] GC(25) Weak Processing 0.455ms
[806.068s][debug][gc,age         ] GC(25) Desired survivor size 172490752 bytes, new threshold 1 (max threshold 15)
[806.068s][info ][gc,heap        ] GC(25) PSYoungGen: 1735097K(1918976K)->9392K(1909760K) Eden: 1731584K(1731584K)->0K(1731584K) From: 3513K(187392K)->9392K(178176K)
[806.068s][info ][gc,heap        ] GC(25) ParOldGen: 235478K(235520K)->236428K(236544K)
[806.068s][info ][gc,metaspace   ] GC(25) Metaspace: 105431K(106816K)->105431K(106816K) NonClass: 89452K(90240K)->89452K(90240K) Class: 15978K(16576K)->15978K(16576K)
[806.068s][info ][gc             ] GC(25) Pause Young (Allocation Failure) 1924M->240M(2096M) 7.039ms
[806.068s][info ][gc,cpu         ] GC(25) User=0.02s Sys=0.00s Real=0.01s
[806.068s][info ][safepoint      ] Safepoint "ParallelGCFailedAllocation", Time since last: 3793771667 ns, Reaching safepoint: 81903 ns, Cleanup: 4001 ns, At safepoint: 7148960 ns, Total: 7234864 ns
[811.069s][info ][safepoint      ] Safepoint "Cleanup", Time since last: 5000431689 ns, Reaching safepoint: 8300 ns, Cleanup: 13201 ns, At safepoint: 2900 ns, Total: 24401 ns
[817.069s][info ][safepoint      ] Safepoint "Cleanup", Time since last: 6000478426 ns, Reaching safepoint: 6500 ns, Cleanup: 10800 ns, At safepoint: 2100 ns, Total: 19400 ns
[822.070s][info ][safepoint      ] Safepoint "Cleanup", Time since last: 5000456521 ns, Reaching safepoint: 7300 ns, Cleanup: 10801 ns, At safepoint: 2300 ns, Total: 20401 ns
[824.070s][info ][safepoint      ] Safepoint "Cleanup", Time since last: 2000217135 ns, Reaching safepoint: 7400 ns, Cleanup: 12801 ns, At safepoint: 2000 ns, Total: 22201 ns
[826.070s][info ][safepoint      ] Safepoint "Cleanup", Time since last: 2000218335 ns, Reaching safepoint: 6900 ns, Cleanup: 10700 ns, At safepoint: 2900 ns, Total: 20500 ns
[827.070s][info ][safepoint      ] Safepoint "Cleanup", Time since last: 1000113218 ns, Reaching safepoint: 7100 ns, Cleanup: 14601 ns, At safepoint: 2800 ns, Total: 24501 ns
[829.070s][info ][safepoint      ] Safepoint "Cleanup", Time since last: 2000207348 ns, Reaching safepoint: 7801 ns, Cleanup: 13200 ns, At safepoint: 2500 ns, Total: 23501 ns
[833.071s][info ][safepoint      ] Safepoint "Cleanup", Time since last: 4000361634 ns, Reaching safepoint: 6600 ns, Cleanup: 39301 ns, At safepoint: 6801 ns, Total: 52702 ns
[834.071s][info ][safepoint      ] Safepoint "Cleanup", Time since last: 1000113734 ns, Reaching safepoint: 7600 ns, Cleanup: 28901 ns, At safepoint: 2400 ns, Total: 38901 ns
[835.071s][info ][safepoint      ] Safepoint "Cleanup", Time since last: 1000151736 ns, Reaching safepoint: 7400 ns, Cleanup: 14701 ns, At safepoint: 31701 ns, Total: 53802 ns
[836.071s][info ][safepoint      ] Safepoint "Cleanup", Time since last: 1000132435 ns, Reaching safepoint: 7600 ns, Cleanup: 10500 ns, At safepoint: 2501 ns, Total: 20601 ns
[837.072s][info ][safepoint      ] Safepoint "Cleanup", Time since last: 1000123449 ns, Reaching safepoint: 7000 ns, Cleanup: 11401 ns, At safepoint: 2400 ns, Total: 20801 ns
[841.282s][info ][safepoint      ] Safepoint "Cleanup", Time since last: 4210267656 ns, Reaching safepoint: 6700 ns, Cleanup: 13601 ns, At safepoint: 2400 ns, Total: 22701 ns
[844.282s][info ][safepoint      ] Safepoint "Cleanup", Time since last: 3000266551 ns, Reaching safepoint: 7201 ns, Cleanup: 15400 ns, At safepoint: 2500 ns, Total: 25101 ns
[845.282s][info ][safepoint      ] Safepoint "Cleanup", Time since last: 1000113556 ns, Reaching safepoint: 6800 ns, Cleanup: 10101 ns, At safepoint: 2600 ns, Total: 19501 ns
[846.282s][info ][safepoint      ] Safepoint "Cleanup", Time since last: 1000117656 ns, Reaching safepoint: 7300 ns, Cleanup: 11401 ns, At safepoint: 2500 ns, Total: 21201 ns
[850.283s][info ][safepoint      ] Safepoint "Cleanup", Time since last: 4000334220 ns, Reaching safepoint: 6000 ns, Cleanup: 11000 ns, At safepoint: 2600 ns, Total: 19600 ns
[852.283s][info ][safepoint      ] Safepoint "Cleanup", Time since last: 2000206513 ns, Reaching safepoint: 5700 ns, Cleanup: 9700 ns, At safepoint: 2100 ns, Total: 17500 ns
[854.283s][info ][safepoint      ] Safepoint "Cleanup", Time since last: 2000186165 ns, Reaching safepoint: 80103 ns, Cleanup: 10700 ns, At safepoint: 5801 ns, Total: 96604 ns
[855.283s][info ][safepoint      ] Safepoint "Cleanup", Time since last: 1000116433 ns, Reaching safepoint: 6000 ns, Cleanup: 23301 ns, At safepoint: 2300 ns, Total: 31601 ns
[856.284s][info ][safepoint      ] Safepoint "Cleanup", Time since last: 1000113833 ns, Reaching safepoint: 6500 ns, Cleanup: 15501 ns, At safepoint: 2400 ns, Total: 24401 ns
[857.284s][info ][safepoint      ] Safepoint "Cleanup", Time since last: 1000147834 ns, Reaching safepoint: 7101 ns, Cleanup: 11400 ns, At safepoint: 2400 ns, Total: 20901 ns
[862.284s][info ][safepoint      ] Safepoint "Cleanup", Time since last: 5000411099 ns, Reaching safepoint: 80303 ns, Cleanup: 11901 ns, At safepoint: 6700 ns, Total: 98904 ns
[866.688s][info ][gc,start       ] GC(26) Pause Young (Allocation Failure)
[866.695s][debug][gc,phases      ] GC(26) Scavenge 7.017ms
[866.695s][debug][gc,ref         ] GC(26) ReferenceProcessor::execute queues: 1, RefProcThreadModel::Single, marks_oops_alive: false
[866.695s][debug][gc,ref         ] GC(26) Skipped KeepAliveFinalRefsPhase of Reference Processing: no references
[866.695s][debug][gc,ref         ] GC(26) ReferenceProcessor::execute queues: 1, RefProcThreadModel::Single, marks_oops_alive: false
[866.695s][debug][gc,phases      ] GC(26) Reference Processing 0.121ms
[866.695s][debug][gc,phases      ] GC(26)   VM Weak                        Min:  0.0, Avg:  0.0, Max:  0.0, Diff:  0.0, Sum:  0.0, Workers: 4
[866.695s][debug][gc,phases      ] GC(26)     Dead                           Min: 0, Avg:  0.0, Max: 0, Diff: 0, Sum: 0, Workers: 4
[866.695s][debug][gc,phases      ] GC(26)     Total                          Min: 0, Avg: 251.5, Max: 814, Diff: 814, Sum: 1006, Workers: 4
[866.695s][debug][gc,phases      ] GC(26)   ObjectSynchronizer Weak        Min:  0.0, Avg:  0.0, Max:  0.0, Diff:  0.0, Sum:  0.0, Workers: 4
[866.695s][debug][gc,phases      ] GC(26)     Dead                           Min: 0, Avg:  0.0, Max: 0, Diff: 0, Sum: 0, Workers: 4
[866.695s][debug][gc,phases      ] GC(26)     Total                          Min: 0, Avg:  1.0, Max: 4, Diff: 4, Sum: 4, Workers: 4
[866.695s][debug][gc,phases      ] GC(26)   JVMTI Tag Weak OopStorage      Min:  0.0, Avg:  0.0, Max:  0.0, Diff:  0.0, Sum:  0.0, Workers: 4
[866.695s][debug][gc,phases      ] GC(26)     Dead                           Min: 0, Avg:  0.0, Max: 0, Diff: 0, Sum: 0, Workers: 4
[866.695s][debug][gc,phases      ] GC(26)     Total                          Min: 0, Avg:  0.0, Max: 0, Diff: 0, Sum: 0, Workers: 4
[866.695s][debug][gc,phases      ] GC(26)   StringTable Weak               Min:  0.0, Avg:  0.1, Max:  0.1, Diff:  0.1, Sum:  0.4, Workers: 4
[866.695s][debug][gc,phases      ] GC(26)     Dead                           Min: 0, Avg:  0.5, Max: 2, Diff: 2, Sum: 2, Workers: 4
[866.695s][debug][gc,phases      ] GC(26)     Total                          Min: 0, Avg: 11536.8, Max: 15872, Diff: 15872, Sum: 46147, Workers: 4
[866.696s][debug][gc,phases      ] GC(26)   ResolvedMethodTable Weak       Min:  0.0, Avg:  0.0, Max:  0.1, Diff:  0.1, Sum:  0.2, Workers: 4
[866.696s][debug][gc,phases      ] GC(26)     Dead                           Min: 0, Avg:  5.2, Max: 21, Diff: 21, Sum: 21, Workers: 4
[866.696s][debug][gc,phases      ] GC(26)     Total                          Min: 0, Avg: 3791.8, Max: 5358, Diff: 5358, Sum: 15167, Workers: 4
[866.696s][debug][gc,phases      ] GC(26)   JNI Weak                       Min:  0.0, Avg:  0.0, Max:  0.0, Diff:  0.0, Sum:  0.0, Workers: 4
[866.696s][debug][gc,phases      ] GC(26)     Dead                           Min: 0, Avg:  0.0, Max: 0, Diff: 0, Sum: 0, Workers: 4
[866.696s][debug][gc,phases      ] GC(26)     Total                          Min: 0, Avg: 13.0, Max: 52, Diff: 52, Sum: 52, Workers: 4
[866.696s][debug][gc,phases      ] GC(26)   StringDedup Table Weak         Min:  0.0, Avg:  0.0, Max:  0.0, Diff:  0.0, Sum:  0.0, Workers: 4
[866.696s][debug][gc,phases      ] GC(26)     Dead                           Min: 0, Avg:  0.0, Max: 0, Diff: 0, Sum: 0, Workers: 4
[866.696s][debug][gc,phases      ] GC(26)     Total                          Min: 0, Avg:  0.0, Max: 0, Diff: 0, Sum: 0, Workers: 4
[866.696s][debug][gc,phases      ] GC(26)   StringDedup Requests0 Weak     Min:  0.0, Avg:  0.0, Max:  0.0, Diff:  0.0, Sum:  0.0, Workers: 4
[866.696s][debug][gc,phases      ] GC(26)     Dead                           Min: 0, Avg:  0.0, Max: 0, Diff: 0, Sum: 0, Workers: 4
[866.696s][debug][gc,phases      ] GC(26)     Total                          Min: 0, Avg:  0.0, Max: 0, Diff: 0, Sum: 0, Workers: 4
[866.696s][debug][gc,phases      ] GC(26)   StringDedup Requests1 Weak     Min:  0.0, Avg:  0.0, Max:  0.0, Diff:  0.0, Sum:  0.0, Workers: 4
[866.696s][debug][gc,phases      ] GC(26)     Dead                           Min: 0, Avg:  0.0, Max: 0, Diff: 0, Sum: 0, Workers: 4
[866.696s][debug][gc,phases      ] GC(26)     Total                          Min: 0, Avg:  0.0, Max: 0, Diff: 0, Sum: 0, Workers: 4
[866.696s][debug][gc,phases      ] GC(26)   Weak JFR Old Object Samples    Min:  0.0, Avg:  0.0, Max:  0.0, Diff:  0.0, Sum:  0.0, Workers: 4
[866.696s][debug][gc,phases      ] GC(26)     Dead                           Min: 0, Avg:  0.0, Max: 0, Diff: 0, Sum: 0, Workers: 4
[866.696s][debug][gc,phases      ] GC(26)     Total                          Min: 0, Avg:  0.0, Max: 0, Diff: 0, Sum: 0, Workers: 4
[866.696s][debug][gc,phases      ] GC(26) Weak Processing 0.482ms
[866.696s][debug][gc,age         ] GC(26) Desired survivor size 163577856 bytes, new threshold 1 (max threshold 15)
[866.696s][info ][gc,heap        ] GC(26) PSYoungGen: 1740976K(1909760K)->3687K(1937408K) Eden: 1731584K(1731584K)->0K(1768960K) From: 9392K(178176K)->3687K(168448K)
[866.696s][info ][gc,heap        ] GC(26) ParOldGen: 236428K(236544K)->244128K(244224K)
[866.696s][info ][gc,metaspace   ] GC(26) Metaspace: 105473K(106816K)->105473K(106816K) NonClass: 89489K(90240K)->89489K(90240K) Class: 15983K(16576K)->15983K(16576K)
[866.696s][info ][gc             ] GC(26) Pause Young (Allocation Failure) 1931M->242M(2130M) 7.766ms
[866.696s][info ][gc,cpu         ] GC(26) User=0.02s Sys=0.00s Real=0.01s
[866.696s][info ][safepoint      ] Safepoint "ParallelGCFailedAllocation", Time since last: 4403541964 ns, Reaching safepoint: 80903 ns, Cleanup: 4901 ns, At safepoint: 7887586 ns, Total: 7973390 ns
[867.696s][info ][safepoint      ] Safepoint "Cleanup", Time since last: 1000092253 ns, Reaching safepoint: 6100 ns, Cleanup: 12700 ns, At safepoint: 2200 ns, Total: 21000 ns
[869.696s][info ][safepoint      ] Safepoint "Cleanup", Time since last: 2000186502 ns, Reaching safepoint: 7000 ns, Cleanup: 14001 ns, At safepoint: 2600 ns, Total: 23601 ns
[870.696s][info ][safepoint      ] Safepoint "Cleanup", Time since last: 1000131780 ns, Reaching safepoint: 6500 ns, Cleanup: 11701 ns, At safepoint: 2200 ns, Total: 20401 ns
[874.697s][info ][safepoint      ] Safepoint "Cleanup", Time since last: 4000318814 ns, Reaching safepoint: 6301 ns, Cleanup: 10800 ns, At safepoint: 2600 ns, Total: 19701 ns
[879.697s][info ][safepoint      ] Safepoint "Cleanup", Time since last: 5000439820 ns, Reaching safepoint: 6700 ns, Cleanup: 23401 ns, At safepoint: 2500 ns, Total: 32601 ns
[880.697s][info ][safepoint      ] Safepoint "Cleanup", Time since last: 1000121346 ns, Reaching safepoint: 6701 ns, Cleanup: 19600 ns, At safepoint: 2900 ns, Total: 29201 ns
[882.697s][info ][safepoint      ] Safepoint "Cleanup", Time since last: 2000190891 ns, Reaching safepoint: 6501 ns, Cleanup: 11500 ns, At safepoint: 2200 ns, Total: 20201 ns
[888.698s][info ][safepoint      ] Safepoint "Cleanup", Time since last: 6000507130 ns, Reaching safepoint: 6400 ns, Cleanup: 10900 ns, At safepoint: 2301 ns, Total: 19601 ns
[889.698s][info ][safepoint      ] Safepoint "Cleanup", Time since last: 1000126871 ns, Reaching safepoint: 7101 ns, Cleanup: 12800 ns, At safepoint: 2900 ns, Total: 22801 ns
[904.300s][info ][safepoint      ] Safepoint "Cleanup", Time since last: 14602049998 ns, Reaching safepoint: 6100 ns, Cleanup: 11100 ns, At safepoint: 2200 ns, Total: 19400 ns
[907.300s][info ][safepoint      ] Safepoint "Cleanup", Time since last: 3000253651 ns, Reaching safepoint: 6201 ns, Cleanup: 11100 ns, At safepoint: 2900 ns, Total: 20201 ns
[909.301s][info ][safepoint      ] Safepoint "Cleanup", Time since last: 2000218134 ns, Reaching safepoint: 7900 ns, Cleanup: 14901 ns, At safepoint: 2800 ns, Total: 25601 ns
[912.301s][info ][safepoint      ] Safepoint "Cleanup", Time since last: 3000279986 ns, Reaching safepoint: 6401 ns, Cleanup: 56702 ns, At safepoint: 3600 ns, Total: 66703 ns
[931.753s][info ][gc,start       ] GC(27) Pause Young (Allocation Failure)
[931.756s][debug][gc,phases      ] GC(27) Scavenge 3.656ms
[931.756s][debug][gc,ref         ] GC(27) ReferenceProcessor::execute queues: 1, RefProcThreadModel::Single, marks_oops_alive: false
[931.756s][debug][gc,ref         ] GC(27) Skipped KeepAliveFinalRefsPhase of Reference Processing: no references
[931.756s][debug][gc,ref         ] GC(27) ReferenceProcessor::execute queues: 1, RefProcThreadModel::Single, marks_oops_alive: false
[931.756s][debug][gc,phases      ] GC(27) Reference Processing 0.121ms
[931.757s][debug][gc,phases      ] GC(27)   VM Weak                        Min:  0.0, Avg:  0.0, Max:  0.0, Diff:  0.0, Sum:  0.0, Workers: 4
[931.757s][debug][gc,phases      ] GC(27)     Dead                           Min: 0, Avg:  0.0, Max: 0, Diff: 0, Sum: 0, Workers: 4
[931.757s][debug][gc,phases      ] GC(27)     Total                          Min: 0, Avg: 251.8, Max: 640, Diff: 640, Sum: 1007, Workers: 4
[931.757s][debug][gc,phases      ] GC(27)   ObjectSynchronizer Weak        Min:  0.0, Avg:  0.0, Max:  0.0, Diff:  0.0, Sum:  0.0, Workers: 4
[931.757s][debug][gc,phases      ] GC(27)     Dead                           Min: 0, Avg:  0.0, Max: 0, Diff: 0, Sum: 0, Workers: 4
[931.757s][debug][gc,phases      ] GC(27)     Total                          Min: 0, Avg:  1.0, Max: 4, Diff: 4, Sum: 4, Workers: 4
[931.757s][debug][gc,phases      ] GC(27)   JVMTI Tag Weak OopStorage      Min:  0.0, Avg:  0.0, Max:  0.0, Diff:  0.0, Sum:  0.0, Workers: 4
[931.757s][debug][gc,phases      ] GC(27)     Dead                           Min: 0, Avg:  0.0, Max: 0, Diff: 0, Sum: 0, Workers: 4
[931.757s][debug][gc,phases      ] GC(27)     Total                          Min: 0, Avg:  0.0, Max: 0, Diff: 0, Sum: 0, Workers: 4
[931.757s][debug][gc,phases      ] GC(27)   StringTable Weak               Min:  0.0, Avg:  0.1, Max:  0.1, Diff:  0.1, Sum:  0.4, Workers: 4
[931.757s][debug][gc,phases      ] GC(27)     Dead                           Min: 0, Avg:  0.2, Max: 1, Diff: 1, Sum: 1, Workers: 4
[931.757s][debug][gc,phases      ] GC(27)     Total                          Min: 0, Avg: 11540.2, Max: 15634, Diff: 15634, Sum: 46161, Workers: 4
[931.757s][debug][gc,phases      ] GC(27)   ResolvedMethodTable Weak       Min:  0.0, Avg:  0.0, Max:  0.1, Diff:  0.1, Sum:  0.2, Workers: 4
[931.757s][debug][gc,phases      ] GC(27)     Dead                           Min: 0, Avg:  4.0, Max: 16, Diff: 16, Sum: 16, Workers: 4
[931.757s][debug][gc,phases      ] GC(27)     Total                          Min: 0, Avg: 3792.8, Max: 5350, Diff: 5350, Sum: 15171, Workers: 4
[931.757s][debug][gc,phases      ] GC(27)   JNI Weak                       Min:  0.0, Avg:  0.0, Max:  0.0, Diff:  0.0, Sum:  0.0, Workers: 4
[931.757s][debug][gc,phases      ] GC(27)     Dead                           Min: 0, Avg:  0.0, Max: 0, Diff: 0, Sum: 0, Workers: 4
[931.757s][debug][gc,phases      ] GC(27)     Total                          Min: 0, Avg: 13.0, Max: 52, Diff: 52, Sum: 52, Workers: 4
[931.757s][debug][gc,phases      ] GC(27)   StringDedup Table Weak         Min:  0.0, Avg:  0.0, Max:  0.0, Diff:  0.0, Sum:  0.0, Workers: 4
[931.757s][debug][gc,phases      ] GC(27)     Dead                           Min: 0, Avg:  0.0, Max: 0, Diff: 0, Sum: 0, Workers: 4
[931.757s][debug][gc,phases      ] GC(27)     Total                          Min: 0, Avg:  0.0, Max: 0, Diff: 0, Sum: 0, Workers: 4
[931.757s][debug][gc,phases      ] GC(27)   StringDedup Requests0 Weak     Min:  0.0, Avg:  0.0, Max:  0.0, Diff:  0.0, Sum:  0.0, Workers: 4
[931.757s][debug][gc,phases      ] GC(27)     Dead                           Min: 0, Avg:  0.0, Max: 0, Diff: 0, Sum: 0, Workers: 4
[931.757s][debug][gc,phases      ] GC(27)     Total                          Min: 0, Avg:  0.0, Max: 0, Diff: 0, Sum: 0, Workers: 4
[931.757s][debug][gc,phases      ] GC(27)   StringDedup Requests1 Weak     Min:  0.0, Avg:  0.0, Max:  0.0, Diff:  0.0, Sum:  0.0, Workers: 4
[931.757s][debug][gc,phases      ] GC(27)     Dead                           Min: 0, Avg:  0.0, Max: 0, Diff: 0, Sum: 0, Workers: 4
[931.757s][debug][gc,phases      ] GC(27)     Total                          Min: 0, Avg:  0.0, Max: 0, Diff: 0, Sum: 0, Workers: 4
[931.757s][debug][gc,phases      ] GC(27)   Weak JFR Old Object Samples    Min:  0.0, Avg:  0.0, Max:  0.0, Diff:  0.0, Sum:  0.0, Workers: 4
[931.757s][debug][gc,phases      ] GC(27)     Dead                           Min: 0, Avg:  0.0, Max: 0, Diff: 0, Sum: 0, Workers: 4
[931.757s][debug][gc,phases      ] GC(27)     Total                          Min: 0, Avg:  0.0, Max: 0, Diff: 0, Sum: 0, Workers: 4
[931.757s][debug][gc,phases      ] GC(27) Weak Processing 0.442ms
[931.757s][debug][gc,age         ] GC(27) Desired survivor size 154664960 bytes, new threshold 1 (max threshold 15)
[931.757s][info ][gc,heap        ] GC(27) PSYoungGen: 1772647K(1937408K)->3056K(1928704K) Eden: 1768960K(1768960K)->0K(1768960K) From: 3687K(168448K)->3056K(159744K)
[931.757s][info ][gc,heap        ] GC(27) ParOldGen: 244128K(244224K)->245067K(245248K)
[931.757s][info ][gc,metaspace   ] GC(27) Metaspace: 105491K(106880K)->105491K(106880K) NonClass: 89507K(90304K)->89507K(90304K) Class: 15984K(16576K)->15984K(16576K)
[931.757s][info ][gc             ] GC(27) Pause Young (Allocation Failure) 1969M->242M(2123M) 4.354ms
[931.757s][info ][gc,cpu         ] GC(27) User=0.01s Sys=0.00s Real=0.01s
[931.757s][info ][safepoint      ] Safepoint "ParallelGCFailedAllocation", Time since last: 19451562818 ns, Reaching safepoint: 6001 ns, Cleanup: 4200 ns, At safepoint: 4436861 ns, Total: 4447062 ns
[934.757s][info ][safepoint      ] Safepoint "Cleanup", Time since last: 3000234127 ns, Reaching safepoint: 9201 ns, Cleanup: 12000 ns, At safepoint: 2900 ns, Total: 24101 ns
[937.758s][info ][safepoint      ] Safepoint "Cleanup", Time since last: 3000268050 ns, Reaching safepoint: 6300 ns, Cleanup: 10101 ns, At safepoint: 2300 ns, Total: 18701 ns
[939.758s][info ][safepoint      ] Safepoint "Cleanup", Time since last: 2000166999 ns, Reaching safepoint: 7100 ns, Cleanup: 8401 ns, At safepoint: 2100 ns, Total: 17601 ns
[940.758s][info ][safepoint      ] Safepoint "Cleanup", Time since last: 1000116736 ns, Reaching safepoint: 7300 ns, Cleanup: 11201 ns, At safepoint: 2500 ns, Total: 21001 ns
[942.758s][info ][safepoint      ] Safepoint "Cleanup", Time since last: 2000166022 ns, Reaching safepoint: 6701 ns, Cleanup: 14900 ns, At safepoint: 2300 ns, Total: 23901 ns
[947.758s][info ][safepoint      ] Safepoint "Cleanup", Time since last: 5000419657 ns, Reaching safepoint: 7200 ns, Cleanup: 10701 ns, At safepoint: 2200 ns, Total: 20101 ns
[950.759s][info ][safepoint      ] Safepoint "Cleanup", Time since last: 3000274271 ns, Reaching safepoint: 6200 ns, Cleanup: 8701 ns, At safepoint: 2100 ns, Total: 17001 ns
[956.759s][info ][safepoint      ] Safepoint "Cleanup", Time since last: 6000444821 ns, Reaching safepoint: 78303 ns, Cleanup: 9900 ns, At safepoint: 6101 ns, Total: 94304 ns
[957.760s][info ][safepoint      ] Safepoint "Cleanup", Time since last: 1000109129 ns, Reaching safepoint: 78703 ns, Cleanup: 9300 ns, At safepoint: 5600 ns, Total: 93603 ns
[963.318s][info ][safepoint      ] Safepoint "Cleanup", Time since last: 5558747323 ns, Reaching safepoint: 6701 ns, Cleanup: 10900 ns, At safepoint: 2700 ns, Total: 20301 ns
[966.319s][info ][safepoint      ] Safepoint "Cleanup", Time since last: 3000275349 ns, Reaching safepoint: 7600 ns, Cleanup: 10500 ns, At safepoint: 3100 ns, Total: 21200 ns
[967.319s][info ][safepoint      ] Safepoint "Cleanup", Time since last: 1000120955 ns, Reaching safepoint: 7400 ns, Cleanup: 11200 ns, At safepoint: 2500 ns, Total: 21100 ns
[977.320s][info ][safepoint      ] Safepoint "Cleanup", Time since last: 10000835330 ns, Reaching safepoint: 5900 ns, Cleanup: 11701 ns, At safepoint: 2200 ns, Total: 19801 ns
[988.321s][info ][safepoint      ] Safepoint "Cleanup", Time since last: 11000900270 ns, Reaching safepoint: 6601 ns, Cleanup: 12300 ns, At safepoint: 2500 ns, Total: 21401 ns
[989.321s][info ][safepoint      ] Safepoint "Cleanup", Time since last: 1000120202 ns, Reaching safepoint: 6700 ns, Cleanup: 13001 ns, At safepoint: 2400 ns, Total: 22101 ns
[991.321s][info ][safepoint      ] Safepoint "Cleanup", Time since last: 2000194111 ns, Reaching safepoint: 7000 ns, Cleanup: 13100 ns, At safepoint: 2400 ns, Total: 22500 ns
[995.316s][info ][gc,start       ] GC(28) Pause Young (Allocation Failure)
[995.319s][debug][gc,phases      ] GC(28) Scavenge 2.950ms
[995.319s][debug][gc,ref         ] GC(28) ReferenceProcessor::execute queues: 1, RefProcThreadModel::Single, marks_oops_alive: false
[995.319s][debug][gc,ref         ] GC(28) Skipped KeepAliveFinalRefsPhase of Reference Processing: no references
[995.319s][debug][gc,ref         ] GC(28) ReferenceProcessor::execute queues: 1, RefProcThreadModel::Single, marks_oops_alive: false
[995.319s][debug][gc,phases      ] GC(28) Reference Processing 0.120ms
[995.319s][debug][gc,phases      ] GC(28)   VM Weak                        Min:  0.0, Avg:  0.0, Max:  0.0, Diff:  0.0, Sum:  0.0, Workers: 4
[995.319s][debug][gc,phases      ] GC(28)     Dead                           Min: 0, Avg:  0.0, Max: 0, Diff: 0, Sum: 0, Workers: 4
[995.319s][debug][gc,phases      ] GC(28)     Total                          Min: 0, Avg: 251.8, Max: 1007, Diff: 1007, Sum: 1007, Workers: 4
[995.319s][debug][gc,phases      ] GC(28)   ObjectSynchronizer Weak        Min:  0.0, Avg:  0.0, Max:  0.0, Diff:  0.0, Sum:  0.0, Workers: 4
[995.319s][debug][gc,phases      ] GC(28)     Dead                           Min: 0, Avg:  0.0, Max: 0, Diff: 0, Sum: 0, Workers: 4
[995.319s][debug][gc,phases      ] GC(28)     Total                          Min: 0, Avg:  1.0, Max: 4, Diff: 4, Sum: 4, Workers: 4
[995.319s][debug][gc,phases      ] GC(28)   JVMTI Tag Weak OopStorage      Min:  0.0, Avg:  0.0, Max:  0.0, Diff:  0.0, Sum:  0.0, Workers: 4
[995.319s][debug][gc,phases      ] GC(28)     Dead                           Min: 0, Avg:  0.0, Max: 0, Diff: 0, Sum: 0, Workers: 4
[995.319s][debug][gc,phases      ] GC(28)     Total                          Min: 0, Avg:  0.0, Max: 0, Diff: 0, Sum: 0, Workers: 4
[995.319s][debug][gc,phases      ] GC(28)   StringTable Weak               Min:  0.0, Avg:  0.1, Max:  0.1, Diff:  0.1, Sum:  0.4, Workers: 4
[995.319s][debug][gc,phases      ] GC(28)     Dead                           Min: 0, Avg:  0.2, Max: 1, Diff: 1, Sum: 1, Workers: 4
[995.319s][debug][gc,phases      ] GC(28)     Total                          Min: 0, Avg: 11540.5, Max: 16274, Diff: 16274, Sum: 46162, Workers: 4
[995.319s][debug][gc,phases      ] GC(28)   ResolvedMethodTable Weak       Min:  0.0, Avg:  0.0, Max:  0.0, Diff:  0.0, Sum:  0.1, Workers: 4
[995.319s][debug][gc,phases      ] GC(28)     Dead                           Min: 0, Avg:  4.0, Max: 8, Diff: 8, Sum: 16, Workers: 4
[995.319s][debug][gc,phases      ] GC(28)     Total                          Min: 0, Avg: 3793.2, Max: 5419, Diff: 5419, Sum: 15173, Workers: 4
[995.319s][debug][gc,phases      ] GC(28)   JNI Weak                       Min:  0.0, Avg:  0.0, Max:  0.0, Diff:  0.0, Sum:  0.0, Workers: 4
[995.319s][debug][gc,phases      ] GC(28)     Dead                           Min: 0, Avg:  0.0, Max: 0, Diff: 0, Sum: 0, Workers: 4
[995.319s][debug][gc,phases      ] GC(28)     Total                          Min: 0, Avg: 13.0, Max: 52, Diff: 52, Sum: 52, Workers: 4
[995.319s][debug][gc,phases      ] GC(28)   StringDedup Table Weak         Min:  0.0, Avg:  0.0, Max:  0.0, Diff:  0.0, Sum:  0.0, Workers: 4
[995.319s][debug][gc,phases      ] GC(28)     Dead                           Min: 0, Avg:  0.0, Max: 0, Diff: 0, Sum: 0, Workers: 4
[995.319s][debug][gc,phases      ] GC(28)     Total                          Min: 0, Avg:  0.0, Max: 0, Diff: 0, Sum: 0, Workers: 4
[995.319s][debug][gc,phases      ] GC(28)   StringDedup Requests0 Weak     Min:  0.0, Avg:  0.0, Max:  0.0, Diff:  0.0, Sum:  0.0, Workers: 4
[995.319s][debug][gc,phases      ] GC(28)     Dead                           Min: 0, Avg:  0.0, Max: 0, Diff: 0, Sum: 0, Workers: 4
[995.319s][debug][gc,phases      ] GC(28)     Total                          Min: 0, Avg:  0.0, Max: 0, Diff: 0, Sum: 0, Workers: 4
[995.319s][debug][gc,phases      ] GC(28)   StringDedup Requests1 Weak     Min:  0.0, Avg:  0.0, Max:  0.0, Diff:  0.0, Sum:  0.0, Workers: 4
[995.319s][debug][gc,phases      ] GC(28)     Dead                           Min: 0, Avg:  0.0, Max: 0, Diff: 0, Sum: 0, Workers: 4
[995.319s][debug][gc,phases      ] GC(28)     Total                          Min: 0, Avg:  0.0, Max: 0, Diff: 0, Sum: 0, Workers: 4
[995.319s][debug][gc,phases      ] GC(28)   Weak JFR Old Object Samples    Min:  0.0, Avg:  0.0, Max:  0.0, Diff:  0.0, Sum:  0.0, Workers: 4
[995.319s][debug][gc,phases      ] GC(28)     Dead                           Min: 0, Avg:  0.0, Max: 0, Diff: 0, Sum: 0, Workers: 4
[995.319s][debug][gc,phases      ] GC(28)     Total                          Min: 0, Avg:  0.0, Max: 0, Diff: 0, Sum: 0, Workers: 4
[995.319s][debug][gc,phases      ] GC(28) Weak Processing 0.441ms
[995.319s][debug][gc,age         ] GC(28) Desired survivor size 146276352 bytes, new threshold 1 (max threshold 15)
[995.319s][info ][gc,heap        ] GC(28) PSYoungGen: 1772016K(1928704K)->3120K(1954304K) Eden: 1768960K(1768960K)->0K(1803264K) From: 3056K(159744K)->3120K(151040K)
[995.319s][info ][gc,heap        ] GC(28) ParOldGen: 245067K(245248K)->245871K(246272K)
[995.319s][info ][gc,metaspace   ] GC(28) Metaspace: 105501K(106880K)->105501K(106880K) NonClass: 89516K(90304K)->89516K(90304K) Class: 15984K(16576K)->15984K(16576K)
[995.319s][info ][gc             ] GC(28) Pause Young (Allocation Failure) 1969M->243M(2149M) 3.645ms
[995.319s][info ][gc,cpu         ] GC(28) User=0.01s Sys=0.00s Real=0.00s
[995.319s][info ][safepoint      ] Safepoint "ParallelGCFailedAllocation", Time since last: 3994553910 ns, Reaching safepoint: 6901 ns, Cleanup: 4500 ns, At safepoint: 3760036 ns, Total: 3771437 ns
[998.320s][info ][safepoint      ] Safepoint "Cleanup", Time since last: 3000282372 ns, Reaching safepoint: 7000 ns, Cleanup: 28001 ns, At safepoint: 2700 ns, Total: 37701 ns
[999.320s][info ][safepoint      ] Safepoint "Cleanup", Time since last: 1000124083 ns, Reaching safepoint: 6300 ns, Cleanup: 11000 ns, At safepoint: 2400 ns, Total: 19700 ns
[1013.321s][info ][safepoint      ] Safepoint "Cleanup", Time since last: 14001180561 ns, Reaching safepoint: 6701 ns, Cleanup: 12300 ns, At safepoint: 2600 ns, Total: 21601 ns
[1015.321s][info ][safepoint      ] Safepoint "Cleanup", Time since last: 2000190805 ns, Reaching safepoint: 6600 ns, Cleanup: 11300 ns, At safepoint: 2501 ns, Total: 20401 ns
[1027.336s][info ][safepoint      ] Safepoint "Cleanup", Time since last: 12015403867 ns, Reaching safepoint: 6900 ns, Cleanup: 11901 ns, At safepoint: 2200 ns, Total: 21001 ns
[1034.337s][info ][safepoint      ] Safepoint "Cleanup", Time since last: 7000581904 ns, Reaching safepoint: 8401 ns, Cleanup: 17400 ns, At safepoint: 2300 ns, Total: 28101 ns
[1037.337s][info ][safepoint      ] Safepoint "Cleanup", Time since last: 3000279475 ns, Reaching safepoint: 5700 ns, Cleanup: 10701 ns, At safepoint: 2700 ns, Total: 19101 ns
[1038.338s][info ][safepoint      ] Safepoint "Cleanup", Time since last: 1000123492 ns, Reaching safepoint: 8700 ns, Cleanup: 18701 ns, At safepoint: 2900 ns, Total: 30301 ns
[1041.338s][info ][safepoint      ] Safepoint "Cleanup", Time since last: 3000285872 ns, Reaching safepoint: 9301 ns, Cleanup: 17900 ns, At safepoint: 2600 ns, Total: 29801 ns
[1047.338s][info ][safepoint      ] Safepoint "Cleanup", Time since last: 6000475035 ns, Reaching safepoint: 8000 ns, Cleanup: 12501 ns, At safepoint: 2700 ns, Total: 23201 ns
[1049.339s][info ][safepoint      ] Safepoint "Cleanup", Time since last: 2000211705 ns, Reaching safepoint: 5800 ns, Cleanup: 11001 ns, At safepoint: 3000 ns, Total: 19801 ns
[1058.512s][info ][gc,start       ] GC(29) Pause Young (Allocation Failure)
[1058.515s][debug][gc,phases      ] GC(29) Scavenge 3.050ms
[1058.516s][debug][gc,ref         ] GC(29) ReferenceProcessor::execute queues: 1, RefProcThreadModel::Single, marks_oops_alive: false
[1058.516s][debug][gc,ref         ] GC(29) Skipped KeepAliveFinalRefsPhase of Reference Processing: no references
[1058.516s][debug][gc,ref         ] GC(29) Skipped PhantomRefsPhase of Reference Processing: no references
[1058.516s][debug][gc,phases      ] GC(29) Reference Processing 0.154ms
[1058.516s][debug][gc,phases      ] GC(29)   VM Weak                        Min:  0.0, Avg:  0.0, Max:  0.0, Diff:  0.0, Sum:  0.0, Workers: 4
[1058.516s][debug][gc,phases      ] GC(29)     Dead                           Min: 0, Avg:  0.0, Max: 0, Diff: 0, Sum: 0, Workers: 4
[1058.516s][debug][gc,phases      ] GC(29)     Total                          Min: 0, Avg: 251.8, Max: 512, Diff: 512, Sum: 1007, Workers: 4
[1058.516s][debug][gc,phases      ] GC(29)   ObjectSynchronizer Weak        Min:  0.0, Avg:  0.0, Max:  0.0, Diff:  0.0, Sum:  0.0, Workers: 4
[1058.516s][debug][gc,phases      ] GC(29)     Dead                           Min: 0, Avg:  0.0, Max: 0, Diff: 0, Sum: 0, Workers: 4
[1058.516s][debug][gc,phases      ] GC(29)     Total                          Min: 0, Avg:  1.0, Max: 4, Diff: 4, Sum: 4, Workers: 4
[1058.516s][debug][gc,phases      ] GC(29)   JVMTI Tag Weak OopStorage      Min:  0.0, Avg:  0.0, Max:  0.0, Diff:  0.0, Sum:  0.0, Workers: 4
[1058.516s][debug][gc,phases      ] GC(29)     Dead                           Min: 0, Avg:  0.0, Max: 0, Diff: 0, Sum: 0, Workers: 4
[1058.516s][debug][gc,phases      ] GC(29)     Total                          Min: 0, Avg:  0.0, Max: 0, Diff: 0, Sum: 0, Workers: 4
[1058.516s][debug][gc,phases      ] GC(29)   StringTable Weak               Min:  0.0, Avg:  0.1, Max:  0.1, Diff:  0.1, Sum:  0.4, Workers: 4
[1058.516s][debug][gc,phases      ] GC(29)     Dead                           Min: 0, Avg:  0.0, Max: 0, Diff: 0, Sum: 0, Workers: 4
[1058.516s][debug][gc,phases      ] GC(29)     Total                          Min: 0, Avg: 11540.5, Max: 16018, Diff: 16018, Sum: 46162, Workers: 4
[1058.516s][debug][gc,phases      ] GC(29)   ResolvedMethodTable Weak       Min:  0.0, Avg:  0.0, Max:  0.1, Diff:  0.1, Sum:  0.2, Workers: 4
[1058.516s][debug][gc,phases      ] GC(29)     Dead                           Min: 0, Avg:  4.0, Max: 9, Diff: 9, Sum: 16, Workers: 4
[1058.516s][debug][gc,phases      ] GC(29)     Total                          Min: 0, Avg: 3793.2, Max: 5681, Diff: 5681, Sum: 15173, Workers: 4
[1058.516s][debug][gc,phases      ] GC(29)   JNI Weak                       Min:  0.0, Avg:  0.0, Max:  0.0, Diff:  0.0, Sum:  0.0, Workers: 4
[1058.516s][debug][gc,phases      ] GC(29)     Dead                           Min: 0, Avg:  0.0, Max: 0, Diff: 0, Sum: 0, Workers: 4
[1058.516s][debug][gc,phases      ] GC(29)     Total                          Min: 0, Avg: 13.0, Max: 52, Diff: 52, Sum: 52, Workers: 4
[1058.516s][debug][gc,phases      ] GC(29)   StringDedup Table Weak         Min:  0.0, Avg:  0.0, Max:  0.0, Diff:  0.0, Sum:  0.0, Workers: 4
[1058.516s][debug][gc,phases      ] GC(29)     Dead                           Min: 0, Avg:  0.0, Max: 0, Diff: 0, Sum: 0, Workers: 4
[1058.516s][debug][gc,phases      ] GC(29)     Total                          Min: 0, Avg:  0.0, Max: 0, Diff: 0, Sum: 0, Workers: 4
[1058.516s][debug][gc,phases      ] GC(29)   StringDedup Requests0 Weak     Min:  0.0, Avg:  0.0, Max:  0.0, Diff:  0.0, Sum:  0.0, Workers: 4
[1058.516s][debug][gc,phases      ] GC(29)     Dead                           Min: 0, Avg:  0.0, Max: 0, Diff: 0, Sum: 0, Workers: 4
[1058.516s][debug][gc,phases      ] GC(29)     Total                          Min: 0, Avg:  0.0, Max: 0, Diff: 0, Sum: 0, Workers: 4
[1058.516s][debug][gc,phases      ] GC(29)   StringDedup Requests1 Weak     Min:  0.0, Avg:  0.0, Max:  0.0, Diff:  0.0, Sum:  0.0, Workers: 4
[1058.516s][debug][gc,phases      ] GC(29)     Dead                           Min: 0, Avg:  0.0, Max: 0, Diff: 0, Sum: 0, Workers: 4
[1058.516s][debug][gc,phases      ] GC(29)     Total                          Min: 0, Avg:  0.0, Max: 0, Diff: 0, Sum: 0, Workers: 4
[1058.516s][debug][gc,phases      ] GC(29)   Weak JFR Old Object Samples    Min:  0.0, Avg:  0.0, Max:  0.0, Diff:  0.0, Sum:  0.0, Workers: 4
[1058.516s][debug][gc,phases      ] GC(29)     Dead                           Min: 0, Avg:  0.0, Max: 0, Diff: 0, Sum: 0, Workers: 4
[1058.516s][debug][gc,phases      ] GC(29)     Total                          Min: 0, Avg:  0.0, Max: 0, Diff: 0, Sum: 0, Workers: 4
[1058.516s][debug][gc,phases      ] GC(29) Weak Processing 0.450ms
[1058.516s][debug][gc,age         ] GC(29) Desired survivor size 137887744 bytes, new threshold 1 (max threshold 15)
[1058.516s][info ][gc,heap        ] GC(29) PSYoungGen: 1806384K(1954304K)->2608K(1946112K) Eden: 1803264K(1803264K)->0K(1803264K) From: 3120K(151040K)->2608K(142848K)
[1058.516s][info ][gc,heap        ] GC(29) ParOldGen: 245871K(246272K)->246684K(246784K)
[1058.516s][info ][gc,metaspace   ] GC(29) Metaspace: 105541K(106880K)->105541K(106880K) NonClass: 89556K(90304K)->89556K(90304K) Class: 15984K(16576K)->15984K(16576K)
[1058.516s][info ][gc             ] GC(29) Pause Young (Allocation Failure) 2004M->243M(2141M) 3.802ms
[1058.516s][info ][gc,cpu         ] GC(29) User=0.01s Sys=0.00s Real=0.01s
[1058.516s][info ][safepoint      ] Safepoint "ParallelGCFailedAllocation", Time since last: 9173613392 ns, Reaching safepoint: 6400 ns, Cleanup: 4500 ns, At safepoint: 3875844 ns, Total: 3886744 ns
[1059.516s][info ][safepoint      ] Safepoint "Cleanup", Time since last: 1000091137 ns, Reaching safepoint: 6301 ns, Cleanup: 12000 ns, At safepoint: 2400 ns, Total: 20701 ns
[1061.516s][info ][safepoint      ] Safepoint "Cleanup", Time since last: 2000205535 ns, Reaching safepoint: 7001 ns, Cleanup: 11100 ns, At safepoint: 2400 ns, Total: 20501 ns
[1062.517s][info ][safepoint      ] Safepoint "Cleanup", Time since last: 1000127605 ns, Reaching safepoint: 6101 ns, Cleanup: 16600 ns, At safepoint: 2600 ns, Total: 25301 ns
[1077.518s][info ][safepoint      ] Safepoint "Cleanup", Time since last: 15001130553 ns, Reaching safepoint: 7000 ns, Cleanup: 10601 ns, At safepoint: 2300 ns, Total: 19901 ns
[1091.355s][info ][safepoint      ] Safepoint "Cleanup", Time since last: 13837060629 ns, Reaching safepoint: 11200 ns, Cleanup: 15501 ns, At safepoint: 3200 ns, Total: 29901 ns
[1094.355s][info ][safepoint      ] Safepoint "Cleanup", Time since last: 3000324470 ns, Reaching safepoint: 6700 ns, Cleanup: 11500 ns, At safepoint: 2300 ns, Total: 20500 ns
[1095.355s][info ][safepoint      ] Safepoint "Cleanup", Time since last: 1000126813 ns, Reaching safepoint: 7401 ns, Cleanup: 11700 ns, At safepoint: 2600 ns, Total: 21701 ns
[1098.356s][info ][safepoint      ] Safepoint "Cleanup", Time since last: 3000285636 ns, Reaching safepoint: 9200 ns, Cleanup: 11501 ns, At safepoint: 3100 ns, Total: 23801 ns
[1099.356s][info ][safepoint      ] Safepoint "Cleanup", Time since last: 1000121913 ns, Reaching safepoint: 6700 ns, Cleanup: 14800 ns, At safepoint: 2300 ns, Total: 23800 ns
[1100.356s][info ][safepoint      ] Safepoint "Cleanup", Time since last: 1000115913 ns, Reaching safepoint: 6800 ns, Cleanup: 12901 ns, At safepoint: 2200 ns, Total: 21901 ns
[1101.356s][info ][safepoint      ] Safepoint "Cleanup", Time since last: 1000116361 ns, Reaching safepoint: 6900 ns, Cleanup: 11901 ns, At safepoint: 2500 ns, Total: 21301 ns
[1102.356s][info ][safepoint      ] Safepoint "Cleanup", Time since last: 1000118675 ns, Reaching safepoint: 7000 ns, Cleanup: 12701 ns, At safepoint: 2800 ns, Total: 22501 ns
[1103.356s][info ][safepoint      ] Safepoint "Cleanup", Time since last: 1000118175 ns, Reaching safepoint: 7200 ns, Cleanup: 10300 ns, At safepoint: 2600 ns, Total: 20100 ns
[1110.357s][info ][safepoint      ] Safepoint "Cleanup", Time since last: 7000572985 ns, Reaching safepoint: 6900 ns, Cleanup: 16201 ns, At safepoint: 2300 ns, Total: 25401 ns
[1114.357s][info ][safepoint      ] Safepoint "Cleanup", Time since last: 4000407473 ns, Reaching safepoint: 6801 ns, Cleanup: 14200 ns, At safepoint: 2400 ns, Total: 23401 ns
[1118.412s][info ][gc,start       ] GC(30) Pause Young (Allocation Failure)
[1118.415s][debug][gc,phases      ] GC(30) Scavenge 2.779ms
[1118.415s][debug][gc,ref         ] GC(30) ReferenceProcessor::execute queues: 1, RefProcThreadModel::Single, marks_oops_alive: false
[1118.415s][debug][gc,ref         ] GC(30) Skipped KeepAliveFinalRefsPhase of Reference Processing: no references
[1118.415s][debug][gc,ref         ] GC(30) Skipped PhantomRefsPhase of Reference Processing: no references
[1118.415s][debug][gc,phases      ] GC(30) Reference Processing 0.116ms
[1118.415s][debug][gc,phases      ] GC(30)   VM Weak                        Min:  0.0, Avg:  0.0, Max:  0.0, Diff:  0.0, Sum:  0.0, Workers: 4
[1118.415s][debug][gc,phases      ] GC(30)     Dead                           Min: 0, Avg:  0.0, Max: 0, Diff: 0, Sum: 0, Workers: 4
[1118.415s][debug][gc,phases      ] GC(30)     Total                          Min: 0, Avg: 251.8, Max: 751, Diff: 751, Sum: 1007, Workers: 4
[1118.415s][debug][gc,phases      ] GC(30)   ObjectSynchronizer Weak        Min:  0.0, Avg:  0.0, Max:  0.0, Diff:  0.0, Sum:  0.0, Workers: 4
[1118.415s][debug][gc,phases      ] GC(30)     Dead                           Min: 0, Avg:  0.0, Max: 0, Diff: 0, Sum: 0, Workers: 4
[1118.415s][debug][gc,phases      ] GC(30)     Total                          Min: 0, Avg:  1.0, Max: 4, Diff: 4, Sum: 4, Workers: 4
[1118.415s][debug][gc,phases      ] GC(30)   JVMTI Tag Weak OopStorage      Min:  0.0, Avg:  0.0, Max:  0.0, Diff:  0.0, Sum:  0.0, Workers: 4
[1118.415s][debug][gc,phases      ] GC(30)     Dead                           Min: 0, Avg:  0.0, Max: 0, Diff: 0, Sum: 0, Workers: 4
[1118.415s][debug][gc,phases      ] GC(30)     Total                          Min: 0, Avg:  0.0, Max: 0, Diff: 0, Sum: 0, Workers: 4
[1118.415s][debug][gc,phases      ] GC(30)   StringTable Weak               Min:  0.0, Avg:  0.1, Max:  0.1, Diff:  0.1, Sum:  0.4, Workers: 4
[1118.415s][debug][gc,phases      ] GC(30)     Dead                           Min: 0, Avg:  0.0, Max: 0, Diff: 0, Sum: 0, Workers: 4
[1118.415s][debug][gc,phases      ] GC(30)     Total                          Min: 0, Avg: 11540.5, Max: 15616, Diff: 15616, Sum: 46162, Workers: 4
[1118.415s][debug][gc,phases      ] GC(30)   ResolvedMethodTable Weak       Min:  0.0, Avg:  0.0, Max:  0.1, Diff:  0.1, Sum:  0.2, Workers: 4
[1118.416s][debug][gc,phases      ] GC(30)     Dead                           Min: 0, Avg:  4.0, Max: 9, Diff: 9, Sum: 16, Workers: 4
[1118.416s][debug][gc,phases      ] GC(30)     Total                          Min: 0, Avg: 3793.2, Max: 5465, Diff: 5465, Sum: 15173, Workers: 4
[1118.416s][debug][gc,phases      ] GC(30)   JNI Weak                       Min:  0.0, Avg:  0.0, Max:  0.0, Diff:  0.0, Sum:  0.0, Workers: 4
[1118.416s][debug][gc,phases      ] GC(30)     Dead                           Min: 0, Avg:  0.0, Max: 0, Diff: 0, Sum: 0, Workers: 4
[1118.416s][debug][gc,phases      ] GC(30)     Total                          Min: 0, Avg: 13.0, Max: 52, Diff: 52, Sum: 52, Workers: 4
[1118.416s][debug][gc,phases      ] GC(30)   StringDedup Table Weak         Min:  0.0, Avg:  0.0, Max:  0.0, Diff:  0.0, Sum:  0.0, Workers: 4
[1118.416s][debug][gc,phases      ] GC(30)     Dead                           Min: 0, Avg:  0.0, Max: 0, Diff: 0, Sum: 0, Workers: 4
[1118.416s][debug][gc,phases      ] GC(30)     Total                          Min: 0, Avg:  0.0, Max: 0, Diff: 0, Sum: 0, Workers: 4
[1118.416s][debug][gc,phases      ] GC(30)   StringDedup Requests0 Weak     Min:  0.0, Avg:  0.0, Max:  0.0, Diff:  0.0, Sum:  0.0, Workers: 4
[1118.416s][debug][gc,phases      ] GC(30)     Dead                           Min: 0, Avg:  0.0, Max: 0, Diff: 0, Sum: 0, Workers: 4
[1118.416s][debug][gc,phases      ] GC(30)     Total                          Min: 0, Avg:  0.0, Max: 0, Diff: 0, Sum: 0, Workers: 4
[1118.416s][debug][gc,phases      ] GC(30)   StringDedup Requests1 Weak     Min:  0.0, Avg:  0.0, Max:  0.0, Diff:  0.0, Sum:  0.0, Workers: 4
[1118.416s][debug][gc,phases      ] GC(30)     Dead                           Min: 0, Avg:  0.0, Max: 0, Diff: 0, Sum: 0, Workers: 4
[1118.416s][debug][gc,phases      ] GC(30)     Total                          Min: 0, Avg:  0.0, Max: 0, Diff: 0, Sum: 0, Workers: 4
[1118.416s][debug][gc,phases      ] GC(30)   Weak JFR Old Object Samples    Min:  0.0, Avg:  0.0, Max:  0.0, Diff:  0.0, Sum:  0.0, Workers: 4
[1118.416s][debug][gc,phases      ] GC(30)     Dead                           Min: 0, Avg:  0.0, Max: 0, Diff: 0, Sum: 0, Workers: 4
[1118.416s][debug][gc,phases      ] GC(30)     Total                          Min: 0, Avg:  0.0, Max: 0, Diff: 0, Sum: 0, Workers: 4
[1118.416s][debug][gc,phases      ] GC(30) Weak Processing 0.476ms
[1118.416s][debug][gc,age         ] GC(30) Desired survivor size 129499136 bytes, new threshold 1 (max threshold 15)
[1118.416s][info ][gc,heap        ] GC(30) PSYoungGen: 1805872K(1946112K)->3390K(1970688K) Eden: 1803264K(1803264K)->0K(1836032K) From: 2608K(142848K)->3390K(134656K)
[1118.416s][info ][gc,heap        ] GC(30) ParOldGen: 246684K(246784K)->247316K(247808K)
[1118.416s][info ][gc,metaspace   ] GC(30) Metaspace: 105560K(106880K)->105560K(106880K) NonClass: 89572K(90304K)->89572K(90304K) Class: 15988K(16576K)->15988K(16576K)
[1118.416s][info ][gc             ] GC(30) Pause Young (Allocation Failure) 2004M->244M(2166M) 3.508ms
[1118.416s][info ][gc,cpu         ] GC(30) User=0.01s Sys=0.00s Real=0.01s
[1118.416s][info ][safepoint      ] Safepoint "ParallelGCFailedAllocation", Time since last: 4054756921 ns, Reaching safepoint: 7000 ns, Cleanup: 4400 ns, At safepoint: 3583631 ns, Total: 3595031 ns
[1123.416s][info ][safepoint      ] Safepoint "Cleanup", Time since last: 5000410972 ns, Reaching safepoint: 7401 ns, Cleanup: 10700 ns, At safepoint: 2400 ns, Total: 20501 ns
[1124.416s][info ][safepoint      ] Safepoint "Cleanup", Time since last: 1000125096 ns, Reaching safepoint: 7000 ns, Cleanup: 10801 ns, At safepoint: 2600 ns, Total: 20401 ns
[1129.417s][info ][safepoint      ] Safepoint "Cleanup", Time since last: 5000409716 ns, Reaching safepoint: 6600 ns, Cleanup: 11600 ns, At safepoint: 2301 ns, Total: 20501 ns
[1134.417s][info ][safepoint      ] Safepoint "Cleanup", Time since last: 5000419164 ns, Reaching safepoint: 7300 ns, Cleanup: 10800 ns, At safepoint: 2300 ns, Total: 20400 ns
[1139.418s][info ][safepoint      ] Safepoint "Cleanup", Time since last: 5000418184 ns, Reaching safepoint: 7000 ns, Cleanup: 14701 ns, At safepoint: 2200 ns, Total: 23901 ns
[1143.372s][info ][safepoint      ] Safepoint "Cleanup", Time since last: 3954103255 ns, Reaching safepoint: 7500 ns, Cleanup: 10501 ns, At safepoint: 2700 ns, Total: 20701 ns
[1150.372s][info ][safepoint      ] Safepoint "Cleanup", Time since last: 7000568965 ns, Reaching safepoint: 6800 ns, Cleanup: 12401 ns, At safepoint: 2200 ns, Total: 21401 ns
[1151.372s][info ][safepoint      ] Safepoint "Cleanup", Time since last: 1000114402 ns, Reaching safepoint: 7000 ns, Cleanup: 30902 ns, At safepoint: 2300 ns, Total: 40202 ns
[1152.373s][info ][safepoint      ] Safepoint "Cleanup", Time since last: 1000114401 ns, Reaching safepoint: 6701 ns, Cleanup: 21001 ns, At safepoint: 2300 ns, Total: 30002 ns
[1153.373s][info ][safepoint      ] Safepoint "Cleanup", Time since last: 1000117502 ns, Reaching safepoint: 6900 ns, Cleanup: 33702 ns, At safepoint: 2300 ns, Total: 42902 ns
[1154.373s][info ][safepoint      ] Safepoint "Cleanup", Time since last: 1000116889 ns, Reaching safepoint: 6701 ns, Cleanup: 10100 ns, At safepoint: 2700 ns, Total: 19501 ns
[1156.373s][info ][safepoint      ] Safepoint "Cleanup", Time since last: 2000195028 ns, Reaching safepoint: 7300 ns, Cleanup: 10901 ns, At safepoint: 2400 ns, Total: 20601 ns
[1157.373s][info ][safepoint      ] Safepoint "Cleanup", Time since last: 1000119923 ns, Reaching safepoint: 6100 ns, Cleanup: 20101 ns, At safepoint: 2600 ns, Total: 28801 ns
[1158.373s][info ][safepoint      ] Safepoint "Cleanup", Time since last: 1000113476 ns, Reaching safepoint: 7001 ns, Cleanup: 13200 ns, At safepoint: 2400 ns, Total: 22601 ns
[1159.374s][info ][safepoint      ] Safepoint "Cleanup", Time since last: 1000117177 ns, Reaching safepoint: 6800 ns, Cleanup: 17201 ns, At safepoint: 2600 ns, Total: 26601 ns
[1160.374s][info ][safepoint      ] Safepoint "Cleanup", Time since last: 1000115577 ns, Reaching safepoint: 7000 ns, Cleanup: 11200 ns, At safepoint: 2301 ns, Total: 20501 ns
[1161.374s][info ][safepoint      ] Safepoint "Cleanup", Time since last: 1000122877 ns, Reaching safepoint: 6500 ns, Cleanup: 10500 ns, At safepoint: 2300 ns, Total: 19300 ns
[1164.374s][info ][safepoint      ] Safepoint "Cleanup", Time since last: 3000255127 ns, Reaching safepoint: 6600 ns, Cleanup: 28701 ns, At safepoint: 2100 ns, Total: 37401 ns
[1165.374s][info ][safepoint      ] Safepoint "Cleanup", Time since last: 1000113531 ns, Reaching safepoint: 7100 ns, Cleanup: 15500 ns, At safepoint: 2401 ns, Total: 25001 ns
[1166.375s][info ][safepoint      ] Safepoint "Cleanup", Time since last: 1000129450 ns, Reaching safepoint: 84303 ns, Cleanup: 39802 ns, At safepoint: 6700 ns, Total: 130805 ns
[1167.375s][info ][safepoint      ] Safepoint "Cleanup", Time since last: 1000103349 ns, Reaching safepoint: 6001 ns, Cleanup: 36501 ns, At safepoint: 2000 ns, Total: 44502 ns
[1167.806s][info ][gc,start       ] GC(31) Pause Young (Allocation Failure)
[1167.813s][debug][gc,phases      ] GC(31) Scavenge 7.139ms
[1167.813s][debug][gc,ref         ] GC(31) ReferenceProcessor::execute queues: 1, RefProcThreadModel::Single, marks_oops_alive: false
[1167.813s][debug][gc,ref         ] GC(31) Skipped KeepAliveFinalRefsPhase of Reference Processing: no references
[1167.813s][debug][gc,ref         ] GC(31) ReferenceProcessor::execute queues: 1, RefProcThreadModel::Single, marks_oops_alive: false
[1167.813s][debug][gc,phases      ] GC(31) Reference Processing 0.129ms
[1167.813s][debug][gc,phases      ] GC(31)   VM Weak                        Min:  0.0, Avg:  0.0, Max:  0.0, Diff:  0.0, Sum:  0.0, Workers: 4
[1167.813s][debug][gc,phases      ] GC(31)     Dead                           Min: 0, Avg:  0.0, Max: 0, Diff: 0, Sum: 0, Workers: 4
[1167.813s][debug][gc,phases      ] GC(31)     Total                          Min: 0, Avg: 251.8, Max: 384, Diff: 384, Sum: 1007, Workers: 4
[1167.813s][debug][gc,phases      ] GC(31)   ObjectSynchronizer Weak        Min:  0.0, Avg:  0.0, Max:  0.0, Diff:  0.0, Sum:  0.0, Workers: 4
[1167.813s][debug][gc,phases      ] GC(31)     Dead                           Min: 0, Avg:  0.0, Max: 0, Diff: 0, Sum: 0, Workers: 4
[1167.813s][debug][gc,phases      ] GC(31)     Total                          Min: 0, Avg:  1.0, Max: 4, Diff: 4, Sum: 4, Workers: 4
[1167.813s][debug][gc,phases      ] GC(31)   JVMTI Tag Weak OopStorage      Min:  0.0, Avg:  0.0, Max:  0.0, Diff:  0.0, Sum:  0.0, Workers: 4
[1167.813s][debug][gc,phases      ] GC(31)     Dead                           Min: 0, Avg:  0.0, Max: 0, Diff: 0, Sum: 0, Workers: 4
[1167.813s][debug][gc,phases      ] GC(31)     Total                          Min: 0, Avg:  0.0, Max: 0, Diff: 0, Sum: 0, Workers: 4
[1167.813s][debug][gc,phases      ] GC(31)   StringTable Weak               Min:  0.0, Avg:  0.1, Max:  0.1, Diff:  0.1, Sum:  0.4, Workers: 4
[1167.813s][debug][gc,phases      ] GC(31)     Dead                           Min: 0, Avg:  0.0, Max: 0, Diff: 0, Sum: 0, Workers: 4
[1167.813s][debug][gc,phases      ] GC(31)     Total                          Min: 0, Avg: 11546.5, Max: 16512, Diff: 16512, Sum: 46186, Workers: 4
[1167.813s][debug][gc,phases      ] GC(31)   ResolvedMethodTable Weak       Min:  0.0, Avg:  0.0, Max:  0.1, Diff:  0.1, Sum:  0.2, Workers: 4
[1167.813s][debug][gc,phases      ] GC(31)     Dead                           Min: 0, Avg:  4.5, Max: 18, Diff: 18, Sum: 18, Workers: 4
[1167.813s][debug][gc,phases      ] GC(31)     Total                          Min: 0, Avg: 3795.5, Max: 5379, Diff: 5379, Sum: 15182, Workers: 4
[1167.813s][debug][gc,phases      ] GC(31)   JNI Weak                       Min:  0.0, Avg:  0.0, Max:  0.0, Diff:  0.0, Sum:  0.0, Workers: 4
[1167.813s][debug][gc,phases      ] GC(31)     Dead                           Min: 0, Avg:  0.0, Max: 0, Diff: 0, Sum: 0, Workers: 4
[1167.813s][debug][gc,phases      ] GC(31)     Total                          Min: 0, Avg: 13.0, Max: 52, Diff: 52, Sum: 52, Workers: 4
[1167.813s][debug][gc,phases      ] GC(31)   StringDedup Table Weak         Min:  0.0, Avg:  0.0, Max:  0.0, Diff:  0.0, Sum:  0.0, Workers: 4
[1167.813s][debug][gc,phases      ] GC(31)     Dead                           Min: 0, Avg:  0.0, Max: 0, Diff: 0, Sum: 0, Workers: 4
[1167.813s][debug][gc,phases      ] GC(31)     Total                          Min: 0, Avg:  0.0, Max: 0, Diff: 0, Sum: 0, Workers: 4
[1167.813s][debug][gc,phases      ] GC(31)   StringDedup Requests0 Weak     Min:  0.0, Avg:  0.0, Max:  0.0, Diff:  0.0, Sum:  0.0, Workers: 4
[1167.813s][debug][gc,phases      ] GC(31)     Dead                           Min: 0, Avg:  0.0, Max: 0, Diff: 0, Sum: 0, Workers: 4
[1167.813s][debug][gc,phases      ] GC(31)     Total                          Min: 0, Avg:  0.0, Max: 0, Diff: 0, Sum: 0, Workers: 4
[1167.813s][debug][gc,phases      ] GC(31)   StringDedup Requests1 Weak     Min:  0.0, Avg:  0.0, Max:  0.0, Diff:  0.0, Sum:  0.0, Workers: 4
[1167.813s][debug][gc,phases      ] GC(31)     Dead                           Min: 0, Avg:  0.0, Max: 0, Diff: 0, Sum: 0, Workers: 4
[1167.813s][debug][gc,phases      ] GC(31)     Total                          Min: 0, Avg:  0.0, Max: 0, Diff: 0, Sum: 0, Workers: 4
[1167.813s][debug][gc,phases      ] GC(31)   Weak JFR Old Object Samples    Min:  0.0, Avg:  0.0, Max:  0.0, Diff:  0.0, Sum:  0.0, Workers: 4
[1167.813s][debug][gc,phases      ] GC(31)     Dead                           Min: 0, Avg:  0.0, Max: 0, Diff: 0, Sum: 0, Workers: 4
[1167.813s][debug][gc,phases      ] GC(31)     Total                          Min: 0, Avg:  0.0, Max: 0, Diff: 0, Sum: 0, Workers: 4
[1167.813s][debug][gc,phases      ] GC(31) Weak Processing 0.453ms
[1167.813s][debug][gc,age         ] GC(31) Desired survivor size 121110528 bytes, new threshold 1 (max threshold 15)
[1167.813s][info ][gc,heap        ] GC(31) PSYoungGen: 1839422K(1970688K)->7104K(1962496K) Eden: 1836032K(1836032K)->0K(1836032K) From: 3390K(134656K)->7104K(126464K)
[1167.813s][info ][gc,heap        ] GC(31) ParOldGen: 247316K(247808K)->248614K(248832K)
[1167.813s][info ][gc,metaspace   ] GC(31) Metaspace: 105668K(107008K)->105668K(107008K) NonClass: 89675K(90432K)->89675K(90432K) Class: 15992K(16576K)->15992K(16576K)
[1167.813s][info ][gc             ] GC(31) Pause Young (Allocation Failure) 2037M->249M(2159M) 7.868ms
[1167.813s][info ][gc,cpu         ] GC(31) User=0.03s Sys=0.00s Real=0.01s
[1167.813s][info ][safepoint      ] Safepoint "ParallelGCFailedAllocation", Time since last: 430811588 ns, Reaching safepoint: 6600 ns, Cleanup: 11400 ns, At safepoint: 7953092 ns, Total: 7971092 ns
[1168.814s][info ][safepoint      ] Safepoint "Cleanup", Time since last: 1000095149 ns, Reaching safepoint: 78103 ns, Cleanup: 13400 ns, At safepoint: 5900 ns, Total: 97403 ns
[1169.814s][info ][safepoint      ] Safepoint "Cleanup", Time since last: 1000123051 ns, Reaching safepoint: 83203 ns, Cleanup: 16800 ns, At safepoint: 7001 ns, Total: 107004 ns
[1170.814s][info ][safepoint      ] Safepoint "Cleanup", Time since last: 1000165352 ns, Reaching safepoint: 117004 ns, Cleanup: 20001 ns, At safepoint: 14700 ns, Total: 151705 ns
[1171.814s][info ][safepoint      ] Safepoint "Cleanup", Time since last: 1000131151 ns, Reaching safepoint: 78103 ns, Cleanup: 10800 ns, At safepoint: 7300 ns, Total: 96203 ns
[1172.815s][info ][safepoint      ] Safepoint "Cleanup", Time since last: 1000117935 ns, Reaching safepoint: 78003 ns, Cleanup: 18701 ns, At safepoint: 8400 ns, Total: 105104 ns
[1175.815s][info ][safepoint      ] Safepoint "Cleanup", Time since last: 3000259602 ns, Reaching safepoint: 79503 ns, Cleanup: 13800 ns, At safepoint: 6801 ns, Total: 100104 ns
[1178.815s][info ][safepoint      ] Safepoint "Cleanup", Time since last: 3000249701 ns, Reaching safepoint: 80703 ns, Cleanup: 11700 ns, At safepoint: 6001 ns, Total: 98404 ns
[1182.816s][info ][safepoint      ] Safepoint "Cleanup", Time since last: 4000321650 ns, Reaching safepoint: 78903 ns, Cleanup: 12300 ns, At safepoint: 6201 ns, Total: 97404 ns
[1183.816s][info ][safepoint      ] Safepoint "Cleanup", Time since last: 1000138497 ns, Reaching safepoint: 99804 ns, Cleanup: 9900 ns, At safepoint: 8000 ns, Total: 117704 ns
[1185.816s][info ][safepoint      ] Safepoint "Cleanup", Time since last: 2000205392 ns, Reaching safepoint: 82703 ns, Cleanup: 11301 ns, At safepoint: 7900 ns, Total: 101904 ns
[1186.817s][info ][safepoint      ] Safepoint "Cleanup", Time since last: 1000131297 ns, Reaching safepoint: 82303 ns, Cleanup: 11301 ns, At safepoint: 7200 ns, Total: 100804 ns
[1190.817s][info ][safepoint      ] Safepoint "Cleanup", Time since last: 4000384662 ns, Reaching safepoint: 116405 ns, Cleanup: 14000 ns, At safepoint: 10600 ns, Total: 141005 ns
[1191.817s][info ][safepoint      ] Safepoint "Cleanup", Time since last: 1000126253 ns, Reaching safepoint: 77203 ns, Cleanup: 8200 ns, At safepoint: 6100 ns, Total: 91503 ns
[1197.818s][info ][safepoint      ] Safepoint "Cleanup", Time since last: 6000546470 ns, Reaching safepoint: 100604 ns, Cleanup: 11700 ns, At safepoint: 8501 ns, Total: 120805 ns
[1201.389s][info ][safepoint      ] Safepoint "Cleanup", Time since last: 3571038147 ns, Reaching safepoint: 6601 ns, Cleanup: 25001 ns, At safepoint: 2500 ns, Total: 34102 ns
[1202.389s][info ][safepoint      ] Safepoint "Cleanup", Time since last: 1000118274 ns, Reaching safepoint: 78803 ns, Cleanup: 32002 ns, At safepoint: 6000 ns, Total: 116805 ns
[1203.389s][info ][safepoint      ] Safepoint "Cleanup", Time since last: 1000135075 ns, Reaching safepoint: 7400 ns, Cleanup: 13501 ns, At safepoint: 2100 ns, Total: 23001 ns
[1204.390s][info ][safepoint      ] Safepoint "Cleanup", Time since last: 1000129775 ns, Reaching safepoint: 9300 ns, Cleanup: 13300 ns, At safepoint: 2901 ns, Total: 25501 ns
[1206.390s][info ][safepoint      ] Safepoint "Cleanup", Time since last: 2000216287 ns, Reaching safepoint: 6700 ns, Cleanup: 14001 ns, At safepoint: 2200 ns, Total: 22901 ns
[1206.490s][info ][gc,start       ] GC(32) Pause Young (Allocation Failure)
[1206.497s][debug][gc,phases      ] GC(32) Scavenge 6.765ms
[1206.497s][debug][gc,ref         ] GC(32) ReferenceProcessor::execute queues: 1, RefProcThreadModel::Single, marks_oops_alive: false
[1206.497s][debug][gc,ref         ] GC(32) Skipped KeepAliveFinalRefsPhase of Reference Processing: no references
[1206.497s][debug][gc,ref         ] GC(32) ReferenceProcessor::execute queues: 1, RefProcThreadModel::Single, marks_oops_alive: false
[1206.497s][debug][gc,phases      ] GC(32) Reference Processing 0.133ms
[1206.497s][debug][gc,phases      ] GC(32)   VM Weak                        Min:  0.0, Avg:  0.0, Max:  0.0, Diff:  0.0, Sum:  0.0, Workers: 4
[1206.497s][debug][gc,phases      ] GC(32)     Dead                           Min: 0, Avg:  0.0, Max: 0, Diff: 0, Sum: 0, Workers: 4
[1206.497s][debug][gc,phases      ] GC(32)     Total                          Min: 0, Avg: 251.8, Max: 896, Diff: 896, Sum: 1007, Workers: 4
[1206.497s][debug][gc,phases      ] GC(32)   ObjectSynchronizer Weak        Min:  0.0, Avg:  0.0, Max:  0.0, Diff:  0.0, Sum:  0.0, Workers: 4
[1206.497s][debug][gc,phases      ] GC(32)     Dead                           Min: 0, Avg:  0.0, Max: 0, Diff: 0, Sum: 0, Workers: 4
[1206.497s][debug][gc,phases      ] GC(32)     Total                          Min: 0, Avg:  1.0, Max: 4, Diff: 4, Sum: 4, Workers: 4
[1206.498s][debug][gc,phases      ] GC(32)   JVMTI Tag Weak OopStorage      Min:  0.0, Avg:  0.0, Max:  0.0, Diff:  0.0, Sum:  0.0, Workers: 4
[1206.498s][debug][gc,phases      ] GC(32)     Dead                           Min: 0, Avg:  0.0, Max: 0, Diff: 0, Sum: 0, Workers: 4
[1206.498s][debug][gc,phases      ] GC(32)     Total                          Min: 0, Avg:  0.0, Max: 0, Diff: 0, Sum: 0, Workers: 4
[1206.498s][debug][gc,phases      ] GC(32)   StringTable Weak               Min:  0.0, Avg:  0.1, Max:  0.1, Diff:  0.1, Sum:  0.4, Workers: 4
[1206.498s][debug][gc,phases      ] GC(32)     Dead                           Min: 0, Avg:  0.5, Max: 2, Diff: 2, Sum: 2, Workers: 4
[1206.498s][debug][gc,phases      ] GC(32)     Total                          Min: 0, Avg: 11551.8, Max: 15744, Diff: 15744, Sum: 46207, Workers: 4
[1206.498s][debug][gc,phases      ] GC(32)   ResolvedMethodTable Weak       Min:  0.0, Avg:  0.0, Max:  0.1, Diff:  0.1, Sum:  0.2, Workers: 4
[1206.498s][debug][gc,phases      ] GC(32)     Dead                           Min: 0, Avg:  4.2, Max: 17, Diff: 17, Sum: 17, Workers: 4
[1206.498s][debug][gc,phases      ] GC(32)     Total                          Min: 0, Avg: 3800.8, Max: 5452, Diff: 5452, Sum: 15203, Workers: 4
[1206.498s][debug][gc,phases      ] GC(32)   JNI Weak                       Min:  0.0, Avg:  0.0, Max:  0.0, Diff:  0.0, Sum:  0.0, Workers: 4
[1206.498s][debug][gc,phases      ] GC(32)     Dead                           Min: 0, Avg:  0.0, Max: 0, Diff: 0, Sum: 0, Workers: 4
[1206.498s][debug][gc,phases      ] GC(32)     Total                          Min: 0, Avg: 13.0, Max: 52, Diff: 52, Sum: 52, Workers: 4
[1206.498s][debug][gc,phases      ] GC(32)   StringDedup Table Weak         Min:  0.0, Avg:  0.0, Max:  0.0, Diff:  0.0, Sum:  0.0, Workers: 4
[1206.498s][debug][gc,phases      ] GC(32)     Dead                           Min: 0, Avg:  0.0, Max: 0, Diff: 0, Sum: 0, Workers: 4
[1206.498s][debug][gc,phases      ] GC(32)     Total                          Min: 0, Avg:  0.0, Max: 0, Diff: 0, Sum: 0, Workers: 4
[1206.498s][debug][gc,phases      ] GC(32)   StringDedup Requests0 Weak     Min:  0.0, Avg:  0.0, Max:  0.0, Diff:  0.0, Sum:  0.0, Workers: 4
[1206.498s][debug][gc,phases      ] GC(32)     Dead                           Min: 0, Avg:  0.0, Max: 0, Diff: 0, Sum: 0, Workers: 4
[1206.498s][debug][gc,phases      ] GC(32)     Total                          Min: 0, Avg:  0.0, Max: 0, Diff: 0, Sum: 0, Workers: 4
[1206.498s][debug][gc,phases      ] GC(32)   StringDedup Requests1 Weak     Min:  0.0, Avg:  0.0, Max:  0.0, Diff:  0.0, Sum:  0.0, Workers: 4
[1206.498s][debug][gc,phases      ] GC(32)     Dead                           Min: 0, Avg:  0.0, Max: 0, Diff: 0, Sum: 0, Workers: 4
[1206.498s][debug][gc,phases      ] GC(32)     Total                          Min: 0, Avg:  0.0, Max: 0, Diff: 0, Sum: 0, Workers: 4
[1206.498s][debug][gc,phases      ] GC(32)   Weak JFR Old Object Samples    Min:  0.0, Avg:  0.0, Max:  0.0, Diff:  0.0, Sum:  0.0, Workers: 4
[1206.498s][debug][gc,phases      ] GC(32)     Dead                           Min: 0, Avg:  0.0, Max: 0, Diff: 0, Sum: 0, Workers: 4
[1206.498s][debug][gc,phases      ] GC(32)     Total                          Min: 0, Avg:  0.0, Max: 0, Diff: 0, Sum: 0, Workers: 4
[1206.498s][debug][gc,phases      ] GC(32) Weak Processing 0.430ms
[1206.498s][debug][gc,age         ] GC(32) Desired survivor size 113246208 bytes, new threshold 1 (max threshold 15)
[1206.498s][info ][gc,heap        ] GC(32) PSYoungGen: 1843136K(1962496K)->5776K(1986560K) Eden: 1836032K(1836032K)->0K(1868288K) From: 7104K(126464K)->5776K(118272K)
[1206.498s][info ][gc,heap        ] GC(32) ParOldGen: 248614K(248832K)->254163K(254464K)
[1206.498s][info ][gc,metaspace   ] GC(32) Metaspace: 105747K(107072K)->105747K(107072K) NonClass: 89741K(90496K)->89741K(90496K) Class: 16005K(16576K)->16005K(16576K)
[1206.498s][info ][gc             ] GC(32) Pause Young (Allocation Failure) 2042M->253M(2188M) 7.475ms
[1206.498s][info ][gc,cpu         ] GC(32) User=0.02s Sys=0.01s Real=0.01s
[1206.498s][info ][safepoint      ] Safepoint "ParallelGCFailedAllocation", Time since last: 100248530 ns, Reaching safepoint: 83703 ns, Cleanup: 4600 ns, At safepoint: 7559297 ns, Total: 7647600 ns
[1207.498s][info ][safepoint      ] Safepoint "Cleanup", Time since last: 1000089905 ns, Reaching safepoint: 6600 ns, Cleanup: 10200 ns, At safepoint: 2701 ns, Total: 19501 ns
[1209.498s][info ][safepoint      ] Safepoint "Cleanup", Time since last: 2000182110 ns, Reaching safepoint: 6700 ns, Cleanup: 15801 ns, At safepoint: 2500 ns, Total: 25001 ns
[1212.498s][info ][safepoint      ] Safepoint "Cleanup", Time since last: 3000255614 ns, Reaching safepoint: 6901 ns, Cleanup: 33301 ns, At safepoint: 2200 ns, Total: 42402 ns
[1213.498s][info ][safepoint      ] Safepoint "Cleanup", Time since last: 1000122468 ns, Reaching safepoint: 6501 ns, Cleanup: 13300 ns, At safepoint: 2300 ns, Total: 22101 ns
[1214.499s][info ][safepoint      ] Safepoint "Cleanup", Time since last: 1000117560 ns, Reaching safepoint: 6500 ns, Cleanup: 11301 ns, At safepoint: 2100 ns, Total: 19901 ns
[1215.499s][info ][safepoint      ] Safepoint "Cleanup", Time since last: 1000112059 ns, Reaching safepoint: 7000 ns, Cleanup: 10701 ns, At safepoint: 2300 ns, Total: 20001 ns
[1218.499s][info ][safepoint      ] Safepoint "Cleanup", Time since last: 3000251875 ns, Reaching safepoint: 6900 ns, Cleanup: 12201 ns, At safepoint: 2200 ns, Total: 21301 ns
[1222.499s][info ][safepoint      ] Safepoint "Cleanup", Time since last: 4000321797 ns, Reaching safepoint: 7100 ns, Cleanup: 12100 ns, At safepoint: 2100 ns, Total: 21300 ns
[1225.500s][info ][safepoint      ] Safepoint "Cleanup", Time since last: 3000277308 ns, Reaching safepoint: 6600 ns, Cleanup: 9400 ns, At safepoint: 2300 ns, Total: 18300 ns
[1228.500s][info ][safepoint      ] Safepoint "Cleanup", Time since last: 3000261545 ns, Reaching safepoint: 7300 ns, Cleanup: 10901 ns, At safepoint: 6300 ns, Total: 24501 ns
[1233.500s][info ][safepoint      ] Safepoint "Cleanup", Time since last: 5000419694 ns, Reaching safepoint: 7100 ns, Cleanup: 10001 ns, At safepoint: 2400 ns, Total: 19501 ns
[1234.501s][info ][safepoint      ] Safepoint "Cleanup", Time since last: 1000127219 ns, Reaching safepoint: 8300 ns, Cleanup: 14001 ns, At safepoint: 2300 ns, Total: 24601 ns
[1235.501s][info ][safepoint      ] Safepoint "Cleanup", Time since last: 1000116919 ns, Reaching safepoint: 7000 ns, Cleanup: 10600 ns, At safepoint: 2700 ns, Total: 20300 ns
[1237.501s][info ][safepoint      ] Safepoint "Cleanup", Time since last: 2000236132 ns, Reaching safepoint: 7600 ns, Cleanup: 11001 ns, At safepoint: 2800 ns, Total: 21401 ns
[1244.502s][info ][safepoint      ] Safepoint "Cleanup", Time since last: 7000644871 ns, Reaching safepoint: 7600 ns, Cleanup: 13501 ns, At safepoint: 2700 ns, Total: 23801 ns
[1245.502s][info ][safepoint      ] Safepoint "Cleanup", Time since last: 1000120666 ns, Reaching safepoint: 6700 ns, Cleanup: 10400 ns, At safepoint: 2700 ns, Total: 19800 ns
[1247.502s][info ][safepoint      ] Safepoint "Cleanup", Time since last: 2000201971 ns, Reaching safepoint: 6400 ns, Cleanup: 11601 ns, At safepoint: 2200 ns, Total: 20201 ns
[1253.502s][info ][safepoint      ] Safepoint "Cleanup", Time since last: 6000463968 ns, Reaching safepoint: 6300 ns, Cleanup: 12401 ns, At safepoint: 2400 ns, Total: 21101 ns
[1255.503s][info ][safepoint      ] Safepoint "Cleanup", Time since last: 2000178822 ns, Reaching safepoint: 5800 ns, Cleanup: 10200 ns, At safepoint: 2001 ns, Total: 18001 ns
[1267.837s][info ][gc,start       ] GC(33) Pause Young (Allocation Failure)
[1267.843s][debug][gc,phases      ] GC(33) Scavenge 6.445ms
[1267.844s][debug][gc,ref         ] GC(33) ReferenceProcessor::execute queues: 1, RefProcThreadModel::Single, marks_oops_alive: false
[1267.844s][debug][gc,ref         ] GC(33) Skipped KeepAliveFinalRefsPhase of Reference Processing: no references
[1267.844s][debug][gc,ref         ] GC(33) ReferenceProcessor::execute queues: 1, RefProcThreadModel::Single, marks_oops_alive: false
[1267.844s][debug][gc,phases      ] GC(33) Reference Processing 0.143ms
[1267.844s][debug][gc,phases      ] GC(33)   VM Weak                        Min:  0.0, Avg:  0.0, Max:  0.0, Diff:  0.0, Sum:  0.0, Workers: 4
[1267.844s][debug][gc,phases      ] GC(33)     Dead                           Min: 0, Avg:  0.0, Max: 0, Diff: 0, Sum: 0, Workers: 4
[1267.844s][debug][gc,phases      ] GC(33)     Total                          Min: 0, Avg: 252.0, Max: 832, Diff: 832, Sum: 1008, Workers: 4
[1267.844s][debug][gc,phases      ] GC(33)   ObjectSynchronizer Weak        Min:  0.0, Avg:  0.0, Max:  0.0, Diff:  0.0, Sum:  0.0, Workers: 4
[1267.844s][debug][gc,phases      ] GC(33)     Dead                           Min: 0, Avg:  0.0, Max: 0, Diff: 0, Sum: 0, Workers: 4
[1267.844s][debug][gc,phases      ] GC(33)     Total                          Min: 0, Avg:  0.8, Max: 3, Diff: 3, Sum: 3, Workers: 4
[1267.844s][debug][gc,phases      ] GC(33)   JVMTI Tag Weak OopStorage      Min:  0.0, Avg:  0.0, Max:  0.0, Diff:  0.0, Sum:  0.0, Workers: 4
[1267.844s][debug][gc,phases      ] GC(33)     Dead                           Min: 0, Avg:  0.0, Max: 0, Diff: 0, Sum: 0, Workers: 4
[1267.844s][debug][gc,phases      ] GC(33)     Total                          Min: 0, Avg:  0.0, Max: 0, Diff: 0, Sum: 0, Workers: 4
[1267.844s][debug][gc,phases      ] GC(33)   StringTable Weak               Min:  0.0, Avg:  0.1, Max:  0.2, Diff:  0.2, Sum:  0.5, Workers: 4
[1267.844s][debug][gc,phases      ] GC(33)     Dead                           Min: 0, Avg:  0.2, Max: 1, Diff: 1, Sum: 1, Workers: 4
[1267.844s][debug][gc,phases      ] GC(33)     Total                          Min: 0, Avg: 11557.0, Max: 15744, Diff: 15744, Sum: 46228, Workers: 4
[1267.844s][debug][gc,phases      ] GC(33)   ResolvedMethodTable Weak       Min:  0.0, Avg:  0.0, Max:  0.1, Diff:  0.1, Sum:  0.2, Workers: 4
[1267.844s][debug][gc,phases      ] GC(33)     Dead                           Min: 0, Avg:  6.0, Max: 21, Diff: 21, Sum: 24, Workers: 4
[1267.844s][debug][gc,phases      ] GC(33)     Total                          Min: 0, Avg: 3805.5, Max: 5716, Diff: 5716, Sum: 15222, Workers: 4
[1267.844s][debug][gc,phases      ] GC(33)   JNI Weak                       Min:  0.0, Avg:  0.0, Max:  0.0, Diff:  0.0, Sum:  0.0, Workers: 4
[1267.844s][debug][gc,phases      ] GC(33)     Dead                           Min: 0, Avg:  0.0, Max: 0, Diff: 0, Sum: 0, Workers: 4
[1267.844s][debug][gc,phases      ] GC(33)     Total                          Min: 0, Avg: 13.0, Max: 52, Diff: 52, Sum: 52, Workers: 4
[1267.844s][debug][gc,phases      ] GC(33)   StringDedup Table Weak         Min:  0.0, Avg:  0.0, Max:  0.0, Diff:  0.0, Sum:  0.0, Workers: 4
[1267.844s][debug][gc,phases      ] GC(33)     Dead                           Min: 0, Avg:  0.0, Max: 0, Diff: 0, Sum: 0, Workers: 4
[1267.844s][debug][gc,phases      ] GC(33)     Total                          Min: 0, Avg:  0.0, Max: 0, Diff: 0, Sum: 0, Workers: 4
[1267.844s][debug][gc,phases      ] GC(33)   StringDedup Requests0 Weak     Min:  0.0, Avg:  0.0, Max:  0.0, Diff:  0.0, Sum:  0.0, Workers: 4
[1267.844s][debug][gc,phases      ] GC(33)     Dead                           Min: 0, Avg:  0.0, Max: 0, Diff: 0, Sum: 0, Workers: 4
[1267.844s][debug][gc,phases      ] GC(33)     Total                          Min: 0, Avg:  0.0, Max: 0, Diff: 0, Sum: 0, Workers: 4
[1267.844s][debug][gc,phases      ] GC(33)   StringDedup Requests1 Weak     Min:  0.0, Avg:  0.0, Max:  0.0, Diff:  0.0, Sum:  0.0, Workers: 4
[1267.844s][debug][gc,phases      ] GC(33)     Dead                           Min: 0, Avg:  0.0, Max: 0, Diff: 0, Sum: 0, Workers: 4
[1267.844s][debug][gc,phases      ] GC(33)     Total                          Min: 0, Avg:  0.0, Max: 0, Diff: 0, Sum: 0, Workers: 4
[1267.844s][debug][gc,phases      ] GC(33)   Weak JFR Old Object Samples    Min:  0.0, Avg:  0.0, Max:  0.0, Diff:  0.0, Sum:  0.0, Workers: 4
[1267.844s][debug][gc,phases      ] GC(33)     Dead                           Min: 0, Avg:  0.0, Max: 0, Diff: 0, Sum: 0, Workers: 4
[1267.844s][debug][gc,phases      ] GC(33)     Total                          Min: 0, Avg:  0.0, Max: 0, Diff: 0, Sum: 0, Workers: 4
[1267.844s][debug][gc,phases      ] GC(33) Weak Processing 0.456ms
[1267.844s][debug][gc,age         ] GC(33) Desired survivor size 106430464 bytes, new threshold 1 (max threshold 15)
[1267.844s][info ][gc,heap        ] GC(33) PSYoungGen: 1874064K(1986560K)->3328K(1978880K) Eden: 1868288K(1868288K)->0K(1868288K) From: 5776K(118272K)->3328K(110592K)
[1267.844s][info ][gc,heap        ] GC(33) ParOldGen: 254163K(254464K)->257999K(258048K)
[1267.844s][info ][gc,metaspace   ] GC(33) Metaspace: 105787K(107072K)->105787K(107072K) NonClass: 89776K(90496K)->89776K(90496K) Class: 16011K(16576K)->16011K(16576K)
[1267.844s][info ][gc             ] GC(33) Pause Young (Allocation Failure) 2078M->255M(2184M) 7.197ms
[1267.844s][info ][gc,cpu         ] GC(33) User=0.02s Sys=0.01s Real=0.00s
[1267.844s][info ][safepoint      ] Safepoint "ParallelGCFailedAllocation", Time since last: 12334182161 ns, Reaching safepoint: 8100 ns, Cleanup: 4800 ns, At safepoint: 7286280 ns, Total: 7299180 ns
[1270.844s][info ][safepoint      ] Safepoint "Cleanup", Time since last: 3000221914 ns, Reaching safepoint: 6000 ns, Cleanup: 13801 ns, At safepoint: 24801 ns, Total: 44602 ns
[1278.845s][info ][safepoint      ] Safepoint "Cleanup", Time since last: 8000626431 ns, Reaching safepoint: 5900 ns, Cleanup: 9400 ns, At safepoint: 2300 ns, Total: 17600 ns
[1281.845s][info ][safepoint      ] Safepoint "Cleanup", Time since last: 3000307844 ns, Reaching safepoint: 5700 ns, Cleanup: 10100 ns, At safepoint: 2000 ns, Total: 17800 ns
[1284.846s][info ][safepoint      ] Safepoint "Cleanup", Time since last: 3000277599 ns, Reaching safepoint: 5000 ns, Cleanup: 9101 ns, At safepoint: 2100 ns, Total: 16201 ns
[1287.846s][info ][safepoint      ] Safepoint "Cleanup", Time since last: 3000236801 ns, Reaching safepoint: 5000 ns, Cleanup: 9700 ns, At safepoint: 2200 ns, Total: 16900 ns
[1302.847s][info ][safepoint      ] Safepoint "Cleanup", Time since last: 15001176743 ns, Reaching safepoint: 5600 ns, Cleanup: 7401 ns, At safepoint: 2300 ns, Total: 15301 ns
[1304.847s][info ][safepoint      ] Safepoint "Cleanup", Time since last: 2000181824 ns, Reaching safepoint: 5500 ns, Cleanup: 9400 ns, At safepoint: 2400 ns, Total: 17300 ns
[1314.848s][info ][safepoint      ] Safepoint "Cleanup", Time since last: 10000758114 ns, Reaching safepoint: 5600 ns, Cleanup: 10800 ns, At safepoint: 2100 ns, Total: 18500 ns
[1315.848s][info ][safepoint      ] Safepoint "Cleanup", Time since last: 1000110928 ns, Reaching safepoint: 5100 ns, Cleanup: 11100 ns, At safepoint: 2401 ns, Total: 18601 ns
[1323.425s][info ][safepoint      ] Safepoint "Cleanup", Time since last: 7576892608 ns, Reaching safepoint: 6400 ns, Cleanup: 13001 ns, At safepoint: 2400 ns, Total: 21801 ns
[1324.425s][info ][safepoint      ] Safepoint "Cleanup", Time since last: 1000138212 ns, Reaching safepoint: 6700 ns, Cleanup: 7400 ns, At safepoint: 2500 ns, Total: 16600 ns
[1330.426s][info ][safepoint      ] Safepoint "Cleanup", Time since last: 6000703118 ns, Reaching safepoint: 6700 ns, Cleanup: 13901 ns, At safepoint: 2400 ns, Total: 23001 ns
[1335.852s][info ][gc,start       ] GC(34) Pause Young (Allocation Failure)
[1335.855s][debug][gc,phases      ] GC(34) Scavenge 2.833ms
[1335.855s][debug][gc,ref         ] GC(34) ReferenceProcessor::execute queues: 1, RefProcThreadModel::Single, marks_oops_alive: false
[1335.855s][debug][gc,ref         ] GC(34) Skipped KeepAliveFinalRefsPhase of Reference Processing: no references
[1335.855s][debug][gc,ref         ] GC(34) ReferenceProcessor::execute queues: 1, RefProcThreadModel::Single, marks_oops_alive: false
[1335.855s][debug][gc,phases      ] GC(34) Reference Processing 0.116ms
[1335.856s][debug][gc,phases      ] GC(34)   VM Weak                        Min:  0.0, Avg:  0.0, Max:  0.0, Diff:  0.0, Sum:  0.0, Workers: 4
[1335.856s][debug][gc,phases      ] GC(34)     Dead                           Min: 0, Avg:  0.0, Max: 0, Diff: 0, Sum: 0, Workers: 4
[1335.856s][debug][gc,phases      ] GC(34)     Total                          Min: 0, Avg: 252.0, Max: 640, Diff: 640, Sum: 1008, Workers: 4
[1335.856s][debug][gc,phases      ] GC(34)   ObjectSynchronizer Weak        Min:  0.0, Avg:  0.0, Max:  0.0, Diff:  0.0, Sum:  0.0, Workers: 4
[1335.856s][debug][gc,phases      ] GC(34)     Dead                           Min: 0, Avg:  0.0, Max: 0, Diff: 0, Sum: 0, Workers: 4
[1335.856s][debug][gc,phases      ] GC(34)     Total                          Min: 0, Avg:  1.0, Max: 4, Diff: 4, Sum: 4, Workers: 4
[1335.856s][debug][gc,phases      ] GC(34)   JVMTI Tag Weak OopStorage      Min:  0.0, Avg:  0.0, Max:  0.0, Diff:  0.0, Sum:  0.0, Workers: 4
[1335.856s][debug][gc,phases      ] GC(34)     Dead                           Min: 0, Avg:  0.0, Max: 0, Diff: 0, Sum: 0, Workers: 4
[1335.856s][debug][gc,phases      ] GC(34)     Total                          Min: 0, Avg:  0.0, Max: 0, Diff: 0, Sum: 0, Workers: 4
[1335.856s][debug][gc,phases      ] GC(34)   StringTable Weak               Min:  0.0, Avg:  0.1, Max:  0.1, Diff:  0.1, Sum:  0.4, Workers: 4
[1335.856s][debug][gc,phases      ] GC(34)     Dead                           Min: 0, Avg:  0.0, Max: 0, Diff: 0, Sum: 0, Workers: 4
[1335.856s][debug][gc,phases      ] GC(34)     Total                          Min: 0, Avg: 11557.2, Max: 16000, Diff: 16000, Sum: 46229, Workers: 4
[1335.856s][debug][gc,phases      ] GC(34)   ResolvedMethodTable Weak       Min:  0.0, Avg:  0.1, Max:  0.1, Diff:  0.1, Sum:  0.2, Workers: 4
[1335.856s][debug][gc,phases      ] GC(34)     Dead                           Min: 0, Avg:  4.0, Max: 15, Diff: 15, Sum: 16, Workers: 4
[1335.856s][debug][gc,phases      ] GC(34)     Total                          Min: 0, Avg: 3805.5, Max: 5226, Diff: 5226, Sum: 15222, Workers: 4
[1335.856s][debug][gc,phases      ] GC(34)   JNI Weak                       Min:  0.0, Avg:  0.0, Max:  0.0, Diff:  0.0, Sum:  0.0, Workers: 4
[1335.856s][debug][gc,phases      ] GC(34)     Dead                           Min: 0, Avg:  0.0, Max: 0, Diff: 0, Sum: 0, Workers: 4
[1335.856s][debug][gc,phases      ] GC(34)     Total                          Min: 0, Avg: 13.0, Max: 52, Diff: 52, Sum: 52, Workers: 4
[1335.856s][debug][gc,phases      ] GC(34)   StringDedup Table Weak         Min:  0.0, Avg:  0.0, Max:  0.0, Diff:  0.0, Sum:  0.0, Workers: 4
[1335.856s][debug][gc,phases      ] GC(34)     Dead                           Min: 0, Avg:  0.0, Max: 0, Diff: 0, Sum: 0, Workers: 4
[1335.856s][debug][gc,phases      ] GC(34)     Total                          Min: 0, Avg:  0.0, Max: 0, Diff: 0, Sum: 0, Workers: 4
[1335.856s][debug][gc,phases      ] GC(34)   StringDedup Requests0 Weak     Min:  0.0, Avg:  0.0, Max:  0.0, Diff:  0.0, Sum:  0.0, Workers: 4
[1335.856s][debug][gc,phases      ] GC(34)     Dead                           Min: 0, Avg:  0.0, Max: 0, Diff: 0, Sum: 0, Workers: 4
[1335.856s][debug][gc,phases      ] GC(34)     Total                          Min: 0, Avg:  0.0, Max: 0, Diff: 0, Sum: 0, Workers: 4
[1335.856s][debug][gc,phases      ] GC(34)   StringDedup Requests1 Weak     Min:  0.0, Avg:  0.0, Max:  0.0, Diff:  0.0, Sum:  0.0, Workers: 4
[1335.856s][debug][gc,phases      ] GC(34)     Dead                           Min: 0, Avg:  0.0, Max: 0, Diff: 0, Sum: 0, Workers: 4
[1335.856s][debug][gc,phases      ] GC(34)     Total                          Min: 0, Avg:  0.0, Max: 0, Diff: 0, Sum: 0, Workers: 4
[1335.856s][debug][gc,phases      ] GC(34)   Weak JFR Old Object Samples    Min:  0.0, Avg:  0.0, Max:  0.0, Diff:  0.0, Sum:  0.0, Workers: 4
[1335.856s][debug][gc,phases      ] GC(34)     Dead                           Min: 0, Avg:  0.0, Max: 0, Diff: 0, Sum: 0, Workers: 4
[1335.856s][debug][gc,phases      ] GC(34)     Total                          Min: 0, Avg:  0.0, Max: 0, Diff: 0, Sum: 0, Workers: 4
[1335.856s][debug][gc,phases      ] GC(34) Weak Processing 0.485ms
[1335.856s][debug][gc,age         ] GC(34) Desired survivor size 99614720 bytes, new threshold 1 (max threshold 15)
[1335.856s][info ][gc,heap        ] GC(34) PSYoungGen: 1871616K(1978880K)->2880K(1999872K) Eden: 1868288K(1868288K)->0K(1895936K) From: 3328K(110592K)->2880K(103936K)
[1335.856s][info ][gc,heap        ] GC(34) ParOldGen: 257999K(258048K)->258999K(259072K)
[1335.856s][info ][gc,metaspace   ] GC(34) Metaspace: 105798K(107136K)->105798K(107136K) NonClass: 89786K(90560K)->89786K(90560K) Class: 16011K(16576K)->16011K(16576K)
[1335.856s][info ][gc             ] GC(34) Pause Young (Allocation Failure) 2079M->255M(2206M) 3.559ms
[1335.856s][info ][gc,cpu         ] GC(34) User=0.01s Sys=0.00s Real=0.01s
[1335.856s][info ][safepoint      ] Safepoint "ParallelGCFailedAllocation", Time since last: 5426165121 ns, Reaching safepoint: 5600 ns, Cleanup: 4300 ns, At safepoint: 3633541 ns, Total: 3643441 ns
[1346.568s][info ][safepoint      ] Safepoint "Cleanup", Time since last: 10712408362 ns, Reaching safepoint: 6101 ns, Cleanup: 9600 ns, At safepoint: 2400 ns, Total: 18101 ns
[1348.569s][info ][safepoint      ] Safepoint "Cleanup", Time since last: 2000214044 ns, Reaching safepoint: 81703 ns, Cleanup: 54202 ns, At safepoint: 6500 ns, Total: 142405 ns
[1350.243s][info ][safepoint      ] Safepoint "Cleanup", Time since last: 1674675507 ns, Reaching safepoint: 6800 ns, Cleanup: 19201 ns, At safepoint: 2500 ns, Total: 28501 ns
[1351.243s][info ][safepoint      ] Safepoint "Cleanup", Time since last: 1000124339 ns, Reaching safepoint: 7000 ns, Cleanup: 10301 ns, At safepoint: 2500 ns, Total: 19801 ns
[1353.244s][info ][safepoint      ] Safepoint "Cleanup", Time since last: 2000205976 ns, Reaching safepoint: 7900 ns, Cleanup: 12701 ns, At safepoint: 2500 ns, Total: 23101 ns
[1357.244s][info ][safepoint      ] Safepoint "Cleanup", Time since last: 4000330104 ns, Reaching safepoint: 6500 ns, Cleanup: 12101 ns, At safepoint: 2300 ns, Total: 20901 ns
[1358.244s][info ][safepoint      ] Safepoint "Cleanup", Time since last: 1000122139 ns, Reaching safepoint: 7000 ns, Cleanup: 11101 ns, At safepoint: 2600 ns, Total: 20701 ns
[1361.244s][info ][safepoint      ] Safepoint "Cleanup", Time since last: 3000267314 ns, Reaching safepoint: 6300 ns, Cleanup: 21101 ns, At safepoint: 2700 ns, Total: 30101 ns
[1362.245s][info ][safepoint      ] Safepoint "Cleanup", Time since last: 1000114939 ns, Reaching safepoint: 7401 ns, Cleanup: 17800 ns, At safepoint: 2500 ns, Total: 27701 ns
[1364.245s][info ][safepoint      ] Safepoint "Cleanup", Time since last: 2000184377 ns, Reaching safepoint: 6900 ns, Cleanup: 11700 ns, At safepoint: 3001 ns, Total: 21601 ns
[1365.245s][info ][safepoint      ] Safepoint "Cleanup", Time since last: 1000122012 ns, Reaching safepoint: 6900 ns, Cleanup: 12300 ns, At safepoint: 2600 ns, Total: 21800 ns
[1367.245s][info ][safepoint      ] Safepoint "Cleanup", Time since last: 2000186611 ns, Reaching safepoint: 6900 ns, Cleanup: 20200 ns, At safepoint: 2500 ns, Total: 29600 ns
[1368.245s][info ][safepoint      ] Safepoint "Cleanup", Time since last: 1000114406 ns, Reaching safepoint: 6900 ns, Cleanup: 12801 ns, At safepoint: 2400 ns, Total: 22101 ns
[1369.245s][info ][safepoint      ] Safepoint "Cleanup", Time since last: 1000149528 ns, Reaching safepoint: 7101 ns, Cleanup: 10900 ns, At safepoint: 2400 ns, Total: 20401 ns
[1370.246s][info ][safepoint      ] Safepoint "Cleanup", Time since last: 1000115702 ns, Reaching safepoint: 6700 ns, Cleanup: 13601 ns, At safepoint: 2400 ns, Total: 22701 ns
[1375.246s][info ][safepoint      ] Safepoint "Cleanup", Time since last: 5000389386 ns, Reaching safepoint: 6900 ns, Cleanup: 10701 ns, At safepoint: 2300 ns, Total: 19901 ns
[1377.246s][info ][safepoint      ] Safepoint "Cleanup", Time since last: 2000182867 ns, Reaching safepoint: 6701 ns, Cleanup: 17100 ns, At safepoint: 2100 ns, Total: 25901 ns
[1378.246s][info ][safepoint      ] Safepoint "Cleanup", Time since last: 1000120285 ns, Reaching safepoint: 6400 ns, Cleanup: 10501 ns, At safepoint: 2200 ns, Total: 19101 ns
[1378.611s][info ][gc,start       ] GC(35) Pause Young (Allocation Failure)
[1378.617s][debug][gc,phases      ] GC(35) Scavenge 6.284ms
[1378.618s][debug][gc,ref         ] GC(35) ReferenceProcessor::execute queues: 1, RefProcThreadModel::Single, marks_oops_alive: false
[1378.618s][debug][gc,ref         ] GC(35) Skipped KeepAliveFinalRefsPhase of Reference Processing: no references
[1378.618s][debug][gc,ref         ] GC(35) ReferenceProcessor::execute queues: 1, RefProcThreadModel::Single, marks_oops_alive: false
[1378.618s][debug][gc,phases      ] GC(35) Reference Processing 0.125ms
[1378.618s][debug][gc,phases      ] GC(35)   VM Weak                        Min:  0.0, Avg:  0.0, Max:  0.0, Diff:  0.0, Sum:  0.0, Workers: 4
[1378.618s][debug][gc,phases      ] GC(35)     Dead                           Min: 0, Avg:  0.0, Max: 0, Diff: 0, Sum: 0, Workers: 4
[1378.618s][debug][gc,phases      ] GC(35)     Total                          Min: 0, Avg: 252.0, Max: 576, Diff: 576, Sum: 1008, Workers: 4
[1378.618s][debug][gc,phases      ] GC(35)   ObjectSynchronizer Weak        Min:  0.0, Avg:  0.0, Max:  0.0, Diff:  0.0, Sum:  0.0, Workers: 4
[1378.618s][debug][gc,phases      ] GC(35)     Dead                           Min: 0, Avg:  0.0, Max: 0, Diff: 0, Sum: 0, Workers: 4
[1378.618s][debug][gc,phases      ] GC(35)     Total                          Min: 0, Avg:  1.2, Max: 5, Diff: 5, Sum: 5, Workers: 4
[1378.618s][debug][gc,phases      ] GC(35)   JVMTI Tag Weak OopStorage      Min:  0.0, Avg:  0.0, Max:  0.0, Diff:  0.0, Sum:  0.0, Workers: 4
[1378.618s][debug][gc,phases      ] GC(35)     Dead                           Min: 0, Avg:  0.0, Max: 0, Diff: 0, Sum: 0, Workers: 4
[1378.618s][debug][gc,phases      ] GC(35)     Total                          Min: 0, Avg:  0.0, Max: 0, Diff: 0, Sum: 0, Workers: 4
[1378.618s][debug][gc,phases      ] GC(35)   StringTable Weak               Min:  0.0, Avg:  0.1, Max:  0.1, Diff:  0.1, Sum:  0.4, Workers: 4
[1378.618s][debug][gc,phases      ] GC(35)     Dead                           Min: 0, Avg:  0.5, Max: 2, Diff: 2, Sum: 2, Workers: 4
[1378.618s][debug][gc,phases      ] GC(35)     Total                          Min: 0, Avg: 11567.0, Max: 17085, Diff: 17085, Sum: 46268, Workers: 4
[1378.618s][debug][gc,phases      ] GC(35)   ResolvedMethodTable Weak       Min:  0.0, Avg:  0.0, Max:  0.1, Diff:  0.1, Sum:  0.2, Workers: 4
[1378.618s][debug][gc,phases      ] GC(35)     Dead                           Min: 0, Avg:  7.0, Max: 21, Diff: 21, Sum: 28, Workers: 4
[1378.618s][debug][gc,phases      ] GC(35)     Total                          Min: 0, Avg: 3814.8, Max: 5640, Diff: 5640, Sum: 15259, Workers: 4
[1378.618s][debug][gc,phases      ] GC(35)   JNI Weak                       Min:  0.0, Avg:  0.0, Max:  0.0, Diff:  0.0, Sum:  0.0, Workers: 4
[1378.618s][debug][gc,phases      ] GC(35)     Dead                           Min: 0, Avg:  0.0, Max: 0, Diff: 0, Sum: 0, Workers: 4
[1378.618s][debug][gc,phases      ] GC(35)     Total                          Min: 0, Avg: 13.0, Max: 52, Diff: 52, Sum: 52, Workers: 4
[1378.618s][debug][gc,phases      ] GC(35)   StringDedup Table Weak         Min:  0.0, Avg:  0.0, Max:  0.0, Diff:  0.0, Sum:  0.0, Workers: 4
[1378.618s][debug][gc,phases      ] GC(35)     Dead                           Min: 0, Avg:  0.0, Max: 0, Diff: 0, Sum: 0, Workers: 4
[1378.618s][debug][gc,phases      ] GC(35)     Total                          Min: 0, Avg:  0.0, Max: 0, Diff: 0, Sum: 0, Workers: 4
[1378.618s][debug][gc,phases      ] GC(35)   StringDedup Requests0 Weak     Min:  0.0, Avg:  0.0, Max:  0.0, Diff:  0.0, Sum:  0.0, Workers: 4
[1378.618s][debug][gc,phases      ] GC(35)     Dead                           Min: 0, Avg:  0.0, Max: 0, Diff: 0, Sum: 0, Workers: 4
[1378.618s][debug][gc,phases      ] GC(35)     Total                          Min: 0, Avg:  0.0, Max: 0, Diff: 0, Sum: 0, Workers: 4
[1378.618s][debug][gc,phases      ] GC(35)   StringDedup Requests1 Weak     Min:  0.0, Avg:  0.0, Max:  0.0, Diff:  0.0, Sum:  0.0, Workers: 4
[1378.618s][debug][gc,phases      ] GC(35)     Dead                           Min: 0, Avg:  0.0, Max: 0, Diff: 0, Sum: 0, Workers: 4
[1378.618s][debug][gc,phases      ] GC(35)     Total                          Min: 0, Avg:  0.0, Max: 0, Diff: 0, Sum: 0, Workers: 4
[1378.618s][debug][gc,phases      ] GC(35)   Weak JFR Old Object Samples    Min:  0.0, Avg:  0.0, Max:  0.0, Diff:  0.0, Sum:  0.0, Workers: 4
[1378.618s][debug][gc,phases      ] GC(35)     Dead                           Min: 0, Avg:  0.0, Max: 0, Diff: 0, Sum: 0, Workers: 4
[1378.618s][debug][gc,phases      ] GC(35)     Total                          Min: 0, Avg:  0.0, Max: 0, Diff: 0, Sum: 0, Workers: 4
[1378.618s][debug][gc,phases      ] GC(35) Weak Processing 0.438ms
[1378.618s][debug][gc,age         ] GC(35) Desired survivor size 92274688 bytes, new threshold 1 (max threshold 15)
[1378.618s][info ][gc,heap        ] GC(35) PSYoungGen: 1898816K(1999872K)->9648K(1993216K) Eden: 1895936K(1895936K)->0K(1895936K) From: 2880K(103936K)->9648K(97280K)
[1378.618s][info ][gc,heap        ] GC(35) ParOldGen: 258999K(259072K)->259860K(260096K)
[1378.618s][info ][gc,metaspace   ] GC(35) Metaspace: 105893K(107200K)->105893K(107200K) NonClass: 89866K(90624K)->89866K(90624K) Class: 16027K(16576K)->16027K(16576K)
[1378.618s][info ][gc             ] GC(35) Pause Young (Allocation Failure) 2107M->263M(2200M) 6.992ms
[1378.618s][info ][gc,cpu         ] GC(35) User=0.02s Sys=0.00s Real=0.01s
[1378.618s][info ][safepoint      ] Safepoint "ParallelGCFailedAllocation", Time since last: 364660123 ns, Reaching safepoint: 7900 ns, Cleanup: 4400 ns, At safepoint: 7075170 ns, Total: 7087470 ns
[1379.618s][info ][safepoint      ] Safepoint "Cleanup", Time since last: 1000090184 ns, Reaching safepoint: 7100 ns, Cleanup: 10801 ns, At safepoint: 2700 ns, Total: 20601 ns
[1381.443s][info ][safepoint      ] Safepoint "Cleanup", Time since last: 1824493577 ns, Reaching safepoint: 7601 ns, Cleanup: 12400 ns, At safepoint: 3100 ns, Total: 23101 ns
[1383.443s][info ][safepoint      ] Safepoint "Cleanup", Time since last: 2000205790 ns, Reaching safepoint: 7400 ns, Cleanup: 15201 ns, At safepoint: 2300 ns, Total: 24901 ns
[1387.443s][info ][safepoint      ] Safepoint "Cleanup", Time since last: 4000340514 ns, Reaching safepoint: 6400 ns, Cleanup: 12500 ns, At safepoint: 2100 ns, Total: 21000 ns
[1389.444s][info ][safepoint      ] Safepoint "Cleanup", Time since last: 2000193142 ns, Reaching safepoint: 6501 ns, Cleanup: 10800 ns, At safepoint: 2300 ns, Total: 19601 ns
[1391.444s][info ][safepoint      ] Safepoint "Cleanup", Time since last: 2000195981 ns, Reaching safepoint: 7701 ns, Cleanup: 10900 ns, At safepoint: 2400 ns, Total: 21001 ns
[1393.444s][info ][safepoint      ] Safepoint "Cleanup", Time since last: 2000189981 ns, Reaching safepoint: 6900 ns, Cleanup: 12501 ns, At safepoint: 2500 ns, Total: 21901 ns
[1395.444s][info ][safepoint      ] Safepoint "Cleanup", Time since last: 2000189681 ns, Reaching safepoint: 6900 ns, Cleanup: 8200 ns, At safepoint: 2501 ns, Total: 17601 ns
[1396.444s][info ][safepoint      ] Safepoint "Cleanup", Time since last: 1000115041 ns, Reaching safepoint: 6500 ns, Cleanup: 12801 ns, At safepoint: 2500 ns, Total: 21801 ns
[1397.445s][info ][safepoint      ] Safepoint "Cleanup", Time since last: 1000136276 ns, Reaching safepoint: 6800 ns, Cleanup: 13500 ns, At safepoint: 2400 ns, Total: 22700 ns
[1398.445s][info ][safepoint      ] Safepoint "Cleanup", Time since last: 1000118162 ns, Reaching safepoint: 7000 ns, Cleanup: 29001 ns, At safepoint: 2400 ns, Total: 38401 ns
[1401.445s][info ][safepoint      ] Safepoint "Cleanup", Time since last: 3000259882 ns, Reaching safepoint: 7300 ns, Cleanup: 10801 ns, At safepoint: 2300 ns, Total: 20401 ns
[1404.445s][info ][safepoint      ] Safepoint "Cleanup", Time since last: 3000246343 ns, Reaching safepoint: 7100 ns, Cleanup: 13600 ns, At safepoint: 2300 ns, Total: 23000 ns
[1407.446s][info ][safepoint      ] Safepoint "Cleanup", Time since last: 3000280395 ns, Reaching safepoint: 6700 ns, Cleanup: 29502 ns, At safepoint: 2100 ns, Total: 38302 ns
[1409.446s][info ][safepoint      ] Safepoint "Cleanup", Time since last: 2000184512 ns, Reaching safepoint: 6400 ns, Cleanup: 11200 ns, At safepoint: 2000 ns, Total: 19600 ns
[1410.446s][info ][safepoint      ] Safepoint "Cleanup", Time since last: 1000124308 ns, Reaching safepoint: 6400 ns, Cleanup: 13000 ns, At safepoint: 2000 ns, Total: 21400 ns
[1413.446s][info ][safepoint      ] Safepoint "Cleanup", Time since last: 3000294474 ns, Reaching safepoint: 7300 ns, Cleanup: 11801 ns, At safepoint: 2800 ns, Total: 21901 ns
[1416.446s][info ][safepoint      ] Safepoint "Cleanup", Time since last: 3000259289 ns, Reaching safepoint: 6500 ns, Cleanup: 11800 ns, At safepoint: 2601 ns, Total: 20901 ns
[1417.447s][info ][safepoint      ] Safepoint "Cleanup", Time since last: 1000119497 ns, Reaching safepoint: 5600 ns, Cleanup: 7801 ns, At safepoint: 2200 ns, Total: 15601 ns
[1418.447s][info ][safepoint      ] Safepoint "Cleanup", Time since last: 1000114697 ns, Reaching safepoint: 6900 ns, Cleanup: 9901 ns, At safepoint: 26701 ns, Total: 43502 ns
[1423.447s][info ][safepoint      ] Safepoint "Cleanup", Time since last: 5000384865 ns, Reaching safepoint: 5701 ns, Cleanup: 10800 ns, At safepoint: 2400 ns, Total: 18901 ns
[1424.447s][info ][safepoint      ] Safepoint "Cleanup", Time since last: 1000117335 ns, Reaching safepoint: 6200 ns, Cleanup: 15901 ns, At safepoint: 2400 ns, Total: 24501 ns
[1425.873s][info ][gc,start       ] GC(36) Pause Young (Allocation Failure)
[1425.879s][debug][gc,phases      ] GC(36) Scavenge 6.314ms
[1425.879s][debug][gc,ref         ] GC(36) ReferenceProcessor::execute queues: 1, RefProcThreadModel::Single, marks_oops_alive: false
[1425.879s][debug][gc,ref         ] GC(36) Skipped KeepAliveFinalRefsPhase of Reference Processing: no references
[1425.879s][debug][gc,ref         ] GC(36) ReferenceProcessor::execute queues: 1, RefProcThreadModel::Single, marks_oops_alive: false
[1425.879s][debug][gc,phases      ] GC(36) Reference Processing 0.120ms
[1425.880s][debug][gc,phases      ] GC(36)   VM Weak                        Min:  0.0, Avg:  0.0, Max:  0.0, Diff:  0.0, Sum:  0.0, Workers: 4
[1425.880s][debug][gc,phases      ] GC(36)     Dead                           Min: 0, Avg:  0.0, Max: 0, Diff: 0, Sum: 0, Workers: 4
[1425.880s][debug][gc,phases      ] GC(36)     Total                          Min: 0, Avg: 252.0, Max: 896, Diff: 896, Sum: 1008, Workers: 4
[1425.880s][debug][gc,phases      ] GC(36)   ObjectSynchronizer Weak        Min:  0.0, Avg:  0.0, Max:  0.0, Diff:  0.0, Sum:  0.0, Workers: 4
[1425.880s][debug][gc,phases      ] GC(36)     Dead                           Min: 0, Avg:  0.0, Max: 0, Diff: 0, Sum: 0, Workers: 4
[1425.880s][debug][gc,phases      ] GC(36)     Total                          Min: 0, Avg:  1.0, Max: 4, Diff: 4, Sum: 4, Workers: 4
[1425.880s][debug][gc,phases      ] GC(36)   JVMTI Tag Weak OopStorage      Min:  0.0, Avg:  0.0, Max:  0.0, Diff:  0.0, Sum:  0.0, Workers: 4
[1425.880s][debug][gc,phases      ] GC(36)     Dead                           Min: 0, Avg:  0.0, Max: 0, Diff: 0, Sum: 0, Workers: 4
[1425.880s][debug][gc,phases      ] GC(36)     Total                          Min: 0, Avg:  0.0, Max: 0, Diff: 0, Sum: 0, Workers: 4
[1425.880s][debug][gc,phases      ] GC(36)   StringTable Weak               Min:  0.0, Avg:  0.1, Max:  0.2, Diff:  0.2, Sum:  0.5, Workers: 4
[1425.880s][debug][gc,phases      ] GC(36)     Dead                           Min: 0, Avg:  0.2, Max: 1, Diff: 1, Sum: 1, Workers: 4
[1425.880s][debug][gc,phases      ] GC(36)     Total                          Min: 0, Avg: 11578.2, Max: 15785, Diff: 15785, Sum: 46313, Workers: 4
[1425.880s][debug][gc,phases      ] GC(36)   ResolvedMethodTable Weak       Min:  0.0, Avg:  0.0, Max:  0.0, Diff:  0.0, Sum:  0.1, Workers: 4
[1425.880s][debug][gc,phases      ] GC(36)     Dead                           Min: 0, Avg:  8.0, Max: 32, Diff: 32, Sum: 32, Workers: 4
[1425.880s][debug][gc,phases      ] GC(36)     Total                          Min: 0, Avg: 3824.0, Max: 5277, Diff: 5277, Sum: 15296, Workers: 4
[1425.880s][debug][gc,phases      ] GC(36)   JNI Weak                       Min:  0.0, Avg:  0.0, Max:  0.0, Diff:  0.0, Sum:  0.0, Workers: 4
[1425.880s][debug][gc,phases      ] GC(36)     Dead                           Min: 0, Avg:  0.0, Max: 0, Diff: 0, Sum: 0, Workers: 4
[1425.880s][debug][gc,phases      ] GC(36)     Total                          Min: 0, Avg: 13.0, Max: 52, Diff: 52, Sum: 52, Workers: 4
[1425.880s][debug][gc,phases      ] GC(36)   StringDedup Table Weak         Min:  0.0, Avg:  0.0, Max:  0.0, Diff:  0.0, Sum:  0.0, Workers: 4
[1425.880s][debug][gc,phases      ] GC(36)     Dead                           Min: 0, Avg:  0.0, Max: 0, Diff: 0, Sum: 0, Workers: 4
[1425.880s][debug][gc,phases      ] GC(36)     Total                          Min: 0, Avg:  0.0, Max: 0, Diff: 0, Sum: 0, Workers: 4
[1425.880s][debug][gc,phases      ] GC(36)   StringDedup Requests0 Weak     Min:  0.0, Avg:  0.0, Max:  0.0, Diff:  0.0, Sum:  0.0, Workers: 4
[1425.880s][debug][gc,phases      ] GC(36)     Dead                           Min: 0, Avg:  0.0, Max: 0, Diff: 0, Sum: 0, Workers: 4
[1425.880s][debug][gc,phases      ] GC(36)     Total                          Min: 0, Avg:  0.0, Max: 0, Diff: 0, Sum: 0, Workers: 4
[1425.880s][debug][gc,phases      ] GC(36)   StringDedup Requests1 Weak     Min:  0.0, Avg:  0.0, Max:  0.0, Diff:  0.0, Sum:  0.0, Workers: 4
[1425.880s][debug][gc,phases      ] GC(36)     Dead                           Min: 0, Avg:  0.0, Max: 0, Diff: 0, Sum: 0, Workers: 4
[1425.880s][debug][gc,phases      ] GC(36)     Total                          Min: 0, Avg:  0.0, Max: 0, Diff: 0, Sum: 0, Workers: 4
[1425.880s][debug][gc,phases      ] GC(36)   Weak JFR Old Object Samples    Min:  0.0, Avg:  0.0, Max:  0.0, Diff:  0.0, Sum:  0.0, Workers: 4
[1425.880s][debug][gc,phases      ] GC(36)     Dead                           Min: 0, Avg:  0.0, Max: 0, Diff: 0, Sum: 0, Workers: 4
[1425.880s][debug][gc,phases      ] GC(36)     Total                          Min: 0, Avg:  0.0, Max: 0, Diff: 0, Sum: 0, Workers: 4
[1425.880s][debug][gc,phases      ] GC(36) Weak Processing 0.462ms
[1425.880s][debug][gc,age         ] GC(36) Desired survivor size 86507520 bytes, new threshold 1 (max threshold 15)
[1425.880s][info ][gc,heap        ] GC(36) PSYoungGen: 1905584K(1993216K)->4096K(2012672K) Eden: 1895936K(1895936K)->0K(1922560K) From: 9648K(97280K)->4096K(90112K)
[1425.880s][info ][gc,heap        ] GC(36) ParOldGen: 259860K(260096K)->267364K(267776K)
[1425.880s][info ][gc,metaspace   ] GC(36) Metaspace: 105998K(107328K)->105998K(107328K) NonClass: 89953K(90688K)->89953K(90688K) Class: 16044K(16640K)->16044K(16640K)
[1425.880s][info ][gc             ] GC(36) Pause Young (Allocation Failure) 2114M->265M(2227M) 7.056ms
[1425.880s][info ][gc,cpu         ] GC(36) User=0.02s Sys=0.01s Real=0.01s
[1425.880s][info ][safepoint      ] Safepoint "ParallelGCFailedAllocation", Time since last: 1425517016 ns, Reaching safepoint: 7100 ns, Cleanup: 4400 ns, At safepoint: 7139567 ns, Total: 7151067 ns
[1427.880s][info ][safepoint      ] Safepoint "Cleanup", Time since last: 2000157267 ns, Reaching safepoint: 6200 ns, Cleanup: 9101 ns, At safepoint: 2100 ns, Total: 17401 ns
[1433.881s][info ][safepoint      ] Safepoint "Cleanup", Time since last: 6000465408 ns, Reaching safepoint: 6400 ns, Cleanup: 10001 ns, At safepoint: 2000 ns, Total: 18401 ns
[1437.881s][info ][safepoint      ] Safepoint "Cleanup", Time since last: 4000325630 ns, Reaching safepoint: 8200 ns, Cleanup: 13201 ns, At safepoint: 2900 ns, Total: 24301 ns
[1438.881s][info ][safepoint      ] Safepoint "Cleanup", Time since last: 1000107159 ns, Reaching safepoint: 7101 ns, Cleanup: 12600 ns, At safepoint: 2200 ns, Total: 21901 ns
[1439.881s][info ][safepoint      ] Safepoint "Cleanup", Time since last: 1000105259 ns, Reaching safepoint: 6200 ns, Cleanup: 9901 ns, At safepoint: 2300 ns, Total: 18401 ns
[1441.461s][info ][safepoint      ] Safepoint "Cleanup", Time since last: 1579474517 ns, Reaching safepoint: 78003 ns, Cleanup: 14401 ns, At safepoint: 6300 ns, Total: 98704 ns
[1442.461s][info ][safepoint      ] Safepoint "Cleanup", Time since last: 1000116660 ns, Reaching safepoint: 81203 ns, Cleanup: 12500 ns, At safepoint: 9801 ns, Total: 103504 ns
[1443.461s][info ][safepoint      ] Safepoint "Cleanup", Time since last: 1000136360 ns, Reaching safepoint: 83403 ns, Cleanup: 10300 ns, At safepoint: 10601 ns, Total: 104304 ns
[1447.462s][info ][safepoint      ] Safepoint "Cleanup", Time since last: 4000384302 ns, Reaching safepoint: 80303 ns, Cleanup: 10500 ns, At safepoint: 7001 ns, Total: 97804 ns
[1448.462s][info ][safepoint      ] Safepoint "Cleanup", Time since last: 1000142869 ns, Reaching safepoint: 84403 ns, Cleanup: 23901 ns, At safepoint: 7701 ns, Total: 116005 ns
[1449.462s][info ][safepoint      ] Safepoint "Cleanup", Time since last: 1000147070 ns, Reaching safepoint: 86703 ns, Cleanup: 9600 ns, At safepoint: 32901 ns, Total: 129204 ns
[1450.463s][info ][safepoint      ] Safepoint "Cleanup", Time since last: 1000126170 ns, Reaching safepoint: 84203 ns, Cleanup: 12000 ns, At safepoint: 8301 ns, Total: 104504 ns
[1451.463s][info ][safepoint      ] Safepoint "Cleanup", Time since last: 1000137969 ns, Reaching safepoint: 83503 ns, Cleanup: 14801 ns, At safepoint: 6700 ns, Total: 105004 ns
[1454.463s][info ][safepoint      ] Safepoint "Cleanup", Time since last: 3000292448 ns, Reaching safepoint: 84203 ns, Cleanup: 10001 ns, At safepoint: 7600 ns, Total: 101804 ns
[1459.464s][info ][safepoint      ] Safepoint "Cleanup", Time since last: 5000464181 ns, Reaching safepoint: 114205 ns, Cleanup: 16100 ns, At safepoint: 11101 ns, Total: 141406 ns
[1467.465s][info ][safepoint      ] Safepoint "Cleanup", Time since last: 8000630684 ns, Reaching safepoint: 83403 ns, Cleanup: 13100 ns, At safepoint: 6701 ns, Total: 103204 ns
[1469.612s][info ][gc,start       ] GC(37) Pause Young (Allocation Failure)
[1469.617s][debug][gc,phases      ] GC(37) Scavenge 5.509ms
[1469.618s][debug][gc,ref         ] GC(37) ReferenceProcessor::execute queues: 1, RefProcThreadModel::Single, marks_oops_alive: false
[1469.618s][debug][gc,ref         ] GC(37) Skipped KeepAliveFinalRefsPhase of Reference Processing: no references
[1469.618s][debug][gc,ref         ] GC(37) ReferenceProcessor::execute queues: 1, RefProcThreadModel::Single, marks_oops_alive: false
[1469.618s][debug][gc,phases      ] GC(37) Reference Processing 0.118ms
[1469.618s][debug][gc,phases      ] GC(37)   VM Weak                        Min:  0.0, Avg:  0.0, Max:  0.0, Diff:  0.0, Sum:  0.0, Workers: 4
[1469.618s][debug][gc,phases      ] GC(37)     Dead                           Min: 0, Avg:  0.0, Max: 0, Diff: 0, Sum: 0, Workers: 4
[1469.618s][debug][gc,phases      ] GC(37)     Total                          Min: 128, Avg: 252.0, Max: 368, Diff: 240, Sum: 1008, Workers: 4
[1469.618s][debug][gc,phases      ] GC(37)   ObjectSynchronizer Weak        Min:  0.0, Avg:  0.0, Max:  0.0, Diff:  0.0, Sum:  0.0, Workers: 4
[1469.618s][debug][gc,phases      ] GC(37)     Dead                           Min: 0, Avg:  0.0, Max: 0, Diff: 0, Sum: 0, Workers: 4
[1469.618s][debug][gc,phases      ] GC(37)     Total                          Min: 0, Avg:  1.0, Max: 4, Diff: 4, Sum: 4, Workers: 4
[1469.618s][debug][gc,phases      ] GC(37)   JVMTI Tag Weak OopStorage      Min:  0.0, Avg:  0.0, Max:  0.0, Diff:  0.0, Sum:  0.0, Workers: 4
[1469.618s][debug][gc,phases      ] GC(37)     Dead                           Min: 0, Avg:  0.0, Max: 0, Diff: 0, Sum: 0, Workers: 4
[1469.618s][debug][gc,phases      ] GC(37)     Total                          Min: 0, Avg:  0.0, Max: 0, Diff: 0, Sum: 0, Workers: 4
[1469.618s][debug][gc,phases      ] GC(37)   StringTable Weak               Min:  0.1, Avg:  0.1, Max:  0.1, Diff:  0.0, Sum:  0.4, Workers: 4
[1469.618s][debug][gc,phases      ] GC(37)     Dead                           Min: 0, Avg:  0.0, Max: 0, Diff: 0, Sum: 0, Workers: 4
[1469.618s][debug][gc,phases      ] GC(37)     Total                          Min: 11264, Avg: 11579.0, Max: 12032, Diff: 768, Sum: 46316, Workers: 4
[1469.618s][debug][gc,phases      ] GC(37)   ResolvedMethodTable Weak       Min:  0.0, Avg:  0.0, Max:  0.0, Diff:  0.0, Sum:  0.2, Workers: 4
[1469.618s][debug][gc,phases      ] GC(37)     Dead                           Min: 0, Avg:  4.0, Max: 16, Diff: 16, Sum: 16, Workers: 4
[1469.618s][debug][gc,phases      ] GC(37)     Total                          Min: 3517, Avg: 3824.0, Max: 4207, Diff: 690, Sum: 15296, Workers: 4
[1469.618s][debug][gc,phases      ] GC(37)   JNI Weak                       Min:  0.0, Avg:  0.0, Max:  0.0, Diff:  0.0, Sum:  0.0, Workers: 4
[1469.618s][debug][gc,phases      ] GC(37)     Dead                           Min: 0, Avg:  0.0, Max: 0, Diff: 0, Sum: 0, Workers: 4
[1469.618s][debug][gc,phases      ] GC(37)     Total                          Min: 0, Avg: 13.0, Max: 52, Diff: 52, Sum: 52, Workers: 4
[1469.618s][debug][gc,phases      ] GC(37)   StringDedup Table Weak         Min:  0.0, Avg:  0.0, Max:  0.0, Diff:  0.0, Sum:  0.0, Workers: 4
[1469.618s][debug][gc,phases      ] GC(37)     Dead                           Min: 0, Avg:  0.0, Max: 0, Diff: 0, Sum: 0, Workers: 4
[1469.618s][debug][gc,phases      ] GC(37)     Total                          Min: 0, Avg:  0.0, Max: 0, Diff: 0, Sum: 0, Workers: 4
[1469.618s][debug][gc,phases      ] GC(37)   StringDedup Requests0 Weak     Min:  0.0, Avg:  0.0, Max:  0.0, Diff:  0.0, Sum:  0.0, Workers: 4
[1469.618s][debug][gc,phases      ] GC(37)     Dead                           Min: 0, Avg:  0.0, Max: 0, Diff: 0, Sum: 0, Workers: 4
[1469.618s][debug][gc,phases      ] GC(37)     Total                          Min: 0, Avg:  0.0, Max: 0, Diff: 0, Sum: 0, Workers: 4
[1469.618s][debug][gc,phases      ] GC(37)   StringDedup Requests1 Weak     Min:  0.0, Avg:  0.0, Max:  0.0, Diff:  0.0, Sum:  0.0, Workers: 4
[1469.618s][debug][gc,phases      ] GC(37)     Dead                           Min: 0, Avg:  0.0, Max: 0, Diff: 0, Sum: 0, Workers: 4
[1469.618s][debug][gc,phases      ] GC(37)     Total                          Min: 0, Avg:  0.0, Max: 0, Diff: 0, Sum: 0, Workers: 4
[1469.618s][debug][gc,phases      ] GC(37)   Weak JFR Old Object Samples    Min:  0.0, Avg:  0.0, Max:  0.0, Diff:  0.0, Sum:  0.0, Workers: 4
[1469.618s][debug][gc,phases      ] GC(37)     Dead                           Min: 0, Avg:  0.0, Max: 0, Diff: 0, Sum: 0, Workers: 4
[1469.618s][debug][gc,phases      ] GC(37)     Total                          Min: 0, Avg:  0.0, Max: 0, Diff: 0, Sum: 0, Workers: 4
[1469.618s][debug][gc,phases      ] GC(37) Weak Processing 0.397ms
[1469.618s][debug][gc,age         ] GC(37) Desired survivor size 80216064 bytes, new threshold 1 (max threshold 15)
[1469.618s][info ][gc,heap        ] GC(37) PSYoungGen: 1926656K(2012672K)->5856K(2007040K) Eden: 1922560K(1922560K)->0K(1922560K) From: 4096K(90112K)->5856K(84480K)
[1469.618s][info ][gc,heap        ] GC(37) ParOldGen: 267364K(267776K)->269428K(269824K)
[1469.618s][info ][gc,metaspace   ] GC(37) Metaspace: 106044K(107392K)->106044K(107392K) NonClass: 89999K(90752K)->89999K(90752K) Class: 16044K(16640K)->16044K(16640K)
[1469.618s][info ][gc             ] GC(37) Pause Young (Allocation Failure) 2142M->268M(2223M) 6.174ms
[1469.618s][info ][gc,cpu         ] GC(37) User=0.01s Sys=0.01s Real=0.01s
[1469.618s][info ][safepoint      ] Safepoint "ParallelGCFailedAllocation", Time since last: 2147254594 ns, Reaching safepoint: 112904 ns, Cleanup: 5900 ns, At safepoint: 6271935 ns, Total: 6390739 ns
[1472.619s][info ][safepoint      ] Safepoint "Cleanup", Time since last: 3000266063 ns, Reaching safepoint: 96404 ns, Cleanup: 12900 ns, At safepoint: 13601 ns, Total: 122905 ns
[1473.619s][info ][safepoint      ] Safepoint "Cleanup", Time since last: 1000138756 ns, Reaching safepoint: 7400 ns, Cleanup: 10500 ns, At safepoint: 2701 ns, Total: 20601 ns
[1474.619s][info ][safepoint      ] Safepoint "Cleanup", Time since last: 1000115155 ns, Reaching safepoint: 7000 ns, Cleanup: 11601 ns, At safepoint: 2700 ns, Total: 21301 ns
[1477.619s][info ][safepoint      ] Safepoint "Cleanup", Time since last: 3000292560 ns, Reaching safepoint: 7900 ns, Cleanup: 15301 ns, At safepoint: 2900 ns, Total: 26101 ns
[1479.619s][info ][safepoint      ] Safepoint "Cleanup", Time since last: 2000247999 ns, Reaching safepoint: 6600 ns, Cleanup: 13001 ns, At safepoint: 16700 ns, Total: 36301 ns
[1483.620s][info ][safepoint      ] Safepoint "Cleanup", Time since last: 4000349093 ns, Reaching safepoint: 6800 ns, Cleanup: 11901 ns, At safepoint: 2500 ns, Total: 21201 ns
[1490.620s][info ][safepoint      ] Safepoint "Cleanup", Time since last: 7000558199 ns, Reaching safepoint: 7101 ns, Cleanup: 10300 ns, At safepoint: 2500 ns, Total: 19901 ns
[1493.621s][info ][safepoint      ] Safepoint "Cleanup", Time since last: 3000315300 ns, Reaching safepoint: 6700 ns, Cleanup: 10600 ns, At safepoint: 2400 ns, Total: 19700 ns
[1496.621s][info ][safepoint      ] Safepoint "Cleanup", Time since last: 3000294084 ns, Reaching safepoint: 7500 ns, Cleanup: 13900 ns, At safepoint: 2900 ns, Total: 24300 ns
[1497.621s][info ][safepoint      ] Safepoint "Cleanup", Time since last: 1000124796 ns, Reaching safepoint: 8400 ns, Cleanup: 10301 ns, At safepoint: 2500 ns, Total: 21201 ns
[1499.621s][info ][safepoint      ] Safepoint "Cleanup", Time since last: 2000203689 ns, Reaching safepoint: 6700 ns, Cleanup: 15701 ns, At safepoint: 2800 ns, Total: 25201 ns
[1501.479s][info ][safepoint      ] Safepoint "Cleanup", Time since last: 1857869748 ns, Reaching safepoint: 7700 ns, Cleanup: 13601 ns, At safepoint: 2100 ns, Total: 23401 ns
[1502.479s][info ][safepoint      ] Safepoint "Cleanup", Time since last: 1000131672 ns, Reaching safepoint: 6300 ns, Cleanup: 9301 ns, At safepoint: 2100 ns, Total: 17701 ns
[1505.480s][info ][safepoint      ] Safepoint "Cleanup", Time since last: 3000393317 ns, Reaching safepoint: 7600 ns, Cleanup: 11401 ns, At safepoint: 2700 ns, Total: 21701 ns
[1506.480s][info ][safepoint      ] Safepoint "Cleanup", Time since last: 1000122972 ns, Reaching safepoint: 7000 ns, Cleanup: 11700 ns, At safepoint: 2601 ns, Total: 21301 ns
[1507.480s][info ][safepoint      ] Safepoint "Cleanup", Time since last: 1000128672 ns, Reaching safepoint: 7600 ns, Cleanup: 13001 ns, At safepoint: 2700 ns, Total: 23301 ns
[1510.480s][info ][safepoint      ] Safepoint "Cleanup", Time since last: 3000264090 ns, Reaching safepoint: 6301 ns, Cleanup: 11000 ns, At safepoint: 2500 ns, Total: 19801 ns
[1512.481s][info ][safepoint      ] Safepoint "Cleanup", Time since last: 2000190914 ns, Reaching safepoint: 7500 ns, Cleanup: 41302 ns, At safepoint: 2100 ns, Total: 50902 ns
[1513.481s][info ][safepoint      ] Safepoint "Cleanup", Time since last: 1000122658 ns, Reaching safepoint: 7300 ns, Cleanup: 14400 ns, At safepoint: 2301 ns, Total: 24001 ns
[1516.481s][info ][safepoint      ] Safepoint "Cleanup", Time since last: 3000272270 ns, Reaching safepoint: 7500 ns, Cleanup: 18101 ns, At safepoint: 2200 ns, Total: 27801 ns
[1516.712s][info ][gc,start       ] GC(38) Pause Young (Allocation Failure)
[1516.717s][debug][gc,phases      ] GC(38) Scavenge 4.896ms
[1516.717s][debug][gc,ref         ] GC(38) ReferenceProcessor::execute queues: 1, RefProcThreadModel::Single, marks_oops_alive: false
[1516.717s][debug][gc,ref         ] GC(38) Skipped KeepAliveFinalRefsPhase of Reference Processing: no references
[1516.717s][debug][gc,ref         ] GC(38) ReferenceProcessor::execute queues: 1, RefProcThreadModel::Single, marks_oops_alive: false
[1516.717s][debug][gc,phases      ] GC(38) Reference Processing 0.131ms
[1516.717s][debug][gc,phases      ] GC(38)   VM Weak                        Min:  0.0, Avg:  0.0, Max:  0.0, Diff:  0.0, Sum:  0.0, Workers: 4
[1516.717s][debug][gc,phases      ] GC(38)     Dead                           Min: 0, Avg:  0.0, Max: 0, Diff: 0, Sum: 0, Workers: 4
[1516.717s][debug][gc,phases      ] GC(38)     Total                          Min: 0, Avg: 252.0, Max: 752, Diff: 752, Sum: 1008, Workers: 4
[1516.717s][debug][gc,phases      ] GC(38)   ObjectSynchronizer Weak        Min:  0.0, Avg:  0.0, Max:  0.0, Diff:  0.0, Sum:  0.0, Workers: 4
[1516.717s][debug][gc,phases      ] GC(38)     Dead                           Min: 0, Avg:  0.0, Max: 0, Diff: 0, Sum: 0, Workers: 4
[1516.717s][debug][gc,phases      ] GC(38)     Total                          Min: 0, Avg:  1.0, Max: 4, Diff: 4, Sum: 4, Workers: 4
[1516.717s][debug][gc,phases      ] GC(38)   JVMTI Tag Weak OopStorage      Min:  0.0, Avg:  0.0, Max:  0.0, Diff:  0.0, Sum:  0.0, Workers: 4
[1516.717s][debug][gc,phases      ] GC(38)     Dead                           Min: 0, Avg:  0.0, Max: 0, Diff: 0, Sum: 0, Workers: 4
[1516.717s][debug][gc,phases      ] GC(38)     Total                          Min: 0, Avg:  0.0, Max: 0, Diff: 0, Sum: 0, Workers: 4
[1516.717s][debug][gc,phases      ] GC(38)   StringTable Weak               Min:  0.0, Avg:  0.1, Max:  0.1, Diff:  0.1, Sum:  0.4, Workers: 4
[1516.717s][debug][gc,phases      ] GC(38)     Dead                           Min: 0, Avg:  0.0, Max: 0, Diff: 0, Sum: 0, Workers: 4
[1516.717s][debug][gc,phases      ] GC(38)     Total                          Min: 0, Avg: 11579.8, Max: 17152, Diff: 17152, Sum: 46319, Workers: 4
[1516.717s][debug][gc,phases      ] GC(38)   ResolvedMethodTable Weak       Min:  0.0, Avg:  0.0, Max:  0.1, Diff:  0.1, Sum:  0.2, Workers: 4
[1516.717s][debug][gc,phases      ] GC(38)     Dead                           Min: 0, Avg:  4.0, Max: 16, Diff: 16, Sum: 16, Workers: 4
[1516.717s][debug][gc,phases      ] GC(38)     Total                          Min: 0, Avg: 3824.0, Max: 5498, Diff: 5498, Sum: 15296, Workers: 4
[1516.717s][debug][gc,phases      ] GC(38)   JNI Weak                       Min:  0.0, Avg:  0.0, Max:  0.0, Diff:  0.0, Sum:  0.0, Workers: 4
[1516.717s][debug][gc,phases      ] GC(38)     Dead                           Min: 0, Avg:  0.0, Max: 0, Diff: 0, Sum: 0, Workers: 4
[1516.717s][debug][gc,phases      ] GC(38)     Total                          Min: 0, Avg: 13.0, Max: 52, Diff: 52, Sum: 52, Workers: 4
[1516.717s][debug][gc,phases      ] GC(38)   StringDedup Table Weak         Min:  0.0, Avg:  0.0, Max:  0.0, Diff:  0.0, Sum:  0.0, Workers: 4
[1516.717s][debug][gc,phases      ] GC(38)     Dead                           Min: 0, Avg:  0.0, Max: 0, Diff: 0, Sum: 0, Workers: 4
[1516.717s][debug][gc,phases      ] GC(38)     Total                          Min: 0, Avg:  0.0, Max: 0, Diff: 0, Sum: 0, Workers: 4
[1516.717s][debug][gc,phases      ] GC(38)   StringDedup Requests0 Weak     Min:  0.0, Avg:  0.0, Max:  0.0, Diff:  0.0, Sum:  0.0, Workers: 4
[1516.717s][debug][gc,phases      ] GC(38)     Dead                           Min: 0, Avg:  0.0, Max: 0, Diff: 0, Sum: 0, Workers: 4
[1516.717s][debug][gc,phases      ] GC(38)     Total                          Min: 0, Avg:  0.0, Max: 0, Diff: 0, Sum: 0, Workers: 4
[1516.718s][debug][gc,phases      ] GC(38)   StringDedup Requests1 Weak     Min:  0.0, Avg:  0.0, Max:  0.0, Diff:  0.0, Sum:  0.0, Workers: 4
[1516.718s][debug][gc,phases      ] GC(38)     Dead                           Min: 0, Avg:  0.0, Max: 0, Diff: 0, Sum: 0, Workers: 4
[1516.718s][debug][gc,phases      ] GC(38)     Total                          Min: 0, Avg:  0.0, Max: 0, Diff: 0, Sum: 0, Workers: 4
[1516.718s][debug][gc,phases      ] GC(38)   Weak JFR Old Object Samples    Min:  0.0, Avg:  0.0, Max:  0.0, Diff:  0.0, Sum:  0.0, Workers: 4
[1516.718s][debug][gc,phases      ] GC(38)     Dead                           Min: 0, Avg:  0.0, Max: 0, Diff: 0, Sum: 0, Workers: 4
[1516.718s][debug][gc,phases      ] GC(38)     Total                          Min: 0, Avg:  0.0, Max: 0, Diff: 0, Sum: 0, Workers: 4
[1516.718s][debug][gc,phases      ] GC(38) Weak Processing 0.438ms
[1516.718s][debug][gc,age         ] GC(38) Desired survivor size 74973184 bytes, new threshold 1 (max threshold 15)
[1516.718s][info ][gc,heap        ] GC(38) PSYoungGen: 1928416K(2007040K)->3680K(2023936K) Eden: 1922560K(1922560K)->0K(1945600K) From: 5856K(84480K)->3680K(78336K)
[1516.718s][info ][gc,heap        ] GC(38) ParOldGen: 269428K(269824K)->273840K(273920K)
[1516.718s][info ][gc,metaspace   ] GC(38) Metaspace: 106083K(107392K)->106083K(107392K) NonClass: 90038K(90752K)->90038K(90752K) Class: 16045K(16640K)->16045K(16640K)
[1516.718s][info ][gc             ] GC(38) Pause Young (Allocation Failure) 2146M->271M(2244M) 5.620ms
[1516.718s][info ][gc,cpu         ] GC(38) User=0.02s Sys=0.00s Real=0.01s
[1516.718s][info ][safepoint      ] Safepoint "ParallelGCFailedAllocation", Time since last: 230667516 ns, Reaching safepoint: 115504 ns, Cleanup: 5500 ns, At safepoint: 5715214 ns, Total: 5836218 ns
[1517.718s][info ][safepoint      ] Safepoint "Cleanup", Time since last: 1000108351 ns, Reaching safepoint: 84603 ns, Cleanup: 10600 ns, At safepoint: 7601 ns, Total: 102804 ns
[1519.718s][info ][safepoint      ] Safepoint "Cleanup", Time since last: 2000206195 ns, Reaching safepoint: 7001 ns, Cleanup: 13100 ns, At safepoint: 2900 ns, Total: 23001 ns
[1520.718s][info ][safepoint      ] Safepoint "Cleanup", Time since last: 1000119149 ns, Reaching safepoint: 79603 ns, Cleanup: 7900 ns, At safepoint: 6300 ns, Total: 93803 ns
[1521.718s][info ][safepoint      ] Safepoint "Cleanup", Time since last: 1000118749 ns, Reaching safepoint: 7100 ns, Cleanup: 10000 ns, At safepoint: 2500 ns, Total: 19600 ns
[1522.719s][info ][safepoint      ] Safepoint "Cleanup", Time since last: 1000143750 ns, Reaching safepoint: 86303 ns, Cleanup: 9800 ns, At safepoint: 7401 ns, Total: 103504 ns
[1523.719s][info ][safepoint      ] Safepoint "Cleanup", Time since last: 1000134649 ns, Reaching safepoint: 7100 ns, Cleanup: 16000 ns, At safepoint: 2201 ns, Total: 25301 ns
[1525.719s][info ][safepoint      ] Safepoint "Cleanup", Time since last: 2000220682 ns, Reaching safepoint: 8500 ns, Cleanup: 12300 ns, At safepoint: 2700 ns, Total: 23500 ns
[1526.719s][info ][safepoint      ] Safepoint "Cleanup", Time since last: 1000128944 ns, Reaching safepoint: 83403 ns, Cleanup: 13200 ns, At safepoint: 7000 ns, Total: 103603 ns
[1529.720s][info ][safepoint      ] Safepoint "Cleanup", Time since last: 3000298727 ns, Reaching safepoint: 7200 ns, Cleanup: 11300 ns, At safepoint: 2400 ns, Total: 20900 ns
[1534.720s][info ][safepoint      ] Safepoint "Cleanup", Time since last: 5000448587 ns, Reaching safepoint: 8200 ns, Cleanup: 15601 ns, At safepoint: 2700 ns, Total: 26501 ns
[1540.721s][info ][safepoint      ] Safepoint "Cleanup", Time since last: 6000571654 ns, Reaching safepoint: 7401 ns, Cleanup: 21801 ns, At safepoint: 2600 ns, Total: 31802 ns
[1541.721s][info ][safepoint      ] Safepoint "Cleanup", Time since last: 1000116894 ns, Reaching safepoint: 6400 ns, Cleanup: 7301 ns, At safepoint: 2800 ns, Total: 16501 ns
[1542.721s][info ][safepoint      ] Safepoint "Cleanup", Time since last: 1000102294 ns, Reaching safepoint: 7300 ns, Cleanup: 10801 ns, At safepoint: 2500 ns, Total: 20601 ns
[1543.721s][info ][safepoint      ] Safepoint "Cleanup", Time since last: 1000113795 ns, Reaching safepoint: 6700 ns, Cleanup: 10000 ns, At safepoint: 2100 ns, Total: 18800 ns
[1544.721s][info ][safepoint      ] Safepoint "Cleanup", Time since last: 1000118195 ns, Reaching safepoint: 7301 ns, Cleanup: 10400 ns, At safepoint: 2500 ns, Total: 20201 ns
[1546.721s][info ][safepoint      ] Safepoint "Cleanup", Time since last: 2000185888 ns, Reaching safepoint: 6100 ns, Cleanup: 14001 ns, At safepoint: 2600 ns, Total: 22701 ns
[1548.722s][info ][safepoint      ] Safepoint "Cleanup", Time since last: 2000175387 ns, Reaching safepoint: 7301 ns, Cleanup: 14200 ns, At safepoint: 2600 ns, Total: 24101 ns
[1552.722s][info ][safepoint      ] Safepoint "Cleanup", Time since last: 4000416292 ns, Reaching safepoint: 8100 ns, Cleanup: 17701 ns, At safepoint: 2900 ns, Total: 28701 ns
[1560.497s][info ][safepoint      ] Safepoint "Cleanup", Time since last: 7775344267 ns, Reaching safepoint: 3400 ns, Cleanup: 9200 ns, At safepoint: 4100 ns, Total: 16700 ns
[1567.498s][info ][safepoint      ] Safepoint "Cleanup", Time since last: 7000565167 ns, Reaching safepoint: 7400 ns, Cleanup: 13400 ns, At safepoint: 2901 ns, Total: 23701 ns
[1568.715s][info ][gc,start       ] GC(39) Pause Young (Allocation Failure)
[1568.719s][debug][gc,phases      ] GC(39) Scavenge 4.002ms
[1568.719s][debug][gc,ref         ] GC(39) ReferenceProcessor::execute queues: 1, RefProcThreadModel::Single, marks_oops_alive: false
[1568.719s][debug][gc,ref         ] GC(39) Skipped KeepAliveFinalRefsPhase of Reference Processing: no references
[1568.719s][debug][gc,ref         ] GC(39) ReferenceProcessor::execute queues: 1, RefProcThreadModel::Single, marks_oops_alive: false
[1568.719s][debug][gc,phases      ] GC(39) Reference Processing 0.122ms
[1568.719s][debug][gc,phases      ] GC(39)   VM Weak                        Min:  0.0, Avg:  0.0, Max:  0.0, Diff:  0.0, Sum:  0.0, Workers: 4
[1568.719s][debug][gc,phases      ] GC(39)     Dead                           Min: 0, Avg:  0.0, Max: 0, Diff: 0, Sum: 0, Workers: 4
[1568.719s][debug][gc,phases      ] GC(39)     Total                          Min: 0, Avg: 252.0, Max: 432, Diff: 432, Sum: 1008, Workers: 4
[1568.719s][debug][gc,phases      ] GC(39)   ObjectSynchronizer Weak        Min:  0.0, Avg:  0.0, Max:  0.0, Diff:  0.0, Sum:  0.0, Workers: 4
[1568.719s][debug][gc,phases      ] GC(39)     Dead                           Min: 0, Avg:  0.0, Max: 0, Diff: 0, Sum: 0, Workers: 4
[1568.719s][debug][gc,phases      ] GC(39)     Total                          Min: 0, Avg:  1.0, Max: 4, Diff: 4, Sum: 4, Workers: 4
[1568.719s][debug][gc,phases      ] GC(39)   JVMTI Tag Weak OopStorage      Min:  0.0, Avg:  0.0, Max:  0.0, Diff:  0.0, Sum:  0.0, Workers: 4
[1568.719s][debug][gc,phases      ] GC(39)     Dead                           Min: 0, Avg:  0.0, Max: 0, Diff: 0, Sum: 0, Workers: 4
[1568.719s][debug][gc,phases      ] GC(39)     Total                          Min: 0, Avg:  0.0, Max: 0, Diff: 0, Sum: 0, Workers: 4
[1568.719s][debug][gc,phases      ] GC(39)   StringTable Weak               Min:  0.1, Avg:  0.1, Max:  0.1, Diff:  0.0, Sum:  0.4, Workers: 4
[1568.719s][debug][gc,phases      ] GC(39)     Dead                           Min: 0, Avg:  0.2, Max: 1, Diff: 1, Sum: 1, Workers: 4
[1568.719s][debug][gc,phases      ] GC(39)     Total                          Min: 11136, Avg: 11581.8, Max: 11968, Diff: 832, Sum: 46327, Workers: 4
[1568.719s][debug][gc,phases      ] GC(39)   ResolvedMethodTable Weak       Min:  0.0, Avg:  0.0, Max:  0.0, Diff:  0.0, Sum:  0.2, Workers: 4
[1568.719s][debug][gc,phases      ] GC(39)     Dead                           Min: 0, Avg:  4.2, Max: 9, Diff: 9, Sum: 17, Workers: 4
[1568.719s][debug][gc,phases      ] GC(39)     Total                          Min: 3739, Avg: 3825.5, Max: 3872, Diff: 133, Sum: 15302, Workers: 4
[1568.719s][debug][gc,phases      ] GC(39)   JNI Weak                       Min:  0.0, Avg:  0.0, Max:  0.0, Diff:  0.0, Sum:  0.0, Workers: 4
[1568.719s][debug][gc,phases      ] GC(39)     Dead                           Min: 0, Avg:  0.0, Max: 0, Diff: 0, Sum: 0, Workers: 4
[1568.719s][debug][gc,phases      ] GC(39)     Total                          Min: 0, Avg: 13.0, Max: 52, Diff: 52, Sum: 52, Workers: 4
[1568.719s][debug][gc,phases      ] GC(39)   StringDedup Table Weak         Min:  0.0, Avg:  0.0, Max:  0.0, Diff:  0.0, Sum:  0.0, Workers: 4
[1568.719s][debug][gc,phases      ] GC(39)     Dead                           Min: 0, Avg:  0.0, Max: 0, Diff: 0, Sum: 0, Workers: 4
[1568.719s][debug][gc,phases      ] GC(39)     Total                          Min: 0, Avg:  0.0, Max: 0, Diff: 0, Sum: 0, Workers: 4
[1568.719s][debug][gc,phases      ] GC(39)   StringDedup Requests0 Weak     Min:  0.0, Avg:  0.0, Max:  0.0, Diff:  0.0, Sum:  0.0, Workers: 4
[1568.719s][debug][gc,phases      ] GC(39)     Dead                           Min: 0, Avg:  0.0, Max: 0, Diff: 0, Sum: 0, Workers: 4
[1568.719s][debug][gc,phases      ] GC(39)     Total                          Min: 0, Avg:  0.0, Max: 0, Diff: 0, Sum: 0, Workers: 4
[1568.719s][debug][gc,phases      ] GC(39)   StringDedup Requests1 Weak     Min:  0.0, Avg:  0.0, Max:  0.0, Diff:  0.0, Sum:  0.0, Workers: 4
[1568.719s][debug][gc,phases      ] GC(39)     Dead                           Min: 0, Avg:  0.0, Max: 0, Diff: 0, Sum: 0, Workers: 4
[1568.719s][debug][gc,phases      ] GC(39)     Total                          Min: 0, Avg:  0.0, Max: 0, Diff: 0, Sum: 0, Workers: 4
[1568.719s][debug][gc,phases      ] GC(39)   Weak JFR Old Object Samples    Min:  0.0, Avg:  0.0, Max:  0.0, Diff:  0.0, Sum:  0.0, Workers: 4
[1568.720s][debug][gc,phases      ] GC(39)     Dead                           Min: 0, Avg:  0.0, Max: 0, Diff: 0, Sum: 0, Workers: 4
[1568.720s][debug][gc,phases      ] GC(39)     Total                          Min: 0, Avg:  0.0, Max: 0, Diff: 0, Sum: 0, Workers: 4
[1568.720s][debug][gc,phases      ] GC(39) Weak Processing 0.435ms
[1568.720s][debug][gc,age         ] GC(39) Desired survivor size 70254592 bytes, new threshold 1 (max threshold 15)
[1568.720s][info ][gc,heap        ] GC(39) PSYoungGen: 1949280K(2023936K)->3632K(2018816K) Eden: 1945600K(1945600K)->0K(1945600K) From: 3680K(78336K)->3632K(73216K)
[1568.720s][info ][gc,heap        ] GC(39) ParOldGen: 273840K(273920K)->274885K(274944K)
[1568.720s][info ][gc,metaspace   ] GC(39) Metaspace: 106118K(107456K)->106118K(107456K) NonClass: 90070K(90816K)->90070K(90816K) Class: 16048K(16640K)->16048K(16640K)
[1568.720s][info ][gc             ] GC(39) Pause Young (Allocation Failure) 2171M->271M(2240M) 4.711ms
[1568.720s][info ][gc,cpu         ] GC(39) User=0.01s Sys=0.00s Real=0.01s
[1568.720s][info ][safepoint      ] Safepoint "ParallelGCFailedAllocation", Time since last: 1216767393 ns, Reaching safepoint: 6901 ns, Cleanup: 5100 ns, At safepoint: 4797577 ns, Total: 4809578 ns
[1571.720s][info ][safepoint      ] Safepoint "Cleanup", Time since last: 3000298798 ns, Reaching safepoint: 8001 ns, Cleanup: 11200 ns, At safepoint: 2500 ns, Total: 21701 ns
[1572.720s][info ][safepoint      ] Safepoint "Cleanup", Time since last: 1000121401 ns, Reaching safepoint: 6100 ns, Cleanup: 17400 ns, At safepoint: 2101 ns, Total: 25601 ns
[1573.720s][info ][safepoint      ] Safepoint "Cleanup", Time since last: 1000106371 ns, Reaching safepoint: 226108 ns, Cleanup: 20901 ns, At safepoint: 5700 ns, Total: 252709 ns
[1574.721s][info ][safepoint      ] Safepoint "Cleanup", Time since last: 1000104715 ns, Reaching safepoint: 6600 ns, Cleanup: 14401 ns, At safepoint: 2300 ns, Total: 23301 ns
[1575.721s][info ][safepoint      ] Safepoint "Cleanup", Time since last: 1000124015 ns, Reaching safepoint: 7500 ns, Cleanup: 62903 ns, At safepoint: 7900 ns, Total: 78303 ns
[1576.721s][info ][safepoint      ] Safepoint "Cleanup", Time since last: 1000117515 ns, Reaching safepoint: 7201 ns, Cleanup: 30201 ns, At safepoint: 2400 ns, Total: 39802 ns
[1577.721s][info ][safepoint      ] Safepoint "Cleanup", Time since last: 1000118815 ns, Reaching safepoint: 6200 ns, Cleanup: 20001 ns, At safepoint: 2200 ns, Total: 28401 ns
[1578.721s][info ][safepoint      ] Safepoint "Cleanup", Time since last: 1000127916 ns, Reaching safepoint: 8800 ns, Cleanup: 16601 ns, At safepoint: 2800 ns, Total: 28201 ns
[1579.721s][info ][safepoint      ] Safepoint "Cleanup", Time since last: 1000124516 ns, Reaching safepoint: 6400 ns, Cleanup: 16801 ns, At safepoint: 2300 ns, Total: 25501 ns
[1580.722s][info ][safepoint      ] Safepoint "Cleanup", Time since last: 1000129015 ns, Reaching safepoint: 7701 ns, Cleanup: 17200 ns, At safepoint: 2600 ns, Total: 27501 ns
[1581.722s][info ][safepoint      ] Safepoint "Cleanup", Time since last: 1000122062 ns, Reaching safepoint: 7700 ns, Cleanup: 13400 ns, At safepoint: 2800 ns, Total: 23900 ns
[1583.722s][info ][safepoint      ] Safepoint "Cleanup", Time since last: 2000232853 ns, Reaching safepoint: 6501 ns, Cleanup: 10700 ns, At safepoint: 2300 ns, Total: 19501 ns
[1589.723s][info ][safepoint      ] Safepoint "Cleanup", Time since last: 6000550897 ns, Reaching safepoint: 7700 ns, Cleanup: 12901 ns, At safepoint: 2800 ns, Total: 23401 ns
[1594.723s][info ][safepoint      ] Safepoint "Cleanup", Time since last: 5000412885 ns, Reaching safepoint: 6800 ns, Cleanup: 18101 ns, At safepoint: 2500 ns, Total: 27401 ns
[1595.723s][info ][safepoint      ] Safepoint "Cleanup", Time since last: 1000131398 ns, Reaching safepoint: 6601 ns, Cleanup: 10800 ns, At safepoint: 2600 ns, Total: 20001 ns
[1596.723s][info ][safepoint      ] Safepoint "Cleanup", Time since last: 1000115098 ns, Reaching safepoint: 6401 ns, Cleanup: 10200 ns, At safepoint: 2300 ns, Total: 18901 ns
[1598.723s][info ][safepoint      ] Safepoint "Cleanup", Time since last: 2000182022 ns, Reaching safepoint: 6500 ns, Cleanup: 10900 ns, At safepoint: 2400 ns, Total: 19800 ns
[1600.724s][info ][safepoint      ] Safepoint "Cleanup", Time since last: 2000202779 ns, Reaching safepoint: 6400 ns, Cleanup: 10200 ns, At safepoint: 2800 ns, Total: 19400 ns
[1601.724s][info ][safepoint      ] Safepoint "Cleanup", Time since last: 1000117890 ns, Reaching safepoint: 6300 ns, Cleanup: 11401 ns, At safepoint: 2400 ns, Total: 20101 ns
[1606.724s][info ][safepoint      ] Safepoint "Cleanup", Time since last: 5000494130 ns, Reaching safepoint: 8301 ns, Cleanup: 9100 ns, At safepoint: 2300 ns, Total: 19701 ns
[1607.724s][info ][safepoint      ] Safepoint "Cleanup", Time since last: 1000114146 ns, Reaching safepoint: 6700 ns, Cleanup: 10400 ns, At safepoint: 2300 ns, Total: 19400 ns
[1609.725s][info ][safepoint      ] Safepoint "Cleanup", Time since last: 2000185390 ns, Reaching safepoint: 6600 ns, Cleanup: 10700 ns, At safepoint: 2300 ns, Total: 19600 ns
[1619.725s][info ][safepoint      ] Safepoint "Cleanup", Time since last: 10000783327 ns, Reaching safepoint: 7001 ns, Cleanup: 13200 ns, At safepoint: 2700 ns, Total: 22901 ns
[1632.516s][info ][safepoint      ] Safepoint "Cleanup", Time since last: 12790974449 ns, Reaching safepoint: 5601 ns, Cleanup: 9200 ns, At safepoint: 2300 ns, Total: 17101 ns
[1632.711s][info ][gc,start       ] GC(40) Pause Young (Allocation Failure)
[1632.715s][debug][gc,phases      ] GC(40) Scavenge 3.629ms
[1632.715s][debug][gc,ref         ] GC(40) ReferenceProcessor::execute queues: 1, RefProcThreadModel::Single, marks_oops_alive: false
[1632.715s][debug][gc,ref         ] GC(40) Skipped KeepAliveFinalRefsPhase of Reference Processing: no references
[1632.715s][debug][gc,ref         ] GC(40) ReferenceProcessor::execute queues: 1, RefProcThreadModel::Single, marks_oops_alive: false
[1632.715s][debug][gc,phases      ] GC(40) Reference Processing 0.125ms
[1632.715s][debug][gc,phases      ] GC(40)   VM Weak                        Min:  0.0, Avg:  0.0, Max:  0.0, Diff:  0.0, Sum:  0.0, Workers: 4
[1632.716s][debug][gc,phases      ] GC(40)     Dead                           Min: 0, Avg:  0.0, Max: 0, Diff: 0, Sum: 0, Workers: 4
[1632.716s][debug][gc,phases      ] GC(40)     Total                          Min: 0, Avg: 254.2, Max: 384, Diff: 384, Sum: 1017, Workers: 4
[1632.716s][debug][gc,phases      ] GC(40)   ObjectSynchronizer Weak        Min:  0.0, Avg:  0.0, Max:  0.0, Diff:  0.0, Sum:  0.0, Workers: 4
[1632.716s][debug][gc,phases      ] GC(40)     Dead                           Min: 0, Avg:  0.0, Max: 0, Diff: 0, Sum: 0, Workers: 4
[1632.716s][debug][gc,phases      ] GC(40)     Total                          Min: 0, Avg:  0.8, Max: 3, Diff: 3, Sum: 3, Workers: 4
[1632.716s][debug][gc,phases      ] GC(40)   JVMTI Tag Weak OopStorage      Min:  0.0, Avg:  0.0, Max:  0.0, Diff:  0.0, Sum:  0.0, Workers: 4
[1632.716s][debug][gc,phases      ] GC(40)     Dead                           Min: 0, Avg:  0.0, Max: 0, Diff: 0, Sum: 0, Workers: 4
[1632.716s][debug][gc,phases      ] GC(40)     Total                          Min: 0, Avg:  0.0, Max: 0, Diff: 0, Sum: 0, Workers: 4
[1632.716s][debug][gc,phases      ] GC(40)   StringTable Weak               Min:  0.1, Avg:  0.1, Max:  0.1, Diff:  0.0, Sum:  0.4, Workers: 4
[1632.716s][debug][gc,phases      ] GC(40)     Dead                           Min: 0, Avg:  0.2, Max: 1, Diff: 1, Sum: 1, Workers: 4
[1632.716s][debug][gc,phases      ] GC(40)     Total                          Min: 10752, Avg: 11591.0, Max: 12928, Diff: 2176, Sum: 46364, Workers: 4
[1632.716s][debug][gc,phases      ] GC(40)   ResolvedMethodTable Weak       Min:  0.0, Avg:  0.0, Max:  0.0, Diff:  0.0, Sum:  0.2, Workers: 4
[1632.716s][debug][gc,phases      ] GC(40)     Dead                           Min: 0, Avg:  5.8, Max: 12, Diff: 12, Sum: 23, Workers: 4
[1632.716s][debug][gc,phases      ] GC(40)     Total                          Min: 3296, Avg: 3842.0, Max: 4268, Diff: 972, Sum: 15368, Workers: 4
[1632.716s][debug][gc,phases      ] GC(40)   JNI Weak                       Min:  0.0, Avg:  0.0, Max:  0.0, Diff:  0.0, Sum:  0.0, Workers: 4
[1632.716s][debug][gc,phases      ] GC(40)     Dead                           Min: 0, Avg:  0.0, Max: 0, Diff: 0, Sum: 0, Workers: 4
[1632.716s][debug][gc,phases      ] GC(40)     Total                          Min: 0, Avg: 13.0, Max: 52, Diff: 52, Sum: 52, Workers: 4
[1632.716s][debug][gc,phases      ] GC(40)   StringDedup Table Weak         Min:  0.0, Avg:  0.0, Max:  0.0, Diff:  0.0, Sum:  0.0, Workers: 4
[1632.716s][debug][gc,phases      ] GC(40)     Dead                           Min: 0, Avg:  0.0, Max: 0, Diff: 0, Sum: 0, Workers: 4
[1632.716s][debug][gc,phases      ] GC(40)     Total                          Min: 0, Avg:  0.0, Max: 0, Diff: 0, Sum: 0, Workers: 4
[1632.716s][debug][gc,phases      ] GC(40)   StringDedup Requests0 Weak     Min:  0.0, Avg:  0.0, Max:  0.0, Diff:  0.0, Sum:  0.0, Workers: 4
[1632.716s][debug][gc,phases      ] GC(40)     Dead                           Min: 0, Avg:  0.0, Max: 0, Diff: 0, Sum: 0, Workers: 4
[1632.716s][debug][gc,phases      ] GC(40)     Total                          Min: 0, Avg:  0.0, Max: 0, Diff: 0, Sum: 0, Workers: 4
[1632.716s][debug][gc,phases      ] GC(40)   StringDedup Requests1 Weak     Min:  0.0, Avg:  0.0, Max:  0.0, Diff:  0.0, Sum:  0.0, Workers: 4
[1632.716s][debug][gc,phases      ] GC(40)     Dead                           Min: 0, Avg:  0.0, Max: 0, Diff: 0, Sum: 0, Workers: 4
[1632.716s][debug][gc,phases      ] GC(40)     Total                          Min: 0, Avg:  0.0, Max: 0, Diff: 0, Sum: 0, Workers: 4
[1632.716s][debug][gc,phases      ] GC(40)   Weak JFR Old Object Samples    Min:  0.0, Avg:  0.0, Max:  0.0, Diff:  0.0, Sum:  0.0, Workers: 4
[1632.716s][debug][gc,phases      ] GC(40)     Dead                           Min: 0, Avg:  0.0, Max: 0, Diff: 0, Sum: 0, Workers: 4
[1632.716s][debug][gc,phases      ] GC(40)     Total                          Min: 0, Avg:  0.0, Max: 0, Diff: 0, Sum: 0, Workers: 4
[1632.716s][debug][gc,phases      ] GC(40) Weak Processing 0.446ms
[1632.716s][debug][gc,age         ] GC(40) Desired survivor size 65536000 bytes, new threshold 1 (max threshold 15)
[1632.716s][info ][gc,heap        ] GC(40) PSYoungGen: 1949232K(2018816K)->4853K(2033152K) Eden: 1945600K(1945600K)->0K(1964544K) From: 3632K(73216K)->4853K(68608K)
[1632.716s][info ][gc,heap        ] GC(40) ParOldGen: 274885K(274944K)->275989K(276480K)
[1632.716s][info ][gc,metaspace   ] GC(40) Metaspace: 106223K(107520K)->106223K(107520K) NonClass: 90152K(90880K)->90152K(90880K) Class: 16071K(16640K)->16071K(16640K)
[1632.716s][info ][gc             ] GC(40) Pause Young (Allocation Failure) 2171M->274M(2255M) 4.340ms
[1632.716s][info ][gc,cpu         ] GC(40) User=0.02s Sys=0.00s Real=0.01s
[1632.716s][info ][safepoint      ] Safepoint "ParallelGCFailedAllocation", Time since last: 194822177 ns, Reaching safepoint: 84903 ns, Cleanup: 4501 ns, At safepoint: 4422262 ns, Total: 4511666 ns
[1634.716s][info ][safepoint      ] Safepoint "Cleanup", Time since last: 2000162285 ns, Reaching safepoint: 7001 ns, Cleanup: 10600 ns, At safepoint: 2200 ns, Total: 19801 ns
[1635.716s][info ][safepoint      ] Safepoint "Cleanup", Time since last: 1000137145 ns, Reaching safepoint: 5900 ns, Cleanup: 10600 ns, At safepoint: 2500 ns, Total: 19000 ns
[1637.716s][info ][safepoint      ] Safepoint "Cleanup", Time since last: 2000187754 ns, Reaching safepoint: 5900 ns, Cleanup: 10701 ns, At safepoint: 2300 ns, Total: 18901 ns
[1642.717s][info ][safepoint      ] Safepoint "Cleanup", Time since last: 5000446644 ns, Reaching safepoint: 5700 ns, Cleanup: 19201 ns, At safepoint: 2100 ns, Total: 27001 ns
[1646.717s][info ][safepoint      ] Safepoint "Cleanup", Time since last: 4000333915 ns, Reaching safepoint: 6801 ns, Cleanup: 11000 ns, At safepoint: 2500 ns, Total: 20301 ns
[1651.718s][info ][safepoint      ] Safepoint "Cleanup", Time since last: 5000404906 ns, Reaching safepoint: 6200 ns, Cleanup: 10900 ns, At safepoint: 2300 ns, Total: 19400 ns
[1652.718s][info ][safepoint      ] Safepoint "Cleanup", Time since last: 1000164542 ns, Reaching safepoint: 5700 ns, Cleanup: 11400 ns, At safepoint: 2000 ns, Total: 19100 ns
[1656.718s][info ][safepoint      ] Safepoint "Cleanup", Time since last: 4000354195 ns, Reaching safepoint: 5900 ns, Cleanup: 19801 ns, At safepoint: 2300 ns, Total: 28001 ns
[1657.718s][info ][safepoint      ] Safepoint "Cleanup", Time since last: 1000132181 ns, Reaching safepoint: 5701 ns, Cleanup: 12400 ns, At safepoint: 2400 ns, Total: 20501 ns
[1670.719s][info ][safepoint      ] Safepoint "Cleanup", Time since last: 13001159267 ns, Reaching safepoint: 6000 ns, Cleanup: 10900 ns, At safepoint: 2300 ns, Total: 19200 ns
[1676.720s][info ][safepoint      ] Safepoint "Cleanup", Time since last: 6000574629 ns, Reaching safepoint: 7100 ns, Cleanup: 12300 ns, At safepoint: 2600 ns, Total: 22000 ns
[1699.535s][info ][safepoint      ] Safepoint "Cleanup", Time since last: 22814507703 ns, Reaching safepoint: 7100 ns, Cleanup: 12401 ns, At safepoint: 2500 ns, Total: 22001 ns
[1699.937s][info ][gc,start       ] GC(41) Pause Young (Allocation Failure)
[1699.943s][debug][gc,phases      ] GC(41) Scavenge 5.285ms
[1699.943s][debug][gc,ref         ] GC(41) ReferenceProcessor::execute queues: 1, RefProcThreadModel::Single, marks_oops_alive: false
[1699.943s][debug][gc,ref         ] GC(41) Skipped KeepAliveFinalRefsPhase of Reference Processing: no references
[1699.943s][debug][gc,ref         ] GC(41) Skipped PhantomRefsPhase of Reference Processing: no references
[1699.943s][debug][gc,phases      ] GC(41) Reference Processing 0.115ms
[1699.943s][debug][gc,phases      ] GC(41)   VM Weak                        Min:  0.0, Avg:  0.0, Max:  0.0, Diff:  0.0, Sum:  0.0, Workers: 4
[1699.943s][debug][gc,phases      ] GC(41)     Dead                           Min: 0, Avg:  0.0, Max: 0, Diff: 0, Sum: 0, Workers: 4
[1699.943s][debug][gc,phases      ] GC(41)     Total                          Min: 0, Avg: 254.2, Max: 633, Diff: 633, Sum: 1017, Workers: 4
[1699.943s][debug][gc,phases      ] GC(41)   ObjectSynchronizer Weak        Min:  0.0, Avg:  0.0, Max:  0.0, Diff:  0.0, Sum:  0.0, Workers: 4
[1699.943s][debug][gc,phases      ] GC(41)     Dead                           Min: 0, Avg:  0.0, Max: 0, Diff: 0, Sum: 0, Workers: 4
[1699.943s][debug][gc,phases      ] GC(41)     Total                          Min: 0, Avg:  1.0, Max: 4, Diff: 4, Sum: 4, Workers: 4
[1699.943s][debug][gc,phases      ] GC(41)   JVMTI Tag Weak OopStorage      Min:  0.0, Avg:  0.0, Max:  0.0, Diff:  0.0, Sum:  0.0, Workers: 4
[1699.943s][debug][gc,phases      ] GC(41)     Dead                           Min: 0, Avg:  0.0, Max: 0, Diff: 0, Sum: 0, Workers: 4
[1699.943s][debug][gc,phases      ] GC(41)     Total                          Min: 0, Avg:  0.0, Max: 0, Diff: 0, Sum: 0, Workers: 4
[1699.943s][debug][gc,phases      ] GC(41)   StringTable Weak               Min:  0.0, Avg:  0.1, Max:  0.2, Diff:  0.2, Sum:  0.5, Workers: 4
[1699.943s][debug][gc,phases      ] GC(41)     Dead                           Min: 0, Avg:  0.0, Max: 0, Diff: 0, Sum: 0, Workers: 4
[1699.943s][debug][gc,phases      ] GC(41)     Total                          Min: 0, Avg: 11591.5, Max: 15902, Diff: 15902, Sum: 46366, Workers: 4
[1699.943s][debug][gc,phases      ] GC(41)   ResolvedMethodTable Weak       Min:  0.0, Avg:  0.0, Max:  0.1, Diff:  0.1, Sum:  0.2, Workers: 4
[1699.943s][debug][gc,phases      ] GC(41)     Dead                           Min: 0, Avg:  4.0, Max: 11, Diff: 11, Sum: 16, Workers: 4
[1699.943s][debug][gc,phases      ] GC(41)     Total                          Min: 0, Avg: 3842.0, Max: 5860, Diff: 5860, Sum: 15368, Workers: 4
[1699.943s][debug][gc,phases      ] GC(41)   JNI Weak                       Min:  0.0, Avg:  0.0, Max:  0.0, Diff:  0.0, Sum:  0.0, Workers: 4
[1699.943s][debug][gc,phases      ] GC(41)     Dead                           Min: 0, Avg:  0.0, Max: 0, Diff: 0, Sum: 0, Workers: 4
[1699.943s][debug][gc,phases      ] GC(41)     Total                          Min: 0, Avg: 13.0, Max: 52, Diff: 52, Sum: 52, Workers: 4
[1699.943s][debug][gc,phases      ] GC(41)   StringDedup Table Weak         Min:  0.0, Avg:  0.0, Max:  0.0, Diff:  0.0, Sum:  0.0, Workers: 4
[1699.943s][debug][gc,phases      ] GC(41)     Dead                           Min: 0, Avg:  0.0, Max: 0, Diff: 0, Sum: 0, Workers: 4
[1699.943s][debug][gc,phases      ] GC(41)     Total                          Min: 0, Avg:  0.0, Max: 0, Diff: 0, Sum: 0, Workers: 4
[1699.943s][debug][gc,phases      ] GC(41)   StringDedup Requests0 Weak     Min:  0.0, Avg:  0.0, Max:  0.0, Diff:  0.0, Sum:  0.0, Workers: 4
[1699.943s][debug][gc,phases      ] GC(41)     Dead                           Min: 0, Avg:  0.0, Max: 0, Diff: 0, Sum: 0, Workers: 4
[1699.943s][debug][gc,phases      ] GC(41)     Total                          Min: 0, Avg:  0.0, Max: 0, Diff: 0, Sum: 0, Workers: 4
[1699.943s][debug][gc,phases      ] GC(41)   StringDedup Requests1 Weak     Min:  0.0, Avg:  0.0, Max:  0.0, Diff:  0.0, Sum:  0.0, Workers: 4
[1699.943s][debug][gc,phases      ] GC(41)     Dead                           Min: 0, Avg:  0.0, Max: 0, Diff: 0, Sum: 0, Workers: 4
[1699.943s][debug][gc,phases      ] GC(41)     Total                          Min: 0, Avg:  0.0, Max: 0, Diff: 0, Sum: 0, Workers: 4
[1699.943s][debug][gc,phases      ] GC(41)   Weak JFR Old Object Samples    Min:  0.0, Avg:  0.0, Max:  0.0, Diff:  0.0, Sum:  0.0, Workers: 4
[1699.943s][debug][gc,phases      ] GC(41)     Dead                           Min: 0, Avg:  0.0, Max: 0, Diff: 0, Sum: 0, Workers: 4
[1699.943s][debug][gc,phases      ] GC(41)     Total                          Min: 0, Avg:  0.0, Max: 0, Diff: 0, Sum: 0, Workers: 4
[1699.943s][debug][gc,phases      ] GC(41) Weak Processing 0.455ms
[1699.943s][debug][gc,age         ] GC(41) Desired survivor size 61341696 bytes, new threshold 1 (max threshold 15)
[1699.943s][info ][gc,heap        ] GC(41) PSYoungGen: 1969397K(2033152K)->3456K(2028544K) Eden: 1964544K(1964544K)->0K(1964544K) From: 4853K(68608K)->3456K(64000K)
[1699.943s][info ][gc,heap        ] GC(41) ParOldGen: 275989K(276480K)->278190K(278528K)
[1699.943s][info ][gc,metaspace   ] GC(41) Metaspace: 106229K(107520K)->106229K(107520K) NonClass: 90158K(90880K)->90158K(90880K) Class: 16071K(16640K)->16071K(16640K)
[1699.943s][info ][gc             ] GC(41) Pause Young (Allocation Failure) 2192M->275M(2253M) 5.987ms
[1699.943s][info ][gc,cpu         ] GC(41) User=0.01s Sys=0.01s Real=0.00s
[1699.943s][info ][safepoint      ] Safepoint "ParallelGCFailedAllocation", Time since last: 402620793 ns, Reaching safepoint: 5800 ns, Cleanup: 4400 ns, At safepoint: 6064423 ns, Total: 6074623 ns
[1700.943s][info ][safepoint      ] Safepoint "Cleanup", Time since last: 1000090646 ns, Reaching safepoint: 6800 ns, Cleanup: 11301 ns, At safepoint: 2700 ns, Total: 20801 ns
[1702.944s][info ][safepoint      ] Safepoint "Cleanup", Time since last: 2000180728 ns, Reaching safepoint: 6400 ns, Cleanup: 12700 ns, At safepoint: 3000 ns, Total: 22100 ns
[1704.944s][info ][safepoint      ] Safepoint "Cleanup", Time since last: 2000184681 ns, Reaching safepoint: 6700 ns, Cleanup: 20201 ns, At safepoint: 2500 ns, Total: 29401 ns
[1708.944s][info ][safepoint      ] Safepoint "Cleanup", Time since last: 4000374860 ns, Reaching safepoint: 6101 ns, Cleanup: 7700 ns, At safepoint: 2500 ns, Total: 16301 ns
[1710.944s][info ][safepoint      ] Safepoint "Cleanup", Time since last: 2000178741 ns, Reaching safepoint: 6200 ns, Cleanup: 11700 ns, At safepoint: 2500 ns, Total: 20400 ns
[1716.945s][info ][safepoint      ] Safepoint "Cleanup", Time since last: 6000517013 ns, Reaching safepoint: 6600 ns, Cleanup: 9801 ns, At safepoint: 2500 ns, Total: 18901 ns
[1718.945s][info ][safepoint      ] Safepoint "Cleanup", Time since last: 2000213275 ns, Reaching safepoint: 7101 ns, Cleanup: 9500 ns, At safepoint: 3100 ns, Total: 19701 ns
[1719.945s][info ][safepoint      ] Safepoint "Cleanup", Time since last: 1000144990 ns, Reaching safepoint: 7700 ns, Cleanup: 10800 ns, At safepoint: 2801 ns, Total: 21301 ns
[1730.946s][info ][safepoint      ] Safepoint "Cleanup", Time since last: 11000854374 ns, Reaching safepoint: 6600 ns, Cleanup: 11601 ns, At safepoint: 2500 ns, Total: 20701 ns
[1739.947s][info ][safepoint      ] Safepoint "Cleanup", Time since last: 9000728015 ns, Reaching safepoint: 5600 ns, Cleanup: 10601 ns, At safepoint: 2300 ns, Total: 18501 ns
[1754.553s][info ][safepoint      ] Safepoint "Cleanup", Time since last: 14606292596 ns, Reaching safepoint: 5900 ns, Cleanup: 20701 ns, At safepoint: 2500 ns, Total: 29101 ns
[1755.553s][info ][safepoint      ] Safepoint "Cleanup", Time since last: 1000121515 ns, Reaching safepoint: 6100 ns, Cleanup: 15400 ns, At safepoint: 2501 ns, Total: 24001 ns
[1762.554s][info ][safepoint      ] Safepoint "Cleanup", Time since last: 7000648472 ns, Reaching safepoint: 5400 ns, Cleanup: 7201 ns, At safepoint: 2600 ns, Total: 15201 ns
[1763.554s][info ][safepoint      ] Safepoint "Cleanup", Time since last: 1000116710 ns, Reaching safepoint: 5900 ns, Cleanup: 13701 ns, At safepoint: 2500 ns, Total: 22101 ns
[1769.954s][info ][gc,start       ] GC(42) Pause Young (Allocation Failure)
[1769.958s][debug][gc,phases      ] GC(42) Scavenge 3.228ms
[1769.958s][debug][gc,ref         ] GC(42) ReferenceProcessor::execute queues: 1, RefProcThreadModel::Single, marks_oops_alive: false
[1769.958s][debug][gc,ref         ] GC(42) Skipped KeepAliveFinalRefsPhase of Reference Processing: no references
[1769.958s][debug][gc,ref         ] GC(42) Skipped PhantomRefsPhase of Reference Processing: no references
[1769.958s][debug][gc,phases      ] GC(42) Reference Processing 0.112ms
[1769.958s][debug][gc,phases      ] GC(42)   VM Weak                        Min:  0.0, Avg:  0.0, Max:  0.0, Diff:  0.0, Sum:  0.0, Workers: 4
[1769.958s][debug][gc,phases      ] GC(42)     Dead                           Min: 0, Avg:  0.0, Max: 0, Diff: 0, Sum: 0, Workers: 4
[1769.958s][debug][gc,phases      ] GC(42)     Total                          Min: 0, Avg: 254.2, Max: 512, Diff: 512, Sum: 1017, Workers: 4
[1769.958s][debug][gc,phases      ] GC(42)   ObjectSynchronizer Weak        Min:  0.0, Avg:  0.0, Max:  0.0, Diff:  0.0, Sum:  0.0, Workers: 4
[1769.958s][debug][gc,phases      ] GC(42)     Dead                           Min: 0, Avg:  0.0, Max: 0, Diff: 0, Sum: 0, Workers: 4
[1769.958s][debug][gc,phases      ] GC(42)     Total                          Min: 0, Avg:  0.8, Max: 3, Diff: 3, Sum: 3, Workers: 4
[1769.958s][debug][gc,phases      ] GC(42)   JVMTI Tag Weak OopStorage      Min:  0.0, Avg:  0.0, Max:  0.0, Diff:  0.0, Sum:  0.0, Workers: 4
[1769.958s][debug][gc,phases      ] GC(42)     Dead                           Min: 0, Avg:  0.0, Max: 0, Diff: 0, Sum: 0, Workers: 4
[1769.958s][debug][gc,phases      ] GC(42)     Total                          Min: 0, Avg:  0.0, Max: 0, Diff: 0, Sum: 0, Workers: 4
[1769.958s][debug][gc,phases      ] GC(42)   StringTable Weak               Min:  0.1, Avg:  0.1, Max:  0.1, Diff:  0.0, Sum:  0.5, Workers: 4
[1769.958s][debug][gc,phases      ] GC(42)     Dead                           Min: 0, Avg:  0.0, Max: 0, Diff: 0, Sum: 0, Workers: 4
[1769.958s][debug][gc,phases      ] GC(42)     Total                          Min: 10944, Avg: 11592.8, Max: 12032, Diff: 1088, Sum: 46371, Workers: 4
[1769.958s][debug][gc,phases      ] GC(42)   ResolvedMethodTable Weak       Min:  0.0, Avg:  0.0, Max:  0.0, Diff:  0.0, Sum:  0.2, Workers: 4
[1769.958s][debug][gc,phases      ] GC(42)     Dead                           Min: 0, Avg:  4.0, Max: 13, Diff: 13, Sum: 16, Workers: 4
[1769.958s][debug][gc,phases      ] GC(42)     Total                          Min: 3668, Avg: 3842.0, Max: 3969, Diff: 301, Sum: 15368, Workers: 4
[1769.958s][debug][gc,phases      ] GC(42)   JNI Weak                       Min:  0.0, Avg:  0.0, Max:  0.0, Diff:  0.0, Sum:  0.0, Workers: 4
[1769.958s][debug][gc,phases      ] GC(42)     Dead                           Min: 0, Avg:  0.0, Max: 0, Diff: 0, Sum: 0, Workers: 4
[1769.958s][debug][gc,phases      ] GC(42)     Total                          Min: 0, Avg: 13.0, Max: 52, Diff: 52, Sum: 52, Workers: 4
[1769.958s][debug][gc,phases      ] GC(42)   StringDedup Table Weak         Min:  0.0, Avg:  0.0, Max:  0.0, Diff:  0.0, Sum:  0.0, Workers: 4
[1769.958s][debug][gc,phases      ] GC(42)     Dead                           Min: 0, Avg:  0.0, Max: 0, Diff: 0, Sum: 0, Workers: 4
[1769.958s][debug][gc,phases      ] GC(42)     Total                          Min: 0, Avg:  0.0, Max: 0, Diff: 0, Sum: 0, Workers: 4
[1769.958s][debug][gc,phases      ] GC(42)   StringDedup Requests0 Weak     Min:  0.0, Avg:  0.0, Max:  0.0, Diff:  0.0, Sum:  0.0, Workers: 4
[1769.958s][debug][gc,phases      ] GC(42)     Dead                           Min: 0, Avg:  0.0, Max: 0, Diff: 0, Sum: 0, Workers: 4
[1769.958s][debug][gc,phases      ] GC(42)     Total                          Min: 0, Avg:  0.0, Max: 0, Diff: 0, Sum: 0, Workers: 4
[1769.958s][debug][gc,phases      ] GC(42)   StringDedup Requests1 Weak     Min:  0.0, Avg:  0.0, Max:  0.0, Diff:  0.0, Sum:  0.0, Workers: 4
[1769.958s][debug][gc,phases      ] GC(42)     Dead                           Min: 0, Avg:  0.0, Max: 0, Diff: 0, Sum: 0, Workers: 4
[1769.958s][debug][gc,phases      ] GC(42)     Total                          Min: 0, Avg:  0.0, Max: 0, Diff: 0, Sum: 0, Workers: 4
[1769.958s][debug][gc,phases      ] GC(42)   Weak JFR Old Object Samples    Min:  0.0, Avg:  0.0, Max:  0.0, Diff:  0.0, Sum:  0.0, Workers: 4
[1769.958s][debug][gc,phases      ] GC(42)     Dead                           Min: 0, Avg:  0.0, Max: 0, Diff: 0, Sum: 0, Workers: 4
[1769.958s][debug][gc,phases      ] GC(42)     Total                          Min: 0, Avg:  0.0, Max: 0, Diff: 0, Sum: 0, Workers: 4
[1769.958s][debug][gc,phases      ] GC(42) Weak Processing 0.400ms
[1769.958s][debug][gc,age         ] GC(42) Desired survivor size 57147392 bytes, new threshold 1 (max threshold 15)
[1769.958s][info ][gc,heap        ] GC(42) PSYoungGen: 1968000K(2028544K)->2624K(2041344K) Eden: 1964544K(1964544K)->0K(1981440K) From: 3456K(64000K)->2624K(59904K)
[1769.958s][info ][gc,heap        ] GC(42) ParOldGen: 278190K(278528K)->279570K(280064K)
[1769.958s][info ][gc,metaspace   ] GC(42) Metaspace: 106233K(107520K)->106233K(107520K) NonClass: 90162K(90880K)->90162K(90880K) Class: 16071K(16640K)->16071K(16640K)
[1769.958s][info ][gc             ] GC(42) Pause Young (Allocation Failure) 2193M->275M(2267M) 3.874ms
[1769.958s][info ][gc,cpu         ] GC(42) User=0.01s Sys=0.00s Real=0.01s
[1769.958s][info ][safepoint      ] Safepoint "ParallelGCFailedAllocation", Time since last: 6400031772 ns, Reaching safepoint: 5200 ns, Cleanup: 4400 ns, At safepoint: 3947145 ns, Total: 3956745 ns
[1778.959s][info ][safepoint      ] Safepoint "Cleanup", Time since last: 9000761231 ns, Reaching safepoint: 5700 ns, Cleanup: 13201 ns, At safepoint: 2300 ns, Total: 21201 ns
[1786.960s][info ][safepoint      ] Safepoint "Cleanup", Time since last: 8000569534 ns, Reaching safepoint: 77503 ns, Cleanup: 11500 ns, At safepoint: 5601 ns, Total: 94604 ns
[1800.300s][info ][safepoint      ] Safepoint "Cleanup", Time since last: 13340420675 ns, Reaching safepoint: 4000 ns, Cleanup: 19801 ns, At safepoint: 5300 ns, Total: 29101 ns
[1801.300s][info ][safepoint      ] Safepoint "Cleanup", Time since last: 1000139050 ns, Reaching safepoint: 7400 ns, Cleanup: 15101 ns, At safepoint: 2400 ns, Total: 24901 ns
[1804.301s][info ][safepoint      ] Safepoint "Cleanup", Time since last: 3000244743 ns, Reaching safepoint: 8100 ns, Cleanup: 11401 ns, At safepoint: 2500 ns, Total: 22001 ns
[1807.301s][info ][safepoint      ] Safepoint "Cleanup", Time since last: 3000241710 ns, Reaching safepoint: 8101 ns, Cleanup: 10500 ns, At safepoint: 2600 ns, Total: 21201 ns
[1808.301s][info ][safepoint      ] Safepoint "Cleanup", Time since last: 1000109180 ns, Reaching safepoint: 9001 ns, Cleanup: 11300 ns, At safepoint: 2500 ns, Total: 22801 ns
[1812.301s][info ][safepoint      ] Safepoint "Cleanup", Time since last: 4000308815 ns, Reaching safepoint: 9001 ns, Cleanup: 15200 ns, At safepoint: 2600 ns, Total: 26801 ns
[1841.304s][info ][safepoint      ] Safepoint "Cleanup", Time since last: 29002283268 ns, Reaching safepoint: 6100 ns, Cleanup: 10700 ns, At safepoint: 2500 ns, Total: 19300 ns
[1841.975s][info ][gc,start       ] GC(43) Pause Young (Allocation Failure)
[1841.977s][debug][gc,phases      ] GC(43) Scavenge 2.620ms
[1841.977s][debug][gc,ref         ] GC(43) ReferenceProcessor::execute queues: 1, RefProcThreadModel::Single, marks_oops_alive: false
[1841.977s][debug][gc,ref         ] GC(43) Skipped KeepAliveFinalRefsPhase of Reference Processing: no references
[1841.977s][debug][gc,ref         ] GC(43) ReferenceProcessor::execute queues: 1, RefProcThreadModel::Single, marks_oops_alive: false
[1841.977s][debug][gc,phases      ] GC(43) Reference Processing 0.116ms
[1841.978s][debug][gc,phases      ] GC(43)   VM Weak                        Min:  0.0, Avg:  0.0, Max:  0.0, Diff:  0.0, Sum:  0.0, Workers: 4
[1841.978s][debug][gc,phases      ] GC(43)     Dead                           Min: 0, Avg:  0.0, Max: 0, Diff: 0, Sum: 0, Workers: 4
[1841.978s][debug][gc,phases      ] GC(43)     Total                          Min: 0, Avg: 254.2, Max: 512, Diff: 512, Sum: 1017, Workers: 4
[1841.978s][debug][gc,phases      ] GC(43)   ObjectSynchronizer Weak        Min:  0.0, Avg:  0.0, Max:  0.0, Diff:  0.0, Sum:  0.0, Workers: 4
[1841.978s][debug][gc,phases      ] GC(43)     Dead                           Min: 0, Avg:  0.0, Max: 0, Diff: 0, Sum: 0, Workers: 4
[1841.978s][debug][gc,phases      ] GC(43)     Total                          Min: 0, Avg:  0.8, Max: 3, Diff: 3, Sum: 3, Workers: 4
[1841.978s][debug][gc,phases      ] GC(43)   JVMTI Tag Weak OopStorage      Min:  0.0, Avg:  0.0, Max:  0.0, Diff:  0.0, Sum:  0.0, Workers: 4
[1841.978s][debug][gc,phases      ] GC(43)     Dead                           Min: 0, Avg:  0.0, Max: 0, Diff: 0, Sum: 0, Workers: 4
[1841.978s][debug][gc,phases      ] GC(43)     Total                          Min: 0, Avg:  0.0, Max: 0, Diff: 0, Sum: 0, Workers: 4
[1841.978s][debug][gc,phases      ] GC(43)   StringTable Weak               Min:  0.0, Avg:  0.1, Max:  0.2, Diff:  0.2, Sum:  0.5, Workers: 4
[1841.978s][debug][gc,phases      ] GC(43)     Dead                           Min: 0, Avg:  0.5, Max: 2, Diff: 2, Sum: 2, Workers: 4
[1841.978s][debug][gc,phases      ] GC(43)     Total                          Min: 0, Avg: 11603.0, Max: 18444, Diff: 18444, Sum: 46412, Workers: 4
[1841.978s][debug][gc,phases      ] GC(43)   ResolvedMethodTable Weak       Min:  0.0, Avg:  0.0, Max:  0.1, Diff:  0.1, Sum:  0.2, Workers: 4
[1841.978s][debug][gc,phases      ] GC(43)     Dead                           Min: 0, Avg:  9.0, Max: 22, Diff: 22, Sum: 36, Workers: 4
[1841.978s][debug][gc,phases      ] GC(43)     Total                          Min: 0, Avg: 3853.5, Max: 5763, Diff: 5763, Sum: 15414, Workers: 4
[1841.978s][debug][gc,phases      ] GC(43)   JNI Weak                       Min:  0.0, Avg:  0.0, Max:  0.0, Diff:  0.0, Sum:  0.0, Workers: 4
[1841.978s][debug][gc,phases      ] GC(43)     Dead                           Min: 0, Avg:  0.0, Max: 0, Diff: 0, Sum: 0, Workers: 4
[1841.978s][debug][gc,phases      ] GC(43)     Total                          Min: 0, Avg: 13.0, Max: 52, Diff: 52, Sum: 52, Workers: 4
[1841.978s][debug][gc,phases      ] GC(43)   StringDedup Table Weak         Min:  0.0, Avg:  0.0, Max:  0.0, Diff:  0.0, Sum:  0.0, Workers: 4
[1841.978s][debug][gc,phases      ] GC(43)     Dead                           Min: 0, Avg:  0.0, Max: 0, Diff: 0, Sum: 0, Workers: 4
[1841.978s][debug][gc,phases      ] GC(43)     Total                          Min: 0, Avg:  0.0, Max: 0, Diff: 0, Sum: 0, Workers: 4
[1841.978s][debug][gc,phases      ] GC(43)   StringDedup Requests0 Weak     Min:  0.0, Avg:  0.0, Max:  0.0, Diff:  0.0, Sum:  0.0, Workers: 4
[1841.978s][debug][gc,phases      ] GC(43)     Dead                           Min: 0, Avg:  0.0, Max: 0, Diff: 0, Sum: 0, Workers: 4
[1841.978s][debug][gc,phases      ] GC(43)     Total                          Min: 0, Avg:  0.0, Max: 0, Diff: 0, Sum: 0, Workers: 4
[1841.978s][debug][gc,phases      ] GC(43)   StringDedup Requests1 Weak     Min:  0.0, Avg:  0.0, Max:  0.0, Diff:  0.0, Sum:  0.0, Workers: 4
[1841.978s][debug][gc,phases      ] GC(43)     Dead                           Min: 0, Avg:  0.0, Max: 0, Diff: 0, Sum: 0, Workers: 4
[1841.978s][debug][gc,phases      ] GC(43)     Total                          Min: 0, Avg:  0.0, Max: 0, Diff: 0, Sum: 0, Workers: 4
[1841.978s][debug][gc,phases      ] GC(43)   Weak JFR Old Object Samples    Min:  0.0, Avg:  0.0, Max:  0.0, Diff:  0.0, Sum:  0.0, Workers: 4
[1841.978s][debug][gc,phases      ] GC(43)     Dead                           Min: 0, Avg:  0.0, Max: 0, Diff: 0, Sum: 0, Workers: 4
[1841.978s][debug][gc,phases      ] GC(43)     Total                          Min: 0, Avg:  0.0, Max: 0, Diff: 0, Sum: 0, Workers: 4
[1841.978s][debug][gc,phases      ] GC(43) Weak Processing 0.474ms
[1841.978s][debug][gc,age         ] GC(43) Desired survivor size 53477376 bytes, new threshold 1 (max threshold 15)
[1841.978s][info ][gc,heap        ] GC(43) PSYoungGen: 1984064K(2041344K)->3465K(2037248K) Eden: 1981440K(1981440K)->0K(1981440K) From: 2624K(59904K)->3465K(55808K)
[1841.978s][info ][gc,heap        ] GC(43) ParOldGen: 279570K(280064K)->280450K(280576K)
[1841.978s][info ][gc,metaspace   ] GC(43) Metaspace: 106331K(107648K)->106331K(107648K) NonClass: 90245K(91008K)->90245K(91008K) Class: 16086K(16640K)->16086K(16640K)
[1841.978s][info ][gc             ] GC(43) Pause Young (Allocation Failure) 2210M->277M(2263M) 3.332ms
[1841.978s][info ][gc,cpu         ] GC(43) User=0.01s Sys=0.00s Real=0.01s
[1841.978s][info ][safepoint      ] Safepoint "ParallelGCFailedAllocation", Time since last: 670864763 ns, Reaching safepoint: 6401 ns, Cleanup: 3700 ns, At safepoint: 3407723 ns, Total: 3417824 ns
[1846.978s][info ][safepoint      ] Safepoint "Cleanup", Time since last: 5000367068 ns, Reaching safepoint: 6100 ns, Cleanup: 9101 ns, At safepoint: 2200 ns, Total: 17401 ns
[1865.980s][info ][safepoint      ] Safepoint "Cleanup", Time since last: 19001384200 ns, Reaching safepoint: 7000 ns, Cleanup: 11101 ns, At safepoint: 5700 ns, Total: 23801 ns
[1867.980s][info ][safepoint      ] Safepoint "Cleanup", Time since last: 2000174890 ns, Reaching safepoint: 6900 ns, Cleanup: 17801 ns, At safepoint: 2900 ns, Total: 27601 ns
[1880.981s][info ][safepoint      ] Safepoint "Cleanup", Time since last: 13000970018 ns, Reaching safepoint: 7401 ns, Cleanup: 12600 ns, At safepoint: 1900 ns, Total: 21901 ns
[1883.981s][info ][safepoint      ] Safepoint "Cleanup", Time since last: 3000271275 ns, Reaching safepoint: 5600 ns, Cleanup: 12700 ns, At safepoint: 2101 ns, Total: 20401 ns
[1891.982s][info ][safepoint      ] Safepoint "Cleanup", Time since last: 8000591877 ns, Reaching safepoint: 7200 ns, Cleanup: 10401 ns, At safepoint: 2400 ns, Total: 20001 ns
[1892.982s][info ][safepoint      ] Safepoint "Cleanup", Time since last: 1000118956 ns, Reaching safepoint: 6700 ns, Cleanup: 10200 ns, At safepoint: 2300 ns, Total: 19200 ns
[1895.982s][info ][safepoint      ] Safepoint "Cleanup", Time since last: 3000326067 ns, Reaching safepoint: 6201 ns, Cleanup: 10500 ns, At safepoint: 26001 ns, Total: 42702 ns
[1896.982s][info ][safepoint      ] Safepoint "Cleanup", Time since last: 1000122216 ns, Reaching safepoint: 6600 ns, Cleanup: 10601 ns, At safepoint: 2400 ns, Total: 19601 ns
[1901.983s][info ][safepoint      ] Safepoint "Cleanup", Time since last: 5000395548 ns, Reaching safepoint: 6900 ns, Cleanup: 14001 ns, At safepoint: 2100 ns, Total: 23001 ns
[1907.983s][info ][safepoint      ] Safepoint "Cleanup", Time since last: 6000542389 ns, Reaching safepoint: 6601 ns, Cleanup: 9700 ns, At safepoint: 2200 ns, Total: 18501 ns
[1913.361s][info ][gc,start       ] GC(44) Pause Young (Allocation Failure)
[1913.364s][debug][gc,phases      ] GC(44) Scavenge 2.810ms
[1913.364s][debug][gc,ref         ] GC(44) ReferenceProcessor::execute queues: 1, RefProcThreadModel::Single, marks_oops_alive: false
[1913.364s][debug][gc,ref         ] GC(44) Skipped KeepAliveFinalRefsPhase of Reference Processing: no references
[1913.364s][debug][gc,ref         ] GC(44) ReferenceProcessor::execute queues: 1, RefProcThreadModel::Single, marks_oops_alive: false
[1913.364s][debug][gc,phases      ] GC(44) Reference Processing 0.133ms
[1913.364s][debug][gc,phases      ] GC(44)   VM Weak                        Min:  0.0, Avg:  0.0, Max:  0.0, Diff:  0.0, Sum:  0.0, Workers: 4
[1913.364s][debug][gc,phases      ] GC(44)     Dead                           Min: 0, Avg:  0.0, Max: 0, Diff: 0, Sum: 0, Workers: 4
[1913.364s][debug][gc,phases      ] GC(44)     Total                          Min: 0, Avg: 254.2, Max: 896, Diff: 896, Sum: 1017, Workers: 4
[1913.364s][debug][gc,phases      ] GC(44)   ObjectSynchronizer Weak        Min:  0.0, Avg:  0.0, Max:  0.0, Diff:  0.0, Sum:  0.0, Workers: 4
[1913.364s][debug][gc,phases      ] GC(44)     Dead                           Min: 0, Avg:  0.0, Max: 0, Diff: 0, Sum: 0, Workers: 4
[1913.364s][debug][gc,phases      ] GC(44)     Total                          Min: 0, Avg:  1.0, Max: 4, Diff: 4, Sum: 4, Workers: 4
[1913.364s][debug][gc,phases      ] GC(44)   JVMTI Tag Weak OopStorage      Min:  0.0, Avg:  0.0, Max:  0.0, Diff:  0.0, Sum:  0.0, Workers: 4
[1913.364s][debug][gc,phases      ] GC(44)     Dead                           Min: 0, Avg:  0.0, Max: 0, Diff: 0, Sum: 0, Workers: 4
[1913.364s][debug][gc,phases      ] GC(44)     Total                          Min: 0, Avg:  0.0, Max: 0, Diff: 0, Sum: 0, Workers: 4
[1913.365s][debug][gc,phases      ] GC(44)   StringTable Weak               Min:  0.0, Avg:  0.1, Max:  0.2, Diff:  0.2, Sum:  0.4, Workers: 4
[1913.365s][debug][gc,phases      ] GC(44)     Dead                           Min: 0, Avg:  0.0, Max: 0, Diff: 0, Sum: 0, Workers: 4
[1913.365s][debug][gc,phases      ] GC(44)     Total                          Min: 0, Avg: 11603.5, Max: 24064, Diff: 24064, Sum: 46414, Workers: 4
[1913.365s][debug][gc,phases      ] GC(44)   ResolvedMethodTable Weak       Min:  0.0, Avg:  0.0, Max:  0.1, Diff:  0.1, Sum:  0.2, Workers: 4
[1913.365s][debug][gc,phases      ] GC(44)     Dead                           Min: 0, Avg:  4.0, Max: 16, Diff: 16, Sum: 16, Workers: 4
[1913.365s][debug][gc,phases      ] GC(44)     Total                          Min: 0, Avg: 3853.5, Max: 7044, Diff: 7044, Sum: 15414, Workers: 4
[1913.365s][debug][gc,phases      ] GC(44)   JNI Weak                       Min:  0.0, Avg:  0.0, Max:  0.0, Diff:  0.0, Sum:  0.0, Workers: 4
[1913.365s][debug][gc,phases      ] GC(44)     Dead                           Min: 0, Avg:  0.0, Max: 0, Diff: 0, Sum: 0, Workers: 4
[1913.365s][debug][gc,phases      ] GC(44)     Total                          Min: 0, Avg: 13.0, Max: 52, Diff: 52, Sum: 52, Workers: 4
[1913.365s][debug][gc,phases      ] GC(44)   StringDedup Table Weak         Min:  0.0, Avg:  0.0, Max:  0.0, Diff:  0.0, Sum:  0.0, Workers: 4
[1913.365s][debug][gc,phases      ] GC(44)     Dead                           Min: 0, Avg:  0.0, Max: 0, Diff: 0, Sum: 0, Workers: 4
[1913.365s][debug][gc,phases      ] GC(44)     Total                          Min: 0, Avg:  0.0, Max: 0, Diff: 0, Sum: 0, Workers: 4
[1913.365s][debug][gc,phases      ] GC(44)   StringDedup Requests0 Weak     Min:  0.0, Avg:  0.0, Max:  0.0, Diff:  0.0, Sum:  0.0, Workers: 4
[1913.365s][debug][gc,phases      ] GC(44)     Dead                           Min: 0, Avg:  0.0, Max: 0, Diff: 0, Sum: 0, Workers: 4
[1913.365s][debug][gc,phases      ] GC(44)     Total                          Min: 0, Avg:  0.0, Max: 0, Diff: 0, Sum: 0, Workers: 4
[1913.365s][debug][gc,phases      ] GC(44)   StringDedup Requests1 Weak     Min:  0.0, Avg:  0.0, Max:  0.0, Diff:  0.0, Sum:  0.0, Workers: 4
[1913.365s][debug][gc,phases      ] GC(44)     Dead                           Min: 0, Avg:  0.0, Max: 0, Diff: 0, Sum: 0, Workers: 4
[1913.365s][debug][gc,phases      ] GC(44)     Total                          Min: 0, Avg:  0.0, Max: 0, Diff: 0, Sum: 0, Workers: 4
[1913.365s][debug][gc,phases      ] GC(44)   Weak JFR Old Object Samples    Min:  0.0, Avg:  0.0, Max:  0.0, Diff:  0.0, Sum:  0.0, Workers: 4
[1913.365s][debug][gc,phases      ] GC(44)     Dead                           Min: 0, Avg:  0.0, Max: 0, Diff: 0, Sum: 0, Workers: 4
[1913.365s][debug][gc,phases      ] GC(44)     Total                          Min: 0, Avg:  0.0, Max: 0, Diff: 0, Sum: 0, Workers: 4
[1913.365s][debug][gc,phases      ] GC(44) Weak Processing 0.593ms
[1913.365s][debug][gc,age         ] GC(44) Desired survivor size 49807360 bytes, new threshold 1 (max threshold 15)
[1913.365s][info ][gc,heap        ] GC(44) PSYoungGen: 1984905K(2037248K)->2942K(2048512K) Eden: 1981440K(1981440K)->0K(1996288K) From: 3465K(55808K)->2942K(52224K)
[1913.365s][info ][gc,heap        ] GC(44) ParOldGen: 280450K(280576K)->281158K(281600K)
[1913.365s][info ][gc,metaspace   ] GC(44) Metaspace: 106343K(107648K)->106343K(107648K) NonClass: 90255K(91008K)->90255K(91008K) Class: 16087K(16640K)->16087K(16640K)
[1913.365s][info ][gc             ] GC(44) Pause Young (Allocation Failure) 2212M->277M(2275M) 3.684ms
[1913.365s][info ][gc,cpu         ] GC(44) User=0.01s Sys=0.00s Real=0.00s
[1913.365s][info ][safepoint      ] Safepoint "ParallelGCFailedAllocation", Time since last: 5377500869 ns, Reaching safepoint: 83903 ns, Cleanup: 4300 ns, At safepoint: 3766539 ns, Total: 3854742 ns
[1922.617s][info ][safepoint      ] Safepoint "Cleanup", Time since last: 9252673874 ns, Reaching safepoint: 7900 ns, Cleanup: 14701 ns, At safepoint: 2800 ns, Total: 25401 ns
[1924.618s][info ][safepoint      ] Safepoint "Cleanup", Time since last: 2000203808 ns, Reaching safepoint: 7700 ns, Cleanup: 39601 ns, At safepoint: 3300 ns, Total: 50601 ns
[1926.618s][info ][safepoint      ] Safepoint "Cleanup", Time since last: 2000223252 ns, Reaching safepoint: 7401 ns, Cleanup: 11500 ns, At safepoint: 2900 ns, Total: 21801 ns
[1927.618s][info ][safepoint      ] Safepoint "Cleanup", Time since last: 1000117553 ns, Reaching safepoint: 6801 ns, Cleanup: 11500 ns, At safepoint: 2600 ns, Total: 20901 ns
[1932.619s][info ][safepoint      ] Safepoint "Cleanup", Time since last: 5000466462 ns, Reaching safepoint: 7101 ns, Cleanup: 17100 ns, At safepoint: 2500 ns, Total: 26701 ns
[1933.619s][info ][safepoint      ] Safepoint "Cleanup", Time since last: 1000147555 ns, Reaching safepoint: 7600 ns, Cleanup: 10900 ns, At safepoint: 2601 ns, Total: 21101 ns
[1939.619s][info ][safepoint      ] Safepoint "Cleanup", Time since last: 6000598222 ns, Reaching safepoint: 7300 ns, Cleanup: 10901 ns, At safepoint: 2800 ns, Total: 21001 ns
[1947.620s][info ][safepoint      ] Safepoint "Cleanup", Time since last: 8000740109 ns, Reaching safepoint: 7500 ns, Cleanup: 14001 ns, At safepoint: 30701 ns, Total: 52202 ns
[1957.621s][info ][safepoint      ] Safepoint "Cleanup", Time since last: 10000874593 ns, Reaching safepoint: 7201 ns, Cleanup: 12000 ns, At safepoint: 2400 ns, Total: 21601 ns
[1958.621s][info ][safepoint      ] Safepoint "Cleanup", Time since last: 1000154336 ns, Reaching safepoint: 7400 ns, Cleanup: 11500 ns, At safepoint: 2801 ns, Total: 21701 ns
[1961.622s][info ][safepoint      ] Safepoint "Cleanup", Time since last: 3000302501 ns, Reaching safepoint: 7400 ns, Cleanup: 13600 ns, At safepoint: 2200 ns, Total: 23200 ns
[1964.622s][info ][safepoint      ] Safepoint "Cleanup", Time since last: 3000253800 ns, Reaching safepoint: 6700 ns, Cleanup: 10400 ns, At safepoint: 2100 ns, Total: 19200 ns
[1966.622s][info ][safepoint      ] Safepoint "Cleanup", Time since last: 2000213245 ns, Reaching safepoint: 6500 ns, Cleanup: 50802 ns, At safepoint: 2300 ns, Total: 59602 ns
[1967.622s][info ][safepoint      ] Safepoint "Cleanup", Time since last: 1000119119 ns, Reaching safepoint: 6700 ns, Cleanup: 38101 ns, At safepoint: 2600 ns, Total: 47401 ns
[1968.622s][info ][safepoint      ] Safepoint "Cleanup", Time since last: 1000112918 ns, Reaching safepoint: 6801 ns, Cleanup: 34201 ns, At safepoint: 2200 ns, Total: 43202 ns
[1969.623s][info ][safepoint      ] Safepoint "Cleanup", Time since last: 1000108318 ns, Reaching safepoint: 5600 ns, Cleanup: 11200 ns, At safepoint: 2600 ns, Total: 19400 ns
[1973.623s][info ][safepoint      ] Safepoint "Cleanup", Time since last: 4000303474 ns, Reaching safepoint: 7200 ns, Cleanup: 13301 ns, At safepoint: 2400 ns, Total: 22901 ns
[1974.623s][info ][safepoint      ] Safepoint "Cleanup", Time since last: 1000156157 ns, Reaching safepoint: 8001 ns, Cleanup: 12400 ns, At safepoint: 2800 ns, Total: 23201 ns
[1976.454s][info ][gc,start       ] GC(45) Pause Young (Allocation Failure)
[1976.462s][debug][gc,phases      ] GC(45) Scavenge 8.160ms
[1976.462s][debug][gc,ref         ] GC(45) ReferenceProcessor::execute queues: 1, RefProcThreadModel::Single, marks_oops_alive: false
[1976.462s][debug][gc,ref         ] GC(45) Skipped KeepAliveFinalRefsPhase of Reference Processing: no references
[1976.462s][debug][gc,ref         ] GC(45) ReferenceProcessor::execute queues: 1, RefProcThreadModel::Single, marks_oops_alive: false
[1976.462s][debug][gc,phases      ] GC(45) Reference Processing 0.118ms
[1976.462s][debug][gc,phases      ] GC(45)   VM Weak                        Min:  0.0, Avg:  0.0, Max:  0.0, Diff:  0.0, Sum:  0.0, Workers: 4
[1976.462s][debug][gc,phases      ] GC(45)     Dead                           Min: 0, Avg:  0.0, Max: 0, Diff: 0, Sum: 0, Workers: 4
[1976.462s][debug][gc,phases      ] GC(45)     Total                          Min: 0, Avg: 254.2, Max: 640, Diff: 640, Sum: 1017, Workers: 4
[1976.462s][debug][gc,phases      ] GC(45)   ObjectSynchronizer Weak        Min:  0.0, Avg:  0.0, Max:  0.0, Diff:  0.0, Sum:  0.0, Workers: 4
[1976.462s][debug][gc,phases      ] GC(45)     Dead                           Min: 0, Avg:  0.0, Max: 0, Diff: 0, Sum: 0, Workers: 4
[1976.462s][debug][gc,phases      ] GC(45)     Total                          Min: 0, Avg:  1.2, Max: 5, Diff: 5, Sum: 5, Workers: 4
[1976.462s][debug][gc,phases      ] GC(45)   JVMTI Tag Weak OopStorage      Min:  0.0, Avg:  0.0, Max:  0.0, Diff:  0.0, Sum:  0.0, Workers: 4
[1976.462s][debug][gc,phases      ] GC(45)     Dead                           Min: 0, Avg:  0.0, Max: 0, Diff: 0, Sum: 0, Workers: 4
[1976.462s][debug][gc,phases      ] GC(45)     Total                          Min: 0, Avg:  0.0, Max: 0, Diff: 0, Sum: 0, Workers: 4
[1976.462s][debug][gc,phases      ] GC(45)   StringTable Weak               Min:  0.0, Avg:  0.1, Max:  0.2, Diff:  0.2, Sum:  0.5, Workers: 4
[1976.462s][debug][gc,phases      ] GC(45)     Dead                           Min: 0, Avg:  0.0, Max: 0, Diff: 0, Sum: 0, Workers: 4
[1976.462s][debug][gc,phases      ] GC(45)     Total                          Min: 0, Avg: 11605.5, Max: 16342, Diff: 16342, Sum: 46422, Workers: 4
[1976.462s][debug][gc,phases      ] GC(45)   ResolvedMethodTable Weak       Min:  0.0, Avg:  0.0, Max:  0.1, Diff:  0.1, Sum:  0.2, Workers: 4
[1976.462s][debug][gc,phases      ] GC(45)     Dead                           Min: 0, Avg:  4.0, Max: 16, Diff: 16, Sum: 16, Workers: 4
[1976.462s][debug][gc,phases      ] GC(45)     Total                          Min: 0, Avg: 3854.0, Max: 5505, Diff: 5505, Sum: 15416, Workers: 4
[1976.462s][debug][gc,phases      ] GC(45)   JNI Weak                       Min:  0.0, Avg:  0.0, Max:  0.0, Diff:  0.0, Sum:  0.0, Workers: 4
[1976.462s][debug][gc,phases      ] GC(45)     Dead                           Min: 0, Avg:  0.0, Max: 0, Diff: 0, Sum: 0, Workers: 4
[1976.462s][debug][gc,phases      ] GC(45)     Total                          Min: 0, Avg: 13.0, Max: 52, Diff: 52, Sum: 52, Workers: 4
[1976.462s][debug][gc,phases      ] GC(45)   StringDedup Table Weak         Min:  0.0, Avg:  0.0, Max:  0.0, Diff:  0.0, Sum:  0.0, Workers: 4
[1976.462s][debug][gc,phases      ] GC(45)     Dead                           Min: 0, Avg:  0.0, Max: 0, Diff: 0, Sum: 0, Workers: 4
[1976.462s][debug][gc,phases      ] GC(45)     Total                          Min: 0, Avg:  0.0, Max: 0, Diff: 0, Sum: 0, Workers: 4
[1976.462s][debug][gc,phases      ] GC(45)   StringDedup Requests0 Weak     Min:  0.0, Avg:  0.0, Max:  0.0, Diff:  0.0, Sum:  0.0, Workers: 4
[1976.462s][debug][gc,phases      ] GC(45)     Dead                           Min: 0, Avg:  0.0, Max: 0, Diff: 0, Sum: 0, Workers: 4
[1976.462s][debug][gc,phases      ] GC(45)     Total                          Min: 0, Avg:  0.0, Max: 0, Diff: 0, Sum: 0, Workers: 4
[1976.462s][debug][gc,phases      ] GC(45)   StringDedup Requests1 Weak     Min:  0.0, Avg:  0.0, Max:  0.0, Diff:  0.0, Sum:  0.0, Workers: 4
[1976.462s][debug][gc,phases      ] GC(45)     Dead                           Min: 0, Avg:  0.0, Max: 0, Diff: 0, Sum: 0, Workers: 4
[1976.462s][debug][gc,phases      ] GC(45)     Total                          Min: 0, Avg:  0.0, Max: 0, Diff: 0, Sum: 0, Workers: 4
[1976.462s][debug][gc,phases      ] GC(45)   Weak JFR Old Object Samples    Min:  0.0, Avg:  0.0, Max:  0.0, Diff:  0.0, Sum:  0.0, Workers: 4
[1976.462s][debug][gc,phases      ] GC(45)     Dead                           Min: 0, Avg:  0.0, Max: 0, Diff: 0, Sum: 0, Workers: 4
[1976.462s][debug][gc,phases      ] GC(45)     Total                          Min: 0, Avg:  0.0, Max: 0, Diff: 0, Sum: 0, Workers: 4
[1976.462s][debug][gc,phases      ] GC(45) Weak Processing 0.457ms
[1976.462s][debug][gc,age         ] GC(45) Desired survivor size 47710208 bytes, new threshold 1 (max threshold 15)
[1976.462s][info ][gc,heap        ] GC(45) PSYoungGen: 1999230K(2048512K)->12900K(2044928K) Eden: 1996288K(1996288K)->0K(1996288K) From: 2942K(52224K)->12900K(48640K)
[1976.462s][info ][gc,heap        ] GC(45) ParOldGen: 281158K(281600K)->281844K(282112K)
[1976.462s][info ][gc,metaspace   ] GC(45) Metaspace: 106382K(107712K)->106382K(107712K) NonClass: 90293K(91072K)->90293K(91072K) Class: 16088K(16640K)->16088K(16640K)
[1976.462s][info ][gc             ] GC(45) Pause Young (Allocation Failure) 2226M->287M(2272M) 8.881ms
[1976.463s][info ][gc,cpu         ] GC(45) User=0.03s Sys=0.00s Real=0.01s
[1976.463s][info ][safepoint      ] Safepoint "ParallelGCFailedAllocation", Time since last: 1830422974 ns, Reaching safepoint: 82803 ns, Cleanup: 8800 ns, At safepoint: 8966524 ns, Total: 9058127 ns
[1979.463s][info ][safepoint      ] Safepoint "Cleanup", Time since last: 3000284766 ns, Reaching safepoint: 84503 ns, Cleanup: 12401 ns, At safepoint: 7300 ns, Total: 104204 ns
[1982.637s][info ][safepoint      ] Safepoint "Cleanup", Time since last: 3173995458 ns, Reaching safepoint: 9101 ns, Cleanup: 15400 ns, At safepoint: 2800 ns, Total: 27301 ns
[1984.637s][info ][safepoint      ] Safepoint "Cleanup", Time since last: 2000241476 ns, Reaching safepoint: 7201 ns, Cleanup: 11600 ns, At safepoint: 2300 ns, Total: 21101 ns
[1990.638s][info ][safepoint      ] Safepoint "Cleanup", Time since last: 6000507447 ns, Reaching safepoint: 8901 ns, Cleanup: 17200 ns, At safepoint: 2900 ns, Total: 29001 ns
[1992.638s][info ][safepoint      ] Safepoint "Cleanup", Time since last: 2000213639 ns, Reaching safepoint: 9001 ns, Cleanup: 19901 ns, At safepoint: 3000 ns, Total: 31902 ns
[1996.638s][info ][safepoint      ] Safepoint "Cleanup", Time since last: 4000409177 ns, Reaching safepoint: 7601 ns, Cleanup: 11900 ns, At safepoint: 2600 ns, Total: 22101 ns
[1997.639s][info ][safepoint      ] Safepoint "Cleanup", Time since last: 1000142953 ns, Reaching safepoint: 7300 ns, Cleanup: 15100 ns, At safepoint: 2101 ns, Total: 24501 ns
[1999.639s][info ][safepoint      ] Safepoint "Cleanup", Time since last: 2000204232 ns, Reaching safepoint: 8900 ns, Cleanup: 18801 ns, At safepoint: 3000 ns, Total: 30701 ns
[2002.639s][info ][safepoint      ] Safepoint "Cleanup", Time since last: 3000323199 ns, Reaching safepoint: 8300 ns, Cleanup: 17201 ns, At safepoint: 2700 ns, Total: 28201 ns
[2007.640s][info ][safepoint      ] Safepoint "Cleanup", Time since last: 5000454928 ns, Reaching safepoint: 7800 ns, Cleanup: 20201 ns, At safepoint: 3300 ns, Total: 31301 ns
[2009.640s][info ][safepoint      ] Safepoint "Cleanup", Time since last: 2000223335 ns, Reaching safepoint: 7100 ns, Cleanup: 15701 ns, At safepoint: 2900 ns, Total: 25701 ns
[2011.640s][info ][safepoint      ] Safepoint "Cleanup", Time since last: 2000205835 ns, Reaching safepoint: 7700 ns, Cleanup: 13700 ns, At safepoint: 2700 ns, Total: 24100 ns
[2014.640s][info ][safepoint      ] Safepoint "Cleanup", Time since last: 3000302230 ns, Reaching safepoint: 7100 ns, Cleanup: 19701 ns, At safepoint: 2500 ns, Total: 29301 ns
[2015.871s][info ][safepoint      ] Safepoint "Cleanup", Time since last: 1230544235 ns, Reaching safepoint: 6700 ns, Cleanup: 50602 ns, At safepoint: 2500 ns, Total: 59802 ns
[2016.871s][info ][safepoint      ] Safepoint "Cleanup", Time since last: 1000115995 ns, Reaching safepoint: 7000 ns, Cleanup: 29201 ns, At safepoint: 2400 ns, Total: 38601 ns
[2017.871s][info ][safepoint      ] Safepoint "Cleanup", Time since last: 1000118296 ns, Reaching safepoint: 7200 ns, Cleanup: 10800 ns, At safepoint: 2300 ns, Total: 20300 ns
[2018.872s][info ][safepoint      ] Safepoint "Cleanup", Time since last: 1000133396 ns, Reaching safepoint: 7001 ns, Cleanup: 12000 ns, At safepoint: 2300 ns, Total: 21301 ns
[2019.872s][info ][safepoint      ] Safepoint "Cleanup", Time since last: 1000121996 ns, Reaching safepoint: 6400 ns, Cleanup: 10600 ns, At safepoint: 2400 ns, Total: 19400 ns
[2021.271s][info ][gc,start       ] GC(46) Pause Young (Allocation Failure)
[2021.281s][debug][gc,phases      ] GC(46) Scavenge 9.951ms
[2021.281s][debug][gc,ref         ] GC(46) ReferenceProcessor::execute queues: 1, RefProcThreadModel::Single, marks_oops_alive: false
[2021.281s][debug][gc,ref         ] GC(46) Skipped KeepAliveFinalRefsPhase of Reference Processing: no references
[2021.281s][debug][gc,ref         ] GC(46) ReferenceProcessor::execute queues: 1, RefProcThreadModel::Single, marks_oops_alive: false
[2021.281s][debug][gc,phases      ] GC(46) Reference Processing 0.125ms
[2021.281s][debug][gc,phases      ] GC(46)   VM Weak                        Min:  0.0, Avg:  0.0, Max:  0.0, Diff:  0.0, Sum:  0.0, Workers: 4
[2021.281s][debug][gc,phases      ] GC(46)     Dead                           Min: 0, Avg:  0.0, Max: 0, Diff: 0, Sum: 0, Workers: 4
[2021.281s][debug][gc,phases      ] GC(46)     Total                          Min: 0, Avg: 257.8, Max: 576, Diff: 576, Sum: 1031, Workers: 4
[2021.281s][debug][gc,phases      ] GC(46)   ObjectSynchronizer Weak        Min:  0.0, Avg:  0.0, Max:  0.0, Diff:  0.0, Sum:  0.0, Workers: 4
[2021.281s][debug][gc,phases      ] GC(46)     Dead                           Min: 0, Avg:  0.0, Max: 0, Diff: 0, Sum: 0, Workers: 4
[2021.281s][debug][gc,phases      ] GC(46)     Total                          Min: 0, Avg:  1.0, Max: 4, Diff: 4, Sum: 4, Workers: 4
[2021.281s][debug][gc,phases      ] GC(46)   JVMTI Tag Weak OopStorage      Min:  0.0, Avg:  0.0, Max:  0.0, Diff:  0.0, Sum:  0.0, Workers: 4
[2021.282s][debug][gc,phases      ] GC(46)     Dead                           Min: 0, Avg:  0.0, Max: 0, Diff: 0, Sum: 0, Workers: 4
[2021.282s][debug][gc,phases      ] GC(46)     Total                          Min: 0, Avg:  0.0, Max: 0, Diff: 0, Sum: 0, Workers: 4
[2021.282s][debug][gc,phases      ] GC(46)   StringTable Weak               Min:  0.0, Avg:  0.1, Max:  0.2, Diff:  0.2, Sum:  0.5, Workers: 4
[2021.282s][debug][gc,phases      ] GC(46)     Dead                           Min: 0, Avg:  0.5, Max: 2, Diff: 2, Sum: 2, Workers: 4
[2021.282s][debug][gc,phases      ] GC(46)     Total                          Min: 0, Avg: 11617.2, Max: 17413, Diff: 17413, Sum: 46469, Workers: 4
[2021.282s][debug][gc,phases      ] GC(46)   ResolvedMethodTable Weak       Min:  0.0, Avg:  0.0, Max:  0.1, Diff:  0.1, Sum:  0.2, Workers: 4
[2021.282s][debug][gc,phases      ] GC(46)     Dead                           Min: 0, Avg:  5.0, Max: 17, Diff: 17, Sum: 20, Workers: 4
[2021.282s][debug][gc,phases      ] GC(46)     Total                          Min: 0, Avg: 3875.2, Max: 5861, Diff: 5861, Sum: 15501, Workers: 4
[2021.282s][debug][gc,phases      ] GC(46)   JNI Weak                       Min:  0.0, Avg:  0.0, Max:  0.0, Diff:  0.0, Sum:  0.0, Workers: 4
[2021.282s][debug][gc,phases      ] GC(46)     Dead                           Min: 0, Avg:  0.0, Max: 0, Diff: 0, Sum: 0, Workers: 4
[2021.282s][debug][gc,phases      ] GC(46)     Total                          Min: 0, Avg: 13.0, Max: 52, Diff: 52, Sum: 52, Workers: 4
[2021.282s][debug][gc,phases      ] GC(46)   StringDedup Table Weak         Min:  0.0, Avg:  0.0, Max:  0.0, Diff:  0.0, Sum:  0.0, Workers: 4
[2021.282s][debug][gc,phases      ] GC(46)     Dead                           Min: 0, Avg:  0.0, Max: 0, Diff: 0, Sum: 0, Workers: 4
[2021.282s][debug][gc,phases      ] GC(46)     Total                          Min: 0, Avg:  0.0, Max: 0, Diff: 0, Sum: 0, Workers: 4
[2021.282s][debug][gc,phases      ] GC(46)   StringDedup Requests0 Weak     Min:  0.0, Avg:  0.0, Max:  0.0, Diff:  0.0, Sum:  0.0, Workers: 4
[2021.282s][debug][gc,phases      ] GC(46)     Dead                           Min: 0, Avg:  0.0, Max: 0, Diff: 0, Sum: 0, Workers: 4
[2021.282s][debug][gc,phases      ] GC(46)     Total                          Min: 0, Avg:  0.0, Max: 0, Diff: 0, Sum: 0, Workers: 4
[2021.282s][debug][gc,phases      ] GC(46)   StringDedup Requests1 Weak     Min:  0.0, Avg:  0.0, Max:  0.0, Diff:  0.0, Sum:  0.0, Workers: 4
[2021.282s][debug][gc,phases      ] GC(46)     Dead                           Min: 0, Avg:  0.0, Max: 0, Diff: 0, Sum: 0, Workers: 4
[2021.282s][debug][gc,phases      ] GC(46)     Total                          Min: 0, Avg:  0.0, Max: 0, Diff: 0, Sum: 0, Workers: 4
[2021.282s][debug][gc,phases      ] GC(46)   Weak JFR Old Object Samples    Min:  0.0, Avg:  0.0, Max:  0.0, Diff:  0.0, Sum:  0.0, Workers: 4
[2021.282s][debug][gc,phases      ] GC(46)     Dead                           Min: 0, Avg:  0.0, Max: 0, Diff: 0, Sum: 0, Workers: 4
[2021.282s][debug][gc,phases      ] GC(46)     Total                          Min: 0, Avg:  0.0, Max: 0, Diff: 0, Sum: 0, Workers: 4
[2021.282s][debug][gc,phases      ] GC(46) Weak Processing 0.459ms
[2021.282s][debug][gc,age         ] GC(46) Desired survivor size 44564480 bytes, new threshold 1 (max threshold 15)
[2021.282s][info ][gc,heap        ] GC(46) PSYoungGen: 2009188K(2044928K)->2998K(2053632K) Eden: 1996288K(1996288K)->0K(2007040K) From: 12900K(48640K)->2998K(46592K)
[2021.282s][info ][gc,heap        ] GC(46) ParOldGen: 281844K(282112K)->293641K(293888K)
[2021.282s][info ][gc,metaspace   ] GC(46) Metaspace: 106509K(107904K)->106509K(107904K) NonClass: 90394K(91200K)->90394K(91200K) Class: 16115K(16704K)->16115K(16704K)
[2021.282s][info ][gc             ] GC(46) Pause Young (Allocation Failure) 2237M->289M(2292M) 10.668ms
[2021.282s][info ][gc,cpu         ] GC(46) User=0.03s Sys=0.01s Real=0.01s
[2021.282s][info ][safepoint      ] Safepoint "ParallelGCFailedAllocation", Time since last: 1399308343 ns, Reaching safepoint: 5600 ns, Cleanup: 4100 ns, At safepoint: 10740289 ns, Total: 10749989 ns
[2023.282s][info ][safepoint      ] Safepoint "Cleanup", Time since last: 2000160841 ns, Reaching safepoint: 7000 ns, Cleanup: 10701 ns, At safepoint: 2500 ns, Total: 20201 ns
[2025.282s][info ][safepoint      ] Safepoint "Cleanup", Time since last: 2000213913 ns, Reaching safepoint: 7000 ns, Cleanup: 16800 ns, At safepoint: 2500 ns, Total: 26300 ns
[2026.282s][info ][safepoint      ] Safepoint "Cleanup", Time since last: 1000115907 ns, Reaching safepoint: 6200 ns, Cleanup: 16501 ns, At safepoint: 2300 ns, Total: 25001 ns
[2028.283s][info ][safepoint      ] Safepoint "Cleanup", Time since last: 2000180911 ns, Reaching safepoint: 6701 ns, Cleanup: 10300 ns, At safepoint: 2400 ns, Total: 19401 ns
[2030.283s][info ][safepoint      ] Safepoint "Cleanup", Time since last: 2000204068 ns, Reaching safepoint: 6000 ns, Cleanup: 11600 ns, At safepoint: 2200 ns, Total: 19800 ns
[2032.283s][info ][safepoint      ] Safepoint "Cleanup", Time since last: 2000186106 ns, Reaching safepoint: 5901 ns, Cleanup: 20500 ns, At safepoint: 2000 ns, Total: 28401 ns
[2033.283s][info ][safepoint      ] Safepoint "Cleanup", Time since last: 1000112404 ns, Reaching safepoint: 6900 ns, Cleanup: 16801 ns, At safepoint: 2400 ns, Total: 26101 ns
[2034.283s][info ][safepoint      ] Safepoint "Cleanup", Time since last: 1000115904 ns, Reaching safepoint: 6400 ns, Cleanup: 14101 ns, At safepoint: 2600 ns, Total: 23101 ns
[2035.283s][info ][safepoint      ] Safepoint "Cleanup", Time since last: 1000116604 ns, Reaching safepoint: 6900 ns, Cleanup: 14801 ns, At safepoint: 2300 ns, Total: 24001 ns
[2036.283s][info ][safepoint      ] Safepoint "Cleanup", Time since last: 1000109303 ns, Reaching safepoint: 6700 ns, Cleanup: 12001 ns, At safepoint: 2400 ns, Total: 21101 ns
[2038.284s][info ][safepoint      ] Safepoint "Cleanup", Time since last: 2000188561 ns, Reaching safepoint: 5800 ns, Cleanup: 24401 ns, At safepoint: 2200 ns, Total: 32401 ns
[2039.284s][info ][safepoint      ] Safepoint "Cleanup", Time since last: 1000116075 ns, Reaching safepoint: 6300 ns, Cleanup: 9801 ns, At safepoint: 2300 ns, Total: 18401 ns
[2040.284s][info ][safepoint      ] Safepoint "Cleanup", Time since last: 1000110875 ns, Reaching safepoint: 6900 ns, Cleanup: 10400 ns, At safepoint: 2301 ns, Total: 19601 ns
[2041.655s][info ][safepoint      ] Safepoint "Cleanup", Time since last: 1371202134 ns, Reaching safepoint: 6000 ns, Cleanup: 11601 ns, At safepoint: 2200 ns, Total: 19801 ns
[2042.655s][info ][safepoint      ] Safepoint "Cleanup", Time since last: 1000120375 ns, Reaching safepoint: 6000 ns, Cleanup: 23301 ns, At safepoint: 2400 ns, Total: 31701 ns
[2043.656s][info ][safepoint      ] Safepoint "Cleanup", Time since last: 1000116875 ns, Reaching safepoint: 6001 ns, Cleanup: 48801 ns, At safepoint: 2301 ns, Total: 57103 ns
[2044.656s][info ][safepoint      ] Safepoint "Cleanup", Time since last: 1000113775 ns, Reaching safepoint: 6500 ns, Cleanup: 39101 ns, At safepoint: 2400 ns, Total: 48001 ns
[2046.523s][info ][safepoint      ] Safepoint "Cleanup", Time since last: 1867091313 ns, Reaching safepoint: 6800 ns, Cleanup: 122604 ns, At safepoint: 2500 ns, Total: 131904 ns
[2047.523s][info ][safepoint      ] Safepoint "Cleanup", Time since last: 1000115465 ns, Reaching safepoint: 6001 ns, Cleanup: 35701 ns, At safepoint: 2200 ns, Total: 43902 ns
[2048.523s][info ][safepoint      ] Safepoint "Cleanup", Time since last: 1000145666 ns, Reaching safepoint: 7300 ns, Cleanup: 20101 ns, At safepoint: 2900 ns, Total: 30301 ns
[2049.523s][info ][safepoint      ] Safepoint "Cleanup", Time since last: 1000119365 ns, Reaching safepoint: 7001 ns, Cleanup: 17400 ns, At safepoint: 2400 ns, Total: 26801 ns
[2050.524s][info ][safepoint      ] Safepoint "Cleanup", Time since last: 1000149567 ns, Reaching safepoint: 7300 ns, Cleanup: 38701 ns, At safepoint: 3500 ns, Total: 49501 ns
[2051.524s][info ][safepoint      ] Safepoint "Cleanup", Time since last: 1000130966 ns, Reaching safepoint: 7400 ns, Cleanup: 18101 ns, At safepoint: 2400 ns, Total: 27901 ns
[2052.524s][info ][safepoint      ] Safepoint "Cleanup", Time since last: 1000114965 ns, Reaching safepoint: 6400 ns, Cleanup: 13601 ns, At safepoint: 2200 ns, Total: 22201 ns
[2053.524s][info ][safepoint      ] Safepoint "Cleanup", Time since last: 1000116865 ns, Reaching safepoint: 5800 ns, Cleanup: 6900 ns, At safepoint: 2400 ns, Total: 15100 ns
[2055.524s][info ][safepoint      ] Safepoint "Cleanup", Time since last: 2000172239 ns, Reaching safepoint: 6300 ns, Cleanup: 14801 ns, At safepoint: 1900 ns, Total: 23001 ns
[2055.760s][info ][gc,start       ] GC(47) Pause Young (Allocation Failure)
[2055.775s][debug][gc,phases      ] GC(47) Scavenge 14.943ms
[2055.775s][debug][gc,ref         ] GC(47) ReferenceProcessor::execute queues: 1, RefProcThreadModel::Single, marks_oops_alive: false
[2055.775s][debug][gc,ref         ] GC(47) Skipped KeepAliveFinalRefsPhase of Reference Processing: no references
[2055.775s][debug][gc,ref         ] GC(47) ReferenceProcessor::execute queues: 1, RefProcThreadModel::Single, marks_oops_alive: false
[2055.775s][debug][gc,phases      ] GC(47) Reference Processing 0.136ms
[2055.775s][debug][gc,phases      ] GC(47)   VM Weak                        Min:  0.0, Avg:  0.0, Max:  0.0, Diff:  0.0, Sum:  0.0, Workers: 4
[2055.775s][debug][gc,phases      ] GC(47)     Dead                           Min: 0, Avg:  0.0, Max: 0, Diff: 0, Sum: 0, Workers: 4
[2055.775s][debug][gc,phases      ] GC(47)     Total                          Min: 0, Avg: 260.0, Max: 912, Diff: 912, Sum: 1040, Workers: 4
[2055.775s][debug][gc,phases      ] GC(47)   ObjectSynchronizer Weak        Min:  0.0, Avg:  0.0, Max:  0.0, Diff:  0.0, Sum:  0.0, Workers: 4
[2055.775s][debug][gc,phases      ] GC(47)     Dead                           Min: 0, Avg:  0.0, Max: 0, Diff: 0, Sum: 0, Workers: 4
[2055.775s][debug][gc,phases      ] GC(47)     Total                          Min: 0, Avg:  1.2, Max: 5, Diff: 5, Sum: 5, Workers: 4
[2055.775s][debug][gc,phases      ] GC(47)   JVMTI Tag Weak OopStorage      Min:  0.0, Avg:  0.0, Max:  0.0, Diff:  0.0, Sum:  0.0, Workers: 4
[2055.775s][debug][gc,phases      ] GC(47)     Dead                           Min: 0, Avg:  0.0, Max: 0, Diff: 0, Sum: 0, Workers: 4
[2055.775s][debug][gc,phases      ] GC(47)     Total                          Min: 0, Avg:  0.0, Max: 0, Diff: 0, Sum: 0, Workers: 4
[2055.775s][debug][gc,phases      ] GC(47)   StringTable Weak               Min:  0.0, Avg:  0.1, Max:  0.2, Diff:  0.2, Sum:  0.5, Workers: 4
[2055.775s][debug][gc,phases      ] GC(47)     Dead                           Min: 0, Avg:  1.2, Max: 4, Diff: 4, Sum: 5, Workers: 4
[2055.775s][debug][gc,phases      ] GC(47)     Total                          Min: 0, Avg: 11637.5, Max: 16854, Diff: 16854, Sum: 46550, Workers: 4
[2055.775s][debug][gc,phases      ] GC(47)   ResolvedMethodTable Weak       Min:  0.0, Avg:  0.0, Max:  0.1, Diff:  0.1, Sum:  0.2, Workers: 4
[2055.775s][debug][gc,phases      ] GC(47)     Dead                           Min: 0, Avg:  6.0, Max: 16, Diff: 16, Sum: 24, Workers: 4
[2055.775s][debug][gc,phases      ] GC(47)     Total                          Min: 0, Avg: 3898.2, Max: 5829, Diff: 5829, Sum: 15593, Workers: 4
[2055.775s][debug][gc,phases      ] GC(47)   JNI Weak                       Min:  0.0, Avg:  0.0, Max:  0.0, Diff:  0.0, Sum:  0.0, Workers: 4
[2055.775s][debug][gc,phases      ] GC(47)     Dead                           Min: 0, Avg:  0.0, Max: 0, Diff: 0, Sum: 0, Workers: 4
[2055.775s][debug][gc,phases      ] GC(47)     Total                          Min: 0, Avg: 13.0, Max: 52, Diff: 52, Sum: 52, Workers: 4
[2055.775s][debug][gc,phases      ] GC(47)   StringDedup Table Weak         Min:  0.0, Avg:  0.0, Max:  0.0, Diff:  0.0, Sum:  0.0, Workers: 4
[2055.775s][debug][gc,phases      ] GC(47)     Dead                           Min: 0, Avg:  0.0, Max: 0, Diff: 0, Sum: 0, Workers: 4
[2055.775s][debug][gc,phases      ] GC(47)     Total                          Min: 0, Avg:  0.0, Max: 0, Diff: 0, Sum: 0, Workers: 4
[2055.775s][debug][gc,phases      ] GC(47)   StringDedup Requests0 Weak     Min:  0.0, Avg:  0.0, Max:  0.0, Diff:  0.0, Sum:  0.0, Workers: 4
[2055.776s][debug][gc,phases      ] GC(47)     Dead                           Min: 0, Avg:  0.0, Max: 0, Diff: 0, Sum: 0, Workers: 4
[2055.776s][debug][gc,phases      ] GC(47)     Total                          Min: 0, Avg:  0.0, Max: 0, Diff: 0, Sum: 0, Workers: 4
[2055.776s][debug][gc,phases      ] GC(47)   StringDedup Requests1 Weak     Min:  0.0, Avg:  0.0, Max:  0.0, Diff:  0.0, Sum:  0.0, Workers: 4
[2055.776s][debug][gc,phases      ] GC(47)     Dead                           Min: 0, Avg:  0.0, Max: 0, Diff: 0, Sum: 0, Workers: 4
[2055.776s][debug][gc,phases      ] GC(47)     Total                          Min: 0, Avg:  0.0, Max: 0, Diff: 0, Sum: 0, Workers: 4
[2055.776s][debug][gc,phases      ] GC(47)   Weak JFR Old Object Samples    Min:  0.0, Avg:  0.0, Max:  0.0, Diff:  0.0, Sum:  0.0, Workers: 4
[2055.776s][debug][gc,phases      ] GC(47)     Dead                           Min: 0, Avg:  0.0, Max: 0, Diff: 0, Sum: 0, Workers: 4
[2055.776s][debug][gc,phases      ] GC(47)     Total                          Min: 0, Avg:  0.0, Max: 0, Diff: 0, Sum: 0, Workers: 4
[2055.776s][debug][gc,phases      ] GC(47) Weak Processing 0.496ms
[2055.776s][debug][gc,age         ] GC(47) Desired survivor size 50331648 bytes, new threshold 1 (max threshold 15)
[2055.776s][info ][gc,heap        ] GC(47) PSYoungGen: 2010038K(2053632K)->31758K(2039296K) Eden: 2007040K(2007040K)->0K(2007040K) From: 2998K(46592K)->31758K(32256K)
[2055.776s][info ][gc,heap        ] GC(47) ParOldGen: 293641K(293888K)->294306K(294400K)
[2055.776s][info ][gc,metaspace   ] GC(47) Metaspace: 106796K(108096K)->106796K(108096K) NonClass: 90648K(91392K)->90648K(91392K) Class: 16147K(16704K)->16147K(16704K)
[2055.776s][info ][gc             ] GC(47) Pause Young (Allocation Failure) 2249M->318M(2279M) 15.731ms
[2055.776s][info ][gc,cpu         ] GC(47) User=0.06s Sys=0.00s Real=0.02s
[2055.776s][info ][safepoint      ] Safepoint "ParallelGCFailedAllocation", Time since last: 235556143 ns, Reaching safepoint: 78502 ns, Cleanup: 8101 ns, At safepoint: 15812573 ns, Total: 15899176 ns
[2056.776s][info ][safepoint      ] Safepoint "Cleanup", Time since last: 1000087970 ns, Reaching safepoint: 6400 ns, Cleanup: 24001 ns, At safepoint: 2400 ns, Total: 32801 ns
[2057.776s][info ][safepoint      ] Safepoint "Cleanup", Time since last: 1000124171 ns, Reaching safepoint: 6400 ns, Cleanup: 52502 ns, At safepoint: 2400 ns, Total: 61302 ns
[2058.776s][info ][safepoint      ] Safepoint "Cleanup", Time since last: 1000121571 ns, Reaching safepoint: 6901 ns, Cleanup: 66102 ns, At safepoint: 2700 ns, Total: 75703 ns
[2059.776s][info ][safepoint      ] Safepoint "Cleanup", Time since last: 1000114171 ns, Reaching safepoint: 7000 ns, Cleanup: 36301 ns, At safepoint: 2501 ns, Total: 45802 ns
[2060.204s][info ][gc,start       ] GC(48) Pause Young (CodeCache GC Threshold)
[2060.224s][debug][gc,phases      ] GC(48) Scavenge 19.736ms
[2060.224s][debug][gc,ref         ] GC(48) ReferenceProcessor::execute queues: 1, RefProcThreadModel::Single, marks_oops_alive: false
[2060.224s][debug][gc,ref         ] GC(48) Skipped KeepAliveFinalRefsPhase of Reference Processing: no references
[2060.224s][debug][gc,ref         ] GC(48) ReferenceProcessor::execute queues: 1, RefProcThreadModel::Single, marks_oops_alive: false
[2060.224s][debug][gc,phases      ] GC(48) Reference Processing 0.119ms
[2060.225s][debug][gc,phases      ] GC(48)   VM Weak                        Min:  0.0, Avg:  0.0, Max:  0.0, Diff:  0.0, Sum:  0.0, Workers: 4
[2060.225s][debug][gc,phases      ] GC(48)     Dead                           Min: 0, Avg:  0.0, Max: 0, Diff: 0, Sum: 0, Workers: 4
[2060.225s][debug][gc,phases      ] GC(48)     Total                          Min: 0, Avg: 260.0, Max: 784, Diff: 784, Sum: 1040, Workers: 4
[2060.225s][debug][gc,phases      ] GC(48)   ObjectSynchronizer Weak        Min:  0.0, Avg:  0.0, Max:  0.0, Diff:  0.0, Sum:  0.0, Workers: 4
[2060.225s][debug][gc,phases      ] GC(48)     Dead                           Min: 0, Avg:  0.0, Max: 0, Diff: 0, Sum: 0, Workers: 4
[2060.225s][debug][gc,phases      ] GC(48)     Total                          Min: 0, Avg:  1.2, Max: 5, Diff: 5, Sum: 5, Workers: 4
[2060.225s][debug][gc,phases      ] GC(48)   JVMTI Tag Weak OopStorage      Min:  0.0, Avg:  0.0, Max:  0.0, Diff:  0.0, Sum:  0.0, Workers: 4
[2060.225s][debug][gc,phases      ] GC(48)     Dead                           Min: 0, Avg:  0.0, Max: 0, Diff: 0, Sum: 0, Workers: 4
[2060.225s][debug][gc,phases      ] GC(48)     Total                          Min: 0, Avg:  0.0, Max: 0, Diff: 0, Sum: 0, Workers: 4
[2060.225s][debug][gc,phases      ] GC(48)   StringTable Weak               Min:  0.0, Avg:  0.1, Max:  0.1, Diff:  0.1, Sum:  0.4, Workers: 4
[2060.225s][debug][gc,phases      ] GC(48)     Dead                           Min: 0, Avg:  0.2, Max: 1, Diff: 1, Sum: 1, Workers: 4
[2060.225s][debug][gc,phases      ] GC(48)     Total                          Min: 0, Avg: 11639.5, Max: 16159, Diff: 16159, Sum: 46558, Workers: 4
[2060.225s][debug][gc,phases      ] GC(48)   ResolvedMethodTable Weak       Min:  0.0, Avg:  0.0, Max:  0.1, Diff:  0.1, Sum:  0.2, Workers: 4
[2060.225s][debug][gc,phases      ] GC(48)     Dead                           Min: 0, Avg:  0.5, Max: 2, Diff: 2, Sum: 2, Workers: 4
[2060.225s][debug][gc,phases      ] GC(48)     Total                          Min: 0, Avg: 3899.2, Max: 5878, Diff: 5878, Sum: 15597, Workers: 4
[2060.225s][debug][gc,phases      ] GC(48)   JNI Weak                       Min:  0.0, Avg:  0.0, Max:  0.0, Diff:  0.0, Sum:  0.0, Workers: 4
[2060.225s][debug][gc,phases      ] GC(48)     Dead                           Min: 0, Avg:  0.0, Max: 0, Diff: 0, Sum: 0, Workers: 4
[2060.225s][debug][gc,phases      ] GC(48)     Total                          Min: 0, Avg: 13.0, Max: 52, Diff: 52, Sum: 52, Workers: 4
[2060.225s][debug][gc,phases      ] GC(48)   StringDedup Table Weak         Min:  0.0, Avg:  0.0, Max:  0.0, Diff:  0.0, Sum:  0.0, Workers: 4
[2060.225s][debug][gc,phases      ] GC(48)     Dead                           Min: 0, Avg:  0.0, Max: 0, Diff: 0, Sum: 0, Workers: 4
[2060.225s][debug][gc,phases      ] GC(48)     Total                          Min: 0, Avg:  0.0, Max: 0, Diff: 0, Sum: 0, Workers: 4
[2060.225s][debug][gc,phases      ] GC(48)   StringDedup Requests0 Weak     Min:  0.0, Avg:  0.0, Max:  0.0, Diff:  0.0, Sum:  0.0, Workers: 4
[2060.225s][debug][gc,phases      ] GC(48)     Dead                           Min: 0, Avg:  0.0, Max: 0, Diff: 0, Sum: 0, Workers: 4
[2060.225s][debug][gc,phases      ] GC(48)     Total                          Min: 0, Avg:  0.0, Max: 0, Diff: 0, Sum: 0, Workers: 4
[2060.225s][debug][gc,phases      ] GC(48)   StringDedup Requests1 Weak     Min:  0.0, Avg:  0.0, Max:  0.0, Diff:  0.0, Sum:  0.0, Workers: 4
[2060.225s][debug][gc,phases      ] GC(48)     Dead                           Min: 0, Avg:  0.0, Max: 0, Diff: 0, Sum: 0, Workers: 4
[2060.225s][debug][gc,phases      ] GC(48)     Total                          Min: 0, Avg:  0.0, Max: 0, Diff: 0, Sum: 0, Workers: 4
[2060.225s][debug][gc,phases      ] GC(48)   Weak JFR Old Object Samples    Min:  0.0, Avg:  0.0, Max:  0.0, Diff:  0.0, Sum:  0.0, Workers: 4
[2060.225s][debug][gc,phases      ] GC(48)     Dead                           Min: 0, Avg:  0.0, Max: 0, Diff: 0, Sum: 0, Workers: 4
[2060.225s][debug][gc,phases      ] GC(48)     Total                          Min: 0, Avg:  0.0, Max: 0, Diff: 0, Sum: 0, Workers: 4
[2060.225s][debug][gc,phases      ] GC(48) Weak Processing 0.445ms
[2060.225s][debug][gc,age         ] GC(48) Desired survivor size 49283072 bytes, new threshold 1 (max threshold 15)
[2060.225s][info ][gc,heap        ] GC(48) PSYoungGen: 594970K(2039296K)->17808K(2049024K) Eden: 563211K(2007040K)->0K(1999872K) From: 31758K(32256K)->17808K(49152K)
[2060.225s][info ][gc,heap        ] GC(48) ParOldGen: 294306K(294400K)->325802K(326144K)
[2060.225s][info ][gc,metaspace   ] GC(48) Metaspace: 106830K(108224K)->106830K(108224K) NonClass: 90681K(91456K)->90681K(91456K) Class: 16149K(16768K)->16149K(16768K)
[2060.225s][info ][gc             ] GC(48) Pause Young (CodeCache GC Threshold) 868M->335M(2319M) 20.439ms
[2060.225s][info ][gc,cpu         ] GC(48) User=0.06s Sys=0.01s Real=0.02s
[2060.225s][debug][gc,phases      ] GC(49) Pre Compact 0.009ms
[2060.225s][info ][gc,start       ] GC(49) Pause Full (CodeCache GC Threshold)
[2060.225s][info ][gc,phases,start] GC(49) Marking Phase
[2060.314s][debug][gc,phases      ] GC(49) Par Mark 89.524ms
[2060.315s][debug][gc,ref         ] GC(49) ReferenceProcessor::execute queues: 4, RefProcThreadModel::Multi, marks_oops_alive: false
[2060.315s][debug][gc,ref         ] GC(49) ReferenceProcessor::execute queues: 4, RefProcThreadModel::Multi, marks_oops_alive: true
[2060.316s][debug][gc,ref         ] GC(49) ReferenceProcessor::execute queues: 1, RefProcThreadModel::Single, marks_oops_alive: false
[2060.316s][debug][gc,phases      ] GC(49) Reference Processing 1.532ms
[2060.316s][debug][gc,phases      ] GC(49)   VM Weak                        Min:  0.0, Avg:  0.0, Max:  0.0, Diff:  0.0, Sum:  0.0, Workers: 4
[2060.316s][debug][gc,phases      ] GC(49)     Dead                           Min: 0, Avg:  0.0, Max: 0, Diff: 0, Sum: 0, Workers: 4
[2060.316s][debug][gc,phases      ] GC(49)     Total                          Min: 0, Avg: 260.0, Max: 576, Diff: 576, Sum: 1040, Workers: 4
[2060.316s][debug][gc,phases      ] GC(49)   ObjectSynchronizer Weak        Min:  0.0, Avg:  0.0, Max:  0.0, Diff:  0.0, Sum:  0.0, Workers: 4
[2060.316s][debug][gc,phases      ] GC(49)     Dead                           Min: 0, Avg:  0.0, Max: 0, Diff: 0, Sum: 0, Workers: 4
[2060.316s][debug][gc,phases      ] GC(49)     Total                          Min: 0, Avg:  1.2, Max: 5, Diff: 5, Sum: 5, Workers: 4
[2060.316s][debug][gc,phases      ] GC(49)   JVMTI Tag Weak OopStorage      Min:  0.0, Avg:  0.0, Max:  0.0, Diff:  0.0, Sum:  0.0, Workers: 4
[2060.316s][debug][gc,phases      ] GC(49)     Dead                           Min: 0, Avg:  0.0, Max: 0, Diff: 0, Sum: 0, Workers: 4
[2060.316s][debug][gc,phases      ] GC(49)     Total                          Min: 0, Avg:  0.0, Max: 0, Diff: 0, Sum: 0, Workers: 4
[2060.316s][debug][gc,phases      ] GC(49)   StringTable Weak               Min:  0.0, Avg:  0.2, Max:  0.2, Diff:  0.2, Sum:  0.7, Workers: 4
[2060.316s][debug][gc,phases      ] GC(49)     Dead                           Min: 0, Avg:  0.0, Max: 0, Diff: 0, Sum: 0, Workers: 4
[2060.316s][debug][gc,phases      ] GC(49)     Total                          Min: 0, Avg: 11639.5, Max: 18655, Diff: 18655, Sum: 46558, Workers: 4
[2060.316s][debug][gc,phases      ] GC(49)   ResolvedMethodTable Weak       Min:  0.0, Avg:  0.1, Max:  0.1, Diff:  0.1, Sum:  0.2, Workers: 4
[2060.316s][debug][gc,phases      ] GC(49)     Dead                           Min: 0, Avg:  0.0, Max: 0, Diff: 0, Sum: 0, Workers: 4
[2060.316s][debug][gc,phases      ] GC(49)     Total                          Min: 0, Avg: 3899.2, Max: 6419, Diff: 6419, Sum: 15597, Workers: 4
[2060.316s][debug][gc,phases      ] GC(49)   JNI Weak                       Min:  0.0, Avg:  0.0, Max:  0.0, Diff:  0.0, Sum:  0.0, Workers: 4
[2060.316s][debug][gc,phases      ] GC(49)     Dead                           Min: 0, Avg:  0.0, Max: 0, Diff: 0, Sum: 0, Workers: 4
[2060.316s][debug][gc,phases      ] GC(49)     Total                          Min: 0, Avg: 13.0, Max: 52, Diff: 52, Sum: 52, Workers: 4
[2060.316s][debug][gc,phases      ] GC(49)   StringDedup Table Weak         Min:  0.0, Avg:  0.0, Max:  0.0, Diff:  0.0, Sum:  0.0, Workers: 4
[2060.316s][debug][gc,phases      ] GC(49)     Dead                           Min: 0, Avg:  0.0, Max: 0, Diff: 0, Sum: 0, Workers: 4
[2060.316s][debug][gc,phases      ] GC(49)     Total                          Min: 0, Avg:  0.0, Max: 0, Diff: 0, Sum: 0, Workers: 4
[2060.316s][debug][gc,phases      ] GC(49)   StringDedup Requests0 Weak     Min:  0.0, Avg:  0.0, Max:  0.0, Diff:  0.0, Sum:  0.0, Workers: 4
[2060.316s][debug][gc,phases      ] GC(49)     Dead                           Min: 0, Avg:  0.0, Max: 0, Diff: 0, Sum: 0, Workers: 4
[2060.316s][debug][gc,phases      ] GC(49)     Total                          Min: 0, Avg:  0.0, Max: 0, Diff: 0, Sum: 0, Workers: 4
[2060.316s][debug][gc,phases      ] GC(49)   StringDedup Requests1 Weak     Min:  0.0, Avg:  0.0, Max:  0.0, Diff:  0.0, Sum:  0.0, Workers: 4
[2060.316s][debug][gc,phases      ] GC(49)     Dead                           Min: 0, Avg:  0.0, Max: 0, Diff: 0, Sum: 0, Workers: 4
[2060.316s][debug][gc,phases      ] GC(49)     Total                          Min: 0, Avg:  0.0, Max: 0, Diff: 0, Sum: 0, Workers: 4
[2060.316s][debug][gc,phases      ] GC(49)   Weak JFR Old Object Samples    Min:  0.0, Avg:  0.0, Max:  0.0, Diff:  0.0, Sum:  0.0, Workers: 4
[2060.317s][debug][gc,phases      ] GC(49)     Dead                           Min: 0, Avg:  0.0, Max: 0, Diff: 0, Sum: 0, Workers: 4
[2060.317s][debug][gc,phases      ] GC(49)     Total                          Min: 0, Avg:  0.0, Max: 0, Diff: 0, Sum: 0, Workers: 4
[2060.317s][debug][gc,phases      ] GC(49) Weak Processing 0.558ms
[2060.317s][debug][gc,phases      ] GC(49) ClassLoaderData 0.147ms
[2060.317s][debug][gc,phases      ] GC(49) Trigger cleanups 0.000ms
[2060.379s][debug][gc,phases      ] GC(49) Purge Unlinked NMethods 2.460ms
[2060.379s][debug][gc,phases      ] GC(49) Unregister NMethods 0.001ms
[2060.380s][debug][gc,phases      ] GC(49) Free Code Blobs 0.339ms
[2060.380s][debug][gc,phases      ] GC(49) Class Unloading 63.173ms
[2060.380s][debug][gc,phases      ] GC(49) Report Object Count 0.001ms
[2060.380s][info ][gc,phases      ] GC(49) Marking Phase 154.869ms
[2060.380s][info ][gc,phases,start] GC(49) Summary Phase
[2060.380s][info ][gc,phases      ] GC(49) Summary Phase 0.016ms
[2060.380s][info ][gc,phases,start] GC(49) Adjust Roots
[2060.402s][info ][gc,phases      ] GC(49) Adjust Roots 22.350ms
[2060.402s][info ][gc,phases,start] GC(49) Compaction Phase
[2060.506s][info ][gc,phases      ] GC(49) Compaction Phase 103.511ms
[2060.506s][info ][gc,phases,start] GC(49) Post Compact
[2060.508s][debug][gc,phases      ] GC(49) Purge Class Loader Data 0.845ms
[2060.508s][info ][gc,phases      ] GC(49) Post Compact 1.891ms
[2060.508s][info ][gc,heap        ] GC(49) PSYoungGen: 17808K(2049024K)->0K(2049024K) Eden: 0K(1999872K)->0K(1999872K) From: 17808K(49152K)->0K(49152K)
[2060.508s][info ][gc,heap        ] GC(49) ParOldGen: 325802K(326144K)->280849K(326144K)
[2060.508s][info ][gc,metaspace   ] GC(49) Metaspace: 106830K(108224K)->106830K(108224K) NonClass: 90681K(91456K)->90681K(91456K) Class: 16149K(16768K)->16149K(16768K)
[2060.508s][info ][gc             ] GC(49) Pause Full (CodeCache GC Threshold) 335M->274M(2319M) 282.801ms
[2060.508s][info ][gc,cpu         ] GC(49) User=0.82s Sys=0.01s Real=0.29s
[2060.508s][info ][safepoint      ] Safepoint "ParallelGCSystemGC", Time since last: 427934519 ns, Reaching safepoint: 5700 ns, Cleanup: 30802 ns, At safepoint: 303385402 ns, Total: 303421904 ns
[2061.508s][info ][safepoint      ] Safepoint "Cleanup", Time since last: 1000092770 ns, Reaching safepoint: 6301 ns, Cleanup: 136204 ns, At safepoint: 3001 ns, Total: 145506 ns
[2063.154s][info ][safepoint      ] Safepoint "Cleanup", Time since last: 1645868993 ns, Reaching safepoint: 6301 ns, Cleanup: 50501 ns, At safepoint: 2401 ns, Total: 59203 ns
[2064.154s][info ][safepoint      ] Safepoint "Cleanup", Time since last: 1000113005 ns, Reaching safepoint: 7000 ns, Cleanup: 15801 ns, At safepoint: 2700 ns, Total: 25501 ns
[2065.154s][info ][safepoint      ] Safepoint "Cleanup", Time since last: 1000107805 ns, Reaching safepoint: 6201 ns, Cleanup: 25900 ns, At safepoint: 2201 ns, Total: 34302 ns
[2066.154s][info ][safepoint      ] Safepoint "Cleanup", Time since last: 1000117705 ns, Reaching safepoint: 6200 ns, Cleanup: 22301 ns, At safepoint: 2100 ns, Total: 30601 ns
[2067.154s][info ][safepoint      ] Safepoint "Cleanup", Time since last: 1000115806 ns, Reaching safepoint: 6300 ns, Cleanup: 13401 ns, At safepoint: 2400 ns, Total: 22101 ns
[2068.155s][info ][safepoint      ] Safepoint "Cleanup", Time since last: 1000115105 ns, Reaching safepoint: 6201 ns, Cleanup: 9000 ns, At safepoint: 2400 ns, Total: 17601 ns
[2069.155s][info ][safepoint      ] Safepoint "Cleanup", Time since last: 1000116506 ns, Reaching safepoint: 5900 ns, Cleanup: 16200 ns, At safepoint: 2201 ns, Total: 24301 ns
[2070.155s][info ][safepoint      ] Safepoint "Cleanup", Time since last: 1000114761 ns, Reaching safepoint: 6601 ns, Cleanup: 17700 ns, At safepoint: 2100 ns, Total: 26401 ns
[2071.155s][info ][safepoint      ] Safepoint "Cleanup", Time since last: 1000115626 ns, Reaching safepoint: 5900 ns, Cleanup: 11600 ns, At safepoint: 2200 ns, Total: 19700 ns
[2072.155s][info ][safepoint      ] Safepoint "Cleanup", Time since last: 1000127526 ns, Reaching safepoint: 6800 ns, Cleanup: 11701 ns, At safepoint: 7600 ns, Total: 26101 ns
[2073.155s][info ][safepoint      ] Safepoint "Cleanup", Time since last: 1000142126 ns, Reaching safepoint: 6701 ns, Cleanup: 13100 ns, At safepoint: 2500 ns, Total: 22301 ns
[2074.155s][info ][safepoint      ] Safepoint "Cleanup", Time since last: 1000114725 ns, Reaching safepoint: 6701 ns, Cleanup: 11100 ns, At safepoint: 2100 ns, Total: 19901 ns
[2075.156s][info ][safepoint      ] Safepoint "Cleanup", Time since last: 1000112125 ns, Reaching safepoint: 6201 ns, Cleanup: 14500 ns, At safepoint: 2100 ns, Total: 22801 ns
[2076.156s][info ][safepoint      ] Safepoint "Cleanup", Time since last: 1000145027 ns, Reaching safepoint: 7100 ns, Cleanup: 11100 ns, At safepoint: 2600 ns, Total: 20800 ns
[2077.156s][info ][safepoint      ] Safepoint "Cleanup", Time since last: 1000112026 ns, Reaching safepoint: 6500 ns, Cleanup: 23901 ns, At safepoint: 2100 ns, Total: 32501 ns
[2078.156s][info ][safepoint      ] Safepoint "Cleanup", Time since last: 1000113905 ns, Reaching safepoint: 6700 ns, Cleanup: 17101 ns, At safepoint: 2200 ns, Total: 26001 ns
[2080.156s][info ][safepoint      ] Safepoint "Cleanup", Time since last: 2000214662 ns, Reaching safepoint: 7500 ns, Cleanup: 20001 ns, At safepoint: 2700 ns, Total: 30201 ns
[2081.156s][info ][safepoint      ] Safepoint "Cleanup", Time since last: 1000154282 ns, Reaching safepoint: 7701 ns, Cleanup: 23000 ns, At safepoint: 2701 ns, Total: 33402 ns
[2082.157s][info ][safepoint      ] Safepoint "Cleanup", Time since last: 1000160782 ns, Reaching safepoint: 7801 ns, Cleanup: 18000 ns, At safepoint: 2700 ns, Total: 28501 ns
[2084.157s][info ][safepoint      ] Safepoint "Cleanup", Time since last: 2000224063 ns, Reaching safepoint: 6600 ns, Cleanup: 10400 ns, At safepoint: 2400 ns, Total: 19400 ns
[2087.157s][info ][safepoint      ] Safepoint "Cleanup", Time since last: 3000255689 ns, Reaching safepoint: 6600 ns, Cleanup: 15600 ns, At safepoint: 2500 ns, Total: 24700 ns
[2088.157s][info ][safepoint      ] Safepoint "Cleanup", Time since last: 1000117846 ns, Reaching safepoint: 6900 ns, Cleanup: 11401 ns, At safepoint: 2400 ns, Total: 20701 ns
[2089.157s][info ][safepoint      ] Safepoint "Cleanup", Time since last: 1000113445 ns, Reaching safepoint: 6100 ns, Cleanup: 25801 ns, At safepoint: 2200 ns, Total: 34101 ns
[2090.158s][info ][safepoint      ] Safepoint "Cleanup", Time since last: 1000117545 ns, Reaching safepoint: 6701 ns, Cleanup: 13700 ns, At safepoint: 2600 ns, Total: 23001 ns
[2091.158s][info ][safepoint      ] Safepoint "Cleanup", Time since last: 1000117946 ns, Reaching safepoint: 6800 ns, Cleanup: 18601 ns, At safepoint: 2800 ns, Total: 28201 ns
[2092.158s][info ][safepoint      ] Safepoint "Cleanup", Time since last: 1000149146 ns, Reaching safepoint: 7500 ns, Cleanup: 18701 ns, At safepoint: 2800 ns, Total: 29001 ns
[2093.158s][info ][safepoint      ] Safepoint "Cleanup", Time since last: 1000129046 ns, Reaching safepoint: 8200 ns, Cleanup: 28201 ns, At safepoint: 2700 ns, Total: 39101 ns
[2094.158s][info ][safepoint      ] Safepoint "Cleanup", Time since last: 1000106245 ns, Reaching safepoint: 6600 ns, Cleanup: 25301 ns, At safepoint: 2400 ns, Total: 34301 ns
[2094.262s][info ][gc,start       ] GC(50) Pause Young (Allocation Failure)
[2094.275s][debug][gc,phases      ] GC(50) Scavenge 12.474ms
[2094.275s][debug][gc,ref         ] GC(50) ReferenceProcessor::execute queues: 1, RefProcThreadModel::Single, marks_oops_alive: false
[2094.275s][debug][gc,ref         ] GC(50) Skipped KeepAliveFinalRefsPhase of Reference Processing: no references
[2094.275s][debug][gc,ref         ] GC(50) ReferenceProcessor::execute queues: 1, RefProcThreadModel::Single, marks_oops_alive: false
[2094.275s][debug][gc,phases      ] GC(50) Reference Processing 0.142ms
[2094.275s][debug][gc,phases      ] GC(50)   VM Weak                        Min:  0.0, Avg:  0.0, Max:  0.0, Diff:  0.0, Sum:  0.0, Workers: 4
[2094.275s][debug][gc,phases      ] GC(50)     Dead                           Min: 0, Avg:  0.0, Max: 0, Diff: 0, Sum: 0, Workers: 4
[2094.275s][debug][gc,phases      ] GC(50)     Total                          Min: 0, Avg: 260.0, Max: 576, Diff: 576, Sum: 1040, Workers: 4
[2094.275s][debug][gc,phases      ] GC(50)   ObjectSynchronizer Weak        Min:  0.0, Avg:  0.0, Max:  0.0, Diff:  0.0, Sum:  0.0, Workers: 4
[2094.275s][debug][gc,phases      ] GC(50)     Dead                           Min: 0, Avg:  0.0, Max: 0, Diff: 0, Sum: 0, Workers: 4
[2094.275s][debug][gc,phases      ] GC(50)     Total                          Min: 0, Avg:  1.2, Max: 5, Diff: 5, Sum: 5, Workers: 4
[2094.275s][debug][gc,phases      ] GC(50)   JVMTI Tag Weak OopStorage      Min:  0.0, Avg:  0.0, Max:  0.0, Diff:  0.0, Sum:  0.0, Workers: 4
[2094.275s][debug][gc,phases      ] GC(50)     Dead                           Min: 0, Avg:  0.0, Max: 0, Diff: 0, Sum: 0, Workers: 4
[2094.275s][debug][gc,phases      ] GC(50)     Total                          Min: 0, Avg:  0.0, Max: 0, Diff: 0, Sum: 0, Workers: 4
[2094.275s][debug][gc,phases      ] GC(50)   StringTable Weak               Min:  0.1, Avg:  0.1, Max:  0.1, Diff:  0.0, Sum:  0.5, Workers: 4
[2094.275s][debug][gc,phases      ] GC(50)     Dead                           Min: 0, Avg:  0.2, Max: 1, Diff: 1, Sum: 1, Workers: 4
[2094.275s][debug][gc,phases      ] GC(50)     Total                          Min: 10943, Avg: 11646.0, Max: 12218, Diff: 1275, Sum: 46584, Workers: 4
[2094.275s][debug][gc,phases      ] GC(50)   ResolvedMethodTable Weak       Min:  0.0, Avg:  0.0, Max:  0.0, Diff:  0.0, Sum:  0.2, Workers: 4
[2094.275s][debug][gc,phases      ] GC(50)     Dead                           Min: 2, Avg:  5.0, Max: 9, Diff: 7, Sum: 20, Workers: 4
[2094.275s][debug][gc,phases      ] GC(50)     Total                          Min: 3685, Avg: 3905.2, Max: 4113, Diff: 428, Sum: 15621, Workers: 4
[2094.275s][debug][gc,phases      ] GC(50)   JNI Weak                       Min:  0.0, Avg:  0.0, Max:  0.0, Diff:  0.0, Sum:  0.0, Workers: 4
[2094.275s][debug][gc,phases      ] GC(50)     Dead                           Min: 0, Avg:  0.0, Max: 0, Diff: 0, Sum: 0, Workers: 4
[2094.275s][debug][gc,phases      ] GC(50)     Total                          Min: 0, Avg: 13.0, Max: 52, Diff: 52, Sum: 52, Workers: 4
[2094.275s][debug][gc,phases      ] GC(50)   StringDedup Table Weak         Min:  0.0, Avg:  0.0, Max:  0.0, Diff:  0.0, Sum:  0.0, Workers: 4
[2094.275s][debug][gc,phases      ] GC(50)     Dead                           Min: 0, Avg:  0.0, Max: 0, Diff: 0, Sum: 0, Workers: 4
[2094.275s][debug][gc,phases      ] GC(50)     Total                          Min: 0, Avg:  0.0, Max: 0, Diff: 0, Sum: 0, Workers: 4
[2094.275s][debug][gc,phases      ] GC(50)   StringDedup Requests0 Weak     Min:  0.0, Avg:  0.0, Max:  0.0, Diff:  0.0, Sum:  0.0, Workers: 4
[2094.275s][debug][gc,phases      ] GC(50)     Dead                           Min: 0, Avg:  0.0, Max: 0, Diff: 0, Sum: 0, Workers: 4
[2094.275s][debug][gc,phases      ] GC(50)     Total                          Min: 0, Avg:  0.0, Max: 0, Diff: 0, Sum: 0, Workers: 4
[2094.275s][debug][gc,phases      ] GC(50)   StringDedup Requests1 Weak     Min:  0.0, Avg:  0.0, Max:  0.0, Diff:  0.0, Sum:  0.0, Workers: 4
[2094.275s][debug][gc,phases      ] GC(50)     Dead                           Min: 0, Avg:  0.0, Max: 0, Diff: 0, Sum: 0, Workers: 4
[2094.275s][debug][gc,phases      ] GC(50)     Total                          Min: 0, Avg:  0.0, Max: 0, Diff: 0, Sum: 0, Workers: 4
[2094.275s][debug][gc,phases      ] GC(50)   Weak JFR Old Object Samples    Min:  0.0, Avg:  0.0, Max:  0.0, Diff:  0.0, Sum:  0.0, Workers: 4
[2094.275s][debug][gc,phases      ] GC(50)     Dead                           Min: 0, Avg:  0.0, Max: 0, Diff: 0, Sum: 0, Workers: 4
[2094.275s][debug][gc,phases      ] GC(50)     Total                          Min: 0, Avg:  0.0, Max: 0, Diff: 0, Sum: 0, Workers: 4
[2094.275s][debug][gc,phases      ] GC(50) Weak Processing 0.409ms
[2094.275s][debug][gc,age         ] GC(50) Desired survivor size 53477376 bytes, new threshold 1 (max threshold 15)
[2094.275s][info ][gc,heap        ] GC(50) PSYoungGen: 1999872K(2049024K)->33056K(2033152K) Eden: 1999872K(1999872K)->0K(1999872K) From: 0K(49152K)->33056K(33280K)
[2094.275s][info ][gc,heap        ] GC(50) ParOldGen: 280849K(326144K)->280849K(326144K)
[2094.275s][info ][gc,metaspace   ] GC(50) Metaspace: 107016K(108416K)->107016K(108416K) NonClass: 90858K(91648K)->90858K(91648K) Class: 16157K(16768K)->16157K(16768K)
[2094.275s][info ][gc             ] GC(50) Pause Young (Allocation Failure) 2227M->306M(2304M) 13.183ms
[2094.275s][info ][gc,cpu         ] GC(50) User=0.05s Sys=0.00s Real=0.01s
[2094.275s][info ][safepoint      ] Safepoint "ParallelGCFailedAllocation", Time since last: 103627356 ns, Reaching safepoint: 84503 ns, Cleanup: 8100 ns, At safepoint: 13272081 ns, Total: 13364684 ns
[2095.275s][info ][safepoint      ] Safepoint "Cleanup", Time since last: 1000093344 ns, Reaching safepoint: 7801 ns, Cleanup: 60102 ns, At safepoint: 2600 ns, Total: 70503 ns
[2096.276s][info ][safepoint      ] Safepoint "Cleanup", Time since last: 1000112345 ns, Reaching safepoint: 6500 ns, Cleanup: 83203 ns, At safepoint: 2500 ns, Total: 92203 ns
[2097.276s][info ][safepoint      ] Safepoint "Cleanup", Time since last: 1000147546 ns, Reaching safepoint: 8100 ns, Cleanup: 26201 ns, At safepoint: 2700 ns, Total: 37001 ns
[2098.276s][info ][safepoint      ] Safepoint "Cleanup", Time since last: 1000136046 ns, Reaching safepoint: 7100 ns, Cleanup: 18001 ns, At safepoint: 2500 ns, Total: 27601 ns
[2099.276s][info ][safepoint      ] Safepoint "Cleanup", Time since last: 1000114845 ns, Reaching safepoint: 6400 ns, Cleanup: 18101 ns, At safepoint: 2500 ns, Total: 27001 ns
[2100.276s][info ][safepoint      ] Safepoint "Cleanup", Time since last: 1000101944 ns, Reaching safepoint: 7101 ns, Cleanup: 13500 ns, At safepoint: 2400 ns, Total: 23001 ns
[2101.675s][info ][safepoint      ] Safepoint "Cleanup", Time since last: 1398927798 ns, Reaching safepoint: 7600 ns, Cleanup: 11801 ns, At safepoint: 2400 ns, Total: 21801 ns
[2102.675s][info ][safepoint      ] Safepoint "Cleanup", Time since last: 1000124917 ns, Reaching safepoint: 9200 ns, Cleanup: 21001 ns, At safepoint: 2500 ns, Total: 32701 ns
[2103.675s][info ][safepoint      ] Safepoint "Cleanup", Time since last: 1000118515 ns, Reaching safepoint: 7900 ns, Cleanup: 32802 ns, At safepoint: 2600 ns, Total: 43302 ns
[2104.676s][info ][safepoint      ] Safepoint "Cleanup", Time since last: 1000139816 ns, Reaching safepoint: 7400 ns, Cleanup: 14300 ns, At safepoint: 2300 ns, Total: 24000 ns
[2107.676s][info ][safepoint      ] Safepoint "Cleanup", Time since last: 3000251542 ns, Reaching safepoint: 7500 ns, Cleanup: 13801 ns, At safepoint: 2700 ns, Total: 24001 ns
[2108.676s][info ][safepoint      ] Safepoint "Cleanup", Time since last: 1000126215 ns, Reaching safepoint: 7301 ns, Cleanup: 10100 ns, At safepoint: 2700 ns, Total: 20101 ns
[2109.676s][info ][safepoint      ] Safepoint "Cleanup", Time since last: 1000152217 ns, Reaching safepoint: 7800 ns, Cleanup: 15100 ns, At safepoint: 2901 ns, Total: 25801 ns
[2110.676s][info ][safepoint      ] Safepoint "Cleanup", Time since last: 1000119845 ns, Reaching safepoint: 6101 ns, Cleanup: 24200 ns, At safepoint: 2401 ns, Total: 32702 ns
[2111.677s][info ][safepoint      ] Safepoint "Cleanup", Time since last: 1000108147 ns, Reaching safepoint: 7100 ns, Cleanup: 21801 ns, At safepoint: 2600 ns, Total: 31501 ns
[2112.677s][info ][safepoint      ] Safepoint "Cleanup", Time since last: 1000142248 ns, Reaching safepoint: 7101 ns, Cleanup: 41401 ns, At safepoint: 2300 ns, Total: 50802 ns
[2113.677s][info ][safepoint      ] Safepoint "Cleanup", Time since last: 1000118748 ns, Reaching safepoint: 6500 ns, Cleanup: 12201 ns, At safepoint: 2300 ns, Total: 21001 ns
[2114.677s][info ][safepoint      ] Safepoint "Cleanup", Time since last: 1000112847 ns, Reaching safepoint: 7400 ns, Cleanup: 11201 ns, At safepoint: 2700 ns, Total: 21301 ns
[2116.677s][info ][safepoint      ] Safepoint "Cleanup", Time since last: 2000186493 ns, Reaching safepoint: 7601 ns, Cleanup: 14400 ns, At safepoint: 2500 ns, Total: 24501 ns
[2117.677s][info ][safepoint      ] Safepoint "Cleanup", Time since last: 1000126048 ns, Reaching safepoint: 6700 ns, Cleanup: 11601 ns, At safepoint: 2100 ns, Total: 20401 ns
[2118.677s][info ][safepoint      ] Safepoint "Cleanup", Time since last: 1000109135 ns, Reaching safepoint: 6701 ns, Cleanup: 12100 ns, At safepoint: 2200 ns, Total: 21001 ns
[2119.678s][info ][safepoint      ] Safepoint "Cleanup", Time since last: 1000110935 ns, Reaching safepoint: 6500 ns, Cleanup: 13201 ns, At safepoint: 2500 ns, Total: 22201 ns
[2120.678s][info ][safepoint      ] Safepoint "Cleanup", Time since last: 1000111435 ns, Reaching safepoint: 7000 ns, Cleanup: 11100 ns, At safepoint: 2600 ns, Total: 20700 ns
[2121.678s][info ][safepoint      ] Safepoint "Cleanup", Time since last: 1000292142 ns, Reaching safepoint: 6300 ns, Cleanup: 12001 ns, At safepoint: 2100 ns, Total: 20401 ns
[2122.678s][info ][safepoint      ] Safepoint "Cleanup", Time since last: 1000118235 ns, Reaching safepoint: 7800 ns, Cleanup: 12400 ns, At safepoint: 2701 ns, Total: 22901 ns
[2124.678s][info ][safepoint      ] Safepoint "Cleanup", Time since last: 2000196068 ns, Reaching safepoint: 7001 ns, Cleanup: 8100 ns, At safepoint: 2600 ns, Total: 17701 ns
[2125.679s][info ][safepoint      ] Safepoint "Cleanup", Time since last: 1000119735 ns, Reaching safepoint: 7300 ns, Cleanup: 15201 ns, At safepoint: 2700 ns, Total: 25201 ns
[2126.679s][info ][safepoint      ] Safepoint "Cleanup", Time since last: 1000110032 ns, Reaching safepoint: 219508 ns, Cleanup: 14900 ns, At safepoint: 9401 ns, Total: 243809 ns
[2127.679s][info ][safepoint      ] Safepoint "Cleanup", Time since last: 1000107731 ns, Reaching safepoint: 6901 ns, Cleanup: 11000 ns, At safepoint: 2500 ns, Total: 20401 ns
[2129.679s][info ][safepoint      ] Safepoint "Cleanup", Time since last: 2000186862 ns, Reaching safepoint: 7400 ns, Cleanup: 14201 ns, At safepoint: 2600 ns, Total: 24201 ns
[2129.989s][info ][gc,start       ] GC(51) Pause Young (Allocation Failure)
[2130.007s][debug][gc,phases      ] GC(51) Scavenge 17.992ms
[2130.007s][debug][gc,ref         ] GC(51) ReferenceProcessor::execute queues: 1, RefProcThreadModel::Single, marks_oops_alive: false
[2130.007s][debug][gc,ref         ] GC(51) Skipped KeepAliveFinalRefsPhase of Reference Processing: no references
[2130.007s][debug][gc,ref         ] GC(51) ReferenceProcessor::execute queues: 1, RefProcThreadModel::Single, marks_oops_alive: false
[2130.007s][debug][gc,phases      ] GC(51) Reference Processing 0.126ms
[2130.007s][debug][gc,phases      ] GC(51)   VM Weak                        Min:  0.0, Avg:  0.0, Max:  0.0, Diff:  0.0, Sum:  0.0, Workers: 4
[2130.008s][debug][gc,phases      ] GC(51)     Dead                           Min: 0, Avg:  0.0, Max: 0, Diff: 0, Sum: 0, Workers: 4
[2130.008s][debug][gc,phases      ] GC(51)     Total                          Min: 0, Avg: 260.0, Max: 512, Diff: 512, Sum: 1040, Workers: 4
[2130.008s][debug][gc,phases      ] GC(51)   ObjectSynchronizer Weak        Min:  0.0, Avg:  0.0, Max:  0.0, Diff:  0.0, Sum:  0.0, Workers: 4
[2130.008s][debug][gc,phases      ] GC(51)     Dead                           Min: 0, Avg:  0.0, Max: 0, Diff: 0, Sum: 0, Workers: 4
[2130.008s][debug][gc,phases      ] GC(51)     Total                          Min: 0, Avg:  1.2, Max: 5, Diff: 5, Sum: 5, Workers: 4
[2130.008s][debug][gc,phases      ] GC(51)   JVMTI Tag Weak OopStorage      Min:  0.0, Avg:  0.0, Max:  0.0, Diff:  0.0, Sum:  0.0, Workers: 4
[2130.008s][debug][gc,phases      ] GC(51)     Dead                           Min: 0, Avg:  0.0, Max: 0, Diff: 0, Sum: 0, Workers: 4
[2130.008s][debug][gc,phases      ] GC(51)     Total                          Min: 0, Avg:  0.0, Max: 0, Diff: 0, Sum: 0, Workers: 4
[2130.008s][debug][gc,phases      ] GC(51)   StringTable Weak               Min:  0.0, Avg:  0.1, Max:  0.2, Diff:  0.2, Sum:  0.5, Workers: 4
[2130.008s][debug][gc,phases      ] GC(51)     Dead                           Min: 0, Avg:  0.0, Max: 0, Diff: 0, Sum: 0, Workers: 4
[2130.008s][debug][gc,phases      ] GC(51)     Total                          Min: 0, Avg: 11653.0, Max: 16148, Diff: 16148, Sum: 46612, Workers: 4
[2130.008s][debug][gc,phases      ] GC(51)   ResolvedMethodTable Weak       Min:  0.0, Avg:  0.0, Max:  0.1, Diff:  0.1, Sum:  0.2, Workers: 4
[2130.008s][debug][gc,phases      ] GC(51)     Dead                           Min: 0, Avg:  4.0, Max: 12, Diff: 12, Sum: 16, Workers: 4
[2130.008s][debug][gc,phases      ] GC(51)     Total                          Min: 0, Avg: 3906.5, Max: 5794, Diff: 5794, Sum: 15626, Workers: 4
[2130.008s][debug][gc,phases      ] GC(51)   JNI Weak                       Min:  0.0, Avg:  0.0, Max:  0.0, Diff:  0.0, Sum:  0.0, Workers: 4
[2130.008s][debug][gc,phases      ] GC(51)     Dead                           Min: 0, Avg:  0.0, Max: 0, Diff: 0, Sum: 0, Workers: 4
[2130.008s][debug][gc,phases      ] GC(51)     Total                          Min: 0, Avg: 13.0, Max: 52, Diff: 52, Sum: 52, Workers: 4
[2130.008s][debug][gc,phases      ] GC(51)   StringDedup Table Weak         Min:  0.0, Avg:  0.0, Max:  0.0, Diff:  0.0, Sum:  0.0, Workers: 4
[2130.008s][debug][gc,phases      ] GC(51)     Dead                           Min: 0, Avg:  0.0, Max: 0, Diff: 0, Sum: 0, Workers: 4
[2130.008s][debug][gc,phases      ] GC(51)     Total                          Min: 0, Avg:  0.0, Max: 0, Diff: 0, Sum: 0, Workers: 4
[2130.008s][debug][gc,phases      ] GC(51)   StringDedup Requests0 Weak     Min:  0.0, Avg:  0.0, Max:  0.0, Diff:  0.0, Sum:  0.0, Workers: 4
[2130.008s][debug][gc,phases      ] GC(51)     Dead                           Min: 0, Avg:  0.0, Max: 0, Diff: 0, Sum: 0, Workers: 4
[2130.008s][debug][gc,phases      ] GC(51)     Total                          Min: 0, Avg:  0.0, Max: 0, Diff: 0, Sum: 0, Workers: 4
[2130.008s][debug][gc,phases      ] GC(51)   StringDedup Requests1 Weak     Min:  0.0, Avg:  0.0, Max:  0.0, Diff:  0.0, Sum:  0.0, Workers: 4
[2130.008s][debug][gc,phases      ] GC(51)     Dead                           Min: 0, Avg:  0.0, Max: 0, Diff: 0, Sum: 0, Workers: 4
[2130.008s][debug][gc,phases      ] GC(51)     Total                          Min: 0, Avg:  0.0, Max: 0, Diff: 0, Sum: 0, Workers: 4
[2130.008s][debug][gc,phases      ] GC(51)   Weak JFR Old Object Samples    Min:  0.0, Avg:  0.0, Max:  0.0, Diff:  0.0, Sum:  0.0, Workers: 4
[2130.008s][debug][gc,phases      ] GC(51)     Dead                           Min: 0, Avg:  0.0, Max: 0, Diff: 0, Sum: 0, Workers: 4
[2130.008s][debug][gc,phases      ] GC(51)     Total                          Min: 0, Avg:  0.0, Max: 0, Diff: 0, Sum: 0, Workers: 4
[2130.008s][debug][gc,phases      ] GC(51) Weak Processing 0.503ms
[2130.008s][debug][gc,age         ] GC(51) Desired survivor size 54001664 bytes, new threshold 1 (max threshold 15)
[2130.008s][info ][gc,heap        ] GC(51) PSYoungGen: 2032928K(2033152K)->24048K(2043904K) Eden: 1999872K(1999872K)->0K(1991680K) From: 33056K(33280K)->24048K(52224K)
[2130.008s][info ][gc,heap        ] GC(51) ParOldGen: 280849K(326144K)->312092K(326144K)
[2130.008s][info ][gc,metaspace   ] GC(51) Metaspace: 107238K(108608K)->107238K(108608K) NonClass: 91069K(91840K)->91069K(91840K) Class: 16169K(16768K)->16169K(16768K)
[2130.008s][info ][gc             ] GC(51) Pause Young (Allocation Failure) 2259M->328M(2314M) 18.779ms
[2130.008s][info ][gc,cpu         ] GC(51) User=0.05s Sys=0.01s Real=0.02s
[2130.008s][info ][safepoint      ] Safepoint "ParallelGCFailedAllocation", Time since last: 309598816 ns, Reaching safepoint: 84103 ns, Cleanup: 11600 ns, At safepoint: 18876984 ns, Total: 18972687 ns
[2132.008s][info ][safepoint      ] Safepoint "Cleanup", Time since last: 2000154661 ns, Reaching safepoint: 6900 ns, Cleanup: 14401 ns, At safepoint: 2200 ns, Total: 23501 ns
[2133.008s][info ][safepoint      ] Safepoint "Cleanup", Time since last: 1000103231 ns, Reaching safepoint: 6901 ns, Cleanup: 10800 ns, At safepoint: 2100 ns, Total: 19801 ns
[2134.008s][info ][safepoint      ] Safepoint "Cleanup", Time since last: 1000102932 ns, Reaching safepoint: 7300 ns, Cleanup: 15701 ns, At safepoint: 2200 ns, Total: 25201 ns
[2135.008s][info ][safepoint      ] Safepoint "Cleanup", Time since last: 1000138234 ns, Reaching safepoint: 7300 ns, Cleanup: 7001 ns, At safepoint: 2300 ns, Total: 16601 ns
[2136.009s][info ][safepoint      ] Safepoint "Cleanup", Time since last: 1000134734 ns, Reaching safepoint: 7500 ns, Cleanup: 14601 ns, At safepoint: 2100 ns, Total: 24201 ns
[2138.009s][info ][safepoint      ] Safepoint "Cleanup", Time since last: 2000177565 ns, Reaching safepoint: 7100 ns, Cleanup: 20001 ns, At safepoint: 2200 ns, Total: 29301 ns
[2139.009s][info ][safepoint      ] Safepoint "Cleanup", Time since last: 1000072132 ns, Reaching safepoint: 9200 ns, Cleanup: 71803 ns, At safepoint: 2900 ns, Total: 83903 ns
[2140.009s][info ][safepoint      ] Safepoint "Cleanup", Time since last: 1000111233 ns, Reaching safepoint: 6900 ns, Cleanup: 31502 ns, At safepoint: 2200 ns, Total: 40602 ns
[2141.009s][info ][safepoint      ] Safepoint "Cleanup", Time since last: 1000114933 ns, Reaching safepoint: 22501 ns, Cleanup: 19201 ns, At safepoint: 7000 ns, Total: 48702 ns
[2142.009s][info ][safepoint      ] Safepoint "Cleanup", Time since last: 1000131823 ns, Reaching safepoint: 81403 ns, Cleanup: 17301 ns, At safepoint: 6800 ns, Total: 105504 ns
[2143.010s][info ][safepoint      ] Safepoint "Cleanup", Time since last: 1000121088 ns, Reaching safepoint: 80802 ns, Cleanup: 20001 ns, At safepoint: 9301 ns, Total: 110104 ns
[2144.010s][info ][safepoint      ] Safepoint "Cleanup", Time since last: 1000107087 ns, Reaching safepoint: 81303 ns, Cleanup: 16000 ns, At safepoint: 5901 ns, Total: 103204 ns
[2145.010s][info ][safepoint      ] Safepoint "Cleanup", Time since last: 1000128088 ns, Reaching safepoint: 101603 ns, Cleanup: 17501 ns, At safepoint: 8200 ns, Total: 127304 ns
[2147.010s][info ][safepoint      ] Safepoint "Cleanup", Time since last: 2000182074 ns, Reaching safepoint: 79403 ns, Cleanup: 10900 ns, At safepoint: 6000 ns, Total: 96303 ns
[2148.011s][info ][safepoint      ] Safepoint "Cleanup", Time since last: 1000136788 ns, Reaching safepoint: 100504 ns, Cleanup: 12101 ns, At safepoint: 8300 ns, Total: 120905 ns
[2149.011s][info ][safepoint      ] Safepoint "Cleanup", Time since last: 1000135688 ns, Reaching safepoint: 102304 ns, Cleanup: 12500 ns, At safepoint: 8201 ns, Total: 123005 ns
[2150.011s][info ][safepoint      ] Safepoint "Cleanup", Time since last: 1000116810 ns, Reaching safepoint: 84803 ns, Cleanup: 12700 ns, At safepoint: 14001 ns, Total: 111504 ns
[2153.012s][info ][safepoint      ] Safepoint "Cleanup", Time since last: 3000274250 ns, Reaching safepoint: 79703 ns, Cleanup: 13301 ns, At safepoint: 5900 ns, Total: 98904 ns
[2154.012s][info ][safepoint      ] Safepoint "Cleanup", Time since last: 1000120484 ns, Reaching safepoint: 83303 ns, Cleanup: 9101 ns, At safepoint: 9600 ns, Total: 102004 ns
[2155.012s][info ][safepoint      ] Safepoint "Cleanup", Time since last: 1000132385 ns, Reaching safepoint: 83103 ns, Cleanup: 9500 ns, At safepoint: 7501 ns, Total: 100104 ns
[2156.012s][info ][safepoint      ] Safepoint "Cleanup", Time since last: 1000132585 ns, Reaching safepoint: 85703 ns, Cleanup: 13800 ns, At safepoint: 6900 ns, Total: 106403 ns
[2157.012s][info ][safepoint      ] Safepoint "Cleanup", Time since last: 1000129185 ns, Reaching safepoint: 82703 ns, Cleanup: 14901 ns, At safepoint: 6300 ns, Total: 103904 ns
[2158.013s][info ][safepoint      ] Safepoint "Cleanup", Time since last: 1000118282 ns, Reaching safepoint: 83003 ns, Cleanup: 6800 ns, At safepoint: 12300 ns, Total: 102103 ns
[2159.013s][info ][safepoint      ] Safepoint "Cleanup", Time since last: 1000110671 ns, Reaching safepoint: 77503 ns, Cleanup: 7500 ns, At safepoint: 6900 ns, Total: 91903 ns
[2160.013s][info ][safepoint      ] Safepoint "Cleanup", Time since last: 1000110771 ns, Reaching safepoint: 78703 ns, Cleanup: 10600 ns, At safepoint: 7200 ns, Total: 96503 ns
[2161.693s][info ][safepoint      ] Safepoint "Cleanup", Time since last: 1680223536 ns, Reaching safepoint: 7001 ns, Cleanup: 9900 ns, At safepoint: 2700 ns, Total: 19601 ns
[2162.694s][info ][safepoint      ] Safepoint "Cleanup", Time since last: 1000129571 ns, Reaching safepoint: 7901 ns, Cleanup: 11800 ns, At safepoint: 2500 ns, Total: 22201 ns
[2163.694s][info ][safepoint      ] Safepoint "Cleanup", Time since last: 1000149172 ns, Reaching safepoint: 9300 ns, Cleanup: 20401 ns, At safepoint: 3000 ns, Total: 32701 ns
[2164.694s][info ][safepoint      ] Safepoint "Cleanup", Time since last: 1000138072 ns, Reaching safepoint: 9300 ns, Cleanup: 12401 ns, At safepoint: 2400 ns, Total: 24101 ns
[2165.694s][info ][safepoint      ] Safepoint "Cleanup", Time since last: 1000128471 ns, Reaching safepoint: 7900 ns, Cleanup: 20701 ns, At safepoint: 2600 ns, Total: 31201 ns
[2166.694s][info ][safepoint      ] Safepoint "Cleanup", Time since last: 1000123473 ns, Reaching safepoint: 8100 ns, Cleanup: 16001 ns, At safepoint: 2600 ns, Total: 26701 ns
[2167.694s][info ][safepoint      ] Safepoint "Cleanup", Time since last: 1000131084 ns, Reaching safepoint: 9201 ns, Cleanup: 20201 ns, At safepoint: 2800 ns, Total: 32202 ns
[2168.694s][info ][safepoint      ] Safepoint "Cleanup", Time since last: 1000121484 ns, Reaching safepoint: 8500 ns, Cleanup: 16201 ns, At safepoint: 2600 ns, Total: 27301 ns
[2169.695s][info ][safepoint      ] Safepoint "Cleanup", Time since last: 1000131785 ns, Reaching safepoint: 11400 ns, Cleanup: 17801 ns, At safepoint: 3500 ns, Total: 32701 ns
[2171.575s][info ][gc,start       ] GC(52) Pause Young (Allocation Failure)
[2171.589s][debug][gc,phases      ] GC(52) Scavenge 13.793ms
[2171.589s][debug][gc,ref         ] GC(52) ReferenceProcessor::execute queues: 1, RefProcThreadModel::Single, marks_oops_alive: false
[2171.589s][debug][gc,ref         ] GC(52) Skipped KeepAliveFinalRefsPhase of Reference Processing: no references
[2171.589s][debug][gc,ref         ] GC(52) ReferenceProcessor::execute queues: 1, RefProcThreadModel::Single, marks_oops_alive: false
[2171.589s][debug][gc,phases      ] GC(52) Reference Processing 0.126ms
[2171.589s][debug][gc,phases      ] GC(52)   VM Weak                        Min:  0.0, Avg:  0.0, Max:  0.0, Diff:  0.0, Sum:  0.0, Workers: 4
[2171.589s][debug][gc,phases      ] GC(52)     Dead                           Min: 0, Avg:  0.0, Max: 0, Diff: 0, Sum: 0, Workers: 4
[2171.589s][debug][gc,phases      ] GC(52)     Total                          Min: 0, Avg: 260.2, Max: 704, Diff: 704, Sum: 1041, Workers: 4
[2171.589s][debug][gc,phases      ] GC(52)   ObjectSynchronizer Weak        Min:  0.0, Avg:  0.0, Max:  0.0, Diff:  0.0, Sum:  0.0, Workers: 4
[2171.589s][debug][gc,phases      ] GC(52)     Dead                           Min: 0, Avg:  0.0, Max: 0, Diff: 0, Sum: 0, Workers: 4
[2171.590s][debug][gc,phases      ] GC(52)     Total                          Min: 0, Avg:  1.0, Max: 4, Diff: 4, Sum: 4, Workers: 4
[2171.590s][debug][gc,phases      ] GC(52)   JVMTI Tag Weak OopStorage      Min:  0.0, Avg:  0.0, Max:  0.0, Diff:  0.0, Sum:  0.0, Workers: 4
[2171.590s][debug][gc,phases      ] GC(52)     Dead                           Min: 0, Avg:  0.0, Max: 0, Diff: 0, Sum: 0, Workers: 4
[2171.590s][debug][gc,phases      ] GC(52)     Total                          Min: 0, Avg:  0.0, Max: 0, Diff: 0, Sum: 0, Workers: 4
[2171.590s][debug][gc,phases      ] GC(52)   StringTable Weak               Min:  0.1, Avg:  0.2, Max:  0.3, Diff:  0.2, Sum:  0.6, Workers: 4
[2171.590s][debug][gc,phases      ] GC(52)     Dead                           Min: 0, Avg:  0.2, Max: 1, Diff: 1, Sum: 1, Workers: 4
[2171.590s][debug][gc,phases      ] GC(52)     Total                          Min: 4928, Avg: 11662.5, Max: 17919, Diff: 12991, Sum: 46650, Workers: 4
[2171.590s][debug][gc,phases      ] GC(52)   ResolvedMethodTable Weak       Min:  0.0, Avg:  0.0, Max:  0.1, Diff:  0.1, Sum:  0.2, Workers: 4
[2171.590s][debug][gc,phases      ] GC(52)     Dead                           Min: 0, Avg:  5.2, Max: 21, Diff: 21, Sum: 21, Workers: 4
[2171.590s][debug][gc,phases      ] GC(52)     Total                          Min: 0, Avg: 3910.2, Max: 5371, Diff: 5371, Sum: 15641, Workers: 4
[2171.590s][debug][gc,phases      ] GC(52)   JNI Weak                       Min:  0.0, Avg:  0.0, Max:  0.0, Diff:  0.0, Sum:  0.0, Workers: 4
[2171.590s][debug][gc,phases      ] GC(52)     Dead                           Min: 0, Avg:  0.0, Max: 0, Diff: 0, Sum: 0, Workers: 4
[2171.590s][debug][gc,phases      ] GC(52)     Total                          Min: 0, Avg: 13.0, Max: 52, Diff: 52, Sum: 52, Workers: 4
[2171.590s][debug][gc,phases      ] GC(52)   StringDedup Table Weak         Min:  0.0, Avg:  0.0, Max:  0.0, Diff:  0.0, Sum:  0.0, Workers: 4
[2171.590s][debug][gc,phases      ] GC(52)     Dead                           Min: 0, Avg:  0.0, Max: 0, Diff: 0, Sum: 0, Workers: 4
[2171.590s][debug][gc,phases      ] GC(52)     Total                          Min: 0, Avg:  0.0, Max: 0, Diff: 0, Sum: 0, Workers: 4
[2171.590s][debug][gc,phases      ] GC(52)   StringDedup Requests0 Weak     Min:  0.0, Avg:  0.0, Max:  0.0, Diff:  0.0, Sum:  0.0, Workers: 4
[2171.590s][debug][gc,phases      ] GC(52)     Dead                           Min: 0, Avg:  0.0, Max: 0, Diff: 0, Sum: 0, Workers: 4
[2171.590s][debug][gc,phases      ] GC(52)     Total                          Min: 0, Avg:  0.0, Max: 0, Diff: 0, Sum: 0, Workers: 4
[2171.590s][debug][gc,phases      ] GC(52)   StringDedup Requests1 Weak     Min:  0.0, Avg:  0.0, Max:  0.0, Diff:  0.0, Sum:  0.0, Workers: 4
[2171.590s][debug][gc,phases      ] GC(52)     Dead                           Min: 0, Avg:  0.0, Max: 0, Diff: 0, Sum: 0, Workers: 4
[2171.590s][debug][gc,phases      ] GC(52)     Total                          Min: 0, Avg:  0.0, Max: 0, Diff: 0, Sum: 0, Workers: 4
[2171.590s][debug][gc,phases      ] GC(52)   Weak JFR Old Object Samples    Min:  0.0, Avg:  0.0, Max:  0.0, Diff:  0.0, Sum:  0.0, Workers: 4
[2171.590s][debug][gc,phases      ] GC(52)     Dead                           Min: 0, Avg:  0.0, Max: 0, Diff: 0, Sum: 0, Workers: 4
[2171.590s][debug][gc,phases      ] GC(52)     Total                          Min: 0, Avg:  0.0, Max: 0, Diff: 0, Sum: 0, Workers: 4
[2171.590s][debug][gc,phases      ] GC(52) Weak Processing 0.504ms
[2171.590s][debug][gc,age         ] GC(52) Desired survivor size 50331648 bytes, new threshold 1 (max threshold 15)
[2171.590s][info ][gc,heap        ] GC(52) PSYoungGen: 2015728K(2043904K)->11813K(2044416K) Eden: 1991680K(1991680K)->0K(1991680K) From: 24048K(52224K)->11813K(52736K)
[2171.590s][info ][gc,heap        ] GC(52) ParOldGen: 312092K(326144K)->333304K(333312K)
[2171.590s][info ][gc,metaspace   ] GC(52) Metaspace: 107318K(108672K)->107318K(108672K) NonClass: 91141K(91904K)->91141K(91904K) Class: 16177K(16768K)->16177K(16768K)
[2171.590s][info ][gc             ] GC(52) Pause Young (Allocation Failure) 2273M->337M(2322M) 14.572ms
[2171.590s][info ][gc,cpu         ] GC(52) User=0.05s Sys=0.00s Real=0.02s
[2171.590s][info ][safepoint      ] Safepoint "ParallelGCFailedAllocation", Time since last: 1880427810 ns, Reaching safepoint: 7000 ns, Cleanup: 22301 ns, At safepoint: 14652633 ns, Total: 14681934 ns
[2176.590s][info ][safepoint      ] Safepoint "Cleanup", Time since last: 5000409538 ns, Reaching safepoint: 10100 ns, Cleanup: 17701 ns, At safepoint: 2900 ns, Total: 30701 ns
[2177.590s][info ][safepoint      ] Safepoint "Cleanup", Time since last: 1000141321 ns, Reaching safepoint: 7700 ns, Cleanup: 13701 ns, At safepoint: 2600 ns, Total: 24001 ns
[2178.591s][info ][safepoint      ] Safepoint "Cleanup", Time since last: 1000121721 ns, Reaching safepoint: 10400 ns, Cleanup: 21201 ns, At safepoint: 3200 ns, Total: 34801 ns
[2179.591s][info ][safepoint      ] Safepoint "Cleanup", Time since last: 1000128621 ns, Reaching safepoint: 6900 ns, Cleanup: 13200 ns, At safepoint: 2401 ns, Total: 22501 ns
[2181.553s][info ][safepoint      ] Safepoint "Cleanup", Time since last: 1961793344 ns, Reaching safepoint: 8401 ns, Cleanup: 38301 ns, At safepoint: 3000 ns, Total: 49702 ns
[2182.553s][info ][safepoint      ] Safepoint "Cleanup", Time since last: 1000118455 ns, Reaching safepoint: 7101 ns, Cleanup: 22700 ns, At safepoint: 2400 ns, Total: 32201 ns
[2183.553s][info ][safepoint      ] Safepoint "Cleanup", Time since last: 1000113568 ns, Reaching safepoint: 6800 ns, Cleanup: 11000 ns, At safepoint: 2300 ns, Total: 20100 ns
[2185.553s][info ][safepoint      ] Safepoint "Cleanup", Time since last: 2000207834 ns, Reaching safepoint: 6800 ns, Cleanup: 12201 ns, At safepoint: 2100 ns, Total: 21101 ns
[2186.553s][info ][safepoint      ] Safepoint "Cleanup", Time since last: 1000120467 ns, Reaching safepoint: 8701 ns, Cleanup: 14200 ns, At safepoint: 2900 ns, Total: 25801 ns
[2187.553s][info ][safepoint      ] Safepoint "Cleanup", Time since last: 1000120368 ns, Reaching safepoint: 6000 ns, Cleanup: 11000 ns, At safepoint: 2501 ns, Total: 19501 ns
[2188.553s][info ][safepoint      ] Safepoint "Cleanup", Time since last: 1000119067 ns, Reaching safepoint: 6300 ns, Cleanup: 18601 ns, At safepoint: 2400 ns, Total: 27301 ns
[2189.554s][info ][safepoint      ] Safepoint "Cleanup", Time since last: 1000112967 ns, Reaching safepoint: 6400 ns, Cleanup: 9801 ns, At safepoint: 2800 ns, Total: 19001 ns
[2190.554s][info ][safepoint      ] Safepoint "Cleanup", Time since last: 1000109469 ns, Reaching safepoint: 5500 ns, Cleanup: 21801 ns, At safepoint: 1700 ns, Total: 29001 ns
[2192.554s][info ][safepoint      ] Safepoint "Cleanup", Time since last: 2000177890 ns, Reaching safepoint: 6601 ns, Cleanup: 19200 ns, At safepoint: 2400 ns, Total: 28201 ns
[2193.554s][info ][safepoint      ] Safepoint "Cleanup", Time since last: 1000120597 ns, Reaching safepoint: 6200 ns, Cleanup: 9300 ns, At safepoint: 2000 ns, Total: 17500 ns
[2194.554s][info ][safepoint      ] Safepoint "Cleanup", Time since last: 1000116696 ns, Reaching safepoint: 6201 ns, Cleanup: 12000 ns, At safepoint: 2100 ns, Total: 20301 ns
[2195.554s][info ][safepoint      ] Safepoint "Cleanup", Time since last: 1000113796 ns, Reaching safepoint: 8000 ns, Cleanup: 18401 ns, At safepoint: 2800 ns, Total: 29201 ns
[2197.555s][info ][safepoint      ] Safepoint "Cleanup", Time since last: 2000191591 ns, Reaching safepoint: 6600 ns, Cleanup: 11101 ns, At safepoint: 2500 ns, Total: 20201 ns
[2201.555s][info ][safepoint      ] Safepoint "Cleanup", Time since last: 4000312441 ns, Reaching safepoint: 7101 ns, Cleanup: 22901 ns, At safepoint: 2100 ns, Total: 32102 ns
[2202.555s][info ][safepoint      ] Safepoint "Cleanup", Time since last: 1000120098 ns, Reaching safepoint: 6601 ns, Cleanup: 12300 ns, At safepoint: 2600 ns, Total: 21501 ns
[2203.555s][info ][safepoint      ] Safepoint "Cleanup", Time since last: 1000113199 ns, Reaching safepoint: 6700 ns, Cleanup: 16301 ns, At safepoint: 2500 ns, Total: 25501 ns
[2204.555s][info ][safepoint      ] Safepoint "Cleanup", Time since last: 1000116598 ns, Reaching safepoint: 7801 ns, Cleanup: 17700 ns, At safepoint: 2500 ns, Total: 28001 ns
[2205.555s][info ][safepoint      ] Safepoint "Cleanup", Time since last: 1000126499 ns, Reaching safepoint: 6601 ns, Cleanup: 18600 ns, At safepoint: 2600 ns, Total: 27801 ns
[2206.556s][info ][safepoint      ] Safepoint "Cleanup", Time since last: 1000130782 ns, Reaching safepoint: 7000 ns, Cleanup: 19201 ns, At safepoint: 2400 ns, Total: 28601 ns
[2207.556s][info ][safepoint      ] Safepoint "Cleanup", Time since last: 1000110437 ns, Reaching safepoint: 79403 ns, Cleanup: 17400 ns, At safepoint: 7501 ns, Total: 104304 ns
[2208.263s][info ][gc,start       ] GC(53) Pause Young (Allocation Failure)
[2208.278s][debug][gc,phases      ] GC(53) Scavenge 15.373ms
[2208.279s][debug][gc,ref         ] GC(53) ReferenceProcessor::execute queues: 1, RefProcThreadModel::Single, marks_oops_alive: false
[2208.279s][debug][gc,ref         ] GC(53) Skipped KeepAliveFinalRefsPhase of Reference Processing: no references
[2208.279s][debug][gc,ref         ] GC(53) ReferenceProcessor::execute queues: 1, RefProcThreadModel::Single, marks_oops_alive: false
[2208.279s][debug][gc,phases      ] GC(53) Reference Processing 0.123ms
[2208.279s][debug][gc,phases      ] GC(53)   VM Weak                        Min:  0.0, Avg:  0.0, Max:  0.0, Diff:  0.0, Sum:  0.0, Workers: 4
[2208.279s][debug][gc,phases      ] GC(53)     Dead                           Min: 0, Avg:  0.0, Max: 0, Diff: 0, Sum: 0, Workers: 4
[2208.279s][debug][gc,phases      ] GC(53)     Total                          Min: 0, Avg: 260.2, Max: 576, Diff: 576, Sum: 1041, Workers: 4
[2208.279s][debug][gc,phases      ] GC(53)   ObjectSynchronizer Weak        Min:  0.0, Avg:  0.0, Max:  0.0, Diff:  0.0, Sum:  0.0, Workers: 4
[2208.279s][debug][gc,phases      ] GC(53)     Dead                           Min: 0, Avg:  0.0, Max: 0, Diff: 0, Sum: 0, Workers: 4
[2208.279s][debug][gc,phases      ] GC(53)     Total                          Min: 0, Avg:  1.2, Max: 5, Diff: 5, Sum: 5, Workers: 4
[2208.279s][debug][gc,phases      ] GC(53)   JVMTI Tag Weak OopStorage      Min:  0.0, Avg:  0.0, Max:  0.0, Diff:  0.0, Sum:  0.0, Workers: 4
[2208.279s][debug][gc,phases      ] GC(53)     Dead                           Min: 0, Avg:  0.0, Max: 0, Diff: 0, Sum: 0, Workers: 4
[2208.279s][debug][gc,phases      ] GC(53)     Total                          Min: 0, Avg:  0.0, Max: 0, Diff: 0, Sum: 0, Workers: 4
[2208.279s][debug][gc,phases      ] GC(53)   StringTable Weak               Min:  0.1, Avg:  0.1, Max:  0.1, Diff:  0.0, Sum:  0.5, Workers: 4
[2208.279s][debug][gc,phases      ] GC(53)     Dead                           Min: 0, Avg:  0.5, Max: 1, Diff: 1, Sum: 2, Workers: 4
[2208.279s][debug][gc,phases      ] GC(53)     Total                          Min: 10591, Avg: 11671.8, Max: 13376, Diff: 2785, Sum: 46687, Workers: 4
[2208.279s][debug][gc,phases      ] GC(53)   ResolvedMethodTable Weak       Min:  0.0, Avg:  0.0, Max:  0.0, Diff:  0.0, Sum:  0.2, Workers: 4
[2208.279s][debug][gc,phases      ] GC(53)     Dead                           Min: 0, Avg:  6.8, Max: 14, Diff: 14, Sum: 27, Workers: 4
[2208.279s][debug][gc,phases      ] GC(53)     Total                          Min: 3694, Avg: 3919.5, Max: 4120, Diff: 426, Sum: 15678, Workers: 4
[2208.279s][debug][gc,phases      ] GC(53)   JNI Weak                       Min:  0.0, Avg:  0.0, Max:  0.0, Diff:  0.0, Sum:  0.0, Workers: 4
[2208.279s][debug][gc,phases      ] GC(53)     Dead                           Min: 0, Avg:  0.0, Max: 0, Diff: 0, Sum: 0, Workers: 4
[2208.279s][debug][gc,phases      ] GC(53)     Total                          Min: 0, Avg: 13.0, Max: 52, Diff: 52, Sum: 52, Workers: 4
[2208.279s][debug][gc,phases      ] GC(53)   StringDedup Table Weak         Min:  0.0, Avg:  0.0, Max:  0.0, Diff:  0.0, Sum:  0.0, Workers: 4
[2208.279s][debug][gc,phases      ] GC(53)     Dead                           Min: 0, Avg:  0.0, Max: 0, Diff: 0, Sum: 0, Workers: 4
[2208.279s][debug][gc,phases      ] GC(53)     Total                          Min: 0, Avg:  0.0, Max: 0, Diff: 0, Sum: 0, Workers: 4
[2208.279s][debug][gc,phases      ] GC(53)   StringDedup Requests0 Weak     Min:  0.0, Avg:  0.0, Max:  0.0, Diff:  0.0, Sum:  0.0, Workers: 4
[2208.279s][debug][gc,phases      ] GC(53)     Dead                           Min: 0, Avg:  0.0, Max: 0, Diff: 0, Sum: 0, Workers: 4
[2208.279s][debug][gc,phases      ] GC(53)     Total                          Min: 0, Avg:  0.0, Max: 0, Diff: 0, Sum: 0, Workers: 4
[2208.279s][debug][gc,phases      ] GC(53)   StringDedup Requests1 Weak     Min:  0.0, Avg:  0.0, Max:  0.0, Diff:  0.0, Sum:  0.0, Workers: 4
[2208.279s][debug][gc,phases      ] GC(53)     Dead                           Min: 0, Avg:  0.0, Max: 0, Diff: 0, Sum: 0, Workers: 4
[2208.279s][debug][gc,phases      ] GC(53)     Total                          Min: 0, Avg:  0.0, Max: 0, Diff: 0, Sum: 0, Workers: 4
[2208.279s][debug][gc,phases      ] GC(53)   Weak JFR Old Object Samples    Min:  0.0, Avg:  0.0, Max:  0.0, Diff:  0.0, Sum:  0.0, Workers: 4
[2208.279s][debug][gc,phases      ] GC(53)     Dead                           Min: 0, Avg:  0.0, Max: 0, Diff: 0, Sum: 0, Workers: 4
[2208.279s][debug][gc,phases      ] GC(53)     Total                          Min: 0, Avg:  0.0, Max: 0, Diff: 0, Sum: 0, Workers: 4
[2208.279s][debug][gc,phases      ] GC(53) Weak Processing 0.433ms
[2208.279s][debug][gc,age         ] GC(53) Desired survivor size 49283072 bytes, new threshold 1 (max threshold 15)
[2208.279s][info ][gc,heap        ] GC(53) PSYoungGen: 2003493K(2044416K)->20560K(2049024K) Eden: 1991680K(1991680K)->0K(1999872K) From: 11813K(52736K)->20560K(49152K)
[2208.279s][info ][gc,heap        ] GC(53) ParOldGen: 333304K(333312K)->341360K(341504K)
[2208.279s][info ][gc,metaspace   ] GC(53) Metaspace: 107510K(108800K)->107510K(108800K) NonClass: 91310K(92032K)->91310K(92032K) Class: 16199K(16768K)->16199K(16768K)
[2208.279s][info ][gc             ] GC(53) Pause Young (Allocation Failure) 2282M->353M(2334M) 16.082ms
[2208.279s][info ][gc,cpu         ] GC(53) User=0.05s Sys=0.00s Real=0.02s
[2208.279s][info ][safepoint      ] Safepoint "ParallelGCFailedAllocation", Time since last: 707055943 ns, Reaching safepoint: 80003 ns, Cleanup: 8800 ns, At safepoint: 16165695 ns, Total: 16254498 ns
[2209.279s][info ][safepoint      ] Safepoint "Cleanup", Time since last: 1000084036 ns, Reaching safepoint: 6301 ns, Cleanup: 10600 ns, At safepoint: 2000 ns, Total: 18901 ns
[2212.280s][info ][safepoint      ] Safepoint "Cleanup", Time since last: 3000248808 ns, Reaching safepoint: 7501 ns, Cleanup: 10600 ns, At safepoint: 2900 ns, Total: 21001 ns
[2213.280s][info ][safepoint      ] Safepoint "Cleanup", Time since last: 1000109737 ns, Reaching safepoint: 5500 ns, Cleanup: 18201 ns, At safepoint: 2200 ns, Total: 25901 ns
[2215.280s][info ][safepoint      ] Safepoint "Cleanup", Time since last: 2000166936 ns, Reaching safepoint: 7100 ns, Cleanup: 9301 ns, At safepoint: 2400 ns, Total: 18801 ns
[2216.280s][info ][safepoint      ] Safepoint "Cleanup", Time since last: 1000135183 ns, Reaching safepoint: 7800 ns, Cleanup: 24301 ns, At safepoint: 2300 ns, Total: 34401 ns
[2218.280s][info ][safepoint      ] Safepoint "Cleanup", Time since last: 2000203864 ns, Reaching safepoint: 7200 ns, Cleanup: 27501 ns, At safepoint: 2300 ns, Total: 37001 ns
[2219.280s][info ][safepoint      ] Safepoint "Cleanup", Time since last: 1000116782 ns, Reaching safepoint: 7100 ns, Cleanup: 9201 ns, At safepoint: 2500 ns, Total: 18801 ns
[2220.281s][info ][safepoint      ] Safepoint "Cleanup", Time since last: 1000111282 ns, Reaching safepoint: 6100 ns, Cleanup: 9500 ns, At safepoint: 2401 ns, Total: 18001 ns
[2221.712s][info ][safepoint      ] Safepoint "Cleanup", Time since last: 1431160078 ns, Reaching safepoint: 6700 ns, Cleanup: 21901 ns, At safepoint: 2500 ns, Total: 31101 ns
[2222.712s][info ][safepoint      ] Safepoint "Cleanup", Time since last: 1000111298 ns, Reaching safepoint: 6601 ns, Cleanup: 9800 ns, At safepoint: 19201 ns, Total: 35602 ns
[2245.714s][info ][safepoint      ] Safepoint "Cleanup", Time since last: 23002267709 ns, Reaching safepoint: 8700 ns, Cleanup: 11300 ns, At safepoint: 2601 ns, Total: 22601 ns
[2281.732s][info ][safepoint      ] Safepoint "Cleanup", Time since last: 36017573499 ns, Reaching safepoint: 8600 ns, Cleanup: 12300 ns, At safepoint: 2300 ns, Total: 23200 ns
[2327.736s][info ][safepoint      ] Safepoint "Cleanup", Time since last: 46004258659 ns, Reaching safepoint: 9001 ns, Cleanup: 14500 ns, At safepoint: 2500 ns, Total: 26001 ns
[2337.737s][info ][safepoint      ] Safepoint "Cleanup", Time since last: 10000914826 ns, Reaching safepoint: 6601 ns, Cleanup: 12500 ns, At safepoint: 2100 ns, Total: 21201 ns
[2338.607s][info ][safepoint      ] Safepoint "JFRCheckpoint", Time since last: 869966024 ns, Reaching safepoint: 165406 ns, Cleanup: 23401 ns, At safepoint: 26401 ns, Total: 215208 ns
[2338.610s][info ][gc,heap,exit   ] Heap
[2338.610s][info ][gc,heap,exit   ]  PSYoungGen      total 2049024K, used 1361691K [0x0000000780000000, 0x0000000800000000, 0x0000000800000000)
[2338.610s][info ][gc,heap,exit   ]   eden space 1999872K, 67% used [0x0000000780000000,0x00000007d1db2b48,0x00000007fa100000)
[2338.610s][info ][gc,heap,exit   ]   from space 49152K, 41% used [0x00000007fd000000,0x00000007fe414108,0x0000000800000000)
[2338.610s][info ][gc,heap,exit   ]   to   space 48128K, 0% used [0x00000007fa100000,0x00000007fa100000,0x00000007fd000000)
[2338.610s][info ][gc,heap,exit   ]  ParOldGen       total 341504K, used 341360K [0x00000006c0000000, 0x00000006d4d80000, 0x0000000780000000)
[2338.610s][info ][gc,heap,exit   ]   object space 341504K, 99% used [0x00000006c0000000,0x00000006d4d5c318,0x00000006d4d80000)
[2338.610s][info ][gc,heap,exit   ]  Metaspace       used 107633K, committed 108992K, reserved 1179648K
[2338.610s][info ][gc,heap,exit   ]   class space    used 16214K, committed 16768K, reserved 1048576K
