[0.007s][info][gc,init] CardTable entry size: 512
[0.007s][info][gc     ] Using Parallel
[0.009s][info][gc,init] Version: 21.0.6+7-LTS (release)
[0.009s][info][gc,init] CPUs: 4 total, 4 available
[0.009s][info][gc,init] Memory: 15991M
[0.009s][info][gc,init] Large Page Support: Disabled
[0.009s][info][gc,init] NUMA Support: Disabled
[0.009s][info][gc,init] Compressed Oops: Enabled (Zero based)
[0.009s][info][gc,init] Alignments: Space 512K, Generation 512K, Heap 2M
[0.009s][info][gc,init] Heap Min Capacity: 2054M
[0.009s][info][gc,init] Heap Initial Capacity: 2054M
[0.009s][info][gc,init] Heap Max Capacity: 5G
[0.009s][info][gc,init] Pre-touch: Disabled
[0.009s][info][gc,init] Parallel Workers: 4
[0.176s][info][gc,metaspace] CDS archive(s) mapped at: [0x00007f8065000000-0x00007f8065c97000-0x00007f8065c97000), size 13201408, SharedBaseAddress: 0x00007f8065000000, ArchiveRelocationMode: 1.
[0.176s][info][gc,metaspace] Compressed class space mapped at: 0x00007f8066000000-0x00007f80a6000000, reserved size: 1073741824
[0.176s][info][gc,metaspace] Narrow klass base: 0x00007f8065000000, Narrow klass shift: 0, Narrow klass range: 0x100000000
[0.785s][info][safepoint   ] Safepoint "ICBufferFull", Time since last: 602052413 ns, Reaching safepoint: 158507 ns, Cleanup: 108704 ns, At safepoint: 9801 ns, Total: 277012 ns
[1.184s][info][safepoint   ] Safepoint "RedefineClasses", Time since last: 392466720 ns, Reaching safepoint: 80802 ns, Cleanup: 96603 ns, At safepoint: 6213295 ns, Total: 6390700 ns
[1.292s][info][safepoint   ] Safepoint "JFRCheckpoint", Time since last: 107776585 ns, Reaching safepoint: 4201 ns, Cleanup: 53201 ns, At safepoint: 9101 ns, Total: 66503 ns
[1.826s][info][safepoint   ] Safepoint "ICBufferFull", Time since last: 534445186 ns, Reaching safepoint: 3400 ns, Cleanup: 100603 ns, At safepoint: 6000 ns, Total: 110003 ns
[2.215s][info][safepoint   ] Safepoint "ICBufferFull", Time since last: 388350298 ns, Reaching safepoint: 4400 ns, Cleanup: 128504 ns, At safepoint: 11201 ns, Total: 144105 ns
[2.525s][info][gc,start    ] GC(0) Pause Young (Metadata GC Threshold)
[2.546s][debug][gc,phases   ] GC(0) Scavenge 20.042ms
[2.546s][debug][gc,ref      ] GC(0) ReferenceProcessor::execute queues: 2, RefProcThreadModel::Multi, marks_oops_alive: false
[2.546s][debug][gc,ref      ] GC(0) ReferenceProcessor::execute queues: 4, RefProcThreadModel::Multi, marks_oops_alive: true
[2.547s][debug][gc,ref      ] GC(0) ReferenceProcessor::execute queues: 1, RefProcThreadModel::Single, marks_oops_alive: false
[2.547s][debug][gc,phases   ] GC(0) Reference Processing 0.771ms
[2.547s][debug][gc,phases   ] GC(0)   VM Weak                        Min:  0.0, Avg:  0.0, Max:  0.0, Diff:  0.0, Sum:  0.0, Workers: 4
[2.547s][debug][gc,phases   ] GC(0)     Dead                           Min: 0, Avg:  0.0, Max: 0, Diff: 0, Sum: 0, Workers: 4
[2.547s][debug][gc,phases   ] GC(0)     Total                          Min: 0, Avg: 60.0, Max: 128, Diff: 128, Sum: 240, Workers: 4
[2.547s][debug][gc,phases   ] GC(0)   ObjectSynchronizer Weak        Min:  0.0, Avg:  0.0, Max:  0.0, Diff:  0.0, Sum:  0.0, Workers: 4
[2.547s][debug][gc,phases   ] GC(0)     Dead                           Min: 0, Avg:  0.2, Max: 1, Diff: 1, Sum: 1, Workers: 4
[2.547s][debug][gc,phases   ] GC(0)     Total                          Min: 0, Avg:  1.8, Max: 7, Diff: 7, Sum: 7, Workers: 4
[2.547s][debug][gc,phases   ] GC(0)   JVMTI Tag Weak OopStorage      Min:  0.0, Avg:  0.0, Max:  0.0, Diff:  0.0, Sum:  0.0, Workers: 4
[2.547s][debug][gc,phases   ] GC(0)     Dead                           Min: 0, Avg:  0.0, Max: 0, Diff: 0, Sum: 0, Workers: 4
[2.547s][debug][gc,phases   ] GC(0)     Total                          Min: 0, Avg:  0.0, Max: 0, Diff: 0, Sum: 0, Workers: 4
[2.547s][debug][gc,phases   ] GC(0)   StringTable Weak               Min:  0.0, Avg:  0.1, Max:  0.1, Diff:  0.1, Sum:  0.3, Workers: 4
[2.547s][debug][gc,phases   ] GC(0)     Dead                           Min: 0, Avg:  7.8, Max: 17, Diff: 17, Sum: 31, Workers: 4
[2.547s][debug][gc,phases   ] GC(0)     Total                          Min: 0, Avg: 1991.8, Max: 3295, Diff: 3295, Sum: 7967, Workers: 4
[2.547s][debug][gc,phases   ] GC(0)   ResolvedMethodTable Weak       Min:  0.0, Avg:  0.0, Max:  0.0, Diff:  0.0, Sum:  0.1, Workers: 4
[2.547s][debug][gc,phases   ] GC(0)     Dead                           Min: 0, Avg: 94.5, Max: 182, Diff: 182, Sum: 378, Workers: 4
[2.547s][debug][gc,phases   ] GC(0)     Total                          Min: 0, Avg: 466.2, Max: 768, Diff: 768, Sum: 1865, Workers: 4
[2.547s][debug][gc,phases   ] GC(0)   JNI Weak                       Min:  0.0, Avg:  0.0, Max:  0.0, Diff:  0.0, Sum:  0.0, Workers: 4
[2.547s][debug][gc,phases   ] GC(0)     Dead                           Min: 0, Avg:  0.0, Max: 0, Diff: 0, Sum: 0, Workers: 4
[2.547s][debug][gc,phases   ] GC(0)     Total                          Min: 0, Avg: 12.0, Max: 48, Diff: 48, Sum: 48, Workers: 4
[2.547s][debug][gc,phases   ] GC(0)   StringDedup Table Weak         Min:  0.0, Avg:  0.0, Max:  0.0, Diff:  0.0, Sum:  0.0, Workers: 4
[2.547s][debug][gc,phases   ] GC(0)     Dead                           Min: 0, Avg:  0.0, Max: 0, Diff: 0, Sum: 0, Workers: 4
[2.547s][debug][gc,phases   ] GC(0)     Total                          Min: 0, Avg:  0.0, Max: 0, Diff: 0, Sum: 0, Workers: 4
[2.547s][debug][gc,phases   ] GC(0)   StringDedup Requests0 Weak     Min:  0.0, Avg:  0.0, Max:  0.0, Diff:  0.0, Sum:  0.0, Workers: 4
[2.547s][debug][gc,phases   ] GC(0)     Dead                           Min: 0, Avg:  0.0, Max: 0, Diff: 0, Sum: 0, Workers: 4
[2.547s][debug][gc,phases   ] GC(0)     Total                          Min: 0, Avg:  0.0, Max: 0, Diff: 0, Sum: 0, Workers: 4
[2.547s][debug][gc,phases   ] GC(0)   StringDedup Requests1 Weak     Min:  0.0, Avg:  0.0, Max:  0.0, Diff:  0.0, Sum:  0.0, Workers: 4
[2.547s][debug][gc,phases   ] GC(0)     Dead                           Min: 0, Avg:  0.0, Max: 0, Diff: 0, Sum: 0, Workers: 4
[2.547s][debug][gc,phases   ] GC(0)     Total                          Min: 0, Avg:  0.0, Max: 0, Diff: 0, Sum: 0, Workers: 4
[2.547s][debug][gc,phases   ] GC(0)   Weak JFR Old Object Samples    Min:  0.0, Avg:  0.0, Max:  0.0, Diff:  0.0, Sum:  0.0, Workers: 4
[2.547s][debug][gc,phases   ] GC(0)     Dead                           Min: 0, Avg:  0.0, Max: 0, Diff: 0, Sum: 0, Workers: 4
[2.547s][debug][gc,phases   ] GC(0)     Total                          Min: 0, Avg:  0.0, Max: 0, Diff: 0, Sum: 0, Workers: 4
[2.547s][debug][gc,phases   ] GC(0) Weak Processing 0.388ms
[2.547s][debug][gc,age      ] GC(0) Desired survivor size 536870912 bytes, new threshold 7 (max threshold 15)
[2.547s][info ][gc,heap     ] GC(0) PSYoungGen: 372081K(1572864K)->37769K(1572864K) Eden: 372081K(1048576K)->0K(1048576K) From: 0K(524288K)->37769K(524288K)
[2.547s][info ][gc,heap     ] GC(0) ParOldGen: 1073K(6144K)->1145K(6144K)
[2.547s][info ][gc,metaspace] GC(0) Metaspace: 21019K(21504K)->21019K(21504K) NonClass: 18705K(18944K)->18705K(18944K) Class: 2314K(2560K)->2314K(2560K)
[2.547s][info ][gc          ] GC(0) Pause Young (Metadata GC Threshold) 364M->38M(1542M) 22.137ms
[2.547s][info ][gc,cpu      ] GC(0) User=0.06s Sys=0.01s Real=0.02s
[2.547s][debug][gc,phases   ] GC(1) Pre Compact 0.009ms
[2.547s][info ][gc,start    ] GC(1) Pause Full (Metadata GC Threshold)
[2.547s][info ][gc,phases,start] GC(1) Marking Phase
[2.557s][debug][gc,phases      ] GC(1) Par Mark 9.717ms
[2.557s][debug][gc,ref         ] GC(1) ReferenceProcessor::execute queues: 2, RefProcThreadModel::Multi, marks_oops_alive: false
[2.557s][debug][gc,ref         ] GC(1) ReferenceProcessor::execute queues: 4, RefProcThreadModel::Multi, marks_oops_alive: true
[2.557s][debug][gc,ref         ] GC(1) ReferenceProcessor::execute queues: 1, RefProcThreadModel::Single, marks_oops_alive: false
[2.557s][debug][gc,phases      ] GC(1) Reference Processing 0.201ms
[2.557s][debug][gc,phases      ] GC(1)   VM Weak                        Min:  0.0, Avg:  0.0, Max:  0.0, Diff:  0.0, Sum:  0.0, Workers: 4
[2.557s][debug][gc,phases      ] GC(1)     Dead                           Min: 0, Avg:  0.0, Max: 0, Diff: 0, Sum: 0, Workers: 4
[2.557s][debug][gc,phases      ] GC(1)     Total                          Min: 0, Avg: 60.0, Max: 240, Diff: 240, Sum: 240, Workers: 4
[2.557s][debug][gc,phases      ] GC(1)   ObjectSynchronizer Weak        Min:  0.0, Avg:  0.0, Max:  0.0, Diff:  0.0, Sum:  0.0, Workers: 4
[2.557s][debug][gc,phases      ] GC(1)     Dead                           Min: 0, Avg:  0.0, Max: 0, Diff: 0, Sum: 0, Workers: 4
[2.557s][debug][gc,phases      ] GC(1)     Total                          Min: 0, Avg:  1.8, Max: 7, Diff: 7, Sum: 7, Workers: 4
[2.557s][debug][gc,phases      ] GC(1)   JVMTI Tag Weak OopStorage      Min:  0.0, Avg:  0.0, Max:  0.0, Diff:  0.0, Sum:  0.0, Workers: 4
[2.557s][debug][gc,phases      ] GC(1)     Dead                           Min: 0, Avg:  0.0, Max: 0, Diff: 0, Sum: 0, Workers: 4
[2.557s][debug][gc,phases      ] GC(1)     Total                          Min: 0, Avg:  0.0, Max: 0, Diff: 0, Sum: 0, Workers: 4
[2.557s][debug][gc,phases      ] GC(1)   StringTable Weak               Min:  0.0, Avg:  0.0, Max:  0.0, Diff:  0.0, Sum:  0.1, Workers: 4
[2.557s][debug][gc,phases      ] GC(1)     Dead                           Min: 0, Avg:  0.0, Max: 0, Diff: 0, Sum: 0, Workers: 4
[2.557s][debug][gc,phases      ] GC(1)     Total                          Min: 0, Avg: 1991.8, Max: 3136, Diff: 3136, Sum: 7967, Workers: 4
[2.557s][debug][gc,phases      ] GC(1)   ResolvedMethodTable Weak       Min:  0.0, Avg:  0.0, Max:  0.0, Diff:  0.0, Sum:  0.0, Workers: 4
[2.557s][debug][gc,phases      ] GC(1)     Dead                           Min: 0, Avg:  0.0, Max: 0, Diff: 0, Sum: 0, Workers: 4
[2.557s][debug][gc,phases      ] GC(1)     Total                          Min: 0, Avg: 466.2, Max: 704, Diff: 704, Sum: 1865, Workers: 4
[2.557s][debug][gc,phases      ] GC(1)   JNI Weak                       Min:  0.0, Avg:  0.0, Max:  0.0, Diff:  0.0, Sum:  0.0, Workers: 4
[2.557s][debug][gc,phases      ] GC(1)     Dead                           Min: 0, Avg:  0.0, Max: 0, Diff: 0, Sum: 0, Workers: 4
[2.557s][debug][gc,phases      ] GC(1)     Total                          Min: 0, Avg: 12.0, Max: 48, Diff: 48, Sum: 48, Workers: 4
[2.557s][debug][gc,phases      ] GC(1)   StringDedup Table Weak         Min:  0.0, Avg:  0.0, Max:  0.0, Diff:  0.0, Sum:  0.0, Workers: 4
[2.557s][debug][gc,phases      ] GC(1)     Dead                           Min: 0, Avg:  0.0, Max: 0, Diff: 0, Sum: 0, Workers: 4
[2.557s][debug][gc,phases      ] GC(1)     Total                          Min: 0, Avg:  0.0, Max: 0, Diff: 0, Sum: 0, Workers: 4
[2.557s][debug][gc,phases      ] GC(1)   StringDedup Requests0 Weak     Min:  0.0, Avg:  0.0, Max:  0.0, Diff:  0.0, Sum:  0.0, Workers: 4
[2.557s][debug][gc,phases      ] GC(1)     Dead                           Min: 0, Avg:  0.0, Max: 0, Diff: 0, Sum: 0, Workers: 4
[2.557s][debug][gc,phases      ] GC(1)     Total                          Min: 0, Avg:  0.0, Max: 0, Diff: 0, Sum: 0, Workers: 4
[2.557s][debug][gc,phases      ] GC(1)   StringDedup Requests1 Weak     Min:  0.0, Avg:  0.0, Max:  0.0, Diff:  0.0, Sum:  0.0, Workers: 4
[2.557s][debug][gc,phases      ] GC(1)     Dead                           Min: 0, Avg:  0.0, Max: 0, Diff: 0, Sum: 0, Workers: 4
[2.557s][debug][gc,phases      ] GC(1)     Total                          Min: 0, Avg:  0.0, Max: 0, Diff: 0, Sum: 0, Workers: 4
[2.557s][debug][gc,phases      ] GC(1)   Weak JFR Old Object Samples    Min:  0.0, Avg:  0.0, Max:  0.0, Diff:  0.0, Sum:  0.0, Workers: 4
[2.557s][debug][gc,phases      ] GC(1)     Dead                           Min: 0, Avg:  0.0, Max: 0, Diff: 0, Sum: 0, Workers: 4
[2.557s][debug][gc,phases      ] GC(1)     Total                          Min: 0, Avg:  0.0, Max: 0, Diff: 0, Sum: 0, Workers: 4
[2.557s][debug][gc,phases      ] GC(1) Weak Processing 0.285ms
[2.557s][debug][gc,phases      ] GC(1) ClassLoaderData 0.033ms
[2.557s][debug][gc,phases      ] GC(1) Trigger cleanups 0.000ms
[2.564s][debug][gc,phases      ] GC(1) Purge Unlinked NMethods 0.002ms
[2.564s][debug][gc,phases      ] GC(1) Unregister NMethods 0.017ms
[2.564s][debug][gc,phases      ] GC(1) Free Code Blobs 0.003ms
[2.564s][debug][gc,phases      ] GC(1) Class Unloading 6.381ms
[2.564s][debug][gc,phases      ] GC(1) Report Object Count 0.001ms
[2.564s][info ][gc,phases      ] GC(1) Marking Phase 16.657ms
[2.564s][info ][gc,phases,start] GC(1) Summary Phase
[2.564s][info ][gc,phases      ] GC(1) Summary Phase 0.007ms
[2.564s][info ][gc,phases,start] GC(1) Adjust Roots
[2.569s][info ][gc,phases      ] GC(1) Adjust Roots 5.262ms
[2.569s][info ][gc,phases,start] GC(1) Compaction Phase
[2.593s][info ][gc,phases      ] GC(1) Compaction Phase 23.399ms
[2.593s][info ][gc,phases,start] GC(1) Post Compact
[2.594s][debug][gc,phases      ] GC(1) Purge Class Loader Data 1.050ms
[2.595s][info ][gc,phases      ] GC(1) Post Compact 2.097ms
[2.595s][info ][gc,heap        ] GC(1) PSYoungGen: 37769K(1572864K)->34029K(1572864K) Eden: 0K(1048576K)->0K(1048576K) From: 37769K(524288K)->34029K(524288K)
[2.595s][info ][gc,heap        ] GC(1) ParOldGen: 1145K(6144K)->4571K(6144K)
[2.595s][info ][gc,metaspace   ] GC(1) Metaspace: 21019K(21504K)->21019K(21504K) NonClass: 18705K(18944K)->18705K(18944K) Class: 2314K(2560K)->2314K(2560K)
[2.595s][info ][gc             ] GC(1) Pause Full (Metadata GC Threshold) 38M->37M(1542M) 47.649ms
[2.595s][info ][gc,cpu         ] GC(1) User=0.14s Sys=0.00s Real=0.05s
[2.595s][info ][safepoint      ] Safepoint "CollectForMetadataAllocation", Time since last: 309934435 ns, Reaching safepoint: 3900 ns, Cleanup: 72802 ns, At safepoint: 69927996 ns, Total: 70004698 ns
[2.988s][info ][safepoint      ] Safepoint "ICBufferFull", Time since last: 392763437 ns, Reaching safepoint: 3200 ns, Cleanup: 124304 ns, At safepoint: 6200 ns, Total: 133704 ns
[3.201s][info ][safepoint      ] Safepoint "ICBufferFull", Time since last: 213507506 ns, Reaching safepoint: 4400 ns, Cleanup: 113404 ns, At safepoint: 12500 ns, Total: 130304 ns
[3.357s][info ][safepoint      ] Safepoint "ICBufferFull", Time since last: 155225976 ns, Reaching safepoint: 5000 ns, Cleanup: 116704 ns, At safepoint: 7900 ns, Total: 129604 ns
[3.501s][info ][safepoint      ] Safepoint "ICBufferFull", Time since last: 144037424 ns, Reaching safepoint: 4700 ns, Cleanup: 143405 ns, At safepoint: 2300 ns, Total: 150405 ns
[3.883s][info ][safepoint      ] Safepoint "ICBufferFull", Time since last: 381580285 ns, Reaching safepoint: 5200 ns, Cleanup: 146005 ns, At safepoint: 5200 ns, Total: 156405 ns
[3.996s][info ][gc,start       ] GC(2) Pause Young (Metadata GC Threshold)
[4.031s][debug][gc,phases      ] GC(2) Scavenge 35.165ms
[4.032s][debug][gc,ref         ] GC(2) ReferenceProcessor::execute queues: 4, RefProcThreadModel::Multi, marks_oops_alive: false
[4.032s][debug][gc,ref         ] GC(2) Skipped KeepAliveFinalRefsPhase of Reference Processing: no references
[4.032s][debug][gc,ref         ] GC(2) ReferenceProcessor::execute queues: 2, RefProcThreadModel::Multi, marks_oops_alive: false
[4.032s][debug][gc,phases      ] GC(2) Reference Processing 0.624ms
[4.032s][debug][gc,phases      ] GC(2)   VM Weak                        Min:  0.0, Avg:  0.0, Max:  0.0, Diff:  0.0, Sum:  0.0, Workers: 4
[4.032s][debug][gc,phases      ] GC(2)     Dead                           Min: 0, Avg:  0.0, Max: 0, Diff: 0, Sum: 0, Workers: 4
[4.032s][debug][gc,phases      ] GC(2)     Total                          Min: 0, Avg: 72.8, Max: 128, Diff: 128, Sum: 291, Workers: 4
[4.032s][debug][gc,phases      ] GC(2)   ObjectSynchronizer Weak        Min:  0.0, Avg:  0.0, Max:  0.0, Diff:  0.0, Sum:  0.0, Workers: 4
[4.032s][debug][gc,phases      ] GC(2)     Dead                           Min: 0, Avg:  0.0, Max: 0, Diff: 0, Sum: 0, Workers: 4
[4.032s][debug][gc,phases      ] GC(2)     Total                          Min: 0, Avg:  1.8, Max: 7, Diff: 7, Sum: 7, Workers: 4
[4.032s][debug][gc,phases      ] GC(2)   JVMTI Tag Weak OopStorage      Min:  0.0, Avg:  0.0, Max:  0.0, Diff:  0.0, Sum:  0.0, Workers: 4
[4.032s][debug][gc,phases      ] GC(2)     Dead                           Min: 0, Avg:  0.0, Max: 0, Diff: 0, Sum: 0, Workers: 4
[4.032s][debug][gc,phases      ] GC(2)     Total                          Min: 0, Avg:  0.0, Max: 0, Diff: 0, Sum: 0, Workers: 4
[4.032s][debug][gc,phases      ] GC(2)   StringTable Weak               Min:  0.2, Avg:  0.2, Max:  0.2, Diff:  0.0, Sum:  0.6, Workers: 4
[4.032s][debug][gc,phases      ] GC(2)     Dead                           Min: 1, Avg:  2.5, Max: 4, Diff: 3, Sum: 10, Workers: 4
[4.032s][debug][gc,phases      ] GC(2)     Total                          Min: 3328, Avg: 3675.5, Max: 4160, Diff: 832, Sum: 14702, Workers: 4
[4.032s][debug][gc,phases      ] GC(2)   ResolvedMethodTable Weak       Min:  0.1, Avg:  0.1, Max:  0.1, Diff:  0.0, Sum:  0.2, Workers: 4
[4.032s][debug][gc,phases      ] GC(2)     Dead                           Min: 361, Avg: 440.5, Max: 581, Diff: 220, Sum: 1762, Workers: 4
[4.032s][debug][gc,phases      ] GC(2)     Total                          Min: 1088, Avg: 1200.5, Max: 1280, Diff: 192, Sum: 4802, Workers: 4
[4.032s][debug][gc,phases      ] GC(2)   JNI Weak                       Min:  0.0, Avg:  0.0, Max:  0.0, Diff:  0.0, Sum:  0.0, Workers: 4
[4.032s][debug][gc,phases      ] GC(2)     Dead                           Min: 0, Avg:  0.0, Max: 0, Diff: 0, Sum: 0, Workers: 4
[4.032s][debug][gc,phases      ] GC(2)     Total                          Min: 0, Avg: 12.0, Max: 48, Diff: 48, Sum: 48, Workers: 4
[4.032s][debug][gc,phases      ] GC(2)   StringDedup Table Weak         Min:  0.0, Avg:  0.0, Max:  0.0, Diff:  0.0, Sum:  0.0, Workers: 4
[4.032s][debug][gc,phases      ] GC(2)     Dead                           Min: 0, Avg:  0.0, Max: 0, Diff: 0, Sum: 0, Workers: 4
[4.032s][debug][gc,phases      ] GC(2)     Total                          Min: 0, Avg:  0.0, Max: 0, Diff: 0, Sum: 0, Workers: 4
[4.032s][debug][gc,phases      ] GC(2)   StringDedup Requests0 Weak     Min:  0.0, Avg:  0.0, Max:  0.0, Diff:  0.0, Sum:  0.0, Workers: 4
[4.032s][debug][gc,phases      ] GC(2)     Dead                           Min: 0, Avg:  0.0, Max: 0, Diff: 0, Sum: 0, Workers: 4
[4.032s][debug][gc,phases      ] GC(2)     Total                          Min: 0, Avg:  0.0, Max: 0, Diff: 0, Sum: 0, Workers: 4
[4.032s][debug][gc,phases      ] GC(2)   StringDedup Requests1 Weak     Min:  0.0, Avg:  0.0, Max:  0.0, Diff:  0.0, Sum:  0.0, Workers: 4
[4.032s][debug][gc,phases      ] GC(2)     Dead                           Min: 0, Avg:  0.0, Max: 0, Diff: 0, Sum: 0, Workers: 4
[4.032s][debug][gc,phases      ] GC(2)     Total                          Min: 0, Avg:  0.0, Max: 0, Diff: 0, Sum: 0, Workers: 4
[4.032s][debug][gc,phases      ] GC(2)   Weak JFR Old Object Samples    Min:  0.0, Avg:  0.0, Max:  0.0, Diff:  0.0, Sum:  0.0, Workers: 4
[4.032s][debug][gc,phases      ] GC(2)     Dead                           Min: 0, Avg:  0.0, Max: 0, Diff: 0, Sum: 0, Workers: 4
[4.032s][debug][gc,phases      ] GC(2)     Total                          Min: 0, Avg:  0.0, Max: 0, Diff: 0, Sum: 0, Workers: 4
[4.032s][debug][gc,phases      ] GC(2) Weak Processing 0.443ms
[4.032s][debug][gc,age         ] GC(2) Desired survivor size 536870912 bytes, new threshold 7 (max threshold 15)
[4.032s][info ][gc,heap        ] GC(2) PSYoungGen: 558318K(1572864K)->56862K(1572864K) Eden: 524288K(1048576K)->0K(1048576K) From: 34029K(524288K)->56862K(524288K)
[4.032s][info ][gc,heap        ] GC(2) ParOldGen: 4571K(6144K)->4579K(6144K)
[4.032s][info ][gc,metaspace   ] GC(2) Metaspace: 35420K(35840K)->35420K(35840K) NonClass: 30883K(31104K)->30883K(31104K) Class: 4536K(4736K)->4536K(4736K)
[4.033s][info ][gc             ] GC(2) Pause Young (Metadata GC Threshold) 549M->60M(1542M) 36.386ms
[4.033s][info ][gc,cpu         ] GC(2) User=0.10s Sys=0.04s Real=0.04s
[4.033s][debug][gc,phases      ] GC(3) Pre Compact 0.009ms
[4.033s][info ][gc,start       ] GC(3) Pause Full (Metadata GC Threshold)
[4.033s][info ][gc,phases,start] GC(3) Marking Phase
[4.059s][debug][gc,phases      ] GC(3) Par Mark 26.223ms
[4.059s][debug][gc,ref         ] GC(3) ReferenceProcessor::execute queues: 3, RefProcThreadModel::Multi, marks_oops_alive: false
[4.059s][debug][gc,ref         ] GC(3) ReferenceProcessor::execute queues: 4, RefProcThreadModel::Multi, marks_oops_alive: true
[4.060s][debug][gc,ref         ] GC(3) ReferenceProcessor::execute queues: 1, RefProcThreadModel::Single, marks_oops_alive: false
[4.060s][debug][gc,phases      ] GC(3) Reference Processing 0.780ms
[4.060s][debug][gc,phases      ] GC(3)   VM Weak                        Min:  0.0, Avg:  0.0, Max:  0.0, Diff:  0.0, Sum:  0.0, Workers: 4
[4.060s][debug][gc,phases      ] GC(3)     Dead                           Min: 0, Avg:  0.0, Max: 0, Diff: 0, Sum: 0, Workers: 4
[4.060s][debug][gc,phases      ] GC(3)     Total                          Min: 0, Avg: 72.8, Max: 163, Diff: 163, Sum: 291, Workers: 4
[4.060s][debug][gc,phases      ] GC(3)   ObjectSynchronizer Weak        Min:  0.0, Avg:  0.0, Max:  0.0, Diff:  0.0, Sum:  0.0, Workers: 4
[4.060s][debug][gc,phases      ] GC(3)     Dead                           Min: 0, Avg:  0.0, Max: 0, Diff: 0, Sum: 0, Workers: 4
[4.060s][debug][gc,phases      ] GC(3)     Total                          Min: 0, Avg:  1.8, Max: 7, Diff: 7, Sum: 7, Workers: 4
[4.060s][debug][gc,phases      ] GC(3)   JVMTI Tag Weak OopStorage      Min:  0.0, Avg:  0.0, Max:  0.0, Diff:  0.0, Sum:  0.0, Workers: 4
[4.060s][debug][gc,phases      ] GC(3)     Dead                           Min: 0, Avg:  0.0, Max: 0, Diff: 0, Sum: 0, Workers: 4
[4.060s][debug][gc,phases      ] GC(3)     Total                          Min: 0, Avg:  0.0, Max: 0, Diff: 0, Sum: 0, Workers: 4
[4.060s][debug][gc,phases      ] GC(3)   StringTable Weak               Min:  0.0, Avg:  0.1, Max:  0.1, Diff:  0.1, Sum:  0.3, Workers: 4
[4.060s][debug][gc,phases      ] GC(3)     Dead                           Min: 0, Avg:  0.0, Max: 0, Diff: 0, Sum: 0, Workers: 4
[4.060s][debug][gc,phases      ] GC(3)     Total                          Min: 0, Avg: 3675.5, Max: 5248, Diff: 5248, Sum: 14702, Workers: 4
[4.060s][debug][gc,phases      ] GC(3)   ResolvedMethodTable Weak       Min:  0.0, Avg:  0.0, Max:  0.0, Diff:  0.0, Sum:  0.1, Workers: 4
[4.060s][debug][gc,phases      ] GC(3)     Dead                           Min: 0, Avg:  0.0, Max: 0, Diff: 0, Sum: 0, Workers: 4
[4.060s][debug][gc,phases      ] GC(3)     Total                          Min: 0, Avg: 1200.5, Max: 1856, Diff: 1856, Sum: 4802, Workers: 4
[4.060s][debug][gc,phases      ] GC(3)   JNI Weak                       Min:  0.0, Avg:  0.0, Max:  0.0, Diff:  0.0, Sum:  0.0, Workers: 4
[4.060s][debug][gc,phases      ] GC(3)     Dead                           Min: 0, Avg:  0.0, Max: 0, Diff: 0, Sum: 0, Workers: 4
[4.060s][debug][gc,phases      ] GC(3)     Total                          Min: 0, Avg: 12.0, Max: 48, Diff: 48, Sum: 48, Workers: 4
[4.060s][debug][gc,phases      ] GC(3)   StringDedup Table Weak         Min:  0.0, Avg:  0.0, Max:  0.0, Diff:  0.0, Sum:  0.0, Workers: 4
[4.060s][debug][gc,phases      ] GC(3)     Dead                           Min: 0, Avg:  0.0, Max: 0, Diff: 0, Sum: 0, Workers: 4
[4.060s][debug][gc,phases      ] GC(3)     Total                          Min: 0, Avg:  0.0, Max: 0, Diff: 0, Sum: 0, Workers: 4
[4.060s][debug][gc,phases      ] GC(3)   StringDedup Requests0 Weak     Min:  0.0, Avg:  0.0, Max:  0.0, Diff:  0.0, Sum:  0.0, Workers: 4
[4.060s][debug][gc,phases      ] GC(3)     Dead                           Min: 0, Avg:  0.0, Max: 0, Diff: 0, Sum: 0, Workers: 4
[4.060s][debug][gc,phases      ] GC(3)     Total                          Min: 0, Avg:  0.0, Max: 0, Diff: 0, Sum: 0, Workers: 4
[4.060s][debug][gc,phases      ] GC(3)   StringDedup Requests1 Weak     Min:  0.0, Avg:  0.0, Max:  0.0, Diff:  0.0, Sum:  0.0, Workers: 4
[4.060s][debug][gc,phases      ] GC(3)     Dead                           Min: 0, Avg:  0.0, Max: 0, Diff: 0, Sum: 0, Workers: 4
[4.060s][debug][gc,phases      ] GC(3)     Total                          Min: 0, Avg:  0.0, Max: 0, Diff: 0, Sum: 0, Workers: 4
[4.060s][debug][gc,phases      ] GC(3)   Weak JFR Old Object Samples    Min:  0.0, Avg:  0.0, Max:  0.0, Diff:  0.0, Sum:  0.0, Workers: 4
[4.060s][debug][gc,phases      ] GC(3)     Dead                           Min: 0, Avg:  0.0, Max: 0, Diff: 0, Sum: 0, Workers: 4
[4.060s][debug][gc,phases      ] GC(3)     Total                          Min: 0, Avg:  0.0, Max: 0, Diff: 0, Sum: 0, Workers: 4
[4.060s][debug][gc,phases      ] GC(3) Weak Processing 0.331ms
[4.060s][debug][gc,phases      ] GC(3) ClassLoaderData 0.042ms
[4.060s][debug][gc,phases      ] GC(3) Trigger cleanups 0.000ms
[4.069s][debug][gc,phases      ] GC(3) Purge Unlinked NMethods 0.630ms
[4.069s][debug][gc,phases      ] GC(3) Unregister NMethods 0.037ms
[4.069s][debug][gc,phases      ] GC(3) Free Code Blobs 0.163ms
[4.069s][debug][gc,phases      ] GC(3) Class Unloading 8.825ms
[4.069s][debug][gc,phases      ] GC(3) Report Object Count 0.001ms
[4.069s][info ][gc,phases      ] GC(3) Marking Phase 36.235ms
[4.069s][info ][gc,phases,start] GC(3) Summary Phase
[4.069s][info ][gc,phases      ] GC(3) Summary Phase 0.008ms
[4.069s][info ][gc,phases,start] GC(3) Adjust Roots
[4.074s][info ][gc,phases      ] GC(3) Adjust Roots 5.199ms
[4.074s][info ][gc,phases,start] GC(3) Compaction Phase
[4.161s][info ][gc,phases      ] GC(3) Compaction Phase 87.193ms
[4.161s][info ][gc,phases,start] GC(3) Post Compact
[4.163s][debug][gc,phases      ] GC(3) Purge Class Loader Data 1.294ms
[4.164s][info ][gc,phases      ] GC(3) Post Compact 2.376ms
[4.164s][info ][gc,heap        ] GC(3) PSYoungGen: 56862K(1572864K)->55169K(1572864K) Eden: 0K(1048576K)->0K(1048576K) From: 56862K(524288K)->55169K(524288K)
[4.164s][info ][gc,heap        ] GC(3) ParOldGen: 4579K(6144K)->6100K(6144K)
[4.164s][info ][gc,metaspace   ] GC(3) Metaspace: 35420K(35840K)->35420K(35840K) NonClass: 30883K(31104K)->30883K(31104K) Class: 4536K(4736K)->4536K(4736K)
[4.164s][info ][gc             ] GC(3) Pause Full (Metadata GC Threshold) 60M->59M(1542M) 131.343ms
[4.164s][info ][gc,cpu         ] GC(3) User=0.40s Sys=0.00s Real=0.13s
[4.164s][info ][safepoint      ] Safepoint "CollectForMetadataAllocation", Time since last: 113367760 ns, Reaching safepoint: 3701 ns, Cleanup: 42301 ns, At safepoint: 167861972 ns, Total: 167907974 ns
[4.306s][info ][safepoint      ] Safepoint "ICBufferFull", Time since last: 141799554 ns, Reaching safepoint: 2700 ns, Cleanup: 136505 ns, At safepoint: 6100 ns, Total: 145305 ns
[4.523s][info ][safepoint      ] Safepoint "ICBufferFull", Time since last: 217028416 ns, Reaching safepoint: 82203 ns, Cleanup: 135304 ns, At safepoint: 5700 ns, Total: 223207 ns
[4.854s][info ][safepoint      ] Safepoint "ICBufferFull", Time since last: 330822091 ns, Reaching safepoint: 3700 ns, Cleanup: 148505 ns, At safepoint: 3000 ns, Total: 155205 ns
[5.226s][info ][safepoint      ] Safepoint "ICBufferFull", Time since last: 371413966 ns, Reaching safepoint: 3900 ns, Cleanup: 127604 ns, At safepoint: 6300 ns, Total: 137804 ns
[5.399s][info ][safepoint      ] Safepoint "ICBufferFull", Time since last: 173512250 ns, Reaching safepoint: 5000 ns, Cleanup: 139005 ns, At safepoint: 5700 ns, Total: 149705 ns
[5.667s][info ][safepoint      ] Safepoint "ICBufferFull", Time since last: 267466806 ns, Reaching safepoint: 4400 ns, Cleanup: 139105 ns, At safepoint: 2501 ns, Total: 146006 ns
[5.862s][info ][safepoint      ] Safepoint "ICBufferFull", Time since last: 194796586 ns, Reaching safepoint: 5901 ns, Cleanup: 133305 ns, At safepoint: 5700 ns, Total: 144906 ns
[6.274s][info ][safepoint      ] Safepoint "ICBufferFull", Time since last: 411501461 ns, Reaching safepoint: 3400 ns, Cleanup: 149006 ns, At safepoint: 8601 ns, Total: 161007 ns
[6.551s][info ][gc,start       ] GC(4) Pause Young (Metadata GC Threshold)
[6.592s][debug][gc,phases      ] GC(4) Scavenge 40.819ms
[6.592s][debug][gc,ref         ] GC(4) ReferenceProcessor::execute queues: 4, RefProcThreadModel::Multi, marks_oops_alive: false
[6.593s][debug][gc,ref         ] GC(4) Skipped KeepAliveFinalRefsPhase of Reference Processing: no references
[6.593s][debug][gc,ref         ] GC(4) ReferenceProcessor::execute queues: 4, RefProcThreadModel::Multi, marks_oops_alive: false
[6.594s][debug][gc,phases      ] GC(4) Reference Processing 1.497ms
[6.594s][debug][gc,phases      ] GC(4)   VM Weak                        Min:  0.0, Avg:  0.0, Max:  0.0, Diff:  0.0, Sum:  0.0, Workers: 4
[6.594s][debug][gc,phases      ] GC(4)     Dead                           Min: 0, Avg:  0.0, Max: 0, Diff: 0, Sum: 0, Workers: 4
[6.594s][debug][gc,phases      ] GC(4)     Total                          Min: 0, Avg: 116.2, Max: 273, Diff: 273, Sum: 465, Workers: 4
[6.594s][debug][gc,phases      ] GC(4)   ObjectSynchronizer Weak        Min:  0.0, Avg:  0.0, Max:  0.0, Diff:  0.0, Sum:  0.0, Workers: 4
[6.594s][debug][gc,phases      ] GC(4)     Dead                           Min: 0, Avg:  0.0, Max: 0, Diff: 0, Sum: 0, Workers: 4
[6.594s][debug][gc,phases      ] GC(4)     Total                          Min: 0, Avg:  2.0, Max: 8, Diff: 8, Sum: 8, Workers: 4
[6.594s][debug][gc,phases      ] GC(4)   JVMTI Tag Weak OopStorage      Min:  0.0, Avg:  0.0, Max:  0.0, Diff:  0.0, Sum:  0.0, Workers: 4
[6.594s][debug][gc,phases      ] GC(4)     Dead                           Min: 0, Avg:  0.0, Max: 0, Diff: 0, Sum: 0, Workers: 4
[6.594s][debug][gc,phases      ] GC(4)     Total                          Min: 0, Avg:  0.0, Max: 0, Diff: 0, Sum: 0, Workers: 4
[6.594s][debug][gc,phases      ] GC(4)   StringTable Weak               Min:  0.0, Avg:  0.3, Max:  0.3, Diff:  0.3, Sum:  1.0, Workers: 4
[6.594s][debug][gc,phases      ] GC(4)     Dead                           Min: 0, Avg:  3.8, Max: 6, Diff: 6, Sum: 15, Workers: 4
[6.594s][debug][gc,phases      ] GC(4)     Total                          Min: 0, Avg: 6952.2, Max: 9633, Diff: 9633, Sum: 27809, Workers: 4
[6.594s][debug][gc,phases      ] GC(4)   ResolvedMethodTable Weak       Min:  0.0, Avg:  0.1, Max:  0.2, Diff:  0.2, Sum:  0.5, Workers: 4
[6.594s][debug][gc,phases      ] GC(4)     Dead                           Min: 0, Avg: 980.2, Max: 1622, Diff: 1622, Sum: 3921, Workers: 4
[6.594s][debug][gc,phases      ] GC(4)     Total                          Min: 0, Avg: 2864.5, Max: 4032, Diff: 4032, Sum: 11458, Workers: 4
[6.594s][debug][gc,phases      ] GC(4)   JNI Weak                       Min:  0.0, Avg:  0.0, Max:  0.0, Diff:  0.0, Sum:  0.0, Workers: 4
[6.594s][debug][gc,phases      ] GC(4)     Dead                           Min: 0, Avg:  0.0, Max: 0, Diff: 0, Sum: 0, Workers: 4
[6.594s][debug][gc,phases      ] GC(4)     Total                          Min: 0, Avg: 12.5, Max: 50, Diff: 50, Sum: 50, Workers: 4
[6.594s][debug][gc,phases      ] GC(4)   StringDedup Table Weak         Min:  0.0, Avg:  0.0, Max:  0.0, Diff:  0.0, Sum:  0.0, Workers: 4
[6.594s][debug][gc,phases      ] GC(4)     Dead                           Min: 0, Avg:  0.0, Max: 0, Diff: 0, Sum: 0, Workers: 4
[6.594s][debug][gc,phases      ] GC(4)     Total                          Min: 0, Avg:  0.0, Max: 0, Diff: 0, Sum: 0, Workers: 4
[6.594s][debug][gc,phases      ] GC(4)   StringDedup Requests0 Weak     Min:  0.0, Avg:  0.0, Max:  0.0, Diff:  0.0, Sum:  0.0, Workers: 4
[6.594s][debug][gc,phases      ] GC(4)     Dead                           Min: 0, Avg:  0.0, Max: 0, Diff: 0, Sum: 0, Workers: 4
[6.594s][debug][gc,phases      ] GC(4)     Total                          Min: 0, Avg:  0.0, Max: 0, Diff: 0, Sum: 0, Workers: 4
[6.594s][debug][gc,phases      ] GC(4)   StringDedup Requests1 Weak     Min:  0.0, Avg:  0.0, Max:  0.0, Diff:  0.0, Sum:  0.0, Workers: 4
[6.594s][debug][gc,phases      ] GC(4)     Dead                           Min: 0, Avg:  0.0, Max: 0, Diff: 0, Sum: 0, Workers: 4
[6.594s][debug][gc,phases      ] GC(4)     Total                          Min: 0, Avg:  0.0, Max: 0, Diff: 0, Sum: 0, Workers: 4
[6.594s][debug][gc,phases      ] GC(4)   Weak JFR Old Object Samples    Min:  0.0, Avg:  0.0, Max:  0.0, Diff:  0.0, Sum:  0.0, Workers: 4
[6.594s][debug][gc,phases      ] GC(4)     Dead                           Min: 0, Avg:  0.0, Max: 0, Diff: 0, Sum: 0, Workers: 4
[6.594s][debug][gc,phases      ] GC(4)     Total                          Min: 0, Avg:  0.0, Max: 0, Diff: 0, Sum: 0, Workers: 4
[6.594s][debug][gc,phases      ] GC(4) Weak Processing 0.746ms
[6.594s][debug][gc,age         ] GC(4) Desired survivor size 536870912 bytes, new threshold 7 (max threshold 15)
[6.594s][info ][gc,heap        ] GC(4) PSYoungGen: 439791K(1572864K)->77374K(1572864K) Eden: 384622K(1048576K)->0K(1048576K) From: 55169K(524288K)->77374K(524288K)
[6.594s][info ][gc,heap        ] GC(4) ParOldGen: 6100K(6144K)->6108K(6144K)
[6.594s][info ][gc,metaspace   ] GC(4) Metaspace: 59133K(59776K)->59133K(59776K) NonClass: 49698K(50048K)->49698K(50048K) Class: 9435K(9728K)->9435K(9728K)
[6.594s][info ][gc             ] GC(4) Pause Young (Metadata GC Threshold) 435M->81M(1542M) 43.208ms
[6.594s][info ][gc,cpu         ] GC(4) User=0.15s Sys=0.00s Real=0.05s
[6.594s][debug][gc,phases      ] GC(5) Pre Compact 0.010ms
[6.594s][info ][gc,start       ] GC(5) Pause Full (Metadata GC Threshold)
[6.594s][info ][gc,phases,start] GC(5) Marking Phase
[6.629s][debug][gc,phases      ] GC(5) Par Mark 34.166ms
[6.629s][debug][gc,ref         ] GC(5) ReferenceProcessor::execute queues: 4, RefProcThreadModel::Multi, marks_oops_alive: false
[6.629s][debug][gc,ref         ] GC(5) ReferenceProcessor::execute queues: 4, RefProcThreadModel::Multi, marks_oops_alive: true
[6.629s][debug][gc,ref         ] GC(5) ReferenceProcessor::execute queues: 1, RefProcThreadModel::Single, marks_oops_alive: false
[6.629s][debug][gc,phases      ] GC(5) Reference Processing 0.652ms
[6.630s][debug][gc,phases      ] GC(5)   VM Weak                        Min:  0.0, Avg:  0.0, Max:  0.0, Diff:  0.0, Sum:  0.0, Workers: 4
[6.630s][debug][gc,phases      ] GC(5)     Dead                           Min: 0, Avg:  0.0, Max: 0, Diff: 0, Sum: 0, Workers: 4
[6.630s][debug][gc,phases      ] GC(5)     Total                          Min: 0, Avg: 116.2, Max: 384, Diff: 384, Sum: 465, Workers: 4
[6.630s][debug][gc,phases      ] GC(5)   ObjectSynchronizer Weak        Min:  0.0, Avg:  0.0, Max:  0.0, Diff:  0.0, Sum:  0.0, Workers: 4
[6.630s][debug][gc,phases      ] GC(5)     Dead                           Min: 0, Avg:  0.0, Max: 0, Diff: 0, Sum: 0, Workers: 4
[6.630s][debug][gc,phases      ] GC(5)     Total                          Min: 0, Avg:  2.0, Max: 8, Diff: 8, Sum: 8, Workers: 4
[6.630s][debug][gc,phases      ] GC(5)   JVMTI Tag Weak OopStorage      Min:  0.0, Avg:  0.0, Max:  0.0, Diff:  0.0, Sum:  0.0, Workers: 4
[6.630s][debug][gc,phases      ] GC(5)     Dead                           Min: 0, Avg:  0.0, Max: 0, Diff: 0, Sum: 0, Workers: 4
[6.630s][debug][gc,phases      ] GC(5)     Total                          Min: 0, Avg:  0.0, Max: 0, Diff: 0, Sum: 0, Workers: 4
[6.630s][debug][gc,phases      ] GC(5)   StringTable Weak               Min:  0.0, Avg:  0.1, Max:  0.1, Diff:  0.1, Sum:  0.4, Workers: 4
[6.630s][debug][gc,phases      ] GC(5)     Dead                           Min: 0, Avg:  0.0, Max: 0, Diff: 0, Sum: 0, Workers: 4
[6.630s][debug][gc,phases      ] GC(5)     Total                          Min: 0, Avg: 6952.2, Max: 9984, Diff: 9984, Sum: 27809, Workers: 4
[6.630s][debug][gc,phases      ] GC(5)   ResolvedMethodTable Weak       Min:  0.0, Avg:  0.0, Max:  0.0, Diff:  0.0, Sum:  0.1, Workers: 4
[6.630s][debug][gc,phases      ] GC(5)     Dead                           Min: 0, Avg:  0.0, Max: 0, Diff: 0, Sum: 0, Workers: 4
[6.630s][debug][gc,phases      ] GC(5)     Total                          Min: 0, Avg: 2864.5, Max: 4160, Diff: 4160, Sum: 11458, Workers: 4
[6.630s][debug][gc,phases      ] GC(5)   JNI Weak                       Min:  0.0, Avg:  0.0, Max:  0.0, Diff:  0.0, Sum:  0.0, Workers: 4
[6.630s][debug][gc,phases      ] GC(5)     Dead                           Min: 0, Avg:  0.0, Max: 0, Diff: 0, Sum: 0, Workers: 4
[6.630s][debug][gc,phases      ] GC(5)     Total                          Min: 0, Avg: 12.5, Max: 50, Diff: 50, Sum: 50, Workers: 4
[6.630s][debug][gc,phases      ] GC(5)   StringDedup Table Weak         Min:  0.0, Avg:  0.0, Max:  0.0, Diff:  0.0, Sum:  0.0, Workers: 4
[6.630s][debug][gc,phases      ] GC(5)     Dead                           Min: 0, Avg:  0.0, Max: 0, Diff: 0, Sum: 0, Workers: 4
[6.630s][debug][gc,phases      ] GC(5)     Total                          Min: 0, Avg:  0.0, Max: 0, Diff: 0, Sum: 0, Workers: 4
[6.630s][debug][gc,phases      ] GC(5)   StringDedup Requests0 Weak     Min:  0.0, Avg:  0.0, Max:  0.0, Diff:  0.0, Sum:  0.0, Workers: 4
[6.630s][debug][gc,phases      ] GC(5)     Dead                           Min: 0, Avg:  0.0, Max: 0, Diff: 0, Sum: 0, Workers: 4
[6.630s][debug][gc,phases      ] GC(5)     Total                          Min: 0, Avg:  0.0, Max: 0, Diff: 0, Sum: 0, Workers: 4
[6.630s][debug][gc,phases      ] GC(5)   StringDedup Requests1 Weak     Min:  0.0, Avg:  0.0, Max:  0.0, Diff:  0.0, Sum:  0.0, Workers: 4
[6.630s][debug][gc,phases      ] GC(5)     Dead                           Min: 0, Avg:  0.0, Max: 0, Diff: 0, Sum: 0, Workers: 4
[6.630s][debug][gc,phases      ] GC(5)     Total                          Min: 0, Avg:  0.0, Max: 0, Diff: 0, Sum: 0, Workers: 4
[6.630s][debug][gc,phases      ] GC(5)   Weak JFR Old Object Samples    Min:  0.0, Avg:  0.0, Max:  0.0, Diff:  0.0, Sum:  0.0, Workers: 4
[6.630s][debug][gc,phases      ] GC(5)     Dead                           Min: 0, Avg:  0.0, Max: 0, Diff: 0, Sum: 0, Workers: 4
[6.630s][debug][gc,phases      ] GC(5)     Total                          Min: 0, Avg:  0.0, Max: 0, Diff: 0, Sum: 0, Workers: 4
[6.630s][debug][gc,phases      ] GC(5) Weak Processing 0.428ms
[6.630s][debug][gc,phases      ] GC(5) ClassLoaderData 0.063ms
[6.630s][debug][gc,phases      ] GC(5) Trigger cleanups 0.000ms
[6.639s][debug][gc,phases      ] GC(5) Purge Unlinked NMethods 0.247ms
[6.639s][debug][gc,phases      ] GC(5) Unregister NMethods 0.071ms
[6.639s][debug][gc,phases      ] GC(5) Free Code Blobs 0.045ms
[6.639s][debug][gc,phases      ] GC(5) Class Unloading 9.753ms
[6.639s][debug][gc,phases      ] GC(5) Report Object Count 0.001ms
[6.639s][info ][gc,phases      ] GC(5) Marking Phase 45.070ms
[6.639s][info ][gc,phases,start] GC(5) Summary Phase
[6.639s][info ][gc,phases      ] GC(5) Summary Phase 0.008ms
[6.639s][info ][gc,phases,start] GC(5) Adjust Roots
[6.649s][info ][gc,phases      ] GC(5) Adjust Roots 9.265ms
[6.649s][info ][gc,phases,start] GC(5) Compaction Phase
[6.958s][info ][gc,phases      ] GC(5) Compaction Phase 309.332ms
[6.958s][info ][gc,phases,start] GC(5) Post Compact
[6.959s][debug][gc,phases      ] GC(5) Purge Class Loader Data 0.322ms
[6.960s][info ][gc,phases      ] GC(5) Post Compact 1.417ms
[6.960s][info ][gc,heap        ] GC(5) PSYoungGen: 77374K(1572864K)->77180K(1572864K) Eden: 0K(1048576K)->0K(1048576K) From: 77374K(524288K)->77180K(524288K)
[6.960s][info ][gc,heap        ] GC(5) ParOldGen: 6108K(6144K)->5885K(6144K)
[6.960s][info ][gc,metaspace   ] GC(5) Metaspace: 59133K(59776K)->59133K(59776K) NonClass: 49698K(50048K)->49698K(50048K) Class: 9435K(9728K)->9435K(9728K)
[6.960s][info ][gc             ] GC(5) Pause Full (Metadata GC Threshold) 81M->81M(1542M) 365.251ms
[6.960s][info ][gc,cpu         ] GC(5) User=0.79s Sys=0.00s Real=0.36s
[6.960s][info ][safepoint      ] Safepoint "CollectForMetadataAllocation", Time since last: 277501035 ns, Reaching safepoint: 4600 ns, Cleanup: 48402 ns, At safepoint: 408595144 ns, Total: 408648146 ns
[7.391s][info ][safepoint      ] Safepoint "ICBufferFull", Time since last: 426949586 ns, Reaching safepoint: 4242972 ns, Cleanup: 191808 ns, At safepoint: 20400 ns, Total: 4455180 ns
[7.556s][info ][safepoint      ] Safepoint "ICBufferFull", Time since last: 164549763 ns, Reaching safepoint: 82703 ns, Cleanup: 110405 ns, At safepoint: 11100 ns, Total: 204208 ns
[7.712s][info ][safepoint      ] Safepoint "ICBufferFull", Time since last: 155650902 ns, Reaching safepoint: 5200 ns, Cleanup: 227709 ns, At safepoint: 9201 ns, Total: 242110 ns
[7.827s][info ][safepoint      ] Safepoint "ICBufferFull", Time since last: 114915853 ns, Reaching safepoint: 5600 ns, Cleanup: 123805 ns, At safepoint: 6200 ns, Total: 135605 ns
[7.955s][info ][safepoint      ] Safepoint "ICBufferFull", Time since last: 127829276 ns, Reaching safepoint: 79503 ns, Cleanup: 132705 ns, At safepoint: 5000 ns, Total: 217208 ns
[8.121s][info ][safepoint      ] Safepoint "ICBufferFull", Time since last: 166478141 ns, Reaching safepoint: 4100 ns, Cleanup: 98504 ns, At safepoint: 7600 ns, Total: 110204 ns
[8.271s][info ][safepoint      ] Safepoint "ICBufferFull", Time since last: 149212042 ns, Reaching safepoint: 78703 ns, Cleanup: 130005 ns, At safepoint: 4900 ns, Total: 213608 ns
[8.534s][info ][safepoint      ] Safepoint "ICBufferFull", Time since last: 262600232 ns, Reaching safepoint: 84904 ns, Cleanup: 132605 ns, At safepoint: 7101 ns, Total: 224610 ns
[8.661s][info ][safepoint      ] Safepoint "ICBufferFull", Time since last: 126886237 ns, Reaching safepoint: 84803 ns, Cleanup: 114405 ns, At safepoint: 8700 ns, Total: 207908 ns
[8.838s][info ][safepoint      ] Safepoint "ICBufferFull", Time since last: 177346281 ns, Reaching safepoint: 5700 ns, Cleanup: 128005 ns, At safepoint: 2100 ns, Total: 135805 ns
[9.306s][info ][safepoint      ] Safepoint "ICBufferFull", Time since last: 467578908 ns, Reaching safepoint: 5800 ns, Cleanup: 157806 ns, At safepoint: 8201 ns, Total: 171807 ns
[9.474s][info ][safepoint      ] Safepoint "ICBufferFull", Time since last: 167544553 ns, Reaching safepoint: 5700 ns, Cleanup: 137205 ns, At safepoint: 2600 ns, Total: 145505 ns
[10.327s][info ][safepoint      ] Safepoint "ICBufferFull", Time since last: 853474473 ns, Reaching safepoint: 86103 ns, Cleanup: 123705 ns, At safepoint: 10200 ns, Total: 220008 ns
[11.328s][info ][safepoint      ] Safepoint "Cleanup", Time since last: 1000118421 ns, Reaching safepoint: 89703 ns, Cleanup: 16801 ns, At safepoint: 11400 ns, Total: 117904 ns
[12.328s][info ][safepoint      ] Safepoint "Cleanup", Time since last: 1000092420 ns, Reaching safepoint: 86303 ns, Cleanup: 11901 ns, At safepoint: 10400 ns, Total: 108604 ns
[13.026s][info ][safepoint      ] Safepoint "ICBufferFull", Time since last: 698450502 ns, Reaching safepoint: 6500 ns, Cleanup: 133905 ns, At safepoint: 8400 ns, Total: 148805 ns
[13.238s][info ][safepoint      ] Safepoint "ICBufferFull", Time since last: 211311939 ns, Reaching safepoint: 81703 ns, Cleanup: 124405 ns, At safepoint: 6100 ns, Total: 212208 ns
[13.428s][info ][safepoint      ] Safepoint "ICBufferFull", Time since last: 189975518 ns, Reaching safepoint: 83603 ns, Cleanup: 131805 ns, At safepoint: 15700 ns, Total: 231108 ns
[13.428s][info ][safepoint      ] Safepoint "ICBufferFull", Time since last: 73503 ns, Reaching safepoint: 80203 ns, Cleanup: 3400 ns, At safepoint: 17701 ns, Total: 101304 ns
[13.623s][info ][safepoint      ] Safepoint "ICBufferFull", Time since last: 194443389 ns, Reaching safepoint: 80503 ns, Cleanup: 122505 ns, At safepoint: 16001 ns, Total: 219009 ns
[13.878s][info ][safepoint      ] Safepoint "ICBufferFull", Time since last: 255246831 ns, Reaching safepoint: 8100 ns, Cleanup: 139006 ns, At safepoint: 5900 ns, Total: 153006 ns
[14.402s][info ][safepoint      ] Safepoint "ICBufferFull", Time since last: 523148749 ns, Reaching safepoint: 79403 ns, Cleanup: 116705 ns, At safepoint: 6700 ns, Total: 202808 ns
[15.402s][info ][safepoint      ] Safepoint "Cleanup", Time since last: 1000114721 ns, Reaching safepoint: 78903 ns, Cleanup: 126204 ns, At safepoint: 9701 ns, Total: 214808 ns
[16.260s][info ][safepoint      ] Safepoint "ICBufferFull", Time since last: 858139652 ns, Reaching safepoint: 6400 ns, Cleanup: 137005 ns, At safepoint: 7601 ns, Total: 151006 ns
[16.686s][info ][safepoint      ] Safepoint "ICBufferFull", Time since last: 425924805 ns, Reaching safepoint: 6500 ns, Cleanup: 139805 ns, At safepoint: 9601 ns, Total: 155906 ns
[16.737s][info ][safepoint      ] Safepoint "ICBufferFull", Time since last: 50399541 ns, Reaching safepoint: 42501 ns, Cleanup: 134206 ns, At safepoint: 14900 ns, Total: 191607 ns
[16.826s][info ][safepoint      ] Safepoint "ICBufferFull", Time since last: 88610213 ns, Reaching safepoint: 89104 ns, Cleanup: 121304 ns, At safepoint: 24501 ns, Total: 234909 ns
[17.012s][info ][gc,start       ] GC(6) Pause Young (Metadata GC Threshold)
[17.083s][debug][gc,phases      ] GC(6) Scavenge 70.179ms
[17.083s][debug][gc,ref         ] GC(6) ReferenceProcessor::execute queues: 4, RefProcThreadModel::Multi, marks_oops_alive: false
[17.084s][debug][gc,ref         ] GC(6) Skipped KeepAliveFinalRefsPhase of Reference Processing: no references
[17.084s][debug][gc,ref         ] GC(6) ReferenceProcessor::execute queues: 4, RefProcThreadModel::Multi, marks_oops_alive: false
[17.084s][debug][gc,phases      ] GC(6) Reference Processing 1.316ms
[17.085s][debug][gc,phases      ] GC(6)   VM Weak                        Min:  0.0, Avg:  0.0, Max:  0.0, Diff:  0.0, Sum:  0.0, Workers: 4
[17.085s][debug][gc,phases      ] GC(6)     Dead                           Min: 0, Avg:  0.0, Max: 0, Diff: 0, Sum: 0, Workers: 4
[17.085s][debug][gc,phases      ] GC(6)     Total                          Min: 128, Avg: 232.0, Max: 448, Diff: 320, Sum: 928, Workers: 4
[17.085s][debug][gc,phases      ] GC(6)   ObjectSynchronizer Weak        Min:  0.0, Avg:  0.0, Max:  0.0, Diff:  0.0, Sum:  0.0, Workers: 4
[17.085s][debug][gc,phases      ] GC(6)     Dead                           Min: 0, Avg:  7.8, Max: 31, Diff: 31, Sum: 31, Workers: 4
[17.085s][debug][gc,phases      ] GC(6)     Total                          Min: 0, Avg: 16.5, Max: 64, Diff: 64, Sum: 66, Workers: 4
[17.085s][debug][gc,phases      ] GC(6)   JVMTI Tag Weak OopStorage      Min:  0.0, Avg:  0.0, Max:  0.0, Diff:  0.0, Sum:  0.0, Workers: 4
[17.085s][debug][gc,phases      ] GC(6)     Dead                           Min: 0, Avg:  0.0, Max: 0, Diff: 0, Sum: 0, Workers: 4
[17.085s][debug][gc,phases      ] GC(6)     Total                          Min: 0, Avg:  0.0, Max: 0, Diff: 0, Sum: 0, Workers: 4
[17.085s][debug][gc,phases      ] GC(6)   StringTable Weak               Min:  0.5, Avg:  0.5, Max:  0.5, Diff:  0.0, Sum:  2.0, Workers: 4
[17.085s][debug][gc,phases      ] GC(6)     Dead                           Min: 3, Avg: 10.2, Max: 21, Diff: 18, Sum: 41, Workers: 4
[17.085s][debug][gc,phases      ] GC(6)     Total                          Min: 10240, Avg: 10926.0, Max: 11712, Diff: 1472, Sum: 43704, Workers: 4
[17.085s][debug][gc,phases      ] GC(6)   ResolvedMethodTable Weak       Min:  0.2, Avg:  0.2, Max:  0.2, Diff:  0.0, Sum:  0.8, Workers: 4
[17.085s][debug][gc,phases      ] GC(6)     Dead                           Min: 964, Avg: 1052.2, Max: 1136, Diff: 172, Sum: 4209, Workers: 4
[17.085s][debug][gc,phases      ] GC(6)     Total                          Min: 4416, Avg: 4529.5, Max: 4614, Diff: 198, Sum: 18118, Workers: 4
[17.085s][debug][gc,phases      ] GC(6)   JNI Weak                       Min:  0.0, Avg:  0.0, Max:  0.0, Diff:  0.0, Sum:  0.0, Workers: 4
[17.085s][debug][gc,phases      ] GC(6)     Dead                           Min: 0, Avg:  0.0, Max: 0, Diff: 0, Sum: 0, Workers: 4
[17.085s][debug][gc,phases      ] GC(6)     Total                          Min: 0, Avg: 22.5, Max: 52, Diff: 52, Sum: 90, Workers: 4
[17.085s][debug][gc,phases      ] GC(6)   StringDedup Table Weak         Min:  0.0, Avg:  0.0, Max:  0.0, Diff:  0.0, Sum:  0.0, Workers: 4
[17.085s][debug][gc,phases      ] GC(6)     Dead                           Min: 0, Avg:  0.0, Max: 0, Diff: 0, Sum: 0, Workers: 4
[17.085s][debug][gc,phases      ] GC(6)     Total                          Min: 0, Avg:  0.0, Max: 0, Diff: 0, Sum: 0, Workers: 4
[17.085s][debug][gc,phases      ] GC(6)   StringDedup Requests0 Weak     Min:  0.0, Avg:  0.0, Max:  0.0, Diff:  0.0, Sum:  0.0, Workers: 4
[17.085s][debug][gc,phases      ] GC(6)     Dead                           Min: 0, Avg:  0.0, Max: 0, Diff: 0, Sum: 0, Workers: 4
[17.085s][debug][gc,phases      ] GC(6)     Total                          Min: 0, Avg:  0.0, Max: 0, Diff: 0, Sum: 0, Workers: 4
[17.085s][debug][gc,phases      ] GC(6)   StringDedup Requests1 Weak     Min:  0.0, Avg:  0.0, Max:  0.0, Diff:  0.0, Sum:  0.0, Workers: 4
[17.085s][debug][gc,phases      ] GC(6)     Dead                           Min: 0, Avg:  0.0, Max: 0, Diff: 0, Sum: 0, Workers: 4
[17.085s][debug][gc,phases      ] GC(6)     Total                          Min: 0, Avg:  0.0, Max: 0, Diff: 0, Sum: 0, Workers: 4
[17.085s][debug][gc,phases      ] GC(6)   Weak JFR Old Object Samples    Min:  0.0, Avg:  0.0, Max:  0.0, Diff:  0.0, Sum:  0.0, Workers: 4
[17.085s][debug][gc,phases      ] GC(6)     Dead                           Min: 0, Avg:  0.0, Max: 0, Diff: 0, Sum: 0, Workers: 4
[17.085s][debug][gc,phases      ] GC(6)     Total                          Min: 0, Avg:  0.0, Max: 0, Diff: 0, Sum: 0, Workers: 4
[17.085s][debug][gc,phases      ] GC(6) Weak Processing 0.936ms
[17.085s][debug][gc,age         ] GC(6) Desired survivor size 536870912 bytes, new threshold 7 (max threshold 15)
[17.085s][info ][gc,heap        ] GC(6) PSYoungGen: 944962K(1572864K)->130094K(1572864K) Eden: 867782K(1048576K)->0K(1048576K) From: 77180K(524288K)->130094K(524288K)
[17.085s][info ][gc,heap        ] GC(6) ParOldGen: 5885K(6144K)->5966K(6144K)
[17.085s][info ][gc,metaspace   ] GC(6) Metaspace: 98440K(99648K)->98440K(99648K) NonClass: 82980K(83648K)->82980K(83648K) Class: 15460K(16000K)->15460K(16000K)
[17.085s][info ][gc             ] GC(6) Pause Young (Metadata GC Threshold) 928M->132M(1542M) 72.586ms
[17.085s][info ][gc,cpu         ] GC(6) User=0.26s Sys=0.02s Real=0.07s
[17.085s][debug][gc,phases      ] GC(7) Pre Compact 0.010ms
[17.085s][info ][gc,start       ] GC(7) Pause Full (Metadata GC Threshold)
[17.085s][info ][gc,phases,start] GC(7) Marking Phase
[17.143s][debug][gc,phases      ] GC(7) Par Mark 57.657ms
[17.143s][debug][gc,ref         ] GC(7) ReferenceProcessor::execute queues: 4, RefProcThreadModel::Multi, marks_oops_alive: false
[17.143s][debug][gc,ref         ] GC(7) Skipped KeepAliveFinalRefsPhase of Reference Processing: no references
[17.143s][debug][gc,ref         ] GC(7) ReferenceProcessor::execute queues: 1, RefProcThreadModel::Single, marks_oops_alive: false
[17.143s][debug][gc,phases      ] GC(7) Reference Processing 0.565ms
[17.144s][debug][gc,phases      ] GC(7)   VM Weak                        Min:  0.0, Avg:  0.0, Max:  0.0, Diff:  0.0, Sum:  0.0, Workers: 4
[17.144s][debug][gc,phases      ] GC(7)     Dead                           Min: 0, Avg:  1.8, Max: 7, Diff: 7, Sum: 7, Workers: 4
[17.144s][debug][gc,phases      ] GC(7)     Total                          Min: 0, Avg: 232.0, Max: 352, Diff: 352, Sum: 928, Workers: 4
[17.144s][debug][gc,phases      ] GC(7)   ObjectSynchronizer Weak        Min:  0.0, Avg:  0.0, Max:  0.0, Diff:  0.0, Sum:  0.0, Workers: 4
[17.144s][debug][gc,phases      ] GC(7)     Dead                           Min: 0, Avg:  0.0, Max: 0, Diff: 0, Sum: 0, Workers: 4
[17.144s][debug][gc,phases      ] GC(7)     Total                          Min: 0, Avg: 16.5, Max: 64, Diff: 64, Sum: 66, Workers: 4
[17.144s][debug][gc,phases      ] GC(7)   JVMTI Tag Weak OopStorage      Min:  0.0, Avg:  0.0, Max:  0.0, Diff:  0.0, Sum:  0.0, Workers: 4
[17.144s][debug][gc,phases      ] GC(7)     Dead                           Min: 0, Avg:  0.0, Max: 0, Diff: 0, Sum: 0, Workers: 4
[17.144s][debug][gc,phases      ] GC(7)     Total                          Min: 0, Avg:  0.0, Max: 0, Diff: 0, Sum: 0, Workers: 4
[17.144s][debug][gc,phases      ] GC(7)   StringTable Weak               Min:  0.0, Avg:  0.2, Max:  0.2, Diff:  0.2, Sum:  0.7, Workers: 4
[17.144s][debug][gc,phases      ] GC(7)     Dead                           Min: 0, Avg:  0.0, Max: 0, Diff: 0, Sum: 0, Workers: 4
[17.144s][debug][gc,phases      ] GC(7)     Total                          Min: 0, Avg: 10926.0, Max: 14656, Diff: 14656, Sum: 43704, Workers: 4
[17.144s][debug][gc,phases      ] GC(7)   ResolvedMethodTable Weak       Min:  0.0, Avg:  0.1, Max:  0.1, Diff:  0.1, Sum:  0.2, Workers: 4
[17.144s][debug][gc,phases      ] GC(7)     Dead                           Min: 0, Avg:  0.2, Max: 1, Diff: 1, Sum: 1, Workers: 4
[17.144s][debug][gc,phases      ] GC(7)     Total                          Min: 0, Avg: 4529.5, Max: 6214, Diff: 6214, Sum: 18118, Workers: 4
[17.144s][debug][gc,phases      ] GC(7)   JNI Weak                       Min:  0.0, Avg:  0.0, Max:  0.0, Diff:  0.0, Sum:  0.0, Workers: 4
[17.144s][debug][gc,phases      ] GC(7)     Dead                           Min: 0, Avg:  0.0, Max: 0, Diff: 0, Sum: 0, Workers: 4
[17.144s][debug][gc,phases      ] GC(7)     Total                          Min: 0, Avg: 22.5, Max: 52, Diff: 52, Sum: 90, Workers: 4
[17.144s][debug][gc,phases      ] GC(7)   StringDedup Table Weak         Min:  0.0, Avg:  0.0, Max:  0.0, Diff:  0.0, Sum:  0.0, Workers: 4
[17.144s][debug][gc,phases      ] GC(7)     Dead                           Min: 0, Avg:  0.0, Max: 0, Diff: 0, Sum: 0, Workers: 4
[17.144s][debug][gc,phases      ] GC(7)     Total                          Min: 0, Avg:  0.0, Max: 0, Diff: 0, Sum: 0, Workers: 4
[17.144s][debug][gc,phases      ] GC(7)   StringDedup Requests0 Weak     Min:  0.0, Avg:  0.0, Max:  0.0, Diff:  0.0, Sum:  0.0, Workers: 4
[17.144s][debug][gc,phases      ] GC(7)     Dead                           Min: 0, Avg:  0.0, Max: 0, Diff: 0, Sum: 0, Workers: 4
[17.144s][debug][gc,phases      ] GC(7)     Total                          Min: 0, Avg:  0.0, Max: 0, Diff: 0, Sum: 0, Workers: 4
[17.144s][debug][gc,phases      ] GC(7)   StringDedup Requests1 Weak     Min:  0.0, Avg:  0.0, Max:  0.0, Diff:  0.0, Sum:  0.0, Workers: 4
[17.144s][debug][gc,phases      ] GC(7)     Dead                           Min: 0, Avg:  0.0, Max: 0, Diff: 0, Sum: 0, Workers: 4
[17.144s][debug][gc,phases      ] GC(7)     Total                          Min: 0, Avg:  0.0, Max: 0, Diff: 0, Sum: 0, Workers: 4
[17.144s][debug][gc,phases      ] GC(7)   Weak JFR Old Object Samples    Min:  0.0, Avg:  0.0, Max:  0.0, Diff:  0.0, Sum:  0.0, Workers: 4
[17.144s][debug][gc,phases      ] GC(7)     Dead                           Min: 0, Avg:  0.0, Max: 0, Diff: 0, Sum: 0, Workers: 4
[17.144s][debug][gc,phases      ] GC(7)     Total                          Min: 0, Avg:  0.0, Max: 0, Diff: 0, Sum: 0, Workers: 4
[17.144s][debug][gc,phases      ] GC(7) Weak Processing 0.614ms
[17.144s][debug][gc,phases      ] GC(7) ClassLoaderData 0.269ms
[17.144s][debug][gc,phases      ] GC(7) Trigger cleanups 0.001ms
[17.168s][debug][gc,phases      ] GC(7) Purge Unlinked NMethods 0.405ms
[17.168s][debug][gc,phases      ] GC(7) Unregister NMethods 0.177ms
[17.168s][debug][gc,phases      ] GC(7) Free Code Blobs 0.085ms
[17.178s][debug][gc,phases      ] GC(7) Class Unloading 33.648ms
[17.178s][debug][gc,phases      ] GC(7) Report Object Count 0.001ms
[17.178s][info ][gc,phases      ] GC(7) Marking Phase 92.608ms
[17.178s][info ][gc,phases,start] GC(7) Summary Phase
[17.178s][info ][gc,phases      ] GC(7) Summary Phase 0.009ms
[17.178s][info ][gc,phases,start] GC(7) Adjust Roots
[17.195s][info ][gc,phases      ] GC(7) Adjust Roots 17.325ms
[17.195s][info ][gc,phases,start] GC(7) Compaction Phase
[17.683s][info ][gc,phases      ] GC(7) Compaction Phase 487.953ms
[17.683s][info ][gc,phases,start] GC(7) Post Compact
[17.685s][debug][gc,phases      ] GC(7) Purge Class Loader Data 1.405ms
[17.686s][info ][gc,phases      ] GC(7) Post Compact 3.422ms
[17.686s][info ][gc,heap        ] GC(7) PSYoungGen: 130094K(1572864K)->129495K(1572864K) Eden: 0K(1048576K)->0K(1048576K) From: 130094K(524288K)->129495K(524288K)
[17.686s][info ][gc,heap        ] GC(7) ParOldGen: 5966K(6144K)->5912K(6144K)
[17.686s][info ][gc,metaspace   ] GC(7) Metaspace: 98440K(99648K)->98429K(99648K) NonClass: 82980K(83648K)->82971K(83648K) Class: 15460K(16000K)->15457K(16000K)
[17.686s][info ][gc             ] GC(7) Pause Full (Metadata GC Threshold) 132M->132M(1542M) 601.485ms
[17.686s][info ][gc,cpu         ] GC(7) User=1.26s Sys=0.01s Real=0.60s
[17.687s][info ][safepoint      ] Safepoint "CollectForMetadataAllocation", Time since last: 186223473 ns, Reaching safepoint: 50902 ns, Cleanup: 87203 ns, At safepoint: 674243147 ns, Total: 674381252 ns
[17.813s][info ][safepoint      ] Safepoint "ICBufferFull", Time since last: 126337831 ns, Reaching safepoint: 7400 ns, Cleanup: 162605 ns, At safepoint: 9700 ns, Total: 179705 ns
[17.982s][info ][safepoint      ] Safepoint "ICBufferFull", Time since last: 168971623 ns, Reaching safepoint: 8101 ns, Cleanup: 125703 ns, At safepoint: 12001 ns, Total: 145805 ns
[18.182s][info ][safepoint      ] Safepoint "ICBufferFull", Time since last: 199723655 ns, Reaching safepoint: 87003 ns, Cleanup: 148804 ns, At safepoint: 15401 ns, Total: 251208 ns
[18.185s][info ][safepoint      ] Safepoint "ICBufferFull", Time since last: 3286499 ns, Reaching safepoint: 83303 ns, Cleanup: 6900 ns, At safepoint: 9800 ns, Total: 100003 ns
[18.342s][info ][safepoint      ] Safepoint "ICBufferFull", Time since last: 156612449 ns, Reaching safepoint: 8100 ns, Cleanup: 144004 ns, At safepoint: 11101 ns, Total: 163205 ns
[18.449s][info ][safepoint      ] Safepoint "ICBufferFull", Time since last: 106237521 ns, Reaching safepoint: 7900 ns, Cleanup: 154905 ns, At safepoint: 8900 ns, Total: 171705 ns
[18.595s][info ][safepoint      ] Safepoint "ICBufferFull", Time since last: 145757519 ns, Reaching safepoint: 8801 ns, Cleanup: 159104 ns, At safepoint: 2900 ns, Total: 170805 ns
[18.765s][info ][safepoint      ] Safepoint "ICBufferFull", Time since last: 169866851 ns, Reaching safepoint: 158004 ns, Cleanup: 135505 ns, At safepoint: 11400 ns, Total: 304909 ns
[18.882s][info ][safepoint      ] Safepoint "ICBufferFull", Time since last: 116691738 ns, Reaching safepoint: 5600 ns, Cleanup: 163205 ns, At safepoint: 7900 ns, Total: 176705 ns
[19.187s][info ][safepoint      ] Safepoint "ICBufferFull", Time since last: 305382759 ns, Reaching safepoint: 80803 ns, Cleanup: 139004 ns, At safepoint: 9300 ns, Total: 229107 ns
[19.384s][info ][safepoint      ] Safepoint "ICBufferFull", Time since last: 196819668 ns, Reaching safepoint: 91402 ns, Cleanup: 139005 ns, At safepoint: 25300 ns, Total: 255707 ns
[19.712s][info ][safepoint      ] Safepoint "ICBufferFull", Time since last: 327493230 ns, Reaching safepoint: 7100 ns, Cleanup: 159205 ns, At safepoint: 7200 ns, Total: 173505 ns
[20.076s][info ][safepoint      ] Safepoint "ICBufferFull", Time since last: 363338516 ns, Reaching safepoint: 87503 ns, Cleanup: 139404 ns, At safepoint: 15700 ns, Total: 242607 ns
[20.344s][info ][safepoint      ] Safepoint "ICBufferFull", Time since last: 268440239 ns, Reaching safepoint: 90403 ns, Cleanup: 148605 ns, At safepoint: 12700 ns, Total: 251708 ns
[20.625s][info ][safepoint      ] Safepoint "ICBufferFull", Time since last: 280107193 ns, Reaching safepoint: 7500 ns, Cleanup: 138504 ns, At safepoint: 9900 ns, Total: 155904 ns
[21.306s][info ][safepoint      ] Safepoint "ICBufferFull", Time since last: 681350158 ns, Reaching safepoint: 155305 ns, Cleanup: 157005 ns, At safepoint: 12200 ns, Total: 324510 ns
[21.636s][info ][safepoint      ] Safepoint "ICBufferFull", Time since last: 329596983 ns, Reaching safepoint: 128906 ns, Cleanup: 141405 ns, At safepoint: 12901 ns, Total: 283212 ns
[21.895s][info ][gc,start       ] GC(8) Pause Young (Allocation Failure)
[21.988s][debug][gc,phases      ] GC(8) Scavenge 92.843ms
[21.989s][debug][gc,ref         ] GC(8) ReferenceProcessor::execute queues: 4, RefProcThreadModel::Multi, marks_oops_alive: false
[21.990s][debug][gc,ref         ] GC(8) Skipped KeepAliveFinalRefsPhase of Reference Processing: no references
[21.990s][debug][gc,ref         ] GC(8) ReferenceProcessor::execute queues: 1, RefProcThreadModel::Single, marks_oops_alive: false
[21.990s][debug][gc,phases      ] GC(8) Reference Processing 1.853ms
[21.991s][debug][gc,phases      ] GC(8)   VM Weak                        Min:  0.0, Avg:  0.0, Max:  0.0, Diff:  0.0, Sum:  0.0, Workers: 4
[21.991s][debug][gc,phases      ] GC(8)     Dead                           Min: 0, Avg:  0.0, Max: 0, Diff: 0, Sum: 0, Workers: 4
[21.991s][debug][gc,phases      ] GC(8)     Total                          Min: 0, Avg: 234.0, Max: 640, Diff: 640, Sum: 936, Workers: 4
[21.991s][debug][gc,phases      ] GC(8)   ObjectSynchronizer Weak        Min:  0.0, Avg:  0.0, Max:  0.0, Diff:  0.0, Sum:  0.0, Workers: 4
[21.991s][debug][gc,phases      ] GC(8)     Dead                           Min: 0, Avg:  0.2, Max: 1, Diff: 1, Sum: 1, Workers: 4
[21.991s][debug][gc,phases      ] GC(8)     Total                          Min: 0, Avg: 16.5, Max: 64, Diff: 64, Sum: 66, Workers: 4
[21.991s][debug][gc,phases      ] GC(8)   JVMTI Tag Weak OopStorage      Min:  0.0, Avg:  0.0, Max:  0.0, Diff:  0.0, Sum:  0.0, Workers: 4
[21.991s][debug][gc,phases      ] GC(8)     Dead                           Min: 0, Avg:  0.0, Max: 0, Diff: 0, Sum: 0, Workers: 4
[21.991s][debug][gc,phases      ] GC(8)     Total                          Min: 0, Avg:  0.0, Max: 0, Diff: 0, Sum: 0, Workers: 4
[21.991s][debug][gc,phases      ] GC(8)   StringTable Weak               Min:  0.0, Avg:  0.4, Max:  0.8, Diff:  0.8, Sum:  1.5, Workers: 4
[21.991s][debug][gc,phases      ] GC(8)     Dead                           Min: 0, Avg:  1.2, Max: 4, Diff: 4, Sum: 5, Workers: 4
[21.991s][debug][gc,phases      ] GC(8)     Total                          Min: 0, Avg: 11148.8, Max: 23168, Diff: 23168, Sum: 44595, Workers: 4
[21.991s][debug][gc,phases      ] GC(8)   ResolvedMethodTable Weak       Min:  0.0, Avg:  0.1, Max:  0.3, Diff:  0.3, Sum:  0.6, Workers: 4
[21.991s][debug][gc,phases      ] GC(8)     Dead                           Min: 0, Avg: 32.8, Max: 68, Diff: 68, Sum: 131, Workers: 4
[21.991s][debug][gc,phases      ] GC(8)     Total                          Min: 0, Avg: 3589.5, Max: 7341, Diff: 7341, Sum: 14358, Workers: 4
[21.991s][debug][gc,phases      ] GC(8)   JNI Weak                       Min:  0.0, Avg:  0.0, Max:  0.0, Diff:  0.0, Sum:  0.0, Workers: 4
[21.991s][debug][gc,phases      ] GC(8)     Dead                           Min: 0, Avg:  0.0, Max: 0, Diff: 0, Sum: 0, Workers: 4
[21.991s][debug][gc,phases      ] GC(8)     Total                          Min: 0, Avg: 17.8, Max: 52, Diff: 52, Sum: 71, Workers: 4
[21.991s][debug][gc,phases      ] GC(8)   StringDedup Table Weak         Min:  0.0, Avg:  0.0, Max:  0.0, Diff:  0.0, Sum:  0.0, Workers: 4
[21.991s][debug][gc,phases      ] GC(8)     Dead                           Min: 0, Avg:  0.0, Max: 0, Diff: 0, Sum: 0, Workers: 4
[21.991s][debug][gc,phases      ] GC(8)     Total                          Min: 0, Avg:  0.0, Max: 0, Diff: 0, Sum: 0, Workers: 4
[21.991s][debug][gc,phases      ] GC(8)   StringDedup Requests0 Weak     Min:  0.0, Avg:  0.0, Max:  0.0, Diff:  0.0, Sum:  0.0, Workers: 4
[21.991s][debug][gc,phases      ] GC(8)     Dead                           Min: 0, Avg:  0.0, Max: 0, Diff: 0, Sum: 0, Workers: 4
[21.991s][debug][gc,phases      ] GC(8)     Total                          Min: 0, Avg:  0.0, Max: 0, Diff: 0, Sum: 0, Workers: 4
[21.991s][debug][gc,phases      ] GC(8)   StringDedup Requests1 Weak     Min:  0.0, Avg:  0.0, Max:  0.0, Diff:  0.0, Sum:  0.0, Workers: 4
[21.992s][debug][gc,phases      ] GC(8)     Dead                           Min: 0, Avg:  0.0, Max: 0, Diff: 0, Sum: 0, Workers: 4
[21.992s][debug][gc,phases      ] GC(8)     Total                          Min: 0, Avg:  0.0, Max: 0, Diff: 0, Sum: 0, Workers: 4
[21.992s][debug][gc,phases      ] GC(8)   Weak JFR Old Object Samples    Min:  0.0, Avg:  0.0, Max:  0.0, Diff:  0.0, Sum:  0.0, Workers: 4
[21.992s][debug][gc,phases      ] GC(8)     Dead                           Min: 0, Avg:  0.0, Max: 0, Diff: 0, Sum: 0, Workers: 4
[21.992s][debug][gc,phases      ] GC(8)     Total                          Min: 0, Avg:  0.0, Max: 0, Diff: 0, Sum: 0, Workers: 4
[21.992s][debug][gc,phases      ] GC(8) Weak Processing 1.368ms
[21.992s][debug][gc,age         ] GC(8) Desired survivor size 208142336 bytes, new threshold 6 (max threshold 15)
[21.992s][info ][gc,heap        ] GC(8) PSYoungGen: 1178071K(1572864K)->189096K(1572864K) Eden: 1048576K(1048576K)->0K(1048576K) From: 129495K(524288K)->189096K(524288K)
[21.992s][info ][gc,heap        ] GC(8) ParOldGen: 5912K(6144K)->5936K(6144K)
[21.992s][info ][gc,metaspace   ] GC(8) Metaspace: 101319K(102592K)->101319K(102592K) NonClass: 85674K(86400K)->85674K(86400K) Class: 15644K(16192K)->15644K(16192K)
[21.992s][info ][gc             ] GC(8) Pause Young (Allocation Failure) 1156M->190M(1542M) 96.287ms
[21.992s][info ][gc,cpu         ] GC(8) User=0.33s Sys=0.04s Real=0.09s
[21.992s][info ][safepoint      ] Safepoint "ParallelGCFailedAllocation", Time since last: 259073099 ns, Reaching safepoint: 98204 ns, Cleanup: 41202 ns, At safepoint: 96589865 ns, Total: 96729271 ns
[22.776s][info ][safepoint      ] Safepoint "ICBufferFull", Time since last: 784254975 ns, Reaching safepoint: 137005 ns, Cleanup: 139905 ns, At safepoint: 17301 ns, Total: 294211 ns
[23.079s][info ][safepoint      ] Safepoint "ICBufferFull", Time since last: 302151379 ns, Reaching safepoint: 78403 ns, Cleanup: 130006 ns, At safepoint: 9100 ns, Total: 217509 ns
[23.653s][info ][safepoint      ] Safepoint "ICBufferFull", Time since last: 573807070 ns, Reaching safepoint: 6900 ns, Cleanup: 128405 ns, At safepoint: 12601 ns, Total: 147906 ns
[24.402s][info ][safepoint      ] Safepoint "ICBufferFull", Time since last: 748892095 ns, Reaching safepoint: 81703 ns, Cleanup: 138506 ns, At safepoint: 6100 ns, Total: 226309 ns
[25.063s][info ][safepoint      ] Safepoint "ICBufferFull", Time since last: 661222356 ns, Reaching safepoint: 9000 ns, Cleanup: 144905 ns, At safepoint: 7300 ns, Total: 161205 ns
[26.000s][info ][safepoint      ] Safepoint "ICBufferFull", Time since last: 936995009 ns, Reaching safepoint: 8900 ns, Cleanup: 159106 ns, At safepoint: 2500 ns, Total: 170506 ns
[26.520s][info ][safepoint      ] Safepoint "ICBufferFull", Time since last: 519554426 ns, Reaching safepoint: 174606 ns, Cleanup: 136005 ns, At safepoint: 6800 ns, Total: 317411 ns
[27.521s][info ][safepoint      ] Safepoint "Cleanup", Time since last: 1000126239 ns, Reaching safepoint: 6600 ns, Cleanup: 146905 ns, At safepoint: 3700 ns, Total: 157205 ns
[27.709s][info ][gc,start       ] GC(9) Pause Young (Allocation Failure)
[27.807s][debug][gc,phases      ] GC(9) Scavenge 97.738ms
[27.807s][debug][gc,ref         ] GC(9) ReferenceProcessor::execute queues: 4, RefProcThreadModel::Multi, marks_oops_alive: false
[27.808s][debug][gc,ref         ] GC(9) Skipped KeepAliveFinalRefsPhase of Reference Processing: no references
[27.808s][debug][gc,ref         ] GC(9) ReferenceProcessor::execute queues: 1, RefProcThreadModel::Single, marks_oops_alive: false
[27.808s][debug][gc,phases      ] GC(9) Reference Processing 1.250ms
[27.809s][debug][gc,phases      ] GC(9)   VM Weak                        Min:  0.0, Avg:  0.0, Max:  0.0, Diff:  0.0, Sum:  0.0, Workers: 4
[27.809s][debug][gc,phases      ] GC(9)     Dead                           Min: 0, Avg:  0.0, Max: 0, Diff: 0, Sum: 0, Workers: 4
[27.809s][debug][gc,phases      ] GC(9)     Total                          Min: 128, Avg: 240.0, Max: 448, Diff: 320, Sum: 960, Workers: 4
[27.809s][debug][gc,phases      ] GC(9)   ObjectSynchronizer Weak        Min:  0.0, Avg:  0.0, Max:  0.0, Diff:  0.0, Sum:  0.0, Workers: 4
[27.809s][debug][gc,phases      ] GC(9)     Dead                           Min: 0, Avg:  0.0, Max: 0, Diff: 0, Sum: 0, Workers: 4
[27.809s][debug][gc,phases      ] GC(9)     Total                          Min: 0, Avg: 16.5, Max: 64, Diff: 64, Sum: 66, Workers: 4
[27.809s][debug][gc,phases      ] GC(9)   JVMTI Tag Weak OopStorage      Min:  0.0, Avg:  0.0, Max:  0.0, Diff:  0.0, Sum:  0.0, Workers: 4
[27.809s][debug][gc,phases      ] GC(9)     Dead                           Min: 0, Avg:  0.0, Max: 0, Diff: 0, Sum: 0, Workers: 4
[27.809s][debug][gc,phases      ] GC(9)     Total                          Min: 0, Avg:  0.0, Max: 0, Diff: 0, Sum: 0, Workers: 4
[27.809s][debug][gc,phases      ] GC(9)   StringTable Weak               Min:  0.6, Avg:  0.6, Max:  0.6, Diff:  0.0, Sum:  2.6, Workers: 4
[27.809s][debug][gc,phases      ] GC(9)     Dead                           Min: 0, Avg:  0.8, Max: 2, Diff: 2, Sum: 3, Workers: 4
[27.809s][debug][gc,phases      ] GC(9)     Total                          Min: 10240, Avg: 11289.5, Max: 12326, Diff: 2086, Sum: 45158, Workers: 4
[27.809s][debug][gc,phases      ] GC(9)   ResolvedMethodTable Weak       Min:  0.2, Avg:  0.2, Max:  0.2, Diff:  0.0, Sum:  0.6, Workers: 4
[27.809s][debug][gc,phases      ] GC(9)     Dead                           Min: 13, Avg: 17.2, Max: 22, Diff: 9, Sum: 69, Workers: 4
[27.809s][debug][gc,phases      ] GC(9)     Total                          Min: 3521, Avg: 3658.8, Max: 3822, Diff: 301, Sum: 14635, Workers: 4
[27.809s][debug][gc,phases      ] GC(9)   JNI Weak                       Min:  0.0, Avg:  0.0, Max:  0.0, Diff:  0.0, Sum:  0.0, Workers: 4
[27.809s][debug][gc,phases      ] GC(9)     Dead                           Min: 0, Avg:  0.0, Max: 0, Diff: 0, Sum: 0, Workers: 4
[27.809s][debug][gc,phases      ] GC(9)     Total                          Min: 0, Avg: 13.0, Max: 52, Diff: 52, Sum: 52, Workers: 4
[27.809s][debug][gc,phases      ] GC(9)   StringDedup Table Weak         Min:  0.0, Avg:  0.0, Max:  0.0, Diff:  0.0, Sum:  0.0, Workers: 4
[27.809s][debug][gc,phases      ] GC(9)     Dead                           Min: 0, Avg:  0.0, Max: 0, Diff: 0, Sum: 0, Workers: 4
[27.809s][debug][gc,phases      ] GC(9)     Total                          Min: 0, Avg:  0.0, Max: 0, Diff: 0, Sum: 0, Workers: 4
[27.809s][debug][gc,phases      ] GC(9)   StringDedup Requests0 Weak     Min:  0.0, Avg:  0.0, Max:  0.0, Diff:  0.0, Sum:  0.0, Workers: 4
[27.809s][debug][gc,phases      ] GC(9)     Dead                           Min: 0, Avg:  0.0, Max: 0, Diff: 0, Sum: 0, Workers: 4
[27.809s][debug][gc,phases      ] GC(9)     Total                          Min: 0, Avg:  0.0, Max: 0, Diff: 0, Sum: 0, Workers: 4
[27.809s][debug][gc,phases      ] GC(9)   StringDedup Requests1 Weak     Min:  0.0, Avg:  0.0, Max:  0.0, Diff:  0.0, Sum:  0.0, Workers: 4
[27.809s][debug][gc,phases      ] GC(9)     Dead                           Min: 0, Avg:  0.0, Max: 0, Diff: 0, Sum: 0, Workers: 4
[27.809s][debug][gc,phases      ] GC(9)     Total                          Min: 0, Avg:  0.0, Max: 0, Diff: 0, Sum: 0, Workers: 4
[27.809s][debug][gc,phases      ] GC(9)   Weak JFR Old Object Samples    Min:  0.0, Avg:  0.0, Max:  0.0, Diff:  0.0, Sum:  0.0, Workers: 4
[27.809s][debug][gc,phases      ] GC(9)     Dead                           Min: 0, Avg:  0.0, Max: 0, Diff: 0, Sum: 0, Workers: 4
[27.809s][debug][gc,phases      ] GC(9)     Total                          Min: 0, Avg:  0.0, Max: 0, Diff: 0, Sum: 0, Workers: 4
[27.809s][debug][gc,phases      ] GC(9) Weak Processing 1.045ms
[27.809s][debug][gc,age         ] GC(9) Desired survivor size 253231104 bytes, new threshold 5 (max threshold 15)
[27.809s][info ][gc,heap        ] GC(9) PSYoungGen: 1237672K(1572864K)->203260K(1805824K) Eden: 1048576K(1048576K)->0K(1602560K) From: 189096K(524288K)->203260K(203264K)
[27.809s][info ][gc,heap        ] GC(9) ParOldGen: 5936K(6144K)->8160K(8192K)
[27.809s][info ][gc,metaspace   ] GC(9) Metaspace: 102448K(103744K)->102448K(103744K) NonClass: 86684K(87424K)->86684K(87424K) Class: 15764K(16320K)->15764K(16320K)
[27.809s][info ][gc             ] GC(9) Pause Young (Allocation Failure) 1214M->206M(1771M) 100.188ms
[27.810s][info ][gc,cpu         ] GC(9) User=0.29s Sys=0.07s Real=0.10s
[27.810s][info ][safepoint      ] Safepoint "ParallelGCFailedAllocation", Time since last: 188609963 ns, Reaching safepoint: 6500 ns, Cleanup: 49102 ns, At safepoint: 100279582 ns, Total: 100335184 ns
[28.254s][info ][safepoint      ] Safepoint "ICBufferFull", Time since last: 443755570 ns, Reaching safepoint: 85903 ns, Cleanup: 150205 ns, At safepoint: 13201 ns, Total: 249309 ns
[28.700s][info ][safepoint      ] Safepoint "ICBufferFull", Time since last: 446278254 ns, Reaching safepoint: 85103 ns, Cleanup: 142705 ns, At safepoint: 10701 ns, Total: 238509 ns
[29.700s][info ][safepoint      ] Safepoint "ICBufferFull", Time since last: 999311111 ns, Reaching safepoint: 629321 ns, Cleanup: 151805 ns, At safepoint: 7900 ns, Total: 789026 ns
[30.508s][info ][safepoint      ] Safepoint "ICBufferFull", Time since last: 807338024 ns, Reaching safepoint: 8200 ns, Cleanup: 147106 ns, At safepoint: 6200 ns, Total: 161506 ns
[31.508s][info ][safepoint      ] Safepoint "Cleanup", Time since last: 1000139859 ns, Reaching safepoint: 6300 ns, Cleanup: 109904 ns, At safepoint: 2700 ns, Total: 118904 ns
[32.508s][info ][safepoint      ] Safepoint "Cleanup", Time since last: 1000108757 ns, Reaching safepoint: 82904 ns, Cleanup: 116804 ns, At safepoint: 8900 ns, Total: 208608 ns
[33.508s][info ][safepoint      ] Safepoint "Cleanup", Time since last: 1000128067 ns, Reaching safepoint: 79102 ns, Cleanup: 36102 ns, At safepoint: 6500 ns, Total: 121704 ns
[34.509s][info ][safepoint      ] Safepoint "Cleanup", Time since last: 1000136804 ns, Reaching safepoint: 6600 ns, Cleanup: 53302 ns, At safepoint: 2300 ns, Total: 62202 ns
[35.509s][info ][safepoint      ] Safepoint "Cleanup", Time since last: 1000114004 ns, Reaching safepoint: 8200 ns, Cleanup: 44801 ns, At safepoint: 3000 ns, Total: 56001 ns
[36.509s][info ][safepoint      ] Safepoint "Cleanup", Time since last: 1000128604 ns, Reaching safepoint: 8901 ns, Cleanup: 29101 ns, At safepoint: 2900 ns, Total: 40902 ns
[37.509s][info ][safepoint      ] Safepoint "Cleanup", Time since last: 1000121803 ns, Reaching safepoint: 5801 ns, Cleanup: 24900 ns, At safepoint: 1900 ns, Total: 32601 ns
[38.509s][info ][safepoint      ] Safepoint "Cleanup", Time since last: 1000104404 ns, Reaching safepoint: 7600 ns, Cleanup: 31201 ns, At safepoint: 2300 ns, Total: 41101 ns
[39.510s][info ][safepoint      ] Safepoint "Cleanup", Time since last: 1000109465 ns, Reaching safepoint: 5401 ns, Cleanup: 96703 ns, At safepoint: 2900 ns, Total: 105004 ns
[40.510s][info ][safepoint      ] Safepoint "Cleanup", Time since last: 1000142256 ns, Reaching safepoint: 8201 ns, Cleanup: 29601 ns, At safepoint: 3400 ns, Total: 41202 ns
[41.510s][info ][safepoint      ] Safepoint "Cleanup", Time since last: 1000129299 ns, Reaching safepoint: 7700 ns, Cleanup: 28600 ns, At safepoint: 2601 ns, Total: 38901 ns
[42.510s][info ][safepoint      ] Safepoint "Cleanup", Time since last: 1000117853 ns, Reaching safepoint: 5700 ns, Cleanup: 44602 ns, At safepoint: 2600 ns, Total: 52902 ns
[43.510s][info ][safepoint      ] Safepoint "Cleanup", Time since last: 1000111053 ns, Reaching safepoint: 7500 ns, Cleanup: 21001 ns, At safepoint: 2400 ns, Total: 30901 ns
[44.510s][info ][safepoint      ] Safepoint "Cleanup", Time since last: 1000107654 ns, Reaching safepoint: 6400 ns, Cleanup: 115903 ns, At safepoint: 2300 ns, Total: 124603 ns
[45.511s][info ][safepoint      ] Safepoint "Cleanup", Time since last: 1000105653 ns, Reaching safepoint: 6200 ns, Cleanup: 98603 ns, At safepoint: 2300 ns, Total: 107103 ns
[47.176s][info ][safepoint      ] Safepoint "Cleanup", Time since last: 1664991512 ns, Reaching safepoint: 7100 ns, Cleanup: 118304 ns, At safepoint: 2900 ns, Total: 128304 ns
[48.176s][info ][safepoint      ] Safepoint "Cleanup", Time since last: 1000125296 ns, Reaching safepoint: 7300 ns, Cleanup: 51902 ns, At safepoint: 2600 ns, Total: 61802 ns
[49.176s][info ][safepoint      ] Safepoint "Cleanup", Time since last: 1000128918 ns, Reaching safepoint: 8900 ns, Cleanup: 36802 ns, At safepoint: 2700 ns, Total: 48402 ns
[50.176s][info ][safepoint      ] Safepoint "Cleanup", Time since last: 1000119086 ns, Reaching safepoint: 7000 ns, Cleanup: 31201 ns, At safepoint: 2500 ns, Total: 40701 ns
[51.176s][info ][safepoint      ] Safepoint "Cleanup", Time since last: 1000119586 ns, Reaching safepoint: 8400 ns, Cleanup: 24501 ns, At safepoint: 3100 ns, Total: 36001 ns
[53.093s][info ][safepoint      ] Safepoint "Cleanup", Time since last: 1916953217 ns, Reaching safepoint: 9100 ns, Cleanup: 46902 ns, At safepoint: 2400 ns, Total: 58402 ns
[54.094s][info ][safepoint      ] Safepoint "Cleanup", Time since last: 1000127186 ns, Reaching safepoint: 9800 ns, Cleanup: 16101 ns, At safepoint: 2500 ns, Total: 28401 ns
[55.094s][info ][safepoint      ] Safepoint "Cleanup", Time since last: 1000121686 ns, Reaching safepoint: 10000 ns, Cleanup: 15201 ns, At safepoint: 2400 ns, Total: 27601 ns
[56.094s][info ][safepoint      ] Safepoint "Cleanup", Time since last: 1000127086 ns, Reaching safepoint: 9000 ns, Cleanup: 26001 ns, At safepoint: 2500 ns, Total: 37501 ns
[57.094s][info ][safepoint      ] Safepoint "Cleanup", Time since last: 1000122187 ns, Reaching safepoint: 9100 ns, Cleanup: 21501 ns, At safepoint: 2500 ns, Total: 33101 ns
[58.094s][info ][safepoint      ] Safepoint "Cleanup", Time since last: 1000123241 ns, Reaching safepoint: 9000 ns, Cleanup: 22301 ns, At safepoint: 2400 ns, Total: 33701 ns
[59.094s][info ][safepoint      ] Safepoint "Cleanup", Time since last: 1000132137 ns, Reaching safepoint: 20801 ns, Cleanup: 19201 ns, At safepoint: 2900 ns, Total: 42902 ns
[60.095s][info ][safepoint      ] Safepoint "Cleanup", Time since last: 1000163838 ns, Reaching safepoint: 11000 ns, Cleanup: 21501 ns, At safepoint: 2800 ns, Total: 35301 ns
[61.219s][info ][safepoint      ] Safepoint "Cleanup", Time since last: 1124616275 ns, Reaching safepoint: 6601 ns, Cleanup: 29000 ns, At safepoint: 3201 ns, Total: 38802 ns
[62.219s][info ][safepoint      ] Safepoint "Cleanup", Time since last: 1000118536 ns, Reaching safepoint: 6201 ns, Cleanup: 21200 ns, At safepoint: 2500 ns, Total: 29901 ns
[63.220s][info ][safepoint      ] Safepoint "Cleanup", Time since last: 1000114437 ns, Reaching safepoint: 7100 ns, Cleanup: 15501 ns, At safepoint: 2600 ns, Total: 25201 ns
[64.220s][info ][safepoint      ] Safepoint "Cleanup", Time since last: 1000124465 ns, Reaching safepoint: 6600 ns, Cleanup: 35101 ns, At safepoint: 2401 ns, Total: 44102 ns
[65.220s][info ][safepoint      ] Safepoint "Cleanup", Time since last: 1000122514 ns, Reaching safepoint: 7700 ns, Cleanup: 18400 ns, At safepoint: 2400 ns, Total: 28500 ns
[65.953s][info ][gc,start       ] GC(10) Pause Young (Allocation Failure)
[66.047s][debug][gc,phases      ] GC(10) Scavenge 93.800ms
[66.047s][debug][gc,ref         ] GC(10) ReferenceProcessor::execute queues: 4, RefProcThreadModel::Multi, marks_oops_alive: false
[66.048s][debug][gc,ref         ] GC(10) Skipped KeepAliveFinalRefsPhase of Reference Processing: no references
[66.048s][debug][gc,ref         ] GC(10) ReferenceProcessor::execute queues: 1, RefProcThreadModel::Single, marks_oops_alive: false
[66.048s][debug][gc,phases      ] GC(10) Reference Processing 0.643ms
[66.048s][debug][gc,phases      ] GC(10)   VM Weak                        Min:  0.0, Avg:  0.0, Max:  0.0, Diff:  0.0, Sum:  0.0, Workers: 4
[66.048s][debug][gc,phases      ] GC(10)     Dead                           Min: 0, Avg:  0.0, Max: 0, Diff: 0, Sum: 0, Workers: 4
[66.048s][debug][gc,phases      ] GC(10)     Total                          Min: 75, Avg: 242.8, Max: 512, Diff: 437, Sum: 971, Workers: 4
[66.048s][debug][gc,phases      ] GC(10)   ObjectSynchronizer Weak        Min:  0.0, Avg:  0.0, Max:  0.0, Diff:  0.0, Sum:  0.0, Workers: 4
[66.048s][debug][gc,phases      ] GC(10)     Dead                           Min: 0, Avg:  0.0, Max: 0, Diff: 0, Sum: 0, Workers: 4
[66.048s][debug][gc,phases      ] GC(10)     Total                          Min: 0, Avg:  0.8, Max: 3, Diff: 3, Sum: 3, Workers: 4
[66.048s][debug][gc,phases      ] GC(10)   JVMTI Tag Weak OopStorage      Min:  0.0, Avg:  0.0, Max:  0.0, Diff:  0.0, Sum:  0.0, Workers: 4
[66.048s][debug][gc,phases      ] GC(10)     Dead                           Min: 0, Avg:  0.0, Max: 0, Diff: 0, Sum: 0, Workers: 4
[66.048s][debug][gc,phases      ] GC(10)     Total                          Min: 0, Avg:  0.0, Max: 0, Diff: 0, Sum: 0, Workers: 4
[66.048s][debug][gc,phases      ] GC(10)   StringTable Weak               Min:  0.5, Avg:  0.5, Max:  0.5, Diff:  0.0, Sum:  2.0, Workers: 4
[66.048s][debug][gc,phases      ] GC(10)     Dead                           Min: 0, Avg:  1.0, Max: 3, Diff: 3, Sum: 4, Workers: 4
[66.048s][debug][gc,phases      ] GC(10)     Total                          Min: 11072, Avg: 11401.8, Max: 11879, Diff: 807, Sum: 45607, Workers: 4
[66.048s][debug][gc,phases      ] GC(10)   ResolvedMethodTable Weak       Min:  0.2, Avg:  0.2, Max:  0.2, Diff:  0.0, Sum:  0.6, Workers: 4
[66.048s][debug][gc,phases      ] GC(10)     Dead                           Min: 4, Avg: 13.5, Max: 30, Diff: 26, Sum: 54, Workers: 4
[66.048s][debug][gc,phases      ] GC(10)     Total                          Min: 3618, Avg: 3708.5, Max: 3909, Diff: 291, Sum: 14834, Workers: 4
[66.048s][debug][gc,phases      ] GC(10)   JNI Weak                       Min:  0.0, Avg:  0.0, Max:  0.0, Diff:  0.0, Sum:  0.0, Workers: 4
[66.048s][debug][gc,phases      ] GC(10)     Dead                           Min: 0, Avg:  0.0, Max: 0, Diff: 0, Sum: 0, Workers: 4
[66.048s][debug][gc,phases      ] GC(10)     Total                          Min: 0, Avg: 13.0, Max: 52, Diff: 52, Sum: 52, Workers: 4
[66.048s][debug][gc,phases      ] GC(10)   StringDedup Table Weak         Min:  0.0, Avg:  0.0, Max:  0.0, Diff:  0.0, Sum:  0.0, Workers: 4
[66.048s][debug][gc,phases      ] GC(10)     Dead                           Min: 0, Avg:  0.0, Max: 0, Diff: 0, Sum: 0, Workers: 4
[66.048s][debug][gc,phases      ] GC(10)     Total                          Min: 0, Avg:  0.0, Max: 0, Diff: 0, Sum: 0, Workers: 4
[66.048s][debug][gc,phases      ] GC(10)   StringDedup Requests0 Weak     Min:  0.0, Avg:  0.0, Max:  0.0, Diff:  0.0, Sum:  0.0, Workers: 4
[66.048s][debug][gc,phases      ] GC(10)     Dead                           Min: 0, Avg:  0.0, Max: 0, Diff: 0, Sum: 0, Workers: 4
[66.048s][debug][gc,phases      ] GC(10)     Total                          Min: 0, Avg:  0.0, Max: 0, Diff: 0, Sum: 0, Workers: 4
[66.048s][debug][gc,phases      ] GC(10)   StringDedup Requests1 Weak     Min:  0.0, Avg:  0.0, Max:  0.0, Diff:  0.0, Sum:  0.0, Workers: 4
[66.048s][debug][gc,phases      ] GC(10)     Dead                           Min: 0, Avg:  0.0, Max: 0, Diff: 0, Sum: 0, Workers: 4
[66.048s][debug][gc,phases      ] GC(10)     Total                          Min: 0, Avg:  0.0, Max: 0, Diff: 0, Sum: 0, Workers: 4
[66.048s][debug][gc,phases      ] GC(10)   Weak JFR Old Object Samples    Min:  0.0, Avg:  0.0, Max:  0.0, Diff:  0.0, Sum:  0.0, Workers: 4
[66.048s][debug][gc,phases      ] GC(10)     Dead                           Min: 0, Avg:  0.0, Max: 0, Diff: 0, Sum: 0, Workers: 4
[66.048s][debug][gc,phases      ] GC(10)     Total                          Min: 0, Avg:  0.0, Max: 0, Diff: 0, Sum: 0, Workers: 4
[66.049s][debug][gc,phases      ] GC(10) Weak Processing 0.926ms
[66.049s][debug][gc,age         ] GC(10) Desired survivor size 259522560 bytes, new threshold 4 (max threshold 15)
[66.049s][info ][gc,heap        ] GC(10) PSYoungGen: 1805820K(1805824K)->165107K(1767936K) Eden: 1602560K(1602560K)->0K(1602560K) From: 203260K(203264K)->165107K(165376K)
[66.049s][info ][gc,heap        ] GC(10) ParOldGen: 8160K(8192K)->62627K(62976K)
[66.049s][info ][gc,metaspace   ] GC(10) Metaspace: 103631K(104896K)->103631K(104896K) NonClass: 87769K(88512K)->87769K(88512K) Class: 15861K(16384K)->15861K(16384K)
[66.049s][info ][gc             ] GC(10) Pause Young (Allocation Failure) 1771M->222M(1788M) 95.535ms
[66.049s][info ][gc,cpu         ] GC(10) User=0.30s Sys=0.06s Real=0.09s
[66.049s][info ][safepoint      ] Safepoint "ParallelGCFailedAllocation", Time since last: 733077805 ns, Reaching safepoint: 9100 ns, Cleanup: 18300 ns, At safepoint: 95625192 ns, Total: 95652592 ns
[67.049s][info ][safepoint      ] Safepoint "Cleanup", Time since last: 1000105026 ns, Reaching safepoint: 83402 ns, Cleanup: 30801 ns, At safepoint: 8100 ns, Total: 122303 ns
[68.049s][info ][safepoint      ] Safepoint "Cleanup", Time since last: 1000136126 ns, Reaching safepoint: 81202 ns, Cleanup: 20600 ns, At safepoint: 7200 ns, Total: 109002 ns
[69.049s][info ][safepoint      ] Safepoint "Cleanup", Time since last: 1000116761 ns, Reaching safepoint: 79303 ns, Cleanup: 9500 ns, At safepoint: 5900 ns, Total: 94703 ns
[70.050s][info ][safepoint      ] Safepoint "Cleanup", Time since last: 1000115990 ns, Reaching safepoint: 84702 ns, Cleanup: 14201 ns, At safepoint: 7700 ns, Total: 106603 ns
[71.050s][info ][safepoint      ] Safepoint "Cleanup", Time since last: 1000133290 ns, Reaching safepoint: 83803 ns, Cleanup: 16101 ns, At safepoint: 7400 ns, Total: 107304 ns
[72.050s][info ][safepoint      ] Safepoint "Cleanup", Time since last: 1000133490 ns, Reaching safepoint: 84403 ns, Cleanup: 10400 ns, At safepoint: 7500 ns, Total: 102303 ns
[73.050s][info ][safepoint      ] Safepoint "Cleanup", Time since last: 1000133391 ns, Reaching safepoint: 81702 ns, Cleanup: 10301 ns, At safepoint: 7200 ns, Total: 99203 ns
[74.050s][info ][safepoint      ] Safepoint "Cleanup", Time since last: 1000122751 ns, Reaching safepoint: 84303 ns, Cleanup: 28400 ns, At safepoint: 7101 ns, Total: 119804 ns
[75.051s][info ][safepoint      ] Safepoint "Cleanup", Time since last: 1000143694 ns, Reaching safepoint: 79703 ns, Cleanup: 18100 ns, At safepoint: 7200 ns, Total: 105003 ns
[76.051s][info ][safepoint      ] Safepoint "Cleanup", Time since last: 1000134695 ns, Reaching safepoint: 82302 ns, Cleanup: 16001 ns, At safepoint: 6900 ns, Total: 105203 ns
[77.051s][info ][safepoint      ] Safepoint "Cleanup", Time since last: 1000149195 ns, Reaching safepoint: 84502 ns, Cleanup: 44801 ns, At safepoint: 8801 ns, Total: 138104 ns
[78.051s][info ][safepoint      ] Safepoint "Cleanup", Time since last: 1000126194 ns, Reaching safepoint: 81302 ns, Cleanup: 26301 ns, At safepoint: 6800 ns, Total: 114403 ns
[79.052s][info ][safepoint      ] Safepoint "Cleanup", Time since last: 1000109769 ns, Reaching safepoint: 84903 ns, Cleanup: 13100 ns, At safepoint: 8401 ns, Total: 106404 ns
[80.052s][info ][safepoint      ] Safepoint "Cleanup", Time since last: 1000148280 ns, Reaching safepoint: 80503 ns, Cleanup: 20500 ns, At safepoint: 7201 ns, Total: 108204 ns
[81.052s][info ][safepoint      ] Safepoint "Cleanup", Time since last: 1000117379 ns, Reaching safepoint: 82602 ns, Cleanup: 17901 ns, At safepoint: 7100 ns, Total: 107603 ns
[82.052s][info ][safepoint      ] Safepoint "Cleanup", Time since last: 1000122831 ns, Reaching safepoint: 78902 ns, Cleanup: 35801 ns, At safepoint: 5700 ns, Total: 120403 ns
[83.053s][info ][safepoint      ] Safepoint "Cleanup", Time since last: 1000121549 ns, Reaching safepoint: 80602 ns, Cleanup: 15101 ns, At safepoint: 7000 ns, Total: 102703 ns
[84.053s][info ][safepoint      ] Safepoint "Cleanup", Time since last: 1000120849 ns, Reaching safepoint: 81902 ns, Cleanup: 17200 ns, At safepoint: 7001 ns, Total: 106103 ns
[85.053s][info ][safepoint      ] Safepoint "Cleanup", Time since last: 1000118348 ns, Reaching safepoint: 80402 ns, Cleanup: 22401 ns, At safepoint: 7200 ns, Total: 110003 ns
[86.053s][info ][safepoint      ] Safepoint "Cleanup", Time since last: 1000116349 ns, Reaching safepoint: 78902 ns, Cleanup: 11300 ns, At safepoint: 8000 ns, Total: 98202 ns
[87.054s][info ][safepoint      ] Safepoint "Cleanup", Time since last: 1000114652 ns, Reaching safepoint: 78703 ns, Cleanup: 10300 ns, At safepoint: 6500 ns, Total: 95503 ns
[88.054s][info ][safepoint      ] Safepoint "Cleanup", Time since last: 1000117031 ns, Reaching safepoint: 82303 ns, Cleanup: 10200 ns, At safepoint: 7800 ns, Total: 100303 ns
[89.054s][info ][safepoint      ] Safepoint "Cleanup", Time since last: 1000137732 ns, Reaching safepoint: 87003 ns, Cleanup: 12800 ns, At safepoint: 7701 ns, Total: 107504 ns
[90.054s][info ][safepoint      ] Safepoint "Cleanup", Time since last: 1000127932 ns, Reaching safepoint: 77402 ns, Cleanup: 18300 ns, At safepoint: 5501 ns, Total: 101203 ns
[91.054s][info ][safepoint      ] Safepoint "Cleanup", Time since last: 1000111915 ns, Reaching safepoint: 81902 ns, Cleanup: 13601 ns, At safepoint: 8200 ns, Total: 103703 ns
[92.055s][info ][safepoint      ] Safepoint "Cleanup", Time since last: 1000118516 ns, Reaching safepoint: 81002 ns, Cleanup: 8700 ns, At safepoint: 8801 ns, Total: 98503 ns
[93.055s][info ][safepoint      ] Safepoint "Cleanup", Time since last: 1000125616 ns, Reaching safepoint: 80902 ns, Cleanup: 18700 ns, At safepoint: 7601 ns, Total: 107203 ns
[94.055s][info ][safepoint      ] Safepoint "Cleanup", Time since last: 1000114215 ns, Reaching safepoint: 78002 ns, Cleanup: 12401 ns, At safepoint: 6100 ns, Total: 96503 ns
[95.055s][info ][safepoint      ] Safepoint "Cleanup", Time since last: 1000128316 ns, Reaching safepoint: 7000 ns, Cleanup: 18101 ns, At safepoint: 2500 ns, Total: 27601 ns
[96.055s][info ][safepoint      ] Safepoint "Cleanup", Time since last: 1000119715 ns, Reaching safepoint: 81502 ns, Cleanup: 8501 ns, At safepoint: 6500 ns, Total: 96503 ns
[97.056s][info ][safepoint      ] Safepoint "Cleanup", Time since last: 1000122588 ns, Reaching safepoint: 7100 ns, Cleanup: 22301 ns, At safepoint: 2900 ns, Total: 32301 ns
[98.056s][info ][safepoint      ] Safepoint "Cleanup", Time since last: 1000118917 ns, Reaching safepoint: 5400 ns, Cleanup: 13400 ns, At safepoint: 2700 ns, Total: 21500 ns
[99.056s][info ][safepoint      ] Safepoint "Cleanup", Time since last: 1000144316 ns, Reaching safepoint: 7301 ns, Cleanup: 23900 ns, At safepoint: 3100 ns, Total: 34301 ns
[100.056s][info ][safepoint      ] Safepoint "Cleanup", Time since last: 1000107216 ns, Reaching safepoint: 6100 ns, Cleanup: 7900 ns, At safepoint: 2500 ns, Total: 16500 ns
[101.056s][info ][safepoint      ] Safepoint "Cleanup", Time since last: 1000127760 ns, Reaching safepoint: 6901 ns, Cleanup: 14900 ns, At safepoint: 2700 ns, Total: 24501 ns
[102.056s][info ][safepoint      ] Safepoint "Cleanup", Time since last: 1000109745 ns, Reaching safepoint: 6000 ns, Cleanup: 6301 ns, At safepoint: 2200 ns, Total: 14501 ns
[103.056s][info ][safepoint      ] Safepoint "Cleanup", Time since last: 1000111945 ns, Reaching safepoint: 7200 ns, Cleanup: 13101 ns, At safepoint: 2400 ns, Total: 22701 ns
[104.057s][info ][safepoint      ] Safepoint "Cleanup", Time since last: 1000123145 ns, Reaching safepoint: 78503 ns, Cleanup: 16600 ns, At safepoint: 6500 ns, Total: 101603 ns
[105.057s][info ][safepoint      ] Safepoint "Cleanup", Time since last: 1000123946 ns, Reaching safepoint: 6700 ns, Cleanup: 10100 ns, At safepoint: 2700 ns, Total: 19500 ns
[106.057s][info ][safepoint      ] Safepoint "Cleanup", Time since last: 1000123976 ns, Reaching safepoint: 7100 ns, Cleanup: 24801 ns, At safepoint: 2600 ns, Total: 34501 ns
[107.057s][info ][safepoint      ] Safepoint "Cleanup", Time since last: 1000112495 ns, Reaching safepoint: 8200 ns, Cleanup: 41501 ns, At safepoint: 2800 ns, Total: 52501 ns
[108.057s][info ][safepoint      ] Safepoint "Cleanup", Time since last: 1000116796 ns, Reaching safepoint: 7400 ns, Cleanup: 12100 ns, At safepoint: 2400 ns, Total: 21900 ns
[109.057s][info ][safepoint      ] Safepoint "Cleanup", Time since last: 1000136074 ns, Reaching safepoint: 5500 ns, Cleanup: 19901 ns, At safepoint: 6900 ns, Total: 32301 ns
[110.058s][info ][safepoint      ] Safepoint "Cleanup", Time since last: 1000112857 ns, Reaching safepoint: 6800 ns, Cleanup: 12900 ns, At safepoint: 2900 ns, Total: 22600 ns
[111.058s][info ][safepoint      ] Safepoint "Cleanup", Time since last: 1000114957 ns, Reaching safepoint: 7100 ns, Cleanup: 12201 ns, At safepoint: 2700 ns, Total: 22001 ns
[112.058s][info ][safepoint      ] Safepoint "Cleanup", Time since last: 1000118356 ns, Reaching safepoint: 6701 ns, Cleanup: 34801 ns, At safepoint: 2700 ns, Total: 44202 ns
[113.058s][info ][safepoint      ] Safepoint "Cleanup", Time since last: 1000112056 ns, Reaching safepoint: 5100 ns, Cleanup: 46602 ns, At safepoint: 2500 ns, Total: 54202 ns
[114.058s][info ][safepoint      ] Safepoint "Cleanup", Time since last: 1000122344 ns, Reaching safepoint: 7901 ns, Cleanup: 44901 ns, At safepoint: 3000 ns, Total: 55802 ns
[116.058s][info ][safepoint      ] Safepoint "Cleanup", Time since last: 2000196034 ns, Reaching safepoint: 7400 ns, Cleanup: 10101 ns, At safepoint: 2600 ns, Total: 20101 ns
[117.059s][info ][safepoint      ] Safepoint "Cleanup", Time since last: 1000119217 ns, Reaching safepoint: 5601 ns, Cleanup: 14100 ns, At safepoint: 2700 ns, Total: 22401 ns
[118.059s][info ][safepoint      ] Safepoint "Cleanup", Time since last: 1000112918 ns, Reaching safepoint: 6600 ns, Cleanup: 7100 ns, At safepoint: 2600 ns, Total: 16300 ns
[119.059s][info ][safepoint      ] Safepoint "Cleanup", Time since last: 1000113518 ns, Reaching safepoint: 6900 ns, Cleanup: 9500 ns, At safepoint: 2600 ns, Total: 19000 ns
[120.059s][info ][safepoint      ] Safepoint "Cleanup", Time since last: 1000160919 ns, Reaching safepoint: 9300 ns, Cleanup: 12400 ns, At safepoint: 3201 ns, Total: 24901 ns
[121.238s][info ][safepoint      ] Safepoint "Cleanup", Time since last: 1178766560 ns, Reaching safepoint: 6400 ns, Cleanup: 11100 ns, At safepoint: 2600 ns, Total: 20100 ns
[121.454s][info ][gc,start       ] GC(11) Pause Young (Allocation Failure)
[121.529s][debug][gc,phases      ] GC(11) Scavenge 75.649ms
[121.530s][debug][gc,ref         ] GC(11) ReferenceProcessor::execute queues: 1, RefProcThreadModel::Single, marks_oops_alive: false
[121.530s][debug][gc,ref         ] GC(11) Skipped KeepAliveFinalRefsPhase of Reference Processing: no references
[121.530s][debug][gc,ref         ] GC(11) ReferenceProcessor::execute queues: 1, RefProcThreadModel::Single, marks_oops_alive: false
[121.530s][debug][gc,phases      ] GC(11) Reference Processing 0.189ms
[121.530s][debug][gc,phases      ] GC(11)   VM Weak                        Min:  0.0, Avg:  0.0, Max:  0.0, Diff:  0.0, Sum:  0.0, Workers: 4
[121.530s][debug][gc,phases      ] GC(11)     Dead                           Min: 0, Avg:  0.0, Max: 0, Diff: 0, Sum: 0, Workers: 4
[121.530s][debug][gc,phases      ] GC(11)     Total                          Min: 0, Avg: 247.2, Max: 576, Diff: 576, Sum: 989, Workers: 4
[121.530s][debug][gc,phases      ] GC(11)   ObjectSynchronizer Weak        Min:  0.0, Avg:  0.0, Max:  0.0, Diff:  0.0, Sum:  0.0, Workers: 4
[121.530s][debug][gc,phases      ] GC(11)     Dead                           Min: 0, Avg:  0.0, Max: 0, Diff: 0, Sum: 0, Workers: 4
[121.530s][debug][gc,phases      ] GC(11)     Total                          Min: 0, Avg:  0.8, Max: 3, Diff: 3, Sum: 3, Workers: 4
[121.530s][debug][gc,phases      ] GC(11)   JVMTI Tag Weak OopStorage      Min:  0.0, Avg:  0.0, Max:  0.0, Diff:  0.0, Sum:  0.0, Workers: 4
[121.530s][debug][gc,phases      ] GC(11)     Dead                           Min: 0, Avg:  0.0, Max: 0, Diff: 0, Sum: 0, Workers: 4
[121.530s][debug][gc,phases      ] GC(11)     Total                          Min: 0, Avg:  0.0, Max: 0, Diff: 0, Sum: 0, Workers: 4
[121.530s][debug][gc,phases      ] GC(11)   StringTable Weak               Min:  0.0, Avg:  0.3, Max:  0.4, Diff:  0.4, Sum:  1.2, Workers: 4
[121.530s][debug][gc,phases      ] GC(11)     Dead                           Min: 0, Avg:  0.5, Max: 1, Diff: 1, Sum: 2, Workers: 4
[121.530s][debug][gc,phases      ] GC(11)     Total                          Min: 0, Avg: 11450.8, Max: 17708, Diff: 17708, Sum: 45803, Workers: 4
[121.530s][debug][gc,phases      ] GC(11)   ResolvedMethodTable Weak       Min:  0.0, Avg:  0.1, Max:  0.2, Diff:  0.2, Sum:  0.5, Workers: 4
[121.530s][debug][gc,phases      ] GC(11)     Dead                           Min: 0, Avg:  6.8, Max: 16, Diff: 16, Sum: 27, Workers: 4
[121.530s][debug][gc,phases      ] GC(11)     Total                          Min: 0, Avg: 3738.2, Max: 6287, Diff: 6287, Sum: 14953, Workers: 4
[121.530s][debug][gc,phases      ] GC(11)   JNI Weak                       Min:  0.0, Avg:  0.0, Max:  0.0, Diff:  0.0, Sum:  0.0, Workers: 4
[121.530s][debug][gc,phases      ] GC(11)     Dead                           Min: 0, Avg:  0.0, Max: 0, Diff: 0, Sum: 0, Workers: 4
[121.530s][debug][gc,phases      ] GC(11)     Total                          Min: 0, Avg: 13.0, Max: 52, Diff: 52, Sum: 52, Workers: 4
[121.530s][debug][gc,phases      ] GC(11)   StringDedup Table Weak         Min:  0.0, Avg:  0.0, Max:  0.0, Diff:  0.0, Sum:  0.0, Workers: 4
[121.530s][debug][gc,phases      ] GC(11)     Dead                           Min: 0, Avg:  0.0, Max: 0, Diff: 0, Sum: 0, Workers: 4
[121.530s][debug][gc,phases      ] GC(11)     Total                          Min: 0, Avg:  0.0, Max: 0, Diff: 0, Sum: 0, Workers: 4
[121.530s][debug][gc,phases      ] GC(11)   StringDedup Requests0 Weak     Min:  0.0, Avg:  0.0, Max:  0.0, Diff:  0.0, Sum:  0.0, Workers: 4
[121.530s][debug][gc,phases      ] GC(11)     Dead                           Min: 0, Avg:  0.0, Max: 0, Diff: 0, Sum: 0, Workers: 4
[121.530s][debug][gc,phases      ] GC(11)     Total                          Min: 0, Avg:  0.0, Max: 0, Diff: 0, Sum: 0, Workers: 4
[121.530s][debug][gc,phases      ] GC(11)   StringDedup Requests1 Weak     Min:  0.0, Avg:  0.0, Max:  0.0, Diff:  0.0, Sum:  0.0, Workers: 4
[121.530s][debug][gc,phases      ] GC(11)     Dead                           Min: 0, Avg:  0.0, Max: 0, Diff: 0, Sum: 0, Workers: 4
[121.530s][debug][gc,phases      ] GC(11)     Total                          Min: 0, Avg:  0.0, Max: 0, Diff: 0, Sum: 0, Workers: 4
[121.530s][debug][gc,phases      ] GC(11)   Weak JFR Old Object Samples    Min:  0.0, Avg:  0.0, Max:  0.0, Diff:  0.0, Sum:  0.0, Workers: 4
[121.531s][debug][gc,phases      ] GC(11)     Dead                           Min: 0, Avg:  0.0, Max: 0, Diff: 0, Sum: 0, Workers: 4
[121.531s][debug][gc,phases      ] GC(11)     Total                          Min: 0, Avg:  0.0, Max: 0, Diff: 0, Sum: 0, Workers: 4
[121.531s][debug][gc,phases      ] GC(11) Weak Processing 0.832ms
[121.531s][debug][gc,age         ] GC(11) Desired survivor size 249561088 bytes, new threshold 3 (max threshold 15)
[121.531s][info ][gc,heap        ] GC(11) PSYoungGen: 1767667K(1767936K)->93114K(1853440K) Eden: 1602560K(1602560K)->0K(1600000K) From: 165107K(165376K)->93114K(253440K)
[121.531s][info ][gc,heap        ] GC(11) ParOldGen: 62627K(62976K)->135884K(136192K)
[121.531s][info ][gc,metaspace   ] GC(11) Metaspace: 104007K(105280K)->104007K(105280K) NonClass: 88108K(88832K)->88108K(88832K) Class: 15899K(16448K)->15899K(16448K)
[121.531s][info ][gc             ] GC(11) Pause Young (Allocation Failure) 1787M->223M(1943M) 76.834ms
[121.531s][info ][gc,cpu         ] GC(11) User=0.22s Sys=0.05s Real=0.07s
[121.531s][info ][safepoint      ] Safepoint "ParallelGCFailedAllocation", Time since last: 215832510 ns, Reaching safepoint: 7000 ns, Cleanup: 6400 ns, At safepoint: 76916821 ns, Total: 76930221 ns
[122.531s][info ][safepoint      ] Safepoint "Cleanup", Time since last: 1000116078 ns, Reaching safepoint: 10700 ns, Cleanup: 18401 ns, At safepoint: 3200 ns, Total: 32301 ns
[123.531s][info ][safepoint      ] Safepoint "Cleanup", Time since last: 1000125978 ns, Reaching safepoint: 7100 ns, Cleanup: 12800 ns, At safepoint: 2701 ns, Total: 22601 ns
[124.531s][info ][safepoint      ] Safepoint "Cleanup", Time since last: 1000127278 ns, Reaching safepoint: 7900 ns, Cleanup: 15300 ns, At safepoint: 2600 ns, Total: 25800 ns
[125.629s][info ][gc,start       ] GC(12) Pause Young (CodeCache GC Threshold)
[125.670s][debug][gc,phases      ] GC(12) Scavenge 41.247ms
[125.670s][debug][gc,ref         ] GC(12) ReferenceProcessor::execute queues: 1, RefProcThreadModel::Single, marks_oops_alive: false
[125.670s][debug][gc,ref         ] GC(12) Skipped KeepAliveFinalRefsPhase of Reference Processing: no references
[125.670s][debug][gc,ref         ] GC(12) ReferenceProcessor::execute queues: 1, RefProcThreadModel::Single, marks_oops_alive: false
[125.670s][debug][gc,phases      ] GC(12) Reference Processing 0.145ms
[125.670s][debug][gc,phases      ] GC(12)   VM Weak                        Min:  0.0, Avg:  0.0, Max:  0.0, Diff:  0.0, Sum:  0.0, Workers: 4
[125.670s][debug][gc,phases      ] GC(12)     Dead                           Min: 0, Avg:  0.0, Max: 0, Diff: 0, Sum: 0, Workers: 4
[125.670s][debug][gc,phases      ] GC(12)     Total                          Min: 0, Avg: 247.2, Max: 733, Diff: 733, Sum: 989, Workers: 4
[125.670s][debug][gc,phases      ] GC(12)   ObjectSynchronizer Weak        Min:  0.0, Avg:  0.0, Max:  0.0, Diff:  0.0, Sum:  0.0, Workers: 4
[125.670s][debug][gc,phases      ] GC(12)     Dead                           Min: 0, Avg:  0.0, Max: 0, Diff: 0, Sum: 0, Workers: 4
[125.670s][debug][gc,phases      ] GC(12)     Total                          Min: 0, Avg:  1.0, Max: 4, Diff: 4, Sum: 4, Workers: 4
[125.670s][debug][gc,phases      ] GC(12)   JVMTI Tag Weak OopStorage      Min:  0.0, Avg:  0.0, Max:  0.0, Diff:  0.0, Sum:  0.0, Workers: 4
[125.670s][debug][gc,phases      ] GC(12)     Dead                           Min: 0, Avg:  0.0, Max: 0, Diff: 0, Sum: 0, Workers: 4
[125.670s][debug][gc,phases      ] GC(12)     Total                          Min: 0, Avg:  0.0, Max: 0, Diff: 0, Sum: 0, Workers: 4
[125.670s][debug][gc,phases      ] GC(12)   StringTable Weak               Min:  0.0, Avg:  0.1, Max:  0.2, Diff:  0.2, Sum:  0.5, Workers: 4
[125.670s][debug][gc,phases      ] GC(12)     Dead                           Min: 0, Avg:  0.2, Max: 1, Diff: 1, Sum: 1, Workers: 4
[125.670s][debug][gc,phases      ] GC(12)     Total                          Min: 0, Avg: 11453.2, Max: 15991, Diff: 15991, Sum: 45813, Workers: 4
[125.670s][debug][gc,phases      ] GC(12)   ResolvedMethodTable Weak       Min:  0.0, Avg:  0.0, Max:  0.1, Diff:  0.1, Sum:  0.2, Workers: 4
[125.671s][debug][gc,phases      ] GC(12)     Dead                           Min: 0, Avg:  4.5, Max: 16, Diff: 16, Sum: 18, Workers: 4
[125.671s][debug][gc,phases      ] GC(12)     Total                          Min: 0, Avg: 3740.8, Max: 5511, Diff: 5511, Sum: 14963, Workers: 4
[125.671s][debug][gc,phases      ] GC(12)   JNI Weak                       Min:  0.0, Avg:  0.0, Max:  0.0, Diff:  0.0, Sum:  0.0, Workers: 4
[125.671s][debug][gc,phases      ] GC(12)     Dead                           Min: 0, Avg:  0.0, Max: 0, Diff: 0, Sum: 0, Workers: 4
[125.671s][debug][gc,phases      ] GC(12)     Total                          Min: 0, Avg: 13.2, Max: 53, Diff: 53, Sum: 53, Workers: 4
[125.671s][debug][gc,phases      ] GC(12)   StringDedup Table Weak         Min:  0.0, Avg:  0.0, Max:  0.0, Diff:  0.0, Sum:  0.0, Workers: 4
[125.671s][debug][gc,phases      ] GC(12)     Dead                           Min: 0, Avg:  0.0, Max: 0, Diff: 0, Sum: 0, Workers: 4
[125.671s][debug][gc,phases      ] GC(12)     Total                          Min: 0, Avg:  0.0, Max: 0, Diff: 0, Sum: 0, Workers: 4
[125.671s][debug][gc,phases      ] GC(12)   StringDedup Requests0 Weak     Min:  0.0, Avg:  0.0, Max:  0.0, Diff:  0.0, Sum:  0.0, Workers: 4
[125.671s][debug][gc,phases      ] GC(12)     Dead                           Min: 0, Avg:  0.0, Max: 0, Diff: 0, Sum: 0, Workers: 4
[125.671s][debug][gc,phases      ] GC(12)     Total                          Min: 0, Avg:  0.0, Max: 0, Diff: 0, Sum: 0, Workers: 4
[125.671s][debug][gc,phases      ] GC(12)   StringDedup Requests1 Weak     Min:  0.0, Avg:  0.0, Max:  0.0, Diff:  0.0, Sum:  0.0, Workers: 4
[125.671s][debug][gc,phases      ] GC(12)     Dead                           Min: 0, Avg:  0.0, Max: 0, Diff: 0, Sum: 0, Workers: 4
[125.671s][debug][gc,phases      ] GC(12)     Total                          Min: 0, Avg:  0.0, Max: 0, Diff: 0, Sum: 0, Workers: 4
[125.671s][debug][gc,phases      ] GC(12)   Weak JFR Old Object Samples    Min:  0.0, Avg:  0.0, Max:  0.0, Diff:  0.0, Sum:  0.0, Workers: 4
[125.671s][debug][gc,phases      ] GC(12)     Dead                           Min: 0, Avg:  0.0, Max: 0, Diff: 0, Sum: 0, Workers: 4
[125.671s][debug][gc,phases      ] GC(12)     Total                          Min: 0, Avg:  0.0, Max: 0, Diff: 0, Sum: 0, Workers: 4
[125.671s][debug][gc,phases      ] GC(12) Weak Processing 0.492ms
[125.671s][debug][gc,age         ] GC(12) Desired survivor size 253755392 bytes, new threshold 2 (max threshold 15)
[125.671s][info ][gc,heap        ] GC(12) PSYoungGen: 234768K(1853440K)->21488K(1843712K) Eden: 141654K(1600000K)->0K(1600000K) From: 93114K(253440K)->21488K(243712K)
[125.671s][info ][gc,heap        ] GC(12) ParOldGen: 135884K(136192K)->213625K(214016K)
[125.671s][info ][gc,metaspace   ] GC(12) Metaspace: 104028K(105280K)->104028K(105280K) NonClass: 88125K(88832K)->88125K(88832K) Class: 15903K(16448K)->15903K(16448K)
[125.671s][info ][gc             ] GC(12) Pause Young (CodeCache GC Threshold) 361M->229M(2009M) 42.029ms
[125.671s][info ][gc,cpu         ] GC(12) User=0.08s Sys=0.06s Real=0.04s
[125.671s][debug][gc,phases      ] GC(13) Pre Compact 0.010ms
[125.671s][info ][gc,start       ] GC(13) Pause Full (CodeCache GC Threshold)
[125.671s][info ][gc,phases,start] GC(13) Marking Phase
[125.751s][debug][gc,phases      ] GC(13) Par Mark 79.881ms
[125.751s][debug][gc,ref         ] GC(13) ReferenceProcessor::execute queues: 4, RefProcThreadModel::Multi, marks_oops_alive: false
[125.752s][debug][gc,ref         ] GC(13) Skipped KeepAliveFinalRefsPhase of Reference Processing: no references
[125.752s][debug][gc,ref         ] GC(13) ReferenceProcessor::execute queues: 1, RefProcThreadModel::Single, marks_oops_alive: false
[125.752s][debug][gc,phases      ] GC(13) Reference Processing 1.254ms
[125.752s][debug][gc,phases      ] GC(13)   VM Weak                        Min:  0.0, Avg:  0.0, Max:  0.0, Diff:  0.0, Sum:  0.0, Workers: 4
[125.752s][debug][gc,phases      ] GC(13)     Dead                           Min: 0, Avg:  0.0, Max: 0, Diff: 0, Sum: 0, Workers: 4
[125.752s][debug][gc,phases      ] GC(13)     Total                          Min: 0, Avg: 247.2, Max: 512, Diff: 512, Sum: 989, Workers: 4
[125.752s][debug][gc,phases      ] GC(13)   ObjectSynchronizer Weak        Min:  0.0, Avg:  0.0, Max:  0.0, Diff:  0.0, Sum:  0.0, Workers: 4
[125.752s][debug][gc,phases      ] GC(13)     Dead                           Min: 0, Avg:  0.0, Max: 0, Diff: 0, Sum: 0, Workers: 4
[125.752s][debug][gc,phases      ] GC(13)     Total                          Min: 0, Avg:  1.0, Max: 4, Diff: 4, Sum: 4, Workers: 4
[125.752s][debug][gc,phases      ] GC(13)   JVMTI Tag Weak OopStorage      Min:  0.0, Avg:  0.0, Max:  0.0, Diff:  0.0, Sum:  0.0, Workers: 4
[125.752s][debug][gc,phases      ] GC(13)     Dead                           Min: 0, Avg:  0.0, Max: 0, Diff: 0, Sum: 0, Workers: 4
[125.752s][debug][gc,phases      ] GC(13)     Total                          Min: 0, Avg:  0.0, Max: 0, Diff: 0, Sum: 0, Workers: 4
[125.752s][debug][gc,phases      ] GC(13)   StringTable Weak               Min:  0.0, Avg:  0.2, Max:  0.2, Diff:  0.2, Sum:  0.7, Workers: 4
[125.752s][debug][gc,phases      ] GC(13)     Dead                           Min: 0, Avg:  0.0, Max: 0, Diff: 0, Sum: 0, Workers: 4
[125.752s][debug][gc,phases      ] GC(13)     Total                          Min: 0, Avg: 11453.2, Max: 17909, Diff: 17909, Sum: 45813, Workers: 4
[125.752s][debug][gc,phases      ] GC(13)   ResolvedMethodTable Weak       Min:  0.0, Avg:  0.1, Max:  0.1, Diff:  0.1, Sum:  0.2, Workers: 4
[125.752s][debug][gc,phases      ] GC(13)     Dead                           Min: 0, Avg:  0.0, Max: 0, Diff: 0, Sum: 0, Workers: 4
[125.752s][debug][gc,phases      ] GC(13)     Total                          Min: 0, Avg: 3740.8, Max: 5607, Diff: 5607, Sum: 14963, Workers: 4
[125.752s][debug][gc,phases      ] GC(13)   JNI Weak                       Min:  0.0, Avg:  0.0, Max:  0.0, Diff:  0.0, Sum:  0.0, Workers: 4
[125.752s][debug][gc,phases      ] GC(13)     Dead                           Min: 0, Avg:  0.0, Max: 0, Diff: 0, Sum: 0, Workers: 4
[125.752s][debug][gc,phases      ] GC(13)     Total                          Min: 0, Avg: 13.2, Max: 53, Diff: 53, Sum: 53, Workers: 4
[125.752s][debug][gc,phases      ] GC(13)   StringDedup Table Weak         Min:  0.0, Avg:  0.0, Max:  0.0, Diff:  0.0, Sum:  0.0, Workers: 4
[125.752s][debug][gc,phases      ] GC(13)     Dead                           Min: 0, Avg:  0.0, Max: 0, Diff: 0, Sum: 0, Workers: 4
[125.752s][debug][gc,phases      ] GC(13)     Total                          Min: 0, Avg:  0.0, Max: 0, Diff: 0, Sum: 0, Workers: 4
[125.752s][debug][gc,phases      ] GC(13)   StringDedup Requests0 Weak     Min:  0.0, Avg:  0.0, Max:  0.0, Diff:  0.0, Sum:  0.0, Workers: 4
[125.752s][debug][gc,phases      ] GC(13)     Dead                           Min: 0, Avg:  0.0, Max: 0, Diff: 0, Sum: 0, Workers: 4
[125.752s][debug][gc,phases      ] GC(13)     Total                          Min: 0, Avg:  0.0, Max: 0, Diff: 0, Sum: 0, Workers: 4
[125.752s][debug][gc,phases      ] GC(13)   StringDedup Requests1 Weak     Min:  0.0, Avg:  0.0, Max:  0.0, Diff:  0.0, Sum:  0.0, Workers: 4
[125.752s][debug][gc,phases      ] GC(13)     Dead                           Min: 0, Avg:  0.0, Max: 0, Diff: 0, Sum: 0, Workers: 4
[125.752s][debug][gc,phases      ] GC(13)     Total                          Min: 0, Avg:  0.0, Max: 0, Diff: 0, Sum: 0, Workers: 4
[125.752s][debug][gc,phases      ] GC(13)   Weak JFR Old Object Samples    Min:  0.0, Avg:  0.0, Max:  0.0, Diff:  0.0, Sum:  0.0, Workers: 4
[125.752s][debug][gc,phases      ] GC(13)     Dead                           Min: 0, Avg:  0.0, Max: 0, Diff: 0, Sum: 0, Workers: 4
[125.752s][debug][gc,phases      ] GC(13)     Total                          Min: 0, Avg:  0.0, Max: 0, Diff: 0, Sum: 0, Workers: 4
[125.752s][debug][gc,phases      ] GC(13) Weak Processing 0.557ms
[125.753s][debug][gc,phases      ] GC(13) ClassLoaderData 0.137ms
[125.753s][debug][gc,phases      ] GC(13) Trigger cleanups 0.000ms
[125.797s][debug][gc,phases      ] GC(13) Purge Unlinked NMethods 1.193ms
[125.797s][debug][gc,phases      ] GC(13) Unregister NMethods 0.001ms
[125.797s][debug][gc,phases      ] GC(13) Free Code Blobs 0.168ms
[125.797s][debug][gc,phases      ] GC(13) Class Unloading 44.574ms
[125.797s][debug][gc,phases      ] GC(13) Report Object Count 0.001ms
[125.797s][info ][gc,phases      ] GC(13) Marking Phase 126.349ms
[125.797s][info ][gc,phases,start] GC(13) Summary Phase
[125.797s][info ][gc,phases      ] GC(13) Summary Phase 0.009ms
[125.797s][info ][gc,phases,start] GC(13) Adjust Roots
[125.824s][info ][gc,phases      ] GC(13) Adjust Roots 26.476ms
[125.824s][info ][gc,phases,start] GC(13) Compaction Phase
[126.049s][info ][gc,phases      ] GC(13) Compaction Phase 225.491ms
[126.049s][info ][gc,phases,start] GC(13) Post Compact
[126.051s][debug][gc,phases      ] GC(13) Purge Class Loader Data 0.363ms
[126.051s][info ][gc,phases      ] GC(13) Post Compact 1.423ms
[126.051s][info ][gc,heap        ] GC(13) PSYoungGen: 21488K(1843712K)->12085K(1843712K) Eden: 0K(1600000K)->0K(1600000K) From: 21488K(243712K)->12085K(243712K)
[126.051s][info ][gc,heap        ] GC(13) ParOldGen: 213625K(214016K)->213642K(214016K)
[126.051s][info ][gc,metaspace   ] GC(13) Metaspace: 104028K(105280K)->104028K(105280K) NonClass: 88125K(88832K)->88125K(88832K) Class: 15903K(16448K)->15903K(16448K)
[126.051s][info ][gc             ] GC(13) Pause Full (CodeCache GC Threshold) 229M->220M(2009M) 379.907ms
[126.051s][info ][gc,cpu         ] GC(13) User=1.21s Sys=0.02s Real=0.38s
[126.051s][info ][safepoint      ] Safepoint "ParallelGCSystemGC", Time since last: 1097430897 ns, Reaching safepoint: 82603 ns, Cleanup: 14700 ns, At safepoint: 422098592 ns, Total: 422195895 ns
[127.051s][info ][safepoint      ] Safepoint "Cleanup", Time since last: 1000121052 ns, Reaching safepoint: 86603 ns, Cleanup: 89102 ns, At safepoint: 11400 ns, Total: 187105 ns
[128.051s][info ][safepoint      ] Safepoint "Cleanup", Time since last: 1000140653 ns, Reaching safepoint: 83702 ns, Cleanup: 15201 ns, At safepoint: 8000 ns, Total: 106903 ns
[129.052s][info ][safepoint      ] Safepoint "Cleanup", Time since last: 1000143352 ns, Reaching safepoint: 79703 ns, Cleanup: 30300 ns, At safepoint: 10201 ns, Total: 120204 ns
[130.052s][info ][safepoint      ] Safepoint "Cleanup", Time since last: 1000142371 ns, Reaching safepoint: 83802 ns, Cleanup: 11900 ns, At safepoint: 6900 ns, Total: 102602 ns
[131.052s][info ][safepoint      ] Safepoint "Cleanup", Time since last: 1000132394 ns, Reaching safepoint: 79002 ns, Cleanup: 27201 ns, At safepoint: 6600 ns, Total: 112803 ns
[132.052s][info ][safepoint      ] Safepoint "Cleanup", Time since last: 1000132994 ns, Reaching safepoint: 84302 ns, Cleanup: 8901 ns, At safepoint: 7100 ns, Total: 100303 ns
[133.053s][info ][safepoint      ] Safepoint "Cleanup", Time since last: 1000132594 ns, Reaching safepoint: 83202 ns, Cleanup: 71402 ns, At safepoint: 7100 ns, Total: 161704 ns
[134.053s][info ][safepoint      ] Safepoint "Cleanup", Time since last: 1000144794 ns, Reaching safepoint: 83802 ns, Cleanup: 13501 ns, At safepoint: 10600 ns, Total: 107903 ns
[135.053s][info ][safepoint      ] Safepoint "Cleanup", Time since last: 1000132389 ns, Reaching safepoint: 79803 ns, Cleanup: 16300 ns, At safepoint: 6600 ns, Total: 102703 ns
[136.053s][info ][safepoint      ] Safepoint "Cleanup", Time since last: 1000124769 ns, Reaching safepoint: 79902 ns, Cleanup: 11901 ns, At safepoint: 7200 ns, Total: 99003 ns
[137.053s][info ][safepoint      ] Safepoint "Cleanup", Time since last: 1000126769 ns, Reaching safepoint: 80502 ns, Cleanup: 34101 ns, At safepoint: 6700 ns, Total: 121303 ns
[138.054s][info ][safepoint      ] Safepoint "Cleanup", Time since last: 1000129061 ns, Reaching safepoint: 7000 ns, Cleanup: 13401 ns, At safepoint: 6200 ns, Total: 26601 ns
[139.054s][info ][safepoint      ] Safepoint "Cleanup", Time since last: 1000137371 ns, Reaching safepoint: 82101 ns, Cleanup: 35301 ns, At safepoint: 7400 ns, Total: 124802 ns
[140.054s][info ][safepoint      ] Safepoint "Cleanup", Time since last: 1000141271 ns, Reaching safepoint: 79202 ns, Cleanup: 11100 ns, At safepoint: 6900 ns, Total: 97202 ns
[141.054s][info ][safepoint      ] Safepoint "Cleanup", Time since last: 1000123171 ns, Reaching safepoint: 81002 ns, Cleanup: 10500 ns, At safepoint: 7200 ns, Total: 98702 ns
[142.251s][info ][safepoint      ] Safepoint "Cleanup", Time since last: 1196839155 ns, Reaching safepoint: 82902 ns, Cleanup: 28901 ns, At safepoint: 7400 ns, Total: 119203 ns
[143.252s][info ][safepoint      ] Safepoint "Cleanup", Time since last: 1000132500 ns, Reaching safepoint: 79502 ns, Cleanup: 13200 ns, At safepoint: 6700 ns, Total: 99402 ns
[144.252s][info ][safepoint      ] Safepoint "Cleanup", Time since last: 1000118099 ns, Reaching safepoint: 79102 ns, Cleanup: 10400 ns, At safepoint: 6001 ns, Total: 95503 ns
[145.252s][info ][safepoint      ] Safepoint "Cleanup", Time since last: 1000113189 ns, Reaching safepoint: 80002 ns, Cleanup: 13000 ns, At safepoint: 6500 ns, Total: 99502 ns
[146.252s][info ][safepoint      ] Safepoint "Cleanup", Time since last: 1000120194 ns, Reaching safepoint: 78702 ns, Cleanup: 26200 ns, At safepoint: 6500 ns, Total: 111402 ns
[147.252s][info ][safepoint      ] Safepoint "Cleanup", Time since last: 1000116694 ns, Reaching safepoint: 77702 ns, Cleanup: 44101 ns, At safepoint: 6000 ns, Total: 127803 ns
[148.253s][info ][safepoint      ] Safepoint "Cleanup", Time since last: 1000113393 ns, Reaching safepoint: 81603 ns, Cleanup: 34100 ns, At safepoint: 7401 ns, Total: 123104 ns
[149.253s][info ][safepoint      ] Safepoint "Cleanup", Time since last: 1000115593 ns, Reaching safepoint: 79502 ns, Cleanup: 27801 ns, At safepoint: 6800 ns, Total: 114103 ns
[150.253s][info ][safepoint      ] Safepoint "Cleanup", Time since last: 1000124793 ns, Reaching safepoint: 81002 ns, Cleanup: 13301 ns, At safepoint: 7300 ns, Total: 101603 ns
[151.253s][info ][safepoint      ] Safepoint "Cleanup", Time since last: 1000114793 ns, Reaching safepoint: 80002 ns, Cleanup: 12301 ns, At safepoint: 6600 ns, Total: 98903 ns
[152.254s][info ][safepoint      ] Safepoint "Cleanup", Time since last: 1000123193 ns, Reaching safepoint: 79302 ns, Cleanup: 19401 ns, At safepoint: 6800 ns, Total: 105503 ns
[153.254s][info ][safepoint      ] Safepoint "Cleanup", Time since last: 1000118203 ns, Reaching safepoint: 79302 ns, Cleanup: 18601 ns, At safepoint: 7700 ns, Total: 105603 ns
[155.254s][info ][safepoint      ] Safepoint "Cleanup", Time since last: 2000184282 ns, Reaching safepoint: 78702 ns, Cleanup: 19301 ns, At safepoint: 6900 ns, Total: 104903 ns
[156.254s][info ][safepoint      ] Safepoint "Cleanup", Time since last: 1000112192 ns, Reaching safepoint: 78502 ns, Cleanup: 11200 ns, At safepoint: 6400 ns, Total: 96102 ns
[157.255s][info ][safepoint      ] Safepoint "Cleanup", Time since last: 1000119392 ns, Reaching safepoint: 84403 ns, Cleanup: 30400 ns, At safepoint: 7001 ns, Total: 121804 ns
[158.255s][info ][safepoint      ] Safepoint "Cleanup", Time since last: 1000121292 ns, Reaching safepoint: 80502 ns, Cleanup: 8100 ns, At safepoint: 7000 ns, Total: 95602 ns
[161.255s][info ][safepoint      ] Safepoint "Cleanup", Time since last: 3000261334 ns, Reaching safepoint: 7500 ns, Cleanup: 11000 ns, At safepoint: 3100 ns, Total: 21600 ns
[162.255s][info ][safepoint      ] Safepoint "Cleanup", Time since last: 1000116440 ns, Reaching safepoint: 268405 ns, Cleanup: 10000 ns, At safepoint: 9600 ns, Total: 288005 ns
[163.256s][info ][safepoint      ] Safepoint "Cleanup", Time since last: 1000141340 ns, Reaching safepoint: 79102 ns, Cleanup: 68201 ns, At safepoint: 7400 ns, Total: 154703 ns
[164.256s][info ][safepoint      ] Safepoint "Cleanup", Time since last: 1000124340 ns, Reaching safepoint: 79801 ns, Cleanup: 35801 ns, At safepoint: 6100 ns, Total: 121702 ns
[165.256s][info ][safepoint      ] Safepoint "Cleanup", Time since last: 1000113639 ns, Reaching safepoint: 6801 ns, Cleanup: 23600 ns, At safepoint: 2500 ns, Total: 32901 ns
[166.958s][info ][safepoint      ] Safepoint "Cleanup", Time since last: 1702026464 ns, Reaching safepoint: 5701 ns, Cleanup: 16400 ns, At safepoint: 6600 ns, Total: 28701 ns
[167.958s][info ][safepoint      ] Safepoint "Cleanup", Time since last: 1000118997 ns, Reaching safepoint: 7000 ns, Cleanup: 25401 ns, At safepoint: 2400 ns, Total: 34801 ns
[168.958s][info ][safepoint      ] Safepoint "Cleanup", Time since last: 1000120097 ns, Reaching safepoint: 6800 ns, Cleanup: 12001 ns, At safepoint: 2400 ns, Total: 21201 ns
[169.959s][info ][safepoint      ] Safepoint "Cleanup", Time since last: 1000117041 ns, Reaching safepoint: 6601 ns, Cleanup: 20100 ns, At safepoint: 2500 ns, Total: 29201 ns
[170.959s][info ][safepoint      ] Safepoint "Cleanup", Time since last: 1000116319 ns, Reaching safepoint: 7200 ns, Cleanup: 12701 ns, At safepoint: 3100 ns, Total: 23001 ns
[171.959s][info ][safepoint      ] Safepoint "Cleanup", Time since last: 1000126919 ns, Reaching safepoint: 7200 ns, Cleanup: 11301 ns, At safepoint: 2500 ns, Total: 21001 ns
[172.959s][info ][safepoint      ] Safepoint "Cleanup", Time since last: 1000116019 ns, Reaching safepoint: 7300 ns, Cleanup: 13800 ns, At safepoint: 2400 ns, Total: 23500 ns
[173.959s][info ][safepoint      ] Safepoint "Cleanup", Time since last: 1000112619 ns, Reaching safepoint: 7200 ns, Cleanup: 9501 ns, At safepoint: 2500 ns, Total: 19201 ns
[174.254s][info ][gc,start       ] GC(14) Pause Young (Allocation Failure)
[174.292s][debug][gc,phases      ] GC(14) Scavenge 37.960ms
[174.292s][debug][gc,ref         ] GC(14) ReferenceProcessor::execute queues: 1, RefProcThreadModel::Single, marks_oops_alive: false
[174.292s][debug][gc,ref         ] GC(14) Skipped KeepAliveFinalRefsPhase of Reference Processing: no references
[174.292s][debug][gc,ref         ] GC(14) ReferenceProcessor::execute queues: 1, RefProcThreadModel::Single, marks_oops_alive: false
[174.292s][debug][gc,phases      ] GC(14) Reference Processing 0.136ms
[174.292s][debug][gc,phases      ] GC(14)   VM Weak                        Min:  0.0, Avg:  0.0, Max:  0.0, Diff:  0.0, Sum:  0.0, Workers: 4
[174.292s][debug][gc,phases      ] GC(14)     Dead                           Min: 0, Avg:  0.0, Max: 0, Diff: 0, Sum: 0, Workers: 4
[174.292s][debug][gc,phases      ] GC(14)     Total                          Min: 0, Avg: 251.5, Max: 576, Diff: 576, Sum: 1006, Workers: 4
[174.292s][debug][gc,phases      ] GC(14)   ObjectSynchronizer Weak        Min:  0.0, Avg:  0.0, Max:  0.0, Diff:  0.0, Sum:  0.0, Workers: 4
[174.292s][debug][gc,phases      ] GC(14)     Dead                           Min: 0, Avg:  0.0, Max: 0, Diff: 0, Sum: 0, Workers: 4
[174.292s][debug][gc,phases      ] GC(14)     Total                          Min: 0, Avg:  1.0, Max: 4, Diff: 4, Sum: 4, Workers: 4
[174.292s][debug][gc,phases      ] GC(14)   JVMTI Tag Weak OopStorage      Min:  0.0, Avg:  0.0, Max:  0.0, Diff:  0.0, Sum:  0.0, Workers: 4
[174.292s][debug][gc,phases      ] GC(14)     Dead                           Min: 0, Avg:  0.0, Max: 0, Diff: 0, Sum: 0, Workers: 4
[174.292s][debug][gc,phases      ] GC(14)     Total                          Min: 0, Avg:  0.0, Max: 0, Diff: 0, Sum: 0, Workers: 4
[174.292s][debug][gc,phases      ] GC(14)   StringTable Weak               Min:  0.0, Avg:  0.1, Max:  0.2, Diff:  0.2, Sum:  0.4, Workers: 4
[174.292s][debug][gc,phases      ] GC(14)     Dead                           Min: 0, Avg:  0.5, Max: 2, Diff: 2, Sum: 2, Workers: 4
[174.292s][debug][gc,phases      ] GC(14)     Total                          Min: 0, Avg: 11475.8, Max: 24975, Diff: 24975, Sum: 45903, Workers: 4
[174.292s][debug][gc,phases      ] GC(14)   ResolvedMethodTable Weak       Min:  0.0, Avg:  0.0, Max:  0.1, Diff:  0.1, Sum:  0.2, Workers: 4
[174.292s][debug][gc,phases      ] GC(14)     Dead                           Min: 0, Avg:  7.0, Max: 18, Diff: 18, Sum: 28, Workers: 4
[174.292s][debug][gc,phases      ] GC(14)     Total                          Min: 0, Avg: 3768.5, Max: 8529, Diff: 8529, Sum: 15074, Workers: 4
[174.292s][debug][gc,phases      ] GC(14)   JNI Weak                       Min:  0.0, Avg:  0.0, Max:  0.0, Diff:  0.0, Sum:  0.0, Workers: 4
[174.292s][debug][gc,phases      ] GC(14)     Dead                           Min: 0, Avg:  0.0, Max: 0, Diff: 0, Sum: 0, Workers: 4
[174.292s][debug][gc,phases      ] GC(14)     Total                          Min: 0, Avg: 13.0, Max: 52, Diff: 52, Sum: 52, Workers: 4
[174.292s][debug][gc,phases      ] GC(14)   StringDedup Table Weak         Min:  0.0, Avg:  0.0, Max:  0.0, Diff:  0.0, Sum:  0.0, Workers: 4
[174.292s][debug][gc,phases      ] GC(14)     Dead                           Min: 0, Avg:  0.0, Max: 0, Diff: 0, Sum: 0, Workers: 4
[174.292s][debug][gc,phases      ] GC(14)     Total                          Min: 0, Avg:  0.0, Max: 0, Diff: 0, Sum: 0, Workers: 4
[174.292s][debug][gc,phases      ] GC(14)   StringDedup Requests0 Weak     Min:  0.0, Avg:  0.0, Max:  0.0, Diff:  0.0, Sum:  0.0, Workers: 4
[174.292s][debug][gc,phases      ] GC(14)     Dead                           Min: 0, Avg:  0.0, Max: 0, Diff: 0, Sum: 0, Workers: 4
[174.292s][debug][gc,phases      ] GC(14)     Total                          Min: 0, Avg:  0.0, Max: 0, Diff: 0, Sum: 0, Workers: 4
[174.292s][debug][gc,phases      ] GC(14)   StringDedup Requests1 Weak     Min:  0.0, Avg:  0.0, Max:  0.0, Diff:  0.0, Sum:  0.0, Workers: 4
[174.292s][debug][gc,phases      ] GC(14)     Dead                           Min: 0, Avg:  0.0, Max: 0, Diff: 0, Sum: 0, Workers: 4
[174.292s][debug][gc,phases      ] GC(14)     Total                          Min: 0, Avg:  0.0, Max: 0, Diff: 0, Sum: 0, Workers: 4
[174.292s][debug][gc,phases      ] GC(14)   Weak JFR Old Object Samples    Min:  0.0, Avg:  0.0, Max:  0.0, Diff:  0.0, Sum:  0.0, Workers: 4
[174.292s][debug][gc,phases      ] GC(14)     Dead                           Min: 0, Avg:  0.0, Max: 0, Diff: 0, Sum: 0, Workers: 4
[174.292s][debug][gc,phases      ] GC(14)     Total                          Min: 0, Avg:  0.0, Max: 0, Diff: 0, Sum: 0, Workers: 4
[174.292s][debug][gc,phases      ] GC(14) Weak Processing 0.559ms
[174.292s][debug][gc,age         ] GC(14) Desired survivor size 255852544 bytes, new threshold 1 (max threshold 15)
[174.293s][info ][gc,heap        ] GC(14) PSYoungGen: 1612085K(1843712K)->13892K(1845248K) Eden: 1600000K(1600000K)->0K(1597440K) From: 12085K(243712K)->13892K(247808K)
[174.293s][info ][gc,heap        ] GC(14) ParOldGen: 213642K(214016K)->225643K(225792K)
[174.293s][info ][gc,metaspace   ] GC(14) Metaspace: 104406K(105728K)->104406K(105728K) NonClass: 88461K(89216K)->88461K(89216K) Class: 15944K(16512K)->15944K(16512K)
[174.293s][info ][gc             ] GC(14) Pause Young (Allocation Failure) 1782M->233M(2022M) 38.806ms
[174.293s][info ][gc,cpu         ] GC(14) User=0.12s Sys=0.01s Real=0.04s
[174.293s][info ][safepoint      ] Safepoint "ParallelGCFailedAllocation", Time since last: 294468430 ns, Reaching safepoint: 10400 ns, Cleanup: 10501 ns, At safepoint: 38890675 ns, Total: 38911576 ns
[175.293s][info ][safepoint      ] Safepoint "Cleanup", Time since last: 1000094419 ns, Reaching safepoint: 11000 ns, Cleanup: 14800 ns, At safepoint: 3101 ns, Total: 28901 ns
[176.293s][info ][safepoint      ] Safepoint "Cleanup", Time since last: 1000126085 ns, Reaching safepoint: 7900 ns, Cleanup: 12601 ns, At safepoint: 2400 ns, Total: 22901 ns
[177.293s][info ][safepoint      ] Safepoint "Cleanup", Time since last: 1000117742 ns, Reaching safepoint: 7400 ns, Cleanup: 15500 ns, At safepoint: 2600 ns, Total: 25500 ns
[178.293s][info ][safepoint      ] Safepoint "Cleanup", Time since last: 1000120733 ns, Reaching safepoint: 7600 ns, Cleanup: 11000 ns, At safepoint: 2500 ns, Total: 21100 ns
[179.293s][info ][safepoint      ] Safepoint "Cleanup", Time since last: 1000120532 ns, Reaching safepoint: 7101 ns, Cleanup: 10900 ns, At safepoint: 2800 ns, Total: 20801 ns
[182.261s][info ][safepoint      ] Safepoint "Cleanup", Time since last: 2967967475 ns, Reaching safepoint: 7201 ns, Cleanup: 10200 ns, At safepoint: 2700 ns, Total: 20101 ns
[183.261s][info ][safepoint      ] Safepoint "Cleanup", Time since last: 1000138737 ns, Reaching safepoint: 6201 ns, Cleanup: 12300 ns, At safepoint: 2500 ns, Total: 21001 ns
[184.262s][info ][safepoint      ] Safepoint "Cleanup", Time since last: 1000101836 ns, Reaching safepoint: 6701 ns, Cleanup: 15900 ns, At safepoint: 2500 ns, Total: 25101 ns
[185.262s][info ][safepoint      ] Safepoint "Cleanup", Time since last: 1000113581 ns, Reaching safepoint: 7600 ns, Cleanup: 13900 ns, At safepoint: 2900 ns, Total: 24400 ns
[186.262s][info ][safepoint      ] Safepoint "Cleanup", Time since last: 1000115027 ns, Reaching safepoint: 7200 ns, Cleanup: 16100 ns, At safepoint: 2700 ns, Total: 26000 ns
[188.262s][info ][safepoint      ] Safepoint "Cleanup", Time since last: 2000176952 ns, Reaching safepoint: 5000 ns, Cleanup: 9201 ns, At safepoint: 2100 ns, Total: 16301 ns
[189.262s][info ][safepoint      ] Safepoint "Cleanup", Time since last: 1000108026 ns, Reaching safepoint: 7400 ns, Cleanup: 15600 ns, At safepoint: 2701 ns, Total: 25701 ns
[190.262s][info ][safepoint      ] Safepoint "Cleanup", Time since last: 1000117926 ns, Reaching safepoint: 6500 ns, Cleanup: 11401 ns, At safepoint: 2600 ns, Total: 20501 ns
[191.262s][info ][safepoint      ] Safepoint "Cleanup", Time since last: 1000118726 ns, Reaching safepoint: 7700 ns, Cleanup: 11801 ns, At safepoint: 2700 ns, Total: 22201 ns
[192.263s][info ][safepoint      ] Safepoint "Cleanup", Time since last: 1000117152 ns, Reaching safepoint: 7501 ns, Cleanup: 27700 ns, At safepoint: 2600 ns, Total: 37801 ns
[193.263s][info ][safepoint      ] Safepoint "Cleanup", Time since last: 1000123682 ns, Reaching safepoint: 9000 ns, Cleanup: 13501 ns, At safepoint: 2700 ns, Total: 25201 ns
[194.263s][info ][safepoint      ] Safepoint "Cleanup", Time since last: 1000113582 ns, Reaching safepoint: 6200 ns, Cleanup: 13200 ns, At safepoint: 2400 ns, Total: 21800 ns
[195.263s][info ][safepoint      ] Safepoint "Cleanup", Time since last: 1000121083 ns, Reaching safepoint: 6300 ns, Cleanup: 13200 ns, At safepoint: 3100 ns, Total: 22600 ns
[196.263s][info ][safepoint      ] Safepoint "Cleanup", Time since last: 1000120182 ns, Reaching safepoint: 7001 ns, Cleanup: 16900 ns, At safepoint: 27801 ns, Total: 51702 ns
[197.263s][info ][safepoint      ] Safepoint "Cleanup", Time since last: 1000099781 ns, Reaching safepoint: 6501 ns, Cleanup: 9800 ns, At safepoint: 2700 ns, Total: 19001 ns
[198.263s][info ][safepoint      ] Safepoint "Cleanup", Time since last: 1000110582 ns, Reaching safepoint: 7400 ns, Cleanup: 10400 ns, At safepoint: 2200 ns, Total: 20000 ns
[199.264s][info ][safepoint      ] Safepoint "Cleanup", Time since last: 1000117182 ns, Reaching safepoint: 7201 ns, Cleanup: 9600 ns, At safepoint: 2500 ns, Total: 19301 ns
[200.264s][info ][safepoint      ] Safepoint "Cleanup", Time since last: 1000124282 ns, Reaching safepoint: 18801 ns, Cleanup: 22300 ns, At safepoint: 7800 ns, Total: 48901 ns
[201.264s][info ][safepoint      ] Safepoint "Cleanup", Time since last: 1000102283 ns, Reaching safepoint: 7400 ns, Cleanup: 23700 ns, At safepoint: 2600 ns, Total: 33700 ns
[202.264s][info ][safepoint      ] Safepoint "Cleanup", Time since last: 1000112657 ns, Reaching safepoint: 5900 ns, Cleanup: 14000 ns, At safepoint: 2700 ns, Total: 22600 ns
[203.264s][info ][safepoint      ] Safepoint "Cleanup", Time since last: 1000108557 ns, Reaching safepoint: 5800 ns, Cleanup: 8000 ns, At safepoint: 2500 ns, Total: 16300 ns
[204.264s][info ][safepoint      ] Safepoint "Cleanup", Time since last: 1000112257 ns, Reaching safepoint: 6600 ns, Cleanup: 10900 ns, At safepoint: 2400 ns, Total: 19900 ns
[205.264s][info ][safepoint      ] Safepoint "Cleanup", Time since last: 1000114957 ns, Reaching safepoint: 6000 ns, Cleanup: 17100 ns, At safepoint: 2500 ns, Total: 25600 ns
[206.265s][info ][safepoint      ] Safepoint "Cleanup", Time since last: 1000119357 ns, Reaching safepoint: 6300 ns, Cleanup: 7900 ns, At safepoint: 2601 ns, Total: 16801 ns
[208.265s][info ][safepoint      ] Safepoint "Cleanup", Time since last: 2000190800 ns, Reaching safepoint: 7000 ns, Cleanup: 13200 ns, At safepoint: 2600 ns, Total: 22800 ns
[209.265s][info ][safepoint      ] Safepoint "Cleanup", Time since last: 1000137544 ns, Reaching safepoint: 7000 ns, Cleanup: 12301 ns, At safepoint: 2600 ns, Total: 21901 ns
[210.265s][info ][safepoint      ] Safepoint "Cleanup", Time since last: 1000119311 ns, Reaching safepoint: 7100 ns, Cleanup: 15800 ns, At safepoint: 2600 ns, Total: 25500 ns
[211.265s][info ][safepoint      ] Safepoint "Cleanup", Time since last: 1000124210 ns, Reaching safepoint: 7900 ns, Cleanup: 12100 ns, At safepoint: 3000 ns, Total: 23000 ns
[212.265s][info ][safepoint      ] Safepoint "Cleanup", Time since last: 1000120410 ns, Reaching safepoint: 7000 ns, Cleanup: 11200 ns, At safepoint: 3400 ns, Total: 21600 ns
[213.266s][info ][safepoint      ] Safepoint "Cleanup", Time since last: 1000118410 ns, Reaching safepoint: 7700 ns, Cleanup: 10300 ns, At safepoint: 2400 ns, Total: 20400 ns
[215.266s][info ][safepoint      ] Safepoint "Cleanup", Time since last: 2000189918 ns, Reaching safepoint: 8200 ns, Cleanup: 13100 ns, At safepoint: 2700 ns, Total: 24000 ns
[217.266s][info ][safepoint      ] Safepoint "Cleanup", Time since last: 2000197618 ns, Reaching safepoint: 7700 ns, Cleanup: 14201 ns, At safepoint: 2600 ns, Total: 24501 ns
[218.266s][info ][safepoint      ] Safepoint "Cleanup", Time since last: 1000119032 ns, Reaching safepoint: 6700 ns, Cleanup: 10201 ns, At safepoint: 2500 ns, Total: 19401 ns
[219.266s][info ][safepoint      ] Safepoint "Cleanup", Time since last: 1000117896 ns, Reaching safepoint: 6900 ns, Cleanup: 11800 ns, At safepoint: 2500 ns, Total: 21200 ns
[222.266s][info ][safepoint      ] Safepoint "Cleanup", Time since last: 3000250387 ns, Reaching safepoint: 7100 ns, Cleanup: 13200 ns, At safepoint: 2600 ns, Total: 22900 ns
[223.267s][info ][safepoint      ] Safepoint "Cleanup", Time since last: 1000121997 ns, Reaching safepoint: 7600 ns, Cleanup: 11300 ns, At safepoint: 2600 ns, Total: 21500 ns
[224.267s][info ][safepoint      ] Safepoint "Cleanup", Time since last: 1000119614 ns, Reaching safepoint: 6700 ns, Cleanup: 9800 ns, At safepoint: 3000 ns, Total: 19500 ns
[225.267s][info ][safepoint      ] Safepoint "Cleanup", Time since last: 1000119931 ns, Reaching safepoint: 6700 ns, Cleanup: 11300 ns, At safepoint: 2300 ns, Total: 20300 ns
[226.900s][info ][gc,start       ] GC(15) Pause Young (Allocation Failure)
[226.910s][debug][gc,phases      ] GC(15) Scavenge 9.681ms
[226.910s][debug][gc,ref         ] GC(15) ReferenceProcessor::execute queues: 1, RefProcThreadModel::Single, marks_oops_alive: false
[226.910s][debug][gc,ref         ] GC(15) Skipped KeepAliveFinalRefsPhase of Reference Processing: no references
[226.910s][debug][gc,ref         ] GC(15) ReferenceProcessor::execute queues: 1, RefProcThreadModel::Single, marks_oops_alive: false
[226.910s][debug][gc,phases      ] GC(15) Reference Processing 0.118ms
[226.910s][debug][gc,phases      ] GC(15)   VM Weak                        Min:  0.0, Avg:  0.0, Max:  0.0, Diff:  0.0, Sum:  0.0, Workers: 4
[226.910s][debug][gc,phases      ] GC(15)     Dead                           Min: 0, Avg:  0.0, Max: 0, Diff: 0, Sum: 0, Workers: 4
[226.910s][debug][gc,phases      ] GC(15)     Total                          Min: 0, Avg: 251.5, Max: 558, Diff: 558, Sum: 1006, Workers: 4
[226.910s][debug][gc,phases      ] GC(15)   ObjectSynchronizer Weak        Min:  0.0, Avg:  0.0, Max:  0.0, Diff:  0.0, Sum:  0.0, Workers: 4
[226.910s][debug][gc,phases      ] GC(15)     Dead                           Min: 0, Avg:  0.0, Max: 0, Diff: 0, Sum: 0, Workers: 4
[226.911s][debug][gc,phases      ] GC(15)     Total                          Min: 0, Avg:  1.0, Max: 4, Diff: 4, Sum: 4, Workers: 4
[226.911s][debug][gc,phases      ] GC(15)   JVMTI Tag Weak OopStorage      Min:  0.0, Avg:  0.0, Max:  0.0, Diff:  0.0, Sum:  0.0, Workers: 4
[226.911s][debug][gc,phases      ] GC(15)     Dead                           Min: 0, Avg:  0.0, Max: 0, Diff: 0, Sum: 0, Workers: 4
[226.911s][debug][gc,phases      ] GC(15)     Total                          Min: 0, Avg:  0.0, Max: 0, Diff: 0, Sum: 0, Workers: 4
[226.911s][debug][gc,phases      ] GC(15)   StringTable Weak               Min:  0.0, Avg:  0.1, Max:  0.2, Diff:  0.2, Sum:  0.4, Workers: 4
[226.911s][debug][gc,phases      ] GC(15)     Dead                           Min: 0, Avg:  0.0, Max: 0, Diff: 0, Sum: 0, Workers: 4
[226.911s][debug][gc,phases      ] GC(15)     Total                          Min: 0, Avg: 11490.8, Max: 16512, Diff: 16512, Sum: 45963, Workers: 4
[226.911s][debug][gc,phases      ] GC(15)   ResolvedMethodTable Weak       Min:  0.0, Avg:  0.0, Max:  0.1, Diff:  0.1, Sum:  0.2, Workers: 4
[226.911s][debug][gc,phases      ] GC(15)     Dead                           Min: 0, Avg:  4.0, Max: 16, Diff: 16, Sum: 16, Workers: 4
[226.911s][debug][gc,phases      ] GC(15)     Total                          Min: 0, Avg: 3769.0, Max: 5640, Diff: 5640, Sum: 15076, Workers: 4
[226.911s][debug][gc,phases      ] GC(15)   JNI Weak                       Min:  0.0, Avg:  0.0, Max:  0.0, Diff:  0.0, Sum:  0.0, Workers: 4
[226.911s][debug][gc,phases      ] GC(15)     Dead                           Min: 0, Avg:  0.0, Max: 0, Diff: 0, Sum: 0, Workers: 4
[226.911s][debug][gc,phases      ] GC(15)     Total                          Min: 0, Avg: 13.0, Max: 52, Diff: 52, Sum: 52, Workers: 4
[226.911s][debug][gc,phases      ] GC(15)   StringDedup Table Weak         Min:  0.0, Avg:  0.0, Max:  0.0, Diff:  0.0, Sum:  0.0, Workers: 4
[226.911s][debug][gc,phases      ] GC(15)     Dead                           Min: 0, Avg:  0.0, Max: 0, Diff: 0, Sum: 0, Workers: 4
[226.911s][debug][gc,phases      ] GC(15)     Total                          Min: 0, Avg:  0.0, Max: 0, Diff: 0, Sum: 0, Workers: 4
[226.911s][debug][gc,phases      ] GC(15)   StringDedup Requests0 Weak     Min:  0.0, Avg:  0.0, Max:  0.0, Diff:  0.0, Sum:  0.0, Workers: 4
[226.911s][debug][gc,phases      ] GC(15)     Dead                           Min: 0, Avg:  0.0, Max: 0, Diff: 0, Sum: 0, Workers: 4
[226.911s][debug][gc,phases      ] GC(15)     Total                          Min: 0, Avg:  0.0, Max: 0, Diff: 0, Sum: 0, Workers: 4
[226.911s][debug][gc,phases      ] GC(15)   StringDedup Requests1 Weak     Min:  0.0, Avg:  0.0, Max:  0.0, Diff:  0.0, Sum:  0.0, Workers: 4
[226.911s][debug][gc,phases      ] GC(15)     Dead                           Min: 0, Avg:  0.0, Max: 0, Diff: 0, Sum: 0, Workers: 4
[226.911s][debug][gc,phases      ] GC(15)     Total                          Min: 0, Avg:  0.0, Max: 0, Diff: 0, Sum: 0, Workers: 4
[226.911s][debug][gc,phases      ] GC(15)   Weak JFR Old Object Samples    Min:  0.0, Avg:  0.0, Max:  0.0, Diff:  0.0, Sum:  0.0, Workers: 4
[226.911s][debug][gc,phases      ] GC(15)     Dead                           Min: 0, Avg:  0.0, Max: 0, Diff: 0, Sum: 0, Workers: 4
[226.911s][debug][gc,phases      ] GC(15)     Total                          Min: 0, Avg:  0.0, Max: 0, Diff: 0, Sum: 0, Workers: 4
[226.911s][debug][gc,phases      ] GC(15) Weak Processing 0.446ms
[226.911s][debug][gc,age         ] GC(15) Desired survivor size 256901120 bytes, new threshold 1 (max threshold 15)
[226.911s][info ][gc,heap        ] GC(15) PSYoungGen: 1611332K(1845248K)->3025K(1600512K) Eden: 1597440K(1597440K)->0K(1597440K) From: 13892K(247808K)->3025K(3072K)
[226.911s][info ][gc,heap        ] GC(15) ParOldGen: 225643K(225792K)->237566K(237568K)
[226.911s][info ][gc,metaspace   ] GC(15) Metaspace: 104604K(105920K)->104604K(105920K) NonClass: 88651K(89408K)->88651K(89408K) Class: 15952K(16512K)->15952K(16512K)
[226.911s][info ][gc             ] GC(15) Pause Young (Allocation Failure) 1793M->234M(1795M) 10.387ms
[226.911s][info ][gc,cpu         ] GC(15) User=0.02s Sys=0.01s Real=0.00s
[226.911s][info ][safepoint      ] Safepoint "ParallelGCFailedAllocation", Time since last: 1633328528 ns, Reaching safepoint: 6900 ns, Cleanup: 10100 ns, At safepoint: 10488694 ns, Total: 10505694 ns
[227.911s][info ][safepoint      ] Safepoint "Cleanup", Time since last: 1000090959 ns, Reaching safepoint: 7500 ns, Cleanup: 13300 ns, At safepoint: 2500 ns, Total: 23300 ns
[228.911s][info ][safepoint      ] Safepoint "Cleanup", Time since last: 1000138760 ns, Reaching safepoint: 7501 ns, Cleanup: 11600 ns, At safepoint: 2100 ns, Total: 21201 ns
[229.911s][info ][safepoint      ] Safepoint "Cleanup", Time since last: 1000174261 ns, Reaching safepoint: 21300 ns, Cleanup: 33301 ns, At safepoint: 4400 ns, Total: 59001 ns
[231.912s][info ][safepoint      ] Safepoint "Cleanup", Time since last: 2000254559 ns, Reaching safepoint: 7200 ns, Cleanup: 10400 ns, At safepoint: 2300 ns, Total: 19900 ns
[232.912s][info ][safepoint      ] Safepoint "Cleanup", Time since last: 1000111217 ns, Reaching safepoint: 6000 ns, Cleanup: 8800 ns, At safepoint: 2301 ns, Total: 17101 ns
[233.912s][info ][safepoint      ] Safepoint "Cleanup", Time since last: 1000076584 ns, Reaching safepoint: 6701 ns, Cleanup: 14000 ns, At safepoint: 2800 ns, Total: 23501 ns
[235.912s][info ][safepoint      ] Safepoint "Cleanup", Time since last: 2000179280 ns, Reaching safepoint: 7200 ns, Cleanup: 10600 ns, At safepoint: 2700 ns, Total: 20500 ns
[236.912s][info ][safepoint      ] Safepoint "Cleanup", Time since last: 1000116241 ns, Reaching safepoint: 7900 ns, Cleanup: 12500 ns, At safepoint: 2600 ns, Total: 23000 ns
[238.912s][info ][safepoint      ] Safepoint "Cleanup", Time since last: 2000191680 ns, Reaching safepoint: 7401 ns, Cleanup: 12800 ns, At safepoint: 3300 ns, Total: 23501 ns
[239.912s][info ][safepoint      ] Safepoint "Cleanup", Time since last: 1000120041 ns, Reaching safepoint: 8600 ns, Cleanup: 14900 ns, At safepoint: 3200 ns, Total: 26700 ns
[241.279s][info ][safepoint      ] Safepoint "Cleanup", Time since last: 1366261554 ns, Reaching safepoint: 6900 ns, Cleanup: 14600 ns, At safepoint: 2200 ns, Total: 23700 ns
[242.279s][info ][safepoint      ] Safepoint "Cleanup", Time since last: 1000116711 ns, Reaching safepoint: 7500 ns, Cleanup: 14801 ns, At safepoint: 2500 ns, Total: 24801 ns
[245.279s][info ][safepoint      ] Safepoint "Cleanup", Time since last: 3000264000 ns, Reaching safepoint: 7400 ns, Cleanup: 10400 ns, At safepoint: 2300 ns, Total: 20100 ns
[246.279s][info ][safepoint      ] Safepoint "Cleanup", Time since last: 1000143254 ns, Reaching safepoint: 10800 ns, Cleanup: 14901 ns, At safepoint: 2500 ns, Total: 28201 ns
[247.279s][info ][safepoint      ] Safepoint "Cleanup", Time since last: 1000124696 ns, Reaching safepoint: 6900 ns, Cleanup: 13300 ns, At safepoint: 2500 ns, Total: 22700 ns
[248.280s][info ][safepoint      ] Safepoint "Cleanup", Time since last: 1000115497 ns, Reaching safepoint: 7500 ns, Cleanup: 13600 ns, At safepoint: 2600 ns, Total: 23700 ns
[249.280s][info ][safepoint      ] Safepoint "Cleanup", Time since last: 1000115796 ns, Reaching safepoint: 6100 ns, Cleanup: 21901 ns, At safepoint: 2700 ns, Total: 30701 ns
[250.280s][info ][safepoint      ] Safepoint "Cleanup", Time since last: 1000116128 ns, Reaching safepoint: 7200 ns, Cleanup: 11600 ns, At safepoint: 2600 ns, Total: 21400 ns
[251.280s][info ][safepoint      ] Safepoint "Cleanup", Time since last: 1000126359 ns, Reaching safepoint: 7600 ns, Cleanup: 30101 ns, At safepoint: 2300 ns, Total: 40001 ns
[252.280s][info ][safepoint      ] Safepoint "Cleanup", Time since last: 1000114359 ns, Reaching safepoint: 7000 ns, Cleanup: 18101 ns, At safepoint: 2500 ns, Total: 27601 ns
[253.280s][info ][safepoint      ] Safepoint "Cleanup", Time since last: 1000113059 ns, Reaching safepoint: 6900 ns, Cleanup: 18800 ns, At safepoint: 2900 ns, Total: 28600 ns
[255.281s][info ][safepoint      ] Safepoint "Cleanup", Time since last: 2000189118 ns, Reaching safepoint: 6700 ns, Cleanup: 12000 ns, At safepoint: 2600 ns, Total: 21300 ns
[256.281s][info ][safepoint      ] Safepoint "Cleanup", Time since last: 1000120859 ns, Reaching safepoint: 6600 ns, Cleanup: 9800 ns, At safepoint: 2601 ns, Total: 19001 ns
[257.281s][info ][safepoint      ] Safepoint "Cleanup", Time since last: 1000116361 ns, Reaching safepoint: 7500 ns, Cleanup: 11001 ns, At safepoint: 2600 ns, Total: 21101 ns
[259.281s][info ][safepoint      ] Safepoint "Cleanup", Time since last: 2000190455 ns, Reaching safepoint: 6700 ns, Cleanup: 11800 ns, At safepoint: 2801 ns, Total: 21301 ns
[261.281s][info ][safepoint      ] Safepoint "Cleanup", Time since last: 2000203367 ns, Reaching safepoint: 6000 ns, Cleanup: 11500 ns, At safepoint: 2300 ns, Total: 19800 ns
[263.282s][info ][safepoint      ] Safepoint "Cleanup", Time since last: 2000193322 ns, Reaching safepoint: 7200 ns, Cleanup: 10100 ns, At safepoint: 3000 ns, Total: 20300 ns
[264.282s][info ][safepoint      ] Safepoint "Cleanup", Time since last: 1000125134 ns, Reaching safepoint: 6900 ns, Cleanup: 11400 ns, At safepoint: 2600 ns, Total: 20900 ns
[265.282s][info ][safepoint      ] Safepoint "Cleanup", Time since last: 1000114233 ns, Reaching safepoint: 6600 ns, Cleanup: 10601 ns, At safepoint: 2500 ns, Total: 19701 ns
[266.282s][info ][safepoint      ] Safepoint "Cleanup", Time since last: 1000119479 ns, Reaching safepoint: 7000 ns, Cleanup: 11400 ns, At safepoint: 3000 ns, Total: 21400 ns
[270.282s][info ][safepoint      ] Safepoint "Cleanup", Time since last: 4000347200 ns, Reaching safepoint: 7100 ns, Cleanup: 13300 ns, At safepoint: 2700 ns, Total: 23100 ns
[272.283s][info ][safepoint      ] Safepoint "Cleanup", Time since last: 2000236248 ns, Reaching safepoint: 11900 ns, Cleanup: 15000 ns, At safepoint: 2500 ns, Total: 29400 ns
[273.283s][info ][safepoint      ] Safepoint "Cleanup", Time since last: 1000126774 ns, Reaching safepoint: 5500 ns, Cleanup: 8900 ns, At safepoint: 2300 ns, Total: 16700 ns
[274.283s][info ][safepoint      ] Safepoint "Cleanup", Time since last: 1000124246 ns, Reaching safepoint: 10001 ns, Cleanup: 10900 ns, At safepoint: 2400 ns, Total: 23301 ns
[276.283s][info ][safepoint      ] Safepoint "Cleanup", Time since last: 2000182373 ns, Reaching safepoint: 6300 ns, Cleanup: 12600 ns, At safepoint: 2400 ns, Total: 21300 ns
[278.283s][info ][safepoint      ] Safepoint "Cleanup", Time since last: 2000187373 ns, Reaching safepoint: 7600 ns, Cleanup: 14000 ns, At safepoint: 2100 ns, Total: 23700 ns
[279.202s][info ][gc,start       ] GC(16) Pause Young (Allocation Failure)
[279.205s][debug][gc,phases      ] GC(16) Scavenge 3.414ms
[279.205s][debug][gc,ref         ] GC(16) ReferenceProcessor::execute queues: 1, RefProcThreadModel::Single, marks_oops_alive: false
[279.205s][debug][gc,ref         ] GC(16) Skipped KeepAliveFinalRefsPhase of Reference Processing: no references
[279.205s][debug][gc,ref         ] GC(16) ReferenceProcessor::execute queues: 1, RefProcThreadModel::Single, marks_oops_alive: false
[279.205s][debug][gc,phases      ] GC(16) Reference Processing 0.118ms
[279.206s][debug][gc,phases      ] GC(16)   VM Weak                        Min:  0.0, Avg:  0.0, Max:  0.0, Diff:  0.0, Sum:  0.0, Workers: 4
[279.206s][debug][gc,phases      ] GC(16)     Dead                           Min: 0, Avg:  0.0, Max: 0, Diff: 0, Sum: 0, Workers: 4
[279.206s][debug][gc,phases      ] GC(16)     Total                          Min: 0, Avg: 251.5, Max: 558, Diff: 558, Sum: 1006, Workers: 4
[279.206s][debug][gc,phases      ] GC(16)   ObjectSynchronizer Weak        Min:  0.0, Avg:  0.0, Max:  0.0, Diff:  0.0, Sum:  0.0, Workers: 4
[279.206s][debug][gc,phases      ] GC(16)     Dead                           Min: 0, Avg:  0.0, Max: 0, Diff: 0, Sum: 0, Workers: 4
[279.206s][debug][gc,phases      ] GC(16)     Total                          Min: 0, Avg:  1.0, Max: 4, Diff: 4, Sum: 4, Workers: 4
[279.206s][debug][gc,phases      ] GC(16)   JVMTI Tag Weak OopStorage      Min:  0.0, Avg:  0.0, Max:  0.0, Diff:  0.0, Sum:  0.0, Workers: 4
[279.206s][debug][gc,phases      ] GC(16)     Dead                           Min: 0, Avg:  0.0, Max: 0, Diff: 0, Sum: 0, Workers: 4
[279.206s][debug][gc,phases      ] GC(16)     Total                          Min: 0, Avg:  0.0, Max: 0, Diff: 0, Sum: 0, Workers: 4
[279.206s][debug][gc,phases      ] GC(16)   StringTable Weak               Min:  0.0, Avg:  0.1, Max:  0.1, Diff:  0.1, Sum:  0.4, Workers: 4
[279.206s][debug][gc,phases      ] GC(16)     Dead                           Min: 0, Avg:  0.2, Max: 1, Diff: 1, Sum: 1, Workers: 4
[279.206s][debug][gc,phases      ] GC(16)     Total                          Min: 0, Avg: 11501.5, Max: 16128, Diff: 16128, Sum: 46006, Workers: 4
[279.206s][debug][gc,phases      ] GC(16)   ResolvedMethodTable Weak       Min:  0.0, Avg:  0.0, Max:  0.1, Diff:  0.1, Sum:  0.2, Workers: 4
[279.206s][debug][gc,phases      ] GC(16)     Dead                           Min: 0, Avg:  4.8, Max: 17, Diff: 17, Sum: 19, Workers: 4
[279.206s][debug][gc,phases      ] GC(16)     Total                          Min: 0, Avg: 3773.5, Max: 5482, Diff: 5482, Sum: 15094, Workers: 4
[279.206s][debug][gc,phases      ] GC(16)   JNI Weak                       Min:  0.0, Avg:  0.0, Max:  0.0, Diff:  0.0, Sum:  0.0, Workers: 4
[279.206s][debug][gc,phases      ] GC(16)     Dead                           Min: 0, Avg:  0.0, Max: 0, Diff: 0, Sum: 0, Workers: 4
[279.206s][debug][gc,phases      ] GC(16)     Total                          Min: 0, Avg: 13.0, Max: 52, Diff: 52, Sum: 52, Workers: 4
[279.206s][debug][gc,phases      ] GC(16)   StringDedup Table Weak         Min:  0.0, Avg:  0.0, Max:  0.0, Diff:  0.0, Sum:  0.0, Workers: 4
[279.206s][debug][gc,phases      ] GC(16)     Dead                           Min: 0, Avg:  0.0, Max: 0, Diff: 0, Sum: 0, Workers: 4
[279.206s][debug][gc,phases      ] GC(16)     Total                          Min: 0, Avg:  0.0, Max: 0, Diff: 0, Sum: 0, Workers: 4
[279.206s][debug][gc,phases      ] GC(16)   StringDedup Requests0 Weak     Min:  0.0, Avg:  0.0, Max:  0.0, Diff:  0.0, Sum:  0.0, Workers: 4
[279.206s][debug][gc,phases      ] GC(16)     Dead                           Min: 0, Avg:  0.0, Max: 0, Diff: 0, Sum: 0, Workers: 4
[279.206s][debug][gc,phases      ] GC(16)     Total                          Min: 0, Avg:  0.0, Max: 0, Diff: 0, Sum: 0, Workers: 4
[279.206s][debug][gc,phases      ] GC(16)   StringDedup Requests1 Weak     Min:  0.0, Avg:  0.0, Max:  0.0, Diff:  0.0, Sum:  0.0, Workers: 4
[279.206s][debug][gc,phases      ] GC(16)     Dead                           Min: 0, Avg:  0.0, Max: 0, Diff: 0, Sum: 0, Workers: 4
[279.206s][debug][gc,phases      ] GC(16)     Total                          Min: 0, Avg:  0.0, Max: 0, Diff: 0, Sum: 0, Workers: 4
[279.206s][debug][gc,phases      ] GC(16)   Weak JFR Old Object Samples    Min:  0.0, Avg:  0.0, Max:  0.0, Diff:  0.0, Sum:  0.0, Workers: 4
[279.206s][debug][gc,phases      ] GC(16)     Dead                           Min: 0, Avg:  0.0, Max: 0, Diff: 0, Sum: 0, Workers: 4
[279.206s][debug][gc,phases      ] GC(16)     Total                          Min: 0, Avg:  0.0, Max: 0, Diff: 0, Sum: 0, Workers: 4
[279.206s][debug][gc,phases      ] GC(16) Weak Processing 0.455ms
[279.206s][debug][gc,age         ] GC(16) Desired survivor size 255328256 bytes, new threshold 1 (max threshold 15)
[279.206s][info ][gc,heap        ] GC(16) PSYoungGen: 1600465K(1600512K)->3512K(1847808K) Eden: 1597440K(1597440K)->0K(1596928K) From: 3025K(3072K)->3512K(250880K)
[279.206s][info ][gc,heap        ] GC(16) ParOldGen: 237566K(237568K)->238704K(239104K)
[279.206s][info ][gc,metaspace   ] GC(16) Metaspace: 104712K(106048K)->104712K(106048K) NonClass: 88753K(89536K)->88753K(89536K) Class: 15958K(16512K)->15958K(16512K)
[279.206s][info ][gc             ] GC(16) Pause Young (Allocation Failure) 1794M->236M(2038M) 4.128ms
[279.206s][info ][gc,cpu         ] GC(16) User=0.02s Sys=0.00s Real=0.00s
[279.206s][info ][safepoint      ] Safepoint "ParallelGCFailedAllocation", Time since last: 918503170 ns, Reaching safepoint: 7200 ns, Cleanup: 4300 ns, At safepoint: 4204479 ns, Total: 4215979 ns
[280.206s][info ][safepoint      ] Safepoint "Cleanup", Time since last: 1000091386 ns, Reaching safepoint: 7300 ns, Cleanup: 10000 ns, At safepoint: 2800 ns, Total: 20100 ns
[282.206s][info ][safepoint      ] Safepoint "Cleanup", Time since last: 2000188573 ns, Reaching safepoint: 7400 ns, Cleanup: 7800 ns, At safepoint: 3200 ns, Total: 18400 ns
[283.206s][info ][safepoint      ] Safepoint "Cleanup", Time since last: 1000116976 ns, Reaching safepoint: 7600 ns, Cleanup: 11400 ns, At safepoint: 3200 ns, Total: 22200 ns
[284.207s][info ][safepoint      ] Safepoint "Cleanup", Time since last: 1000136576 ns, Reaching safepoint: 6200 ns, Cleanup: 10300 ns, At safepoint: 2900 ns, Total: 19400 ns
[286.207s][info ][safepoint      ] Safepoint "Cleanup", Time since last: 2000190443 ns, Reaching safepoint: 6401 ns, Cleanup: 10300 ns, At safepoint: 2700 ns, Total: 19401 ns
[287.207s][info ][safepoint      ] Safepoint "Cleanup", Time since last: 1000119496 ns, Reaching safepoint: 81701 ns, Cleanup: 14601 ns, At safepoint: 9300 ns, Total: 105602 ns
[288.207s][info ][safepoint      ] Safepoint "Cleanup", Time since last: 1000107995 ns, Reaching safepoint: 7600 ns, Cleanup: 10501 ns, At safepoint: 3200 ns, Total: 21301 ns
[290.207s][info ][safepoint      ] Safepoint "Cleanup", Time since last: 2000201647 ns, Reaching safepoint: 7600 ns, Cleanup: 10000 ns, At safepoint: 2600 ns, Total: 20200 ns
[292.208s][info ][safepoint      ] Safepoint "Cleanup", Time since last: 2000183787 ns, Reaching safepoint: 7200 ns, Cleanup: 10501 ns, At safepoint: 2400 ns, Total: 20101 ns
[293.208s][info ][safepoint      ] Safepoint "Cleanup", Time since last: 1000121244 ns, Reaching safepoint: 19500 ns, Cleanup: 12000 ns, At safepoint: 2500 ns, Total: 34000 ns
[298.208s][info ][safepoint      ] Safepoint "Cleanup", Time since last: 5000394371 ns, Reaching safepoint: 7100 ns, Cleanup: 12700 ns, At safepoint: 3300 ns, Total: 23100 ns
[302.297s][info ][safepoint      ] Safepoint "Cleanup", Time since last: 4088596571 ns, Reaching safepoint: 8600 ns, Cleanup: 21400 ns, At safepoint: 3400 ns, Total: 33400 ns
[303.297s][info ][safepoint      ] Safepoint "Cleanup", Time since last: 1000129329 ns, Reaching safepoint: 8700 ns, Cleanup: 13600 ns, At safepoint: 3500 ns, Total: 25800 ns
[304.297s][info ][safepoint      ] Safepoint "Cleanup", Time since last: 1000134129 ns, Reaching safepoint: 9200 ns, Cleanup: 13700 ns, At safepoint: 3200 ns, Total: 26100 ns
[305.297s][info ][safepoint      ] Safepoint "Cleanup", Time since last: 1000136729 ns, Reaching safepoint: 8400 ns, Cleanup: 13200 ns, At safepoint: 3200 ns, Total: 24800 ns
[306.297s][info ][safepoint      ] Safepoint "Cleanup", Time since last: 1000122530 ns, Reaching safepoint: 9100 ns, Cleanup: 26100 ns, At safepoint: 3000 ns, Total: 38200 ns
[307.298s][info ][safepoint      ] Safepoint "Cleanup", Time since last: 1000134314 ns, Reaching safepoint: 8900 ns, Cleanup: 15700 ns, At safepoint: 3400 ns, Total: 28000 ns
[308.298s][info ][safepoint      ] Safepoint "Cleanup", Time since last: 1000141114 ns, Reaching safepoint: 9000 ns, Cleanup: 23700 ns, At safepoint: 3400 ns, Total: 36100 ns
[309.298s][info ][safepoint      ] Safepoint "Cleanup", Time since last: 1000117513 ns, Reaching safepoint: 8700 ns, Cleanup: 13800 ns, At safepoint: 2801 ns, Total: 25301 ns
[310.298s][info ][safepoint      ] Safepoint "Cleanup", Time since last: 1000127013 ns, Reaching safepoint: 8600 ns, Cleanup: 13100 ns, At safepoint: 3200 ns, Total: 24900 ns
[312.298s][info ][safepoint      ] Safepoint "Cleanup", Time since last: 2000204525 ns, Reaching safepoint: 84202 ns, Cleanup: 10400 ns, At safepoint: 9600 ns, Total: 104202 ns
[313.315s][info ][safepoint      ] Safepoint "Cleanup", Time since last: 1016966300 ns, Reaching safepoint: 2700 ns, Cleanup: 26900 ns, At safepoint: 4400 ns, Total: 34000 ns
[314.402s][info ][safepoint      ] Safepoint "Cleanup", Time since last: 1086117362 ns, Reaching safepoint: 79901 ns, Cleanup: 129902 ns, At safepoint: 7401 ns, Total: 217204 ns
[315.402s][info ][safepoint      ] Safepoint "Cleanup", Time since last: 1000117795 ns, Reaching safepoint: 79201 ns, Cleanup: 11900 ns, At safepoint: 6800 ns, Total: 97901 ns
[316.402s][info ][safepoint      ] Safepoint "Cleanup", Time since last: 1000111095 ns, Reaching safepoint: 78101 ns, Cleanup: 9601 ns, At safepoint: 6900 ns, Total: 94602 ns
[317.402s][info ][safepoint      ] Safepoint "Cleanup", Time since last: 1000120995 ns, Reaching safepoint: 80301 ns, Cleanup: 27001 ns, At safepoint: 6900 ns, Total: 114202 ns
[318.403s][info ][safepoint      ] Safepoint "Cleanup", Time since last: 1000130795 ns, Reaching safepoint: 78701 ns, Cleanup: 12800 ns, At safepoint: 7000 ns, Total: 98501 ns
[319.403s][info ][safepoint      ] Safepoint "Cleanup", Time since last: 1000127996 ns, Reaching safepoint: 83101 ns, Cleanup: 14800 ns, At safepoint: 6600 ns, Total: 104501 ns
[320.403s][info ][safepoint      ] Safepoint "Cleanup", Time since last: 1000130196 ns, Reaching safepoint: 82801 ns, Cleanup: 20300 ns, At safepoint: 7000 ns, Total: 110101 ns
[321.403s][info ][safepoint      ] Safepoint "Cleanup", Time since last: 1000127994 ns, Reaching safepoint: 81302 ns, Cleanup: 15000 ns, At safepoint: 5900 ns, Total: 102202 ns
[324.404s][info ][safepoint      ] Safepoint "Cleanup", Time since last: 3000275768 ns, Reaching safepoint: 79602 ns, Cleanup: 9700 ns, At safepoint: 6700 ns, Total: 96002 ns
[326.404s][info ][safepoint      ] Safepoint "Cleanup", Time since last: 2000240079 ns, Reaching safepoint: 78602 ns, Cleanup: 9400 ns, At safepoint: 8300 ns, Total: 96302 ns
[327.404s][info ][safepoint      ] Safepoint "Cleanup", Time since last: 1000114090 ns, Reaching safepoint: 78401 ns, Cleanup: 10500 ns, At safepoint: 6000 ns, Total: 94901 ns
[328.404s][info ][safepoint      ] Safepoint "Cleanup", Time since last: 1000111890 ns, Reaching safepoint: 78401 ns, Cleanup: 33501 ns, At safepoint: 7500 ns, Total: 119402 ns
[329.201s][info ][gc,start       ] GC(17) Pause Young (Allocation Failure)
[329.205s][debug][gc,phases      ] GC(17) Scavenge 4.306ms
[329.205s][debug][gc,ref         ] GC(17) ReferenceProcessor::execute queues: 1, RefProcThreadModel::Single, marks_oops_alive: false
[329.205s][debug][gc,ref         ] GC(17) Skipped KeepAliveFinalRefsPhase of Reference Processing: no references
[329.205s][debug][gc,ref         ] GC(17) ReferenceProcessor::execute queues: 1, RefProcThreadModel::Single, marks_oops_alive: false
[329.205s][debug][gc,phases      ] GC(17) Reference Processing 0.127ms
[329.206s][debug][gc,phases      ] GC(17)   VM Weak                        Min:  0.0, Avg:  0.0, Max:  0.0, Diff:  0.0, Sum:  0.0, Workers: 4
[329.206s][debug][gc,phases      ] GC(17)     Dead                           Min: 0, Avg:  0.0, Max: 0, Diff: 0, Sum: 0, Workers: 4
[329.206s][debug][gc,phases      ] GC(17)     Total                          Min: 0, Avg: 252.5, Max: 498, Diff: 498, Sum: 1010, Workers: 4
[329.206s][debug][gc,phases      ] GC(17)   ObjectSynchronizer Weak        Min:  0.0, Avg:  0.0, Max:  0.0, Diff:  0.0, Sum:  0.0, Workers: 4
[329.206s][debug][gc,phases      ] GC(17)     Dead                           Min: 0, Avg:  0.0, Max: 0, Diff: 0, Sum: 0, Workers: 4
[329.206s][debug][gc,phases      ] GC(17)     Total                          Min: 0, Avg:  1.0, Max: 4, Diff: 4, Sum: 4, Workers: 4
[329.206s][debug][gc,phases      ] GC(17)   JVMTI Tag Weak OopStorage      Min:  0.0, Avg:  0.0, Max:  0.0, Diff:  0.0, Sum:  0.0, Workers: 4
[329.206s][debug][gc,phases      ] GC(17)     Dead                           Min: 0, Avg:  0.0, Max: 0, Diff: 0, Sum: 0, Workers: 4
[329.206s][debug][gc,phases      ] GC(17)     Total                          Min: 0, Avg:  0.0, Max: 0, Diff: 0, Sum: 0, Workers: 4
[329.206s][debug][gc,phases      ] GC(17)   StringTable Weak               Min:  0.1, Avg:  0.1, Max:  0.1, Diff:  0.0, Sum:  0.5, Workers: 4
[329.206s][debug][gc,phases      ] GC(17)     Dead                           Min: 0, Avg:  0.5, Max: 2, Diff: 2, Sum: 2, Workers: 4
[329.206s][debug][gc,phases      ] GC(17)     Total                          Min: 10368, Avg: 11526.8, Max: 12827, Diff: 2459, Sum: 46107, Workers: 4
[329.206s][debug][gc,phases      ] GC(17)   ResolvedMethodTable Weak       Min:  0.0, Avg:  0.0, Max:  0.0, Diff:  0.0, Sum:  0.2, Workers: 4
[329.206s][debug][gc,phases      ] GC(17)     Dead                           Min: 3, Avg:  8.2, Max: 16, Diff: 13, Sum: 33, Workers: 4
[329.206s][debug][gc,phases      ] GC(17)     Total                          Min: 3630, Avg: 3792.0, Max: 3980, Diff: 350, Sum: 15168, Workers: 4
[329.206s][debug][gc,phases      ] GC(17)   JNI Weak                       Min:  0.0, Avg:  0.0, Max:  0.0, Diff:  0.0, Sum:  0.0, Workers: 4
[329.206s][debug][gc,phases      ] GC(17)     Dead                           Min: 0, Avg:  0.0, Max: 0, Diff: 0, Sum: 0, Workers: 4
[329.206s][debug][gc,phases      ] GC(17)     Total                          Min: 0, Avg: 13.0, Max: 52, Diff: 52, Sum: 52, Workers: 4
[329.206s][debug][gc,phases      ] GC(17)   StringDedup Table Weak         Min:  0.0, Avg:  0.0, Max:  0.0, Diff:  0.0, Sum:  0.0, Workers: 4
[329.206s][debug][gc,phases      ] GC(17)     Dead                           Min: 0, Avg:  0.0, Max: 0, Diff: 0, Sum: 0, Workers: 4
[329.206s][debug][gc,phases      ] GC(17)     Total                          Min: 0, Avg:  0.0, Max: 0, Diff: 0, Sum: 0, Workers: 4
[329.206s][debug][gc,phases      ] GC(17)   StringDedup Requests0 Weak     Min:  0.0, Avg:  0.0, Max:  0.0, Diff:  0.0, Sum:  0.0, Workers: 4
[329.206s][debug][gc,phases      ] GC(17)     Dead                           Min: 0, Avg:  0.0, Max: 0, Diff: 0, Sum: 0, Workers: 4
[329.206s][debug][gc,phases      ] GC(17)     Total                          Min: 0, Avg:  0.0, Max: 0, Diff: 0, Sum: 0, Workers: 4
[329.206s][debug][gc,phases      ] GC(17)   StringDedup Requests1 Weak     Min:  0.0, Avg:  0.0, Max:  0.0, Diff:  0.0, Sum:  0.0, Workers: 4
[329.206s][debug][gc,phases      ] GC(17)     Dead                           Min: 0, Avg:  0.0, Max: 0, Diff: 0, Sum: 0, Workers: 4
[329.206s][debug][gc,phases      ] GC(17)     Total                          Min: 0, Avg:  0.0, Max: 0, Diff: 0, Sum: 0, Workers: 4
[329.206s][debug][gc,phases      ] GC(17)   Weak JFR Old Object Samples    Min:  0.0, Avg:  0.0, Max:  0.0, Diff:  0.0, Sum:  0.0, Workers: 4
[329.206s][debug][gc,phases      ] GC(17)     Dead                           Min: 0, Avg:  0.0, Max: 0, Diff: 0, Sum: 0, Workers: 4
[329.206s][debug][gc,phases      ] GC(17)     Total                          Min: 0, Avg:  0.0, Max: 0, Diff: 0, Sum: 0, Workers: 4
[329.206s][debug][gc,phases      ] GC(17) Weak Processing 0.396ms
[329.206s][debug][gc,age         ] GC(17) Desired survivor size 251658240 bytes, new threshold 1 (max threshold 15)
[329.206s][info ][gc,heap        ] GC(17) PSYoungGen: 1600440K(1847808K)->4258K(1846272K) Eden: 1596928K(1596928K)->0K(1596928K) From: 3512K(250880K)->4258K(249344K)
[329.206s][info ][gc,heap        ] GC(17) ParOldGen: 238704K(239104K)->239404K(239616K)
[329.206s][info ][gc,metaspace   ] GC(17) Metaspace: 105106K(106496K)->105106K(106496K) NonClass: 89107K(89856K)->89107K(89856K) Class: 15999K(16640K)->15999K(16640K)
[329.206s][info ][gc             ] GC(17) Pause Young (Allocation Failure) 1796M->237M(2037M) 4.977ms
[329.206s][info ][gc,cpu         ] GC(17) User=0.02s Sys=0.00s Real=0.00s
[329.206s][info ][safepoint      ] Safepoint "ParallelGCFailedAllocation", Time since last: 796194005 ns, Reaching safepoint: 83202 ns, Cleanup: 16600 ns, At safepoint: 5065386 ns, Total: 5165188 ns
[330.206s][info ][safepoint      ] Safepoint "Cleanup", Time since last: 1000094314 ns, Reaching safepoint: 8500 ns, Cleanup: 16900 ns, At safepoint: 7000 ns, Total: 32400 ns
[333.206s][info ][safepoint      ] Safepoint "Cleanup", Time since last: 3000266483 ns, Reaching safepoint: 79501 ns, Cleanup: 11800 ns, At safepoint: 2400 ns, Total: 93701 ns
[334.206s][info ][safepoint      ] Safepoint "Cleanup", Time since last: 1000117195 ns, Reaching safepoint: 7300 ns, Cleanup: 64401 ns, At safepoint: 2600 ns, Total: 74301 ns
[335.207s][info ][safepoint      ] Safepoint "Cleanup", Time since last: 1000132895 ns, Reaching safepoint: 8300 ns, Cleanup: 44201 ns, At safepoint: 2800 ns, Total: 55301 ns
[336.207s][info ][safepoint      ] Safepoint "Cleanup", Time since last: 1000131995 ns, Reaching safepoint: 8200 ns, Cleanup: 17400 ns, At safepoint: 3200 ns, Total: 28800 ns
[337.207s][info ][safepoint      ] Safepoint "Cleanup", Time since last: 1000121995 ns, Reaching safepoint: 7700 ns, Cleanup: 18600 ns, At safepoint: 2800 ns, Total: 29100 ns
[338.207s][info ][safepoint      ] Safepoint "Cleanup", Time since last: 1000117752 ns, Reaching safepoint: 6200 ns, Cleanup: 14800 ns, At safepoint: 2501 ns, Total: 23501 ns
[339.207s][info ][safepoint      ] Safepoint "Cleanup", Time since last: 1000145504 ns, Reaching safepoint: 8201 ns, Cleanup: 10600 ns, At safepoint: 3100 ns, Total: 21901 ns
[340.207s][info ][safepoint      ] Safepoint "Cleanup", Time since last: 1000124804 ns, Reaching safepoint: 7201 ns, Cleanup: 10900 ns, At safepoint: 2900 ns, Total: 21001 ns
[342.208s][info ][safepoint      ] Safepoint "Cleanup", Time since last: 2000189208 ns, Reaching safepoint: 7600 ns, Cleanup: 10201 ns, At safepoint: 2500 ns, Total: 20301 ns
[343.208s][info ][safepoint      ] Safepoint "Cleanup", Time since last: 1000113456 ns, Reaching safepoint: 6700 ns, Cleanup: 8900 ns, At safepoint: 2600 ns, Total: 18200 ns
[344.208s][info ][safepoint      ] Safepoint "Cleanup", Time since last: 1000113340 ns, Reaching safepoint: 7500 ns, Cleanup: 20201 ns, At safepoint: 3200 ns, Total: 30901 ns
[346.208s][info ][safepoint      ] Safepoint "Cleanup", Time since last: 2000185073 ns, Reaching safepoint: 7700 ns, Cleanup: 16000 ns, At safepoint: 2500 ns, Total: 26200 ns
[347.208s][info ][safepoint      ] Safepoint "Cleanup", Time since last: 1000118977 ns, Reaching safepoint: 7900 ns, Cleanup: 22600 ns, At safepoint: 2800 ns, Total: 33300 ns
[348.208s][info ][safepoint      ] Safepoint "Cleanup", Time since last: 1000122477 ns, Reaching safepoint: 8200 ns, Cleanup: 17100 ns, At safepoint: 2800 ns, Total: 28100 ns
[350.209s][info ][safepoint      ] Safepoint "Cleanup", Time since last: 2000187853 ns, Reaching safepoint: 7600 ns, Cleanup: 8900 ns, At safepoint: 2600 ns, Total: 19100 ns
[351.209s][info ][safepoint      ] Safepoint "Cleanup", Time since last: 1000114677 ns, Reaching safepoint: 7100 ns, Cleanup: 19700 ns, At safepoint: 2700 ns, Total: 29500 ns
[356.209s][info ][safepoint      ] Safepoint "Cleanup", Time since last: 5000384398 ns, Reaching safepoint: 7100 ns, Cleanup: 34501 ns, At safepoint: 2300 ns, Total: 43901 ns
[357.209s][info ][safepoint      ] Safepoint "Cleanup", Time since last: 1000117599 ns, Reaching safepoint: 6501 ns, Cleanup: 11300 ns, At safepoint: 2300 ns, Total: 20101 ns
[358.210s][info ][safepoint      ] Safepoint "Cleanup", Time since last: 1000115800 ns, Reaching safepoint: 7200 ns, Cleanup: 30100 ns, At safepoint: 3000 ns, Total: 40300 ns
[359.210s][info ][safepoint      ] Safepoint "Cleanup", Time since last: 1000111900 ns, Reaching safepoint: 6900 ns, Cleanup: 9900 ns, At safepoint: 2400 ns, Total: 19200 ns
[361.315s][info ][safepoint      ] Safepoint "Cleanup", Time since last: 2105173227 ns, Reaching safepoint: 7700 ns, Cleanup: 17500 ns, At safepoint: 2300 ns, Total: 27500 ns
[362.315s][info ][safepoint      ] Safepoint "Cleanup", Time since last: 1000116403 ns, Reaching safepoint: 7600 ns, Cleanup: 16900 ns, At safepoint: 2700 ns, Total: 27200 ns
[363.315s][info ][safepoint      ] Safepoint "Cleanup", Time since last: 1000121626 ns, Reaching safepoint: 9500 ns, Cleanup: 11600 ns, At safepoint: 3000 ns, Total: 24100 ns
[364.315s][info ][safepoint      ] Safepoint "Cleanup", Time since last: 1000120725 ns, Reaching safepoint: 7400 ns, Cleanup: 10900 ns, At safepoint: 2400 ns, Total: 20700 ns
[365.315s][info ][safepoint      ] Safepoint "Cleanup", Time since last: 1000121825 ns, Reaching safepoint: 9500 ns, Cleanup: 12700 ns, At safepoint: 2801 ns, Total: 25001 ns
[366.316s][info ][safepoint      ] Safepoint "Cleanup", Time since last: 1000127450 ns, Reaching safepoint: 7301 ns, Cleanup: 12400 ns, At safepoint: 2200 ns, Total: 21901 ns
[367.316s][info ][safepoint      ] Safepoint "Cleanup", Time since last: 1000115785 ns, Reaching safepoint: 7200 ns, Cleanup: 13700 ns, At safepoint: 2700 ns, Total: 23600 ns
[368.316s][info ][safepoint      ] Safepoint "Cleanup", Time since last: 1000133785 ns, Reaching safepoint: 8001 ns, Cleanup: 10200 ns, At safepoint: 2600 ns, Total: 20801 ns
[369.316s][info ][safepoint      ] Safepoint "Cleanup", Time since last: 1000121885 ns, Reaching safepoint: 7200 ns, Cleanup: 10100 ns, At safepoint: 2900 ns, Total: 20200 ns
[370.316s][info ][safepoint      ] Safepoint "Cleanup", Time since last: 1000131983 ns, Reaching safepoint: 7401 ns, Cleanup: 13900 ns, At safepoint: 2400 ns, Total: 23701 ns
[371.316s][info ][safepoint      ] Safepoint "Cleanup", Time since last: 1000116246 ns, Reaching safepoint: 84702 ns, Cleanup: 14000 ns, At safepoint: 9500 ns, Total: 108202 ns
[372.317s][info ][safepoint      ] Safepoint "Cleanup", Time since last: 1000114446 ns, Reaching safepoint: 8000 ns, Cleanup: 9901 ns, At safepoint: 2500 ns, Total: 20401 ns
[373.317s][info ][safepoint      ] Safepoint "Cleanup", Time since last: 1000124946 ns, Reaching safepoint: 7300 ns, Cleanup: 8300 ns, At safepoint: 2701 ns, Total: 18301 ns
[375.317s][info ][safepoint      ] Safepoint "Cleanup", Time since last: 2000206392 ns, Reaching safepoint: 7800 ns, Cleanup: 10500 ns, At safepoint: 2400 ns, Total: 20700 ns
[378.317s][info ][safepoint      ] Safepoint "Cleanup", Time since last: 3000263039 ns, Reaching safepoint: 6600 ns, Cleanup: 12101 ns, At safepoint: 2600 ns, Total: 21301 ns
[378.898s][info ][gc,start       ] GC(18) Pause Young (Allocation Failure)
[378.904s][debug][gc,phases      ] GC(18) Scavenge 5.432ms
[378.904s][debug][gc,ref         ] GC(18) ReferenceProcessor::execute queues: 1, RefProcThreadModel::Single, marks_oops_alive: false
[378.904s][debug][gc,ref         ] GC(18) Skipped KeepAliveFinalRefsPhase of Reference Processing: no references
[378.904s][debug][gc,ref         ] GC(18) ReferenceProcessor::execute queues: 1, RefProcThreadModel::Single, marks_oops_alive: false
[378.904s][debug][gc,phases      ] GC(18) Reference Processing 0.120ms
[378.904s][debug][gc,phases      ] GC(18)   VM Weak                        Min:  0.0, Avg:  0.0, Max:  0.0, Diff:  0.0, Sum:  0.0, Workers: 4
[378.904s][debug][gc,phases      ] GC(18)     Dead                           Min: 0, Avg:  0.0, Max: 0, Diff: 0, Sum: 0, Workers: 4
[378.904s][debug][gc,phases      ] GC(18)     Total                          Min: 0, Avg: 253.5, Max: 704, Diff: 704, Sum: 1014, Workers: 4
[378.904s][debug][gc,phases      ] GC(18)   ObjectSynchronizer Weak        Min:  0.0, Avg:  0.0, Max:  0.0, Diff:  0.0, Sum:  0.0, Workers: 4
[378.904s][debug][gc,phases      ] GC(18)     Dead                           Min: 0, Avg:  0.0, Max: 0, Diff: 0, Sum: 0, Workers: 4
[378.904s][debug][gc,phases      ] GC(18)     Total                          Min: 0, Avg:  1.0, Max: 4, Diff: 4, Sum: 4, Workers: 4
[378.904s][debug][gc,phases      ] GC(18)   JVMTI Tag Weak OopStorage      Min:  0.0, Avg:  0.0, Max:  0.0, Diff:  0.0, Sum:  0.0, Workers: 4
[378.904s][debug][gc,phases      ] GC(18)     Dead                           Min: 0, Avg:  0.0, Max: 0, Diff: 0, Sum: 0, Workers: 4
[378.904s][debug][gc,phases      ] GC(18)     Total                          Min: 0, Avg:  0.0, Max: 0, Diff: 0, Sum: 0, Workers: 4
[378.904s][debug][gc,phases      ] GC(18)   StringTable Weak               Min:  0.0, Avg:  0.1, Max:  0.2, Diff:  0.2, Sum:  0.5, Workers: 4
[378.904s][debug][gc,phases      ] GC(18)     Dead                           Min: 0, Avg:  0.0, Max: 0, Diff: 0, Sum: 0, Workers: 4
[378.904s][debug][gc,phases      ] GC(18)     Total                          Min: 0, Avg: 11531.0, Max: 16128, Diff: 16128, Sum: 46124, Workers: 4
[378.904s][debug][gc,phases      ] GC(18)   ResolvedMethodTable Weak       Min:  0.0, Avg:  0.0, Max:  0.1, Diff:  0.1, Sum:  0.2, Workers: 4
[378.904s][debug][gc,phases      ] GC(18)     Dead                           Min: 0, Avg:  4.0, Max: 9, Diff: 9, Sum: 16, Workers: 4
[378.904s][debug][gc,phases      ] GC(18)     Total                          Min: 0, Avg: 3795.0, Max: 5284, Diff: 5284, Sum: 15180, Workers: 4
[378.904s][debug][gc,phases      ] GC(18)   JNI Weak                       Min:  0.0, Avg:  0.0, Max:  0.0, Diff:  0.0, Sum:  0.0, Workers: 4
[378.904s][debug][gc,phases      ] GC(18)     Dead                           Min: 0, Avg:  0.0, Max: 0, Diff: 0, Sum: 0, Workers: 4
[378.904s][debug][gc,phases      ] GC(18)     Total                          Min: 0, Avg: 13.0, Max: 52, Diff: 52, Sum: 52, Workers: 4
[378.904s][debug][gc,phases      ] GC(18)   StringDedup Table Weak         Min:  0.0, Avg:  0.0, Max:  0.0, Diff:  0.0, Sum:  0.0, Workers: 4
[378.904s][debug][gc,phases      ] GC(18)     Dead                           Min: 0, Avg:  0.0, Max: 0, Diff: 0, Sum: 0, Workers: 4
[378.904s][debug][gc,phases      ] GC(18)     Total                          Min: 0, Avg:  0.0, Max: 0, Diff: 0, Sum: 0, Workers: 4
[378.904s][debug][gc,phases      ] GC(18)   StringDedup Requests0 Weak     Min:  0.0, Avg:  0.0, Max:  0.0, Diff:  0.0, Sum:  0.0, Workers: 4
[378.904s][debug][gc,phases      ] GC(18)     Dead                           Min: 0, Avg:  0.0, Max: 0, Diff: 0, Sum: 0, Workers: 4
[378.904s][debug][gc,phases      ] GC(18)     Total                          Min: 0, Avg:  0.0, Max: 0, Diff: 0, Sum: 0, Workers: 4
[378.905s][debug][gc,phases      ] GC(18)   StringDedup Requests1 Weak     Min:  0.0, Avg:  0.0, Max:  0.0, Diff:  0.0, Sum:  0.0, Workers: 4
[378.905s][debug][gc,phases      ] GC(18)     Dead                           Min: 0, Avg:  0.0, Max: 0, Diff: 0, Sum: 0, Workers: 4
[378.905s][debug][gc,phases      ] GC(18)     Total                          Min: 0, Avg:  0.0, Max: 0, Diff: 0, Sum: 0, Workers: 4
[378.905s][debug][gc,phases      ] GC(18)   Weak JFR Old Object Samples    Min:  0.0, Avg:  0.0, Max:  0.0, Diff:  0.0, Sum:  0.0, Workers: 4
[378.905s][debug][gc,phases      ] GC(18)     Dead                           Min: 0, Avg:  0.0, Max: 0, Diff: 0, Sum: 0, Workers: 4
[378.905s][debug][gc,phases      ] GC(18)     Total                          Min: 0, Avg:  0.0, Max: 0, Diff: 0, Sum: 0, Workers: 4
[378.905s][debug][gc,phases      ] GC(18) Weak Processing 0.453ms
[378.905s][debug][gc,age         ] GC(18) Desired survivor size 245366784 bytes, new threshold 1 (max threshold 15)
[378.905s][info ][gc,heap        ] GC(18) PSYoungGen: 1601186K(1846272K)->6521K(1857536K) Eden: 1596928K(1596928K)->0K(1611776K) From: 4258K(249344K)->6521K(245760K)
[378.905s][info ][gc,heap        ] GC(18) ParOldGen: 239404K(239616K)->240367K(240640K)
[378.905s][info ][gc,metaspace   ] GC(18) Metaspace: 105179K(106560K)->105179K(106560K) NonClass: 89175K(89920K)->89175K(89920K) Class: 16003K(16640K)->16003K(16640K)
[378.905s][info ][gc             ] GC(18) Pause Young (Allocation Failure) 1797M->241M(2049M) 6.155ms
[378.905s][info ][gc,cpu         ] GC(18) User=0.02s Sys=0.00s Real=0.01s
[378.905s][info ][safepoint      ] Safepoint "ParallelGCFailedAllocation", Time since last: 581208776 ns, Reaching safepoint: 7100 ns, Cleanup: 4700 ns, At safepoint: 6234378 ns, Total: 6246178 ns
[379.905s][info ][safepoint      ] Safepoint "Cleanup", Time since last: 1000096020 ns, Reaching safepoint: 6500 ns, Cleanup: 10300 ns, At safepoint: 2500 ns, Total: 19300 ns
[381.905s][info ][safepoint      ] Safepoint "Cleanup", Time since last: 2000191340 ns, Reaching safepoint: 6700 ns, Cleanup: 10100 ns, At safepoint: 2300 ns, Total: 19100 ns
[383.905s][info ][safepoint      ] Safepoint "Cleanup", Time since last: 2000205351 ns, Reaching safepoint: 84901 ns, Cleanup: 20701 ns, At safepoint: 7900 ns, Total: 113502 ns
[387.906s][info ][safepoint      ] Safepoint "Cleanup", Time since last: 4000342808 ns, Reaching safepoint: 6601 ns, Cleanup: 10600 ns, At safepoint: 2700 ns, Total: 19901 ns
[388.906s][info ][safepoint      ] Safepoint "Cleanup", Time since last: 1000120747 ns, Reaching safepoint: 9100 ns, Cleanup: 15400 ns, At safepoint: 3000 ns, Total: 27500 ns
[390.906s][info ][safepoint      ] Safepoint "Cleanup", Time since last: 2000182493 ns, Reaching safepoint: 5501 ns, Cleanup: 6700 ns, At safepoint: 2400 ns, Total: 14601 ns
[391.906s][info ][safepoint      ] Safepoint "Cleanup", Time since last: 1000108947 ns, Reaching safepoint: 7600 ns, Cleanup: 8000 ns, At safepoint: 3100 ns, Total: 18700 ns
[392.906s][info ][safepoint      ] Safepoint "Cleanup", Time since last: 1000118147 ns, Reaching safepoint: 7100 ns, Cleanup: 20400 ns, At safepoint: 2500 ns, Total: 30000 ns
[394.906s][info ][safepoint      ] Safepoint "Cleanup", Time since last: 2000185721 ns, Reaching safepoint: 6700 ns, Cleanup: 10200 ns, At safepoint: 2600 ns, Total: 19500 ns
[395.907s][info ][safepoint      ] Safepoint "Cleanup", Time since last: 1000129485 ns, Reaching safepoint: 77101 ns, Cleanup: 33201 ns, At safepoint: 9000 ns, Total: 119302 ns
[396.907s][info ][safepoint      ] Safepoint "Cleanup", Time since last: 1000114285 ns, Reaching safepoint: 7000 ns, Cleanup: 25401 ns, At safepoint: 2900 ns, Total: 35301 ns
[397.907s][info ][safepoint      ] Safepoint "Cleanup", Time since last: 1000115685 ns, Reaching safepoint: 6800 ns, Cleanup: 7700 ns, At safepoint: 2600 ns, Total: 17100 ns
[398.907s][info ][safepoint      ] Safepoint "Cleanup", Time since last: 1000114785 ns, Reaching safepoint: 6601 ns, Cleanup: 11400 ns, At safepoint: 2600 ns, Total: 20601 ns
[399.907s][info ][safepoint      ] Safepoint "Cleanup", Time since last: 1000128485 ns, Reaching safepoint: 6400 ns, Cleanup: 8700 ns, At safepoint: 2600 ns, Total: 17700 ns
[403.908s][info ][safepoint      ] Safepoint "Cleanup", Time since last: 4000338051 ns, Reaching safepoint: 6900 ns, Cleanup: 12300 ns, At safepoint: 2900 ns, Total: 22100 ns
[405.908s][info ][safepoint      ] Safepoint "Cleanup", Time since last: 2000196283 ns, Reaching safepoint: 5800 ns, Cleanup: 10200 ns, At safepoint: 2600 ns, Total: 18600 ns
[406.908s][info ][safepoint      ] Safepoint "Cleanup", Time since last: 1000114942 ns, Reaching safepoint: 81401 ns, Cleanup: 8300 ns, At safepoint: 7100 ns, Total: 96801 ns
[409.908s][info ][safepoint      ] Safepoint "Cleanup", Time since last: 3000250703 ns, Reaching safepoint: 7601 ns, Cleanup: 18800 ns, At safepoint: 2900 ns, Total: 29301 ns
[410.908s][info ][safepoint      ] Safepoint "Cleanup", Time since last: 1000118157 ns, Reaching safepoint: 6600 ns, Cleanup: 14600 ns, At safepoint: 2800 ns, Total: 24000 ns
[411.909s][info ][safepoint      ] Safepoint "Cleanup", Time since last: 1000114756 ns, Reaching safepoint: 7001 ns, Cleanup: 10600 ns, At safepoint: 2600 ns, Total: 20201 ns
[413.909s][info ][safepoint      ] Safepoint "Cleanup", Time since last: 2000192513 ns, Reaching safepoint: 7700 ns, Cleanup: 11500 ns, At safepoint: 2800 ns, Total: 22000 ns
[414.909s][info ][safepoint      ] Safepoint "Cleanup", Time since last: 1000128157 ns, Reaching safepoint: 6600 ns, Cleanup: 12800 ns, At safepoint: 2700 ns, Total: 22100 ns
[419.909s][info ][safepoint      ] Safepoint "Cleanup", Time since last: 5000413740 ns, Reaching safepoint: 7500 ns, Cleanup: 11900 ns, At safepoint: 2700 ns, Total: 22100 ns
[424.332s][info ][safepoint      ] Safepoint "Cleanup", Time since last: 4422886412 ns, Reaching safepoint: 7100 ns, Cleanup: 15300 ns, At safepoint: 2200 ns, Total: 24600 ns
[427.333s][info ][safepoint      ] Safepoint "Cleanup", Time since last: 3000274183 ns, Reaching safepoint: 6400 ns, Cleanup: 10300 ns, At safepoint: 2100 ns, Total: 18800 ns
[430.333s][info ][safepoint      ] Safepoint "Cleanup", Time since last: 3000253625 ns, Reaching safepoint: 6000 ns, Cleanup: 13600 ns, At safepoint: 2500 ns, Total: 22100 ns
[431.333s][info ][safepoint      ] Safepoint "Cleanup", Time since last: 1000115375 ns, Reaching safepoint: 4600 ns, Cleanup: 10601 ns, At safepoint: 2200 ns, Total: 17401 ns
[432.333s][info ][safepoint      ] Safepoint "Cleanup", Time since last: 1000102575 ns, Reaching safepoint: 6400 ns, Cleanup: 11200 ns, At safepoint: 2700 ns, Total: 20300 ns
[433.333s][info ][safepoint      ] Safepoint "Cleanup", Time since last: 1000115475 ns, Reaching safepoint: 6400 ns, Cleanup: 11100 ns, At safepoint: 2500 ns, Total: 20000 ns
[433.402s][info ][gc,start       ] GC(19) Pause Young (Allocation Failure)
[433.407s][debug][gc,phases      ] GC(19) Scavenge 4.679ms
[433.407s][debug][gc,ref         ] GC(19) ReferenceProcessor::execute queues: 1, RefProcThreadModel::Single, marks_oops_alive: false
[433.407s][debug][gc,ref         ] GC(19) Skipped KeepAliveFinalRefsPhase of Reference Processing: no references
[433.407s][debug][gc,ref         ] GC(19) ReferenceProcessor::execute queues: 1, RefProcThreadModel::Single, marks_oops_alive: false
[433.407s][debug][gc,phases      ] GC(19) Reference Processing 0.126ms
[433.407s][debug][gc,phases      ] GC(19)   VM Weak                        Min:  0.0, Avg:  0.0, Max:  0.0, Diff:  0.0, Sum:  0.0, Workers: 4
[433.407s][debug][gc,phases      ] GC(19)     Dead                           Min: 0, Avg:  0.0, Max: 0, Diff: 0, Sum: 0, Workers: 4
[433.407s][debug][gc,phases      ] GC(19)     Total                          Min: 0, Avg: 254.2, Max: 576, Diff: 576, Sum: 1017, Workers: 4
[433.407s][debug][gc,phases      ] GC(19)   ObjectSynchronizer Weak        Min:  0.0, Avg:  0.0, Max:  0.0, Diff:  0.0, Sum:  0.0, Workers: 4
[433.407s][debug][gc,phases      ] GC(19)     Dead                           Min: 0, Avg:  0.0, Max: 0, Diff: 0, Sum: 0, Workers: 4
[433.407s][debug][gc,phases      ] GC(19)     Total                          Min: 0, Avg:  1.0, Max: 4, Diff: 4, Sum: 4, Workers: 4
[433.407s][debug][gc,phases      ] GC(19)   JVMTI Tag Weak OopStorage      Min:  0.0, Avg:  0.0, Max:  0.0, Diff:  0.0, Sum:  0.0, Workers: 4
[433.407s][debug][gc,phases      ] GC(19)     Dead                           Min: 0, Avg:  0.0, Max: 0, Diff: 0, Sum: 0, Workers: 4
[433.407s][debug][gc,phases      ] GC(19)     Total                          Min: 0, Avg:  0.0, Max: 0, Diff: 0, Sum: 0, Workers: 4
[433.407s][debug][gc,phases      ] GC(19)   StringTable Weak               Min:  0.0, Avg:  0.1, Max:  0.1, Diff:  0.1, Sum:  0.4, Workers: 4
[433.407s][debug][gc,phases      ] GC(19)     Dead                           Min: 0, Avg:  0.0, Max: 0, Diff: 0, Sum: 0, Workers: 4
[433.408s][debug][gc,phases      ] GC(19)     Total                          Min: 0, Avg: 11535.2, Max: 16192, Diff: 16192, Sum: 46141, Workers: 4
[433.408s][debug][gc,phases      ] GC(19)   ResolvedMethodTable Weak       Min:  0.0, Avg:  0.0, Max:  0.1, Diff:  0.1, Sum:  0.2, Workers: 4
[433.408s][debug][gc,phases      ] GC(19)     Dead                           Min: 0, Avg:  4.0, Max: 12, Diff: 12, Sum: 16, Workers: 4
[433.408s][debug][gc,phases      ] GC(19)     Total                          Min: 0, Avg: 3796.5, Max: 5437, Diff: 5437, Sum: 15186, Workers: 4
[433.408s][debug][gc,phases      ] GC(19)   JNI Weak                       Min:  0.0, Avg:  0.0, Max:  0.0, Diff:  0.0, Sum:  0.0, Workers: 4
[433.408s][debug][gc,phases      ] GC(19)     Dead                           Min: 0, Avg:  0.0, Max: 0, Diff: 0, Sum: 0, Workers: 4
[433.408s][debug][gc,phases      ] GC(19)     Total                          Min: 0, Avg: 13.0, Max: 52, Diff: 52, Sum: 52, Workers: 4
[433.408s][debug][gc,phases      ] GC(19)   StringDedup Table Weak         Min:  0.0, Avg:  0.0, Max:  0.0, Diff:  0.0, Sum:  0.0, Workers: 4
[433.408s][debug][gc,phases      ] GC(19)     Dead                           Min: 0, Avg:  0.0, Max: 0, Diff: 0, Sum: 0, Workers: 4
[433.408s][debug][gc,phases      ] GC(19)     Total                          Min: 0, Avg:  0.0, Max: 0, Diff: 0, Sum: 0, Workers: 4
[433.408s][debug][gc,phases      ] GC(19)   StringDedup Requests0 Weak     Min:  0.0, Avg:  0.0, Max:  0.0, Diff:  0.0, Sum:  0.0, Workers: 4
[433.408s][debug][gc,phases      ] GC(19)     Dead                           Min: 0, Avg:  0.0, Max: 0, Diff: 0, Sum: 0, Workers: 4
[433.408s][debug][gc,phases      ] GC(19)     Total                          Min: 0, Avg:  0.0, Max: 0, Diff: 0, Sum: 0, Workers: 4
[433.408s][debug][gc,phases      ] GC(19)   StringDedup Requests1 Weak     Min:  0.0, Avg:  0.0, Max:  0.0, Diff:  0.0, Sum:  0.0, Workers: 4
[433.408s][debug][gc,phases      ] GC(19)     Dead                           Min: 0, Avg:  0.0, Max: 0, Diff: 0, Sum: 0, Workers: 4
[433.408s][debug][gc,phases      ] GC(19)     Total                          Min: 0, Avg:  0.0, Max: 0, Diff: 0, Sum: 0, Workers: 4
[433.408s][debug][gc,phases      ] GC(19)   Weak JFR Old Object Samples    Min:  0.0, Avg:  0.0, Max:  0.0, Diff:  0.0, Sum:  0.0, Workers: 4
[433.408s][debug][gc,phases      ] GC(19)     Dead                           Min: 0, Avg:  0.0, Max: 0, Diff: 0, Sum: 0, Workers: 4
[433.408s][debug][gc,phases      ] GC(19)     Total                          Min: 0, Avg:  0.0, Max: 0, Diff: 0, Sum: 0, Workers: 4
[433.408s][debug][gc,phases      ] GC(19) Weak Processing 0.436ms
[433.408s][debug][gc,age         ] GC(19) Desired survivor size 238551040 bytes, new threshold 1 (max threshold 15)
[433.408s][info ][gc,heap        ] GC(19) PSYoungGen: 1618297K(1857536K)->3248K(1851392K) Eden: 1611776K(1611776K)->0K(1611776K) From: 6521K(245760K)->3248K(239616K)
[433.408s][info ][gc,heap        ] GC(19) ParOldGen: 240367K(240640K)->244040K(244224K)
[433.408s][info ][gc,metaspace   ] GC(19) Metaspace: 105276K(106688K)->105276K(106688K) NonClass: 89270K(90048K)->89270K(90048K) Class: 16005K(16640K)->16005K(16640K)
[433.408s][info ][gc             ] GC(19) Pause Young (Allocation Failure) 1815M->241M(2046M) 5.387ms
[433.408s][info ][gc,cpu         ] GC(19) User=0.02s Sys=0.00s Real=0.00s
[433.408s][info ][safepoint      ] Safepoint "ParallelGCFailedAllocation", Time since last: 68941122 ns, Reaching safepoint: 6500 ns, Cleanup: 4701 ns, At safepoint: 5466173 ns, Total: 5477374 ns
[434.408s][info ][safepoint      ] Safepoint "Cleanup", Time since last: 1000118406 ns, Reaching safepoint: 7400 ns, Cleanup: 10600 ns, At safepoint: 3200 ns, Total: 21200 ns
[435.408s][info ][safepoint      ] Safepoint "Cleanup", Time since last: 1000118207 ns, Reaching safepoint: 7300 ns, Cleanup: 10000 ns, At safepoint: 2500 ns, Total: 19800 ns
[436.408s][info ][safepoint      ] Safepoint "Cleanup", Time since last: 1000122007 ns, Reaching safepoint: 7400 ns, Cleanup: 12100 ns, At safepoint: 2500 ns, Total: 22000 ns
[437.408s][info ][safepoint      ] Safepoint "Cleanup", Time since last: 1000121006 ns, Reaching safepoint: 6800 ns, Cleanup: 24401 ns, At safepoint: 2400 ns, Total: 33601 ns
[438.408s][info ][safepoint      ] Safepoint "Cleanup", Time since last: 1000122006 ns, Reaching safepoint: 6800 ns, Cleanup: 12401 ns, At safepoint: 2600 ns, Total: 21801 ns
[440.409s][info ][safepoint      ] Safepoint "Cleanup", Time since last: 2000189012 ns, Reaching safepoint: 6800 ns, Cleanup: 10300 ns, At safepoint: 2600 ns, Total: 19700 ns
[442.409s][info ][safepoint      ] Safepoint "Cleanup", Time since last: 2000195393 ns, Reaching safepoint: 7000 ns, Cleanup: 14600 ns, At safepoint: 2500 ns, Total: 24100 ns
[444.409s][info ][safepoint      ] Safepoint "Cleanup", Time since last: 2000193010 ns, Reaching safepoint: 7500 ns, Cleanup: 15301 ns, At safepoint: 2700 ns, Total: 25501 ns
[445.409s][info ][safepoint      ] Safepoint "Cleanup", Time since last: 1000119108 ns, Reaching safepoint: 7100 ns, Cleanup: 10800 ns, At safepoint: 3100 ns, Total: 21000 ns
[446.409s][info ][safepoint      ] Safepoint "Cleanup", Time since last: 1000115182 ns, Reaching safepoint: 6400 ns, Cleanup: 15201 ns, At safepoint: 2200 ns, Total: 23801 ns
[447.410s][info ][safepoint      ] Safepoint "Cleanup", Time since last: 1000121082 ns, Reaching safepoint: 8000 ns, Cleanup: 13200 ns, At safepoint: 28901 ns, Total: 50101 ns
[449.410s][info ][safepoint      ] Safepoint "Cleanup", Time since last: 2000175764 ns, Reaching safepoint: 7000 ns, Cleanup: 11200 ns, At safepoint: 2400 ns, Total: 20600 ns
[450.410s][info ][safepoint      ] Safepoint "Cleanup", Time since last: 1000119804 ns, Reaching safepoint: 6300 ns, Cleanup: 11000 ns, At safepoint: 2400 ns, Total: 19700 ns
[451.410s][info ][safepoint      ] Safepoint "Cleanup", Time since last: 1000126739 ns, Reaching safepoint: 7301 ns, Cleanup: 13100 ns, At safepoint: 2700 ns, Total: 23101 ns
[452.410s][info ][safepoint      ] Safepoint "Cleanup", Time since last: 1000115739 ns, Reaching safepoint: 6800 ns, Cleanup: 11000 ns, At safepoint: 2600 ns, Total: 20400 ns
[453.410s][info ][safepoint      ] Safepoint "Cleanup", Time since last: 1000126839 ns, Reaching safepoint: 7001 ns, Cleanup: 10500 ns, At safepoint: 2100 ns, Total: 19601 ns
[454.410s][info ][safepoint      ] Safepoint "Cleanup", Time since last: 1000121639 ns, Reaching safepoint: 7200 ns, Cleanup: 11100 ns, At safepoint: 2300 ns, Total: 20600 ns
[455.411s][info ][safepoint      ] Safepoint "Cleanup", Time since last: 1000117739 ns, Reaching safepoint: 7100 ns, Cleanup: 10601 ns, At safepoint: 2300 ns, Total: 20001 ns
[457.411s][info ][safepoint      ] Safepoint "Cleanup", Time since last: 2000209478 ns, Reaching safepoint: 7700 ns, Cleanup: 10200 ns, At safepoint: 2300 ns, Total: 20200 ns
[458.411s][info ][safepoint      ] Safepoint "Cleanup", Time since last: 1000112723 ns, Reaching safepoint: 6600 ns, Cleanup: 9200 ns, At safepoint: 2400 ns, Total: 18200 ns
[459.411s][info ][safepoint      ] Safepoint "Cleanup", Time since last: 1000127536 ns, Reaching safepoint: 7200 ns, Cleanup: 12301 ns, At safepoint: 2600 ns, Total: 22101 ns
[461.411s][info ][safepoint      ] Safepoint "Cleanup", Time since last: 2000193371 ns, Reaching safepoint: 7000 ns, Cleanup: 10400 ns, At safepoint: 2400 ns, Total: 19800 ns
[464.412s][info ][safepoint      ] Safepoint "Cleanup", Time since last: 3000265707 ns, Reaching safepoint: 6700 ns, Cleanup: 13600 ns, At safepoint: 2700 ns, Total: 23000 ns
[465.412s][info ][safepoint      ] Safepoint "Cleanup", Time since last: 1000121836 ns, Reaching safepoint: 26500 ns, Cleanup: 12900 ns, At safepoint: 3601 ns, Total: 43001 ns
[467.412s][info ][safepoint      ] Safepoint "Cleanup", Time since last: 2000196908 ns, Reaching safepoint: 7300 ns, Cleanup: 11401 ns, At safepoint: 2600 ns, Total: 21301 ns
[470.412s][info ][safepoint      ] Safepoint "Cleanup", Time since last: 3000259492 ns, Reaching safepoint: 6700 ns, Cleanup: 9301 ns, At safepoint: 2300 ns, Total: 18301 ns
[471.412s][info ][safepoint      ] Safepoint "Cleanup", Time since last: 1000120331 ns, Reaching safepoint: 7100 ns, Cleanup: 10400 ns, At safepoint: 2400 ns, Total: 19900 ns
[472.413s][info ][safepoint      ] Safepoint "Cleanup", Time since last: 1000115232 ns, Reaching safepoint: 7000 ns, Cleanup: 13200 ns, At safepoint: 2300 ns, Total: 22500 ns
[474.413s][info ][safepoint      ] Safepoint "Cleanup", Time since last: 2000184107 ns, Reaching safepoint: 7600 ns, Cleanup: 10701 ns, At safepoint: 2500 ns, Total: 20801 ns
[475.413s][info ][safepoint      ] Safepoint "Cleanup", Time since last: 1000131143 ns, Reaching safepoint: 8700 ns, Cleanup: 13200 ns, At safepoint: 2800 ns, Total: 24700 ns
[476.413s][info ][safepoint      ] Safepoint "Cleanup", Time since last: 1000128644 ns, Reaching safepoint: 8300 ns, Cleanup: 13000 ns, At safepoint: 2800 ns, Total: 24100 ns
[489.352s][info ][safepoint      ] Safepoint "Cleanup", Time since last: 12938725584 ns, Reaching safepoint: 80901 ns, Cleanup: 11400 ns, At safepoint: 7001 ns, Total: 99302 ns
[489.601s][info ][gc,start       ] GC(20) Pause Young (Allocation Failure)
[489.606s][debug][gc,phases      ] GC(20) Scavenge 4.341ms
[489.606s][debug][gc,ref         ] GC(20) ReferenceProcessor::execute queues: 1, RefProcThreadModel::Single, marks_oops_alive: false
[489.606s][debug][gc,ref         ] GC(20) Skipped KeepAliveFinalRefsPhase of Reference Processing: no references
[489.606s][debug][gc,ref         ] GC(20) ReferenceProcessor::execute queues: 1, RefProcThreadModel::Single, marks_oops_alive: false
[489.606s][debug][gc,phases      ] GC(20) Reference Processing 0.115ms
[489.606s][debug][gc,phases      ] GC(20)   VM Weak                        Min:  0.0, Avg:  0.0, Max:  0.0, Diff:  0.0, Sum:  0.0, Workers: 4
[489.606s][debug][gc,phases      ] GC(20)     Dead                           Min: 0, Avg:  0.0, Max: 0, Diff: 0, Sum: 0, Workers: 4
[489.606s][debug][gc,phases      ] GC(20)     Total                          Min: 0, Avg: 254.2, Max: 889, Diff: 889, Sum: 1017, Workers: 4
[489.606s][debug][gc,phases      ] GC(20)   ObjectSynchronizer Weak        Min:  0.0, Avg:  0.0, Max:  0.0, Diff:  0.0, Sum:  0.0, Workers: 4
[489.606s][debug][gc,phases      ] GC(20)     Dead                           Min: 0, Avg:  0.0, Max: 0, Diff: 0, Sum: 0, Workers: 4
[489.606s][debug][gc,phases      ] GC(20)     Total                          Min: 0, Avg:  0.8, Max: 3, Diff: 3, Sum: 3, Workers: 4
[489.606s][debug][gc,phases      ] GC(20)   JVMTI Tag Weak OopStorage      Min:  0.0, Avg:  0.0, Max:  0.0, Diff:  0.0, Sum:  0.0, Workers: 4
[489.606s][debug][gc,phases      ] GC(20)     Dead                           Min: 0, Avg:  0.0, Max: 0, Diff: 0, Sum: 0, Workers: 4
[489.606s][debug][gc,phases      ] GC(20)     Total                          Min: 0, Avg:  0.0, Max: 0, Diff: 0, Sum: 0, Workers: 4
[489.606s][debug][gc,phases      ] GC(20)   StringTable Weak               Min:  0.0, Avg:  0.1, Max:  0.1, Diff:  0.1, Sum:  0.4, Workers: 4
[489.606s][debug][gc,phases      ] GC(20)     Dead                           Min: 0, Avg:  0.5, Max: 1, Diff: 1, Sum: 2, Workers: 4
[489.606s][debug][gc,phases      ] GC(20)     Total                          Min: 0, Avg: 11537.8, Max: 16200, Diff: 16200, Sum: 46151, Workers: 4
[489.606s][debug][gc,phases      ] GC(20)   ResolvedMethodTable Weak       Min:  0.0, Avg:  0.0, Max:  0.1, Diff:  0.1, Sum:  0.2, Workers: 4
[489.606s][debug][gc,phases      ] GC(20)     Dead                           Min: 0, Avg:  4.2, Max: 8, Diff: 8, Sum: 17, Workers: 4
[489.606s][debug][gc,phases      ] GC(20)     Total                          Min: 0, Avg: 3799.5, Max: 5755, Diff: 5755, Sum: 15198, Workers: 4
[489.606s][debug][gc,phases      ] GC(20)   JNI Weak                       Min:  0.0, Avg:  0.0, Max:  0.0, Diff:  0.0, Sum:  0.0, Workers: 4
[489.606s][debug][gc,phases      ] GC(20)     Dead                           Min: 0, Avg:  0.0, Max: 0, Diff: 0, Sum: 0, Workers: 4
[489.606s][debug][gc,phases      ] GC(20)     Total                          Min: 0, Avg: 13.0, Max: 52, Diff: 52, Sum: 52, Workers: 4
[489.606s][debug][gc,phases      ] GC(20)   StringDedup Table Weak         Min:  0.0, Avg:  0.0, Max:  0.0, Diff:  0.0, Sum:  0.0, Workers: 4
[489.606s][debug][gc,phases      ] GC(20)     Dead                           Min: 0, Avg:  0.0, Max: 0, Diff: 0, Sum: 0, Workers: 4
[489.606s][debug][gc,phases      ] GC(20)     Total                          Min: 0, Avg:  0.0, Max: 0, Diff: 0, Sum: 0, Workers: 4
[489.606s][debug][gc,phases      ] GC(20)   StringDedup Requests0 Weak     Min:  0.0, Avg:  0.0, Max:  0.0, Diff:  0.0, Sum:  0.0, Workers: 4
[489.606s][debug][gc,phases      ] GC(20)     Dead                           Min: 0, Avg:  0.0, Max: 0, Diff: 0, Sum: 0, Workers: 4
[489.606s][debug][gc,phases      ] GC(20)     Total                          Min: 0, Avg:  0.0, Max: 0, Diff: 0, Sum: 0, Workers: 4
[489.606s][debug][gc,phases      ] GC(20)   StringDedup Requests1 Weak     Min:  0.0, Avg:  0.0, Max:  0.0, Diff:  0.0, Sum:  0.0, Workers: 4
[489.606s][debug][gc,phases      ] GC(20)     Dead                           Min: 0, Avg:  0.0, Max: 0, Diff: 0, Sum: 0, Workers: 4
[489.606s][debug][gc,phases      ] GC(20)     Total                          Min: 0, Avg:  0.0, Max: 0, Diff: 0, Sum: 0, Workers: 4
[489.606s][debug][gc,phases      ] GC(20)   Weak JFR Old Object Samples    Min:  0.0, Avg:  0.0, Max:  0.0, Diff:  0.0, Sum:  0.0, Workers: 4
[489.606s][debug][gc,phases      ] GC(20)     Dead                           Min: 0, Avg:  0.0, Max: 0, Diff: 0, Sum: 0, Workers: 4
[489.606s][debug][gc,phases      ] GC(20)     Total                          Min: 0, Avg:  0.0, Max: 0, Diff: 0, Sum: 0, Workers: 4
[489.606s][debug][gc,phases      ] GC(20) Weak Processing 0.454ms
[489.606s][debug][gc,age         ] GC(20) Desired survivor size 230686720 bytes, new threshold 1 (max threshold 15)
[489.606s][info ][gc,heap        ] GC(20) PSYoungGen: 1615024K(1851392K)->4121K(1871872K) Eden: 1611776K(1611776K)->0K(1638912K) From: 3248K(239616K)->4121K(232960K)
[489.606s][info ][gc,heap        ] GC(20) ParOldGen: 244040K(244224K)->245036K(245248K)
[489.606s][info ][gc,metaspace   ] GC(20) Metaspace: 105342K(106752K)->105342K(106752K) NonClass: 89332K(90112K)->89332K(90112K) Class: 16009K(16640K)->16009K(16640K)
[489.606s][info ][gc             ] GC(20) Pause Young (Allocation Failure) 1815M->243M(2067M) 5.056ms
[489.606s][info ][gc,cpu         ] GC(20) User=0.02s Sys=0.00s Real=0.00s
[489.606s][info ][safepoint      ] Safepoint "ParallelGCFailedAllocation", Time since last: 249353328 ns, Reaching safepoint: 6600 ns, Cleanup: 4200 ns, At safepoint: 5133768 ns, Total: 5144568 ns
[490.606s][info ][safepoint      ] Safepoint "Cleanup", Time since last: 1000094139 ns, Reaching safepoint: 7000 ns, Cleanup: 10400 ns, At safepoint: 2800 ns, Total: 20200 ns
[491.607s][info ][safepoint      ] Safepoint "Cleanup", Time since last: 1000132540 ns, Reaching safepoint: 7900 ns, Cleanup: 9901 ns, At safepoint: 2200 ns, Total: 20001 ns
[494.607s][info ][safepoint      ] Safepoint "Cleanup", Time since last: 3000265618 ns, Reaching safepoint: 7000 ns, Cleanup: 11300 ns, At safepoint: 2700 ns, Total: 21000 ns
[495.607s][info ][safepoint      ] Safepoint "Cleanup", Time since last: 1000118239 ns, Reaching safepoint: 6901 ns, Cleanup: 11400 ns, At safepoint: 3000 ns, Total: 21301 ns
[496.607s][info ][safepoint      ] Safepoint "Cleanup", Time since last: 1000127340 ns, Reaching safepoint: 79401 ns, Cleanup: 48300 ns, At safepoint: 5300 ns, Total: 133001 ns
[497.607s][info ][safepoint      ] Safepoint "Cleanup", Time since last: 1000115628 ns, Reaching safepoint: 7300 ns, Cleanup: 13300 ns, At safepoint: 2600 ns, Total: 23200 ns
[498.608s][info ][safepoint      ] Safepoint "Cleanup", Time since last: 1000119586 ns, Reaching safepoint: 7600 ns, Cleanup: 26601 ns, At safepoint: 2600 ns, Total: 36801 ns
[499.608s][info ][safepoint      ] Safepoint "Cleanup", Time since last: 1000119386 ns, Reaching safepoint: 7300 ns, Cleanup: 9000 ns, At safepoint: 2800 ns, Total: 19100 ns
[500.608s][info ][safepoint      ] Safepoint "Cleanup", Time since last: 1000115086 ns, Reaching safepoint: 7700 ns, Cleanup: 22701 ns, At safepoint: 2600 ns, Total: 33001 ns
[503.608s][info ][safepoint      ] Safepoint "Cleanup", Time since last: 3000259522 ns, Reaching safepoint: 76301 ns, Cleanup: 10500 ns, At safepoint: 5700 ns, Total: 92501 ns
[504.608s][info ][safepoint      ] Safepoint "Cleanup", Time since last: 1000098444 ns, Reaching safepoint: 7201 ns, Cleanup: 10500 ns, At safepoint: 2600 ns, Total: 20301 ns
[505.609s][info ][safepoint      ] Safepoint "Cleanup", Time since last: 1000115644 ns, Reaching safepoint: 6400 ns, Cleanup: 12201 ns, At safepoint: 2700 ns, Total: 21301 ns
[506.609s][info ][safepoint      ] Safepoint "Cleanup", Time since last: 1000112628 ns, Reaching safepoint: 6200 ns, Cleanup: 15300 ns, At safepoint: 2900 ns, Total: 24400 ns
[509.609s][info ][safepoint      ] Safepoint "Cleanup", Time since last: 3000256242 ns, Reaching safepoint: 7000 ns, Cleanup: 12400 ns, At safepoint: 2800 ns, Total: 22200 ns
[511.609s][info ][safepoint      ] Safepoint "Cleanup", Time since last: 2000200189 ns, Reaching safepoint: 6700 ns, Cleanup: 11100 ns, At safepoint: 3200 ns, Total: 21000 ns
[513.609s][info ][safepoint      ] Safepoint "Cleanup", Time since last: 2000183398 ns, Reaching safepoint: 6900 ns, Cleanup: 11700 ns, At safepoint: 2500 ns, Total: 21100 ns
[514.610s][info ][safepoint      ] Safepoint "Cleanup", Time since last: 1000156202 ns, Reaching safepoint: 8600 ns, Cleanup: 14200 ns, At safepoint: 3200 ns, Total: 26000 ns
[517.610s][info ][safepoint      ] Safepoint "Cleanup", Time since last: 3000262654 ns, Reaching safepoint: 6800 ns, Cleanup: 10100 ns, At safepoint: 2700 ns, Total: 19600 ns
[519.610s][info ][safepoint      ] Safepoint "Cleanup", Time since last: 2000190670 ns, Reaching safepoint: 7000 ns, Cleanup: 12900 ns, At safepoint: 2800 ns, Total: 22700 ns
[520.610s][info ][safepoint      ] Safepoint "Cleanup", Time since last: 1000119786 ns, Reaching safepoint: 7400 ns, Cleanup: 10500 ns, At safepoint: 2700 ns, Total: 20600 ns
[521.610s][info ][safepoint      ] Safepoint "Cleanup", Time since last: 1000129485 ns, Reaching safepoint: 7200 ns, Cleanup: 14900 ns, At safepoint: 2700 ns, Total: 24800 ns
[522.610s][info ][safepoint      ] Safepoint "Cleanup", Time since last: 1000113433 ns, Reaching safepoint: 6300 ns, Cleanup: 14500 ns, At safepoint: 2600 ns, Total: 23400 ns
[523.611s][info ][safepoint      ] Safepoint "Cleanup", Time since last: 1000099645 ns, Reaching safepoint: 7200 ns, Cleanup: 34401 ns, At safepoint: 3000 ns, Total: 44601 ns
[524.611s][info ][safepoint      ] Safepoint "Cleanup", Time since last: 1000132545 ns, Reaching safepoint: 6100 ns, Cleanup: 22600 ns, At safepoint: 3100 ns, Total: 31800 ns
[525.611s][info ][safepoint      ] Safepoint "Cleanup", Time since last: 1000116545 ns, Reaching safepoint: 7100 ns, Cleanup: 10900 ns, At safepoint: 2501 ns, Total: 20501 ns
[526.611s][info ][safepoint      ] Safepoint "Cleanup", Time since last: 1000113444 ns, Reaching safepoint: 6701 ns, Cleanup: 9900 ns, At safepoint: 3100 ns, Total: 19701 ns
[527.611s][info ][safepoint      ] Safepoint "Cleanup", Time since last: 1000128645 ns, Reaching safepoint: 6000 ns, Cleanup: 27300 ns, At safepoint: 2200 ns, Total: 35500 ns
[528.611s][info ][safepoint      ] Safepoint "Cleanup", Time since last: 1000115045 ns, Reaching safepoint: 6800 ns, Cleanup: 13401 ns, At safepoint: 2500 ns, Total: 22701 ns
[529.611s][info ][safepoint      ] Safepoint "Cleanup", Time since last: 1000128345 ns, Reaching safepoint: 7500 ns, Cleanup: 14100 ns, At safepoint: 3400 ns, Total: 25000 ns
[530.612s][info ][safepoint      ] Safepoint "Cleanup", Time since last: 1000124370 ns, Reaching safepoint: 6800 ns, Cleanup: 9901 ns, At safepoint: 2500 ns, Total: 19201 ns
[532.612s][info ][safepoint      ] Safepoint "Cleanup", Time since last: 2000182141 ns, Reaching safepoint: 6600 ns, Cleanup: 14900 ns, At safepoint: 2600 ns, Total: 24100 ns
[533.612s][info ][safepoint      ] Safepoint "Cleanup", Time since last: 1000103771 ns, Reaching safepoint: 6900 ns, Cleanup: 22600 ns, At safepoint: 2601 ns, Total: 32101 ns
[534.612s][info ][safepoint      ] Safepoint "Cleanup", Time since last: 1000107270 ns, Reaching safepoint: 6601 ns, Cleanup: 28500 ns, At safepoint: 2500 ns, Total: 37601 ns
[537.101s][info ][gc,start       ] GC(21) Pause Young (Allocation Failure)
[537.106s][debug][gc,phases      ] GC(21) Scavenge 4.901ms
[537.107s][debug][gc,ref         ] GC(21) ReferenceProcessor::execute queues: 1, RefProcThreadModel::Single, marks_oops_alive: false
[537.107s][debug][gc,ref         ] GC(21) Skipped KeepAliveFinalRefsPhase of Reference Processing: no references
[537.107s][debug][gc,ref         ] GC(21) ReferenceProcessor::execute queues: 1, RefProcThreadModel::Single, marks_oops_alive: false
[537.107s][debug][gc,phases      ] GC(21) Reference Processing 0.123ms
[537.107s][debug][gc,phases      ] GC(21)   VM Weak                        Min:  0.0, Avg:  0.0, Max:  0.0, Diff:  0.0, Sum:  0.0, Workers: 4
[537.107s][debug][gc,phases      ] GC(21)     Dead                           Min: 0, Avg:  0.0, Max: 0, Diff: 0, Sum: 0, Workers: 4
[537.107s][debug][gc,phases      ] GC(21)     Total                          Min: 0, Avg: 255.8, Max: 448, Diff: 448, Sum: 1023, Workers: 4
[537.107s][debug][gc,phases      ] GC(21)   ObjectSynchronizer Weak        Min:  0.0, Avg:  0.0, Max:  0.0, Diff:  0.0, Sum:  0.0, Workers: 4
[537.107s][debug][gc,phases      ] GC(21)     Dead                           Min: 0, Avg:  0.0, Max: 0, Diff: 0, Sum: 0, Workers: 4
[537.107s][debug][gc,phases      ] GC(21)     Total                          Min: 0, Avg:  1.0, Max: 4, Diff: 4, Sum: 4, Workers: 4
[537.107s][debug][gc,phases      ] GC(21)   JVMTI Tag Weak OopStorage      Min:  0.0, Avg:  0.0, Max:  0.0, Diff:  0.0, Sum:  0.0, Workers: 4
[537.107s][debug][gc,phases      ] GC(21)     Dead                           Min: 0, Avg:  0.0, Max: 0, Diff: 0, Sum: 0, Workers: 4
[537.107s][debug][gc,phases      ] GC(21)     Total                          Min: 0, Avg:  0.0, Max: 0, Diff: 0, Sum: 0, Workers: 4
[537.107s][debug][gc,phases      ] GC(21)   StringTable Weak               Min:  0.0, Avg:  0.1, Max:  0.1, Diff:  0.1, Sum:  0.4, Workers: 4
[537.107s][debug][gc,phases      ] GC(21)     Dead                           Min: 0, Avg:  0.8, Max: 3, Diff: 3, Sum: 3, Workers: 4
[537.107s][debug][gc,phases      ] GC(21)     Total                          Min: 0, Avg: 11550.5, Max: 16703, Diff: 16703, Sum: 46202, Workers: 4
[537.107s][debug][gc,phases      ] GC(21)   ResolvedMethodTable Weak       Min:  0.0, Avg:  0.0, Max:  0.1, Diff:  0.1, Sum:  0.2, Workers: 4
[537.107s][debug][gc,phases      ] GC(21)     Dead                           Min: 0, Avg:  7.8, Max: 21, Diff: 21, Sum: 31, Workers: 4
[537.107s][debug][gc,phases      ] GC(21)     Total                          Min: 0, Avg: 3817.0, Max: 5770, Diff: 5770, Sum: 15268, Workers: 4
[537.107s][debug][gc,phases      ] GC(21)   JNI Weak                       Min:  0.0, Avg:  0.0, Max:  0.0, Diff:  0.0, Sum:  0.0, Workers: 4
[537.107s][debug][gc,phases      ] GC(21)     Dead                           Min: 0, Avg:  0.0, Max: 0, Diff: 0, Sum: 0, Workers: 4
[537.107s][debug][gc,phases      ] GC(21)     Total                          Min: 0, Avg: 13.0, Max: 52, Diff: 52, Sum: 52, Workers: 4
[537.107s][debug][gc,phases      ] GC(21)   StringDedup Table Weak         Min:  0.0, Avg:  0.0, Max:  0.0, Diff:  0.0, Sum:  0.0, Workers: 4
[537.107s][debug][gc,phases      ] GC(21)     Dead                           Min: 0, Avg:  0.0, Max: 0, Diff: 0, Sum: 0, Workers: 4
[537.107s][debug][gc,phases      ] GC(21)     Total                          Min: 0, Avg:  0.0, Max: 0, Diff: 0, Sum: 0, Workers: 4
[537.107s][debug][gc,phases      ] GC(21)   StringDedup Requests0 Weak     Min:  0.0, Avg:  0.0, Max:  0.0, Diff:  0.0, Sum:  0.0, Workers: 4
[537.107s][debug][gc,phases      ] GC(21)     Dead                           Min: 0, Avg:  0.0, Max: 0, Diff: 0, Sum: 0, Workers: 4
[537.107s][debug][gc,phases      ] GC(21)     Total                          Min: 0, Avg:  0.0, Max: 0, Diff: 0, Sum: 0, Workers: 4
[537.107s][debug][gc,phases      ] GC(21)   StringDedup Requests1 Weak     Min:  0.0, Avg:  0.0, Max:  0.0, Diff:  0.0, Sum:  0.0, Workers: 4
[537.107s][debug][gc,phases      ] GC(21)     Dead                           Min: 0, Avg:  0.0, Max: 0, Diff: 0, Sum: 0, Workers: 4
[537.107s][debug][gc,phases      ] GC(21)     Total                          Min: 0, Avg:  0.0, Max: 0, Diff: 0, Sum: 0, Workers: 4
[537.107s][debug][gc,phases      ] GC(21)   Weak JFR Old Object Samples    Min:  0.0, Avg:  0.0, Max:  0.0, Diff:  0.0, Sum:  0.0, Workers: 4
[537.107s][debug][gc,phases      ] GC(21)     Dead                           Min: 0, Avg:  0.0, Max: 0, Diff: 0, Sum: 0, Workers: 4
[537.107s][debug][gc,phases      ] GC(21)     Total                          Min: 0, Avg:  0.0, Max: 0, Diff: 0, Sum: 0, Workers: 4
[537.107s][debug][gc,phases      ] GC(21) Weak Processing 0.436ms
[537.107s][debug][gc,age         ] GC(21) Desired survivor size 221773824 bytes, new threshold 1 (max threshold 15)
[537.107s][info ][gc,heap        ] GC(21) PSYoungGen: 1643033K(1871872K)->3968K(1864192K) Eden: 1638912K(1638912K)->0K(1638912K) From: 4121K(232960K)->3968K(225280K)
[537.107s][info ][gc,heap        ] GC(21) ParOldGen: 245036K(245248K)->246758K(246784K)
[537.107s][info ][gc,metaspace   ] GC(21) Metaspace: 105513K(106944K)->105513K(106944K) NonClass: 89479K(90304K)->89479K(90304K) Class: 16033K(16640K)->16033K(16640K)
[537.107s][info ][gc             ] GC(21) Pause Young (Allocation Failure) 1843M->244M(2061M) 5.609ms
[537.107s][info ][gc,cpu         ] GC(21) User=0.01s Sys=0.01s Real=0.00s
[537.107s][info ][safepoint      ] Safepoint "ParallelGCFailedAllocation", Time since last: 2489197492 ns, Reaching safepoint: 80101 ns, Cleanup: 3600 ns, At safepoint: 5692270 ns, Total: 5775971 ns
[540.107s][info ][safepoint      ] Safepoint "Cleanup", Time since last: 3000254765 ns, Reaching safepoint: 7100 ns, Cleanup: 26900 ns, At safepoint: 2500 ns, Total: 36500 ns
[543.369s][info ][safepoint      ] Safepoint "Cleanup", Time since last: 3262048393 ns, Reaching safepoint: 6400 ns, Cleanup: 30100 ns, At safepoint: 2400 ns, Total: 38900 ns
[544.370s][info ][safepoint      ] Safepoint "Cleanup", Time since last: 1000115117 ns, Reaching safepoint: 6100 ns, Cleanup: 17800 ns, At safepoint: 2200 ns, Total: 26100 ns
[545.370s][info ][safepoint      ] Safepoint "Cleanup", Time since last: 1000112668 ns, Reaching safepoint: 83001 ns, Cleanup: 14600 ns, At safepoint: 13501 ns, Total: 111102 ns
[546.370s][info ][safepoint      ] Safepoint "Cleanup", Time since last: 1000117744 ns, Reaching safepoint: 6900 ns, Cleanup: 7600 ns, At safepoint: 2100 ns, Total: 16600 ns
[556.371s][info ][safepoint      ] Safepoint "Cleanup", Time since last: 10000745283 ns, Reaching safepoint: 7000 ns, Cleanup: 11600 ns, At safepoint: 2600 ns, Total: 21200 ns
[558.371s][info ][safepoint      ] Safepoint "Cleanup", Time since last: 2000189253 ns, Reaching safepoint: 6900 ns, Cleanup: 11800 ns, At safepoint: 2400 ns, Total: 21100 ns
[559.371s][info ][safepoint      ] Safepoint "Cleanup", Time since last: 1000127077 ns, Reaching safepoint: 7000 ns, Cleanup: 11900 ns, At safepoint: 2500 ns, Total: 21400 ns
[560.371s][info ][safepoint      ] Safepoint "Cleanup", Time since last: 1000128377 ns, Reaching safepoint: 7400 ns, Cleanup: 11800 ns, At safepoint: 2800 ns, Total: 22000 ns
[562.371s][info ][safepoint      ] Safepoint "Cleanup", Time since last: 2000194948 ns, Reaching safepoint: 6900 ns, Cleanup: 10601 ns, At safepoint: 2400 ns, Total: 19901 ns
[577.373s][info ][safepoint      ] Safepoint "Cleanup", Time since last: 15001087571 ns, Reaching safepoint: 6600 ns, Cleanup: 15000 ns, At safepoint: 2500 ns, Total: 24100 ns
[580.373s][info ][safepoint      ] Safepoint "Cleanup", Time since last: 3000264395 ns, Reaching safepoint: 6300 ns, Cleanup: 12600 ns, At safepoint: 2700 ns, Total: 21600 ns
[583.373s][info ][safepoint      ] Safepoint "Cleanup", Time since last: 3000256915 ns, Reaching safepoint: 6300 ns, Cleanup: 12101 ns, At safepoint: 2100 ns, Total: 20501 ns
[586.373s][info ][safepoint      ] Safepoint "Cleanup", Time since last: 3000251496 ns, Reaching safepoint: 5700 ns, Cleanup: 11900 ns, At safepoint: 2600 ns, Total: 20200 ns
[588.374s][info ][safepoint      ] Safepoint "Cleanup", Time since last: 2000182148 ns, Reaching safepoint: 6400 ns, Cleanup: 14300 ns, At safepoint: 2900 ns, Total: 23600 ns
[591.301s][info ][gc,start       ] GC(22) Pause Young (Allocation Failure)
[591.305s][debug][gc,phases      ] GC(22) Scavenge 4.816ms
[591.306s][debug][gc,ref         ] GC(22) ReferenceProcessor::execute queues: 1, RefProcThreadModel::Single, marks_oops_alive: false
[591.306s][debug][gc,ref         ] GC(22) Skipped KeepAliveFinalRefsPhase of Reference Processing: no references
[591.306s][debug][gc,ref         ] GC(22) Skipped PhantomRefsPhase of Reference Processing: no references
[591.306s][debug][gc,phases      ] GC(22) Reference Processing 0.121ms
[591.306s][debug][gc,phases      ] GC(22)   VM Weak                        Min:  0.0, Avg:  0.0, Max:  0.0, Diff:  0.0, Sum:  0.0, Workers: 4
[591.306s][debug][gc,phases      ] GC(22)     Dead                           Min: 0, Avg:  0.0, Max: 0, Diff: 0, Sum: 0, Workers: 4
[591.306s][debug][gc,phases      ] GC(22)     Total                          Min: 0, Avg: 255.8, Max: 895, Diff: 895, Sum: 1023, Workers: 4
[591.306s][debug][gc,phases      ] GC(22)   ObjectSynchronizer Weak        Min:  0.0, Avg:  0.0, Max:  0.0, Diff:  0.0, Sum:  0.0, Workers: 4
[591.306s][debug][gc,phases      ] GC(22)     Dead                           Min: 0, Avg:  0.0, Max: 0, Diff: 0, Sum: 0, Workers: 4
[591.306s][debug][gc,phases      ] GC(22)     Total                          Min: 0, Avg:  1.0, Max: 4, Diff: 4, Sum: 4, Workers: 4
[591.306s][debug][gc,phases      ] GC(22)   JVMTI Tag Weak OopStorage      Min:  0.0, Avg:  0.0, Max:  0.0, Diff:  0.0, Sum:  0.0, Workers: 4
[591.306s][debug][gc,phases      ] GC(22)     Dead                           Min: 0, Avg:  0.0, Max: 0, Diff: 0, Sum: 0, Workers: 4
[591.306s][debug][gc,phases      ] GC(22)     Total                          Min: 0, Avg:  0.0, Max: 0, Diff: 0, Sum: 0, Workers: 4
[591.306s][debug][gc,phases      ] GC(22)   StringTable Weak               Min:  0.1, Avg:  0.1, Max:  0.1, Diff:  0.0, Sum:  0.5, Workers: 4
[591.306s][debug][gc,phases      ] GC(22)     Dead                           Min: 0, Avg:  0.0, Max: 0, Diff: 0, Sum: 0, Workers: 4
[591.306s][debug][gc,phases      ] GC(22)     Total                          Min: 10432, Avg: 11552.8, Max: 12544, Diff: 2112, Sum: 46211, Workers: 4
[591.306s][debug][gc,phases      ] GC(22)   ResolvedMethodTable Weak       Min:  0.0, Avg:  0.0, Max:  0.0, Diff:  0.0, Sum:  0.2, Workers: 4
[591.306s][debug][gc,phases      ] GC(22)     Dead                           Min: 0, Avg:  4.0, Max: 16, Diff: 16, Sum: 16, Workers: 4
[591.306s][debug][gc,phases      ] GC(22)     Total                          Min: 3625, Avg: 3817.0, Max: 4087, Diff: 462, Sum: 15268, Workers: 4
[591.306s][debug][gc,phases      ] GC(22)   JNI Weak                       Min:  0.0, Avg:  0.0, Max:  0.0, Diff:  0.0, Sum:  0.0, Workers: 4
[591.306s][debug][gc,phases      ] GC(22)     Dead                           Min: 0, Avg:  0.0, Max: 0, Diff: 0, Sum: 0, Workers: 4
[591.306s][debug][gc,phases      ] GC(22)     Total                          Min: 0, Avg: 13.0, Max: 52, Diff: 52, Sum: 52, Workers: 4
[591.306s][debug][gc,phases      ] GC(22)   StringDedup Table Weak         Min:  0.0, Avg:  0.0, Max:  0.0, Diff:  0.0, Sum:  0.0, Workers: 4
[591.306s][debug][gc,phases      ] GC(22)     Dead                           Min: 0, Avg:  0.0, Max: 0, Diff: 0, Sum: 0, Workers: 4
[591.306s][debug][gc,phases      ] GC(22)     Total                          Min: 0, Avg:  0.0, Max: 0, Diff: 0, Sum: 0, Workers: 4
[591.306s][debug][gc,phases      ] GC(22)   StringDedup Requests0 Weak     Min:  0.0, Avg:  0.0, Max:  0.0, Diff:  0.0, Sum:  0.0, Workers: 4
[591.306s][debug][gc,phases      ] GC(22)     Dead                           Min: 0, Avg:  0.0, Max: 0, Diff: 0, Sum: 0, Workers: 4
[591.306s][debug][gc,phases      ] GC(22)     Total                          Min: 0, Avg:  0.0, Max: 0, Diff: 0, Sum: 0, Workers: 4
[591.306s][debug][gc,phases      ] GC(22)   StringDedup Requests1 Weak     Min:  0.0, Avg:  0.0, Max:  0.0, Diff:  0.0, Sum:  0.0, Workers: 4
[591.306s][debug][gc,phases      ] GC(22)     Dead                           Min: 0, Avg:  0.0, Max: 0, Diff: 0, Sum: 0, Workers: 4
[591.306s][debug][gc,phases      ] GC(22)     Total                          Min: 0, Avg:  0.0, Max: 0, Diff: 0, Sum: 0, Workers: 4
[591.306s][debug][gc,phases      ] GC(22)   Weak JFR Old Object Samples    Min:  0.0, Avg:  0.0, Max:  0.0, Diff:  0.0, Sum:  0.0, Workers: 4
[591.306s][debug][gc,phases      ] GC(22)     Dead                           Min: 0, Avg:  0.0, Max: 0, Diff: 0, Sum: 0, Workers: 4
[591.306s][debug][gc,phases      ] GC(22)     Total                          Min: 0, Avg:  0.0, Max: 0, Diff: 0, Sum: 0, Workers: 4
[591.306s][debug][gc,phases      ] GC(22) Weak Processing 0.399ms
[591.306s][debug][gc,age         ] GC(22) Desired survivor size 212860928 bytes, new threshold 1 (max threshold 15)
[591.306s][info ][gc,heap        ] GC(22) PSYoungGen: 1642880K(1864192K)->4320K(1889280K) Eden: 1638912K(1638912K)->0K(1672704K) From: 3968K(225280K)->4320K(216576K)
[591.306s][info ][gc,heap        ] GC(22) ParOldGen: 246758K(246784K)->248258K(248320K)
[591.306s][info ][gc,metaspace   ] GC(22) Metaspace: 105534K(106944K)->105534K(106944K) NonClass: 89500K(90304K)->89500K(90304K) Class: 16033K(16640K)->16033K(16640K)
[591.306s][info ][gc             ] GC(22) Pause Young (Allocation Failure) 1845M->246M(2087M) 5.481ms
[591.306s][info ][gc,cpu         ] GC(22) User=0.02s Sys=0.00s Real=0.00s
[591.306s][info ][safepoint      ] Safepoint "ParallelGCFailedAllocation", Time since last: 2926869118 ns, Reaching safepoint: 81000 ns, Cleanup: 5201 ns, At safepoint: 5565464 ns, Total: 5651665 ns
[598.307s][info ][safepoint      ] Safepoint "Cleanup", Time since last: 7000511473 ns, Reaching safepoint: 7001 ns, Cleanup: 10500 ns, At safepoint: 2600 ns, Total: 20101 ns
[606.388s][info ][safepoint      ] Safepoint "Cleanup", Time since last: 8081010308 ns, Reaching safepoint: 12200 ns, Cleanup: 15400 ns, At safepoint: 3400 ns, Total: 31000 ns
[611.388s][info ][safepoint      ] Safepoint "Cleanup", Time since last: 5000411379 ns, Reaching safepoint: 8700 ns, Cleanup: 10600 ns, At safepoint: 2300 ns, Total: 21600 ns
[613.388s][info ][safepoint      ] Safepoint "Cleanup", Time since last: 2000190738 ns, Reaching safepoint: 7600 ns, Cleanup: 60601 ns, At safepoint: 7800 ns, Total: 76001 ns
[614.389s][info ][safepoint      ] Safepoint "Cleanup", Time since last: 1000142370 ns, Reaching safepoint: 6700 ns, Cleanup: 10700 ns, At safepoint: 2500 ns, Total: 19900 ns
[615.389s][info ][safepoint      ] Safepoint "Cleanup", Time since last: 1000126469 ns, Reaching safepoint: 7300 ns, Cleanup: 14001 ns, At safepoint: 2600 ns, Total: 23901 ns
[618.389s][info ][safepoint      ] Safepoint "Cleanup", Time since last: 3000272984 ns, Reaching safepoint: 7900 ns, Cleanup: 17700 ns, At safepoint: 2500 ns, Total: 28100 ns
[622.389s][info ][safepoint      ] Safepoint "Cleanup", Time since last: 4000350621 ns, Reaching safepoint: 8000 ns, Cleanup: 16600 ns, At safepoint: 2800 ns, Total: 27400 ns
[623.390s][info ][safepoint      ] Safepoint "Cleanup", Time since last: 1000285932 ns, Reaching safepoint: 6800 ns, Cleanup: 11601 ns, At safepoint: 2600 ns, Total: 21001 ns
[624.390s][info ][safepoint      ] Safepoint "Cleanup", Time since last: 1000115412 ns, Reaching safepoint: 6600 ns, Cleanup: 11600 ns, At safepoint: 2700 ns, Total: 20900 ns
[628.390s][info ][safepoint      ] Safepoint "Cleanup", Time since last: 4000334416 ns, Reaching safepoint: 7200 ns, Cleanup: 11800 ns, At safepoint: 2700 ns, Total: 21700 ns
[631.391s][info ][safepoint      ] Safepoint "Cleanup", Time since last: 3000280731 ns, Reaching safepoint: 9400 ns, Cleanup: 14100 ns, At safepoint: 3000 ns, Total: 26500 ns
[633.391s][info ][safepoint      ] Safepoint "Cleanup", Time since last: 2000221221 ns, Reaching safepoint: 7500 ns, Cleanup: 19400 ns, At safepoint: 2800 ns, Total: 29700 ns
[643.392s][info ][safepoint      ] Safepoint "Cleanup", Time since last: 10000840250 ns, Reaching safepoint: 9700 ns, Cleanup: 15600 ns, At safepoint: 3500 ns, Total: 28800 ns
[646.392s][info ][safepoint      ] Safepoint "Cleanup", Time since last: 3000265620 ns, Reaching safepoint: 8500 ns, Cleanup: 12701 ns, At safepoint: 3000 ns, Total: 24201 ns
[647.392s][info ][safepoint      ] Safepoint "Cleanup", Time since last: 1000114440 ns, Reaching safepoint: 7100 ns, Cleanup: 14000 ns, At safepoint: 2600 ns, Total: 23700 ns
[648.256s][info ][gc,start       ] GC(23) Pause Young (Allocation Failure)
[648.260s][debug][gc,phases      ] GC(23) Scavenge 3.955ms
[648.260s][debug][gc,ref         ] GC(23) ReferenceProcessor::execute queues: 1, RefProcThreadModel::Single, marks_oops_alive: false
[648.260s][debug][gc,ref         ] GC(23) Skipped KeepAliveFinalRefsPhase of Reference Processing: no references
[648.260s][debug][gc,ref         ] GC(23) ReferenceProcessor::execute queues: 1, RefProcThreadModel::Single, marks_oops_alive: false
[648.260s][debug][gc,phases      ] GC(23) Reference Processing 0.115ms
[648.260s][debug][gc,phases      ] GC(23)   VM Weak                        Min:  0.0, Avg:  0.0, Max:  0.0, Diff:  0.0, Sum:  0.0, Workers: 4
[648.260s][debug][gc,phases      ] GC(23)     Dead                           Min: 0, Avg:  0.0, Max: 0, Diff: 0, Sum: 0, Workers: 4
[648.260s][debug][gc,phases      ] GC(23)     Total                          Min: 0, Avg: 255.8, Max: 512, Diff: 512, Sum: 1023, Workers: 4
[648.260s][debug][gc,phases      ] GC(23)   ObjectSynchronizer Weak        Min:  0.0, Avg:  0.0, Max:  0.0, Diff:  0.0, Sum:  0.0, Workers: 4
[648.260s][debug][gc,phases      ] GC(23)     Dead                           Min: 0, Avg:  0.0, Max: 0, Diff: 0, Sum: 0, Workers: 4
[648.260s][debug][gc,phases      ] GC(23)     Total                          Min: 0, Avg:  1.0, Max: 4, Diff: 4, Sum: 4, Workers: 4
[648.260s][debug][gc,phases      ] GC(23)   JVMTI Tag Weak OopStorage      Min:  0.0, Avg:  0.0, Max:  0.0, Diff:  0.0, Sum:  0.0, Workers: 4
[648.260s][debug][gc,phases      ] GC(23)     Dead                           Min: 0, Avg:  0.0, Max: 0, Diff: 0, Sum: 0, Workers: 4
[648.260s][debug][gc,phases      ] GC(23)     Total                          Min: 0, Avg:  0.0, Max: 0, Diff: 0, Sum: 0, Workers: 4
[648.260s][debug][gc,phases      ] GC(23)   StringTable Weak               Min:  0.1, Avg:  0.1, Max:  0.1, Diff:  0.0, Sum:  0.5, Workers: 4
[648.260s][debug][gc,phases      ] GC(23)     Dead                           Min: 0, Avg:  0.2, Max: 1, Diff: 1, Sum: 1, Workers: 4
[648.260s][debug][gc,phases      ] GC(23)     Total                          Min: 10763, Avg: 11554.5, Max: 12671, Diff: 1908, Sum: 46218, Workers: 4
[648.260s][debug][gc,phases      ] GC(23)   ResolvedMethodTable Weak       Min:  0.0, Avg:  0.0, Max:  0.0, Diff:  0.0, Sum:  0.2, Workers: 4
[648.260s][debug][gc,phases      ] GC(23)     Dead                           Min: 0, Avg:  4.2, Max: 16, Diff: 16, Sum: 17, Workers: 4
[648.260s][debug][gc,phases      ] GC(23)     Total                          Min: 3532, Avg: 3817.8, Max: 4009, Diff: 477, Sum: 15271, Workers: 4
[648.260s][debug][gc,phases      ] GC(23)   JNI Weak                       Min:  0.0, Avg:  0.0, Max:  0.0, Diff:  0.0, Sum:  0.0, Workers: 4
[648.260s][debug][gc,phases      ] GC(23)     Dead                           Min: 0, Avg:  0.0, Max: 0, Diff: 0, Sum: 0, Workers: 4
[648.260s][debug][gc,phases      ] GC(23)     Total                          Min: 0, Avg: 13.0, Max: 52, Diff: 52, Sum: 52, Workers: 4
[648.260s][debug][gc,phases      ] GC(23)   StringDedup Table Weak         Min:  0.0, Avg:  0.0, Max:  0.0, Diff:  0.0, Sum:  0.0, Workers: 4
[648.260s][debug][gc,phases      ] GC(23)     Dead                           Min: 0, Avg:  0.0, Max: 0, Diff: 0, Sum: 0, Workers: 4
[648.260s][debug][gc,phases      ] GC(23)     Total                          Min: 0, Avg:  0.0, Max: 0, Diff: 0, Sum: 0, Workers: 4
[648.260s][debug][gc,phases      ] GC(23)   StringDedup Requests0 Weak     Min:  0.0, Avg:  0.0, Max:  0.0, Diff:  0.0, Sum:  0.0, Workers: 4
[648.260s][debug][gc,phases      ] GC(23)     Dead                           Min: 0, Avg:  0.0, Max: 0, Diff: 0, Sum: 0, Workers: 4
[648.260s][debug][gc,phases      ] GC(23)     Total                          Min: 0, Avg:  0.0, Max: 0, Diff: 0, Sum: 0, Workers: 4
[648.260s][debug][gc,phases      ] GC(23)   StringDedup Requests1 Weak     Min:  0.0, Avg:  0.0, Max:  0.0, Diff:  0.0, Sum:  0.0, Workers: 4
[648.260s][debug][gc,phases      ] GC(23)     Dead                           Min: 0, Avg:  0.0, Max: 0, Diff: 0, Sum: 0, Workers: 4
[648.260s][debug][gc,phases      ] GC(23)     Total                          Min: 0, Avg:  0.0, Max: 0, Diff: 0, Sum: 0, Workers: 4
[648.260s][debug][gc,phases      ] GC(23)   Weak JFR Old Object Samples    Min:  0.0, Avg:  0.0, Max:  0.0, Diff:  0.0, Sum:  0.0, Workers: 4
[648.260s][debug][gc,phases      ] GC(23)     Dead                           Min: 0, Avg:  0.0, Max: 0, Diff: 0, Sum: 0, Workers: 4
[648.260s][debug][gc,phases      ] GC(23)     Total                          Min: 0, Avg:  0.0, Max: 0, Diff: 0, Sum: 0, Workers: 4
[648.260s][debug][gc,phases      ] GC(23) Weak Processing 0.409ms
[648.260s][debug][gc,age         ] GC(23) Desired survivor size 203423744 bytes, new threshold 1 (max threshold 15)
[648.260s][info ][gc,heap        ] GC(23) PSYoungGen: 1677024K(1889280K)->3524K(1880576K) Eden: 1672704K(1672704K)->0K(1672704K) From: 4320K(216576K)->3524K(207872K)
[648.260s][info ][gc,heap        ] GC(23) ParOldGen: 248258K(248320K)->249498K(249856K)
[648.260s][info ][gc,metaspace   ] GC(23) Metaspace: 105591K(107008K)->105591K(107008K) NonClass: 89556K(90368K)->89556K(90368K) Class: 16034K(16640K)->16034K(16640K)
[648.260s][info ][gc             ] GC(23) Pause Young (Allocation Failure) 1880M->247M(2080M) 4.630ms
[648.260s][info ][gc,cpu         ] GC(23) User=0.01s Sys=0.00s Real=0.01s
[648.260s][info ][safepoint      ] Safepoint "ParallelGCFailedAllocation", Time since last: 863617275 ns, Reaching safepoint: 7100 ns, Cleanup: 4300 ns, At safepoint: 4724650 ns, Total: 4736050 ns
[650.261s][info ][safepoint      ] Safepoint "Cleanup", Time since last: 2000163087 ns, Reaching safepoint: 7800 ns, Cleanup: 13701 ns, At safepoint: 2700 ns, Total: 24201 ns
[651.261s][info ][safepoint      ] Safepoint "Cleanup", Time since last: 1000118955 ns, Reaching safepoint: 7100 ns, Cleanup: 13400 ns, At safepoint: 3000 ns, Total: 23500 ns
[652.261s][info ][safepoint      ] Safepoint "Cleanup", Time since last: 1000122655 ns, Reaching safepoint: 7100 ns, Cleanup: 10200 ns, At safepoint: 29401 ns, Total: 46701 ns
[655.261s][info ][safepoint      ] Safepoint "Cleanup", Time since last: 3000265064 ns, Reaching safepoint: 7200 ns, Cleanup: 33500 ns, At safepoint: 2800 ns, Total: 43500 ns
[656.262s][info ][safepoint      ] Safepoint "Cleanup", Time since last: 1000126456 ns, Reaching safepoint: 222302 ns, Cleanup: 10300 ns, At safepoint: 7700 ns, Total: 240302 ns
[659.262s][info ][safepoint      ] Safepoint "Cleanup", Time since last: 3000260617 ns, Reaching safepoint: 7000 ns, Cleanup: 11400 ns, At safepoint: 2900 ns, Total: 21300 ns
[660.262s][info ][safepoint      ] Safepoint "Cleanup", Time since last: 1000130204 ns, Reaching safepoint: 8100 ns, Cleanup: 12200 ns, At safepoint: 2900 ns, Total: 23200 ns
[661.405s][info ][safepoint      ] Safepoint "Cleanup", Time since last: 1143200392 ns, Reaching safepoint: 79901 ns, Cleanup: 11900 ns, At safepoint: 6900 ns, Total: 98701 ns
[662.406s][info ][safepoint      ] Safepoint "Cleanup", Time since last: 1000128904 ns, Reaching safepoint: 80501 ns, Cleanup: 27300 ns, At safepoint: 7000 ns, Total: 114801 ns
[666.406s][info ][safepoint      ] Safepoint "Cleanup", Time since last: 4000345476 ns, Reaching safepoint: 7300 ns, Cleanup: 11100 ns, At safepoint: 2700 ns, Total: 21100 ns
[669.406s][info ][safepoint      ] Safepoint "Cleanup", Time since last: 3000294884 ns, Reaching safepoint: 7100 ns, Cleanup: 10300 ns, At safepoint: 2400 ns, Total: 19800 ns
[672.407s][info ][safepoint      ] Safepoint "Cleanup", Time since last: 3000266384 ns, Reaching safepoint: 7800 ns, Cleanup: 10801 ns, At safepoint: 28300 ns, Total: 46901 ns
[673.407s][info ][safepoint      ] Safepoint "Cleanup", Time since last: 1000111928 ns, Reaching safepoint: 7900 ns, Cleanup: 9200 ns, At safepoint: 3100 ns, Total: 20200 ns
[674.407s][info ][safepoint      ] Safepoint "Cleanup", Time since last: 1000118684 ns, Reaching safepoint: 7001 ns, Cleanup: 7700 ns, At safepoint: 2700 ns, Total: 17401 ns
[681.407s][info ][safepoint      ] Safepoint "Cleanup", Time since last: 7000570787 ns, Reaching safepoint: 7400 ns, Cleanup: 10500 ns, At safepoint: 2600 ns, Total: 20500 ns
[682.408s][info ][safepoint      ] Safepoint "Cleanup", Time since last: 1000123527 ns, Reaching safepoint: 6900 ns, Cleanup: 10700 ns, At safepoint: 2600 ns, Total: 20200 ns
[684.408s][info ][safepoint      ] Safepoint "Cleanup", Time since last: 2000190160 ns, Reaching safepoint: 7100 ns, Cleanup: 13500 ns, At safepoint: 2700 ns, Total: 23300 ns
[689.408s][info ][safepoint      ] Safepoint "Cleanup", Time since last: 5000401800 ns, Reaching safepoint: 7200 ns, Cleanup: 35500 ns, At safepoint: 2700 ns, Total: 45400 ns
[690.408s][info ][safepoint      ] Safepoint "Cleanup", Time since last: 1000120468 ns, Reaching safepoint: 7300 ns, Cleanup: 20000 ns, At safepoint: 2700 ns, Total: 30000 ns
[696.409s][info ][safepoint      ] Safepoint "Cleanup", Time since last: 6000491557 ns, Reaching safepoint: 7100 ns, Cleanup: 13200 ns, At safepoint: 2400 ns, Total: 22700 ns
[697.409s][info ][safepoint      ] Safepoint "Cleanup", Time since last: 1000116814 ns, Reaching safepoint: 6200 ns, Cleanup: 10400 ns, At safepoint: 2401 ns, Total: 19001 ns
[699.409s][info ][safepoint      ] Safepoint "Cleanup", Time since last: 2000187846 ns, Reaching safepoint: 6600 ns, Cleanup: 10700 ns, At safepoint: 2800 ns, Total: 20100 ns
[706.504s][info ][gc,start       ] GC(24) Pause Young (Allocation Failure)
[706.507s][debug][gc,phases      ] GC(24) Scavenge 3.242ms
[706.507s][debug][gc,ref         ] GC(24) ReferenceProcessor::execute queues: 1, RefProcThreadModel::Single, marks_oops_alive: false
[706.507s][debug][gc,ref         ] GC(24) Skipped KeepAliveFinalRefsPhase of Reference Processing: no references
[706.507s][debug][gc,ref         ] GC(24) ReferenceProcessor::execute queues: 1, RefProcThreadModel::Single, marks_oops_alive: false
[706.507s][debug][gc,phases      ] GC(24) Reference Processing 0.121ms
[706.507s][debug][gc,phases      ] GC(24)   VM Weak                        Min:  0.0, Avg:  0.0, Max:  0.0, Diff:  0.0, Sum:  0.0, Workers: 4
[706.507s][debug][gc,phases      ] GC(24)     Dead                           Min: 0, Avg:  0.0, Max: 0, Diff: 0, Sum: 0, Workers: 4
[706.507s][debug][gc,phases      ] GC(24)     Total                          Min: 0, Avg: 255.8, Max: 895, Diff: 895, Sum: 1023, Workers: 4
[706.507s][debug][gc,phases      ] GC(24)   ObjectSynchronizer Weak        Min:  0.0, Avg:  0.0, Max:  0.0, Diff:  0.0, Sum:  0.0, Workers: 4
[706.507s][debug][gc,phases      ] GC(24)     Dead                           Min: 0, Avg:  0.0, Max: 0, Diff: 0, Sum: 0, Workers: 4
[706.507s][debug][gc,phases      ] GC(24)     Total                          Min: 0, Avg:  1.0, Max: 4, Diff: 4, Sum: 4, Workers: 4
[706.507s][debug][gc,phases      ] GC(24)   JVMTI Tag Weak OopStorage      Min:  0.0, Avg:  0.0, Max:  0.0, Diff:  0.0, Sum:  0.0, Workers: 4
[706.507s][debug][gc,phases      ] GC(24)     Dead                           Min: 0, Avg:  0.0, Max: 0, Diff: 0, Sum: 0, Workers: 4
[706.507s][debug][gc,phases      ] GC(24)     Total                          Min: 0, Avg:  0.0, Max: 0, Diff: 0, Sum: 0, Workers: 4
[706.507s][debug][gc,phases      ] GC(24)   StringTable Weak               Min:  0.0, Avg:  0.1, Max:  0.1, Diff:  0.1, Sum:  0.4, Workers: 4
[706.507s][debug][gc,phases      ] GC(24)     Dead                           Min: 0, Avg:  0.2, Max: 1, Diff: 1, Sum: 1, Workers: 4
[706.507s][debug][gc,phases      ] GC(24)     Total                          Min: 0, Avg: 11557.0, Max: 15808, Diff: 15808, Sum: 46228, Workers: 4
[706.507s][debug][gc,phases      ] GC(24)   ResolvedMethodTable Weak       Min:  0.0, Avg:  0.0, Max:  0.1, Diff:  0.1, Sum:  0.2, Workers: 4
[706.507s][debug][gc,phases      ] GC(24)     Dead                           Min: 0, Avg:  4.2, Max: 17, Diff: 17, Sum: 17, Workers: 4
[706.507s][debug][gc,phases      ] GC(24)     Total                          Min: 0, Avg: 3819.2, Max: 5537, Diff: 5537, Sum: 15277, Workers: 4
[706.507s][debug][gc,phases      ] GC(24)   JNI Weak                       Min:  0.0, Avg:  0.0, Max:  0.0, Diff:  0.0, Sum:  0.0, Workers: 4
[706.507s][debug][gc,phases      ] GC(24)     Dead                           Min: 0, Avg:  0.0, Max: 0, Diff: 0, Sum: 0, Workers: 4
[706.507s][debug][gc,phases      ] GC(24)     Total                          Min: 0, Avg: 13.0, Max: 52, Diff: 52, Sum: 52, Workers: 4
[706.507s][debug][gc,phases      ] GC(24)   StringDedup Table Weak         Min:  0.0, Avg:  0.0, Max:  0.0, Diff:  0.0, Sum:  0.0, Workers: 4
[706.507s][debug][gc,phases      ] GC(24)     Dead                           Min: 0, Avg:  0.0, Max: 0, Diff: 0, Sum: 0, Workers: 4
[706.507s][debug][gc,phases      ] GC(24)     Total                          Min: 0, Avg:  0.0, Max: 0, Diff: 0, Sum: 0, Workers: 4
[706.507s][debug][gc,phases      ] GC(24)   StringDedup Requests0 Weak     Min:  0.0, Avg:  0.0, Max:  0.0, Diff:  0.0, Sum:  0.0, Workers: 4
[706.507s][debug][gc,phases      ] GC(24)     Dead                           Min: 0, Avg:  0.0, Max: 0, Diff: 0, Sum: 0, Workers: 4
[706.507s][debug][gc,phases      ] GC(24)     Total                          Min: 0, Avg:  0.0, Max: 0, Diff: 0, Sum: 0, Workers: 4
[706.507s][debug][gc,phases      ] GC(24)   StringDedup Requests1 Weak     Min:  0.0, Avg:  0.0, Max:  0.0, Diff:  0.0, Sum:  0.0, Workers: 4
[706.507s][debug][gc,phases      ] GC(24)     Dead                           Min: 0, Avg:  0.0, Max: 0, Diff: 0, Sum: 0, Workers: 4
[706.507s][debug][gc,phases      ] GC(24)     Total                          Min: 0, Avg:  0.0, Max: 0, Diff: 0, Sum: 0, Workers: 4
[706.507s][debug][gc,phases      ] GC(24)   Weak JFR Old Object Samples    Min:  0.0, Avg:  0.0, Max:  0.0, Diff:  0.0, Sum:  0.0, Workers: 4
[706.507s][debug][gc,phases      ] GC(24)     Dead                           Min: 0, Avg:  0.0, Max: 0, Diff: 0, Sum: 0, Workers: 4
[706.507s][debug][gc,phases      ] GC(24)     Total                          Min: 0, Avg:  0.0, Max: 0, Diff: 0, Sum: 0, Workers: 4
[706.507s][debug][gc,phases      ] GC(24) Weak Processing 0.446ms
[706.507s][debug][gc,age         ] GC(24) Desired survivor size 193462272 bytes, new threshold 1 (max threshold 15)
[706.507s][info ][gc,heap        ] GC(24) PSYoungGen: 1676228K(1880576K)->2864K(1908224K) Eden: 1672704K(1672704K)->0K(1709568K) From: 3524K(207872K)->2864K(198656K)
[706.507s][info ][gc,heap        ] GC(24) ParOldGen: 249498K(249856K)->251083K(251392K)
[706.507s][info ][gc,metaspace   ] GC(24) Metaspace: 105630K(107008K)->105630K(107008K) NonClass: 89593K(90368K)->89593K(90368K) Class: 16036K(16640K)->16036K(16640K)
[706.508s][info ][gc             ] GC(24) Pause Young (Allocation Failure) 1880M->247M(2109M) 3.967ms
[706.508s][info ][gc,cpu         ] GC(24) User=0.01s Sys=0.00s Real=0.00s
[706.508s][info ][safepoint      ] Safepoint "ParallelGCFailedAllocation", Time since last: 7094267505 ns, Reaching safepoint: 6800 ns, Cleanup: 4800 ns, At safepoint: 4044744 ns, Total: 4056344 ns
[720.424s][info ][safepoint      ] Safepoint "Cleanup", Time since last: 13916783763 ns, Reaching safepoint: 5500 ns, Cleanup: 12701 ns, At safepoint: 5500 ns, Total: 23701 ns
[725.425s][info ][safepoint      ] Safepoint "Cleanup", Time since last: 5000443830 ns, Reaching safepoint: 7100 ns, Cleanup: 9500 ns, At safepoint: 2800 ns, Total: 19400 ns
[741.426s][info ][safepoint      ] Safepoint "Cleanup", Time since last: 16001153788 ns, Reaching safepoint: 6700 ns, Cleanup: 11600 ns, At safepoint: 2100 ns, Total: 20400 ns
[743.426s][info ][safepoint      ] Safepoint "Cleanup", Time since last: 2000188647 ns, Reaching safepoint: 6900 ns, Cleanup: 10200 ns, At safepoint: 2600 ns, Total: 19700 ns
[744.426s][info ][safepoint      ] Safepoint "Cleanup", Time since last: 1000120674 ns, Reaching safepoint: 6900 ns, Cleanup: 10600 ns, At safepoint: 2400 ns, Total: 19900 ns
[754.427s][info ][safepoint      ] Safepoint "Cleanup", Time since last: 10000761570 ns, Reaching safepoint: 4300 ns, Cleanup: 6800 ns, At safepoint: 2200 ns, Total: 13300 ns
[761.428s][info ][safepoint      ] Safepoint "Cleanup", Time since last: 7000546669 ns, Reaching safepoint: 6000 ns, Cleanup: 7400 ns, At safepoint: 2100 ns, Total: 15500 ns
[762.428s][info ][safepoint      ] Safepoint "Cleanup", Time since last: 1000134818 ns, Reaching safepoint: 6000 ns, Cleanup: 14700 ns, At safepoint: 2400 ns, Total: 23100 ns
[767.216s][info ][gc,start       ] GC(25) Pause Young (Allocation Failure)
[767.219s][debug][gc,phases      ] GC(25) Scavenge 3.311ms
[767.219s][debug][gc,ref         ] GC(25) ReferenceProcessor::execute queues: 1, RefProcThreadModel::Single, marks_oops_alive: false
[767.219s][debug][gc,ref         ] GC(25) Skipped KeepAliveFinalRefsPhase of Reference Processing: no references
[767.219s][debug][gc,ref         ] GC(25) ReferenceProcessor::execute queues: 1, RefProcThreadModel::Single, marks_oops_alive: false
[767.219s][debug][gc,phases      ] GC(25) Reference Processing 0.119ms
[767.219s][debug][gc,phases      ] GC(25)   VM Weak                        Min:  0.0, Avg:  0.0, Max:  0.0, Diff:  0.0, Sum:  0.0, Workers: 4
[767.219s][debug][gc,phases      ] GC(25)     Dead                           Min: 0, Avg:  0.0, Max: 0, Diff: 0, Sum: 0, Workers: 4
[767.219s][debug][gc,phases      ] GC(25)     Total                          Min: 0, Avg: 255.8, Max: 896, Diff: 896, Sum: 1023, Workers: 4
[767.219s][debug][gc,phases      ] GC(25)   ObjectSynchronizer Weak        Min:  0.0, Avg:  0.0, Max:  0.0, Diff:  0.0, Sum:  0.0, Workers: 4
[767.219s][debug][gc,phases      ] GC(25)     Dead                           Min: 0, Avg:  0.0, Max: 0, Diff: 0, Sum: 0, Workers: 4
[767.219s][debug][gc,phases      ] GC(25)     Total                          Min: 0, Avg:  1.0, Max: 4, Diff: 4, Sum: 4, Workers: 4
[767.219s][debug][gc,phases      ] GC(25)   JVMTI Tag Weak OopStorage      Min:  0.0, Avg:  0.0, Max:  0.0, Diff:  0.0, Sum:  0.0, Workers: 4
[767.219s][debug][gc,phases      ] GC(25)     Dead                           Min: 0, Avg:  0.0, Max: 0, Diff: 0, Sum: 0, Workers: 4
[767.219s][debug][gc,phases      ] GC(25)     Total                          Min: 0, Avg:  0.0, Max: 0, Diff: 0, Sum: 0, Workers: 4
[767.220s][debug][gc,phases      ] GC(25)   StringTable Weak               Min:  0.1, Avg:  0.1, Max:  0.1, Diff:  0.0, Sum:  0.5, Workers: 4
[767.220s][debug][gc,phases      ] GC(25)     Dead                           Min: 0, Avg:  0.0, Max: 0, Diff: 0, Sum: 0, Workers: 4
[767.220s][debug][gc,phases      ] GC(25)     Total                          Min: 11008, Avg: 11558.2, Max: 12479, Diff: 1471, Sum: 46233, Workers: 4
[767.220s][debug][gc,phases      ] GC(25)   ResolvedMethodTable Weak       Min:  0.0, Avg:  0.0, Max:  0.0, Diff:  0.0, Sum:  0.2, Workers: 4
[767.220s][debug][gc,phases      ] GC(25)     Dead                           Min: 0, Avg:  4.0, Max: 16, Diff: 16, Sum: 16, Workers: 4
[767.220s][debug][gc,phases      ] GC(25)     Total                          Min: 3399, Avg: 3819.2, Max: 4138, Diff: 739, Sum: 15277, Workers: 4
[767.220s][debug][gc,phases      ] GC(25)   JNI Weak                       Min:  0.0, Avg:  0.0, Max:  0.0, Diff:  0.0, Sum:  0.0, Workers: 4
[767.220s][debug][gc,phases      ] GC(25)     Dead                           Min: 0, Avg:  0.0, Max: 0, Diff: 0, Sum: 0, Workers: 4
[767.220s][debug][gc,phases      ] GC(25)     Total                          Min: 0, Avg: 13.0, Max: 52, Diff: 52, Sum: 52, Workers: 4
[767.220s][debug][gc,phases      ] GC(25)   StringDedup Table Weak         Min:  0.0, Avg:  0.0, Max:  0.0, Diff:  0.0, Sum:  0.0, Workers: 4
[767.220s][debug][gc,phases      ] GC(25)     Dead                           Min: 0, Avg:  0.0, Max: 0, Diff: 0, Sum: 0, Workers: 4
[767.220s][debug][gc,phases      ] GC(25)     Total                          Min: 0, Avg:  0.0, Max: 0, Diff: 0, Sum: 0, Workers: 4
[767.220s][debug][gc,phases      ] GC(25)   StringDedup Requests0 Weak     Min:  0.0, Avg:  0.0, Max:  0.0, Diff:  0.0, Sum:  0.0, Workers: 4
[767.220s][debug][gc,phases      ] GC(25)     Dead                           Min: 0, Avg:  0.0, Max: 0, Diff: 0, Sum: 0, Workers: 4
[767.220s][debug][gc,phases      ] GC(25)     Total                          Min: 0, Avg:  0.0, Max: 0, Diff: 0, Sum: 0, Workers: 4
[767.220s][debug][gc,phases      ] GC(25)   StringDedup Requests1 Weak     Min:  0.0, Avg:  0.0, Max:  0.0, Diff:  0.0, Sum:  0.0, Workers: 4
[767.220s][debug][gc,phases      ] GC(25)     Dead                           Min: 0, Avg:  0.0, Max: 0, Diff: 0, Sum: 0, Workers: 4
[767.220s][debug][gc,phases      ] GC(25)     Total                          Min: 0, Avg:  0.0, Max: 0, Diff: 0, Sum: 0, Workers: 4
[767.220s][debug][gc,phases      ] GC(25)   Weak JFR Old Object Samples    Min:  0.0, Avg:  0.0, Max:  0.0, Diff:  0.0, Sum:  0.0, Workers: 4
[767.220s][debug][gc,phases      ] GC(25)     Dead                           Min: 0, Avg:  0.0, Max: 0, Diff: 0, Sum: 0, Workers: 4
[767.220s][debug][gc,phases      ] GC(25)     Total                          Min: 0, Avg:  0.0, Max: 0, Diff: 0, Sum: 0, Workers: 4
[767.220s][debug][gc,phases      ] GC(25) Weak Processing 0.406ms
[767.220s][debug][gc,age         ] GC(25) Desired survivor size 184025088 bytes, new threshold 1 (max threshold 15)
[767.220s][info ][gc,heap        ] GC(25) PSYoungGen: 1712432K(1908224K)->4473K(1898496K) Eden: 1709568K(1709568K)->0K(1709568K) From: 2864K(198656K)->4473K(188928K)
[767.220s][info ][gc,heap        ] GC(25) ParOldGen: 251083K(251392K)->251635K(251904K)
[767.220s][info ][gc,metaspace   ] GC(25) Metaspace: 105651K(107072K)->105651K(107072K) NonClass: 89615K(90432K)->89615K(90432K) Class: 16036K(16640K)->16036K(16640K)
[767.220s][info ][gc             ] GC(25) Pause Young (Allocation Failure) 1917M->250M(2100M) 3.986ms
[767.220s][info ][gc,cpu         ] GC(25) User=0.01s Sys=0.00s Real=0.00s
[767.220s][info ][safepoint      ] Safepoint "ParallelGCFailedAllocation", Time since last: 4787799542 ns, Reaching safepoint: 4700 ns, Cleanup: 10600 ns, At safepoint: 4087936 ns, Total: 4103236 ns
[770.220s][info ][safepoint      ] Safepoint "Cleanup", Time since last: 3000230202 ns, Reaching safepoint: 5900 ns, Cleanup: 9100 ns, At safepoint: 3000 ns, Total: 18000 ns
[771.220s][info ][safepoint      ] Safepoint "Cleanup", Time since last: 1000101965 ns, Reaching safepoint: 5600 ns, Cleanup: 8800 ns, At safepoint: 2701 ns, Total: 17101 ns
[778.221s][info ][safepoint      ] Safepoint "Cleanup", Time since last: 7000521753 ns, Reaching safepoint: 5600 ns, Cleanup: 9800 ns, At safepoint: 2600 ns, Total: 18000 ns
[783.442s][info ][safepoint      ] Safepoint "Cleanup", Time since last: 5221374098 ns, Reaching safepoint: 10300 ns, Cleanup: 14301 ns, At safepoint: 3300 ns, Total: 27901 ns
[784.442s][info ][safepoint      ] Safepoint "Cleanup", Time since last: 1000149866 ns, Reaching safepoint: 10000 ns, Cleanup: 15401 ns, At safepoint: 3100 ns, Total: 28501 ns
[810.444s][info ][safepoint      ] Safepoint "Cleanup", Time since last: 26002215535 ns, Reaching safepoint: 7324 ns, Cleanup: 12641 ns, At safepoint: 2909 ns, Total: 22874 ns
[811.445s][info ][safepoint      ] Safepoint "Cleanup", Time since last: 1000107587 ns, Reaching safepoint: 6600 ns, Cleanup: 14300 ns, At safepoint: 2600 ns, Total: 23500 ns
[819.445s][info ][safepoint      ] Safepoint "Cleanup", Time since last: 8000650500 ns, Reaching safepoint: 8200 ns, Cleanup: 12701 ns, At safepoint: 2500 ns, Total: 23401 ns
[820.445s][info ][safepoint      ] Safepoint "Cleanup", Time since last: 1000126062 ns, Reaching safepoint: 8100 ns, Cleanup: 15901 ns, At safepoint: 2600 ns, Total: 26601 ns
[828.723s][info ][gc,start       ] GC(26) Pause Young (Allocation Failure)
[828.726s][debug][gc,phases      ] GC(26) Scavenge 2.952ms
[828.726s][debug][gc,ref         ] GC(26) ReferenceProcessor::execute queues: 1, RefProcThreadModel::Single, marks_oops_alive: false
[828.726s][debug][gc,ref         ] GC(26) Skipped KeepAliveFinalRefsPhase of Reference Processing: no references
[828.726s][debug][gc,ref         ] GC(26) Skipped PhantomRefsPhase of Reference Processing: no references
[828.726s][debug][gc,phases      ] GC(26) Reference Processing 0.114ms
[828.726s][debug][gc,phases      ] GC(26)   VM Weak                        Min:  0.0, Avg:  0.0, Max:  0.0, Diff:  0.0, Sum:  0.0, Workers: 4
[828.726s][debug][gc,phases      ] GC(26)     Dead                           Min: 0, Avg:  0.0, Max: 0, Diff: 0, Sum: 0, Workers: 4
[828.726s][debug][gc,phases      ] GC(26)     Total                          Min: 0, Avg: 255.8, Max: 511, Diff: 511, Sum: 1023, Workers: 4
[828.726s][debug][gc,phases      ] GC(26)   ObjectSynchronizer Weak        Min:  0.0, Avg:  0.0, Max:  0.0, Diff:  0.0, Sum:  0.0, Workers: 4
[828.726s][debug][gc,phases      ] GC(26)     Dead                           Min: 0, Avg:  0.0, Max: 0, Diff: 0, Sum: 0, Workers: 4
[828.726s][debug][gc,phases      ] GC(26)     Total                          Min: 0, Avg:  1.0, Max: 4, Diff: 4, Sum: 4, Workers: 4
[828.726s][debug][gc,phases      ] GC(26)   JVMTI Tag Weak OopStorage      Min:  0.0, Avg:  0.0, Max:  0.0, Diff:  0.0, Sum:  0.0, Workers: 4
[828.726s][debug][gc,phases      ] GC(26)     Dead                           Min: 0, Avg:  0.0, Max: 0, Diff: 0, Sum: 0, Workers: 4
[828.726s][debug][gc,phases      ] GC(26)     Total                          Min: 0, Avg:  0.0, Max: 0, Diff: 0, Sum: 0, Workers: 4
[828.726s][debug][gc,phases      ] GC(26)   StringTable Weak               Min:  0.0, Avg:  0.1, Max:  0.2, Diff:  0.2, Sum:  0.4, Workers: 4
[828.726s][debug][gc,phases      ] GC(26)     Dead                           Min: 0, Avg:  0.0, Max: 0, Diff: 0, Sum: 0, Workers: 4
[828.726s][debug][gc,phases      ] GC(26)     Total                          Min: 0, Avg: 11559.0, Max: 16861, Diff: 16861, Sum: 46236, Workers: 4
[828.726s][debug][gc,phases      ] GC(26)   ResolvedMethodTable Weak       Min:  0.0, Avg:  0.0, Max:  0.1, Diff:  0.1, Sum:  0.2, Workers: 4
[828.726s][debug][gc,phases      ] GC(26)     Dead                           Min: 0, Avg:  4.0, Max: 16, Diff: 16, Sum: 16, Workers: 4
[828.726s][debug][gc,phases      ] GC(26)     Total                          Min: 0, Avg: 3819.2, Max: 5799, Diff: 5799, Sum: 15277, Workers: 4
[828.726s][debug][gc,phases      ] GC(26)   JNI Weak                       Min:  0.0, Avg:  0.0, Max:  0.0, Diff:  0.0, Sum:  0.0, Workers: 4
[828.726s][debug][gc,phases      ] GC(26)     Dead                           Min: 0, Avg:  0.0, Max: 0, Diff: 0, Sum: 0, Workers: 4
[828.726s][debug][gc,phases      ] GC(26)     Total                          Min: 0, Avg: 13.0, Max: 52, Diff: 52, Sum: 52, Workers: 4
[828.726s][debug][gc,phases      ] GC(26)   StringDedup Table Weak         Min:  0.0, Avg:  0.0, Max:  0.0, Diff:  0.0, Sum:  0.0, Workers: 4
[828.726s][debug][gc,phases      ] GC(26)     Dead                           Min: 0, Avg:  0.0, Max: 0, Diff: 0, Sum: 0, Workers: 4
[828.726s][debug][gc,phases      ] GC(26)     Total                          Min: 0, Avg:  0.0, Max: 0, Diff: 0, Sum: 0, Workers: 4
[828.726s][debug][gc,phases      ] GC(26)   StringDedup Requests0 Weak     Min:  0.0, Avg:  0.0, Max:  0.0, Diff:  0.0, Sum:  0.0, Workers: 4
[828.726s][debug][gc,phases      ] GC(26)     Dead                           Min: 0, Avg:  0.0, Max: 0, Diff: 0, Sum: 0, Workers: 4
[828.726s][debug][gc,phases      ] GC(26)     Total                          Min: 0, Avg:  0.0, Max: 0, Diff: 0, Sum: 0, Workers: 4
[828.726s][debug][gc,phases      ] GC(26)   StringDedup Requests1 Weak     Min:  0.0, Avg:  0.0, Max:  0.0, Diff:  0.0, Sum:  0.0, Workers: 4
[828.726s][debug][gc,phases      ] GC(26)     Dead                           Min: 0, Avg:  0.0, Max: 0, Diff: 0, Sum: 0, Workers: 4
[828.727s][debug][gc,phases      ] GC(26)     Total                          Min: 0, Avg:  0.0, Max: 0, Diff: 0, Sum: 0, Workers: 4
[828.727s][debug][gc,phases      ] GC(26)   Weak JFR Old Object Samples    Min:  0.0, Avg:  0.0, Max:  0.0, Diff:  0.0, Sum:  0.0, Workers: 4
[828.727s][debug][gc,phases      ] GC(26)     Dead                           Min: 0, Avg:  0.0, Max: 0, Diff: 0, Sum: 0, Workers: 4
[828.727s][debug][gc,phases      ] GC(26)     Total                          Min: 0, Avg:  0.0, Max: 0, Diff: 0, Sum: 0, Workers: 4
[828.727s][debug][gc,phases      ] GC(26) Weak Processing 0.463ms
[828.727s][debug][gc,age         ] GC(26) Desired survivor size 174063616 bytes, new threshold 1 (max threshold 15)
[828.727s][info ][gc,heap        ] GC(26) PSYoungGen: 1714041K(1898496K)->3280K(1927168K) Eden: 1709568K(1709568K)->0K(1747456K) From: 4473K(188928K)->3280K(179712K)
[828.727s][info ][gc,heap        ] GC(26) ParOldGen: 251635K(251904K)->253528K(253952K)
[828.727s][info ][gc,metaspace   ] GC(26) Metaspace: 105674K(107072K)->105674K(107072K) NonClass: 89638K(90432K)->89638K(90432K) Class: 16036K(16640K)->16036K(16640K)
[828.727s][info ][gc             ] GC(26) Pause Young (Allocation Failure) 1919M->250M(2130M) 3.673ms
[828.727s][info ][gc,cpu         ] GC(26) User=0.01s Sys=0.00s Real=0.00s
[828.727s][info ][safepoint      ] Safepoint "ParallelGCFailedAllocation", Time since last: 8277433036 ns, Reaching safepoint: 7400 ns, Cleanup: 5301 ns, At safepoint: 3751197 ns, Total: 3763898 ns
[833.727s][info ][safepoint      ] Safepoint "Cleanup", Time since last: 5000368951 ns, Reaching safepoint: 6201 ns, Cleanup: 12601 ns, At safepoint: 2500 ns, Total: 21302 ns
[851.461s][info ][safepoint      ] Safepoint "Cleanup", Time since last: 17733976109 ns, Reaching safepoint: 7001 ns, Cleanup: 10300 ns, At safepoint: 2400 ns, Total: 19701 ns
[855.461s][info ][safepoint      ] Safepoint "Cleanup", Time since last: 4000329838 ns, Reaching safepoint: 6901 ns, Cleanup: 10800 ns, At safepoint: 2900 ns, Total: 20601 ns
[860.462s][info ][safepoint      ] Safepoint "Cleanup", Time since last: 5000381743 ns, Reaching safepoint: 7000 ns, Cleanup: 9900 ns, At safepoint: 3000 ns, Total: 19900 ns
[861.462s][info ][safepoint      ] Safepoint "Cleanup", Time since last: 1000122798 ns, Reaching safepoint: 8000 ns, Cleanup: 11301 ns, At safepoint: 3500 ns, Total: 22801 ns
[862.462s][info ][safepoint      ] Safepoint "Cleanup", Time since last: 1000119578 ns, Reaching safepoint: 7301 ns, Cleanup: 9700 ns, At safepoint: 2501 ns, Total: 19502 ns
[863.462s][info ][safepoint      ] Safepoint "Cleanup", Time since last: 1000120878 ns, Reaching safepoint: 7400 ns, Cleanup: 11001 ns, At safepoint: 3100 ns, Total: 21501 ns
[864.462s][info ][safepoint      ] Safepoint "Cleanup", Time since last: 1000141380 ns, Reaching safepoint: 6800 ns, Cleanup: 12701 ns, At safepoint: 2800 ns, Total: 22301 ns
[865.462s][info ][safepoint      ] Safepoint "Cleanup", Time since last: 1000118278 ns, Reaching safepoint: 6801 ns, Cleanup: 9701 ns, At safepoint: 2700 ns, Total: 19202 ns
[867.463s][info ][safepoint      ] Safepoint "Cleanup", Time since last: 2000194841 ns, Reaching safepoint: 5901 ns, Cleanup: 9500 ns, At safepoint: 2900 ns, Total: 18301 ns
[869.463s][info ][safepoint      ] Safepoint "Cleanup", Time since last: 2000184391 ns, Reaching safepoint: 7500 ns, Cleanup: 11901 ns, At safepoint: 3100 ns, Total: 22501 ns
[872.463s][info ][safepoint      ] Safepoint "Cleanup", Time since last: 3000321019 ns, Reaching safepoint: 7801 ns, Cleanup: 12301 ns, At safepoint: 3200 ns, Total: 23302 ns
[874.463s][info ][safepoint      ] Safepoint "Cleanup", Time since last: 2000196427 ns, Reaching safepoint: 8400 ns, Cleanup: 10801 ns, At safepoint: 2700 ns, Total: 21901 ns
[876.464s][info ][safepoint      ] Safepoint "Cleanup", Time since last: 2000193874 ns, Reaching safepoint: 7001 ns, Cleanup: 18401 ns, At safepoint: 2700 ns, Total: 28102 ns
[877.464s][info ][safepoint      ] Safepoint "Cleanup", Time since last: 1000128239 ns, Reaching safepoint: 5400 ns, Cleanup: 7400 ns, At safepoint: 2600 ns, Total: 15400 ns
[879.464s][info ][safepoint      ] Safepoint "Cleanup", Time since last: 2000172373 ns, Reaching safepoint: 7201 ns, Cleanup: 11400 ns, At safepoint: 2901 ns, Total: 21502 ns
[880.464s][info ][safepoint      ] Safepoint "Cleanup", Time since last: 1000140743 ns, Reaching safepoint: 7801 ns, Cleanup: 14101 ns, At safepoint: 2900 ns, Total: 24802 ns
[883.464s][info ][safepoint      ] Safepoint "Cleanup", Time since last: 3000265525 ns, Reaching safepoint: 7001 ns, Cleanup: 16800 ns, At safepoint: 2701 ns, Total: 26502 ns
[884.465s][info ][safepoint      ] Safepoint "Cleanup", Time since last: 1000120267 ns, Reaching safepoint: 7300 ns, Cleanup: 9701 ns, At safepoint: 2800 ns, Total: 19801 ns
[888.052s][info ][gc,start       ] GC(27) Pause Young (Allocation Failure)
[888.055s][debug][gc,phases      ] GC(27) Scavenge 3.466ms
[888.055s][debug][gc,ref         ] GC(27) ReferenceProcessor::execute queues: 1, RefProcThreadModel::Single, marks_oops_alive: false
[888.055s][debug][gc,ref         ] GC(27) Skipped KeepAliveFinalRefsPhase of Reference Processing: no references
[888.055s][debug][gc,ref         ] GC(27) ReferenceProcessor::execute queues: 1, RefProcThreadModel::Single, marks_oops_alive: false
[888.055s][debug][gc,phases      ] GC(27) Reference Processing 0.119ms
[888.056s][debug][gc,phases      ] GC(27)   VM Weak                        Min:  0.0, Avg:  0.0, Max:  0.0, Diff:  0.0, Sum:  0.0, Workers: 4
[888.056s][debug][gc,phases      ] GC(27)     Dead                           Min: 0, Avg:  0.0, Max: 0, Diff: 0, Sum: 0, Workers: 4
[888.056s][debug][gc,phases      ] GC(27)     Total                          Min: 0, Avg: 255.8, Max: 896, Diff: 896, Sum: 1023, Workers: 4
[888.056s][debug][gc,phases      ] GC(27)   ObjectSynchronizer Weak        Min:  0.0, Avg:  0.0, Max:  0.0, Diff:  0.0, Sum:  0.0, Workers: 4
[888.056s][debug][gc,phases      ] GC(27)     Dead                           Min: 0, Avg:  0.0, Max: 0, Diff: 0, Sum: 0, Workers: 4
[888.056s][debug][gc,phases      ] GC(27)     Total                          Min: 0, Avg:  1.0, Max: 4, Diff: 4, Sum: 4, Workers: 4
[888.056s][debug][gc,phases      ] GC(27)   JVMTI Tag Weak OopStorage      Min:  0.0, Avg:  0.0, Max:  0.0, Diff:  0.0, Sum:  0.0, Workers: 4
[888.056s][debug][gc,phases      ] GC(27)     Dead                           Min: 0, Avg:  0.0, Max: 0, Diff: 0, Sum: 0, Workers: 4
[888.056s][debug][gc,phases      ] GC(27)     Total                          Min: 0, Avg:  0.0, Max: 0, Diff: 0, Sum: 0, Workers: 4
[888.056s][debug][gc,phases      ] GC(27)   StringTable Weak               Min:  0.0, Avg:  0.1, Max:  0.2, Diff:  0.2, Sum:  0.5, Workers: 4
[888.056s][debug][gc,phases      ] GC(27)     Dead                           Min: 0, Avg:  0.0, Max: 0, Diff: 0, Sum: 0, Workers: 4
[888.056s][debug][gc,phases      ] GC(27)     Total                          Min: 0, Avg: 11562.2, Max: 15808, Diff: 15808, Sum: 46249, Workers: 4
[888.056s][debug][gc,phases      ] GC(27)   ResolvedMethodTable Weak       Min:  0.0, Avg:  0.0, Max:  0.1, Diff:  0.1, Sum:  0.2, Workers: 4
[888.056s][debug][gc,phases      ] GC(27)     Dead                           Min: 0, Avg:  4.0, Max: 16, Diff: 16, Sum: 16, Workers: 4
[888.056s][debug][gc,phases      ] GC(27)     Total                          Min: 0, Avg: 3819.2, Max: 5618, Diff: 5618, Sum: 15277, Workers: 4
[888.056s][debug][gc,phases      ] GC(27)   JNI Weak                       Min:  0.0, Avg:  0.0, Max:  0.0, Diff:  0.0, Sum:  0.0, Workers: 4
[888.056s][debug][gc,phases      ] GC(27)     Dead                           Min: 0, Avg:  0.0, Max: 0, Diff: 0, Sum: 0, Workers: 4
[888.056s][debug][gc,phases      ] GC(27)     Total                          Min: 0, Avg: 13.0, Max: 52, Diff: 52, Sum: 52, Workers: 4
[888.056s][debug][gc,phases      ] GC(27)   StringDedup Table Weak         Min:  0.0, Avg:  0.0, Max:  0.0, Diff:  0.0, Sum:  0.0, Workers: 4
[888.056s][debug][gc,phases      ] GC(27)     Dead                           Min: 0, Avg:  0.0, Max: 0, Diff: 0, Sum: 0, Workers: 4
[888.056s][debug][gc,phases      ] GC(27)     Total                          Min: 0, Avg:  0.0, Max: 0, Diff: 0, Sum: 0, Workers: 4
[888.056s][debug][gc,phases      ] GC(27)   StringDedup Requests0 Weak     Min:  0.0, Avg:  0.0, Max:  0.0, Diff:  0.0, Sum:  0.0, Workers: 4
[888.056s][debug][gc,phases      ] GC(27)     Dead                           Min: 0, Avg:  0.0, Max: 0, Diff: 0, Sum: 0, Workers: 4
[888.056s][debug][gc,phases      ] GC(27)     Total                          Min: 0, Avg:  0.0, Max: 0, Diff: 0, Sum: 0, Workers: 4
[888.056s][debug][gc,phases      ] GC(27)   StringDedup Requests1 Weak     Min:  0.0, Avg:  0.0, Max:  0.0, Diff:  0.0, Sum:  0.0, Workers: 4
[888.056s][debug][gc,phases      ] GC(27)     Dead                           Min: 0, Avg:  0.0, Max: 0, Diff: 0, Sum: 0, Workers: 4
[888.056s][debug][gc,phases      ] GC(27)     Total                          Min: 0, Avg:  0.0, Max: 0, Diff: 0, Sum: 0, Workers: 4
[888.056s][debug][gc,phases      ] GC(27)   Weak JFR Old Object Samples    Min:  0.0, Avg:  0.0, Max:  0.0, Diff:  0.0, Sum:  0.0, Workers: 4
[888.056s][debug][gc,phases      ] GC(27)     Dead                           Min: 0, Avg:  0.0, Max: 0, Diff: 0, Sum: 0, Workers: 4
[888.056s][debug][gc,phases      ] GC(27)     Total                          Min: 0, Avg:  0.0, Max: 0, Diff: 0, Sum: 0, Workers: 4
[888.056s][debug][gc,phases      ] GC(27) Weak Processing 0.480ms
[888.056s][debug][gc,age         ] GC(27) Desired survivor size 164626432 bytes, new threshold 1 (max threshold 15)
[888.056s][info ][gc,heap        ] GC(27) PSYoungGen: 1750736K(1927168K)->3888K(1917440K) Eden: 1747456K(1747456K)->0K(1747456K) From: 3280K(179712K)->3888K(169984K)
[888.056s][info ][gc,heap        ] GC(27) ParOldGen: 253528K(253952K)->254220K(254464K)
[888.056s][info ][gc,metaspace   ] GC(27) Metaspace: 105719K(107136K)->105719K(107136K) NonClass: 89682K(90496K)->89682K(90496K) Class: 16036K(16640K)->16036K(16640K)
[888.056s][info ][gc             ] GC(27) Pause Young (Allocation Failure) 1957M->252M(2121M) 4.207ms
[888.056s][info ][gc,cpu         ] GC(27) User=0.01s Sys=0.00s Real=0.01s
[888.056s][info ][safepoint      ] Safepoint "ParallelGCFailedAllocation", Time since last: 3586828462 ns, Reaching safepoint: 84106 ns, Cleanup: 4600 ns, At safepoint: 4318171 ns, Total: 4406877 ns
[898.057s][info ][safepoint      ] Safepoint "Cleanup", Time since last: 10000751864 ns, Reaching safepoint: 7400 ns, Cleanup: 10901 ns, At safepoint: 2800 ns, Total: 21101 ns
[899.057s][info ][safepoint      ] Safepoint "Cleanup", Time since last: 1000125116 ns, Reaching safepoint: 8300 ns, Cleanup: 15601 ns, At safepoint: 2800 ns, Total: 26701 ns
[900.057s][info ][safepoint      ] Safepoint "Cleanup", Time since last: 1000131990 ns, Reaching safepoint: 8100 ns, Cleanup: 12701 ns, At safepoint: 2700 ns, Total: 23501 ns
[904.478s][info ][safepoint      ] Safepoint "Cleanup", Time since last: 4420688541 ns, Reaching safepoint: 8300 ns, Cleanup: 15501 ns, At safepoint: 2600 ns, Total: 26401 ns
[909.478s][info ][safepoint      ] Safepoint "Cleanup", Time since last: 5000401935 ns, Reaching safepoint: 6000 ns, Cleanup: 8401 ns, At safepoint: 2600 ns, Total: 17001 ns
[913.478s][info ][safepoint      ] Safepoint "Cleanup", Time since last: 4000333732 ns, Reaching safepoint: 6101 ns, Cleanup: 38202 ns, At safepoint: 2800 ns, Total: 47103 ns
[915.479s][info ][safepoint      ] Safepoint "Cleanup", Time since last: 2000186498 ns, Reaching safepoint: 6201 ns, Cleanup: 11000 ns, At safepoint: 2400 ns, Total: 19601 ns
[916.479s][info ][safepoint      ] Safepoint "Cleanup", Time since last: 1000115677 ns, Reaching safepoint: 7000 ns, Cleanup: 7000 ns, At safepoint: 2501 ns, Total: 16501 ns
[917.479s][info ][safepoint      ] Safepoint "Cleanup", Time since last: 1000118576 ns, Reaching safepoint: 7101 ns, Cleanup: 10800 ns, At safepoint: 2500 ns, Total: 20401 ns
[918.479s][info ][safepoint      ] Safepoint "Cleanup", Time since last: 1000119377 ns, Reaching safepoint: 6500 ns, Cleanup: 9801 ns, At safepoint: 2600 ns, Total: 18901 ns
[919.479s][info ][safepoint      ] Safepoint "Cleanup", Time since last: 1000117376 ns, Reaching safepoint: 6601 ns, Cleanup: 16301 ns, At safepoint: 2800 ns, Total: 25702 ns
[920.479s][info ][safepoint      ] Safepoint "Cleanup", Time since last: 1000116025 ns, Reaching safepoint: 6800 ns, Cleanup: 11701 ns, At safepoint: 2500 ns, Total: 21001 ns
[921.480s][info ][safepoint      ] Safepoint "Cleanup", Time since last: 1000113643 ns, Reaching safepoint: 6301 ns, Cleanup: 46802 ns, At safepoint: 3200 ns, Total: 56303 ns
[922.480s][info ][safepoint      ] Safepoint "Cleanup", Time since last: 1000114466 ns, Reaching safepoint: 6600 ns, Cleanup: 14801 ns, At safepoint: 2600 ns, Total: 24001 ns
[923.480s][info ][safepoint      ] Safepoint "Cleanup", Time since last: 1000114904 ns, Reaching safepoint: 7100 ns, Cleanup: 47302 ns, At safepoint: 2500 ns, Total: 56902 ns
[924.480s][info ][safepoint      ] Safepoint "Cleanup", Time since last: 1000119504 ns, Reaching safepoint: 6100 ns, Cleanup: 9601 ns, At safepoint: 2600 ns, Total: 18301 ns
[929.480s][info ][safepoint      ] Safepoint "Cleanup", Time since last: 5000392057 ns, Reaching safepoint: 7500 ns, Cleanup: 9101 ns, At safepoint: 2600 ns, Total: 19201 ns
[930.481s][info ][safepoint      ] Safepoint "Cleanup", Time since last: 1000116721 ns, Reaching safepoint: 6001 ns, Cleanup: 22601 ns, At safepoint: 2600 ns, Total: 31202 ns
[931.481s][info ][safepoint      ] Safepoint "Cleanup", Time since last: 1000114160 ns, Reaching safepoint: 6100 ns, Cleanup: 11600 ns, At safepoint: 2801 ns, Total: 20501 ns
[932.481s][info ][safepoint      ] Safepoint "Cleanup", Time since last: 1000122460 ns, Reaching safepoint: 7100 ns, Cleanup: 12200 ns, At safepoint: 2501 ns, Total: 21801 ns
[933.481s][info ][safepoint      ] Safepoint "Cleanup", Time since last: 1000114959 ns, Reaching safepoint: 7101 ns, Cleanup: 8900 ns, At safepoint: 2700 ns, Total: 18701 ns
[937.481s][info ][safepoint      ] Safepoint "Cleanup", Time since last: 4000432837 ns, Reaching safepoint: 6600 ns, Cleanup: 10001 ns, At safepoint: 3000 ns, Total: 19601 ns
[940.482s][info ][safepoint      ] Safepoint "Cleanup", Time since last: 3000264568 ns, Reaching safepoint: 6100 ns, Cleanup: 9901 ns, At safepoint: 2800 ns, Total: 18801 ns
[943.482s][info ][safepoint      ] Safepoint "Cleanup", Time since last: 3000259243 ns, Reaching safepoint: 6800 ns, Cleanup: 14001 ns, At safepoint: 3000 ns, Total: 23801 ns
[944.482s][info ][safepoint      ] Safepoint "Cleanup", Time since last: 1000120231 ns, Reaching safepoint: 6000 ns, Cleanup: 11001 ns, At safepoint: 2800 ns, Total: 19801 ns
[946.452s][info ][gc,start       ] GC(28) Pause Young (Allocation Failure)
[946.457s][debug][gc,phases      ] GC(28) Scavenge 5.127ms
[946.458s][debug][gc,ref         ] GC(28) ReferenceProcessor::execute queues: 1, RefProcThreadModel::Single, marks_oops_alive: false
[946.458s][debug][gc,ref         ] GC(28) Skipped KeepAliveFinalRefsPhase of Reference Processing: no references
[946.458s][debug][gc,ref         ] GC(28) ReferenceProcessor::execute queues: 1, RefProcThreadModel::Single, marks_oops_alive: false
[946.458s][debug][gc,phases      ] GC(28) Reference Processing 0.118ms
[946.458s][debug][gc,phases      ] GC(28)   VM Weak                        Min:  0.0, Avg:  0.0, Max:  0.0, Diff:  0.0, Sum:  0.0, Workers: 4
[946.458s][debug][gc,phases      ] GC(28)     Dead                           Min: 0, Avg:  0.0, Max: 0, Diff: 0, Sum: 0, Workers: 4
[946.458s][debug][gc,phases      ] GC(28)     Total                          Min: 0, Avg: 255.8, Max: 576, Diff: 576, Sum: 1023, Workers: 4
[946.458s][debug][gc,phases      ] GC(28)   ObjectSynchronizer Weak        Min:  0.0, Avg:  0.0, Max:  0.0, Diff:  0.0, Sum:  0.0, Workers: 4
[946.458s][debug][gc,phases      ] GC(28)     Dead                           Min: 0, Avg:  0.0, Max: 0, Diff: 0, Sum: 0, Workers: 4
[946.458s][debug][gc,phases      ] GC(28)     Total                          Min: 0, Avg:  1.2, Max: 5, Diff: 5, Sum: 5, Workers: 4
[946.458s][debug][gc,phases      ] GC(28)   JVMTI Tag Weak OopStorage      Min:  0.0, Avg:  0.0, Max:  0.0, Diff:  0.0, Sum:  0.0, Workers: 4
[946.458s][debug][gc,phases      ] GC(28)     Dead                           Min: 0, Avg:  0.0, Max: 0, Diff: 0, Sum: 0, Workers: 4
[946.458s][debug][gc,phases      ] GC(28)     Total                          Min: 0, Avg:  0.0, Max: 0, Diff: 0, Sum: 0, Workers: 4
[946.458s][debug][gc,phases      ] GC(28)   StringTable Weak               Min:  0.0, Avg:  0.1, Max:  0.1, Diff:  0.1, Sum:  0.4, Workers: 4
[946.458s][debug][gc,phases      ] GC(28)     Dead                           Min: 0, Avg:  0.0, Max: 0, Diff: 0, Sum: 0, Workers: 4
[946.458s][debug][gc,phases      ] GC(28)     Total                          Min: 0, Avg: 11565.2, Max: 17151, Diff: 17151, Sum: 46261, Workers: 4
[946.458s][debug][gc,phases      ] GC(28)   ResolvedMethodTable Weak       Min:  0.0, Avg:  0.0, Max:  0.1, Diff:  0.1, Sum:  0.2, Workers: 4
[946.458s][debug][gc,phases      ] GC(28)     Dead                           Min: 0, Avg:  4.0, Max: 16, Diff: 16, Sum: 16, Workers: 4
[946.458s][debug][gc,phases      ] GC(28)     Total                          Min: 0, Avg: 3819.2, Max: 5740, Diff: 5740, Sum: 15277, Workers: 4
[946.458s][debug][gc,phases      ] GC(28)   JNI Weak                       Min:  0.0, Avg:  0.0, Max:  0.0, Diff:  0.0, Sum:  0.0, Workers: 4
[946.458s][debug][gc,phases      ] GC(28)     Dead                           Min: 0, Avg:  0.0, Max: 0, Diff: 0, Sum: 0, Workers: 4
[946.458s][debug][gc,phases      ] GC(28)     Total                          Min: 0, Avg: 13.0, Max: 52, Diff: 52, Sum: 52, Workers: 4
[946.458s][debug][gc,phases      ] GC(28)   StringDedup Table Weak         Min:  0.0, Avg:  0.0, Max:  0.0, Diff:  0.0, Sum:  0.0, Workers: 4
[946.458s][debug][gc,phases      ] GC(28)     Dead                           Min: 0, Avg:  0.0, Max: 0, Diff: 0, Sum: 0, Workers: 4
[946.458s][debug][gc,phases      ] GC(28)     Total                          Min: 0, Avg:  0.0, Max: 0, Diff: 0, Sum: 0, Workers: 4
[946.458s][debug][gc,phases      ] GC(28)   StringDedup Requests0 Weak     Min:  0.0, Avg:  0.0, Max:  0.0, Diff:  0.0, Sum:  0.0, Workers: 4
[946.458s][debug][gc,phases      ] GC(28)     Dead                           Min: 0, Avg:  0.0, Max: 0, Diff: 0, Sum: 0, Workers: 4
[946.458s][debug][gc,phases      ] GC(28)     Total                          Min: 0, Avg:  0.0, Max: 0, Diff: 0, Sum: 0, Workers: 4
[946.458s][debug][gc,phases      ] GC(28)   StringDedup Requests1 Weak     Min:  0.0, Avg:  0.0, Max:  0.0, Diff:  0.0, Sum:  0.0, Workers: 4
[946.458s][debug][gc,phases      ] GC(28)     Dead                           Min: 0, Avg:  0.0, Max: 0, Diff: 0, Sum: 0, Workers: 4
[946.458s][debug][gc,phases      ] GC(28)     Total                          Min: 0, Avg:  0.0, Max: 0, Diff: 0, Sum: 0, Workers: 4
[946.458s][debug][gc,phases      ] GC(28)   Weak JFR Old Object Samples    Min:  0.0, Avg:  0.0, Max:  0.0, Diff:  0.0, Sum:  0.0, Workers: 4
[946.458s][debug][gc,phases      ] GC(28)     Dead                           Min: 0, Avg:  0.0, Max: 0, Diff: 0, Sum: 0, Workers: 4
[946.458s][debug][gc,phases      ] GC(28)     Total                          Min: 0, Avg:  0.0, Max: 0, Diff: 0, Sum: 0, Workers: 4
[946.458s][debug][gc,phases      ] GC(28) Weak Processing 0.431ms
[946.458s][debug][gc,age         ] GC(28) Desired survivor size 154664960 bytes, new threshold 1 (max threshold 15)
[946.458s][info ][gc,heap        ] GC(28) PSYoungGen: 1751344K(1917440K)->7511K(1946112K) Eden: 1747456K(1747456K)->0K(1785344K) From: 3888K(169984K)->7511K(160768K)
[946.458s][info ][gc,heap        ] GC(28) ParOldGen: 254220K(254464K)->254984K(255488K)
[946.458s][info ][gc,metaspace   ] GC(28) Metaspace: 105764K(107136K)->105764K(107136K) NonClass: 89726K(90496K)->89726K(90496K) Class: 16038K(16640K)->16038K(16640K)
[946.458s][info ][gc             ] GC(28) Pause Young (Allocation Failure) 1958M->256M(2150M) 5.839ms
[946.458s][info ][gc,cpu         ] GC(28) User=0.01s Sys=0.00s Real=0.00s
[946.458s][info ][safepoint      ] Safepoint "ParallelGCFailedAllocation", Time since last: 1970029273 ns, Reaching safepoint: 7401 ns, Cleanup: 10700 ns, At safepoint: 5918261 ns, Total: 5936362 ns
[954.459s][info ][safepoint      ] Safepoint "Cleanup", Time since last: 8000597650 ns, Reaching safepoint: 7300 ns, Cleanup: 58502 ns, At safepoint: 3101 ns, Total: 68903 ns
[955.459s][info ][safepoint      ] Safepoint "Cleanup", Time since last: 1000119193 ns, Reaching safepoint: 7100 ns, Cleanup: 16601 ns, At safepoint: 2900 ns, Total: 26601 ns
[957.459s][info ][safepoint      ] Safepoint "Cleanup", Time since last: 2000188383 ns, Reaching safepoint: 7101 ns, Cleanup: 23601 ns, At safepoint: 2800 ns, Total: 33502 ns
[958.459s][info ][safepoint      ] Safepoint "Cleanup", Time since last: 1000118993 ns, Reaching safepoint: 7700 ns, Cleanup: 11401 ns, At safepoint: 2900 ns, Total: 22001 ns
[959.459s][info ][safepoint      ] Safepoint "Cleanup", Time since last: 1000118193 ns, Reaching safepoint: 7300 ns, Cleanup: 12900 ns, At safepoint: 3301 ns, Total: 23501 ns
[961.495s][info ][safepoint      ] Safepoint "Cleanup", Time since last: 2035590477 ns, Reaching safepoint: 8200 ns, Cleanup: 11401 ns, At safepoint: 2700 ns, Total: 22301 ns
[962.495s][info ][safepoint      ] Safepoint "Cleanup", Time since last: 1000138921 ns, Reaching safepoint: 11800 ns, Cleanup: 16201 ns, At safepoint: 3000 ns, Total: 31001 ns
[965.495s][info ][safepoint      ] Safepoint "Cleanup", Time since last: 3000284216 ns, Reaching safepoint: 9300 ns, Cleanup: 14401 ns, At safepoint: 3000 ns, Total: 26701 ns
[966.496s][info ][safepoint      ] Safepoint "Cleanup", Time since last: 1000123806 ns, Reaching safepoint: 8301 ns, Cleanup: 19400 ns, At safepoint: 3000 ns, Total: 30701 ns
[967.496s][info ][safepoint      ] Safepoint "Cleanup", Time since last: 1000147673 ns, Reaching safepoint: 11100 ns, Cleanup: 21401 ns, At safepoint: 3501 ns, Total: 36002 ns
[968.496s][info ][safepoint      ] Safepoint "Cleanup", Time since last: 1000128991 ns, Reaching safepoint: 8100 ns, Cleanup: 12701 ns, At safepoint: 2600 ns, Total: 23401 ns
[969.496s][info ][safepoint      ] Safepoint "Cleanup", Time since last: 1000120891 ns, Reaching safepoint: 8400 ns, Cleanup: 13801 ns, At safepoint: 2600 ns, Total: 24801 ns
[974.497s][info ][safepoint      ] Safepoint "Cleanup", Time since last: 5000411769 ns, Reaching safepoint: 8601 ns, Cleanup: 12000 ns, At safepoint: 2800 ns, Total: 23401 ns
[978.497s][info ][safepoint      ] Safepoint "Cleanup", Time since last: 4000359545 ns, Reaching safepoint: 10400 ns, Cleanup: 13100 ns, At safepoint: 3500 ns, Total: 27000 ns
[979.497s][info ][safepoint      ] Safepoint "Cleanup", Time since last: 1000131801 ns, Reaching safepoint: 8400 ns, Cleanup: 12601 ns, At safepoint: 27601 ns, Total: 48602 ns
[984.498s][info ][safepoint      ] Safepoint "Cleanup", Time since last: 5000457559 ns, Reaching safepoint: 10600 ns, Cleanup: 13101 ns, At safepoint: 3500 ns, Total: 27201 ns
[989.498s][info ][safepoint      ] Safepoint "Cleanup", Time since last: 5000493097 ns, Reaching safepoint: 11800 ns, Cleanup: 20001 ns, At safepoint: 3500 ns, Total: 35301 ns
[991.498s][info ][safepoint      ] Safepoint "Cleanup", Time since last: 2000240826 ns, Reaching safepoint: 89203 ns, Cleanup: 13901 ns, At safepoint: 9900 ns, Total: 113004 ns
[992.499s][info ][safepoint      ] Safepoint "Cleanup", Time since last: 1000145853 ns, Reaching safepoint: 86004 ns, Cleanup: 17801 ns, At safepoint: 8800 ns, Total: 112605 ns
[996.499s][info ][safepoint      ] Safepoint "Cleanup", Time since last: 4000436872 ns, Reaching safepoint: 85103 ns, Cleanup: 11901 ns, At safepoint: 8600 ns, Total: 105604 ns
[998.500s][info ][safepoint      ] Safepoint "Cleanup", Time since last: 2000222936 ns, Reaching safepoint: 81403 ns, Cleanup: 15600 ns, At safepoint: 6500 ns, Total: 103503 ns
[1000.500s][info ][safepoint      ] Safepoint "Cleanup", Time since last: 2000197805 ns, Reaching safepoint: 78403 ns, Cleanup: 29802 ns, At safepoint: 7100 ns, Total: 115305 ns
[1001.500s][info ][safepoint      ] Safepoint "Cleanup", Time since last: 1000138138 ns, Reaching safepoint: 85604 ns, Cleanup: 12100 ns, At safepoint: 6601 ns, Total: 104305 ns
[1005.501s][info ][safepoint      ] Safepoint "Cleanup", Time since last: 4000342837 ns, Reaching safepoint: 79503 ns, Cleanup: 10100 ns, At safepoint: 7000 ns, Total: 96603 ns
[1008.501s][info ][safepoint      ] Safepoint "Cleanup", Time since last: 3000274489 ns, Reaching safepoint: 80303 ns, Cleanup: 11201 ns, At safepoint: 7200 ns, Total: 98704 ns
[1009.501s][info ][safepoint      ] Safepoint "Cleanup", Time since last: 1000122519 ns, Reaching safepoint: 85203 ns, Cleanup: 19601 ns, At safepoint: 6900 ns, Total: 111704 ns
[1010.051s][info ][gc,start       ] GC(29) Pause Young (Allocation Failure)
[1010.057s][debug][gc,phases      ] GC(29) Scavenge 5.564ms
[1010.057s][debug][gc,ref         ] GC(29) ReferenceProcessor::execute queues: 1, RefProcThreadModel::Single, marks_oops_alive: false
[1010.057s][debug][gc,ref         ] GC(29) Skipped KeepAliveFinalRefsPhase of Reference Processing: no references
[1010.057s][debug][gc,ref         ] GC(29) ReferenceProcessor::execute queues: 1, RefProcThreadModel::Single, marks_oops_alive: false
[1010.057s][debug][gc,phases      ] GC(29) Reference Processing 0.122ms
[1010.057s][debug][gc,phases      ] GC(29)   VM Weak                        Min:  0.0, Avg:  0.0, Max:  0.0, Diff:  0.0, Sum:  0.0, Workers: 4
[1010.057s][debug][gc,phases      ] GC(29)     Dead                           Min: 0, Avg:  0.0, Max: 0, Diff: 0, Sum: 0, Workers: 4
[1010.057s][debug][gc,phases      ] GC(29)     Total                          Min: 0, Avg: 255.8, Max: 767, Diff: 767, Sum: 1023, Workers: 4
[1010.057s][debug][gc,phases      ] GC(29)   ObjectSynchronizer Weak        Min:  0.0, Avg:  0.0, Max:  0.0, Diff:  0.0, Sum:  0.0, Workers: 4
[1010.057s][debug][gc,phases      ] GC(29)     Dead                           Min: 0, Avg:  0.0, Max: 0, Diff: 0, Sum: 0, Workers: 4
[1010.057s][debug][gc,phases      ] GC(29)     Total                          Min: 0, Avg:  0.8, Max: 3, Diff: 3, Sum: 3, Workers: 4
[1010.057s][debug][gc,phases      ] GC(29)   JVMTI Tag Weak OopStorage      Min:  0.0, Avg:  0.0, Max:  0.0, Diff:  0.0, Sum:  0.0, Workers: 4
[1010.057s][debug][gc,phases      ] GC(29)     Dead                           Min: 0, Avg:  0.0, Max: 0, Diff: 0, Sum: 0, Workers: 4
[1010.057s][debug][gc,phases      ] GC(29)     Total                          Min: 0, Avg:  0.0, Max: 0, Diff: 0, Sum: 0, Workers: 4
[1010.057s][debug][gc,phases      ] GC(29)   StringTable Weak               Min:  0.0, Avg:  0.1, Max:  0.1, Diff:  0.1, Sum:  0.4, Workers: 4
[1010.057s][debug][gc,phases      ] GC(29)     Dead                           Min: 0, Avg:  0.5, Max: 2, Diff: 2, Sum: 2, Workers: 4
[1010.057s][debug][gc,phases      ] GC(29)     Total                          Min: 0, Avg: 11568.2, Max: 16192, Diff: 16192, Sum: 46273, Workers: 4
[1010.057s][debug][gc,phases      ] GC(29)   ResolvedMethodTable Weak       Min:  0.0, Avg:  0.0, Max:  0.1, Diff:  0.1, Sum:  0.2, Workers: 4
[1010.057s][debug][gc,phases      ] GC(29)     Dead                           Min: 0, Avg:  5.5, Max: 17, Diff: 17, Sum: 22, Workers: 4
[1010.057s][debug][gc,phases      ] GC(29)     Total                          Min: 0, Avg: 3822.5, Max: 5620, Diff: 5620, Sum: 15290, Workers: 4
[1010.057s][debug][gc,phases      ] GC(29)   JNI Weak                       Min:  0.0, Avg:  0.0, Max:  0.0, Diff:  0.0, Sum:  0.0, Workers: 4
[1010.057s][debug][gc,phases      ] GC(29)     Dead                           Min: 0, Avg:  0.0, Max: 0, Diff: 0, Sum: 0, Workers: 4
[1010.057s][debug][gc,phases      ] GC(29)     Total                          Min: 0, Avg: 13.0, Max: 52, Diff: 52, Sum: 52, Workers: 4
[1010.057s][debug][gc,phases      ] GC(29)   StringDedup Table Weak         Min:  0.0, Avg:  0.0, Max:  0.0, Diff:  0.0, Sum:  0.0, Workers: 4
[1010.057s][debug][gc,phases      ] GC(29)     Dead                           Min: 0, Avg:  0.0, Max: 0, Diff: 0, Sum: 0, Workers: 4
[1010.057s][debug][gc,phases      ] GC(29)     Total                          Min: 0, Avg:  0.0, Max: 0, Diff: 0, Sum: 0, Workers: 4
[1010.057s][debug][gc,phases      ] GC(29)   StringDedup Requests0 Weak     Min:  0.0, Avg:  0.0, Max:  0.0, Diff:  0.0, Sum:  0.0, Workers: 4
[1010.057s][debug][gc,phases      ] GC(29)     Dead                           Min: 0, Avg:  0.0, Max: 0, Diff: 0, Sum: 0, Workers: 4
[1010.057s][debug][gc,phases      ] GC(29)     Total                          Min: 0, Avg:  0.0, Max: 0, Diff: 0, Sum: 0, Workers: 4
[1010.057s][debug][gc,phases      ] GC(29)   StringDedup Requests1 Weak     Min:  0.0, Avg:  0.0, Max:  0.0, Diff:  0.0, Sum:  0.0, Workers: 4
[1010.057s][debug][gc,phases      ] GC(29)     Dead                           Min: 0, Avg:  0.0, Max: 0, Diff: 0, Sum: 0, Workers: 4
[1010.057s][debug][gc,phases      ] GC(29)     Total                          Min: 0, Avg:  0.0, Max: 0, Diff: 0, Sum: 0, Workers: 4
[1010.057s][debug][gc,phases      ] GC(29)   Weak JFR Old Object Samples    Min:  0.0, Avg:  0.0, Max:  0.0, Diff:  0.0, Sum:  0.0, Workers: 4
[1010.057s][debug][gc,phases      ] GC(29)     Dead                           Min: 0, Avg:  0.0, Max: 0, Diff: 0, Sum: 0, Workers: 4
[1010.057s][debug][gc,phases      ] GC(29)     Total                          Min: 0, Avg:  0.0, Max: 0, Diff: 0, Sum: 0, Workers: 4
[1010.057s][debug][gc,phases      ] GC(29) Weak Processing 0.446ms
[1010.057s][debug][gc,age         ] GC(29) Desired survivor size 145752064 bytes, new threshold 1 (max threshold 15)
[1010.057s][info ][gc,heap        ] GC(29) PSYoungGen: 1792855K(1946112K)->2784K(1936384K) Eden: 1785344K(1785344K)->0K(1785344K) From: 7511K(160768K)->2784K(151040K)
[1010.057s][info ][gc,heap        ] GC(29) ParOldGen: 254984K(255488K)->260276K(260608K)
[1010.057s][info ][gc,metaspace   ] GC(29) Metaspace: 105796K(107200K)->105796K(107200K) NonClass: 89752K(90560K)->89752K(90560K) Class: 16044K(16640K)->16044K(16640K)
[1010.057s][info ][gc             ] GC(29) Pause Young (Allocation Failure) 1999M->256M(2145M) 6.282ms
[1010.057s][info ][gc,cpu         ] GC(29) User=0.00s Sys=0.02s Real=0.01s
[1010.057s][info ][safepoint      ] Safepoint "ParallelGCFailedAllocation", Time since last: 549701861 ns, Reaching safepoint: 82404 ns, Cleanup: 4700 ns, At safepoint: 6365567 ns, Total: 6452671 ns
[1011.057s][info ][safepoint      ] Safepoint "Cleanup", Time since last: 1000087794 ns, Reaching safepoint: 6900 ns, Cleanup: 10801 ns, At safepoint: 3200 ns, Total: 20901 ns
[1014.058s][info ][safepoint      ] Safepoint "Cleanup", Time since last: 3000261259 ns, Reaching safepoint: 7901 ns, Cleanup: 11800 ns, At safepoint: 2700 ns, Total: 22401 ns
[1015.058s][info ][safepoint      ] Safepoint "Cleanup", Time since last: 1000125588 ns, Reaching safepoint: 6601 ns, Cleanup: 11000 ns, At safepoint: 2800 ns, Total: 20401 ns
[1023.059s][info ][safepoint      ] Safepoint "Cleanup", Time since last: 8000615168 ns, Reaching safepoint: 7000 ns, Cleanup: 10400 ns, At safepoint: 3000 ns, Total: 20400 ns
[1026.059s][info ][safepoint      ] Safepoint "Cleanup", Time since last: 3000296396 ns, Reaching safepoint: 7601 ns, Cleanup: 12300 ns, At safepoint: 3100 ns, Total: 23001 ns
[1030.059s][info ][safepoint      ] Safepoint "Cleanup", Time since last: 4000350919 ns, Reaching safepoint: 6400 ns, Cleanup: 7600 ns, At safepoint: 2600 ns, Total: 16600 ns
[1034.060s][info ][safepoint      ] Safepoint "Cleanup", Time since last: 4000325198 ns, Reaching safepoint: 6900 ns, Cleanup: 11600 ns, At safepoint: 2601 ns, Total: 21101 ns
[1038.060s][info ][safepoint      ] Safepoint "Cleanup", Time since last: 4000302854 ns, Reaching safepoint: 7100 ns, Cleanup: 12000 ns, At safepoint: 2600 ns, Total: 21700 ns
[1040.060s][info ][safepoint      ] Safepoint "Cleanup", Time since last: 2000190562 ns, Reaching safepoint: 6700 ns, Cleanup: 9700 ns, At safepoint: 2600 ns, Total: 19000 ns
[1043.060s][info ][safepoint      ] Safepoint "Cleanup", Time since last: 3000253604 ns, Reaching safepoint: 7600 ns, Cleanup: 18201 ns, At safepoint: 2500 ns, Total: 28301 ns
[1048.061s][info ][safepoint      ] Safepoint "Cleanup", Time since last: 5000396169 ns, Reaching safepoint: 81403 ns, Cleanup: 14301 ns, At safepoint: 7200 ns, Total: 102904 ns
[1049.068s][info ][safepoint      ] Safepoint "Cleanup", Time since last: 1000109572 ns, Reaching safepoint: 7413178 ns, Cleanup: 20300 ns, At safepoint: 9301 ns, Total: 7442779 ns
[1050.069s][info ][safepoint      ] Safepoint "Cleanup", Time since last: 1000105571 ns, Reaching safepoint: 8501 ns, Cleanup: 21901 ns, At safepoint: 3300 ns, Total: 33702 ns
[1051.069s][info ][safepoint      ] Safepoint "Cleanup", Time since last: 1000106353 ns, Reaching safepoint: 6200 ns, Cleanup: 17801 ns, At safepoint: 2400 ns, Total: 26401 ns
[1052.069s][info ][safepoint      ] Safepoint "Cleanup", Time since last: 1000110407 ns, Reaching safepoint: 9901 ns, Cleanup: 15800 ns, At safepoint: 2800 ns, Total: 28501 ns
[1055.069s][info ][safepoint      ] Safepoint "Cleanup", Time since last: 3000250720 ns, Reaching safepoint: 9301 ns, Cleanup: 17900 ns, At safepoint: 3000 ns, Total: 30201 ns
[1056.069s][info ][safepoint      ] Safepoint "Cleanup", Time since last: 1000113008 ns, Reaching safepoint: 9600 ns, Cleanup: 17901 ns, At safepoint: 3000 ns, Total: 30501 ns
[1057.069s][info ][safepoint      ] Safepoint "Cleanup", Time since last: 1000118408 ns, Reaching safepoint: 9100 ns, Cleanup: 16501 ns, At safepoint: 2900 ns, Total: 28501 ns
[1059.070s][info ][safepoint      ] Safepoint "Cleanup", Time since last: 2000172128 ns, Reaching safepoint: 7200 ns, Cleanup: 11800 ns, At safepoint: 2300 ns, Total: 21300 ns
[1060.501s][info ][gc,start       ] GC(30) Pause Young (Allocation Failure)
[1060.506s][debug][gc,phases      ] GC(30) Scavenge 4.878ms
[1060.506s][debug][gc,ref         ] GC(30) ReferenceProcessor::execute queues: 1, RefProcThreadModel::Single, marks_oops_alive: false
[1060.506s][debug][gc,ref         ] GC(30) Skipped KeepAliveFinalRefsPhase of Reference Processing: no references
[1060.506s][debug][gc,ref         ] GC(30) ReferenceProcessor::execute queues: 1, RefProcThreadModel::Single, marks_oops_alive: false
[1060.506s][debug][gc,phases      ] GC(30) Reference Processing 0.118ms
[1060.506s][debug][gc,phases      ] GC(30)   VM Weak                        Min:  0.0, Avg:  0.0, Max:  0.0, Diff:  0.0, Sum:  0.0, Workers: 4
[1060.506s][debug][gc,phases      ] GC(30)     Dead                           Min: 0, Avg:  0.0, Max: 0, Diff: 0, Sum: 0, Workers: 4
[1060.506s][debug][gc,phases      ] GC(30)     Total                          Min: 0, Avg: 255.8, Max: 960, Diff: 960, Sum: 1023, Workers: 4
[1060.506s][debug][gc,phases      ] GC(30)   ObjectSynchronizer Weak        Min:  0.0, Avg:  0.0, Max:  0.0, Diff:  0.0, Sum:  0.0, Workers: 4
[1060.506s][debug][gc,phases      ] GC(30)     Dead                           Min: 0, Avg:  0.0, Max: 0, Diff: 0, Sum: 0, Workers: 4
[1060.506s][debug][gc,phases      ] GC(30)     Total                          Min: 0, Avg:  1.0, Max: 4, Diff: 4, Sum: 4, Workers: 4
[1060.506s][debug][gc,phases      ] GC(30)   JVMTI Tag Weak OopStorage      Min:  0.0, Avg:  0.0, Max:  0.0, Diff:  0.0, Sum:  0.0, Workers: 4
[1060.506s][debug][gc,phases      ] GC(30)     Dead                           Min: 0, Avg:  0.0, Max: 0, Diff: 0, Sum: 0, Workers: 4
[1060.506s][debug][gc,phases      ] GC(30)     Total                          Min: 0, Avg:  0.0, Max: 0, Diff: 0, Sum: 0, Workers: 4
[1060.506s][debug][gc,phases      ] GC(30)   StringTable Weak               Min:  0.0, Avg:  0.1, Max:  0.1, Diff:  0.1, Sum:  0.4, Workers: 4
[1060.506s][debug][gc,phases      ] GC(30)     Dead                           Min: 0, Avg:  0.0, Max: 0, Diff: 0, Sum: 0, Workers: 4
[1060.506s][debug][gc,phases      ] GC(30)     Total                          Min: 0, Avg: 11572.8, Max: 16019, Diff: 16019, Sum: 46291, Workers: 4
[1060.506s][debug][gc,phases      ] GC(30)   ResolvedMethodTable Weak       Min:  0.0, Avg:  0.0, Max:  0.1, Diff:  0.1, Sum:  0.2, Workers: 4
[1060.506s][debug][gc,phases      ] GC(30)     Dead                           Min: 0, Avg:  7.5, Max: 24, Diff: 24, Sum: 30, Workers: 4
[1060.506s][debug][gc,phases      ] GC(30)     Total                          Min: 0, Avg: 3827.0, Max: 5366, Diff: 5366, Sum: 15308, Workers: 4
[1060.506s][debug][gc,phases      ] GC(30)   JNI Weak                       Min:  0.0, Avg:  0.0, Max:  0.0, Diff:  0.0, Sum:  0.0, Workers: 4
[1060.506s][debug][gc,phases      ] GC(30)     Dead                           Min: 0, Avg:  0.0, Max: 0, Diff: 0, Sum: 0, Workers: 4
[1060.506s][debug][gc,phases      ] GC(30)     Total                          Min: 0, Avg: 13.0, Max: 52, Diff: 52, Sum: 52, Workers: 4
[1060.506s][debug][gc,phases      ] GC(30)   StringDedup Table Weak         Min:  0.0, Avg:  0.0, Max:  0.0, Diff:  0.0, Sum:  0.0, Workers: 4
[1060.506s][debug][gc,phases      ] GC(30)     Dead                           Min: 0, Avg:  0.0, Max: 0, Diff: 0, Sum: 0, Workers: 4
[1060.506s][debug][gc,phases      ] GC(30)     Total                          Min: 0, Avg:  0.0, Max: 0, Diff: 0, Sum: 0, Workers: 4
[1060.506s][debug][gc,phases      ] GC(30)   StringDedup Requests0 Weak     Min:  0.0, Avg:  0.0, Max:  0.0, Diff:  0.0, Sum:  0.0, Workers: 4
[1060.506s][debug][gc,phases      ] GC(30)     Dead                           Min: 0, Avg:  0.0, Max: 0, Diff: 0, Sum: 0, Workers: 4
[1060.506s][debug][gc,phases      ] GC(30)     Total                          Min: 0, Avg:  0.0, Max: 0, Diff: 0, Sum: 0, Workers: 4
[1060.506s][debug][gc,phases      ] GC(30)   StringDedup Requests1 Weak     Min:  0.0, Avg:  0.0, Max:  0.0, Diff:  0.0, Sum:  0.0, Workers: 4
[1060.506s][debug][gc,phases      ] GC(30)     Dead                           Min: 0, Avg:  0.0, Max: 0, Diff: 0, Sum: 0, Workers: 4
[1060.506s][debug][gc,phases      ] GC(30)     Total                          Min: 0, Avg:  0.0, Max: 0, Diff: 0, Sum: 0, Workers: 4
[1060.506s][debug][gc,phases      ] GC(30)   Weak JFR Old Object Samples    Min:  0.0, Avg:  0.0, Max:  0.0, Diff:  0.0, Sum:  0.0, Workers: 4
[1060.506s][debug][gc,phases      ] GC(30)     Dead                           Min: 0, Avg:  0.0, Max: 0, Diff: 0, Sum: 0, Workers: 4
[1060.506s][debug][gc,phases      ] GC(30)     Total                          Min: 0, Avg:  0.0, Max: 0, Diff: 0, Sum: 0, Workers: 4
[1060.506s][debug][gc,phases      ] GC(30) Weak Processing 0.433ms
[1060.506s][debug][gc,age         ] GC(30) Desired survivor size 136839168 bytes, new threshold 1 (max threshold 15)
[1060.506s][info ][gc,heap        ] GC(30) PSYoungGen: 1788128K(1936384K)->4304K(1963520K) Eden: 1785344K(1785344K)->0K(1821184K) From: 2784K(151040K)->4304K(142336K)
[1060.506s][info ][gc,heap        ] GC(30) ParOldGen: 260276K(260608K)->260956K(261120K)
[1060.506s][info ][gc,metaspace   ] GC(30) Metaspace: 105890K(107264K)->105890K(107264K) NonClass: 89837K(90624K)->89837K(90624K) Class: 16052K(16640K)->16052K(16640K)
[1060.506s][info ][gc             ] GC(30) Pause Young (Allocation Failure) 2000M->259M(2172M) 5.574ms
[1060.506s][info ][gc,cpu         ] GC(30) User=0.02s Sys=0.00s Real=0.00s
[1060.506s][info ][safepoint      ] Safepoint "ParallelGCFailedAllocation", Time since last: 1430983994 ns, Reaching safepoint: 83102 ns, Cleanup: 9901 ns, At safepoint: 5662051 ns, Total: 5755054 ns
[1065.507s][info ][safepoint      ] Safepoint "Cleanup", Time since last: 5000380730 ns, Reaching safepoint: 79602 ns, Cleanup: 11201 ns, At safepoint: 5900 ns, Total: 96703 ns
[1068.507s][info ][safepoint      ] Safepoint "Cleanup", Time since last: 3000252274 ns, Reaching safepoint: 83702 ns, Cleanup: 11301 ns, At safepoint: 6600 ns, Total: 101603 ns
[1069.507s][info ][safepoint      ] Safepoint "Cleanup", Time since last: 1000115329 ns, Reaching safepoint: 81102 ns, Cleanup: 10901 ns, At safepoint: 5500 ns, Total: 97503 ns
[1070.508s][info ][safepoint      ] Safepoint "Cleanup", Time since last: 1000116329 ns, Reaching safepoint: 84603 ns, Cleanup: 12000 ns, At safepoint: 6000 ns, Total: 102603 ns
[1071.512s][info ][safepoint      ] Safepoint "Cleanup", Time since last: 1000130455 ns, Reaching safepoint: 3979138 ns, Cleanup: 12800 ns, At safepoint: 7000 ns, Total: 3998938 ns
[1073.512s][info ][safepoint      ] Safepoint "Cleanup", Time since last: 2000178061 ns, Reaching safepoint: 8900 ns, Cleanup: 12201 ns, At safepoint: 3200 ns, Total: 24301 ns
[1074.512s][info ][safepoint      ] Safepoint "Cleanup", Time since last: 1000114181 ns, Reaching safepoint: 9600 ns, Cleanup: 12400 ns, At safepoint: 3200 ns, Total: 25200 ns
[1075.512s][info ][safepoint      ] Safepoint "Cleanup", Time since last: 1000115648 ns, Reaching safepoint: 84402 ns, Cleanup: 13901 ns, At safepoint: 6200 ns, Total: 104503 ns
[1077.513s][info ][safepoint      ] Safepoint "Cleanup", Time since last: 2000183593 ns, Reaching safepoint: 6800 ns, Cleanup: 10500 ns, At safepoint: 3200 ns, Total: 20500 ns
[1080.513s][info ][safepoint      ] Safepoint "Cleanup", Time since last: 3000252015 ns, Reaching safepoint: 8900 ns, Cleanup: 13201 ns, At safepoint: 3200 ns, Total: 25301 ns
[1081.531s][info ][safepoint      ] Safepoint "Cleanup", Time since last: 1018671917 ns, Reaching safepoint: 10001 ns, Cleanup: 17400 ns, At safepoint: 3300 ns, Total: 30701 ns
[1083.532s][info ][safepoint      ] Safepoint "Cleanup", Time since last: 2000180172 ns, Reaching safepoint: 8100 ns, Cleanup: 17001 ns, At safepoint: 3100 ns, Total: 28201 ns
[1084.532s][info ][safepoint      ] Safepoint "Cleanup", Time since last: 1000125840 ns, Reaching safepoint: 9000 ns, Cleanup: 15601 ns, At safepoint: 3400 ns, Total: 28001 ns
[1086.532s][info ][safepoint      ] Safepoint "Cleanup", Time since last: 2000186678 ns, Reaching safepoint: 9300 ns, Cleanup: 24401 ns, At safepoint: 3100 ns, Total: 36801 ns
[1087.532s][info ][safepoint      ] Safepoint "Cleanup", Time since last: 1000106613 ns, Reaching safepoint: 7800 ns, Cleanup: 12800 ns, At safepoint: 3300 ns, Total: 23900 ns
[1089.532s][info ][safepoint      ] Safepoint "Cleanup", Time since last: 2000179370 ns, Reaching safepoint: 9200 ns, Cleanup: 11400 ns, At safepoint: 2601 ns, Total: 23201 ns
[1093.533s][info ][safepoint      ] Safepoint "Cleanup", Time since last: 4000315849 ns, Reaching safepoint: 7500 ns, Cleanup: 11800 ns, At safepoint: 2900 ns, Total: 22200 ns
[1095.533s][info ][safepoint      ] Safepoint "Cleanup", Time since last: 2000185068 ns, Reaching safepoint: 7000 ns, Cleanup: 13701 ns, At safepoint: 2600 ns, Total: 23301 ns
[1096.533s][info ][safepoint      ] Safepoint "Cleanup", Time since last: 1000105134 ns, Reaching safepoint: 6700 ns, Cleanup: 10101 ns, At safepoint: 2500 ns, Total: 19301 ns
[1100.535s][info ][safepoint      ] Safepoint "Cleanup", Time since last: 4001838310 ns, Reaching safepoint: 8801 ns, Cleanup: 12500 ns, At safepoint: 2800 ns, Total: 24101 ns
[1101.535s][info ][safepoint      ] Safepoint "Cleanup", Time since last: 1000106550 ns, Reaching safepoint: 7301 ns, Cleanup: 12500 ns, At safepoint: 28700 ns, Total: 48501 ns
[1103.293s][info ][gc,start       ] GC(31) Pause Young (Allocation Failure)
[1103.300s][debug][gc,phases      ] GC(31) Scavenge 6.941ms
[1103.300s][debug][gc,ref         ] GC(31) ReferenceProcessor::execute queues: 1, RefProcThreadModel::Single, marks_oops_alive: false
[1103.300s][debug][gc,ref         ] GC(31) Skipped KeepAliveFinalRefsPhase of Reference Processing: no references
[1103.300s][debug][gc,ref         ] GC(31) ReferenceProcessor::execute queues: 1, RefProcThreadModel::Single, marks_oops_alive: false
[1103.300s][debug][gc,phases      ] GC(31) Reference Processing 0.133ms
[1103.301s][debug][gc,phases      ] GC(31)   VM Weak                        Min:  0.0, Avg:  0.0, Max:  0.0, Diff:  0.0, Sum:  0.0, Workers: 4
[1103.301s][debug][gc,phases      ] GC(31)     Dead                           Min: 0, Avg:  0.0, Max: 0, Diff: 0, Sum: 0, Workers: 4
[1103.301s][debug][gc,phases      ] GC(31)     Total                          Min: 0, Avg: 255.8, Max: 575, Diff: 575, Sum: 1023, Workers: 4
[1103.301s][debug][gc,phases      ] GC(31)   ObjectSynchronizer Weak        Min:  0.0, Avg:  0.0, Max:  0.0, Diff:  0.0, Sum:  0.0, Workers: 4
[1103.301s][debug][gc,phases      ] GC(31)     Dead                           Min: 0, Avg:  0.0, Max: 0, Diff: 0, Sum: 0, Workers: 4
[1103.301s][debug][gc,phases      ] GC(31)     Total                          Min: 0, Avg:  0.8, Max: 3, Diff: 3, Sum: 3, Workers: 4
[1103.301s][debug][gc,phases      ] GC(31)   JVMTI Tag Weak OopStorage      Min:  0.0, Avg:  0.0, Max:  0.0, Diff:  0.0, Sum:  0.0, Workers: 4
[1103.301s][debug][gc,phases      ] GC(31)     Dead                           Min: 0, Avg:  0.0, Max: 0, Diff: 0, Sum: 0, Workers: 4
[1103.301s][debug][gc,phases      ] GC(31)     Total                          Min: 0, Avg:  0.0, Max: 0, Diff: 0, Sum: 0, Workers: 4
[1103.301s][debug][gc,phases      ] GC(31)   StringTable Weak               Min:  0.0, Avg:  0.1, Max:  0.2, Diff:  0.2, Sum:  0.4, Workers: 4
[1103.301s][debug][gc,phases      ] GC(31)     Dead                           Min: 0, Avg:  0.0, Max: 0, Diff: 0, Sum: 0, Workers: 4
[1103.301s][debug][gc,phases      ] GC(31)     Total                          Min: 0, Avg: 11573.8, Max: 23680, Diff: 23680, Sum: 46295, Workers: 4
[1103.301s][debug][gc,phases      ] GC(31)   ResolvedMethodTable Weak       Min:  0.0, Avg:  0.0, Max:  0.1, Diff:  0.1, Sum:  0.2, Workers: 4
[1103.301s][debug][gc,phases      ] GC(31)     Dead                           Min: 0, Avg:  4.0, Max: 16, Diff: 16, Sum: 16, Workers: 4
[1103.301s][debug][gc,phases      ] GC(31)     Total                          Min: 0, Avg: 3827.2, Max: 7955, Diff: 7955, Sum: 15309, Workers: 4
[1103.301s][debug][gc,phases      ] GC(31)   JNI Weak                       Min:  0.0, Avg:  0.0, Max:  0.0, Diff:  0.0, Sum:  0.0, Workers: 4
[1103.301s][debug][gc,phases      ] GC(31)     Dead                           Min: 0, Avg:  0.0, Max: 0, Diff: 0, Sum: 0, Workers: 4
[1103.301s][debug][gc,phases      ] GC(31)     Total                          Min: 0, Avg: 13.0, Max: 52, Diff: 52, Sum: 52, Workers: 4
[1103.301s][debug][gc,phases      ] GC(31)   StringDedup Table Weak         Min:  0.0, Avg:  0.0, Max:  0.0, Diff:  0.0, Sum:  0.0, Workers: 4
[1103.301s][debug][gc,phases      ] GC(31)     Dead                           Min: 0, Avg:  0.0, Max: 0, Diff: 0, Sum: 0, Workers: 4
[1103.301s][debug][gc,phases      ] GC(31)     Total                          Min: 0, Avg:  0.0, Max: 0, Diff: 0, Sum: 0, Workers: 4
[1103.301s][debug][gc,phases      ] GC(31)   StringDedup Requests0 Weak     Min:  0.0, Avg:  0.0, Max:  0.0, Diff:  0.0, Sum:  0.0, Workers: 4
[1103.301s][debug][gc,phases      ] GC(31)     Dead                           Min: 0, Avg:  0.0, Max: 0, Diff: 0, Sum: 0, Workers: 4
[1103.301s][debug][gc,phases      ] GC(31)     Total                          Min: 0, Avg:  0.0, Max: 0, Diff: 0, Sum: 0, Workers: 4
[1103.301s][debug][gc,phases      ] GC(31)   StringDedup Requests1 Weak     Min:  0.0, Avg:  0.0, Max:  0.0, Diff:  0.0, Sum:  0.0, Workers: 4
[1103.301s][debug][gc,phases      ] GC(31)     Dead                           Min: 0, Avg:  0.0, Max: 0, Diff: 0, Sum: 0, Workers: 4
[1103.301s][debug][gc,phases      ] GC(31)     Total                          Min: 0, Avg:  0.0, Max: 0, Diff: 0, Sum: 0, Workers: 4
[1103.301s][debug][gc,phases      ] GC(31)   Weak JFR Old Object Samples    Min:  0.0, Avg:  0.0, Max:  0.0, Diff:  0.0, Sum:  0.0, Workers: 4
[1103.301s][debug][gc,phases      ] GC(31)     Dead                           Min: 0, Avg:  0.0, Max: 0, Diff: 0, Sum: 0, Workers: 4
[1103.301s][debug][gc,phases      ] GC(31)     Total                          Min: 0, Avg:  0.0, Max: 0, Diff: 0, Sum: 0, Workers: 4
[1103.301s][debug][gc,phases      ] GC(31) Weak Processing 0.563ms
[1103.301s][debug][gc,age         ] GC(31) Desired survivor size 128974848 bytes, new threshold 1 (max threshold 15)
[1103.301s][info ][gc,heap        ] GC(31) PSYoungGen: 1825488K(1963520K)->2478K(1954816K) Eden: 1821184K(1821184K)->0K(1821184K) From: 4304K(142336K)->2478K(133632K)
[1103.301s][info ][gc,heap        ] GC(31) ParOldGen: 260956K(261120K)->264016K(264192K)
[1103.301s][info ][gc,metaspace   ] GC(31) Metaspace: 105916K(107264K)->105916K(107264K) NonClass: 89863K(90624K)->89863K(90624K) Class: 16052K(16640K)->16052K(16640K)
[1103.301s][info ][gc             ] GC(31) Pause Young (Allocation Failure) 2037M->260M(2167M) 7.801ms
[1103.301s][info ][gc,cpu         ] GC(31) User=0.01s Sys=0.00s Real=0.01s
[1103.301s][info ][safepoint      ] Safepoint "ParallelGCFailedAllocation", Time since last: 1758062509 ns, Reaching safepoint: 9500 ns, Cleanup: 4300 ns, At safepoint: 7891248 ns, Total: 7905048 ns
[1105.301s][info ][safepoint      ] Safepoint "Cleanup", Time since last: 2000159662 ns, Reaching safepoint: 80603 ns, Cleanup: 11000 ns, At safepoint: 4800 ns, Total: 96403 ns
[1106.302s][info ][safepoint      ] Safepoint "Cleanup", Time since last: 1000120383 ns, Reaching safepoint: 81102 ns, Cleanup: 10300 ns, At safepoint: 7001 ns, Total: 98403 ns
[1107.302s][info ][safepoint      ] Safepoint "Cleanup", Time since last: 1000121265 ns, Reaching safepoint: 82702 ns, Cleanup: 12301 ns, At safepoint: 6700 ns, Total: 101703 ns
[1108.302s][info ][safepoint      ] Safepoint "Cleanup", Time since last: 1000132253 ns, Reaching safepoint: 91802 ns, Cleanup: 16401 ns, At safepoint: 8100 ns, Total: 116303 ns
[1109.302s][info ][safepoint      ] Safepoint "Cleanup", Time since last: 1000337959 ns, Reaching safepoint: 89702 ns, Cleanup: 16301 ns, At safepoint: 6700 ns, Total: 112703 ns
[1111.303s][info ][safepoint      ] Safepoint "Cleanup", Time since last: 2000193103 ns, Reaching safepoint: 79403 ns, Cleanup: 7700 ns, At safepoint: 9600 ns, Total: 96703 ns
[1112.303s][info ][safepoint      ] Safepoint "Cleanup", Time since last: 1000113852 ns, Reaching safepoint: 87703 ns, Cleanup: 17900 ns, At safepoint: 9001 ns, Total: 114604 ns
[1114.304s][info ][safepoint      ] Safepoint "Cleanup", Time since last: 2000847122 ns, Reaching safepoint: 94203 ns, Cleanup: 11000 ns, At safepoint: 7601 ns, Total: 112804 ns
[1119.304s][info ][safepoint      ] Safepoint "Cleanup", Time since last: 5000425554 ns, Reaching safepoint: 93702 ns, Cleanup: 12000 ns, At safepoint: 8901 ns, Total: 114603 ns
[1124.306s][info ][safepoint      ] Safepoint "Cleanup", Time since last: 5000953048 ns, Reaching safepoint: 101703 ns, Cleanup: 26001 ns, At safepoint: 10100 ns, Total: 137804 ns
[1133.306s][info ][safepoint      ] Safepoint "Cleanup", Time since last: 9000863035 ns, Reaching safepoint: 6500 ns, Cleanup: 10200 ns, At safepoint: 2900 ns, Total: 19600 ns
[1137.307s][info ][safepoint      ] Safepoint "Cleanup", Time since last: 4000355172 ns, Reaching safepoint: 7300 ns, Cleanup: 12000 ns, At safepoint: 3100 ns, Total: 22400 ns
[1139.307s][info ][safepoint      ] Safepoint "Cleanup", Time since last: 2000198929 ns, Reaching safepoint: 8300 ns, Cleanup: 13301 ns, At safepoint: 2500 ns, Total: 24101 ns
[1145.555s][info ][safepoint      ] Safepoint "Cleanup", Time since last: 6247886592 ns, Reaching safepoint: 88202 ns, Cleanup: 11001 ns, At safepoint: 34001 ns, Total: 133204 ns
[1148.555s][info ][safepoint      ] Safepoint "Cleanup", Time since last: 3000277414 ns, Reaching safepoint: 7601 ns, Cleanup: 10100 ns, At safepoint: 3000 ns, Total: 20701 ns
[1151.556s][info ][safepoint      ] Safepoint "Cleanup", Time since last: 3000285126 ns, Reaching safepoint: 7300 ns, Cleanup: 20300 ns, At safepoint: 2800 ns, Total: 30400 ns
[1152.556s][info ][safepoint      ] Safepoint "Cleanup", Time since last: 1000131476 ns, Reaching safepoint: 6301 ns, Cleanup: 16200 ns, At safepoint: 2300 ns, Total: 24801 ns
[1153.556s][info ][safepoint      ] Safepoint "Cleanup", Time since last: 1000114076 ns, Reaching safepoint: 8300 ns, Cleanup: 47201 ns, At safepoint: 2700 ns, Total: 58201 ns
[1154.556s][info ][safepoint      ] Safepoint "Cleanup", Time since last: 1000120631 ns, Reaching safepoint: 7600 ns, Cleanup: 14400 ns, At safepoint: 3000 ns, Total: 25000 ns
[1157.314s][info ][gc,start       ] GC(32) Pause Young (Allocation Failure)
[1157.320s][debug][gc,phases      ] GC(32) Scavenge 5.731ms
[1157.320s][debug][gc,ref         ] GC(32) ReferenceProcessor::execute queues: 1, RefProcThreadModel::Single, marks_oops_alive: false
[1157.320s][debug][gc,ref         ] GC(32) Skipped KeepAliveFinalRefsPhase of Reference Processing: no references
[1157.320s][debug][gc,ref         ] GC(32) ReferenceProcessor::execute queues: 1, RefProcThreadModel::Single, marks_oops_alive: false
[1157.320s][debug][gc,phases      ] GC(32) Reference Processing 0.121ms
[1157.320s][debug][gc,phases      ] GC(32)   VM Weak                        Min:  0.0, Avg:  0.0, Max:  0.0, Diff:  0.0, Sum:  0.0, Workers: 4
[1157.320s][debug][gc,phases      ] GC(32)     Dead                           Min: 0, Avg:  0.0, Max: 0, Diff: 0, Sum: 0, Workers: 4
[1157.320s][debug][gc,phases      ] GC(32)     Total                          Min: 0, Avg: 255.8, Max: 512, Diff: 512, Sum: 1023, Workers: 4
[1157.320s][debug][gc,phases      ] GC(32)   ObjectSynchronizer Weak        Min:  0.0, Avg:  0.0, Max:  0.0, Diff:  0.0, Sum:  0.0, Workers: 4
[1157.320s][debug][gc,phases      ] GC(32)     Dead                           Min: 0, Avg:  0.0, Max: 0, Diff: 0, Sum: 0, Workers: 4
[1157.320s][debug][gc,phases      ] GC(32)     Total                          Min: 0, Avg:  1.0, Max: 4, Diff: 4, Sum: 4, Workers: 4
[1157.320s][debug][gc,phases      ] GC(32)   JVMTI Tag Weak OopStorage      Min:  0.0, Avg:  0.0, Max:  0.0, Diff:  0.0, Sum:  0.0, Workers: 4
[1157.320s][debug][gc,phases      ] GC(32)     Dead                           Min: 0, Avg:  0.0, Max: 0, Diff: 0, Sum: 0, Workers: 4
[1157.320s][debug][gc,phases      ] GC(32)     Total                          Min: 0, Avg:  0.0, Max: 0, Diff: 0, Sum: 0, Workers: 4
[1157.320s][debug][gc,phases      ] GC(32)   StringTable Weak               Min:  0.0, Avg:  0.1, Max:  0.2, Diff:  0.2, Sum:  0.5, Workers: 4
[1157.320s][debug][gc,phases      ] GC(32)     Dead                           Min: 0, Avg:  0.0, Max: 0, Diff: 0, Sum: 0, Workers: 4
[1157.320s][debug][gc,phases      ] GC(32)     Total                          Min: 0, Avg: 11575.8, Max: 17024, Diff: 17024, Sum: 46303, Workers: 4
[1157.320s][debug][gc,phases      ] GC(32)   ResolvedMethodTable Weak       Min:  0.0, Avg:  0.0, Max:  0.1, Diff:  0.1, Sum:  0.2, Workers: 4
[1157.320s][debug][gc,phases      ] GC(32)     Dead                           Min: 0, Avg:  8.2, Max: 18, Diff: 18, Sum: 33, Workers: 4
[1157.320s][debug][gc,phases      ] GC(32)     Total                          Min: 0, Avg: 3829.0, Max: 5518, Diff: 5518, Sum: 15316, Workers: 4
[1157.320s][debug][gc,phases      ] GC(32)   JNI Weak                       Min:  0.0, Avg:  0.0, Max:  0.0, Diff:  0.0, Sum:  0.0, Workers: 4
[1157.320s][debug][gc,phases      ] GC(32)     Dead                           Min: 0, Avg:  0.0, Max: 0, Diff: 0, Sum: 0, Workers: 4
[1157.320s][debug][gc,phases      ] GC(32)     Total                          Min: 0, Avg: 13.0, Max: 52, Diff: 52, Sum: 52, Workers: 4
[1157.320s][debug][gc,phases      ] GC(32)   StringDedup Table Weak         Min:  0.0, Avg:  0.0, Max:  0.0, Diff:  0.0, Sum:  0.0, Workers: 4
[1157.320s][debug][gc,phases      ] GC(32)     Dead                           Min: 0, Avg:  0.0, Max: 0, Diff: 0, Sum: 0, Workers: 4
[1157.320s][debug][gc,phases      ] GC(32)     Total                          Min: 0, Avg:  0.0, Max: 0, Diff: 0, Sum: 0, Workers: 4
[1157.320s][debug][gc,phases      ] GC(32)   StringDedup Requests0 Weak     Min:  0.0, Avg:  0.0, Max:  0.0, Diff:  0.0, Sum:  0.0, Workers: 4
[1157.320s][debug][gc,phases      ] GC(32)     Dead                           Min: 0, Avg:  0.0, Max: 0, Diff: 0, Sum: 0, Workers: 4
[1157.320s][debug][gc,phases      ] GC(32)     Total                          Min: 0, Avg:  0.0, Max: 0, Diff: 0, Sum: 0, Workers: 4
[1157.320s][debug][gc,phases      ] GC(32)   StringDedup Requests1 Weak     Min:  0.0, Avg:  0.0, Max:  0.0, Diff:  0.0, Sum:  0.0, Workers: 4
[1157.321s][debug][gc,phases      ] GC(32)     Dead                           Min: 0, Avg:  0.0, Max: 0, Diff: 0, Sum: 0, Workers: 4
[1157.321s][debug][gc,phases      ] GC(32)     Total                          Min: 0, Avg:  0.0, Max: 0, Diff: 0, Sum: 0, Workers: 4
[1157.321s][debug][gc,phases      ] GC(32)   Weak JFR Old Object Samples    Min:  0.0, Avg:  0.0, Max:  0.0, Diff:  0.0, Sum:  0.0, Workers: 4
[1157.321s][debug][gc,phases      ] GC(32)     Dead                           Min: 0, Avg:  0.0, Max: 0, Diff: 0, Sum: 0, Workers: 4
[1157.321s][debug][gc,phases      ] GC(32)     Total                          Min: 0, Avg:  0.0, Max: 0, Diff: 0, Sum: 0, Workers: 4
[1157.321s][debug][gc,phases      ] GC(32) Weak Processing 0.456ms
[1157.321s][debug][gc,age         ] GC(32) Desired survivor size 120061952 bytes, new threshold 1 (max threshold 15)
[1157.321s][info ][gc,heap        ] GC(32) PSYoungGen: 1823662K(1954816K)->7808K(1979904K) Eden: 1821184K(1821184K)->0K(1853952K) From: 2478K(133632K)->7808K(125952K)
[1157.321s][info ][gc,heap        ] GC(32) ParOldGen: 264016K(264192K)->265014K(265216K)
[1157.321s][info ][gc,metaspace   ] GC(32) Metaspace: 105948K(107328K)->105948K(107328K) NonClass: 89896K(90688K)->89896K(90688K) Class: 16052K(16640K)->16052K(16640K)
[1157.321s][info ][gc             ] GC(32) Pause Young (Allocation Failure) 2038M->266M(2192M) 6.442ms
[1157.321s][info ][gc,cpu         ] GC(32) User=0.03s Sys=0.00s Real=0.01s
[1157.321s][info ][safepoint      ] Safepoint "ParallelGCFailedAllocation", Time since last: 2757918188 ns, Reaching safepoint: 6901 ns, Cleanup: 13500 ns, At safepoint: 6519943 ns, Total: 6540344 ns
[1158.458s][info ][safepoint      ] Safepoint "Cleanup", Time since last: 1137397329 ns, Reaching safepoint: 7400 ns, Cleanup: 8000 ns, At safepoint: 2400 ns, Total: 17800 ns
[1159.458s][info ][safepoint      ] Safepoint "Cleanup", Time since last: 1000127608 ns, Reaching safepoint: 8100 ns, Cleanup: 19501 ns, At safepoint: 2800 ns, Total: 30401 ns
[1161.458s][info ][safepoint      ] Safepoint "Cleanup", Time since last: 2000198557 ns, Reaching safepoint: 8300 ns, Cleanup: 16101 ns, At safepoint: 3200 ns, Total: 27601 ns
[1162.459s][info ][safepoint      ] Safepoint "Cleanup", Time since last: 1000119862 ns, Reaching safepoint: 6400 ns, Cleanup: 8500 ns, At safepoint: 2400 ns, Total: 17300 ns
[1167.459s][info ][safepoint      ] Safepoint "Cleanup", Time since last: 5000403706 ns, Reaching safepoint: 7600 ns, Cleanup: 11500 ns, At safepoint: 2900 ns, Total: 22000 ns
[1168.459s][info ][safepoint      ] Safepoint "Cleanup", Time since last: 1000126922 ns, Reaching safepoint: 8501 ns, Cleanup: 13100 ns, At safepoint: 2400 ns, Total: 24001 ns
[1169.459s][info ][safepoint      ] Safepoint "Cleanup", Time since last: 1000119422 ns, Reaching safepoint: 7900 ns, Cleanup: 19301 ns, At safepoint: 3400 ns, Total: 30601 ns
[1170.459s][info ][safepoint      ] Safepoint "Cleanup", Time since last: 1000129609 ns, Reaching safepoint: 8000 ns, Cleanup: 14201 ns, At safepoint: 3200 ns, Total: 25401 ns
[1171.460s][info ][safepoint      ] Safepoint "Cleanup", Time since last: 1000121217 ns, Reaching safepoint: 7600 ns, Cleanup: 14900 ns, At safepoint: 31101 ns, Total: 53601 ns
[1174.460s][info ][safepoint      ] Safepoint "Cleanup", Time since last: 3000260147 ns, Reaching safepoint: 7500 ns, Cleanup: 13001 ns, At safepoint: 2700 ns, Total: 23201 ns
[1180.460s][info ][safepoint      ] Safepoint "Cleanup", Time since last: 6000478534 ns, Reaching safepoint: 7200 ns, Cleanup: 12300 ns, At safepoint: 3100 ns, Total: 22600 ns
[1183.461s][info ][safepoint      ] Safepoint "Cleanup", Time since last: 3000259919 ns, Reaching safepoint: 7901 ns, Cleanup: 10700 ns, At safepoint: 3100 ns, Total: 21701 ns
[1191.461s][info ][safepoint      ] Safepoint "Cleanup", Time since last: 8000618923 ns, Reaching safepoint: 7800 ns, Cleanup: 11100 ns, At safepoint: 2901 ns, Total: 21801 ns
[1194.462s][info ][safepoint      ] Safepoint "Cleanup", Time since last: 3000254811 ns, Reaching safepoint: 8200 ns, Cleanup: 11000 ns, At safepoint: 2900 ns, Total: 22100 ns
[1200.325s][info ][gc,start       ] GC(33) Pause Young (Allocation Failure)
[1200.333s][debug][gc,phases      ] GC(33) Scavenge 8.125ms
[1200.333s][debug][gc,ref         ] GC(33) ReferenceProcessor::execute queues: 1, RefProcThreadModel::Single, marks_oops_alive: false
[1200.333s][debug][gc,ref         ] GC(33) Skipped KeepAliveFinalRefsPhase of Reference Processing: no references
[1200.333s][debug][gc,ref         ] GC(33) Skipped PhantomRefsPhase of Reference Processing: no references
[1200.333s][debug][gc,phases      ] GC(33) Reference Processing 0.171ms
[1200.333s][debug][gc,phases      ] GC(33)   VM Weak                        Min:  0.0, Avg:  0.0, Max:  0.0, Diff:  0.0, Sum:  0.0, Workers: 4
[1200.333s][debug][gc,phases      ] GC(33)     Dead                           Min: 0, Avg:  0.0, Max: 0, Diff: 0, Sum: 0, Workers: 4
[1200.333s][debug][gc,phases      ] GC(33)     Total                          Min: 0, Avg: 255.8, Max: 576, Diff: 576, Sum: 1023, Workers: 4
[1200.333s][debug][gc,phases      ] GC(33)   ObjectSynchronizer Weak        Min:  0.0, Avg:  0.0, Max:  0.0, Diff:  0.0, Sum:  0.0, Workers: 4
[1200.333s][debug][gc,phases      ] GC(33)     Dead                           Min: 0, Avg:  0.0, Max: 0, Diff: 0, Sum: 0, Workers: 4
[1200.333s][debug][gc,phases      ] GC(33)     Total                          Min: 0, Avg:  1.0, Max: 4, Diff: 4, Sum: 4, Workers: 4
[1200.333s][debug][gc,phases      ] GC(33)   JVMTI Tag Weak OopStorage      Min:  0.0, Avg:  0.0, Max:  0.0, Diff:  0.0, Sum:  0.0, Workers: 4
[1200.333s][debug][gc,phases      ] GC(33)     Dead                           Min: 0, Avg:  0.0, Max: 0, Diff: 0, Sum: 0, Workers: 4
[1200.333s][debug][gc,phases      ] GC(33)     Total                          Min: 0, Avg:  0.0, Max: 0, Diff: 0, Sum: 0, Workers: 4
[1200.333s][debug][gc,phases      ] GC(33)   StringTable Weak               Min:  0.0, Avg:  0.1, Max:  0.2, Diff:  0.2, Sum:  0.5, Workers: 4
[1200.333s][debug][gc,phases      ] GC(33)     Dead                           Min: 0, Avg:  0.0, Max: 0, Diff: 0, Sum: 0, Workers: 4
[1200.333s][debug][gc,phases      ] GC(33)     Total                          Min: 0, Avg: 11577.5, Max: 17152, Diff: 17152, Sum: 46310, Workers: 4
[1200.333s][debug][gc,phases      ] GC(33)   ResolvedMethodTable Weak       Min:  0.0, Avg:  0.0, Max:  0.1, Diff:  0.1, Sum:  0.2, Workers: 4
[1200.333s][debug][gc,phases      ] GC(33)     Dead                           Min: 0, Avg:  4.0, Max: 16, Diff: 16, Sum: 16, Workers: 4
[1200.333s][debug][gc,phases      ] GC(33)     Total                          Min: 0, Avg: 3829.0, Max: 5697, Diff: 5697, Sum: 15316, Workers: 4
[1200.333s][debug][gc,phases      ] GC(33)   JNI Weak                       Min:  0.0, Avg:  0.0, Max:  0.0, Diff:  0.0, Sum:  0.0, Workers: 4
[1200.333s][debug][gc,phases      ] GC(33)     Dead                           Min: 0, Avg:  0.0, Max: 0, Diff: 0, Sum: 0, Workers: 4
[1200.333s][debug][gc,phases      ] GC(33)     Total                          Min: 0, Avg: 13.0, Max: 52, Diff: 52, Sum: 52, Workers: 4
[1200.333s][debug][gc,phases      ] GC(33)   StringDedup Table Weak         Min:  0.0, Avg:  0.0, Max:  0.0, Diff:  0.0, Sum:  0.0, Workers: 4
[1200.333s][debug][gc,phases      ] GC(33)     Dead                           Min: 0, Avg:  0.0, Max: 0, Diff: 0, Sum: 0, Workers: 4
[1200.334s][debug][gc,phases      ] GC(33)     Total                          Min: 0, Avg:  0.0, Max: 0, Diff: 0, Sum: 0, Workers: 4
[1200.334s][debug][gc,phases      ] GC(33)   StringDedup Requests0 Weak     Min:  0.0, Avg:  0.0, Max:  0.0, Diff:  0.0, Sum:  0.0, Workers: 4
[1200.334s][debug][gc,phases      ] GC(33)     Dead                           Min: 0, Avg:  0.0, Max: 0, Diff: 0, Sum: 0, Workers: 4
[1200.334s][debug][gc,phases      ] GC(33)     Total                          Min: 0, Avg:  0.0, Max: 0, Diff: 0, Sum: 0, Workers: 4
[1200.334s][debug][gc,phases      ] GC(33)   StringDedup Requests1 Weak     Min:  0.0, Avg:  0.0, Max:  0.0, Diff:  0.0, Sum:  0.0, Workers: 4
[1200.334s][debug][gc,phases      ] GC(33)     Dead                           Min: 0, Avg:  0.0, Max: 0, Diff: 0, Sum: 0, Workers: 4
[1200.334s][debug][gc,phases      ] GC(33)     Total                          Min: 0, Avg:  0.0, Max: 0, Diff: 0, Sum: 0, Workers: 4
[1200.334s][debug][gc,phases      ] GC(33)   Weak JFR Old Object Samples    Min:  0.0, Avg:  0.0, Max:  0.0, Diff:  0.0, Sum:  0.0, Workers: 4
[1200.334s][debug][gc,phases      ] GC(33)     Dead                           Min: 0, Avg:  0.0, Max: 0, Diff: 0, Sum: 0, Workers: 4
[1200.334s][debug][gc,phases      ] GC(33)     Total                          Min: 0, Avg:  0.0, Max: 0, Diff: 0, Sum: 0, Workers: 4
[1200.334s][debug][gc,phases      ] GC(33) Weak Processing 0.540ms
[1200.334s][debug][gc,age         ] GC(33) Desired survivor size 112721920 bytes, new threshold 1 (max threshold 15)
[1200.334s][info ][gc,heap        ] GC(33) PSYoungGen: 1861760K(1979904K)->3248K(1971200K) Eden: 1853952K(1853952K)->0K(1853952K) From: 7808K(125952K)->3248K(117248K)
[1200.334s][info ][gc,heap        ] GC(33) ParOldGen: 265014K(265216K)->270599K(270848K)
[1200.334s][info ][gc,metaspace   ] GC(33) Metaspace: 105967K(107328K)->105967K(107328K) NonClass: 89914K(90688K)->89914K(90688K) Class: 16052K(16640K)->16052K(16640K)
[1200.334s][info ][gc             ] GC(33) Pause Young (Allocation Failure) 2076M->267M(2189M) 8.990ms
[1200.334s][info ][gc,cpu         ] GC(33) User=0.03s Sys=0.00s Real=0.01s
[1200.334s][info ][safepoint      ] Safepoint "ParallelGCFailedAllocation", Time since last: 5862998959 ns, Reaching safepoint: 9000 ns, Cleanup: 6101 ns, At safepoint: 9085826 ns, Total: 9100927 ns
[1210.576s][info ][safepoint      ] Safepoint "Cleanup", Time since last: 10242024990 ns, Reaching safepoint: 7800 ns, Cleanup: 9900 ns, At safepoint: 2000 ns, Total: 19700 ns
[1213.576s][info ][safepoint      ] Safepoint "Cleanup", Time since last: 3000261391 ns, Reaching safepoint: 8300 ns, Cleanup: 35001 ns, At safepoint: 2500 ns, Total: 45801 ns
[1214.576s][info ][safepoint      ] Safepoint "Cleanup", Time since last: 1000116264 ns, Reaching safepoint: 7700 ns, Cleanup: 12201 ns, At safepoint: 2800 ns, Total: 22701 ns
[1216.576s][info ][safepoint      ] Safepoint "Cleanup", Time since last: 2000185919 ns, Reaching safepoint: 7701 ns, Cleanup: 10300 ns, At safepoint: 3100 ns, Total: 21101 ns
[1232.578s][info ][safepoint      ] Safepoint "Cleanup", Time since last: 16001188141 ns, Reaching safepoint: 8600 ns, Cleanup: 11900 ns, At safepoint: 2500 ns, Total: 23000 ns
[1234.578s][info ][safepoint      ] Safepoint "Cleanup", Time since last: 2000203300 ns, Reaching safepoint: 10900 ns, Cleanup: 14101 ns, At safepoint: 3100 ns, Total: 28101 ns
[1235.578s][info ][safepoint      ] Safepoint "Cleanup", Time since last: 1000132719 ns, Reaching safepoint: 9300 ns, Cleanup: 12300 ns, At safepoint: 3100 ns, Total: 24700 ns
[1237.578s][info ][safepoint      ] Safepoint "Cleanup", Time since last: 2000191636 ns, Reaching safepoint: 8401 ns, Cleanup: 11100 ns, At safepoint: 3000 ns, Total: 22501 ns
[1246.579s][info ][safepoint      ] Safepoint "Cleanup", Time since last: 9000695840 ns, Reaching safepoint: 8000 ns, Cleanup: 14401 ns, At safepoint: 2900 ns, Total: 25301 ns
[1250.579s][info ][safepoint      ] Safepoint "Cleanup", Time since last: 4000338387 ns, Reaching safepoint: 7800 ns, Cleanup: 10500 ns, At safepoint: 2700 ns, Total: 21000 ns
[1256.338s][info ][gc,start       ] GC(34) Pause Young (Allocation Failure)
[1256.345s][debug][gc,phases      ] GC(34) Scavenge 6.250ms
[1256.345s][debug][gc,ref         ] GC(34) ReferenceProcessor::execute queues: 1, RefProcThreadModel::Single, marks_oops_alive: false
[1256.345s][debug][gc,ref         ] GC(34) Skipped KeepAliveFinalRefsPhase of Reference Processing: no references
[1256.345s][debug][gc,ref         ] GC(34) ReferenceProcessor::execute queues: 1, RefProcThreadModel::Single, marks_oops_alive: false
[1256.345s][debug][gc,phases      ] GC(34) Reference Processing 0.113ms
[1256.345s][debug][gc,phases      ] GC(34)   VM Weak                        Min:  0.0, Avg:  0.0, Max:  0.0, Diff:  0.0, Sum:  0.0, Workers: 4
[1256.345s][debug][gc,phases      ] GC(34)     Dead                           Min: 0, Avg:  0.0, Max: 0, Diff: 0, Sum: 0, Workers: 4
[1256.345s][debug][gc,phases      ] GC(34)     Total                          Min: 0, Avg: 255.8, Max: 575, Diff: 575, Sum: 1023, Workers: 4
[1256.345s][debug][gc,phases      ] GC(34)   ObjectSynchronizer Weak        Min:  0.0, Avg:  0.0, Max:  0.0, Diff:  0.0, Sum:  0.0, Workers: 4
[1256.345s][debug][gc,phases      ] GC(34)     Dead                           Min: 0, Avg:  0.0, Max: 0, Diff: 0, Sum: 0, Workers: 4
[1256.345s][debug][gc,phases      ] GC(34)     Total                          Min: 0, Avg:  1.0, Max: 4, Diff: 4, Sum: 4, Workers: 4
[1256.345s][debug][gc,phases      ] GC(34)   JVMTI Tag Weak OopStorage      Min:  0.0, Avg:  0.0, Max:  0.0, Diff:  0.0, Sum:  0.0, Workers: 4
[1256.345s][debug][gc,phases      ] GC(34)     Dead                           Min: 0, Avg:  0.0, Max: 0, Diff: 0, Sum: 0, Workers: 4
[1256.345s][debug][gc,phases      ] GC(34)     Total                          Min: 0, Avg:  0.0, Max: 0, Diff: 0, Sum: 0, Workers: 4
[1256.345s][debug][gc,phases      ] GC(34)   StringTable Weak               Min:  0.0, Avg:  0.1, Max:  0.2, Diff:  0.2, Sum:  0.5, Workers: 4
[1256.345s][debug][gc,phases      ] GC(34)     Dead                           Min: 0, Avg:  0.0, Max: 0, Diff: 0, Sum: 0, Workers: 4
[1256.345s][debug][gc,phases      ] GC(34)     Total                          Min: 0, Avg: 11577.5, Max: 16128, Diff: 16128, Sum: 46310, Workers: 4
[1256.345s][debug][gc,phases      ] GC(34)   ResolvedMethodTable Weak       Min:  0.0, Avg:  0.0, Max:  0.1, Diff:  0.1, Sum:  0.2, Workers: 4
[1256.345s][debug][gc,phases      ] GC(34)     Dead                           Min: 0, Avg:  4.0, Max: 16, Diff: 16, Sum: 16, Workers: 4
[1256.345s][debug][gc,phases      ] GC(34)     Total                          Min: 0, Avg: 3829.0, Max: 5555, Diff: 5555, Sum: 15316, Workers: 4
[1256.345s][debug][gc,phases      ] GC(34)   JNI Weak                       Min:  0.0, Avg:  0.0, Max:  0.0, Diff:  0.0, Sum:  0.0, Workers: 4
[1256.345s][debug][gc,phases      ] GC(34)     Dead                           Min: 0, Avg:  0.0, Max: 0, Diff: 0, Sum: 0, Workers: 4
[1256.345s][debug][gc,phases      ] GC(34)     Total                          Min: 0, Avg: 13.0, Max: 52, Diff: 52, Sum: 52, Workers: 4
[1256.345s][debug][gc,phases      ] GC(34)   StringDedup Table Weak         Min:  0.0, Avg:  0.0, Max:  0.0, Diff:  0.0, Sum:  0.0, Workers: 4
[1256.345s][debug][gc,phases      ] GC(34)     Dead                           Min: 0, Avg:  0.0, Max: 0, Diff: 0, Sum: 0, Workers: 4
[1256.345s][debug][gc,phases      ] GC(34)     Total                          Min: 0, Avg:  0.0, Max: 0, Diff: 0, Sum: 0, Workers: 4
[1256.345s][debug][gc,phases      ] GC(34)   StringDedup Requests0 Weak     Min:  0.0, Avg:  0.0, Max:  0.0, Diff:  0.0, Sum:  0.0, Workers: 4
[1256.345s][debug][gc,phases      ] GC(34)     Dead                           Min: 0, Avg:  0.0, Max: 0, Diff: 0, Sum: 0, Workers: 4
[1256.345s][debug][gc,phases      ] GC(34)     Total                          Min: 0, Avg:  0.0, Max: 0, Diff: 0, Sum: 0, Workers: 4
[1256.345s][debug][gc,phases      ] GC(34)   StringDedup Requests1 Weak     Min:  0.0, Avg:  0.0, Max:  0.0, Diff:  0.0, Sum:  0.0, Workers: 4
[1256.345s][debug][gc,phases      ] GC(34)     Dead                           Min: 0, Avg:  0.0, Max: 0, Diff: 0, Sum: 0, Workers: 4
[1256.345s][debug][gc,phases      ] GC(34)     Total                          Min: 0, Avg:  0.0, Max: 0, Diff: 0, Sum: 0, Workers: 4
[1256.345s][debug][gc,phases      ] GC(34)   Weak JFR Old Object Samples    Min:  0.0, Avg:  0.0, Max:  0.0, Diff:  0.0, Sum:  0.0, Workers: 4
[1256.345s][debug][gc,phases      ] GC(34)     Dead                           Min: 0, Avg:  0.0, Max: 0, Diff: 0, Sum: 0, Workers: 4
[1256.345s][debug][gc,phases      ] GC(34)     Total                          Min: 0, Avg:  0.0, Max: 0, Diff: 0, Sum: 0, Workers: 4
[1256.345s][debug][gc,phases      ] GC(34) Weak Processing 0.457ms
[1256.345s][debug][gc,age         ] GC(34) Desired survivor size 105906176 bytes, new threshold 1 (max threshold 15)
[1256.345s][info ][gc,heap        ] GC(34) PSYoungGen: 1857200K(1971200K)->2864K(1993728K) Eden: 1853952K(1853952K)->0K(1883648K) From: 3248K(117248K)->2864K(110080K)
[1256.345s][info ][gc,heap        ] GC(34) ParOldGen: 270599K(270848K)->271687K(271872K)
[1256.345s][info ][gc,metaspace   ] GC(34) Metaspace: 105985K(107328K)->105985K(107328K) NonClass: 89932K(90688K)->89932K(90688K) Class: 16052K(16640K)->16052K(16640K)
[1256.345s][info ][gc             ] GC(34) Pause Young (Allocation Failure) 2077M->268M(2212M) 6.956ms
[1256.345s][info ][gc,cpu         ] GC(34) User=0.01s Sys=0.00s Real=0.01s
[1256.345s][info ][safepoint      ] Safepoint "ParallelGCFailedAllocation", Time since last: 5758856454 ns, Reaching safepoint: 9101 ns, Cleanup: 4300 ns, At safepoint: 7045835 ns, Total: 7059236 ns
[1270.595s][info ][safepoint      ] Safepoint "Cleanup", Time since last: 14249650744 ns, Reaching safepoint: 12000 ns, Cleanup: 14300 ns, At safepoint: 3300 ns, Total: 29600 ns
[1273.595s][info ][safepoint      ] Safepoint "Cleanup", Time since last: 3000296870 ns, Reaching safepoint: 10301 ns, Cleanup: 13100 ns, At safepoint: 3500 ns, Total: 26901 ns
[1274.595s][info ][safepoint      ] Safepoint "Cleanup", Time since last: 1000141068 ns, Reaching safepoint: 9700 ns, Cleanup: 13300 ns, At safepoint: 3200 ns, Total: 26200 ns
[1278.596s][info ][safepoint      ] Safepoint "Cleanup", Time since last: 4000380137 ns, Reaching safepoint: 7700 ns, Cleanup: 12900 ns, At safepoint: 2600 ns, Total: 23200 ns
[1279.596s][info ][safepoint      ] Safepoint "Cleanup", Time since last: 1000132485 ns, Reaching safepoint: 9500 ns, Cleanup: 17801 ns, At safepoint: 3000 ns, Total: 30301 ns
[1280.596s][info ][safepoint      ] Safepoint "Cleanup", Time since last: 1000154185 ns, Reaching safepoint: 10200 ns, Cleanup: 16001 ns, At safepoint: 3300 ns, Total: 29501 ns
[1284.597s][info ][safepoint      ] Safepoint "Cleanup", Time since last: 4000356903 ns, Reaching safepoint: 10301 ns, Cleanup: 13200 ns, At safepoint: 3300 ns, Total: 26801 ns
[1293.597s][info ][safepoint      ] Safepoint "Cleanup", Time since last: 9000761880 ns, Reaching safepoint: 9800 ns, Cleanup: 15401 ns, At safepoint: 3200 ns, Total: 28401 ns
[1295.598s][info ][safepoint      ] Safepoint "Cleanup", Time since last: 2000228174 ns, Reaching safepoint: 7800 ns, Cleanup: 15800 ns, At safepoint: 2600 ns, Total: 26200 ns
[1297.598s][info ][safepoint      ] Safepoint "Cleanup", Time since last: 2000202574 ns, Reaching safepoint: 7800 ns, Cleanup: 16601 ns, At safepoint: 3300 ns, Total: 27701 ns
[1300.598s][info ][safepoint      ] Safepoint "Cleanup", Time since last: 3000269607 ns, Reaching safepoint: 7800 ns, Cleanup: 11601 ns, At safepoint: 2900 ns, Total: 22301 ns
[1305.599s][info ][safepoint      ] Safepoint "Cleanup", Time since last: 5000421421 ns, Reaching safepoint: 80301 ns, Cleanup: 10701 ns, At safepoint: 6600 ns, Total: 97602 ns
[1316.600s][info ][safepoint      ] Safepoint "Cleanup", Time since last: 11000907032 ns, Reaching safepoint: 85301 ns, Cleanup: 21300 ns, At safepoint: 7700 ns, Total: 114301 ns
[1320.082s][info ][gc,start       ] GC(35) Pause Young (Allocation Failure)
[1320.085s][debug][gc,phases      ] GC(35) Scavenge 3.552ms
[1320.085s][debug][gc,ref         ] GC(35) ReferenceProcessor::execute queues: 1, RefProcThreadModel::Single, marks_oops_alive: false
[1320.085s][debug][gc,ref         ] GC(35) Skipped KeepAliveFinalRefsPhase of Reference Processing: no references
[1320.085s][debug][gc,ref         ] GC(35) ReferenceProcessor::execute queues: 1, RefProcThreadModel::Single, marks_oops_alive: false
[1320.085s][debug][gc,phases      ] GC(35) Reference Processing 0.155ms
[1320.086s][debug][gc,phases      ] GC(35)   VM Weak                        Min:  0.0, Avg:  0.0, Max:  0.0, Diff:  0.0, Sum:  0.0, Workers: 4
[1320.086s][debug][gc,phases      ] GC(35)     Dead                           Min: 0, Avg:  0.0, Max: 0, Diff: 0, Sum: 0, Workers: 4
[1320.086s][debug][gc,phases      ] GC(35)     Total                          Min: 0, Avg: 255.8, Max: 639, Diff: 639, Sum: 1023, Workers: 4
[1320.086s][debug][gc,phases      ] GC(35)   ObjectSynchronizer Weak        Min:  0.0, Avg:  0.0, Max:  0.0, Diff:  0.0, Sum:  0.0, Workers: 4
[1320.086s][debug][gc,phases      ] GC(35)     Dead                           Min: 0, Avg:  0.0, Max: 0, Diff: 0, Sum: 0, Workers: 4
[1320.086s][debug][gc,phases      ] GC(35)     Total                          Min: 0, Avg:  1.0, Max: 4, Diff: 4, Sum: 4, Workers: 4
[1320.086s][debug][gc,phases      ] GC(35)   JVMTI Tag Weak OopStorage      Min:  0.0, Avg:  0.0, Max:  0.0, Diff:  0.0, Sum:  0.0, Workers: 4
[1320.086s][debug][gc,phases      ] GC(35)     Dead                           Min: 0, Avg:  0.0, Max: 0, Diff: 0, Sum: 0, Workers: 4
[1320.086s][debug][gc,phases      ] GC(35)     Total                          Min: 0, Avg:  0.0, Max: 0, Diff: 0, Sum: 0, Workers: 4
[1320.086s][debug][gc,phases      ] GC(35)   StringTable Weak               Min:  0.0, Avg:  0.1, Max:  0.2, Diff:  0.2, Sum:  0.5, Workers: 4
[1320.086s][debug][gc,phases      ] GC(35)     Dead                           Min: 0, Avg:  0.0, Max: 0, Diff: 0, Sum: 0, Workers: 4
[1320.086s][debug][gc,phases      ] GC(35)     Total                          Min: 0, Avg: 11579.2, Max: 15744, Diff: 15744, Sum: 46317, Workers: 4
[1320.086s][debug][gc,phases      ] GC(35)   ResolvedMethodTable Weak       Min:  0.0, Avg:  0.0, Max:  0.1, Diff:  0.1, Sum:  0.2, Workers: 4
[1320.086s][debug][gc,phases      ] GC(35)     Dead                           Min: 0, Avg:  4.0, Max: 16, Diff: 16, Sum: 16, Workers: 4
[1320.086s][debug][gc,phases      ] GC(35)     Total                          Min: 0, Avg: 3830.0, Max: 5480, Diff: 5480, Sum: 15320, Workers: 4
[1320.086s][debug][gc,phases      ] GC(35)   JNI Weak                       Min:  0.0, Avg:  0.0, Max:  0.0, Diff:  0.0, Sum:  0.0, Workers: 4
[1320.086s][debug][gc,phases      ] GC(35)     Dead                           Min: 0, Avg:  0.0, Max: 0, Diff: 0, Sum: 0, Workers: 4
[1320.086s][debug][gc,phases      ] GC(35)     Total                          Min: 0, Avg: 13.0, Max: 52, Diff: 52, Sum: 52, Workers: 4
[1320.086s][debug][gc,phases      ] GC(35)   StringDedup Table Weak         Min:  0.0, Avg:  0.0, Max:  0.0, Diff:  0.0, Sum:  0.0, Workers: 4
[1320.086s][debug][gc,phases      ] GC(35)     Dead                           Min: 0, Avg:  0.0, Max: 0, Diff: 0, Sum: 0, Workers: 4
[1320.086s][debug][gc,phases      ] GC(35)     Total                          Min: 0, Avg:  0.0, Max: 0, Diff: 0, Sum: 0, Workers: 4
[1320.086s][debug][gc,phases      ] GC(35)   StringDedup Requests0 Weak     Min:  0.0, Avg:  0.0, Max:  0.0, Diff:  0.0, Sum:  0.0, Workers: 4
[1320.086s][debug][gc,phases      ] GC(35)     Dead                           Min: 0, Avg:  0.0, Max: 0, Diff: 0, Sum: 0, Workers: 4
[1320.086s][debug][gc,phases      ] GC(35)     Total                          Min: 0, Avg:  0.0, Max: 0, Diff: 0, Sum: 0, Workers: 4
[1320.086s][debug][gc,phases      ] GC(35)   StringDedup Requests1 Weak     Min:  0.0, Avg:  0.0, Max:  0.0, Diff:  0.0, Sum:  0.0, Workers: 4
[1320.086s][debug][gc,phases      ] GC(35)     Dead                           Min: 0, Avg:  0.0, Max: 0, Diff: 0, Sum: 0, Workers: 4
[1320.086s][debug][gc,phases      ] GC(35)     Total                          Min: 0, Avg:  0.0, Max: 0, Diff: 0, Sum: 0, Workers: 4
[1320.086s][debug][gc,phases      ] GC(35)   Weak JFR Old Object Samples    Min:  0.0, Avg:  0.0, Max:  0.0, Diff:  0.0, Sum:  0.0, Workers: 4
[1320.086s][debug][gc,phases      ] GC(35)     Dead                           Min: 0, Avg:  0.0, Max: 0, Diff: 0, Sum: 0, Workers: 4
[1320.086s][debug][gc,phases      ] GC(35)     Total                          Min: 0, Avg:  0.0, Max: 0, Diff: 0, Sum: 0, Workers: 4
[1320.086s][debug][gc,phases      ] GC(35) Weak Processing 0.500ms
[1320.086s][debug][gc,age         ] GC(35) Desired survivor size 99090432 bytes, new threshold 1 (max threshold 15)
[1320.086s][info ][gc,heap        ] GC(35) PSYoungGen: 1886512K(1993728K)->3200K(1987072K) Eden: 1883648K(1883648K)->0K(1883648K) From: 2864K(110080K)->3200K(103424K)
[1320.086s][info ][gc,heap        ] GC(35) ParOldGen: 271687K(271872K)->272783K(272896K)
[1320.086s][info ][gc,metaspace   ] GC(35) Metaspace: 106004K(107392K)->106004K(107392K) NonClass: 89949K(90688K)->89949K(90688K) Class: 16054K(16704K)->16054K(16704K)
[1320.086s][info ][gc             ] GC(35) Pause Young (Allocation Failure) 2107M->269M(2207M) 4.354ms
[1320.086s][info ][gc,cpu         ] GC(35) User=0.01s Sys=0.00s Real=0.00s
[1320.086s][info ][safepoint      ] Safepoint "ParallelGCFailedAllocation", Time since last: 3481936983 ns, Reaching safepoint: 6000 ns, Cleanup: 4400 ns, At safepoint: 4471382 ns, Total: 4481782 ns
[1321.614s][info ][safepoint      ] Safepoint "Cleanup", Time since last: 1527961243 ns, Reaching safepoint: 7900 ns, Cleanup: 9900 ns, At safepoint: 2500 ns, Total: 20300 ns
[1324.614s][info ][safepoint      ] Safepoint "Cleanup", Time since last: 3000267953 ns, Reaching safepoint: 8500 ns, Cleanup: 14800 ns, At safepoint: 3400 ns, Total: 26700 ns
[1337.615s][info ][safepoint      ] Safepoint "Cleanup", Time since last: 13001059634 ns, Reaching safepoint: 6600 ns, Cleanup: 13900 ns, At safepoint: 2700 ns, Total: 23200 ns
[1344.616s][info ][safepoint      ] Safepoint "Cleanup", Time since last: 7000555237 ns, Reaching safepoint: 7200 ns, Cleanup: 17000 ns, At safepoint: 2700 ns, Total: 26900 ns
[1361.617s][info ][safepoint      ] Safepoint "Cleanup", Time since last: 17001250715 ns, Reaching safepoint: 6700 ns, Cleanup: 9900 ns, At safepoint: 3000 ns, Total: 19600 ns
[1363.617s][info ][safepoint      ] Safepoint "Cleanup", Time since last: 2000193962 ns, Reaching safepoint: 6700 ns, Cleanup: 10600 ns, At safepoint: 3000 ns, Total: 20300 ns
[1365.618s][info ][safepoint      ] Safepoint "Cleanup", Time since last: 2000185273 ns, Reaching safepoint: 7701 ns, Cleanup: 10300 ns, At safepoint: 2900 ns, Total: 20901 ns
[1367.618s][info ][safepoint      ] Safepoint "Cleanup", Time since last: 2000183773 ns, Reaching safepoint: 8400 ns, Cleanup: 10900 ns, At safepoint: 2200 ns, Total: 21500 ns
[1370.618s][info ][safepoint      ] Safepoint "Cleanup", Time since last: 3000261910 ns, Reaching safepoint: 7200 ns, Cleanup: 10300 ns, At safepoint: 2700 ns, Total: 20200 ns
[1374.619s][info ][safepoint      ] Safepoint "Cleanup", Time since last: 4000331666 ns, Reaching safepoint: 6000 ns, Cleanup: 11601 ns, At safepoint: 2800 ns, Total: 20401 ns
[1384.369s][info ][gc,start       ] GC(36) Pause Young (Allocation Failure)
[1384.373s][debug][gc,phases      ] GC(36) Scavenge 3.761ms
[1384.373s][debug][gc,ref         ] GC(36) ReferenceProcessor::execute queues: 1, RefProcThreadModel::Single, marks_oops_alive: false
[1384.373s][debug][gc,ref         ] GC(36) Skipped KeepAliveFinalRefsPhase of Reference Processing: no references
[1384.373s][debug][gc,ref         ] GC(36) Skipped PhantomRefsPhase of Reference Processing: no references
[1384.373s][debug][gc,phases      ] GC(36) Reference Processing 0.115ms
[1384.373s][debug][gc,phases      ] GC(36)   VM Weak                        Min:  0.0, Avg:  0.0, Max:  0.0, Diff:  0.0, Sum:  0.0, Workers: 4
[1384.373s][debug][gc,phases      ] GC(36)     Dead                           Min: 0, Avg:  0.0, Max: 0, Diff: 0, Sum: 0, Workers: 4
[1384.373s][debug][gc,phases      ] GC(36)     Total                          Min: 0, Avg: 255.8, Max: 512, Diff: 512, Sum: 1023, Workers: 4
[1384.373s][debug][gc,phases      ] GC(36)   ObjectSynchronizer Weak        Min:  0.0, Avg:  0.0, Max:  0.0, Diff:  0.0, Sum:  0.0, Workers: 4
[1384.373s][debug][gc,phases      ] GC(36)     Dead                           Min: 0, Avg:  0.0, Max: 0, Diff: 0, Sum: 0, Workers: 4
[1384.373s][debug][gc,phases      ] GC(36)     Total                          Min: 0, Avg:  1.0, Max: 4, Diff: 4, Sum: 4, Workers: 4
[1384.373s][debug][gc,phases      ] GC(36)   JVMTI Tag Weak OopStorage      Min:  0.0, Avg:  0.0, Max:  0.0, Diff:  0.0, Sum:  0.0, Workers: 4
[1384.373s][debug][gc,phases      ] GC(36)     Dead                           Min: 0, Avg:  0.0, Max: 0, Diff: 0, Sum: 0, Workers: 4
[1384.373s][debug][gc,phases      ] GC(36)     Total                          Min: 0, Avg:  0.0, Max: 0, Diff: 0, Sum: 0, Workers: 4
[1384.373s][debug][gc,phases      ] GC(36)   StringTable Weak               Min:  0.0, Avg:  0.1, Max:  0.2, Diff:  0.2, Sum:  0.5, Workers: 4
[1384.373s][debug][gc,phases      ] GC(36)     Dead                           Min: 0, Avg:  0.0, Max: 0, Diff: 0, Sum: 0, Workers: 4
[1384.373s][debug][gc,phases      ] GC(36)     Total                          Min: 0, Avg: 11580.8, Max: 16243, Diff: 16243, Sum: 46323, Workers: 4
[1384.373s][debug][gc,phases      ] GC(36)   ResolvedMethodTable Weak       Min:  0.0, Avg:  0.0, Max:  0.1, Diff:  0.1, Sum:  0.2, Workers: 4
[1384.373s][debug][gc,phases      ] GC(36)     Dead                           Min: 0, Avg:  4.0, Max: 16, Diff: 16, Sum: 16, Workers: 4
[1384.373s][debug][gc,phases      ] GC(36)     Total                          Min: 0, Avg: 3830.0, Max: 6371, Diff: 6371, Sum: 15320, Workers: 4
[1384.373s][debug][gc,phases      ] GC(36)   JNI Weak                       Min:  0.0, Avg:  0.0, Max:  0.0, Diff:  0.0, Sum:  0.0, Workers: 4
[1384.373s][debug][gc,phases      ] GC(36)     Dead                           Min: 0, Avg:  0.0, Max: 0, Diff: 0, Sum: 0, Workers: 4
[1384.373s][debug][gc,phases      ] GC(36)     Total                          Min: 0, Avg: 13.0, Max: 52, Diff: 52, Sum: 52, Workers: 4
[1384.373s][debug][gc,phases      ] GC(36)   StringDedup Table Weak         Min:  0.0, Avg:  0.0, Max:  0.0, Diff:  0.0, Sum:  0.0, Workers: 4
[1384.374s][debug][gc,phases      ] GC(36)     Dead                           Min: 0, Avg:  0.0, Max: 0, Diff: 0, Sum: 0, Workers: 4
[1384.374s][debug][gc,phases      ] GC(36)     Total                          Min: 0, Avg:  0.0, Max: 0, Diff: 0, Sum: 0, Workers: 4
[1384.374s][debug][gc,phases      ] GC(36)   StringDedup Requests0 Weak     Min:  0.0, Avg:  0.0, Max:  0.0, Diff:  0.0, Sum:  0.0, Workers: 4
[1384.374s][debug][gc,phases      ] GC(36)     Dead                           Min: 0, Avg:  0.0, Max: 0, Diff: 0, Sum: 0, Workers: 4
[1384.374s][debug][gc,phases      ] GC(36)     Total                          Min: 0, Avg:  0.0, Max: 0, Diff: 0, Sum: 0, Workers: 4
[1384.374s][debug][gc,phases      ] GC(36)   StringDedup Requests1 Weak     Min:  0.0, Avg:  0.0, Max:  0.0, Diff:  0.0, Sum:  0.0, Workers: 4
[1384.374s][debug][gc,phases      ] GC(36)     Dead                           Min: 0, Avg:  0.0, Max: 0, Diff: 0, Sum: 0, Workers: 4
[1384.374s][debug][gc,phases      ] GC(36)     Total                          Min: 0, Avg:  0.0, Max: 0, Diff: 0, Sum: 0, Workers: 4
[1384.374s][debug][gc,phases      ] GC(36)   Weak JFR Old Object Samples    Min:  0.0, Avg:  0.0, Max:  0.0, Diff:  0.0, Sum:  0.0, Workers: 4
[1384.374s][debug][gc,phases      ] GC(36)     Dead                           Min: 0, Avg:  0.0, Max: 0, Diff: 0, Sum: 0, Workers: 4
[1384.374s][debug][gc,phases      ] GC(36)     Total                          Min: 0, Avg:  0.0, Max: 0, Diff: 0, Sum: 0, Workers: 4
[1384.374s][debug][gc,phases      ] GC(36) Weak Processing 0.451ms
[1384.374s][debug][gc,age         ] GC(36) Desired survivor size 92274688 bytes, new threshold 1 (max threshold 15)
[1384.374s][info ][gc,heap        ] GC(36) PSYoungGen: 1886848K(1987072K)->4000K(2007040K) Eden: 1883648K(1883648K)->0K(1910272K) From: 3200K(103424K)->4000K(96768K)
[1384.374s][info ][gc,heap        ] GC(36) ParOldGen: 272783K(272896K)->273563K(273920K)
[1384.374s][info ][gc,metaspace   ] GC(36) Metaspace: 106021K(107456K)->106021K(107456K) NonClass: 89967K(90752K)->89967K(90752K) Class: 16054K(16704K)->16054K(16704K)
[1384.374s][info ][gc             ] GC(36) Pause Young (Allocation Failure) 2109M->271M(2227M) 4.463ms
[1384.374s][info ][gc,cpu         ] GC(36) User=0.02s Sys=0.00s Real=0.01s
[1384.374s][info ][safepoint      ] Safepoint "ParallelGCFailedAllocation", Time since last: 9750596692 ns, Reaching safepoint: 7100 ns, Cleanup: 4300 ns, At safepoint: 4538374 ns, Total: 4549774 ns
[1389.374s][info ][safepoint      ] Safepoint "Cleanup", Time since last: 5000370165 ns, Reaching safepoint: 7400 ns, Cleanup: 11700 ns, At safepoint: 3000 ns, Total: 22100 ns
[1391.374s][info ][safepoint      ] Safepoint "Cleanup", Time since last: 2000170054 ns, Reaching safepoint: 6701 ns, Cleanup: 13200 ns, At safepoint: 2800 ns, Total: 22701 ns
[1392.374s][info ][safepoint      ] Safepoint "Cleanup", Time since last: 1000103577 ns, Reaching safepoint: 5700 ns, Cleanup: 10401 ns, At safepoint: 2700 ns, Total: 18801 ns
[1394.376s][info ][safepoint      ] Safepoint "Cleanup", Time since last: 2001181670 ns, Reaching safepoint: 490908 ns, Cleanup: 11300 ns, At safepoint: 10300 ns, Total: 512508 ns
[1397.376s][info ][safepoint      ] Safepoint "Cleanup", Time since last: 3000239111 ns, Reaching safepoint: 7300 ns, Cleanup: 15200 ns, At safepoint: 21300 ns, Total: 43800 ns
[1403.377s][info ][safepoint      ] Safepoint "Cleanup", Time since last: 6000440607 ns, Reaching safepoint: 7400 ns, Cleanup: 12000 ns, At safepoint: 2900 ns, Total: 22300 ns
[1404.377s][info ][safepoint      ] Safepoint "Cleanup", Time since last: 1000109844 ns, Reaching safepoint: 6200 ns, Cleanup: 10100 ns, At safepoint: 2700 ns, Total: 19000 ns
[1405.377s][info ][safepoint      ] Safepoint "Cleanup", Time since last: 1000105444 ns, Reaching safepoint: 7400 ns, Cleanup: 11700 ns, At safepoint: 2401 ns, Total: 21501 ns
[1409.377s][info ][safepoint      ] Safepoint "Cleanup", Time since last: 4000318066 ns, Reaching safepoint: 7100 ns, Cleanup: 10500 ns, At safepoint: 3301 ns, Total: 20901 ns
[1411.378s][info ][safepoint      ] Safepoint "Cleanup", Time since last: 2000171909 ns, Reaching safepoint: 8100 ns, Cleanup: 13900 ns, At safepoint: 3300 ns, Total: 25300 ns
[1417.378s][info ][safepoint      ] Safepoint "Cleanup", Time since last: 6000456686 ns, Reaching safepoint: 7600 ns, Cleanup: 12900 ns, At safepoint: 3200 ns, Total: 23700 ns
[1418.378s][info ][safepoint      ] Safepoint "Cleanup", Time since last: 1000107152 ns, Reaching safepoint: 7400 ns, Cleanup: 11700 ns, At safepoint: 2700 ns, Total: 21800 ns
[1419.378s][info ][safepoint      ] Safepoint "Cleanup", Time since last: 1000104621 ns, Reaching safepoint: 7300 ns, Cleanup: 12001 ns, At safepoint: 2600 ns, Total: 21901 ns
[1420.378s][info ][safepoint      ] Safepoint "Cleanup", Time since last: 1000106579 ns, Reaching safepoint: 8000 ns, Cleanup: 14000 ns, At safepoint: 3200 ns, Total: 25200 ns
[1422.379s][info ][safepoint      ] Safepoint "Cleanup", Time since last: 2000189058 ns, Reaching safepoint: 7300 ns, Cleanup: 10600 ns, At safepoint: 2800 ns, Total: 20700 ns
[1425.379s][info ][safepoint      ] Safepoint "Cleanup", Time since last: 3000247099 ns, Reaching safepoint: 7100 ns, Cleanup: 11500 ns, At safepoint: 2500 ns, Total: 21100 ns
[1426.379s][info ][safepoint      ] Safepoint "Cleanup", Time since last: 1000106893 ns, Reaching safepoint: 7500 ns, Cleanup: 11800 ns, At safepoint: 2400 ns, Total: 21700 ns
[1432.380s][info ][safepoint      ] Safepoint "Cleanup", Time since last: 6000464281 ns, Reaching safepoint: 7600 ns, Cleanup: 10600 ns, At safepoint: 3200 ns, Total: 21400 ns
[1435.380s][info ][safepoint      ] Safepoint "Cleanup", Time since last: 3000303394 ns, Reaching safepoint: 8701 ns, Cleanup: 15300 ns, At safepoint: 2600 ns, Total: 26601 ns
[1438.001s][info ][gc,start       ] GC(37) Pause Young (Allocation Failure)
[1438.006s][debug][gc,phases      ] GC(37) Scavenge 4.751ms
[1438.006s][debug][gc,ref         ] GC(37) ReferenceProcessor::execute queues: 1, RefProcThreadModel::Single, marks_oops_alive: false
[1438.006s][debug][gc,ref         ] GC(37) Skipped KeepAliveFinalRefsPhase of Reference Processing: no references
[1438.006s][debug][gc,ref         ] GC(37) ReferenceProcessor::execute queues: 1, RefProcThreadModel::Single, marks_oops_alive: false
[1438.006s][debug][gc,phases      ] GC(37) Reference Processing 0.121ms
[1438.006s][debug][gc,phases      ] GC(37)   VM Weak                        Min:  0.0, Avg:  0.0, Max:  0.0, Diff:  0.0, Sum:  0.0, Workers: 4
[1438.006s][debug][gc,phases      ] GC(37)     Dead                           Min: 0, Avg:  0.0, Max: 0, Diff: 0, Sum: 0, Workers: 4
[1438.006s][debug][gc,phases      ] GC(37)     Total                          Min: 0, Avg: 255.8, Max: 512, Diff: 512, Sum: 1023, Workers: 4
[1438.006s][debug][gc,phases      ] GC(37)   ObjectSynchronizer Weak        Min:  0.0, Avg:  0.0, Max:  0.0, Diff:  0.0, Sum:  0.0, Workers: 4
[1438.006s][debug][gc,phases      ] GC(37)     Dead                           Min: 0, Avg:  0.0, Max: 0, Diff: 0, Sum: 0, Workers: 4
[1438.006s][debug][gc,phases      ] GC(37)     Total                          Min: 0, Avg:  1.0, Max: 4, Diff: 4, Sum: 4, Workers: 4
[1438.006s][debug][gc,phases      ] GC(37)   JVMTI Tag Weak OopStorage      Min:  0.0, Avg:  0.0, Max:  0.0, Diff:  0.0, Sum:  0.0, Workers: 4
[1438.006s][debug][gc,phases      ] GC(37)     Dead                           Min: 0, Avg:  0.0, Max: 0, Diff: 0, Sum: 0, Workers: 4
[1438.006s][debug][gc,phases      ] GC(37)     Total                          Min: 0, Avg:  0.0, Max: 0, Diff: 0, Sum: 0, Workers: 4
[1438.007s][debug][gc,phases      ] GC(37)   StringTable Weak               Min:  0.1, Avg:  0.1, Max:  0.1, Diff:  0.0, Sum:  0.5, Workers: 4
[1438.007s][debug][gc,phases      ] GC(37)     Dead                           Min: 0, Avg:  0.0, Max: 0, Diff: 0, Sum: 0, Workers: 4
[1438.007s][debug][gc,phases      ] GC(37)     Total                          Min: 10933, Avg: 11581.2, Max: 12224, Diff: 1291, Sum: 46325, Workers: 4
[1438.007s][debug][gc,phases      ] GC(37)   ResolvedMethodTable Weak       Min:  0.0, Avg:  0.0, Max:  0.0, Diff:  0.0, Sum:  0.2, Workers: 4
[1438.007s][debug][gc,phases      ] GC(37)     Dead                           Min: 0, Avg:  4.0, Max: 16, Diff: 16, Sum: 16, Workers: 4
[1438.007s][debug][gc,phases      ] GC(37)     Total                          Min: 3668, Avg: 3830.5, Max: 3914, Diff: 246, Sum: 15322, Workers: 4
[1438.007s][debug][gc,phases      ] GC(37)   JNI Weak                       Min:  0.0, Avg:  0.0, Max:  0.0, Diff:  0.0, Sum:  0.0, Workers: 4
[1438.007s][debug][gc,phases      ] GC(37)     Dead                           Min: 0, Avg:  0.0, Max: 0, Diff: 0, Sum: 0, Workers: 4
[1438.007s][debug][gc,phases      ] GC(37)     Total                          Min: 0, Avg: 13.0, Max: 52, Diff: 52, Sum: 52, Workers: 4
[1438.007s][debug][gc,phases      ] GC(37)   StringDedup Table Weak         Min:  0.0, Avg:  0.0, Max:  0.0, Diff:  0.0, Sum:  0.0, Workers: 4
[1438.007s][debug][gc,phases      ] GC(37)     Dead                           Min: 0, Avg:  0.0, Max: 0, Diff: 0, Sum: 0, Workers: 4
[1438.007s][debug][gc,phases      ] GC(37)     Total                          Min: 0, Avg:  0.0, Max: 0, Diff: 0, Sum: 0, Workers: 4
[1438.007s][debug][gc,phases      ] GC(37)   StringDedup Requests0 Weak     Min:  0.0, Avg:  0.0, Max:  0.0, Diff:  0.0, Sum:  0.0, Workers: 4
[1438.007s][debug][gc,phases      ] GC(37)     Dead                           Min: 0, Avg:  0.0, Max: 0, Diff: 0, Sum: 0, Workers: 4
[1438.007s][debug][gc,phases      ] GC(37)     Total                          Min: 0, Avg:  0.0, Max: 0, Diff: 0, Sum: 0, Workers: 4
[1438.007s][debug][gc,phases      ] GC(37)   StringDedup Requests1 Weak     Min:  0.0, Avg:  0.0, Max:  0.0, Diff:  0.0, Sum:  0.0, Workers: 4
[1438.007s][debug][gc,phases      ] GC(37)     Dead                           Min: 0, Avg:  0.0, Max: 0, Diff: 0, Sum: 0, Workers: 4
[1438.007s][debug][gc,phases      ] GC(37)     Total                          Min: 0, Avg:  0.0, Max: 0, Diff: 0, Sum: 0, Workers: 4
[1438.007s][debug][gc,phases      ] GC(37)   Weak JFR Old Object Samples    Min:  0.0, Avg:  0.0, Max:  0.0, Diff:  0.0, Sum:  0.0, Workers: 4
[1438.007s][debug][gc,phases      ] GC(37)     Dead                           Min: 0, Avg:  0.0, Max: 0, Diff: 0, Sum: 0, Workers: 4
[1438.007s][debug][gc,phases      ] GC(37)     Total                          Min: 0, Avg:  0.0, Max: 0, Diff: 0, Sum: 0, Workers: 4
[1438.007s][debug][gc,phases      ] GC(37) Weak Processing 0.416ms
[1438.007s][debug][gc,age         ] GC(37) Desired survivor size 85983232 bytes, new threshold 1 (max threshold 15)
[1438.007s][info ][gc,heap        ] GC(37) PSYoungGen: 1914272K(2007040K)->4752K(2000384K) Eden: 1910272K(1910272K)->0K(1910272K) From: 4000K(96768K)->4752K(90112K)
[1438.007s][info ][gc,heap        ] GC(37) ParOldGen: 273563K(273920K)->274227K(274432K)
[1438.007s][info ][gc,metaspace   ] GC(37) Metaspace: 106051K(107456K)->106051K(107456K) NonClass: 89996K(90752K)->89996K(90752K) Class: 16054K(16704K)->16054K(16704K)
[1438.007s][info ][gc             ] GC(37) Pause Young (Allocation Failure) 2136M->272M(2221M) 5.473ms
[1438.007s][info ][gc,cpu         ] GC(37) User=0.02s Sys=0.01s Real=0.00s
[1438.007s][info ][safepoint      ] Safepoint "ParallelGCFailedAllocation", Time since last: 2621224790 ns, Reaching safepoint: 79502 ns, Cleanup: 4200 ns, At safepoint: 5561080 ns, Total: 5644782 ns
[1444.654s][info ][safepoint      ] Safepoint "Cleanup", Time since last: 6646932451 ns, Reaching safepoint: 81402 ns, Cleanup: 10400 ns, At safepoint: 7000 ns, Total: 98802 ns
[1448.654s][info ][safepoint      ] Safepoint "Cleanup", Time since last: 4000373232 ns, Reaching safepoint: 83001 ns, Cleanup: 11300 ns, At safepoint: 7800 ns, Total: 102101 ns
[1462.655s][info ][safepoint      ] Safepoint "Cleanup", Time since last: 14001144526 ns, Reaching safepoint: 7500 ns, Cleanup: 19800 ns, At safepoint: 3400 ns, Total: 30700 ns
[1467.656s][info ][safepoint      ] Safepoint "Cleanup", Time since last: 5000449110 ns, Reaching safepoint: 80601 ns, Cleanup: 12201 ns, At safepoint: 6900 ns, Total: 99702 ns
[1476.657s][info ][safepoint      ] Safepoint "Cleanup", Time since last: 9000696288 ns, Reaching safepoint: 7700 ns, Cleanup: 10300 ns, At safepoint: 2900 ns, Total: 20900 ns
[1485.657s][info ][safepoint      ] Safepoint "Cleanup", Time since last: 9000703316 ns, Reaching safepoint: 6400 ns, Cleanup: 7600 ns, At safepoint: 2500 ns, Total: 16500 ns
[1496.658s][info ][safepoint      ] Safepoint "Cleanup", Time since last: 11000828183 ns, Reaching safepoint: 9300 ns, Cleanup: 15000 ns, At safepoint: 3100 ns, Total: 27400 ns
[1498.153s][info ][gc,start       ] GC(38) Pause Young (Allocation Failure)
[1498.157s][debug][gc,phases      ] GC(38) Scavenge 4.139ms
[1498.157s][debug][gc,ref         ] GC(38) ReferenceProcessor::execute queues: 1, RefProcThreadModel::Single, marks_oops_alive: false
[1498.157s][debug][gc,ref         ] GC(38) Skipped KeepAliveFinalRefsPhase of Reference Processing: no references
[1498.157s][debug][gc,ref         ] GC(38) Skipped PhantomRefsPhase of Reference Processing: no references
[1498.157s][debug][gc,phases      ] GC(38) Reference Processing 0.120ms
[1498.157s][debug][gc,phases      ] GC(38)   VM Weak                        Min:  0.0, Avg:  0.0, Max:  0.0, Diff:  0.0, Sum:  0.0, Workers: 4
[1498.157s][debug][gc,phases      ] GC(38)     Dead                           Min: 0, Avg:  0.0, Max: 0, Diff: 0, Sum: 0, Workers: 4
[1498.157s][debug][gc,phases      ] GC(38)     Total                          Min: 0, Avg: 255.8, Max: 960, Diff: 960, Sum: 1023, Workers: 4
[1498.157s][debug][gc,phases      ] GC(38)   ObjectSynchronizer Weak        Min:  0.0, Avg:  0.0, Max:  0.0, Diff:  0.0, Sum:  0.0, Workers: 4
[1498.157s][debug][gc,phases      ] GC(38)     Dead                           Min: 0, Avg:  0.0, Max: 0, Diff: 0, Sum: 0, Workers: 4
[1498.157s][debug][gc,phases      ] GC(38)     Total                          Min: 0, Avg:  1.0, Max: 4, Diff: 4, Sum: 4, Workers: 4
[1498.157s][debug][gc,phases      ] GC(38)   JVMTI Tag Weak OopStorage      Min:  0.0, Avg:  0.0, Max:  0.0, Diff:  0.0, Sum:  0.0, Workers: 4
[1498.157s][debug][gc,phases      ] GC(38)     Dead                           Min: 0, Avg:  0.0, Max: 0, Diff: 0, Sum: 0, Workers: 4
[1498.157s][debug][gc,phases      ] GC(38)     Total                          Min: 0, Avg:  0.0, Max: 0, Diff: 0, Sum: 0, Workers: 4
[1498.157s][debug][gc,phases      ] GC(38)   StringTable Weak               Min:  0.0, Avg:  0.1, Max:  0.1, Diff:  0.1, Sum:  0.4, Workers: 4
[1498.157s][debug][gc,phases      ] GC(38)     Dead                           Min: 0, Avg:  0.0, Max: 0, Diff: 0, Sum: 0, Workers: 4
[1498.157s][debug][gc,phases      ] GC(38)     Total                          Min: 0, Avg: 11582.5, Max: 16314, Diff: 16314, Sum: 46330, Workers: 4
[1498.157s][debug][gc,phases      ] GC(38)   ResolvedMethodTable Weak       Min:  0.0, Avg:  0.0, Max:  0.1, Diff:  0.1, Sum:  0.2, Workers: 4
[1498.157s][debug][gc,phases      ] GC(38)     Dead                           Min: 0, Avg:  4.0, Max: 16, Diff: 16, Sum: 16, Workers: 4
[1498.157s][debug][gc,phases      ] GC(38)     Total                          Min: 0, Avg: 3830.5, Max: 5814, Diff: 5814, Sum: 15322, Workers: 4
[1498.157s][debug][gc,phases      ] GC(38)   JNI Weak                       Min:  0.0, Avg:  0.0, Max:  0.0, Diff:  0.0, Sum:  0.0, Workers: 4
[1498.157s][debug][gc,phases      ] GC(38)     Dead                           Min: 0, Avg:  0.0, Max: 0, Diff: 0, Sum: 0, Workers: 4
[1498.157s][debug][gc,phases      ] GC(38)     Total                          Min: 0, Avg: 13.0, Max: 52, Diff: 52, Sum: 52, Workers: 4
[1498.157s][debug][gc,phases      ] GC(38)   StringDedup Table Weak         Min:  0.0, Avg:  0.0, Max:  0.0, Diff:  0.0, Sum:  0.0, Workers: 4
[1498.157s][debug][gc,phases      ] GC(38)     Dead                           Min: 0, Avg:  0.0, Max: 0, Diff: 0, Sum: 0, Workers: 4
[1498.157s][debug][gc,phases      ] GC(38)     Total                          Min: 0, Avg:  0.0, Max: 0, Diff: 0, Sum: 0, Workers: 4
[1498.158s][debug][gc,phases      ] GC(38)   StringDedup Requests0 Weak     Min:  0.0, Avg:  0.0, Max:  0.0, Diff:  0.0, Sum:  0.0, Workers: 4
[1498.158s][debug][gc,phases      ] GC(38)     Dead                           Min: 0, Avg:  0.0, Max: 0, Diff: 0, Sum: 0, Workers: 4
[1498.158s][debug][gc,phases      ] GC(38)     Total                          Min: 0, Avg:  0.0, Max: 0, Diff: 0, Sum: 0, Workers: 4
[1498.158s][debug][gc,phases      ] GC(38)   StringDedup Requests1 Weak     Min:  0.0, Avg:  0.0, Max:  0.0, Diff:  0.0, Sum:  0.0, Workers: 4
[1498.158s][debug][gc,phases      ] GC(38)     Dead                           Min: 0, Avg:  0.0, Max: 0, Diff: 0, Sum: 0, Workers: 4
[1498.158s][debug][gc,phases      ] GC(38)     Total                          Min: 0, Avg:  0.0, Max: 0, Diff: 0, Sum: 0, Workers: 4
[1498.158s][debug][gc,phases      ] GC(38)   Weak JFR Old Object Samples    Min:  0.0, Avg:  0.0, Max:  0.0, Diff:  0.0, Sum:  0.0, Workers: 4
[1498.158s][debug][gc,phases      ] GC(38)     Dead                           Min: 0, Avg:  0.0, Max: 0, Diff: 0, Sum: 0, Workers: 4
[1498.158s][debug][gc,phases      ] GC(38)     Total                          Min: 0, Avg:  0.0, Max: 0, Diff: 0, Sum: 0, Workers: 4
[1498.158s][debug][gc,phases      ] GC(38) Weak Processing 0.441ms
[1498.158s][debug][gc,age         ] GC(38) Desired survivor size 80216064 bytes, new threshold 1 (max threshold 15)
[1498.158s][info ][gc,heap        ] GC(38) PSYoungGen: 1915024K(2000384K)->4176K(2018816K) Eden: 1910272K(1910272K)->0K(1934848K) From: 4752K(90112K)->4176K(83968K)
[1498.158s][info ][gc,heap        ] GC(38) ParOldGen: 274227K(274432K)->275191K(275456K)
[1498.158s][info ][gc,metaspace   ] GC(38) Metaspace: 106059K(107456K)->106059K(107456K) NonClass: 90004K(90752K)->90004K(90752K) Class: 16054K(16704K)->16054K(16704K)
[1498.158s][info ][gc             ] GC(38) Pause Young (Allocation Failure) 2137M->272M(2240M) 4.854ms
[1498.158s][info ][gc,cpu         ] GC(38) User=0.02s Sys=0.00s Real=0.00s
[1498.158s][info ][safepoint      ] Safepoint "ParallelGCFailedAllocation", Time since last: 1494421203 ns, Reaching safepoint: 6900 ns, Cleanup: 4500 ns, At safepoint: 4938459 ns, Total: 4949859 ns
[1499.158s][info ][safepoint      ] Safepoint "Cleanup", Time since last: 1000095537 ns, Reaching safepoint: 7100 ns, Cleanup: 11300 ns, At safepoint: 2900 ns, Total: 21300 ns
[1500.158s][info ][safepoint      ] Safepoint "Cleanup", Time since last: 1000176178 ns, Reaching safepoint: 7700 ns, Cleanup: 11300 ns, At safepoint: 2500 ns, Total: 21500 ns
[1513.672s][info ][safepoint      ] Safepoint "Cleanup", Time since last: 13513980096 ns, Reaching safepoint: 7700 ns, Cleanup: 32100 ns, At safepoint: 2800 ns, Total: 42600 ns
[1519.673s][info ][safepoint      ] Safepoint "Cleanup", Time since last: 6000487999 ns, Reaching safepoint: 7700 ns, Cleanup: 11601 ns, At safepoint: 27200 ns, Total: 46501 ns
[1528.673s][info ][safepoint      ] Safepoint "Cleanup", Time since last: 9000670582 ns, Reaching safepoint: 7400 ns, Cleanup: 10500 ns, At safepoint: 2900 ns, Total: 20800 ns
[1533.674s][info ][safepoint      ] Safepoint "Cleanup", Time since last: 5000414317 ns, Reaching safepoint: 7700 ns, Cleanup: 10900 ns, At safepoint: 2900 ns, Total: 21500 ns
[1536.674s][info ][safepoint      ] Safepoint "Cleanup", Time since last: 3000260441 ns, Reaching safepoint: 8100 ns, Cleanup: 15701 ns, At safepoint: 2800 ns, Total: 26601 ns
[1546.675s][info ][safepoint      ] Safepoint "Cleanup", Time since last: 10000728868 ns, Reaching safepoint: 7700 ns, Cleanup: 11400 ns, At safepoint: 2900 ns, Total: 22000 ns
[1554.675s][info ][safepoint      ] Safepoint "Cleanup", Time since last: 8000608382 ns, Reaching safepoint: 7300 ns, Cleanup: 11500 ns, At safepoint: 2400 ns, Total: 21200 ns
[1558.676s][info ][safepoint      ] Safepoint "Cleanup", Time since last: 4000327734 ns, Reaching safepoint: 7500 ns, Cleanup: 11600 ns, At safepoint: 2600 ns, Total: 21700 ns
[1559.676s][info ][safepoint      ] Safepoint "Cleanup", Time since last: 1000136794 ns, Reaching safepoint: 8800 ns, Cleanup: 12900 ns, At safepoint: 2600 ns, Total: 24300 ns
[1564.852s][info ][gc,start       ] GC(39) Pause Young (Allocation Failure)
[1564.855s][debug][gc,phases      ] GC(39) Scavenge 3.200ms
[1564.855s][debug][gc,ref         ] GC(39) ReferenceProcessor::execute queues: 1, RefProcThreadModel::Single, marks_oops_alive: false
[1564.855s][debug][gc,ref         ] GC(39) Skipped KeepAliveFinalRefsPhase of Reference Processing: no references
[1564.855s][debug][gc,ref         ] GC(39) ReferenceProcessor::execute queues: 1, RefProcThreadModel::Single, marks_oops_alive: false
[1564.855s][debug][gc,phases      ] GC(39) Reference Processing 0.121ms
[1564.855s][debug][gc,phases      ] GC(39)   VM Weak                        Min:  0.0, Avg:  0.0, Max:  0.0, Diff:  0.0, Sum:  0.0, Workers: 4
[1564.855s][debug][gc,phases      ] GC(39)     Dead                           Min: 0, Avg:  0.0, Max: 0, Diff: 0, Sum: 0, Workers: 4
[1564.855s][debug][gc,phases      ] GC(39)     Total                          Min: 0, Avg: 255.8, Max: 704, Diff: 704, Sum: 1023, Workers: 4
[1564.855s][debug][gc,phases      ] GC(39)   ObjectSynchronizer Weak        Min:  0.0, Avg:  0.0, Max:  0.0, Diff:  0.0, Sum:  0.0, Workers: 4
[1564.855s][debug][gc,phases      ] GC(39)     Dead                           Min: 0, Avg:  0.0, Max: 0, Diff: 0, Sum: 0, Workers: 4
[1564.855s][debug][gc,phases      ] GC(39)     Total                          Min: 0, Avg:  0.8, Max: 3, Diff: 3, Sum: 3, Workers: 4
[1564.855s][debug][gc,phases      ] GC(39)   JVMTI Tag Weak OopStorage      Min:  0.0, Avg:  0.0, Max:  0.0, Diff:  0.0, Sum:  0.0, Workers: 4
[1564.855s][debug][gc,phases      ] GC(39)     Dead                           Min: 0, Avg:  0.0, Max: 0, Diff: 0, Sum: 0, Workers: 4
[1564.855s][debug][gc,phases      ] GC(39)     Total                          Min: 0, Avg:  0.0, Max: 0, Diff: 0, Sum: 0, Workers: 4
[1564.855s][debug][gc,phases      ] GC(39)   StringTable Weak               Min:  0.0, Avg:  0.1, Max:  0.2, Diff:  0.2, Sum:  0.5, Workers: 4
[1564.856s][debug][gc,phases      ] GC(39)     Dead                           Min: 0, Avg:  0.0, Max: 0, Diff: 0, Sum: 0, Workers: 4
[1564.856s][debug][gc,phases      ] GC(39)     Total                          Min: 0, Avg: 11583.5, Max: 15742, Diff: 15742, Sum: 46334, Workers: 4
[1564.856s][debug][gc,phases      ] GC(39)   ResolvedMethodTable Weak       Min:  0.0, Avg:  0.0, Max:  0.1, Diff:  0.1, Sum:  0.2, Workers: 4
[1564.856s][debug][gc,phases      ] GC(39)     Dead                           Min: 0, Avg:  4.0, Max: 16, Diff: 16, Sum: 16, Workers: 4
[1564.856s][debug][gc,phases      ] GC(39)     Total                          Min: 0, Avg: 3830.5, Max: 5473, Diff: 5473, Sum: 15322, Workers: 4
[1564.856s][debug][gc,phases      ] GC(39)   JNI Weak                       Min:  0.0, Avg:  0.0, Max:  0.0, Diff:  0.0, Sum:  0.0, Workers: 4
[1564.856s][debug][gc,phases      ] GC(39)     Dead                           Min: 0, Avg:  0.0, Max: 0, Diff: 0, Sum: 0, Workers: 4
[1564.856s][debug][gc,phases      ] GC(39)     Total                          Min: 0, Avg: 13.0, Max: 52, Diff: 52, Sum: 52, Workers: 4
[1564.856s][debug][gc,phases      ] GC(39)   StringDedup Table Weak         Min:  0.0, Avg:  0.0, Max:  0.0, Diff:  0.0, Sum:  0.0, Workers: 4
[1564.856s][debug][gc,phases      ] GC(39)     Dead                           Min: 0, Avg:  0.0, Max: 0, Diff: 0, Sum: 0, Workers: 4
[1564.856s][debug][gc,phases      ] GC(39)     Total                          Min: 0, Avg:  0.0, Max: 0, Diff: 0, Sum: 0, Workers: 4
[1564.856s][debug][gc,phases      ] GC(39)   StringDedup Requests0 Weak     Min:  0.0, Avg:  0.0, Max:  0.0, Diff:  0.0, Sum:  0.0, Workers: 4
[1564.856s][debug][gc,phases      ] GC(39)     Dead                           Min: 0, Avg:  0.0, Max: 0, Diff: 0, Sum: 0, Workers: 4
[1564.856s][debug][gc,phases      ] GC(39)     Total                          Min: 0, Avg:  0.0, Max: 0, Diff: 0, Sum: 0, Workers: 4
[1564.856s][debug][gc,phases      ] GC(39)   StringDedup Requests1 Weak     Min:  0.0, Avg:  0.0, Max:  0.0, Diff:  0.0, Sum:  0.0, Workers: 4
[1564.856s][debug][gc,phases      ] GC(39)     Dead                           Min: 0, Avg:  0.0, Max: 0, Diff: 0, Sum: 0, Workers: 4
[1564.856s][debug][gc,phases      ] GC(39)     Total                          Min: 0, Avg:  0.0, Max: 0, Diff: 0, Sum: 0, Workers: 4
[1564.856s][debug][gc,phases      ] GC(39)   Weak JFR Old Object Samples    Min:  0.0, Avg:  0.0, Max:  0.0, Diff:  0.0, Sum:  0.0, Workers: 4
[1564.856s][debug][gc,phases      ] GC(39)     Dead                           Min: 0, Avg:  0.0, Max: 0, Diff: 0, Sum: 0, Workers: 4
[1564.856s][debug][gc,phases      ] GC(39)     Total                          Min: 0, Avg:  0.0, Max: 0, Diff: 0, Sum: 0, Workers: 4
[1564.856s][debug][gc,phases      ] GC(39) Weak Processing 0.465ms
[1564.856s][debug][gc,age         ] GC(39) Desired survivor size 74973184 bytes, new threshold 1 (max threshold 15)
[1564.856s][info ][gc,heap        ] GC(39) PSYoungGen: 1939024K(2018816K)->3634K(2013184K) Eden: 1934848K(1934848K)->0K(1934848K) From: 4176K(83968K)->3634K(78336K)
[1564.856s][info ][gc,heap        ] GC(39) ParOldGen: 275191K(275456K)->276411K(276480K)
[1564.856s][info ][gc,metaspace   ] GC(39) Metaspace: 106074K(107456K)->106074K(107456K) NonClass: 90019K(90752K)->90019K(90752K) Class: 16054K(16704K)->16054K(16704K)
[1564.856s][info ][gc             ] GC(39) Pause Young (Allocation Failure) 2162M->273M(2236M) 3.938ms
[1564.856s][info ][gc,cpu         ] GC(39) User=0.02s Sys=0.00s Real=0.00s
[1564.856s][info ][safepoint      ] Safepoint "ParallelGCFailedAllocation", Time since last: 5175761861 ns, Reaching safepoint: 82101 ns, Cleanup: 4800 ns, At safepoint: 4068447 ns, Total: 4155348 ns
[1569.856s][info ][safepoint      ] Safepoint "Cleanup", Time since last: 5000391075 ns, Reaching safepoint: 83301 ns, Cleanup: 10500 ns, At safepoint: 10700 ns, Total: 104501 ns
[1572.857s][info ][safepoint      ] Safepoint "Cleanup", Time since last: 3000267367 ns, Reaching safepoint: 8300 ns, Cleanup: 11900 ns, At safepoint: 2600 ns, Total: 22800 ns
[1574.857s][info ][safepoint      ] Safepoint "Cleanup", Time since last: 2000217913 ns, Reaching safepoint: 77501 ns, Cleanup: 9600 ns, At safepoint: 6101 ns, Total: 93202 ns
[1575.857s][info ][safepoint      ] Safepoint "Cleanup", Time since last: 1000114406 ns, Reaching safepoint: 7100 ns, Cleanup: 11300 ns, At safepoint: 30301 ns, Total: 48701 ns
[1579.857s][info ][safepoint      ] Safepoint "Cleanup", Time since last: 4000341388 ns, Reaching safepoint: 6500 ns, Cleanup: 11200 ns, At safepoint: 2900 ns, Total: 20600 ns
[1589.858s][info ][safepoint      ] Safepoint "Cleanup", Time since last: 10000763480 ns, Reaching safepoint: 7401 ns, Cleanup: 11300 ns, At safepoint: 2900 ns, Total: 21601 ns
[1591.858s][info ][safepoint      ] Safepoint "Cleanup", Time since last: 2000194207 ns, Reaching safepoint: 6900 ns, Cleanup: 11000 ns, At safepoint: 3000 ns, Total: 20900 ns
[1592.859s][info ][safepoint      ] Safepoint "Cleanup", Time since last: 1000127404 ns, Reaching safepoint: 7500 ns, Cleanup: 11300 ns, At safepoint: 2700 ns, Total: 21500 ns
[1597.859s][info ][safepoint      ] Safepoint "Cleanup", Time since last: 5000423883 ns, Reaching safepoint: 6900 ns, Cleanup: 11100 ns, At safepoint: 2900 ns, Total: 20900 ns
[1608.860s][info ][safepoint      ] Safepoint "Cleanup", Time since last: 11000850118 ns, Reaching safepoint: 5900 ns, Cleanup: 9500 ns, At safepoint: 3000 ns, Total: 18400 ns
[1623.711s][info ][safepoint      ] Safepoint "Cleanup", Time since last: 14851475499 ns, Reaching safepoint: 8000 ns, Cleanup: 11200 ns, At safepoint: 3100 ns, Total: 22300 ns
[1625.712s][info ][safepoint      ] Safepoint "Cleanup", Time since last: 2000218163 ns, Reaching safepoint: 7800 ns, Cleanup: 14301 ns, At safepoint: 2600 ns, Total: 24701 ns
[1627.712s][info ][safepoint      ] Safepoint "Cleanup", Time since last: 2000208187 ns, Reaching safepoint: 7000 ns, Cleanup: 12300 ns, At safepoint: 2900 ns, Total: 22200 ns
[1629.712s][info ][safepoint      ] Safepoint "Cleanup", Time since last: 2000196113 ns, Reaching safepoint: 7201 ns, Cleanup: 14300 ns, At safepoint: 2400 ns, Total: 23901 ns
[1630.304s][info ][gc,start       ] GC(40) Pause Young (Allocation Failure)
[1630.307s][debug][gc,phases      ] GC(40) Scavenge 3.184ms
[1630.308s][debug][gc,ref         ] GC(40) ReferenceProcessor::execute queues: 1, RefProcThreadModel::Single, marks_oops_alive: false
[1630.308s][debug][gc,ref         ] GC(40) Skipped KeepAliveFinalRefsPhase of Reference Processing: no references
[1630.308s][debug][gc,ref         ] GC(40) ReferenceProcessor::execute queues: 1, RefProcThreadModel::Single, marks_oops_alive: false
[1630.308s][debug][gc,phases      ] GC(40) Reference Processing 0.118ms
[1630.308s][debug][gc,phases      ] GC(40)   VM Weak                        Min:  0.0, Avg:  0.0, Max:  0.0, Diff:  0.0, Sum:  0.0, Workers: 4
[1630.308s][debug][gc,phases      ] GC(40)     Dead                           Min: 0, Avg:  0.0, Max: 0, Diff: 0, Sum: 0, Workers: 4
[1630.308s][debug][gc,phases      ] GC(40)     Total                          Min: 0, Avg: 255.8, Max: 575, Diff: 575, Sum: 1023, Workers: 4
[1630.308s][debug][gc,phases      ] GC(40)   ObjectSynchronizer Weak        Min:  0.0, Avg:  0.0, Max:  0.0, Diff:  0.0, Sum:  0.0, Workers: 4
[1630.308s][debug][gc,phases      ] GC(40)     Dead                           Min: 0, Avg:  0.0, Max: 0, Diff: 0, Sum: 0, Workers: 4
[1630.308s][debug][gc,phases      ] GC(40)     Total                          Min: 0, Avg:  1.0, Max: 4, Diff: 4, Sum: 4, Workers: 4
[1630.308s][debug][gc,phases      ] GC(40)   JVMTI Tag Weak OopStorage      Min:  0.0, Avg:  0.0, Max:  0.0, Diff:  0.0, Sum:  0.0, Workers: 4
[1630.308s][debug][gc,phases      ] GC(40)     Dead                           Min: 0, Avg:  0.0, Max: 0, Diff: 0, Sum: 0, Workers: 4
[1630.308s][debug][gc,phases      ] GC(40)     Total                          Min: 0, Avg:  0.0, Max: 0, Diff: 0, Sum: 0, Workers: 4
[1630.308s][debug][gc,phases      ] GC(40)   StringTable Weak               Min:  0.0, Avg:  0.1, Max:  0.2, Diff:  0.2, Sum:  0.5, Workers: 4
[1630.308s][debug][gc,phases      ] GC(40)     Dead                           Min: 0, Avg:  0.0, Max: 0, Diff: 0, Sum: 0, Workers: 4
[1630.308s][debug][gc,phases      ] GC(40)     Total                          Min: 0, Avg: 11583.5, Max: 15934, Diff: 15934, Sum: 46334, Workers: 4
[1630.308s][debug][gc,phases      ] GC(40)   ResolvedMethodTable Weak       Min:  0.0, Avg:  0.0, Max:  0.1, Diff:  0.1, Sum:  0.2, Workers: 4
[1630.308s][debug][gc,phases      ] GC(40)     Dead                           Min: 0, Avg:  4.0, Max: 16, Diff: 16, Sum: 16, Workers: 4
[1630.308s][debug][gc,phases      ] GC(40)     Total                          Min: 0, Avg: 3830.5, Max: 6315, Diff: 6315, Sum: 15322, Workers: 4
[1630.308s][debug][gc,phases      ] GC(40)   JNI Weak                       Min:  0.0, Avg:  0.0, Max:  0.0, Diff:  0.0, Sum:  0.0, Workers: 4
[1630.308s][debug][gc,phases      ] GC(40)     Dead                           Min: 0, Avg:  0.0, Max: 0, Diff: 0, Sum: 0, Workers: 4
[1630.308s][debug][gc,phases      ] GC(40)     Total                          Min: 0, Avg: 13.0, Max: 52, Diff: 52, Sum: 52, Workers: 4
[1630.308s][debug][gc,phases      ] GC(40)   StringDedup Table Weak         Min:  0.0, Avg:  0.0, Max:  0.0, Diff:  0.0, Sum:  0.0, Workers: 4
[1630.308s][debug][gc,phases      ] GC(40)     Dead                           Min: 0, Avg:  0.0, Max: 0, Diff: 0, Sum: 0, Workers: 4
[1630.308s][debug][gc,phases      ] GC(40)     Total                          Min: 0, Avg:  0.0, Max: 0, Diff: 0, Sum: 0, Workers: 4
[1630.308s][debug][gc,phases      ] GC(40)   StringDedup Requests0 Weak     Min:  0.0, Avg:  0.0, Max:  0.0, Diff:  0.0, Sum:  0.0, Workers: 4
[1630.308s][debug][gc,phases      ] GC(40)     Dead                           Min: 0, Avg:  0.0, Max: 0, Diff: 0, Sum: 0, Workers: 4
[1630.308s][debug][gc,phases      ] GC(40)     Total                          Min: 0, Avg:  0.0, Max: 0, Diff: 0, Sum: 0, Workers: 4
[1630.308s][debug][gc,phases      ] GC(40)   StringDedup Requests1 Weak     Min:  0.0, Avg:  0.0, Max:  0.0, Diff:  0.0, Sum:  0.0, Workers: 4
[1630.308s][debug][gc,phases      ] GC(40)     Dead                           Min: 0, Avg:  0.0, Max: 0, Diff: 0, Sum: 0, Workers: 4
[1630.308s][debug][gc,phases      ] GC(40)     Total                          Min: 0, Avg:  0.0, Max: 0, Diff: 0, Sum: 0, Workers: 4
[1630.308s][debug][gc,phases      ] GC(40)   Weak JFR Old Object Samples    Min:  0.0, Avg:  0.0, Max:  0.0, Diff:  0.0, Sum:  0.0, Workers: 4
[1630.308s][debug][gc,phases      ] GC(40)     Dead                           Min: 0, Avg:  0.0, Max: 0, Diff: 0, Sum: 0, Workers: 4
[1630.308s][debug][gc,phases      ] GC(40)     Total                          Min: 0, Avg:  0.0, Max: 0, Diff: 0, Sum: 0, Workers: 4
[1630.308s][debug][gc,phases      ] GC(40) Weak Processing 0.477ms
[1630.308s][debug][gc,age         ] GC(40) Desired survivor size 69730304 bytes, new threshold 1 (max threshold 15)
[1630.308s][info ][gc,heap        ] GC(40) PSYoungGen: 1938482K(2013184K)->4021K(2029056K) Eden: 1934848K(1934848K)->0K(1955840K) From: 3634K(78336K)->4021K(73216K)
[1630.308s][info ][gc,heap        ] GC(40) ParOldGen: 276411K(276480K)->277518K(278016K)
[1630.308s][info ][gc,metaspace   ] GC(40) Metaspace: 106092K(107456K)->106092K(107456K) NonClass: 90037K(90752K)->90037K(90752K) Class: 16054K(16704K)->16054K(16704K)
[1630.308s][info ][gc             ] GC(40) Pause Young (Allocation Failure) 2162M->274M(2253M) 3.917ms
[1630.308s][info ][gc,cpu         ] GC(40) User=0.01s Sys=0.00s Real=0.00s
[1630.308s][info ][safepoint      ] Safepoint "ParallelGCFailedAllocation", Time since last: 592087775 ns, Reaching safepoint: 6600 ns, Cleanup: 4200 ns, At safepoint: 3992645 ns, Total: 4003445 ns
[1642.309s][info ][safepoint      ] Safepoint "Cleanup", Time since last: 12000876347 ns, Reaching safepoint: 8600 ns, Cleanup: 12300 ns, At safepoint: 3000 ns, Total: 23900 ns
[1647.309s][info ][safepoint      ] Safepoint "Cleanup", Time since last: 5000388043 ns, Reaching safepoint: 6400 ns, Cleanup: 7300 ns, At safepoint: 3100 ns, Total: 16800 ns
[1648.310s][info ][safepoint      ] Safepoint "Cleanup", Time since last: 1000148032 ns, Reaching safepoint: 7900 ns, Cleanup: 13800 ns, At safepoint: 2800 ns, Total: 24500 ns
[1654.310s][info ][safepoint      ] Safepoint "Cleanup", Time since last: 6000483763 ns, Reaching safepoint: 7500 ns, Cleanup: 16900 ns, At safepoint: 2600 ns, Total: 27000 ns
[1671.311s][info ][safepoint      ] Safepoint "Cleanup", Time since last: 17001330083 ns, Reaching safepoint: 7400 ns, Cleanup: 10500 ns, At safepoint: 3000 ns, Total: 20900 ns
[1674.312s][info ][safepoint      ] Safepoint "Cleanup", Time since last: 3000277567 ns, Reaching safepoint: 6800 ns, Cleanup: 10200 ns, At safepoint: 2400 ns, Total: 19400 ns
[1680.312s][info ][safepoint      ] Safepoint "Cleanup", Time since last: 6000611326 ns, Reaching safepoint: 9300 ns, Cleanup: 14901 ns, At safepoint: 2600 ns, Total: 26801 ns
[1684.729s][info ][safepoint      ] Safepoint "Cleanup", Time since last: 4416318167 ns, Reaching safepoint: 7100 ns, Cleanup: 11400 ns, At safepoint: 2700 ns, Total: 21200 ns
[1687.729s][info ][safepoint      ] Safepoint "Cleanup", Time since last: 3000268655 ns, Reaching safepoint: 6400 ns, Cleanup: 9600 ns, At safepoint: 2600 ns, Total: 18600 ns
[1695.442s][info ][gc,start       ] GC(41) Pause Young (Allocation Failure)
[1695.447s][debug][gc,phases      ] GC(41) Scavenge 4.831ms
[1695.447s][debug][gc,ref         ] GC(41) ReferenceProcessor::execute queues: 1, RefProcThreadModel::Single, marks_oops_alive: false
[1695.447s][debug][gc,ref         ] GC(41) Skipped KeepAliveFinalRefsPhase of Reference Processing: no references
[1695.447s][debug][gc,ref         ] GC(41) ReferenceProcessor::execute queues: 1, RefProcThreadModel::Single, marks_oops_alive: false
[1695.447s][debug][gc,phases      ] GC(41) Reference Processing 0.137ms
[1695.447s][debug][gc,phases      ] GC(41)   VM Weak                        Min:  0.0, Avg:  0.0, Max:  0.0, Diff:  0.0, Sum:  0.0, Workers: 4
[1695.447s][debug][gc,phases      ] GC(41)     Dead                           Min: 0, Avg:  0.0, Max: 0, Diff: 0, Sum: 0, Workers: 4
[1695.447s][debug][gc,phases      ] GC(41)     Total                          Min: 0, Avg: 255.8, Max: 895, Diff: 895, Sum: 1023, Workers: 4
[1695.447s][debug][gc,phases      ] GC(41)   ObjectSynchronizer Weak        Min:  0.0, Avg:  0.0, Max:  0.0, Diff:  0.0, Sum:  0.0, Workers: 4
[1695.447s][debug][gc,phases      ] GC(41)     Dead                           Min: 0, Avg:  0.0, Max: 0, Diff: 0, Sum: 0, Workers: 4
[1695.447s][debug][gc,phases      ] GC(41)     Total                          Min: 0, Avg:  1.0, Max: 4, Diff: 4, Sum: 4, Workers: 4
[1695.447s][debug][gc,phases      ] GC(41)   JVMTI Tag Weak OopStorage      Min:  0.0, Avg:  0.0, Max:  0.0, Diff:  0.0, Sum:  0.0, Workers: 4
[1695.447s][debug][gc,phases      ] GC(41)     Dead                           Min: 0, Avg:  0.0, Max: 0, Diff: 0, Sum: 0, Workers: 4
[1695.447s][debug][gc,phases      ] GC(41)     Total                          Min: 0, Avg:  0.0, Max: 0, Diff: 0, Sum: 0, Workers: 4
[1695.447s][debug][gc,phases      ] GC(41)   StringTable Weak               Min:  0.0, Avg:  0.1, Max:  0.2, Diff:  0.2, Sum:  0.4, Workers: 4
[1695.447s][debug][gc,phases      ] GC(41)     Dead                           Min: 0, Avg:  0.5, Max: 1, Diff: 1, Sum: 2, Workers: 4
[1695.447s][debug][gc,phases      ] GC(41)     Total                          Min: 0, Avg: 11584.8, Max: 24707, Diff: 24707, Sum: 46339, Workers: 4
[1695.447s][debug][gc,phases      ] GC(41)   ResolvedMethodTable Weak       Min:  0.0, Avg:  0.0, Max:  0.1, Diff:  0.1, Sum:  0.2, Workers: 4
[1695.447s][debug][gc,phases      ] GC(41)     Dead                           Min: 0, Avg:  4.5, Max: 18, Diff: 18, Sum: 18, Workers: 4
[1695.447s][debug][gc,phases      ] GC(41)     Total                          Min: 0, Avg: 3832.2, Max: 8388, Diff: 8388, Sum: 15329, Workers: 4
[1695.447s][debug][gc,phases      ] GC(41)   JNI Weak                       Min:  0.0, Avg:  0.0, Max:  0.0, Diff:  0.0, Sum:  0.0, Workers: 4
[1695.447s][debug][gc,phases      ] GC(41)     Dead                           Min: 0, Avg:  0.0, Max: 0, Diff: 0, Sum: 0, Workers: 4
[1695.447s][debug][gc,phases      ] GC(41)     Total                          Min: 0, Avg: 13.0, Max: 52, Diff: 52, Sum: 52, Workers: 4
[1695.447s][debug][gc,phases      ] GC(41)   StringDedup Table Weak         Min:  0.0, Avg:  0.0, Max:  0.0, Diff:  0.0, Sum:  0.0, Workers: 4
[1695.447s][debug][gc,phases      ] GC(41)     Dead                           Min: 0, Avg:  0.0, Max: 0, Diff: 0, Sum: 0, Workers: 4
[1695.447s][debug][gc,phases      ] GC(41)     Total                          Min: 0, Avg:  0.0, Max: 0, Diff: 0, Sum: 0, Workers: 4
[1695.447s][debug][gc,phases      ] GC(41)   StringDedup Requests0 Weak     Min:  0.0, Avg:  0.0, Max:  0.0, Diff:  0.0, Sum:  0.0, Workers: 4
[1695.447s][debug][gc,phases      ] GC(41)     Dead                           Min: 0, Avg:  0.0, Max: 0, Diff: 0, Sum: 0, Workers: 4
[1695.447s][debug][gc,phases      ] GC(41)     Total                          Min: 0, Avg:  0.0, Max: 0, Diff: 0, Sum: 0, Workers: 4
[1695.447s][debug][gc,phases      ] GC(41)   StringDedup Requests1 Weak     Min:  0.0, Avg:  0.0, Max:  0.0, Diff:  0.0, Sum:  0.0, Workers: 4
[1695.447s][debug][gc,phases      ] GC(41)     Dead                           Min: 0, Avg:  0.0, Max: 0, Diff: 0, Sum: 0, Workers: 4
[1695.447s][debug][gc,phases      ] GC(41)     Total                          Min: 0, Avg:  0.0, Max: 0, Diff: 0, Sum: 0, Workers: 4
[1695.447s][debug][gc,phases      ] GC(41)   Weak JFR Old Object Samples    Min:  0.0, Avg:  0.0, Max:  0.0, Diff:  0.0, Sum:  0.0, Workers: 4
[1695.447s][debug][gc,phases      ] GC(41)     Dead                           Min: 0, Avg:  0.0, Max: 0, Diff: 0, Sum: 0, Workers: 4
[1695.447s][debug][gc,phases      ] GC(41)     Total                          Min: 0, Avg:  0.0, Max: 0, Diff: 0, Sum: 0, Workers: 4
[1695.447s][debug][gc,phases      ] GC(41) Weak Processing 0.619ms
[1695.447s][debug][gc,age         ] GC(41) Desired survivor size 65011712 bytes, new threshold 1 (max threshold 15)
[1695.447s][info ][gc,heap        ] GC(41) PSYoungGen: 1959861K(2029056K)->3376K(2023936K) Eden: 1955840K(1955840K)->0K(1955840K) From: 4021K(73216K)->3376K(68096K)
[1695.447s][info ][gc,heap        ] GC(41) ParOldGen: 277518K(278016K)->278731K(279040K)
[1695.447s][info ][gc,metaspace   ] GC(41) Metaspace: 106115K(107520K)->106115K(107520K) NonClass: 90057K(90816K)->90057K(90816K) Class: 16057K(16704K)->16057K(16704K)
[1695.448s][info ][gc             ] GC(41) Pause Young (Allocation Failure) 2184M->275M(2249M) 5.752ms
[1695.448s][info ][gc,cpu         ] GC(41) User=0.02s Sys=0.00s Real=0.00s
[1695.448s][info ][safepoint      ] Safepoint "ParallelGCFailedAllocation", Time since last: 7712692873 ns, Reaching safepoint: 7200 ns, Cleanup: 4200 ns, At safepoint: 5845462 ns, Total: 5856862 ns
[1697.448s][info ][safepoint      ] Safepoint "Cleanup", Time since last: 2000184976 ns, Reaching safepoint: 9400 ns, Cleanup: 12700 ns, At safepoint: 3501 ns, Total: 25601 ns
[1698.448s][info ][safepoint      ] Safepoint "Cleanup", Time since last: 1000127588 ns, Reaching safepoint: 7300 ns, Cleanup: 10000 ns, At safepoint: 2800 ns, Total: 20100 ns
[1710.449s][info ][safepoint      ] Safepoint "Cleanup", Time since last: 12000950503 ns, Reaching safepoint: 87701 ns, Cleanup: 11100 ns, At safepoint: 8200 ns, Total: 107001 ns
[1729.451s][info ][safepoint      ] Safepoint "Cleanup", Time since last: 19001553169 ns, Reaching safepoint: 79901 ns, Cleanup: 11700 ns, At safepoint: 7200 ns, Total: 98801 ns
[1740.746s][info ][safepoint      ] Safepoint "Cleanup", Time since last: 11295350220 ns, Reaching safepoint: 5000 ns, Cleanup: 13000 ns, At safepoint: 5601 ns, Total: 23601 ns
[1743.746s][info ][safepoint      ] Safepoint "Cleanup", Time since last: 3000314209 ns, Reaching safepoint: 8100 ns, Cleanup: 12500 ns, At safepoint: 2700 ns, Total: 23300 ns
[1761.651s][info ][gc,start       ] GC(42) Pause Young (Allocation Failure)
[1761.655s][debug][gc,phases      ] GC(42) Scavenge 3.459ms
[1761.655s][debug][gc,ref         ] GC(42) ReferenceProcessor::execute queues: 1, RefProcThreadModel::Single, marks_oops_alive: false
[1761.655s][debug][gc,ref         ] GC(42) Skipped KeepAliveFinalRefsPhase of Reference Processing: no references
[1761.655s][debug][gc,ref         ] GC(42) Skipped PhantomRefsPhase of Reference Processing: no references
[1761.655s][debug][gc,phases      ] GC(42) Reference Processing 0.120ms
[1761.655s][debug][gc,phases      ] GC(42)   VM Weak                        Min:  0.0, Avg:  0.0, Max:  0.0, Diff:  0.0, Sum:  0.0, Workers: 4
[1761.655s][debug][gc,phases      ] GC(42)     Dead                           Min: 0, Avg:  0.0, Max: 0, Diff: 0, Sum: 0, Workers: 4
[1761.655s][debug][gc,phases      ] GC(42)     Total                          Min: 0, Avg: 255.8, Max: 832, Diff: 832, Sum: 1023, Workers: 4
[1761.655s][debug][gc,phases      ] GC(42)   ObjectSynchronizer Weak        Min:  0.0, Avg:  0.0, Max:  0.0, Diff:  0.0, Sum:  0.0, Workers: 4
[1761.655s][debug][gc,phases      ] GC(42)     Dead                           Min: 0, Avg:  0.0, Max: 0, Diff: 0, Sum: 0, Workers: 4
[1761.655s][debug][gc,phases      ] GC(42)     Total                          Min: 0, Avg:  1.0, Max: 4, Diff: 4, Sum: 4, Workers: 4
[1761.655s][debug][gc,phases      ] GC(42)   JVMTI Tag Weak OopStorage      Min:  0.0, Avg:  0.0, Max:  0.0, Diff:  0.0, Sum:  0.0, Workers: 4
[1761.655s][debug][gc,phases      ] GC(42)     Dead                           Min: 0, Avg:  0.0, Max: 0, Diff: 0, Sum: 0, Workers: 4
[1761.655s][debug][gc,phases      ] GC(42)     Total                          Min: 0, Avg:  0.0, Max: 0, Diff: 0, Sum: 0, Workers: 4
[1761.655s][debug][gc,phases      ] GC(42)   StringTable Weak               Min:  0.1, Avg:  0.1, Max:  0.1, Diff:  0.0, Sum:  0.4, Workers: 4
[1761.655s][debug][gc,phases      ] GC(42)     Dead                           Min: 0, Avg:  0.0, Max: 0, Diff: 0, Sum: 0, Workers: 4
[1761.655s][debug][gc,phases      ] GC(42)     Total                          Min: 7880, Avg: 11585.8, Max: 13439, Diff: 5559, Sum: 46343, Workers: 4
[1761.655s][debug][gc,phases      ] GC(42)   ResolvedMethodTable Weak       Min:  0.0, Avg:  0.0, Max:  0.0, Diff:  0.0, Sum:  0.2, Workers: 4
[1761.655s][debug][gc,phases      ] GC(42)     Dead                           Min: 0, Avg:  4.0, Max: 11, Diff: 11, Sum: 16, Workers: 4
[1761.655s][debug][gc,phases      ] GC(42)     Total                          Min: 3625, Avg: 3832.2, Max: 4268, Diff: 643, Sum: 15329, Workers: 4
[1761.655s][debug][gc,phases      ] GC(42)   JNI Weak                       Min:  0.0, Avg:  0.0, Max:  0.0, Diff:  0.0, Sum:  0.0, Workers: 4
[1761.655s][debug][gc,phases      ] GC(42)     Dead                           Min: 0, Avg:  0.0, Max: 0, Diff: 0, Sum: 0, Workers: 4
[1761.655s][debug][gc,phases      ] GC(42)     Total                          Min: 0, Avg: 13.0, Max: 52, Diff: 52, Sum: 52, Workers: 4
[1761.655s][debug][gc,phases      ] GC(42)   StringDedup Table Weak         Min:  0.0, Avg:  0.0, Max:  0.0, Diff:  0.0, Sum:  0.0, Workers: 4
[1761.655s][debug][gc,phases      ] GC(42)     Dead                           Min: 0, Avg:  0.0, Max: 0, Diff: 0, Sum: 0, Workers: 4
[1761.655s][debug][gc,phases      ] GC(42)     Total                          Min: 0, Avg:  0.0, Max: 0, Diff: 0, Sum: 0, Workers: 4
[1761.655s][debug][gc,phases      ] GC(42)   StringDedup Requests0 Weak     Min:  0.0, Avg:  0.0, Max:  0.0, Diff:  0.0, Sum:  0.0, Workers: 4
[1761.655s][debug][gc,phases      ] GC(42)     Dead                           Min: 0, Avg:  0.0, Max: 0, Diff: 0, Sum: 0, Workers: 4
[1761.655s][debug][gc,phases      ] GC(42)     Total                          Min: 0, Avg:  0.0, Max: 0, Diff: 0, Sum: 0, Workers: 4
[1761.655s][debug][gc,phases      ] GC(42)   StringDedup Requests1 Weak     Min:  0.0, Avg:  0.0, Max:  0.0, Diff:  0.0, Sum:  0.0, Workers: 4
[1761.655s][debug][gc,phases      ] GC(42)     Dead                           Min: 0, Avg:  0.0, Max: 0, Diff: 0, Sum: 0, Workers: 4
[1761.655s][debug][gc,phases      ] GC(42)     Total                          Min: 0, Avg:  0.0, Max: 0, Diff: 0, Sum: 0, Workers: 4
[1761.655s][debug][gc,phases      ] GC(42)   Weak JFR Old Object Samples    Min:  0.0, Avg:  0.0, Max:  0.0, Diff:  0.0, Sum:  0.0, Workers: 4
[1761.655s][debug][gc,phases      ] GC(42)     Dead                           Min: 0, Avg:  0.0, Max: 0, Diff: 0, Sum: 0, Workers: 4
[1761.655s][debug][gc,phases      ] GC(42)     Total                          Min: 0, Avg:  0.0, Max: 0, Diff: 0, Sum: 0, Workers: 4
[1761.655s][debug][gc,phases      ] GC(42) Weak Processing 0.407ms
[1761.655s][debug][gc,age         ] GC(42) Desired survivor size 60293120 bytes, new threshold 1 (max threshold 15)
[1761.655s][info ][gc,heap        ] GC(42) PSYoungGen: 1959216K(2023936K)->3440K(2038272K) Eden: 1955840K(1955840K)->0K(1974784K) From: 3376K(68096K)->3440K(63488K)
[1761.655s][info ][gc,heap        ] GC(42) ParOldGen: 278731K(279040K)->279535K(279552K)
[1761.655s][info ][gc,metaspace   ] GC(42) Metaspace: 106122K(107520K)->106122K(107520K) NonClass: 90065K(90816K)->90065K(90816K) Class: 16057K(16704K)->16057K(16704K)
[1761.655s][info ][gc             ] GC(42) Pause Young (Allocation Failure) 2185M->276M(2263M) 4.146ms
[1761.655s][info ][gc,cpu         ] GC(42) User=0.02s Sys=0.00s Real=0.01s
[1761.655s][info ][safepoint      ] Safepoint "ParallelGCFailedAllocation", Time since last: 17904695507 ns, Reaching safepoint: 80801 ns, Cleanup: 4600 ns, At safepoint: 4227941 ns, Total: 4313342 ns
[1774.656s][info ][safepoint      ] Safepoint "Cleanup", Time since last: 13000916605 ns, Reaching safepoint: 7600 ns, Cleanup: 14301 ns, At safepoint: 2300 ns, Total: 24201 ns
[1776.657s][info ][safepoint      ] Safepoint "Cleanup", Time since last: 2000198811 ns, Reaching safepoint: 6600 ns, Cleanup: 10600 ns, At safepoint: 29901 ns, Total: 47101 ns
[1778.657s][info ][safepoint      ] Safepoint "Cleanup", Time since last: 2000174211 ns, Reaching safepoint: 6800 ns, Cleanup: 9800 ns, At safepoint: 2900 ns, Total: 19500 ns
[1781.657s][info ][safepoint      ] Safepoint "Cleanup", Time since last: 3000259873 ns, Reaching safepoint: 5600 ns, Cleanup: 10500 ns, At safepoint: 2100 ns, Total: 18200 ns
[1794.658s][info ][safepoint      ] Safepoint "Cleanup", Time since last: 13000950288 ns, Reaching safepoint: 7100 ns, Cleanup: 9500 ns, At safepoint: 2500 ns, Total: 19100 ns
[1800.354s][info ][safepoint      ] Safepoint "Cleanup", Time since last: 5696438278 ns, Reaching safepoint: 5600 ns, Cleanup: 25101 ns, At safepoint: 6100 ns, Total: 36801 ns
[1801.765s][info ][safepoint      ] Safepoint "Cleanup", Time since last: 1410127551 ns, Reaching safepoint: 9100 ns, Cleanup: 22800 ns, At safepoint: 2700 ns, Total: 34600 ns
[1805.765s][info ][safepoint      ] Safepoint "Cleanup", Time since last: 4000317575 ns, Reaching safepoint: 9500 ns, Cleanup: 13600 ns, At safepoint: 2600 ns, Total: 25700 ns
[1806.765s][info ][safepoint      ] Safepoint "Cleanup", Time since last: 1000111540 ns, Reaching safepoint: 9000 ns, Cleanup: 11600 ns, At safepoint: 3300 ns, Total: 23900 ns
[1807.765s][info ][safepoint      ] Safepoint "Cleanup", Time since last: 1000110639 ns, Reaching safepoint: 9801 ns, Cleanup: 15000 ns, At safepoint: 3100 ns, Total: 27901 ns
[1808.765s][info ][safepoint      ] Safepoint "Cleanup", Time since last: 1000104639 ns, Reaching safepoint: 8400 ns, Cleanup: 12800 ns, At safepoint: 2700 ns, Total: 23900 ns
[1811.766s][info ][safepoint      ] Safepoint "Cleanup", Time since last: 3000248417 ns, Reaching safepoint: 9600 ns, Cleanup: 12100 ns, At safepoint: 2900 ns, Total: 24600 ns
[1813.766s][info ][safepoint      ] Safepoint "Cleanup", Time since last: 2000197373 ns, Reaching safepoint: 9301 ns, Cleanup: 20300 ns, At safepoint: 3000 ns, Total: 32601 ns
[1816.766s][info ][safepoint      ] Safepoint "Cleanup", Time since last: 3000268610 ns, Reaching safepoint: 8000 ns, Cleanup: 13900 ns, At safepoint: 2500 ns, Total: 24400 ns
[1821.767s][info ][safepoint      ] Safepoint "Cleanup", Time since last: 5000405326 ns, Reaching safepoint: 5400 ns, Cleanup: 7200 ns, At safepoint: 2200 ns, Total: 14800 ns
[1823.767s][info ][safepoint      ] Safepoint "Cleanup", Time since last: 2000371407 ns, Reaching safepoint: 10401 ns, Cleanup: 13600 ns, At safepoint: 2600 ns, Total: 26601 ns
[1825.767s][info ][safepoint      ] Safepoint "Cleanup", Time since last: 2000247006 ns, Reaching safepoint: 7900 ns, Cleanup: 11800 ns, At safepoint: 2900 ns, Total: 22600 ns
[1826.478s][info ][gc,start       ] GC(43) Pause Young (Allocation Failure)
[1826.481s][debug][gc,phases      ] GC(43) Scavenge 3.470ms
[1826.481s][debug][gc,ref         ] GC(43) ReferenceProcessor::execute queues: 1, RefProcThreadModel::Single, marks_oops_alive: false
[1826.481s][debug][gc,ref         ] GC(43) Skipped KeepAliveFinalRefsPhase of Reference Processing: no references
[1826.481s][debug][gc,ref         ] GC(43) ReferenceProcessor::execute queues: 1, RefProcThreadModel::Single, marks_oops_alive: false
[1826.481s][debug][gc,phases      ] GC(43) Reference Processing 0.119ms
[1826.482s][debug][gc,phases      ] GC(43)   VM Weak                        Min:  0.0, Avg:  0.0, Max:  0.0, Diff:  0.0, Sum:  0.0, Workers: 4
[1826.482s][debug][gc,phases      ] GC(43)     Dead                           Min: 0, Avg:  0.0, Max: 0, Diff: 0, Sum: 0, Workers: 4
[1826.482s][debug][gc,phases      ] GC(43)     Total                          Min: 0, Avg: 255.8, Max: 639, Diff: 639, Sum: 1023, Workers: 4
[1826.482s][debug][gc,phases      ] GC(43)   ObjectSynchronizer Weak        Min:  0.0, Avg:  0.0, Max:  0.0, Diff:  0.0, Sum:  0.0, Workers: 4
[1826.482s][debug][gc,phases      ] GC(43)     Dead                           Min: 0, Avg:  0.0, Max: 0, Diff: 0, Sum: 0, Workers: 4
[1826.482s][debug][gc,phases      ] GC(43)     Total                          Min: 0, Avg:  1.0, Max: 4, Diff: 4, Sum: 4, Workers: 4
[1826.482s][debug][gc,phases      ] GC(43)   JVMTI Tag Weak OopStorage      Min:  0.0, Avg:  0.0, Max:  0.0, Diff:  0.0, Sum:  0.0, Workers: 4
[1826.482s][debug][gc,phases      ] GC(43)     Dead                           Min: 0, Avg:  0.0, Max: 0, Diff: 0, Sum: 0, Workers: 4
[1826.482s][debug][gc,phases      ] GC(43)     Total                          Min: 0, Avg:  0.0, Max: 0, Diff: 0, Sum: 0, Workers: 4
[1826.482s][debug][gc,phases      ] GC(43)   StringTable Weak               Min:  0.0, Avg:  0.1, Max:  0.1, Diff:  0.1, Sum:  0.4, Workers: 4
[1826.482s][debug][gc,phases      ] GC(43)     Dead                           Min: 0, Avg:  0.5, Max: 2, Diff: 2, Sum: 2, Workers: 4
[1826.482s][debug][gc,phases      ] GC(43)     Total                          Min: 0, Avg: 11594.8, Max: 17344, Diff: 17344, Sum: 46379, Workers: 4
[1826.482s][debug][gc,phases      ] GC(43)   ResolvedMethodTable Weak       Min:  0.0, Avg:  0.0, Max:  0.1, Diff:  0.1, Sum:  0.2, Workers: 4
[1826.482s][debug][gc,phases      ] GC(43)     Dead                           Min: 0, Avg:  9.0, Max: 25, Diff: 25, Sum: 36, Workers: 4
[1826.482s][debug][gc,phases      ] GC(43)     Total                          Min: 0, Avg: 3844.2, Max: 5680, Diff: 5680, Sum: 15377, Workers: 4
[1826.482s][debug][gc,phases      ] GC(43)   JNI Weak                       Min:  0.0, Avg:  0.0, Max:  0.0, Diff:  0.0, Sum:  0.0, Workers: 4
[1826.482s][debug][gc,phases      ] GC(43)     Dead                           Min: 0, Avg:  0.0, Max: 0, Diff: 0, Sum: 0, Workers: 4
[1826.482s][debug][gc,phases      ] GC(43)     Total                          Min: 0, Avg: 13.0, Max: 52, Diff: 52, Sum: 52, Workers: 4
[1826.482s][debug][gc,phases      ] GC(43)   StringDedup Table Weak         Min:  0.0, Avg:  0.0, Max:  0.0, Diff:  0.0, Sum:  0.0, Workers: 4
[1826.482s][debug][gc,phases      ] GC(43)     Dead                           Min: 0, Avg:  0.0, Max: 0, Diff: 0, Sum: 0, Workers: 4
[1826.482s][debug][gc,phases      ] GC(43)     Total                          Min: 0, Avg:  0.0, Max: 0, Diff: 0, Sum: 0, Workers: 4
[1826.482s][debug][gc,phases      ] GC(43)   StringDedup Requests0 Weak     Min:  0.0, Avg:  0.0, Max:  0.0, Diff:  0.0, Sum:  0.0, Workers: 4
[1826.482s][debug][gc,phases      ] GC(43)     Dead                           Min: 0, Avg:  0.0, Max: 0, Diff: 0, Sum: 0, Workers: 4
[1826.482s][debug][gc,phases      ] GC(43)     Total                          Min: 0, Avg:  0.0, Max: 0, Diff: 0, Sum: 0, Workers: 4
[1826.482s][debug][gc,phases      ] GC(43)   StringDedup Requests1 Weak     Min:  0.0, Avg:  0.0, Max:  0.0, Diff:  0.0, Sum:  0.0, Workers: 4
[1826.482s][debug][gc,phases      ] GC(43)     Dead                           Min: 0, Avg:  0.0, Max: 0, Diff: 0, Sum: 0, Workers: 4
[1826.482s][debug][gc,phases      ] GC(43)     Total                          Min: 0, Avg:  0.0, Max: 0, Diff: 0, Sum: 0, Workers: 4
[1826.482s][debug][gc,phases      ] GC(43)   Weak JFR Old Object Samples    Min:  0.0, Avg:  0.0, Max:  0.0, Diff:  0.0, Sum:  0.0, Workers: 4
[1826.482s][debug][gc,phases      ] GC(43)     Dead                           Min: 0, Avg:  0.0, Max: 0, Diff: 0, Sum: 0, Workers: 4
[1826.482s][debug][gc,phases      ] GC(43)     Total                          Min: 0, Avg:  0.0, Max: 0, Diff: 0, Sum: 0, Workers: 4
[1826.482s][debug][gc,phases      ] GC(43) Weak Processing 0.438ms
[1826.482s][debug][gc,age         ] GC(43) Desired survivor size 56098816 bytes, new threshold 1 (max threshold 15)
[1826.482s][info ][gc,heap        ] GC(43) PSYoungGen: 1978224K(2038272K)->3696K(2033664K) Eden: 1974784K(1974784K)->0K(1974784K) From: 3440K(63488K)->3696K(58880K)
[1826.482s][info ][gc,heap        ] GC(43) ParOldGen: 279535K(279552K)->280068K(280576K)
[1826.482s][info ][gc,metaspace   ] GC(43) Metaspace: 106255K(107648K)->106255K(107648K) NonClass: 90182K(90944K)->90182K(90944K) Class: 16073K(16704K)->16073K(16704K)
[1826.482s][info ][gc             ] GC(43) Pause Young (Allocation Failure) 2204M->277M(2260M) 4.156ms
[1826.482s][info ][gc,cpu         ] GC(43) User=0.01s Sys=0.00s Real=0.01s
[1826.482s][info ][safepoint      ] Safepoint "ParallelGCFailedAllocation", Time since last: 710323327 ns, Reaching safepoint: 5800 ns, Cleanup: 4600 ns, At safepoint: 4254142 ns, Total: 4264542 ns
[1828.482s][info ][safepoint      ] Safepoint "Cleanup", Time since last: 2000174202 ns, Reaching safepoint: 6400 ns, Cleanup: 12900 ns, At safepoint: 2400 ns, Total: 21700 ns
[1829.482s][info ][safepoint      ] Safepoint "Cleanup", Time since last: 1000105077 ns, Reaching safepoint: 6701 ns, Cleanup: 10900 ns, At safepoint: 2400 ns, Total: 20001 ns
[1830.482s][info ][safepoint      ] Safepoint "Cleanup", Time since last: 1000107177 ns, Reaching safepoint: 7200 ns, Cleanup: 17100 ns, At safepoint: 2500 ns, Total: 26800 ns
[1840.483s][info ][safepoint      ] Safepoint "Cleanup", Time since last: 10000754794 ns, Reaching safepoint: 6700 ns, Cleanup: 9600 ns, At safepoint: 2600 ns, Total: 18900 ns
[1844.483s][info ][safepoint      ] Safepoint "Cleanup", Time since last: 4000321445 ns, Reaching safepoint: 6701 ns, Cleanup: 18201 ns, At safepoint: 2700 ns, Total: 27602 ns
[1845.484s][info ][safepoint      ] Safepoint "Cleanup", Time since last: 1000106072 ns, Reaching safepoint: 5801 ns, Cleanup: 14001 ns, At safepoint: 2500 ns, Total: 22302 ns
[1847.484s][info ][safepoint      ] Safepoint "Cleanup", Time since last: 2000193443 ns, Reaching safepoint: 6800 ns, Cleanup: 11401 ns, At safepoint: 2700 ns, Total: 20901 ns
[1848.484s][info ][safepoint      ] Safepoint "Cleanup", Time since last: 1000107872 ns, Reaching safepoint: 11601 ns, Cleanup: 17101 ns, At safepoint: 2500 ns, Total: 31202 ns
[1849.484s][info ][safepoint      ] Safepoint "Cleanup", Time since last: 1000095972 ns, Reaching safepoint: 5500 ns, Cleanup: 14701 ns, At safepoint: 2400 ns, Total: 22601 ns
[1850.484s][info ][safepoint      ] Safepoint "Cleanup", Time since last: 1000099672 ns, Reaching safepoint: 7100 ns, Cleanup: 15801 ns, At safepoint: 2701 ns, Total: 25602 ns
[1852.484s][info ][safepoint      ] Safepoint "Cleanup", Time since last: 2000171954 ns, Reaching safepoint: 6900 ns, Cleanup: 11601 ns, At safepoint: 2901 ns, Total: 21402 ns
[1857.485s][info ][safepoint      ] Safepoint "Cleanup", Time since last: 5000391178 ns, Reaching safepoint: 7801 ns, Cleanup: 11401 ns, At safepoint: 19302 ns, Total: 38504 ns
[1860.485s][info ][safepoint      ] Safepoint "Cleanup", Time since last: 3000276178 ns, Reaching safepoint: 8701 ns, Cleanup: 13500 ns, At safepoint: 2500 ns, Total: 24701 ns
[1862.785s][info ][safepoint      ] Safepoint "Cleanup", Time since last: 2299558361 ns, Reaching safepoint: 8400 ns, Cleanup: 11100 ns, At safepoint: 2501 ns, Total: 22001 ns
[1866.785s][info ][safepoint      ] Safepoint "Cleanup", Time since last: 4000376961 ns, Reaching safepoint: 9700 ns, Cleanup: 13101 ns, At safepoint: 3201 ns, Total: 26002 ns
[1867.785s][info ][safepoint      ] Safepoint "Cleanup", Time since last: 1000128483 ns, Reaching safepoint: 7300 ns, Cleanup: 11200 ns, At safepoint: 2500 ns, Total: 21000 ns
[1872.786s][info ][safepoint      ] Safepoint "Cleanup", Time since last: 5000398516 ns, Reaching safepoint: 6700 ns, Cleanup: 10001 ns, At safepoint: 2300 ns, Total: 19001 ns
[1876.786s][info ][safepoint      ] Safepoint "Cleanup", Time since last: 4000322422 ns, Reaching safepoint: 7400 ns, Cleanup: 10401 ns, At safepoint: 2200 ns, Total: 20001 ns
[1878.786s][info ][safepoint      ] Safepoint "Cleanup", Time since last: 2000195233 ns, Reaching safepoint: 6900 ns, Cleanup: 12001 ns, At safepoint: 2500 ns, Total: 21401 ns
[1880.207s][info ][safepoint      ] Safepoint "ParallelGCFailedAllocation", Time since last: 1421094751 ns, Reaching safepoint: 5801 ns, Cleanup: 3800 ns, At safepoint: 7600 ns, Total: 17201 ns
[1880.207s][info ][gc,start       ] GC(44) Pause Young (GCLocker Initiated GC)
[1880.213s][debug][gc,phases      ] GC(44) Scavenge 5.085ms
[1880.213s][debug][gc,ref         ] GC(44) ReferenceProcessor::execute queues: 1, RefProcThreadModel::Single, marks_oops_alive: false
[1880.213s][debug][gc,ref         ] GC(44) Skipped KeepAliveFinalRefsPhase of Reference Processing: no references
[1880.213s][debug][gc,ref         ] GC(44) ReferenceProcessor::execute queues: 1, RefProcThreadModel::Single, marks_oops_alive: false
[1880.213s][debug][gc,phases      ] GC(44) Reference Processing 0.123ms
[1880.213s][debug][gc,phases      ] GC(44)   VM Weak                        Min:  0.0, Avg:  0.0, Max:  0.0, Diff:  0.0, Sum:  0.0, Workers: 4
[1880.213s][debug][gc,phases      ] GC(44)     Dead                           Min: 0, Avg:  0.0, Max: 0, Diff: 0, Sum: 0, Workers: 4
[1880.213s][debug][gc,phases      ] GC(44)     Total                          Min: 64, Avg: 255.8, Max: 575, Diff: 511, Sum: 1023, Workers: 4
[1880.213s][debug][gc,phases      ] GC(44)   ObjectSynchronizer Weak        Min:  0.0, Avg:  0.0, Max:  0.0, Diff:  0.0, Sum:  0.0, Workers: 4
[1880.213s][debug][gc,phases      ] GC(44)     Dead                           Min: 0, Avg:  0.0, Max: 0, Diff: 0, Sum: 0, Workers: 4
[1880.213s][debug][gc,phases      ] GC(44)     Total                          Min: 0, Avg:  1.0, Max: 4, Diff: 4, Sum: 4, Workers: 4
[1880.213s][debug][gc,phases      ] GC(44)   JVMTI Tag Weak OopStorage      Min:  0.0, Avg:  0.0, Max:  0.0, Diff:  0.0, Sum:  0.0, Workers: 4
[1880.213s][debug][gc,phases      ] GC(44)     Dead                           Min: 0, Avg:  0.0, Max: 0, Diff: 0, Sum: 0, Workers: 4
[1880.213s][debug][gc,phases      ] GC(44)     Total                          Min: 0, Avg:  0.0, Max: 0, Diff: 0, Sum: 0, Workers: 4
[1880.213s][debug][gc,phases      ] GC(44)   StringTable Weak               Min:  0.1, Avg:  0.1, Max:  0.1, Diff:  0.0, Sum:  0.4, Workers: 4
[1880.213s][debug][gc,phases      ] GC(44)     Dead                           Min: 0, Avg:  0.0, Max: 0, Diff: 0, Sum: 0, Workers: 4
[1880.213s][debug][gc,phases      ] GC(44)     Total                          Min: 10624, Avg: 11594.8, Max: 12544, Diff: 1920, Sum: 46379, Workers: 4
[1880.213s][debug][gc,phases      ] GC(44)   ResolvedMethodTable Weak       Min:  0.0, Avg:  0.0, Max:  0.0, Diff:  0.0, Sum:  0.2, Workers: 4
[1880.213s][debug][gc,phases      ] GC(44)     Dead                           Min: 0, Avg:  4.0, Max: 16, Diff: 16, Sum: 16, Workers: 4
[1880.213s][debug][gc,phases      ] GC(44)     Total                          Min: 3215, Avg: 3844.2, Max: 4521, Diff: 1306, Sum: 15377, Workers: 4
[1880.213s][debug][gc,phases      ] GC(44)   JNI Weak                       Min:  0.0, Avg:  0.0, Max:  0.0, Diff:  0.0, Sum:  0.0, Workers: 4
[1880.213s][debug][gc,phases      ] GC(44)     Dead                           Min: 0, Avg:  0.0, Max: 0, Diff: 0, Sum: 0, Workers: 4
[1880.213s][debug][gc,phases      ] GC(44)     Total                          Min: 0, Avg: 13.0, Max: 52, Diff: 52, Sum: 52, Workers: 4
[1880.213s][debug][gc,phases      ] GC(44)   StringDedup Table Weak         Min:  0.0, Avg:  0.0, Max:  0.0, Diff:  0.0, Sum:  0.0, Workers: 4
[1880.213s][debug][gc,phases      ] GC(44)     Dead                           Min: 0, Avg:  0.0, Max: 0, Diff: 0, Sum: 0, Workers: 4
[1880.213s][debug][gc,phases      ] GC(44)     Total                          Min: 0, Avg:  0.0, Max: 0, Diff: 0, Sum: 0, Workers: 4
[1880.213s][debug][gc,phases      ] GC(44)   StringDedup Requests0 Weak     Min:  0.0, Avg:  0.0, Max:  0.0, Diff:  0.0, Sum:  0.0, Workers: 4
[1880.213s][debug][gc,phases      ] GC(44)     Dead                           Min: 0, Avg:  0.0, Max: 0, Diff: 0, Sum: 0, Workers: 4
[1880.213s][debug][gc,phases      ] GC(44)     Total                          Min: 0, Avg:  0.0, Max: 0, Diff: 0, Sum: 0, Workers: 4
[1880.213s][debug][gc,phases      ] GC(44)   StringDedup Requests1 Weak     Min:  0.0, Avg:  0.0, Max:  0.0, Diff:  0.0, Sum:  0.0, Workers: 4
[1880.213s][debug][gc,phases      ] GC(44)     Dead                           Min: 0, Avg:  0.0, Max: 0, Diff: 0, Sum: 0, Workers: 4
[1880.213s][debug][gc,phases      ] GC(44)     Total                          Min: 0, Avg:  0.0, Max: 0, Diff: 0, Sum: 0, Workers: 4
[1880.213s][debug][gc,phases      ] GC(44)   Weak JFR Old Object Samples    Min:  0.0, Avg:  0.0, Max:  0.0, Diff:  0.0, Sum:  0.0, Workers: 4
[1880.213s][debug][gc,phases      ] GC(44)     Dead                           Min: 0, Avg:  0.0, Max: 0, Diff: 0, Sum: 0, Workers: 4
[1880.213s][debug][gc,phases      ] GC(44)     Total                          Min: 0, Avg:  0.0, Max: 0, Diff: 0, Sum: 0, Workers: 4
[1880.213s][debug][gc,phases      ] GC(44) Weak Processing 0.397ms
[1880.213s][debug][gc,age         ] GC(44) Desired survivor size 51904512 bytes, new threshold 1 (max threshold 15)
[1880.213s][info ][gc,heap        ] GC(44) PSYoungGen: 1978480K(2033664K)->5195K(2046464K) Eden: 1974784K(1974784K)->0K(1991680K) From: 3696K(58880K)->5195K(54784K)
[1880.213s][info ][gc,heap        ] GC(44) ParOldGen: 280107K(280576K)->280819K(281088K)
[1880.213s][info ][gc,metaspace   ] GC(44) Metaspace: 106263K(107648K)->106263K(107648K) NonClass: 90189K(90944K)->90189K(90944K) Class: 16073K(16704K)->16073K(16704K)
[1880.213s][info ][gc             ] GC(44) Pause Young (GCLocker Initiated GC) 2205M->279M(2273M) 5.718ms
[1880.213s][info ][gc,cpu         ] GC(44) User=0.02s Sys=0.00s Real=0.01s
[1880.213s][info ][safepoint      ] Safepoint "ParallelGCSystemGC", Time since last: 72805 ns, Reaching safepoint: 75005 ns, Cleanup: 700 ns, At safepoint: 5793992 ns, Total: 5869697 ns
[1882.213s][info ][safepoint      ] Safepoint "Cleanup", Time since last: 2000158131 ns, Reaching safepoint: 7100 ns, Cleanup: 6801 ns, At safepoint: 3100 ns, Total: 17001 ns
[1885.214s][info ][safepoint      ] Safepoint "Cleanup", Time since last: 3000270117 ns, Reaching safepoint: 7001 ns, Cleanup: 11100 ns, At safepoint: 3200 ns, Total: 21301 ns
[1886.214s][info ][safepoint      ] Safepoint "Cleanup", Time since last: 1000127608 ns, Reaching safepoint: 8401 ns, Cleanup: 14300 ns, At safepoint: 2701 ns, Total: 25402 ns
[1890.214s][info ][safepoint      ] Safepoint "Cleanup", Time since last: 4000336316 ns, Reaching safepoint: 8801 ns, Cleanup: 64704 ns, At safepoint: 2601 ns, Total: 76106 ns
[1891.214s][info ][safepoint      ] Safepoint "Cleanup", Time since last: 1000117212 ns, Reaching safepoint: 7301 ns, Cleanup: 55404 ns, At safepoint: 3400 ns, Total: 66105 ns
[1892.215s][info ][safepoint      ] Safepoint "Cleanup", Time since last: 1000123024 ns, Reaching safepoint: 7801 ns, Cleanup: 12201 ns, At safepoint: 3400 ns, Total: 23402 ns
[1893.215s][info ][safepoint      ] Safepoint "Cleanup", Time since last: 1000112812 ns, Reaching safepoint: 7201 ns, Cleanup: 15801 ns, At safepoint: 2300 ns, Total: 25302 ns
[1894.215s][info ][safepoint      ] Safepoint "Cleanup", Time since last: 1000137414 ns, Reaching safepoint: 7100 ns, Cleanup: 10601 ns, At safepoint: 2700 ns, Total: 20401 ns
[1896.215s][info ][safepoint      ] Safepoint "Cleanup", Time since last: 2000182222 ns, Reaching safepoint: 7501 ns, Cleanup: 11300 ns, At safepoint: 2601 ns, Total: 21402 ns
[1898.215s][info ][safepoint      ] Safepoint "Cleanup", Time since last: 2000184629 ns, Reaching safepoint: 7100 ns, Cleanup: 10801 ns, At safepoint: 2700 ns, Total: 20601 ns
[1900.215s][info ][safepoint      ] Safepoint "Cleanup", Time since last: 2000187415 ns, Reaching safepoint: 7600 ns, Cleanup: 10800 ns, At safepoint: 2700 ns, Total: 21100 ns
[1904.216s][info ][safepoint      ] Safepoint "Cleanup", Time since last: 4000321690 ns, Reaching safepoint: 7201 ns, Cleanup: 17201 ns, At safepoint: 2600 ns, Total: 27002 ns
[1905.216s][info ][safepoint      ] Safepoint "Cleanup", Time since last: 1000118067 ns, Reaching safepoint: 7201 ns, Cleanup: 19401 ns, At safepoint: 2600 ns, Total: 29202 ns
[1906.216s][info ][safepoint      ] Safepoint "Cleanup", Time since last: 1000125168 ns, Reaching safepoint: 7900 ns, Cleanup: 10701 ns, At safepoint: 2800 ns, Total: 21401 ns
[1908.216s][info ][safepoint      ] Safepoint "Cleanup", Time since last: 2000253550 ns, Reaching safepoint: 7501 ns, Cleanup: 11100 ns, At safepoint: 2300 ns, Total: 20901 ns
[1909.217s][info ][safepoint      ] Safepoint "Cleanup", Time since last: 1000117257 ns, Reaching safepoint: 7900 ns, Cleanup: 13601 ns, At safepoint: 3100 ns, Total: 24601 ns
[1911.217s][info ][safepoint      ] Safepoint "Cleanup", Time since last: 2000194871 ns, Reaching safepoint: 7800 ns, Cleanup: 10801 ns, At safepoint: 2700 ns, Total: 21301 ns
[1914.217s][info ][safepoint      ] Safepoint "Cleanup", Time since last: 3000254736 ns, Reaching safepoint: 7400 ns, Cleanup: 10901 ns, At safepoint: 2700 ns, Total: 21001 ns
[1915.217s][info ][safepoint      ] Safepoint "Cleanup", Time since last: 1000120648 ns, Reaching safepoint: 7600 ns, Cleanup: 10501 ns, At safepoint: 2700 ns, Total: 20801 ns
[1916.217s][info ][safepoint      ] Safepoint "Cleanup", Time since last: 1000113672 ns, Reaching safepoint: 8500 ns, Cleanup: 14001 ns, At safepoint: 2600 ns, Total: 25101 ns
[1917.217s][info ][safepoint      ] Safepoint "Cleanup", Time since last: 1000112732 ns, Reaching safepoint: 7600 ns, Cleanup: 11401 ns, At safepoint: 2900 ns, Total: 21901 ns
[1923.803s][info ][safepoint      ] Safepoint "Cleanup", Time since last: 6585681220 ns, Reaching safepoint: 85104 ns, Cleanup: 17001 ns, At safepoint: 8800 ns, Total: 110905 ns
[1924.804s][info ][safepoint      ] Safepoint "Cleanup", Time since last: 1000139076 ns, Reaching safepoint: 85804 ns, Cleanup: 11301 ns, At safepoint: 7400 ns, Total: 104505 ns
[1928.804s][info ][safepoint      ] Safepoint "Cleanup", Time since last: 4000350917 ns, Reaching safepoint: 78405 ns, Cleanup: 11501 ns, At safepoint: 6800 ns, Total: 96706 ns
[1940.805s][info ][safepoint      ] Safepoint "Cleanup", Time since last: 12000947654 ns, Reaching safepoint: 85603 ns, Cleanup: 10701 ns, At safepoint: 7200 ns, Total: 103504 ns
[1947.788s][info ][gc,start       ] GC(45) Pause Young (Allocation Failure)
[1947.794s][debug][gc,phases      ] GC(45) Scavenge 5.542ms
[1947.794s][debug][gc,ref         ] GC(45) ReferenceProcessor::execute queues: 1, RefProcThreadModel::Single, marks_oops_alive: false
[1947.794s][debug][gc,ref         ] GC(45) Skipped KeepAliveFinalRefsPhase of Reference Processing: no references
[1947.794s][debug][gc,ref         ] GC(45) ReferenceProcessor::execute queues: 1, RefProcThreadModel::Single, marks_oops_alive: false
[1947.794s][debug][gc,phases      ] GC(45) Reference Processing 0.151ms
[1947.794s][debug][gc,phases      ] GC(45)   VM Weak                        Min:  0.0, Avg:  0.0, Max:  0.0, Diff:  0.0, Sum:  0.0, Workers: 4
[1947.794s][debug][gc,phases      ] GC(45)     Dead                           Min: 0, Avg:  0.0, Max: 0, Diff: 0, Sum: 0, Workers: 4
[1947.794s][debug][gc,phases      ] GC(45)     Total                          Min: 0, Avg: 255.8, Max: 512, Diff: 512, Sum: 1023, Workers: 4
[1947.794s][debug][gc,phases      ] GC(45)   ObjectSynchronizer Weak        Min:  0.0, Avg:  0.0, Max:  0.0, Diff:  0.0, Sum:  0.0, Workers: 4
[1947.794s][debug][gc,phases      ] GC(45)     Dead                           Min: 0, Avg:  0.0, Max: 0, Diff: 0, Sum: 0, Workers: 4
[1947.794s][debug][gc,phases      ] GC(45)     Total                          Min: 0, Avg:  1.0, Max: 4, Diff: 4, Sum: 4, Workers: 4
[1947.794s][debug][gc,phases      ] GC(45)   JVMTI Tag Weak OopStorage      Min:  0.0, Avg:  0.0, Max:  0.0, Diff:  0.0, Sum:  0.0, Workers: 4
[1947.794s][debug][gc,phases      ] GC(45)     Dead                           Min: 0, Avg:  0.0, Max: 0, Diff: 0, Sum: 0, Workers: 4
[1947.794s][debug][gc,phases      ] GC(45)     Total                          Min: 0, Avg:  0.0, Max: 0, Diff: 0, Sum: 0, Workers: 4
[1947.794s][debug][gc,phases      ] GC(45)   StringTable Weak               Min:  0.0, Avg:  0.1, Max:  0.2, Diff:  0.2, Sum:  0.4, Workers: 4
[1947.794s][debug][gc,phases      ] GC(45)     Dead                           Min: 0, Avg:  0.0, Max: 0, Diff: 0, Sum: 0, Workers: 4
[1947.794s][debug][gc,phases      ] GC(45)     Total                          Min: 0, Avg: 11597.0, Max: 24500, Diff: 24500, Sum: 46388, Workers: 4
[1947.794s][debug][gc,phases      ] GC(45)   ResolvedMethodTable Weak       Min:  0.0, Avg:  0.0, Max:  0.1, Diff:  0.1, Sum:  0.2, Workers: 4
[1947.794s][debug][gc,phases      ] GC(45)     Dead                           Min: 0, Avg:  4.0, Max: 13, Diff: 13, Sum: 16, Workers: 4
[1947.794s][debug][gc,phases      ] GC(45)     Total                          Min: 0, Avg: 3845.0, Max: 7712, Diff: 7712, Sum: 15380, Workers: 4
[1947.794s][debug][gc,phases      ] GC(45)   JNI Weak                       Min:  0.0, Avg:  0.0, Max:  0.0, Diff:  0.0, Sum:  0.0, Workers: 4
[1947.794s][debug][gc,phases      ] GC(45)     Dead                           Min: 0, Avg:  0.0, Max: 0, Diff: 0, Sum: 0, Workers: 4
[1947.794s][debug][gc,phases      ] GC(45)     Total                          Min: 0, Avg: 13.0, Max: 52, Diff: 52, Sum: 52, Workers: 4
[1947.794s][debug][gc,phases      ] GC(45)   StringDedup Table Weak         Min:  0.0, Avg:  0.0, Max:  0.0, Diff:  0.0, Sum:  0.0, Workers: 4
[1947.794s][debug][gc,phases      ] GC(45)     Dead                           Min: 0, Avg:  0.0, Max: 0, Diff: 0, Sum: 0, Workers: 4
[1947.794s][debug][gc,phases      ] GC(45)     Total                          Min: 0, Avg:  0.0, Max: 0, Diff: 0, Sum: 0, Workers: 4
[1947.794s][debug][gc,phases      ] GC(45)   StringDedup Requests0 Weak     Min:  0.0, Avg:  0.0, Max:  0.0, Diff:  0.0, Sum:  0.0, Workers: 4
[1947.794s][debug][gc,phases      ] GC(45)     Dead                           Min: 0, Avg:  0.0, Max: 0, Diff: 0, Sum: 0, Workers: 4
[1947.794s][debug][gc,phases      ] GC(45)     Total                          Min: 0, Avg:  0.0, Max: 0, Diff: 0, Sum: 0, Workers: 4
[1947.794s][debug][gc,phases      ] GC(45)   StringDedup Requests1 Weak     Min:  0.0, Avg:  0.0, Max:  0.0, Diff:  0.0, Sum:  0.0, Workers: 4
[1947.794s][debug][gc,phases      ] GC(45)     Dead                           Min: 0, Avg:  0.0, Max: 0, Diff: 0, Sum: 0, Workers: 4
[1947.794s][debug][gc,phases      ] GC(45)     Total                          Min: 0, Avg:  0.0, Max: 0, Diff: 0, Sum: 0, Workers: 4
[1947.794s][debug][gc,phases      ] GC(45)   Weak JFR Old Object Samples    Min:  0.0, Avg:  0.0, Max:  0.0, Diff:  0.0, Sum:  0.0, Workers: 4
[1947.794s][debug][gc,phases      ] GC(45)     Dead                           Min: 0, Avg:  0.0, Max: 0, Diff: 0, Sum: 0, Workers: 4
[1947.794s][debug][gc,phases      ] GC(45)     Total                          Min: 0, Avg:  0.0, Max: 0, Diff: 0, Sum: 0, Workers: 4
[1947.794s][debug][gc,phases      ] GC(45) Weak Processing 0.606ms
[1947.794s][debug][gc,age         ] GC(45) Desired survivor size 48758784 bytes, new threshold 1 (max threshold 15)
[1947.794s][info ][gc,heap        ] GC(45) PSYoungGen: 1996875K(2046464K)->2912K(2042368K) Eden: 1991680K(1991680K)->0K(1991680K) From: 5195K(54784K)->2912K(50688K)
[1947.794s][info ][gc,heap        ] GC(45) ParOldGen: 281589K(281600K)->282866K(283136K)
[1947.794s][info ][gc,metaspace   ] GC(45) Metaspace: 106362K(107776K)->106362K(107776K) NonClass: 90279K(91072K)->90279K(91072K) Class: 16083K(16704K)->16083K(16704K)
[1947.794s][info ][gc             ] GC(45) Pause Young (Allocation Failure) 2225M->279M(2271M) 6.483ms
[1947.794s][info ][gc,cpu         ] GC(45) User=0.02s Sys=0.00s Real=0.01s
[1947.794s][info ][safepoint      ] Safepoint "ParallelGCFailedAllocation", Time since last: 6982836156 ns, Reaching safepoint: 8800 ns, Cleanup: 4601 ns, At safepoint: 6582467 ns, Total: 6595868 ns
[1950.795s][info ][safepoint      ] Safepoint "Cleanup", Time since last: 3000259078 ns, Reaching safepoint: 7000 ns, Cleanup: 10601 ns, At safepoint: 2300 ns, Total: 19901 ns
[1961.796s][info ][safepoint      ] Safepoint "Cleanup", Time since last: 11000892228 ns, Reaching safepoint: 6800 ns, Cleanup: 34202 ns, At safepoint: 3000 ns, Total: 44002 ns
[1962.796s][info ][safepoint      ] Safepoint "Cleanup", Time since last: 1000120978 ns, Reaching safepoint: 7001 ns, Cleanup: 35902 ns, At safepoint: 3000 ns, Total: 45903 ns
[1963.796s][info ][safepoint      ] Safepoint "Cleanup", Time since last: 1000127680 ns, Reaching safepoint: 9400 ns, Cleanup: 24901 ns, At safepoint: 3400 ns, Total: 37701 ns
[1964.796s][info ][safepoint      ] Safepoint "Cleanup", Time since last: 1000130805 ns, Reaching safepoint: 7201 ns, Cleanup: 10600 ns, At safepoint: 30501 ns, Total: 48302 ns
[1965.796s][info ][safepoint      ] Safepoint "Cleanup", Time since last: 1000109004 ns, Reaching safepoint: 7301 ns, Cleanup: 11400 ns, At safepoint: 2600 ns, Total: 21301 ns
[1966.796s][info ][safepoint      ] Safepoint "Cleanup", Time since last: 1000119105 ns, Reaching safepoint: 7600 ns, Cleanup: 21701 ns, At safepoint: 3000 ns, Total: 32301 ns
[1969.797s][info ][safepoint      ] Safepoint "Cleanup", Time since last: 3000275240 ns, Reaching safepoint: 8600 ns, Cleanup: 12901 ns, At safepoint: 3500 ns, Total: 25001 ns
[1970.797s][info ][safepoint      ] Safepoint "Cleanup", Time since last: 1000133884 ns, Reaching safepoint: 8401 ns, Cleanup: 17501 ns, At safepoint: 2600 ns, Total: 28502 ns
[1971.797s][info ][safepoint      ] Safepoint "Cleanup", Time since last: 1000120219 ns, Reaching safepoint: 7301 ns, Cleanup: 14001 ns, At safepoint: 2900 ns, Total: 24202 ns
[1974.797s][info ][safepoint      ] Safepoint "Cleanup", Time since last: 3000282762 ns, Reaching safepoint: 8900 ns, Cleanup: 11701 ns, At safepoint: 3100 ns, Total: 23701 ns
[1975.798s][info ][safepoint      ] Safepoint "Cleanup", Time since last: 1000136223 ns, Reaching safepoint: 7500 ns, Cleanup: 10501 ns, At safepoint: 3100 ns, Total: 21101 ns
[1979.798s][info ][safepoint      ] Safepoint "Cleanup", Time since last: 4000384439 ns, Reaching safepoint: 10500 ns, Cleanup: 19201 ns, At safepoint: 3500 ns, Total: 33201 ns
[1980.798s][info ][safepoint      ] Safepoint "Cleanup", Time since last: 1000180601 ns, Reaching safepoint: 8001 ns, Cleanup: 17500 ns, At safepoint: 2700 ns, Total: 28201 ns
[1990.821s][info ][safepoint      ] Safepoint "Cleanup", Time since last: 10023280682 ns, Reaching safepoint: 7400 ns, Cleanup: 13601 ns, At safepoint: 2300 ns, Total: 23301 ns
[2003.823s][info ][safepoint      ] Safepoint "Cleanup", Time since last: 13001162731 ns, Reaching safepoint: 8200 ns, Cleanup: 8800 ns, At safepoint: 2600 ns, Total: 19600 ns
[2007.823s][info ][safepoint      ] Safepoint "Cleanup", Time since last: 4000351233 ns, Reaching safepoint: 8801 ns, Cleanup: 20301 ns, At safepoint: 2600 ns, Total: 31702 ns
[2008.823s][info ][safepoint      ] Safepoint "Cleanup", Time since last: 1000122119 ns, Reaching safepoint: 6500 ns, Cleanup: 14301 ns, At safepoint: 2700 ns, Total: 23501 ns
[2009.823s][info ][safepoint      ] Safepoint "Cleanup", Time since last: 1000109619 ns, Reaching safepoint: 5500 ns, Cleanup: 8201 ns, At safepoint: 2300 ns, Total: 16001 ns
[2011.823s][info ][safepoint      ] Safepoint "Cleanup", Time since last: 2000193081 ns, Reaching safepoint: 5500 ns, Cleanup: 10300 ns, At safepoint: 2801 ns, Total: 18601 ns
[2013.824s][info ][safepoint      ] Safepoint "Cleanup", Time since last: 2000202483 ns, Reaching safepoint: 11200 ns, Cleanup: 30101 ns, At safepoint: 3100 ns, Total: 44401 ns
[2013.952s][info ][gc,start       ] GC(46) Pause Young (Allocation Failure)
[2013.957s][debug][gc,phases      ] GC(46) Scavenge 5.011ms
[2013.957s][debug][gc,ref         ] GC(46) ReferenceProcessor::execute queues: 1, RefProcThreadModel::Single, marks_oops_alive: false
[2013.957s][debug][gc,ref         ] GC(46) Skipped KeepAliveFinalRefsPhase of Reference Processing: no references
[2013.957s][debug][gc,ref         ] GC(46) ReferenceProcessor::execute queues: 1, RefProcThreadModel::Single, marks_oops_alive: false
[2013.957s][debug][gc,phases      ] GC(46) Reference Processing 0.124ms
[2013.957s][debug][gc,phases      ] GC(46)   VM Weak                        Min:  0.0, Avg:  0.0, Max:  0.0, Diff:  0.0, Sum:  0.0, Workers: 4
[2013.957s][debug][gc,phases      ] GC(46)     Dead                           Min: 0, Avg:  0.0, Max: 0, Diff: 0, Sum: 0, Workers: 4
[2013.957s][debug][gc,phases      ] GC(46)     Total                          Min: 0, Avg: 256.0, Max: 768, Diff: 768, Sum: 1024, Workers: 4
[2013.957s][debug][gc,phases      ] GC(46)   ObjectSynchronizer Weak        Min:  0.0, Avg:  0.0, Max:  0.0, Diff:  0.0, Sum:  0.0, Workers: 4
[2013.957s][debug][gc,phases      ] GC(46)     Dead                           Min: 0, Avg:  0.0, Max: 0, Diff: 0, Sum: 0, Workers: 4
[2013.957s][debug][gc,phases      ] GC(46)     Total                          Min: 0, Avg:  1.0, Max: 4, Diff: 4, Sum: 4, Workers: 4
[2013.957s][debug][gc,phases      ] GC(46)   JVMTI Tag Weak OopStorage      Min:  0.0, Avg:  0.0, Max:  0.0, Diff:  0.0, Sum:  0.0, Workers: 4
[2013.957s][debug][gc,phases      ] GC(46)     Dead                           Min: 0, Avg:  0.0, Max: 0, Diff: 0, Sum: 0, Workers: 4
[2013.957s][debug][gc,phases      ] GC(46)     Total                          Min: 0, Avg:  0.0, Max: 0, Diff: 0, Sum: 0, Workers: 4
[2013.957s][debug][gc,phases      ] GC(46)   StringTable Weak               Min:  0.0, Avg:  0.1, Max:  0.1, Diff:  0.1, Sum:  0.4, Workers: 4
[2013.957s][debug][gc,phases      ] GC(46)     Dead                           Min: 0, Avg:  0.2, Max: 1, Diff: 1, Sum: 1, Workers: 4
[2013.957s][debug][gc,phases      ] GC(46)     Total                          Min: 0, Avg: 11597.5, Max: 16118, Diff: 16118, Sum: 46390, Workers: 4
[2013.957s][debug][gc,phases      ] GC(46)   ResolvedMethodTable Weak       Min:  0.0, Avg:  0.0, Max:  0.1, Diff:  0.1, Sum:  0.2, Workers: 4
[2013.957s][debug][gc,phases      ] GC(46)     Dead                           Min: 0, Avg:  4.2, Max: 12, Diff: 12, Sum: 17, Workers: 4
[2013.957s][debug][gc,phases      ] GC(46)     Total                          Min: 0, Avg: 3846.5, Max: 5608, Diff: 5608, Sum: 15386, Workers: 4
[2013.957s][debug][gc,phases      ] GC(46)   JNI Weak                       Min:  0.0, Avg:  0.0, Max:  0.0, Diff:  0.0, Sum:  0.0, Workers: 4
[2013.957s][debug][gc,phases      ] GC(46)     Dead                           Min: 0, Avg:  0.0, Max: 0, Diff: 0, Sum: 0, Workers: 4
[2013.957s][debug][gc,phases      ] GC(46)     Total                          Min: 0, Avg: 13.0, Max: 52, Diff: 52, Sum: 52, Workers: 4
[2013.957s][debug][gc,phases      ] GC(46)   StringDedup Table Weak         Min:  0.0, Avg:  0.0, Max:  0.0, Diff:  0.0, Sum:  0.0, Workers: 4
[2013.957s][debug][gc,phases      ] GC(46)     Dead                           Min: 0, Avg:  0.0, Max: 0, Diff: 0, Sum: 0, Workers: 4
[2013.957s][debug][gc,phases      ] GC(46)     Total                          Min: 0, Avg:  0.0, Max: 0, Diff: 0, Sum: 0, Workers: 4
[2013.957s][debug][gc,phases      ] GC(46)   StringDedup Requests0 Weak     Min:  0.0, Avg:  0.0, Max:  0.0, Diff:  0.0, Sum:  0.0, Workers: 4
[2013.957s][debug][gc,phases      ] GC(46)     Dead                           Min: 0, Avg:  0.0, Max: 0, Diff: 0, Sum: 0, Workers: 4
[2013.957s][debug][gc,phases      ] GC(46)     Total                          Min: 0, Avg:  0.0, Max: 0, Diff: 0, Sum: 0, Workers: 4
[2013.957s][debug][gc,phases      ] GC(46)   StringDedup Requests1 Weak     Min:  0.0, Avg:  0.0, Max:  0.0, Diff:  0.0, Sum:  0.0, Workers: 4
[2013.957s][debug][gc,phases      ] GC(46)     Dead                           Min: 0, Avg:  0.0, Max: 0, Diff: 0, Sum: 0, Workers: 4
[2013.957s][debug][gc,phases      ] GC(46)     Total                          Min: 0, Avg:  0.0, Max: 0, Diff: 0, Sum: 0, Workers: 4
[2013.957s][debug][gc,phases      ] GC(46)   Weak JFR Old Object Samples    Min:  0.0, Avg:  0.0, Max:  0.0, Diff:  0.0, Sum:  0.0, Workers: 4
[2013.957s][debug][gc,phases      ] GC(46)     Dead                           Min: 0, Avg:  0.0, Max: 0, Diff: 0, Sum: 0, Workers: 4
[2013.957s][debug][gc,phases      ] GC(46)     Total                          Min: 0, Avg:  0.0, Max: 0, Diff: 0, Sum: 0, Workers: 4
[2013.957s][debug][gc,phases      ] GC(46) Weak Processing 0.441ms
[2013.957s][debug][gc,age         ] GC(46) Desired survivor size 45088768 bytes, new threshold 1 (max threshold 15)
[2013.957s][info ][gc,heap        ] GC(46) PSYoungGen: 1994592K(2042368K)->4896K(2053120K) Eden: 1991680K(1991680K)->0K(2005504K) From: 2912K(50688K)->4896K(47616K)
[2013.957s][info ][gc,heap        ] GC(46) ParOldGen: 282866K(283136K)->283434K(283648K)
[2013.957s][info ][gc,metaspace   ] GC(46) Metaspace: 106373K(107776K)->106373K(107776K) NonClass: 90288K(91072K)->90288K(91072K) Class: 16085K(16704K)->16085K(16704K)
[2013.957s][info ][gc             ] GC(46) Pause Young (Allocation Failure) 2224M->281M(2282M) 5.742ms
[2013.957s][info ][gc,cpu         ] GC(46) User=0.03s Sys=0.00s Real=0.01s
[2013.957s][info ][safepoint      ] Safepoint "ParallelGCFailedAllocation", Time since last: 127835993 ns, Reaching safepoint: 81703 ns, Cleanup: 10301 ns, At safepoint: 5829132 ns, Total: 5921136 ns
[2016.958s][info ][safepoint      ] Safepoint "Cleanup", Time since last: 3000246404 ns, Reaching safepoint: 82104 ns, Cleanup: 14500 ns, At safepoint: 6901 ns, Total: 103505 ns
[2022.958s][info ][safepoint      ] Safepoint "Cleanup", Time since last: 6000498110 ns, Reaching safepoint: 7600 ns, Cleanup: 11200 ns, At safepoint: 2300 ns, Total: 21100 ns
[2029.959s][info ][safepoint      ] Safepoint "Cleanup", Time since last: 7000563258 ns, Reaching safepoint: 7300 ns, Cleanup: 10700 ns, At safepoint: 2601 ns, Total: 20601 ns
[2030.959s][info ][safepoint      ] Safepoint "Cleanup", Time since last: 1000122037 ns, Reaching safepoint: 7600 ns, Cleanup: 20101 ns, At safepoint: 2800 ns, Total: 30501 ns
[2031.959s][info ][safepoint      ] Safepoint "Cleanup", Time since last: 1000120538 ns, Reaching safepoint: 7400 ns, Cleanup: 10101 ns, At safepoint: 2700 ns, Total: 20201 ns
[2032.959s][info ][safepoint      ] Safepoint "Cleanup", Time since last: 1000118737 ns, Reaching safepoint: 7500 ns, Cleanup: 28302 ns, At safepoint: 2700 ns, Total: 38502 ns
[2033.960s][info ][safepoint      ] Safepoint "Cleanup", Time since last: 1000120837 ns, Reaching safepoint: 7601 ns, Cleanup: 10400 ns, At safepoint: 2800 ns, Total: 20801 ns
[2035.960s][info ][safepoint      ] Safepoint "Cleanup", Time since last: 2000194054 ns, Reaching safepoint: 8000 ns, Cleanup: 14401 ns, At safepoint: 2700 ns, Total: 25101 ns
[2036.960s][info ][safepoint      ] Safepoint "Cleanup", Time since last: 1000125561 ns, Reaching safepoint: 14400 ns, Cleanup: 11800 ns, At safepoint: 23201 ns, Total: 49401 ns
[2037.960s][info ][safepoint      ] Safepoint "Cleanup", Time since last: 1000106660 ns, Reaching safepoint: 7101 ns, Cleanup: 10700 ns, At safepoint: 2900 ns, Total: 20701 ns
[2038.960s][info ][safepoint      ] Safepoint "Cleanup", Time since last: 1000124461 ns, Reaching safepoint: 8000 ns, Cleanup: 11800 ns, At safepoint: 3100 ns, Total: 22900 ns
[2041.839s][info ][safepoint      ] Safepoint "Cleanup", Time since last: 2878720276 ns, Reaching safepoint: 10300 ns, Cleanup: 12201 ns, At safepoint: 3400 ns, Total: 25901 ns
[2044.839s][info ][safepoint      ] Safepoint "Cleanup", Time since last: 3000319019 ns, Reaching safepoint: 11100 ns, Cleanup: 16801 ns, At safepoint: 3100 ns, Total: 31001 ns
[2048.840s][info ][safepoint      ] Safepoint "Cleanup", Time since last: 4000348980 ns, Reaching safepoint: 7701 ns, Cleanup: 11700 ns, At safepoint: 2800 ns, Total: 22201 ns
[2049.840s][info ][safepoint      ] Safepoint "Cleanup", Time since last: 1000148041 ns, Reaching safepoint: 10700 ns, Cleanup: 15701 ns, At safepoint: 2700 ns, Total: 29101 ns
[2052.840s][info ][safepoint      ] Safepoint "Cleanup", Time since last: 3000269740 ns, Reaching safepoint: 8200 ns, Cleanup: 15001 ns, At safepoint: 2700 ns, Total: 25901 ns
[2057.841s][info ][safepoint      ] Safepoint "Cleanup", Time since last: 5000420018 ns, Reaching safepoint: 9000 ns, Cleanup: 12201 ns, At safepoint: 3200 ns, Total: 24401 ns
[2058.841s][info ][safepoint      ] Safepoint "Cleanup", Time since last: 1000130860 ns, Reaching safepoint: 7400 ns, Cleanup: 11701 ns, At safepoint: 3100 ns, Total: 22201 ns
[2060.501s][info ][gc,start       ] GC(47) Pause Young (Allocation Failure)
[2060.505s][debug][gc,phases      ] GC(47) Scavenge 4.388ms
[2060.505s][debug][gc,ref         ] GC(47) ReferenceProcessor::execute queues: 1, RefProcThreadModel::Single, marks_oops_alive: false
[2060.505s][debug][gc,ref         ] GC(47) Skipped KeepAliveFinalRefsPhase of Reference Processing: no references
[2060.505s][debug][gc,ref         ] GC(47) ReferenceProcessor::execute queues: 1, RefProcThreadModel::Single, marks_oops_alive: false
[2060.505s][debug][gc,phases      ] GC(47) Reference Processing 0.118ms
[2060.506s][debug][gc,phases      ] GC(47)   VM Weak                        Min:  0.0, Avg:  0.0, Max:  0.0, Diff:  0.0, Sum:  0.0, Workers: 4
[2060.506s][debug][gc,phases      ] GC(47)     Dead                           Min: 0, Avg:  0.0, Max: 0, Diff: 0, Sum: 0, Workers: 4
[2060.506s][debug][gc,phases      ] GC(47)     Total                          Min: 0, Avg: 256.2, Max: 768, Diff: 768, Sum: 1025, Workers: 4
[2060.506s][debug][gc,phases      ] GC(47)   ObjectSynchronizer Weak        Min:  0.0, Avg:  0.0, Max:  0.0, Diff:  0.0, Sum:  0.0, Workers: 4
[2060.506s][debug][gc,phases      ] GC(47)     Dead                           Min: 0, Avg:  0.0, Max: 0, Diff: 0, Sum: 0, Workers: 4
[2060.506s][debug][gc,phases      ] GC(47)     Total                          Min: 0, Avg:  0.8, Max: 3, Diff: 3, Sum: 3, Workers: 4
[2060.506s][debug][gc,phases      ] GC(47)   JVMTI Tag Weak OopStorage      Min:  0.0, Avg:  0.0, Max:  0.0, Diff:  0.0, Sum:  0.0, Workers: 4
[2060.506s][debug][gc,phases      ] GC(47)     Dead                           Min: 0, Avg:  0.0, Max: 0, Diff: 0, Sum: 0, Workers: 4
[2060.506s][debug][gc,phases      ] GC(47)     Total                          Min: 0, Avg:  0.0, Max: 0, Diff: 0, Sum: 0, Workers: 4
[2060.506s][debug][gc,phases      ] GC(47)   StringTable Weak               Min:  0.0, Avg:  0.1, Max:  0.1, Diff:  0.1, Sum:  0.4, Workers: 4
[2060.506s][debug][gc,phases      ] GC(47)     Dead                           Min: 0, Avg:  0.5, Max: 1, Diff: 1, Sum: 2, Workers: 4
[2060.506s][debug][gc,phases      ] GC(47)     Total                          Min: 0, Avg: 11603.8, Max: 17408, Diff: 17408, Sum: 46415, Workers: 4
[2060.506s][debug][gc,phases      ] GC(47)   ResolvedMethodTable Weak       Min:  0.0, Avg:  0.0, Max:  0.1, Diff:  0.1, Sum:  0.2, Workers: 4
[2060.506s][debug][gc,phases      ] GC(47)     Dead                           Min: 0, Avg:  4.5, Max: 13, Diff: 13, Sum: 18, Workers: 4
[2060.506s][debug][gc,phases      ] GC(47)     Total                          Min: 0, Avg: 3852.2, Max: 5606, Diff: 5606, Sum: 15409, Workers: 4
[2060.506s][debug][gc,phases      ] GC(47)   JNI Weak                       Min:  0.0, Avg:  0.0, Max:  0.0, Diff:  0.0, Sum:  0.0, Workers: 4
[2060.506s][debug][gc,phases      ] GC(47)     Dead                           Min: 0, Avg:  0.0, Max: 0, Diff: 0, Sum: 0, Workers: 4
[2060.506s][debug][gc,phases      ] GC(47)     Total                          Min: 0, Avg: 13.0, Max: 52, Diff: 52, Sum: 52, Workers: 4
[2060.506s][debug][gc,phases      ] GC(47)   StringDedup Table Weak         Min:  0.0, Avg:  0.0, Max:  0.0, Diff:  0.0, Sum:  0.0, Workers: 4
[2060.506s][debug][gc,phases      ] GC(47)     Dead                           Min: 0, Avg:  0.0, Max: 0, Diff: 0, Sum: 0, Workers: 4
[2060.506s][debug][gc,phases      ] GC(47)     Total                          Min: 0, Avg:  0.0, Max: 0, Diff: 0, Sum: 0, Workers: 4
[2060.506s][debug][gc,phases      ] GC(47)   StringDedup Requests0 Weak     Min:  0.0, Avg:  0.0, Max:  0.0, Diff:  0.0, Sum:  0.0, Workers: 4
[2060.506s][debug][gc,phases      ] GC(47)     Dead                           Min: 0, Avg:  0.0, Max: 0, Diff: 0, Sum: 0, Workers: 4
[2060.506s][debug][gc,phases      ] GC(47)     Total                          Min: 0, Avg:  0.0, Max: 0, Diff: 0, Sum: 0, Workers: 4
[2060.506s][debug][gc,phases      ] GC(47)   StringDedup Requests1 Weak     Min:  0.0, Avg:  0.0, Max:  0.0, Diff:  0.0, Sum:  0.0, Workers: 4
[2060.506s][debug][gc,phases      ] GC(47)     Dead                           Min: 0, Avg:  0.0, Max: 0, Diff: 0, Sum: 0, Workers: 4
[2060.506s][debug][gc,phases      ] GC(47)     Total                          Min: 0, Avg:  0.0, Max: 0, Diff: 0, Sum: 0, Workers: 4
[2060.506s][debug][gc,phases      ] GC(47)   Weak JFR Old Object Samples    Min:  0.0, Avg:  0.0, Max:  0.0, Diff:  0.0, Sum:  0.0, Workers: 4
[2060.506s][debug][gc,phases      ] GC(47)     Dead                           Min: 0, Avg:  0.0, Max: 0, Diff: 0, Sum: 0, Workers: 4
[2060.506s][debug][gc,phases      ] GC(47)     Total                          Min: 0, Avg:  0.0, Max: 0, Diff: 0, Sum: 0, Workers: 4
[2060.506s][debug][gc,phases      ] GC(47) Weak Processing 0.451ms
[2060.506s][debug][gc,age         ] GC(47) Desired survivor size 41943040 bytes, new threshold 1 (max threshold 15)
[2060.506s][info ][gc,heap        ] GC(47) PSYoungGen: 2010400K(2053120K)->2848K(2049536K) Eden: 2005504K(2005504K)->0K(2005504K) From: 4896K(47616K)->2848K(44032K)
[2060.506s][info ][gc,heap        ] GC(47) ParOldGen: 283434K(283648K)->286615K(286720K)
[2060.506s][info ][gc,metaspace   ] GC(47) Metaspace: 106477K(107840K)->106477K(107840K) NonClass: 90376K(91136K)->90376K(91136K) Class: 16100K(16704K)->16100K(16704K)
[2060.506s][info ][gc             ] GC(47) Pause Young (Allocation Failure) 2240M->282M(2281M) 5.102ms
[2060.506s][info ][gc,cpu         ] GC(47) User=0.02s Sys=0.00s Real=0.00s
[2060.506s][info ][safepoint      ] Safepoint "ParallelGCFailedAllocation", Time since last: 1659939151 ns, Reaching safepoint: 80203 ns, Cleanup: 4000 ns, At safepoint: 5184046 ns, Total: 5268249 ns
[2062.506s][info ][safepoint      ] Safepoint "Cleanup", Time since last: 2000164270 ns, Reaching safepoint: 80502 ns, Cleanup: 11200 ns, At safepoint: 6701 ns, Total: 98403 ns
[2063.506s][info ][safepoint      ] Safepoint "Cleanup", Time since last: 1000135518 ns, Reaching safepoint: 86003 ns, Cleanup: 22401 ns, At safepoint: 8200 ns, Total: 116604 ns
[2065.507s][info ][safepoint      ] Safepoint "Cleanup", Time since last: 2000215316 ns, Reaching safepoint: 85704 ns, Cleanup: 10200 ns, At safepoint: 8600 ns, Total: 104504 ns
[2066.507s][info ][safepoint      ] Safepoint "Cleanup", Time since last: 1000141110 ns, Reaching safepoint: 85703 ns, Cleanup: 18901 ns, At safepoint: 8100 ns, Total: 112704 ns
[2069.507s][info ][safepoint      ] Safepoint "Cleanup", Time since last: 3000272232 ns, Reaching safepoint: 7800 ns, Cleanup: 13100 ns, At safepoint: 2801 ns, Total: 23701 ns
[2072.508s][info ][safepoint      ] Safepoint "Cleanup", Time since last: 3000259290 ns, Reaching safepoint: 6801 ns, Cleanup: 10700 ns, At safepoint: 2700 ns, Total: 20201 ns
[2075.508s][info ][safepoint      ] Safepoint "Cleanup", Time since last: 3000262468 ns, Reaching safepoint: 6600 ns, Cleanup: 10501 ns, At safepoint: 2500 ns, Total: 19601 ns
[2076.508s][info ][safepoint      ] Safepoint "Cleanup", Time since last: 1000115948 ns, Reaching safepoint: 6700 ns, Cleanup: 12400 ns, At safepoint: 2601 ns, Total: 21701 ns
[2078.508s][info ][safepoint      ] Safepoint "Cleanup", Time since last: 2000213995 ns, Reaching safepoint: 7501 ns, Cleanup: 10200 ns, At safepoint: 2400 ns, Total: 20101 ns
[2081.509s][info ][safepoint      ] Safepoint "Cleanup", Time since last: 3000257680 ns, Reaching safepoint: 5700 ns, Cleanup: 8601 ns, At safepoint: 2700 ns, Total: 17001 ns
[2097.510s][info ][safepoint      ] Safepoint "Cleanup", Time since last: 16001230286 ns, Reaching safepoint: 7600 ns, Cleanup: 11500 ns, At safepoint: 2700 ns, Total: 21800 ns
[2098.510s][info ][safepoint      ] Safepoint "Cleanup", Time since last: 1000124227 ns, Reaching safepoint: 7500 ns, Cleanup: 10100 ns, At safepoint: 2700 ns, Total: 20300 ns
[2113.860s][info ][safepoint      ] Safepoint "Cleanup", Time since last: 15350260221 ns, Reaching safepoint: 7801 ns, Cleanup: 10700 ns, At safepoint: 2900 ns, Total: 21401 ns
[2120.802s][info ][gc,start       ] GC(48) Pause Young (Allocation Failure)
[2120.807s][debug][gc,phases      ] GC(48) Scavenge 4.388ms
[2120.807s][debug][gc,ref         ] GC(48) ReferenceProcessor::execute queues: 1, RefProcThreadModel::Single, marks_oops_alive: false
[2120.807s][debug][gc,ref         ] GC(48) Skipped KeepAliveFinalRefsPhase of Reference Processing: no references
[2120.807s][debug][gc,ref         ] GC(48) ReferenceProcessor::execute queues: 1, RefProcThreadModel::Single, marks_oops_alive: false
[2120.807s][debug][gc,phases      ] GC(48) Reference Processing 0.120ms
[2120.807s][debug][gc,phases      ] GC(48)   VM Weak                        Min:  0.0, Avg:  0.0, Max:  0.0, Diff:  0.0, Sum:  0.0, Workers: 4
[2120.807s][debug][gc,phases      ] GC(48)     Dead                           Min: 0, Avg:  0.0, Max: 0, Diff: 0, Sum: 0, Workers: 4
[2120.807s][debug][gc,phases      ] GC(48)     Total                          Min: 0, Avg: 256.2, Max: 960, Diff: 960, Sum: 1025, Workers: 4
[2120.807s][debug][gc,phases      ] GC(48)   ObjectSynchronizer Weak        Min:  0.0, Avg:  0.0, Max:  0.0, Diff:  0.0, Sum:  0.0, Workers: 4
[2120.807s][debug][gc,phases      ] GC(48)     Dead                           Min: 0, Avg:  0.0, Max: 0, Diff: 0, Sum: 0, Workers: 4
[2120.807s][debug][gc,phases      ] GC(48)     Total                          Min: 0, Avg:  1.2, Max: 5, Diff: 5, Sum: 5, Workers: 4
[2120.807s][debug][gc,phases      ] GC(48)   JVMTI Tag Weak OopStorage      Min:  0.0, Avg:  0.0, Max:  0.0, Diff:  0.0, Sum:  0.0, Workers: 4
[2120.807s][debug][gc,phases      ] GC(48)     Dead                           Min: 0, Avg:  0.0, Max: 0, Diff: 0, Sum: 0, Workers: 4
[2120.807s][debug][gc,phases      ] GC(48)     Total                          Min: 0, Avg:  0.0, Max: 0, Diff: 0, Sum: 0, Workers: 4
[2120.807s][debug][gc,phases      ] GC(48)   StringTable Weak               Min:  0.1, Avg:  0.1, Max:  0.1, Diff:  0.0, Sum:  0.4, Workers: 4
[2120.807s][debug][gc,phases      ] GC(48)     Dead                           Min: 0, Avg:  0.2, Max: 1, Diff: 1, Sum: 1, Workers: 4
[2120.807s][debug][gc,phases      ] GC(48)     Total                          Min: 10848, Avg: 11607.8, Max: 13119, Diff: 2271, Sum: 46431, Workers: 4
[2120.807s][debug][gc,phases      ] GC(48)   ResolvedMethodTable Weak       Min:  0.0, Avg:  0.0, Max:  0.0, Diff:  0.0, Sum:  0.2, Workers: 4
[2120.807s][debug][gc,phases      ] GC(48)     Dead                           Min: 0, Avg:  4.0, Max: 16, Diff: 16, Sum: 16, Workers: 4
[2120.807s][debug][gc,phases      ] GC(48)     Total                          Min: 3537, Avg: 3853.2, Max: 4137, Diff: 600, Sum: 15413, Workers: 4
[2120.807s][debug][gc,phases      ] GC(48)   JNI Weak                       Min:  0.0, Avg:  0.0, Max:  0.0, Diff:  0.0, Sum:  0.0, Workers: 4
[2120.807s][debug][gc,phases      ] GC(48)     Dead                           Min: 0, Avg:  0.0, Max: 0, Diff: 0, Sum: 0, Workers: 4
[2120.807s][debug][gc,phases      ] GC(48)     Total                          Min: 0, Avg: 13.0, Max: 52, Diff: 52, Sum: 52, Workers: 4
[2120.807s][debug][gc,phases      ] GC(48)   StringDedup Table Weak         Min:  0.0, Avg:  0.0, Max:  0.0, Diff:  0.0, Sum:  0.0, Workers: 4
[2120.807s][debug][gc,phases      ] GC(48)     Dead                           Min: 0, Avg:  0.0, Max: 0, Diff: 0, Sum: 0, Workers: 4
[2120.807s][debug][gc,phases      ] GC(48)     Total                          Min: 0, Avg:  0.0, Max: 0, Diff: 0, Sum: 0, Workers: 4
[2120.807s][debug][gc,phases      ] GC(48)   StringDedup Requests0 Weak     Min:  0.0, Avg:  0.0, Max:  0.0, Diff:  0.0, Sum:  0.0, Workers: 4
[2120.807s][debug][gc,phases      ] GC(48)     Dead                           Min: 0, Avg:  0.0, Max: 0, Diff: 0, Sum: 0, Workers: 4
[2120.807s][debug][gc,phases      ] GC(48)     Total                          Min: 0, Avg:  0.0, Max: 0, Diff: 0, Sum: 0, Workers: 4
[2120.807s][debug][gc,phases      ] GC(48)   StringDedup Requests1 Weak     Min:  0.0, Avg:  0.0, Max:  0.0, Diff:  0.0, Sum:  0.0, Workers: 4
[2120.807s][debug][gc,phases      ] GC(48)     Dead                           Min: 0, Avg:  0.0, Max: 0, Diff: 0, Sum: 0, Workers: 4
[2120.807s][debug][gc,phases      ] GC(48)     Total                          Min: 0, Avg:  0.0, Max: 0, Diff: 0, Sum: 0, Workers: 4
[2120.807s][debug][gc,phases      ] GC(48)   Weak JFR Old Object Samples    Min:  0.0, Avg:  0.0, Max:  0.0, Diff:  0.0, Sum:  0.0, Workers: 4
[2120.807s][debug][gc,phases      ] GC(48)     Dead                           Min: 0, Avg:  0.0, Max: 0, Diff: 0, Sum: 0, Workers: 4
[2120.807s][debug][gc,phases      ] GC(48)     Total                          Min: 0, Avg:  0.0, Max: 0, Diff: 0, Sum: 0, Workers: 4
[2120.807s][debug][gc,phases      ] GC(48) Weak Processing 0.393ms
[2120.807s][debug][gc,age         ] GC(48) Desired survivor size 39321600 bytes, new threshold 1 (max threshold 15)
[2120.807s][info ][gc,heap        ] GC(48) PSYoungGen: 2008352K(2049536K)->3552K(2058752K) Eden: 2005504K(2005504K)->0K(2017792K) From: 2848K(44032K)->3552K(40960K)
[2120.807s][info ][gc,heap        ] GC(48) ParOldGen: 286615K(286720K)->287459K(287744K)
[2120.807s][info ][gc,metaspace   ] GC(48) Metaspace: 106529K(107904K)->106529K(107904K) NonClass: 90421K(91200K)->90421K(91200K) Class: 16107K(16704K)->16107K(16704K)
[2120.807s][info ][gc             ] GC(48) Pause Young (Allocation Failure) 2241M->284M(2291M) 5.049ms
[2120.807s][info ][gc,cpu         ] GC(48) User=0.01s Sys=0.00s Real=0.00s
[2120.807s][info ][safepoint      ] Safepoint "ParallelGCFailedAllocation", Time since last: 6942078279 ns, Reaching safepoint: 8100 ns, Cleanup: 4200 ns, At safepoint: 5131373 ns, Total: 5143673 ns
[2121.808s][info ][safepoint      ] Safepoint "Cleanup", Time since last: 1000092652 ns, Reaching safepoint: 7601 ns, Cleanup: 11200 ns, At safepoint: 2600 ns, Total: 21401 ns
[2123.808s][info ][safepoint      ] Safepoint "Cleanup", Time since last: 2000202218 ns, Reaching safepoint: 8801 ns, Cleanup: 10300 ns, At safepoint: 2700 ns, Total: 21801 ns
[2124.808s][info ][safepoint      ] Safepoint "Cleanup", Time since last: 1000112545 ns, Reaching safepoint: 8700 ns, Cleanup: 11800 ns, At safepoint: 3000 ns, Total: 23500 ns
[2139.809s][info ][safepoint      ] Safepoint "Cleanup", Time since last: 15001124285 ns, Reaching safepoint: 8300 ns, Cleanup: 9800 ns, At safepoint: 3000 ns, Total: 21100 ns
[2141.809s][info ][safepoint      ] Safepoint "Cleanup", Time since last: 2000179178 ns, Reaching safepoint: 5600 ns, Cleanup: 7800 ns, At safepoint: 2201 ns, Total: 15601 ns
[2150.810s][info ][safepoint      ] Safepoint "Cleanup", Time since last: 9000659177 ns, Reaching safepoint: 7200 ns, Cleanup: 10701 ns, At safepoint: 3000 ns, Total: 20901 ns
[2156.810s][info ][safepoint      ] Safepoint "Cleanup", Time since last: 6000511048 ns, Reaching safepoint: 7900 ns, Cleanup: 18200 ns, At safepoint: 2700 ns, Total: 28800 ns
[2158.811s][info ][safepoint      ] Safepoint "Cleanup", Time since last: 2000199849 ns, Reaching safepoint: 7700 ns, Cleanup: 9000 ns, At safepoint: 2600 ns, Total: 19300 ns
[2161.878s][info ][safepoint      ] Safepoint "Cleanup", Time since last: 3067200512 ns, Reaching safepoint: 8700 ns, Cleanup: 17401 ns, At safepoint: 2500 ns, Total: 28601 ns
[2164.878s][info ][safepoint      ] Safepoint "Cleanup", Time since last: 3000353694 ns, Reaching safepoint: 13800 ns, Cleanup: 20401 ns, At safepoint: 3100 ns, Total: 37301 ns
[2165.878s][info ][safepoint      ] Safepoint "Cleanup", Time since last: 1000127588 ns, Reaching safepoint: 8501 ns, Cleanup: 12300 ns, At safepoint: 2800 ns, Total: 23601 ns
[2168.879s][info ][safepoint      ] Safepoint "Cleanup", Time since last: 3000301185 ns, Reaching safepoint: 8100 ns, Cleanup: 11200 ns, At safepoint: 2700 ns, Total: 22000 ns
[2178.880s][info ][safepoint      ] Safepoint "Cleanup", Time since last: 10000770838 ns, Reaching safepoint: 7900 ns, Cleanup: 15001 ns, At safepoint: 2500 ns, Total: 25401 ns
[2179.880s][info ][safepoint      ] Safepoint "Cleanup", Time since last: 1000135353 ns, Reaching safepoint: 7000 ns, Cleanup: 11301 ns, At safepoint: 2500 ns, Total: 20801 ns
[2183.880s][info ][safepoint      ] Safepoint "Cleanup", Time since last: 4000336966 ns, Reaching safepoint: 6900 ns, Cleanup: 10701 ns, At safepoint: 2600 ns, Total: 20201 ns
[2191.565s][info ][gc,start       ] GC(49) Pause Young (Allocation Failure)
[2191.570s][debug][gc,phases      ] GC(49) Scavenge 4.871ms
[2191.570s][debug][gc,ref         ] GC(49) ReferenceProcessor::execute queues: 1, RefProcThreadModel::Single, marks_oops_alive: false
[2191.570s][debug][gc,ref         ] GC(49) Skipped KeepAliveFinalRefsPhase of Reference Processing: no references
[2191.570s][debug][gc,ref         ] GC(49) ReferenceProcessor::execute queues: 1, RefProcThreadModel::Single, marks_oops_alive: false
[2191.570s][debug][gc,phases      ] GC(49) Reference Processing 0.119ms
[2191.570s][debug][gc,phases      ] GC(49)   VM Weak                        Min:  0.0, Avg:  0.0, Max:  0.0, Diff:  0.0, Sum:  0.0, Workers: 4
[2191.570s][debug][gc,phases      ] GC(49)     Dead                           Min: 0, Avg:  0.0, Max: 0, Diff: 0, Sum: 0, Workers: 4
[2191.570s][debug][gc,phases      ] GC(49)     Total                          Min: 0, Avg: 256.2, Max: 641, Diff: 641, Sum: 1025, Workers: 4
[2191.570s][debug][gc,phases      ] GC(49)   ObjectSynchronizer Weak        Min:  0.0, Avg:  0.0, Max:  0.0, Diff:  0.0, Sum:  0.0, Workers: 4
[2191.570s][debug][gc,phases      ] GC(49)     Dead                           Min: 0, Avg:  0.0, Max: 0, Diff: 0, Sum: 0, Workers: 4
[2191.570s][debug][gc,phases      ] GC(49)     Total                          Min: 0, Avg:  1.0, Max: 4, Diff: 4, Sum: 4, Workers: 4
[2191.570s][debug][gc,phases      ] GC(49)   JVMTI Tag Weak OopStorage      Min:  0.0, Avg:  0.0, Max:  0.0, Diff:  0.0, Sum:  0.0, Workers: 4
[2191.570s][debug][gc,phases      ] GC(49)     Dead                           Min: 0, Avg:  0.0, Max: 0, Diff: 0, Sum: 0, Workers: 4
[2191.570s][debug][gc,phases      ] GC(49)     Total                          Min: 0, Avg:  0.0, Max: 0, Diff: 0, Sum: 0, Workers: 4
[2191.570s][debug][gc,phases      ] GC(49)   StringTable Weak               Min:  0.0, Avg:  0.1, Max:  0.2, Diff:  0.2, Sum:  0.5, Workers: 4
[2191.570s][debug][gc,phases      ] GC(49)     Dead                           Min: 0, Avg:  0.0, Max: 0, Diff: 0, Sum: 0, Workers: 4
[2191.570s][debug][gc,phases      ] GC(49)     Total                          Min: 0, Avg: 11609.2, Max: 17983, Diff: 17983, Sum: 46437, Workers: 4
[2191.570s][debug][gc,phases      ] GC(49)   ResolvedMethodTable Weak       Min:  0.0, Avg:  0.0, Max:  0.1, Diff:  0.1, Sum:  0.2, Workers: 4
[2191.570s][debug][gc,phases      ] GC(49)     Dead                           Min: 0, Avg:  4.0, Max: 11, Diff: 11, Sum: 16, Workers: 4
[2191.570s][debug][gc,phases      ] GC(49)     Total                          Min: 0, Avg: 3853.2, Max: 7116, Diff: 7116, Sum: 15413, Workers: 4
[2191.570s][debug][gc,phases      ] GC(49)   JNI Weak                       Min:  0.0, Avg:  0.0, Max:  0.0, Diff:  0.0, Sum:  0.0, Workers: 4
[2191.570s][debug][gc,phases      ] GC(49)     Dead                           Min: 0, Avg:  0.0, Max: 0, Diff: 0, Sum: 0, Workers: 4
[2191.570s][debug][gc,phases      ] GC(49)     Total                          Min: 0, Avg: 13.0, Max: 52, Diff: 52, Sum: 52, Workers: 4
[2191.570s][debug][gc,phases      ] GC(49)   StringDedup Table Weak         Min:  0.0, Avg:  0.0, Max:  0.0, Diff:  0.0, Sum:  0.0, Workers: 4
[2191.571s][debug][gc,phases      ] GC(49)     Dead                           Min: 0, Avg:  0.0, Max: 0, Diff: 0, Sum: 0, Workers: 4
[2191.571s][debug][gc,phases      ] GC(49)     Total                          Min: 0, Avg:  0.0, Max: 0, Diff: 0, Sum: 0, Workers: 4
[2191.571s][debug][gc,phases      ] GC(49)   StringDedup Requests0 Weak     Min:  0.0, Avg:  0.0, Max:  0.0, Diff:  0.0, Sum:  0.0, Workers: 4
[2191.571s][debug][gc,phases      ] GC(49)     Dead                           Min: 0, Avg:  0.0, Max: 0, Diff: 0, Sum: 0, Workers: 4
[2191.571s][debug][gc,phases      ] GC(49)     Total                          Min: 0, Avg:  0.0, Max: 0, Diff: 0, Sum: 0, Workers: 4
[2191.571s][debug][gc,phases      ] GC(49)   StringDedup Requests1 Weak     Min:  0.0, Avg:  0.0, Max:  0.0, Diff:  0.0, Sum:  0.0, Workers: 4
[2191.571s][debug][gc,phases      ] GC(49)     Dead                           Min: 0, Avg:  0.0, Max: 0, Diff: 0, Sum: 0, Workers: 4
[2191.571s][debug][gc,phases      ] GC(49)     Total                          Min: 0, Avg:  0.0, Max: 0, Diff: 0, Sum: 0, Workers: 4
[2191.571s][debug][gc,phases      ] GC(49)   Weak JFR Old Object Samples    Min:  0.0, Avg:  0.0, Max:  0.0, Diff:  0.0, Sum:  0.0, Workers: 4
[2191.571s][debug][gc,phases      ] GC(49)     Dead                           Min: 0, Avg:  0.0, Max: 0, Diff: 0, Sum: 0, Workers: 4
[2191.571s][debug][gc,phases      ] GC(49)     Total                          Min: 0, Avg:  0.0, Max: 0, Diff: 0, Sum: 0, Workers: 4
[2191.571s][debug][gc,phases      ] GC(49) Weak Processing 0.514ms
[2191.571s][debug][gc,age         ] GC(49) Desired survivor size 36175872 bytes, new threshold 1 (max threshold 15)
[2191.571s][info ][gc,heap        ] GC(49) PSYoungGen: 2021344K(2058752K)->4384K(2056192K) Eden: 2017792K(2017792K)->0K(2017792K) From: 3552K(40960K)->4384K(38400K)
[2191.571s][info ][gc,heap        ] GC(49) ParOldGen: 287459K(287744K)->288775K(289280K)
[2191.571s][info ][gc,metaspace   ] GC(49) Metaspace: 106552K(107904K)->106552K(107904K) NonClass: 90445K(91200K)->90445K(91200K) Class: 16107K(16704K)->16107K(16704K)
[2191.571s][info ][gc             ] GC(49) Pause Young (Allocation Failure) 2254M->286M(2290M) 5.646ms
[2191.571s][info ][gc,cpu         ] GC(49) User=0.02s Sys=0.00s Real=0.00s
[2191.571s][info ][safepoint      ] Safepoint "ParallelGCFailedAllocation", Time since last: 7684822424 ns, Reaching safepoint: 6100 ns, Cleanup: 4200 ns, At safepoint: 5720447 ns, Total: 5730747 ns
[2195.571s][info ][safepoint      ] Safepoint "Cleanup", Time since last: 4000292879 ns, Reaching safepoint: 6300 ns, Cleanup: 9500 ns, At safepoint: 2800 ns, Total: 18600 ns
[2204.572s][info ][safepoint      ] Safepoint "Cleanup", Time since last: 9000666384 ns, Reaching safepoint: 6000 ns, Cleanup: 9001 ns, At safepoint: 2400 ns, Total: 17401 ns
[2205.572s][info ][safepoint      ] Safepoint "Cleanup", Time since last: 1000108752 ns, Reaching safepoint: 8200 ns, Cleanup: 10100 ns, At safepoint: 3100 ns, Total: 21400 ns
[2207.572s][info ][safepoint      ] Safepoint "Cleanup", Time since last: 2000168203 ns, Reaching safepoint: 6801 ns, Cleanup: 16700 ns, At safepoint: 2700 ns, Total: 26201 ns
[2211.572s][info ][safepoint      ] Safepoint "Cleanup", Time since last: 4000319492 ns, Reaching safepoint: 7601 ns, Cleanup: 12200 ns, At safepoint: 2600 ns, Total: 22401 ns
[2213.573s][info ][safepoint      ] Safepoint "Cleanup", Time since last: 2000174464 ns, Reaching safepoint: 6500 ns, Cleanup: 9500 ns, At safepoint: 2400 ns, Total: 18400 ns
[2227.905s][info ][safepoint      ] Safepoint "Cleanup", Time since last: 14332956733 ns, Reaching safepoint: 7300 ns, Cleanup: 11901 ns, At safepoint: 2500 ns, Total: 21701 ns
[2228.906s][info ][safepoint      ] Safepoint "Cleanup", Time since last: 1000129391 ns, Reaching safepoint: 7701 ns, Cleanup: 9800 ns, At safepoint: 2900 ns, Total: 20401 ns
[2231.906s][info ][safepoint      ] Safepoint "Cleanup", Time since last: 3000268372 ns, Reaching safepoint: 6600 ns, Cleanup: 14501 ns, At safepoint: 3000 ns, Total: 24101 ns
[2235.906s][info ][safepoint      ] Safepoint "Cleanup", Time since last: 4000352721 ns, Reaching safepoint: 6400 ns, Cleanup: 9900 ns, At safepoint: 2901 ns, Total: 19201 ns
[2239.907s][info ][safepoint      ] Safepoint "Cleanup", Time since last: 4000334276 ns, Reaching safepoint: 8100 ns, Cleanup: 11101 ns, At safepoint: 3100 ns, Total: 22301 ns
[2242.907s][info ][safepoint      ] Safepoint "Cleanup", Time since last: 3000268426 ns, Reaching safepoint: 7700 ns, Cleanup: 14600 ns, At safepoint: 2600 ns, Total: 24900 ns
[2257.908s][info ][safepoint      ] Safepoint "Cleanup", Time since last: 15001163489 ns, Reaching safepoint: 7400 ns, Cleanup: 10300 ns, At safepoint: 2700 ns, Total: 20400 ns
[2260.002s][info ][gc,start       ] GC(50) Pause Young (Allocation Failure)
[2260.005s][debug][gc,phases      ] GC(50) Scavenge 3.430ms
[2260.005s][debug][gc,ref         ] GC(50) ReferenceProcessor::execute queues: 1, RefProcThreadModel::Single, marks_oops_alive: false
[2260.005s][debug][gc,ref         ] GC(50) Skipped KeepAliveFinalRefsPhase of Reference Processing: no references
[2260.005s][debug][gc,ref         ] GC(50) Skipped PhantomRefsPhase of Reference Processing: no references
[2260.005s][debug][gc,phases      ] GC(50) Reference Processing 0.115ms
[2260.006s][debug][gc,phases      ] GC(50)   VM Weak                        Min:  0.0, Avg:  0.0, Max:  0.0, Diff:  0.0, Sum:  0.0, Workers: 4
[2260.006s][debug][gc,phases      ] GC(50)     Dead                           Min: 0, Avg:  0.0, Max: 0, Diff: 0, Sum: 0, Workers: 4
[2260.006s][debug][gc,phases      ] GC(50)     Total                          Min: 0, Avg: 256.2, Max: 512, Diff: 512, Sum: 1025, Workers: 4
[2260.006s][debug][gc,phases      ] GC(50)   ObjectSynchronizer Weak        Min:  0.0, Avg:  0.0, Max:  0.0, Diff:  0.0, Sum:  0.0, Workers: 4
[2260.006s][debug][gc,phases      ] GC(50)     Dead                           Min: 0, Avg:  0.0, Max: 0, Diff: 0, Sum: 0, Workers: 4
[2260.006s][debug][gc,phases      ] GC(50)     Total                          Min: 0, Avg:  1.0, Max: 4, Diff: 4, Sum: 4, Workers: 4
[2260.006s][debug][gc,phases      ] GC(50)   JVMTI Tag Weak OopStorage      Min:  0.0, Avg:  0.0, Max:  0.0, Diff:  0.0, Sum:  0.0, Workers: 4
[2260.006s][debug][gc,phases      ] GC(50)     Dead                           Min: 0, Avg:  0.0, Max: 0, Diff: 0, Sum: 0, Workers: 4
[2260.006s][debug][gc,phases      ] GC(50)     Total                          Min: 0, Avg:  0.0, Max: 0, Diff: 0, Sum: 0, Workers: 4
[2260.006s][debug][gc,phases      ] GC(50)   StringTable Weak               Min:  0.1, Avg:  0.1, Max:  0.1, Diff:  0.0, Sum:  0.5, Workers: 4
[2260.006s][debug][gc,phases      ] GC(50)     Dead                           Min: 0, Avg:  0.0, Max: 0, Diff: 0, Sum: 0, Workers: 4
[2260.006s][debug][gc,phases      ] GC(50)     Total                          Min: 10879, Avg: 11609.5, Max: 12864, Diff: 1985, Sum: 46438, Workers: 4
[2260.006s][debug][gc,phases      ] GC(50)   ResolvedMethodTable Weak       Min:  0.0, Avg:  0.0, Max:  0.0, Diff:  0.0, Sum:  0.2, Workers: 4
[2260.006s][debug][gc,phases      ] GC(50)     Dead                           Min: 0, Avg:  4.0, Max: 16, Diff: 16, Sum: 16, Workers: 4
[2260.006s][debug][gc,phases      ] GC(50)     Total                          Min: 3589, Avg: 3853.2, Max: 4078, Diff: 489, Sum: 15413, Workers: 4
[2260.006s][debug][gc,phases      ] GC(50)   JNI Weak                       Min:  0.0, Avg:  0.0, Max:  0.0, Diff:  0.0, Sum:  0.0, Workers: 4
[2260.006s][debug][gc,phases      ] GC(50)     Dead                           Min: 0, Avg:  0.0, Max: 0, Diff: 0, Sum: 0, Workers: 4
[2260.006s][debug][gc,phases      ] GC(50)     Total                          Min: 0, Avg: 13.0, Max: 52, Diff: 52, Sum: 52, Workers: 4
[2260.006s][debug][gc,phases      ] GC(50)   StringDedup Table Weak         Min:  0.0, Avg:  0.0, Max:  0.0, Diff:  0.0, Sum:  0.0, Workers: 4
[2260.006s][debug][gc,phases      ] GC(50)     Dead                           Min: 0, Avg:  0.0, Max: 0, Diff: 0, Sum: 0, Workers: 4
[2260.006s][debug][gc,phases      ] GC(50)     Total                          Min: 0, Avg:  0.0, Max: 0, Diff: 0, Sum: 0, Workers: 4
[2260.006s][debug][gc,phases      ] GC(50)   StringDedup Requests0 Weak     Min:  0.0, Avg:  0.0, Max:  0.0, Diff:  0.0, Sum:  0.0, Workers: 4
[2260.006s][debug][gc,phases      ] GC(50)     Dead                           Min: 0, Avg:  0.0, Max: 0, Diff: 0, Sum: 0, Workers: 4
[2260.006s][debug][gc,phases      ] GC(50)     Total                          Min: 0, Avg:  0.0, Max: 0, Diff: 0, Sum: 0, Workers: 4
[2260.006s][debug][gc,phases      ] GC(50)   StringDedup Requests1 Weak     Min:  0.0, Avg:  0.0, Max:  0.0, Diff:  0.0, Sum:  0.0, Workers: 4
[2260.006s][debug][gc,phases      ] GC(50)     Dead                           Min: 0, Avg:  0.0, Max: 0, Diff: 0, Sum: 0, Workers: 4
[2260.006s][debug][gc,phases      ] GC(50)     Total                          Min: 0, Avg:  0.0, Max: 0, Diff: 0, Sum: 0, Workers: 4
[2260.006s][debug][gc,phases      ] GC(50)   Weak JFR Old Object Samples    Min:  0.0, Avg:  0.0, Max:  0.0, Diff:  0.0, Sum:  0.0, Workers: 4
[2260.006s][debug][gc,phases      ] GC(50)     Dead                           Min: 0, Avg:  0.0, Max: 0, Diff: 0, Sum: 0, Workers: 4
[2260.006s][debug][gc,phases      ] GC(50)     Total                          Min: 0, Avg:  0.0, Max: 0, Diff: 0, Sum: 0, Workers: 4
[2260.006s][debug][gc,phases      ] GC(50) Weak Processing 0.409ms
[2260.006s][debug][gc,age         ] GC(50) Desired survivor size 33554432 bytes, new threshold 1 (max threshold 15)
[2260.006s][info ][gc,heap        ] GC(50) PSYoungGen: 2022176K(2056192K)->3856K(2064384K) Eden: 2017792K(2017792K)->0K(2029056K) From: 4384K(38400K)->3856K(35328K)
[2260.006s][info ][gc,heap        ] GC(50) ParOldGen: 288775K(289280K)->289671K(289792K)
[2260.006s][info ][gc,metaspace   ] GC(50) Metaspace: 106557K(107904K)->106557K(107904K) NonClass: 90450K(91200K)->90450K(91200K) Class: 16107K(16704K)->16107K(16704K)
[2260.006s][info ][gc             ] GC(50) Pause Young (Allocation Failure) 2256M->286M(2299M) 4.102ms
[2260.006s][info ][gc,cpu         ] GC(50) User=0.01s Sys=0.00s Real=0.00s
[2260.006s][info ][safepoint      ] Safepoint "ParallelGCFailedAllocation", Time since last: 2093566827 ns, Reaching safepoint: 6600 ns, Cleanup: 4600 ns, At safepoint: 4179377 ns, Total: 4190577 ns
[2282.923s][info ][safepoint      ] Safepoint "Cleanup", Time since last: 22917303041 ns, Reaching safepoint: 9401 ns, Cleanup: 16500 ns, At safepoint: 3300 ns, Total: 29201 ns
[2294.924s][info ][safepoint      ] Safepoint "Cleanup", Time since last: 12000925546 ns, Reaching safepoint: 7000 ns, Cleanup: 13600 ns, At safepoint: 2500 ns, Total: 23100 ns
[2296.924s][info ][safepoint      ] Safepoint "Cleanup", Time since last: 2000200182 ns, Reaching safepoint: 8000 ns, Cleanup: 14900 ns, At safepoint: 2300 ns, Total: 25200 ns
[2302.925s][info ][safepoint      ] Safepoint "Cleanup", Time since last: 6000463009 ns, Reaching safepoint: 6900 ns, Cleanup: 11401 ns, At safepoint: 28600 ns, Total: 46901 ns
[2308.925s][info ][safepoint      ] Safepoint "Cleanup", Time since last: 6000473453 ns, Reaching safepoint: 6900 ns, Cleanup: 10600 ns, At safepoint: 3001 ns, Total: 20501 ns
[2318.926s][info ][safepoint      ] Safepoint "Cleanup", Time since last: 10000762193 ns, Reaching safepoint: 7300 ns, Cleanup: 11600 ns, At safepoint: 30101 ns, Total: 49001 ns
[2329.927s][info ][safepoint      ] Safepoint "Cleanup", Time since last: 11000808159 ns, Reaching safepoint: 7800 ns, Cleanup: 13400 ns, At safepoint: 2300 ns, Total: 23500 ns
[2330.102s][info ][gc,start       ] GC(51) Pause Young (Allocation Failure)
[2330.108s][debug][gc,phases      ] GC(51) Scavenge 5.915ms
[2330.108s][debug][gc,ref         ] GC(51) ReferenceProcessor::execute queues: 1, RefProcThreadModel::Single, marks_oops_alive: false
[2330.108s][debug][gc,ref         ] GC(51) Skipped KeepAliveFinalRefsPhase of Reference Processing: no references
[2330.108s][debug][gc,ref         ] GC(51) ReferenceProcessor::execute queues: 1, RefProcThreadModel::Single, marks_oops_alive: false
[2330.108s][debug][gc,phases      ] GC(51) Reference Processing 0.148ms
[2330.109s][debug][gc,phases      ] GC(51)   VM Weak                        Min:  0.0, Avg:  0.0, Max:  0.0, Diff:  0.0, Sum:  0.0, Workers: 4
[2330.109s][debug][gc,phases      ] GC(51)     Dead                           Min: 0, Avg:  0.0, Max: 0, Diff: 0, Sum: 0, Workers: 4
[2330.109s][debug][gc,phases      ] GC(51)     Total                          Min: 0, Avg: 256.2, Max: 513, Diff: 513, Sum: 1025, Workers: 4
[2330.109s][debug][gc,phases      ] GC(51)   ObjectSynchronizer Weak        Min:  0.0, Avg:  0.0, Max:  0.0, Diff:  0.0, Sum:  0.0, Workers: 4
[2330.109s][debug][gc,phases      ] GC(51)     Dead                           Min: 0, Avg:  0.0, Max: 0, Diff: 0, Sum: 0, Workers: 4
[2330.109s][debug][gc,phases      ] GC(51)     Total                          Min: 0, Avg:  1.0, Max: 4, Diff: 4, Sum: 4, Workers: 4
[2330.109s][debug][gc,phases      ] GC(51)   JVMTI Tag Weak OopStorage      Min:  0.0, Avg:  0.0, Max:  0.0, Diff:  0.0, Sum:  0.0, Workers: 4
[2330.109s][debug][gc,phases      ] GC(51)     Dead                           Min: 0, Avg:  0.0, Max: 0, Diff: 0, Sum: 0, Workers: 4
[2330.109s][debug][gc,phases      ] GC(51)     Total                          Min: 0, Avg:  0.0, Max: 0, Diff: 0, Sum: 0, Workers: 4
[2330.109s][debug][gc,phases      ] GC(51)   StringTable Weak               Min:  0.0, Avg:  0.1, Max:  0.2, Diff:  0.2, Sum:  0.4, Workers: 4
[2330.109s][debug][gc,phases      ] GC(51)     Dead                           Min: 0, Avg:  0.0, Max: 0, Diff: 0, Sum: 0, Workers: 4
[2330.109s][debug][gc,phases      ] GC(51)     Total                          Min: 0, Avg: 11611.5, Max: 24255, Diff: 24255, Sum: 46446, Workers: 4
[2330.109s][debug][gc,phases      ] GC(51)   ResolvedMethodTable Weak       Min:  0.0, Avg:  0.0, Max:  0.1, Diff:  0.1, Sum:  0.2, Workers: 4
[2330.109s][debug][gc,phases      ] GC(51)     Dead                           Min: 0, Avg:  4.0, Max: 16, Diff: 16, Sum: 16, Workers: 4
[2330.109s][debug][gc,phases      ] GC(51)     Total                          Min: 0, Avg: 3853.2, Max: 7862, Diff: 7862, Sum: 15413, Workers: 4
[2330.109s][debug][gc,phases      ] GC(51)   JNI Weak                       Min:  0.0, Avg:  0.0, Max:  0.0, Diff:  0.0, Sum:  0.0, Workers: 4
[2330.109s][debug][gc,phases      ] GC(51)     Dead                           Min: 0, Avg:  0.0, Max: 0, Diff: 0, Sum: 0, Workers: 4
[2330.109s][debug][gc,phases      ] GC(51)     Total                          Min: 0, Avg: 13.2, Max: 53, Diff: 53, Sum: 53, Workers: 4
[2330.109s][debug][gc,phases      ] GC(51)   StringDedup Table Weak         Min:  0.0, Avg:  0.0, Max:  0.0, Diff:  0.0, Sum:  0.0, Workers: 4
[2330.109s][debug][gc,phases      ] GC(51)     Dead                           Min: 0, Avg:  0.0, Max: 0, Diff: 0, Sum: 0, Workers: 4
[2330.109s][debug][gc,phases      ] GC(51)     Total                          Min: 0, Avg:  0.0, Max: 0, Diff: 0, Sum: 0, Workers: 4
[2330.109s][debug][gc,phases      ] GC(51)   StringDedup Requests0 Weak     Min:  0.0, Avg:  0.0, Max:  0.0, Diff:  0.0, Sum:  0.0, Workers: 4
[2330.109s][debug][gc,phases      ] GC(51)     Dead                           Min: 0, Avg:  0.0, Max: 0, Diff: 0, Sum: 0, Workers: 4
[2330.109s][debug][gc,phases      ] GC(51)     Total                          Min: 0, Avg:  0.0, Max: 0, Diff: 0, Sum: 0, Workers: 4
[2330.109s][debug][gc,phases      ] GC(51)   StringDedup Requests1 Weak     Min:  0.0, Avg:  0.0, Max:  0.0, Diff:  0.0, Sum:  0.0, Workers: 4
[2330.109s][debug][gc,phases      ] GC(51)     Dead                           Min: 0, Avg:  0.0, Max: 0, Diff: 0, Sum: 0, Workers: 4
[2330.109s][debug][gc,phases      ] GC(51)     Total                          Min: 0, Avg:  0.0, Max: 0, Diff: 0, Sum: 0, Workers: 4
[2330.109s][debug][gc,phases      ] GC(51)   Weak JFR Old Object Samples    Min:  0.0, Avg:  0.0, Max:  0.0, Diff:  0.0, Sum:  0.0, Workers: 4
[2330.109s][debug][gc,phases      ] GC(51)     Dead                           Min: 0, Avg:  0.0, Max: 0, Diff: 0, Sum: 0, Workers: 4
[2330.109s][debug][gc,phases      ] GC(51)     Total                          Min: 0, Avg:  0.0, Max: 0, Diff: 0, Sum: 0, Workers: 4
[2330.109s][debug][gc,phases      ] GC(51) Weak Processing 0.583ms
[2330.109s][debug][gc,age         ] GC(51) Desired survivor size 31457280 bytes, new threshold 1 (max threshold 15)
[2330.109s][info ][gc,heap        ] GC(51) PSYoungGen: 2032912K(2064384K)->3616K(2061824K) Eden: 2029056K(2029056K)->0K(2029056K) From: 3856K(35328K)->3616K(32768K)
[2330.109s][info ][gc,heap        ] GC(51) ParOldGen: 289671K(289792K)->290379K(290816K)
[2330.109s][info ][gc,metaspace   ] GC(51) Metaspace: 106565K(107904K)->106565K(107904K) NonClass: 90458K(91200K)->90458K(91200K) Class: 16107K(16704K)->16107K(16704K)
[2330.109s][info ][gc             ] GC(51) Pause Young (Allocation Failure) 2268M->287M(2297M) 6.804ms
[2330.109s][info ][gc,cpu         ] GC(51) User=0.03s Sys=0.00s Real=0.00s
[2330.109s][info ][safepoint      ] Safepoint "ParallelGCFailedAllocation", Time since last: 174896342 ns, Reaching safepoint: 6101 ns, Cleanup: 3800 ns, At safepoint: 6887427 ns, Total: 6897328 ns
[2334.109s][info ][safepoint      ] Safepoint "Cleanup", Time since last: 4000305121 ns, Reaching safepoint: 7001 ns, Cleanup: 10400 ns, At safepoint: 2800 ns, Total: 20201 ns
[2337.109s][info ][safepoint      ] Safepoint "Cleanup", Time since last: 3000270408 ns, Reaching safepoint: 6800 ns, Cleanup: 12701 ns, At safepoint: 2700 ns, Total: 22201 ns
[2350.942s][info ][safepoint      ] Safepoint "Cleanup", Time since last: 13832620418 ns, Reaching safepoint: 7301 ns, Cleanup: 12700 ns, At safepoint: 28300 ns, Total: 48301 ns
[2352.942s][info ][safepoint      ] Safepoint "Cleanup", Time since last: 2000184495 ns, Reaching safepoint: 7900 ns, Cleanup: 19700 ns, At safepoint: 2600 ns, Total: 30200 ns
[2360.943s][info ][safepoint      ] Safepoint "Cleanup", Time since last: 8000667449 ns, Reaching safepoint: 10400 ns, Cleanup: 14001 ns, At safepoint: 3300 ns, Total: 27701 ns
[2370.944s][info ][safepoint      ] Safepoint "Cleanup", Time since last: 10000875599 ns, Reaching safepoint: 8601 ns, Cleanup: 16000 ns, At safepoint: 2800 ns, Total: 27401 ns
[2381.945s][info ][safepoint      ] Safepoint "Cleanup", Time since last: 11000879988 ns, Reaching safepoint: 7900 ns, Cleanup: 12200 ns, At safepoint: 2400 ns, Total: 22500 ns
[2385.945s][info ][safepoint      ] Safepoint "Cleanup", Time since last: 4000371596 ns, Reaching safepoint: 83001 ns, Cleanup: 10800 ns, At safepoint: 7401 ns, Total: 101202 ns
[2398.610s][info ][gc,start       ] GC(52) Pause Young (Allocation Failure)
[2398.614s][debug][gc,phases      ] GC(52) Scavenge 3.468ms
[2398.614s][debug][gc,ref         ] GC(52) ReferenceProcessor::execute queues: 1, RefProcThreadModel::Single, marks_oops_alive: false
[2398.614s][debug][gc,ref         ] GC(52) Skipped KeepAliveFinalRefsPhase of Reference Processing: no references
[2398.614s][debug][gc,ref         ] GC(52) ReferenceProcessor::execute queues: 1, RefProcThreadModel::Single, marks_oops_alive: false
[2398.614s][debug][gc,phases      ] GC(52) Reference Processing 0.118ms
[2398.614s][debug][gc,phases      ] GC(52)   VM Weak                        Min:  0.0, Avg:  0.0, Max:  0.0, Diff:  0.0, Sum:  0.0, Workers: 4
[2398.614s][debug][gc,phases      ] GC(52)     Dead                           Min: 0, Avg:  0.0, Max: 0, Diff: 0, Sum: 0, Workers: 4
[2398.614s][debug][gc,phases      ] GC(52)     Total                          Min: 0, Avg: 256.2, Max: 961, Diff: 961, Sum: 1025, Workers: 4
[2398.614s][debug][gc,phases      ] GC(52)   ObjectSynchronizer Weak        Min:  0.0, Avg:  0.0, Max:  0.0, Diff:  0.0, Sum:  0.0, Workers: 4
[2398.614s][debug][gc,phases      ] GC(52)     Dead                           Min: 0, Avg:  0.0, Max: 0, Diff: 0, Sum: 0, Workers: 4
[2398.614s][debug][gc,phases      ] GC(52)     Total                          Min: 0, Avg:  1.0, Max: 4, Diff: 4, Sum: 4, Workers: 4
[2398.614s][debug][gc,phases      ] GC(52)   JVMTI Tag Weak OopStorage      Min:  0.0, Avg:  0.0, Max:  0.0, Diff:  0.0, Sum:  0.0, Workers: 4
[2398.614s][debug][gc,phases      ] GC(52)     Dead                           Min: 0, Avg:  0.0, Max: 0, Diff: 0, Sum: 0, Workers: 4
[2398.614s][debug][gc,phases      ] GC(52)     Total                          Min: 0, Avg:  0.0, Max: 0, Diff: 0, Sum: 0, Workers: 4
[2398.614s][debug][gc,phases      ] GC(52)   StringTable Weak               Min:  0.0, Avg:  0.1, Max:  0.1, Diff:  0.1, Sum:  0.4, Workers: 4
[2398.614s][debug][gc,phases      ] GC(52)     Dead                           Min: 0, Avg:  0.0, Max: 0, Diff: 0, Sum: 0, Workers: 4
[2398.614s][debug][gc,phases      ] GC(52)     Total                          Min: 0, Avg: 11613.8, Max: 16320, Diff: 16320, Sum: 46455, Workers: 4
[2398.614s][debug][gc,phases      ] GC(52)   ResolvedMethodTable Weak       Min:  0.0, Avg:  0.0, Max:  0.1, Diff:  0.1, Sum:  0.2, Workers: 4
[2398.614s][debug][gc,phases      ] GC(52)     Dead                           Min: 0, Avg:  4.0, Max: 16, Diff: 16, Sum: 16, Workers: 4
[2398.614s][debug][gc,phases      ] GC(52)     Total                          Min: 0, Avg: 3853.2, Max: 5799, Diff: 5799, Sum: 15413, Workers: 4
[2398.614s][debug][gc,phases      ] GC(52)   JNI Weak                       Min:  0.0, Avg:  0.0, Max:  0.0, Diff:  0.0, Sum:  0.0, Workers: 4
[2398.614s][debug][gc,phases      ] GC(52)     Dead                           Min: 0, Avg:  0.0, Max: 0, Diff: 0, Sum: 0, Workers: 4
[2398.614s][debug][gc,phases      ] GC(52)     Total                          Min: 0, Avg: 13.0, Max: 52, Diff: 52, Sum: 52, Workers: 4
[2398.614s][debug][gc,phases      ] GC(52)   StringDedup Table Weak         Min:  0.0, Avg:  0.0, Max:  0.0, Diff:  0.0, Sum:  0.0, Workers: 4
[2398.614s][debug][gc,phases      ] GC(52)     Dead                           Min: 0, Avg:  0.0, Max: 0, Diff: 0, Sum: 0, Workers: 4
[2398.614s][debug][gc,phases      ] GC(52)     Total                          Min: 0, Avg:  0.0, Max: 0, Diff: 0, Sum: 0, Workers: 4
[2398.614s][debug][gc,phases      ] GC(52)   StringDedup Requests0 Weak     Min:  0.0, Avg:  0.0, Max:  0.0, Diff:  0.0, Sum:  0.0, Workers: 4
[2398.614s][debug][gc,phases      ] GC(52)     Dead                           Min: 0, Avg:  0.0, Max: 0, Diff: 0, Sum: 0, Workers: 4
[2398.614s][debug][gc,phases      ] GC(52)     Total                          Min: 0, Avg:  0.0, Max: 0, Diff: 0, Sum: 0, Workers: 4
[2398.614s][debug][gc,phases      ] GC(52)   StringDedup Requests1 Weak     Min:  0.0, Avg:  0.0, Max:  0.0, Diff:  0.0, Sum:  0.0, Workers: 4
[2398.614s][debug][gc,phases      ] GC(52)     Dead                           Min: 0, Avg:  0.0, Max: 0, Diff: 0, Sum: 0, Workers: 4
[2398.614s][debug][gc,phases      ] GC(52)     Total                          Min: 0, Avg:  0.0, Max: 0, Diff: 0, Sum: 0, Workers: 4
[2398.614s][debug][gc,phases      ] GC(52)   Weak JFR Old Object Samples    Min:  0.0, Avg:  0.0, Max:  0.0, Diff:  0.0, Sum:  0.0, Workers: 4
[2398.614s][debug][gc,phases      ] GC(52)     Dead                           Min: 0, Avg:  0.0, Max: 0, Diff: 0, Sum: 0, Workers: 4
[2398.614s][debug][gc,phases      ] GC(52)     Total                          Min: 0, Avg:  0.0, Max: 0, Diff: 0, Sum: 0, Workers: 4
[2398.614s][debug][gc,phases      ] GC(52) Weak Processing 0.447ms
[2398.614s][debug][gc,age         ] GC(52) Desired survivor size 28835840 bytes, new threshold 1 (max threshold 15)
[2398.614s][info ][gc,heap        ] GC(52) PSYoungGen: 2032672K(2061824K)->4999K(2068992K) Eden: 2029056K(2029056K)->0K(2038272K) From: 3616K(32768K)->4999K(30720K)
[2398.614s][info ][gc,heap        ] GC(52) ParOldGen: 290379K(290816K)->290879K(291328K)
[2398.614s][info ][gc,metaspace   ] GC(52) Metaspace: 106574K(107904K)->106574K(107904K) NonClass: 90466K(91200K)->90466K(91200K) Class: 16107K(16704K)->16107K(16704K)
[2398.614s][info ][gc             ] GC(52) Pause Young (Allocation Failure) 2268M->288M(2305M) 4.174ms
[2398.614s][info ][gc,cpu         ] GC(52) User=0.01s Sys=0.00s Real=0.01s
[2398.614s][info ][safepoint      ] Safepoint "ParallelGCFailedAllocation", Time since last: 12664822577 ns, Reaching safepoint: 6400 ns, Cleanup: 3700 ns, At safepoint: 4253268 ns, Total: 4263368 ns
[2413.965s][info ][safepoint      ] Safepoint "Cleanup", Time since last: 15350974727 ns, Reaching safepoint: 7801 ns, Cleanup: 26700 ns, At safepoint: 3200 ns, Total: 37701 ns
[2440.968s][info ][safepoint      ] Safepoint "Cleanup", Time since last: 27002162496 ns, Reaching safepoint: 8500 ns, Cleanup: 11201 ns, At safepoint: 2600 ns, Total: 22301 ns
[2442.968s][info ][safepoint      ] Safepoint "Cleanup", Time since last: 2000205569 ns, Reaching safepoint: 8100 ns, Cleanup: 10300 ns, At safepoint: 2900 ns, Total: 21300 ns
[2447.968s][info ][safepoint      ] Safepoint "Cleanup", Time since last: 5000408957 ns, Reaching safepoint: 7400 ns, Cleanup: 10200 ns, At safepoint: 3000 ns, Total: 20600 ns
[2462.982s][info ][safepoint      ] Safepoint "Cleanup", Time since last: 15013599540 ns, Reaching safepoint: 9500 ns, Cleanup: 22100 ns, At safepoint: 3600 ns, Total: 35200 ns
[2463.982s][info ][safepoint      ] Safepoint "Cleanup", Time since last: 1000139284 ns, Reaching safepoint: 9100 ns, Cleanup: 12300 ns, At safepoint: 2400 ns, Total: 23800 ns
[2469.304s][info ][gc,start       ] GC(53) Pause Young (Allocation Failure)
[2469.308s][debug][gc,phases      ] GC(53) Scavenge 4.017ms
[2469.308s][debug][gc,ref         ] GC(53) ReferenceProcessor::execute queues: 1, RefProcThreadModel::Single, marks_oops_alive: false
[2469.308s][debug][gc,ref         ] GC(53) Skipped KeepAliveFinalRefsPhase of Reference Processing: no references
[2469.308s][debug][gc,ref         ] GC(53) ReferenceProcessor::execute queues: 1, RefProcThreadModel::Single, marks_oops_alive: false
[2469.308s][debug][gc,phases      ] GC(53) Reference Processing 0.122ms
[2469.309s][debug][gc,phases      ] GC(53)   VM Weak                        Min:  0.0, Avg:  0.0, Max:  0.0, Diff:  0.0, Sum:  0.0, Workers: 4
[2469.309s][debug][gc,phases      ] GC(53)     Dead                           Min: 0, Avg:  0.0, Max: 0, Diff: 0, Sum: 0, Workers: 4
[2469.309s][debug][gc,phases      ] GC(53)     Total                          Min: 0, Avg: 256.2, Max: 768, Diff: 768, Sum: 1025, Workers: 4
[2469.309s][debug][gc,phases      ] GC(53)   ObjectSynchronizer Weak        Min:  0.0, Avg:  0.0, Max:  0.0, Diff:  0.0, Sum:  0.0, Workers: 4
[2469.309s][debug][gc,phases      ] GC(53)     Dead                           Min: 0, Avg:  0.0, Max: 0, Diff: 0, Sum: 0, Workers: 4
[2469.309s][debug][gc,phases      ] GC(53)     Total                          Min: 0, Avg:  1.0, Max: 4, Diff: 4, Sum: 4, Workers: 4
[2469.309s][debug][gc,phases      ] GC(53)   JVMTI Tag Weak OopStorage      Min:  0.0, Avg:  0.0, Max:  0.0, Diff:  0.0, Sum:  0.0, Workers: 4
[2469.309s][debug][gc,phases      ] GC(53)     Dead                           Min: 0, Avg:  0.0, Max: 0, Diff: 0, Sum: 0, Workers: 4
[2469.309s][debug][gc,phases      ] GC(53)     Total                          Min: 0, Avg:  0.0, Max: 0, Diff: 0, Sum: 0, Workers: 4
[2469.309s][debug][gc,phases      ] GC(53)   StringTable Weak               Min:  0.0, Avg:  0.1, Max:  0.2, Diff:  0.2, Sum:  0.5, Workers: 4
[2469.309s][debug][gc,phases      ] GC(53)     Dead                           Min: 0, Avg:  0.0, Max: 0, Diff: 0, Sum: 0, Workers: 4
[2469.309s][debug][gc,phases      ] GC(53)     Total                          Min: 0, Avg: 11614.5, Max: 15935, Diff: 15935, Sum: 46458, Workers: 4
[2469.309s][debug][gc,phases      ] GC(53)   ResolvedMethodTable Weak       Min:  0.0, Avg:  0.0, Max:  0.1, Diff:  0.1, Sum:  0.2, Workers: 4
[2469.309s][debug][gc,phases      ] GC(53)     Dead                           Min: 0, Avg:  4.0, Max: 16, Diff: 16, Sum: 16, Workers: 4
[2469.309s][debug][gc,phases      ] GC(53)     Total                          Min: 0, Avg: 3853.2, Max: 5416, Diff: 5416, Sum: 15413, Workers: 4
[2469.309s][debug][gc,phases      ] GC(53)   JNI Weak                       Min:  0.0, Avg:  0.0, Max:  0.0, Diff:  0.0, Sum:  0.0, Workers: 4
[2469.309s][debug][gc,phases      ] GC(53)     Dead                           Min: 0, Avg:  0.0, Max: 0, Diff: 0, Sum: 0, Workers: 4
[2469.309s][debug][gc,phases      ] GC(53)     Total                          Min: 0, Avg: 13.0, Max: 52, Diff: 52, Sum: 52, Workers: 4
[2469.309s][debug][gc,phases      ] GC(53)   StringDedup Table Weak         Min:  0.0, Avg:  0.0, Max:  0.0, Diff:  0.0, Sum:  0.0, Workers: 4
[2469.309s][debug][gc,phases      ] GC(53)     Dead                           Min: 0, Avg:  0.0, Max: 0, Diff: 0, Sum: 0, Workers: 4
[2469.309s][debug][gc,phases      ] GC(53)     Total                          Min: 0, Avg:  0.0, Max: 0, Diff: 0, Sum: 0, Workers: 4
[2469.309s][debug][gc,phases      ] GC(53)   StringDedup Requests0 Weak     Min:  0.0, Avg:  0.0, Max:  0.0, Diff:  0.0, Sum:  0.0, Workers: 4
[2469.309s][debug][gc,phases      ] GC(53)     Dead                           Min: 0, Avg:  0.0, Max: 0, Diff: 0, Sum: 0, Workers: 4
[2469.309s][debug][gc,phases      ] GC(53)     Total                          Min: 0, Avg:  0.0, Max: 0, Diff: 0, Sum: 0, Workers: 4
[2469.309s][debug][gc,phases      ] GC(53)   StringDedup Requests1 Weak     Min:  0.0, Avg:  0.0, Max:  0.0, Diff:  0.0, Sum:  0.0, Workers: 4
[2469.309s][debug][gc,phases      ] GC(53)     Dead                           Min: 0, Avg:  0.0, Max: 0, Diff: 0, Sum: 0, Workers: 4
[2469.309s][debug][gc,phases      ] GC(53)     Total                          Min: 0, Avg:  0.0, Max: 0, Diff: 0, Sum: 0, Workers: 4
[2469.309s][debug][gc,phases      ] GC(53)   Weak JFR Old Object Samples    Min:  0.0, Avg:  0.0, Max:  0.0, Diff:  0.0, Sum:  0.0, Workers: 4
[2469.309s][debug][gc,phases      ] GC(53)     Dead                           Min: 0, Avg:  0.0, Max: 0, Diff: 0, Sum: 0, Workers: 4
[2469.309s][debug][gc,phases      ] GC(53)     Total                          Min: 0, Avg:  0.0, Max: 0, Diff: 0, Sum: 0, Workers: 4
[2469.309s][debug][gc,phases      ] GC(53) Weak Processing 0.459ms
[2469.309s][debug][gc,age         ] GC(53) Desired survivor size 26738688 bytes, new threshold 1 (max threshold 15)
[2469.309s][info ][gc,heap        ] GC(53) PSYoungGen: 2043271K(2068992K)->4300K(2066432K) Eden: 2038272K(2038272K)->0K(2038272K) From: 4999K(30720K)->4300K(28160K)
[2469.309s][info ][gc,heap        ] GC(53) ParOldGen: 290879K(291328K)->292614K(292864K)
[2469.309s][info ][gc,metaspace   ] GC(53) Metaspace: 106583K(107904K)->106583K(107904K) NonClass: 90476K(91200K)->90476K(91200K) Class: 16107K(16704K)->16107K(16704K)
[2469.309s][info ][gc             ] GC(53) Pause Young (Allocation Failure) 2279M->289M(2304M) 4.771ms
[2469.309s][info ][gc,cpu         ] GC(53) User=0.02s Sys=0.00s Real=0.00s
[2469.309s][info ][safepoint      ] Safepoint "ParallelGCFailedAllocation", Time since last: 5321890329 ns, Reaching safepoint: 7300 ns, Cleanup: 4600 ns, At safepoint: 4863972 ns, Total: 4875872 ns
[2476.309s][info ][safepoint      ] Safepoint "Cleanup", Time since last: 7000615869 ns, Reaching safepoint: 7700 ns, Cleanup: 10801 ns, At safepoint: 2800 ns, Total: 21301 ns
[2481.310s][info ][safepoint      ] Safepoint "Cleanup", Time since last: 5000415964 ns, Reaching safepoint: 6400 ns, Cleanup: 10800 ns, At safepoint: 2600 ns, Total: 19800 ns
[2498.311s][info ][safepoint      ] Safepoint "Cleanup", Time since last: 17001286998 ns, Reaching safepoint: 7100 ns, Cleanup: 17501 ns, At safepoint: 2500 ns, Total: 27101 ns
[2506.312s][info ][safepoint      ] Safepoint "Cleanup", Time since last: 8000618012 ns, Reaching safepoint: 8700 ns, Cleanup: 12100 ns, At safepoint: 3000 ns, Total: 23800 ns
[2507.312s][info ][safepoint      ] Safepoint "Cleanup", Time since last: 1000113946 ns, Reaching safepoint: 147702 ns, Cleanup: 11100 ns, At safepoint: 6401 ns, Total: 165203 ns
[2512.313s][info ][safepoint      ] Safepoint "Cleanup", Time since last: 5000384053 ns, Reaching safepoint: 5900 ns, Cleanup: 10100 ns, At safepoint: 2800 ns, Total: 18800 ns
[2518.313s][info ][safepoint      ] Safepoint "Cleanup", Time since last: 6000509240 ns, Reaching safepoint: 7500 ns, Cleanup: 10200 ns, At safepoint: 31901 ns, Total: 49601 ns
[2520.313s][info ][safepoint      ] Safepoint "Cleanup", Time since last: 2000196767 ns, Reaching safepoint: 8000 ns, Cleanup: 14600 ns, At safepoint: 2600 ns, Total: 25200 ns
[2523.000s][info ][safepoint      ] Safepoint "Cleanup", Time since last: 2686346560 ns, Reaching safepoint: 80901 ns, Cleanup: 10901 ns, At safepoint: 6400 ns, Total: 98202 ns
[2524.000s][info ][safepoint      ] Safepoint "Cleanup", Time since last: 1000133640 ns, Reaching safepoint: 85702 ns, Cleanup: 24900 ns, At safepoint: 8400 ns, Total: 119002 ns
[2525.000s][info ][safepoint      ] Safepoint "Cleanup", Time since last: 1000140936 ns, Reaching safepoint: 86801 ns, Cleanup: 12400 ns, At safepoint: 9600 ns, Total: 108801 ns
[2527.001s][info ][safepoint      ] Safepoint "Cleanup", Time since last: 2000219471 ns, Reaching safepoint: 81801 ns, Cleanup: 10400 ns, At safepoint: 7800 ns, Total: 100001 ns
[2532.104s][info ][gc,start       ] GC(54) Pause Young (Allocation Failure)
[2532.108s][debug][gc,phases      ] GC(54) Scavenge 4.771ms
[2532.109s][debug][gc,ref         ] GC(54) ReferenceProcessor::execute queues: 1, RefProcThreadModel::Single, marks_oops_alive: false
[2532.109s][debug][gc,ref         ] GC(54) Skipped KeepAliveFinalRefsPhase of Reference Processing: no references
[2532.109s][debug][gc,ref         ] GC(54) ReferenceProcessor::execute queues: 1, RefProcThreadModel::Single, marks_oops_alive: false
[2532.109s][debug][gc,phases      ] GC(54) Reference Processing 0.122ms
[2532.109s][debug][gc,phases      ] GC(54)   VM Weak                        Min:  0.0, Avg:  0.0, Max:  0.0, Diff:  0.0, Sum:  0.0, Workers: 4
[2532.109s][debug][gc,phases      ] GC(54)     Dead                           Min: 0, Avg:  0.0, Max: 0, Diff: 0, Sum: 0, Workers: 4
[2532.109s][debug][gc,phases      ] GC(54)     Total                          Min: 0, Avg: 256.2, Max: 576, Diff: 576, Sum: 1025, Workers: 4
[2532.109s][debug][gc,phases      ] GC(54)   ObjectSynchronizer Weak        Min:  0.0, Avg:  0.0, Max:  0.0, Diff:  0.0, Sum:  0.0, Workers: 4
[2532.109s][debug][gc,phases      ] GC(54)     Dead                           Min: 0, Avg:  0.0, Max: 0, Diff: 0, Sum: 0, Workers: 4
[2532.109s][debug][gc,phases      ] GC(54)     Total                          Min: 0, Avg:  1.0, Max: 4, Diff: 4, Sum: 4, Workers: 4
[2532.109s][debug][gc,phases      ] GC(54)   JVMTI Tag Weak OopStorage      Min:  0.0, Avg:  0.0, Max:  0.0, Diff:  0.0, Sum:  0.0, Workers: 4
[2532.109s][debug][gc,phases      ] GC(54)     Dead                           Min: 0, Avg:  0.0, Max: 0, Diff: 0, Sum: 0, Workers: 4
[2532.109s][debug][gc,phases      ] GC(54)     Total                          Min: 0, Avg:  0.0, Max: 0, Diff: 0, Sum: 0, Workers: 4
[2532.109s][debug][gc,phases      ] GC(54)   StringTable Weak               Min:  0.0, Avg:  0.1, Max:  0.1, Diff:  0.1, Sum:  0.4, Workers: 4
[2532.109s][debug][gc,phases      ] GC(54)     Dead                           Min: 0, Avg:  0.0, Max: 0, Diff: 0, Sum: 0, Workers: 4
[2532.109s][debug][gc,phases      ] GC(54)     Total                          Min: 0, Avg: 11614.5, Max: 16059, Diff: 16059, Sum: 46458, Workers: 4
[2532.109s][debug][gc,phases      ] GC(54)   ResolvedMethodTable Weak       Min:  0.0, Avg:  0.0, Max:  0.1, Diff:  0.1, Sum:  0.2, Workers: 4
[2532.109s][debug][gc,phases      ] GC(54)     Dead                           Min: 0, Avg:  4.0, Max: 12, Diff: 12, Sum: 16, Workers: 4
[2532.109s][debug][gc,phases      ] GC(54)     Total                          Min: 0, Avg: 3853.2, Max: 5390, Diff: 5390, Sum: 15413, Workers: 4
[2532.109s][debug][gc,phases      ] GC(54)   JNI Weak                       Min:  0.0, Avg:  0.0, Max:  0.0, Diff:  0.0, Sum:  0.0, Workers: 4
[2532.109s][debug][gc,phases      ] GC(54)     Dead                           Min: 0, Avg:  0.0, Max: 0, Diff: 0, Sum: 0, Workers: 4
[2532.109s][debug][gc,phases      ] GC(54)     Total                          Min: 0, Avg: 13.0, Max: 52, Diff: 52, Sum: 52, Workers: 4
[2532.109s][debug][gc,phases      ] GC(54)   StringDedup Table Weak         Min:  0.0, Avg:  0.0, Max:  0.0, Diff:  0.0, Sum:  0.0, Workers: 4
[2532.109s][debug][gc,phases      ] GC(54)     Dead                           Min: 0, Avg:  0.0, Max: 0, Diff: 0, Sum: 0, Workers: 4
[2532.109s][debug][gc,phases      ] GC(54)     Total                          Min: 0, Avg:  0.0, Max: 0, Diff: 0, Sum: 0, Workers: 4
[2532.109s][debug][gc,phases      ] GC(54)   StringDedup Requests0 Weak     Min:  0.0, Avg:  0.0, Max:  0.0, Diff:  0.0, Sum:  0.0, Workers: 4
[2532.109s][debug][gc,phases      ] GC(54)     Dead                           Min: 0, Avg:  0.0, Max: 0, Diff: 0, Sum: 0, Workers: 4
[2532.109s][debug][gc,phases      ] GC(54)     Total                          Min: 0, Avg:  0.0, Max: 0, Diff: 0, Sum: 0, Workers: 4
[2532.109s][debug][gc,phases      ] GC(54)   StringDedup Requests1 Weak     Min:  0.0, Avg:  0.0, Max:  0.0, Diff:  0.0, Sum:  0.0, Workers: 4
[2532.109s][debug][gc,phases      ] GC(54)     Dead                           Min: 0, Avg:  0.0, Max: 0, Diff: 0, Sum: 0, Workers: 4
[2532.109s][debug][gc,phases      ] GC(54)     Total                          Min: 0, Avg:  0.0, Max: 0, Diff: 0, Sum: 0, Workers: 4
[2532.109s][debug][gc,phases      ] GC(54)   Weak JFR Old Object Samples    Min:  0.0, Avg:  0.0, Max:  0.0, Diff:  0.0, Sum:  0.0, Workers: 4
[2532.109s][debug][gc,phases      ] GC(54)     Dead                           Min: 0, Avg:  0.0, Max: 0, Diff: 0, Sum: 0, Workers: 4
[2532.109s][debug][gc,phases      ] GC(54)     Total                          Min: 0, Avg:  0.0, Max: 0, Diff: 0, Sum: 0, Workers: 4
[2532.109s][debug][gc,phases      ] GC(54) Weak Processing 0.449ms
[2532.109s][debug][gc,age         ] GC(54) Desired survivor size 25165824 bytes, new threshold 1 (max threshold 15)
[2532.109s][info ][gc,heap        ] GC(54) PSYoungGen: 2042572K(2066432K)->5072K(2072576K) Eden: 2038272K(2038272K)->0K(2046464K) From: 4300K(28160K)->5072K(26112K)
[2532.109s][info ][gc,heap        ] GC(54) ParOldGen: 292614K(292864K)->293755K(293888K)
[2532.109s][info ][gc,metaspace   ] GC(54) Metaspace: 106594K(107968K)->106594K(107968K) NonClass: 90487K(91264K)->90487K(91264K) Class: 16107K(16704K)->16107K(16704K)
[2532.109s][info ][gc             ] GC(54) Pause Young (Allocation Failure) 2280M->291M(2311M) 5.493ms
[2532.109s][info ][gc,cpu         ] GC(54) User=0.02s Sys=0.00s Real=0.00s
[2532.109s][info ][safepoint      ] Safepoint "ParallelGCFailedAllocation", Time since last: 5102968730 ns, Reaching safepoint: 6800 ns, Cleanup: 5200 ns, At safepoint: 5574573 ns, Total: 5586573 ns
[2535.109s][info ][safepoint      ] Safepoint "Cleanup", Time since last: 3000230653 ns, Reaching safepoint: 6900 ns, Cleanup: 15201 ns, At safepoint: 2600 ns, Total: 24701 ns
[2536.110s][info ][safepoint      ] Safepoint "Cleanup", Time since last: 1000115318 ns, Reaching safepoint: 6900 ns, Cleanup: 12100 ns, At safepoint: 2900 ns, Total: 21900 ns
[2538.110s][info ][safepoint      ] Safepoint "Cleanup", Time since last: 2000193036 ns, Reaching safepoint: 6100 ns, Cleanup: 10500 ns, At safepoint: 2900 ns, Total: 19500 ns
[2547.110s][info ][safepoint      ] Safepoint "Cleanup", Time since last: 9000677691 ns, Reaching safepoint: 7800 ns, Cleanup: 14401 ns, At safepoint: 3100 ns, Total: 25301 ns
[2549.111s][info ][safepoint      ] Safepoint "Cleanup", Time since last: 2000206631 ns, Reaching safepoint: 6100 ns, Cleanup: 12400 ns, At safepoint: 2400 ns, Total: 20900 ns
[2555.111s][info ][safepoint      ] Safepoint "Cleanup", Time since last: 6000471154 ns, Reaching safepoint: 6400 ns, Cleanup: 10801 ns, At safepoint: 2800 ns, Total: 20001 ns
[2556.111s][info ][safepoint      ] Safepoint "Cleanup", Time since last: 1000120650 ns, Reaching safepoint: 7500 ns, Cleanup: 12300 ns, At safepoint: 2900 ns, Total: 22700 ns
[2575.113s][info ][safepoint      ] Safepoint "Cleanup", Time since last: 19001411554 ns, Reaching safepoint: 6601 ns, Cleanup: 10800 ns, At safepoint: 2700 ns, Total: 20101 ns
[2576.001s][info ][gc,start       ] GC(55) Pause Young (Allocation Failure)
[2576.005s][debug][gc,phases      ] GC(55) Scavenge 3.819ms
[2576.005s][debug][gc,ref         ] GC(55) ReferenceProcessor::execute queues: 1, RefProcThreadModel::Single, marks_oops_alive: false
[2576.005s][debug][gc,ref         ] GC(55) Skipped KeepAliveFinalRefsPhase of Reference Processing: no references
[2576.005s][debug][gc,ref         ] GC(55) ReferenceProcessor::execute queues: 1, RefProcThreadModel::Single, marks_oops_alive: false
[2576.005s][debug][gc,phases      ] GC(55) Reference Processing 0.128ms
[2576.005s][debug][gc,phases      ] GC(55)   VM Weak                        Min:  0.0, Avg:  0.0, Max:  0.0, Diff:  0.0, Sum:  0.0, Workers: 4
[2576.005s][debug][gc,phases      ] GC(55)     Dead                           Min: 0, Avg:  0.0, Max: 0, Diff: 0, Sum: 0, Workers: 4
[2576.005s][debug][gc,phases      ] GC(55)     Total                          Min: 0, Avg: 256.2, Max: 833, Diff: 833, Sum: 1025, Workers: 4
[2576.005s][debug][gc,phases      ] GC(55)   ObjectSynchronizer Weak        Min:  0.0, Avg:  0.0, Max:  0.0, Diff:  0.0, Sum:  0.0, Workers: 4
[2576.005s][debug][gc,phases      ] GC(55)     Dead                           Min: 0, Avg:  0.0, Max: 0, Diff: 0, Sum: 0, Workers: 4
[2576.005s][debug][gc,phases      ] GC(55)     Total                          Min: 0, Avg:  1.0, Max: 4, Diff: 4, Sum: 4, Workers: 4
[2576.005s][debug][gc,phases      ] GC(55)   JVMTI Tag Weak OopStorage      Min:  0.0, Avg:  0.0, Max:  0.0, Diff:  0.0, Sum:  0.0, Workers: 4
[2576.005s][debug][gc,phases      ] GC(55)     Dead                           Min: 0, Avg:  0.0, Max: 0, Diff: 0, Sum: 0, Workers: 4
[2576.005s][debug][gc,phases      ] GC(55)     Total                          Min: 0, Avg:  0.0, Max: 0, Diff: 0, Sum: 0, Workers: 4
[2576.005s][debug][gc,phases      ] GC(55)   StringTable Weak               Min:  0.0, Avg:  0.1, Max:  0.1, Diff:  0.1, Sum:  0.4, Workers: 4
[2576.005s][debug][gc,phases      ] GC(55)     Dead                           Min: 0, Avg:  0.0, Max: 0, Diff: 0, Sum: 0, Workers: 4
[2576.005s][debug][gc,phases      ] GC(55)     Total                          Min: 0, Avg: 11617.2, Max: 16197, Diff: 16197, Sum: 46469, Workers: 4
[2576.005s][debug][gc,phases      ] GC(55)   ResolvedMethodTable Weak       Min:  0.0, Avg:  0.0, Max:  0.1, Diff:  0.1, Sum:  0.2, Workers: 4
[2576.005s][debug][gc,phases      ] GC(55)     Dead                           Min: 0, Avg:  4.0, Max: 9, Diff: 9, Sum: 16, Workers: 4
[2576.005s][debug][gc,phases      ] GC(55)     Total                          Min: 0, Avg: 3854.2, Max: 5443, Diff: 5443, Sum: 15417, Workers: 4
[2576.005s][debug][gc,phases      ] GC(55)   JNI Weak                       Min:  0.0, Avg:  0.0, Max:  0.0, Diff:  0.0, Sum:  0.0, Workers: 4
[2576.005s][debug][gc,phases      ] GC(55)     Dead                           Min: 0, Avg:  0.0, Max: 0, Diff: 0, Sum: 0, Workers: 4
[2576.005s][debug][gc,phases      ] GC(55)     Total                          Min: 0, Avg: 13.0, Max: 52, Diff: 52, Sum: 52, Workers: 4
[2576.005s][debug][gc,phases      ] GC(55)   StringDedup Table Weak         Min:  0.0, Avg:  0.0, Max:  0.0, Diff:  0.0, Sum:  0.0, Workers: 4
[2576.005s][debug][gc,phases      ] GC(55)     Dead                           Min: 0, Avg:  0.0, Max: 0, Diff: 0, Sum: 0, Workers: 4
[2576.005s][debug][gc,phases      ] GC(55)     Total                          Min: 0, Avg:  0.0, Max: 0, Diff: 0, Sum: 0, Workers: 4
[2576.005s][debug][gc,phases      ] GC(55)   StringDedup Requests0 Weak     Min:  0.0, Avg:  0.0, Max:  0.0, Diff:  0.0, Sum:  0.0, Workers: 4
[2576.005s][debug][gc,phases      ] GC(55)     Dead                           Min: 0, Avg:  0.0, Max: 0, Diff: 0, Sum: 0, Workers: 4
[2576.005s][debug][gc,phases      ] GC(55)     Total                          Min: 0, Avg:  0.0, Max: 0, Diff: 0, Sum: 0, Workers: 4
[2576.005s][debug][gc,phases      ] GC(55)   StringDedup Requests1 Weak     Min:  0.0, Avg:  0.0, Max:  0.0, Diff:  0.0, Sum:  0.0, Workers: 4
[2576.005s][debug][gc,phases      ] GC(55)     Dead                           Min: 0, Avg:  0.0, Max: 0, Diff: 0, Sum: 0, Workers: 4
[2576.005s][debug][gc,phases      ] GC(55)     Total                          Min: 0, Avg:  0.0, Max: 0, Diff: 0, Sum: 0, Workers: 4
[2576.005s][debug][gc,phases      ] GC(55)   Weak JFR Old Object Samples    Min:  0.0, Avg:  0.0, Max:  0.0, Diff:  0.0, Sum:  0.0, Workers: 4
[2576.005s][debug][gc,phases      ] GC(55)     Dead                           Min: 0, Avg:  0.0, Max: 0, Diff: 0, Sum: 0, Workers: 4
[2576.005s][debug][gc,phases      ] GC(55)     Total                          Min: 0, Avg:  0.0, Max: 0, Diff: 0, Sum: 0, Workers: 4
[2576.005s][debug][gc,phases      ] GC(55) Weak Processing 0.431ms
[2576.005s][debug][gc,age         ] GC(55) Desired survivor size 23592960 bytes, new threshold 1 (max threshold 15)
[2576.005s][info ][gc,heap        ] GC(55) PSYoungGen: 2051536K(2072576K)->3104K(2071040K) Eden: 2046464K(2046464K)->0K(2046464K) From: 5072K(26112K)->3104K(24576K)
[2576.005s][info ][gc,heap        ] GC(55) ParOldGen: 293755K(293888K)->296495K(296960K)
[2576.005s][info ][gc,metaspace   ] GC(55) Metaspace: 106608K(107968K)->106608K(107968K) NonClass: 90499K(91264K)->90499K(91264K) Class: 16108K(16704K)->16108K(16704K)
[2576.005s][info ][gc             ] GC(55) Pause Young (Allocation Failure) 2290M->292M(2312M) 4.523ms
[2576.005s][info ][gc,cpu         ] GC(55) User=0.02s Sys=0.00s Real=0.00s
[2576.005s][info ][safepoint      ] Safepoint "ParallelGCFailedAllocation", Time since last: 887840441 ns, Reaching safepoint: 85301 ns, Cleanup: 4500 ns, At safepoint: 4604058 ns, Total: 4693859 ns
[2577.005s][info ][safepoint      ] Safepoint "Cleanup", Time since last: 1000087850 ns, Reaching safepoint: 79801 ns, Cleanup: 10800 ns, At safepoint: 5700 ns, Total: 96301 ns
[2580.006s][info ][safepoint      ] Safepoint "Cleanup", Time since last: 3000256250 ns, Reaching safepoint: 78801 ns, Cleanup: 11301 ns, At safepoint: 6600 ns, Total: 96702 ns
[2581.006s][info ][safepoint      ] Safepoint "Cleanup", Time since last: 1000114427 ns, Reaching safepoint: 80301 ns, Cleanup: 16000 ns, At safepoint: 7200 ns, Total: 103501 ns
[2583.017s][info ][safepoint      ] Safepoint "Cleanup", Time since last: 2011229158 ns, Reaching safepoint: 8000 ns, Cleanup: 17900 ns, At safepoint: 2500 ns, Total: 28400 ns
[2585.018s][info ][safepoint      ] Safepoint "Cleanup", Time since last: 2000198625 ns, Reaching safepoint: 7800 ns, Cleanup: 18801 ns, At safepoint: 3100 ns, Total: 29701 ns
[2586.018s][info ][safepoint      ] Safepoint "Cleanup", Time since last: 1000117413 ns, Reaching safepoint: 6600 ns, Cleanup: 21000 ns, At safepoint: 2800 ns, Total: 30400 ns
[2587.018s][info ][safepoint      ] Safepoint "Cleanup", Time since last: 1000134513 ns, Reaching safepoint: 9800 ns, Cleanup: 12700 ns, At safepoint: 3300 ns, Total: 25800 ns
[2590.018s][info ][safepoint      ] Safepoint "Cleanup", Time since last: 3000272925 ns, Reaching safepoint: 8800 ns, Cleanup: 13300 ns, At safepoint: 2500 ns, Total: 24600 ns
[2593.018s][info ][safepoint      ] Safepoint "Cleanup", Time since last: 3000274329 ns, Reaching safepoint: 7600 ns, Cleanup: 10600 ns, At safepoint: 2500 ns, Total: 20700 ns
[2598.019s][info ][safepoint      ] Safepoint "Cleanup", Time since last: 5000403828 ns, Reaching safepoint: 7300 ns, Cleanup: 9700 ns, At safepoint: 2600 ns, Total: 19600 ns
[2599.019s][info ][safepoint      ] Safepoint "Cleanup", Time since last: 1000125437 ns, Reaching safepoint: 6700 ns, Cleanup: 11500 ns, At safepoint: 2900 ns, Total: 21100 ns
[2600.019s][info ][safepoint      ] Safepoint "Cleanup", Time since last: 1000118336 ns, Reaching safepoint: 7000 ns, Cleanup: 11000 ns, At safepoint: 2601 ns, Total: 20601 ns
[2601.019s][info ][safepoint      ] Safepoint "Cleanup", Time since last: 1000125136 ns, Reaching safepoint: 7100 ns, Cleanup: 12700 ns, At safepoint: 2400 ns, Total: 22200 ns
[2603.019s][info ][safepoint      ] Safepoint "Cleanup", Time since last: 2000196272 ns, Reaching safepoint: 7400 ns, Cleanup: 10700 ns, At safepoint: 3000 ns, Total: 21100 ns
[2611.020s][info ][safepoint      ] Safepoint "Cleanup", Time since last: 8000621621 ns, Reaching safepoint: 6900 ns, Cleanup: 10200 ns, At safepoint: 2400 ns, Total: 19500 ns
[2614.020s][info ][safepoint      ] Safepoint "Cleanup", Time since last: 3000260993 ns, Reaching safepoint: 6900 ns, Cleanup: 14400 ns, At safepoint: 3000 ns, Total: 24300 ns
[2633.663s][info ][gc,start       ] GC(56) Pause Young (Allocation Failure)
[2633.668s][debug][gc,phases      ] GC(56) Scavenge 4.198ms
[2633.668s][debug][gc,ref         ] GC(56) ReferenceProcessor::execute queues: 1, RefProcThreadModel::Single, marks_oops_alive: false
[2633.668s][debug][gc,ref         ] GC(56) Skipped KeepAliveFinalRefsPhase of Reference Processing: no references
[2633.668s][debug][gc,ref         ] GC(56) ReferenceProcessor::execute queues: 1, RefProcThreadModel::Single, marks_oops_alive: false
[2633.668s][debug][gc,phases      ] GC(56) Reference Processing 0.135ms
[2633.668s][debug][gc,phases      ] GC(56)   VM Weak                        Min:  0.0, Avg:  0.0, Max:  0.0, Diff:  0.0, Sum:  0.0, Workers: 4
[2633.668s][debug][gc,phases      ] GC(56)     Dead                           Min: 0, Avg:  0.0, Max: 0, Diff: 0, Sum: 0, Workers: 4
[2633.668s][debug][gc,phases      ] GC(56)     Total                          Min: 0, Avg: 256.2, Max: 704, Diff: 704, Sum: 1025, Workers: 4
[2633.668s][debug][gc,phases      ] GC(56)   ObjectSynchronizer Weak        Min:  0.0, Avg:  0.0, Max:  0.0, Diff:  0.0, Sum:  0.0, Workers: 4
[2633.668s][debug][gc,phases      ] GC(56)     Dead                           Min: 0, Avg:  0.0, Max: 0, Diff: 0, Sum: 0, Workers: 4
[2633.668s][debug][gc,phases      ] GC(56)     Total                          Min: 0, Avg:  1.0, Max: 4, Diff: 4, Sum: 4, Workers: 4
[2633.668s][debug][gc,phases      ] GC(56)   JVMTI Tag Weak OopStorage      Min:  0.0, Avg:  0.0, Max:  0.0, Diff:  0.0, Sum:  0.0, Workers: 4
[2633.668s][debug][gc,phases      ] GC(56)     Dead                           Min: 0, Avg:  0.0, Max: 0, Diff: 0, Sum: 0, Workers: 4
[2633.668s][debug][gc,phases      ] GC(56)     Total                          Min: 0, Avg:  0.0, Max: 0, Diff: 0, Sum: 0, Workers: 4
[2633.668s][debug][gc,phases      ] GC(56)   StringTable Weak               Min:  0.0, Avg:  0.1, Max:  0.1, Diff:  0.1, Sum:  0.4, Workers: 4
[2633.668s][debug][gc,phases      ] GC(56)     Dead                           Min: 0, Avg:  0.2, Max: 1, Diff: 1, Sum: 1, Workers: 4
[2633.668s][debug][gc,phases      ] GC(56)     Total                          Min: 0, Avg: 11618.5, Max: 16319, Diff: 16319, Sum: 46474, Workers: 4
[2633.668s][debug][gc,phases      ] GC(56)   ResolvedMethodTable Weak       Min:  0.0, Avg:  0.0, Max:  0.1, Diff:  0.1, Sum:  0.2, Workers: 4
[2633.668s][debug][gc,phases      ] GC(56)     Dead                           Min: 0, Avg:  4.0, Max: 9, Diff: 9, Sum: 16, Workers: 4
[2633.668s][debug][gc,phases      ] GC(56)     Total                          Min: 0, Avg: 3856.0, Max: 5656, Diff: 5656, Sum: 15424, Workers: 4
[2633.668s][debug][gc,phases      ] GC(56)   JNI Weak                       Min:  0.0, Avg:  0.0, Max:  0.0, Diff:  0.0, Sum:  0.0, Workers: 4
[2633.668s][debug][gc,phases      ] GC(56)     Dead                           Min: 0, Avg:  0.0, Max: 0, Diff: 0, Sum: 0, Workers: 4
[2633.668s][debug][gc,phases      ] GC(56)     Total                          Min: 0, Avg: 13.0, Max: 52, Diff: 52, Sum: 52, Workers: 4
[2633.668s][debug][gc,phases      ] GC(56)   StringDedup Table Weak         Min:  0.0, Avg:  0.0, Max:  0.0, Diff:  0.0, Sum:  0.0, Workers: 4
[2633.668s][debug][gc,phases      ] GC(56)     Dead                           Min: 0, Avg:  0.0, Max: 0, Diff: 0, Sum: 0, Workers: 4
[2633.668s][debug][gc,phases      ] GC(56)     Total                          Min: 0, Avg:  0.0, Max: 0, Diff: 0, Sum: 0, Workers: 4
[2633.668s][debug][gc,phases      ] GC(56)   StringDedup Requests0 Weak     Min:  0.0, Avg:  0.0, Max:  0.0, Diff:  0.0, Sum:  0.0, Workers: 4
[2633.668s][debug][gc,phases      ] GC(56)     Dead                           Min: 0, Avg:  0.0, Max: 0, Diff: 0, Sum: 0, Workers: 4
[2633.668s][debug][gc,phases      ] GC(56)     Total                          Min: 0, Avg:  0.0, Max: 0, Diff: 0, Sum: 0, Workers: 4
[2633.668s][debug][gc,phases      ] GC(56)   StringDedup Requests1 Weak     Min:  0.0, Avg:  0.0, Max:  0.0, Diff:  0.0, Sum:  0.0, Workers: 4
[2633.668s][debug][gc,phases      ] GC(56)     Dead                           Min: 0, Avg:  0.0, Max: 0, Diff: 0, Sum: 0, Workers: 4
[2633.668s][debug][gc,phases      ] GC(56)     Total                          Min: 0, Avg:  0.0, Max: 0, Diff: 0, Sum: 0, Workers: 4
[2633.668s][debug][gc,phases      ] GC(56)   Weak JFR Old Object Samples    Min:  0.0, Avg:  0.0, Max:  0.0, Diff:  0.0, Sum:  0.0, Workers: 4
[2633.668s][debug][gc,phases      ] GC(56)     Dead                           Min: 0, Avg:  0.0, Max: 0, Diff: 0, Sum: 0, Workers: 4
[2633.668s][debug][gc,phases      ] GC(56)     Total                          Min: 0, Avg:  0.0, Max: 0, Diff: 0, Sum: 0, Workers: 4
[2633.668s][debug][gc,phases      ] GC(56) Weak Processing 0.460ms
[2633.668s][debug][gc,age         ] GC(56) Desired survivor size 22020096 bytes, new threshold 1 (max threshold 15)
[2633.668s][info ][gc,heap        ] GC(56) PSYoungGen: 2049568K(2071040K)->3840K(2075648K) Eden: 2046464K(2046464K)->0K(2052608K) From: 3104K(24576K)->3840K(23040K)
[2633.668s][info ][gc,heap        ] GC(56) ParOldGen: 296495K(296960K)->297271K(297472K)
[2633.668s][info ][gc,metaspace   ] GC(56) Metaspace: 106632K(107968K)->106632K(107968K) NonClass: 90522K(91264K)->90522K(91264K) Class: 16110K(16704K)->16110K(16704K)
[2633.668s][info ][gc             ] GC(56) Pause Young (Allocation Failure) 2291M->294M(2317M) 4.941ms
[2633.668s][info ][gc,cpu         ] GC(56) User=0.01s Sys=0.00s Real=0.00s
[2633.668s][info ][safepoint      ] Safepoint "ParallelGCFailedAllocation", Time since last: 19642942011 ns, Reaching safepoint: 6000 ns, Cleanup: 3900 ns, At safepoint: 5017059 ns, Total: 5026959 ns
[2642.035s][info ][safepoint      ] Safepoint "Cleanup", Time since last: 8366371387 ns, Reaching safepoint: 7300 ns, Cleanup: 11500 ns, At safepoint: 2800 ns, Total: 21600 ns
[2645.035s][info ][safepoint      ] Safepoint "Cleanup", Time since last: 3000293802 ns, Reaching safepoint: 7700 ns, Cleanup: 15400 ns, At safepoint: 2900 ns, Total: 26000 ns
[2647.035s][info ][safepoint      ] Safepoint "Cleanup", Time since last: 2000197881 ns, Reaching safepoint: 9500 ns, Cleanup: 13100 ns, At safepoint: 2900 ns, Total: 25500 ns
[2648.035s][info ][safepoint      ] Safepoint "Cleanup", Time since last: 1000134141 ns, Reaching safepoint: 7100 ns, Cleanup: 15000 ns, At safepoint: 3300 ns, Total: 25400 ns
[2691.039s][info ][safepoint      ] Safepoint "Cleanup", Time since last: 43003063134 ns, Reaching safepoint: 7901 ns, Cleanup: 11500 ns, At safepoint: 2900 ns, Total: 22301 ns
[2693.039s][info ][safepoint      ] Safepoint "Cleanup", Time since last: 2000214686 ns, Reaching safepoint: 7700 ns, Cleanup: 16200 ns, At safepoint: 2800 ns, Total: 26700 ns
[2701.497s][info ][gc,start       ] GC(57) Pause Young (Allocation Failure)
[2701.501s][debug][gc,phases      ] GC(57) Scavenge 3.719ms
[2701.501s][debug][gc,ref         ] GC(57) ReferenceProcessor::execute queues: 1, RefProcThreadModel::Single, marks_oops_alive: false
[2701.501s][debug][gc,ref         ] GC(57) Skipped KeepAliveFinalRefsPhase of Reference Processing: no references
[2701.501s][debug][gc,ref         ] GC(57) Skipped PhantomRefsPhase of Reference Processing: no references
[2701.501s][debug][gc,phases      ] GC(57) Reference Processing 0.115ms
[2701.502s][debug][gc,phases      ] GC(57)   VM Weak                        Min:  0.0, Avg:  0.0, Max:  0.0, Diff:  0.0, Sum:  0.0, Workers: 4
[2701.502s][debug][gc,phases      ] GC(57)     Dead                           Min: 0, Avg:  0.0, Max: 0, Diff: 0, Sum: 0, Workers: 4
[2701.502s][debug][gc,phases      ] GC(57)     Total                          Min: 0, Avg: 256.2, Max: 768, Diff: 768, Sum: 1025, Workers: 4
[2701.502s][debug][gc,phases      ] GC(57)   ObjectSynchronizer Weak        Min:  0.0, Avg:  0.0, Max:  0.0, Diff:  0.0, Sum:  0.0, Workers: 4
[2701.502s][debug][gc,phases      ] GC(57)     Dead                           Min: 0, Avg:  0.0, Max: 0, Diff: 0, Sum: 0, Workers: 4
[2701.502s][debug][gc,phases      ] GC(57)     Total                          Min: 0, Avg:  0.8, Max: 3, Diff: 3, Sum: 3, Workers: 4
[2701.502s][debug][gc,phases      ] GC(57)   JVMTI Tag Weak OopStorage      Min:  0.0, Avg:  0.0, Max:  0.0, Diff:  0.0, Sum:  0.0, Workers: 4
[2701.502s][debug][gc,phases      ] GC(57)     Dead                           Min: 0, Avg:  0.0, Max: 0, Diff: 0, Sum: 0, Workers: 4
[2701.502s][debug][gc,phases      ] GC(57)     Total                          Min: 0, Avg:  0.0, Max: 0, Diff: 0, Sum: 0, Workers: 4
[2701.502s][debug][gc,phases      ] GC(57)   StringTable Weak               Min:  0.0, Avg:  0.1, Max:  0.2, Diff:  0.2, Sum:  0.5, Workers: 4
[2701.502s][debug][gc,phases      ] GC(57)     Dead                           Min: 0, Avg:  0.0, Max: 0, Diff: 0, Sum: 0, Workers: 4
[2701.502s][debug][gc,phases      ] GC(57)     Total                          Min: 0, Avg: 11627.5, Max: 16304, Diff: 16304, Sum: 46510, Workers: 4
[2701.502s][debug][gc,phases      ] GC(57)   ResolvedMethodTable Weak       Min:  0.0, Avg:  0.0, Max:  0.1, Diff:  0.1, Sum:  0.2, Workers: 4
[2701.502s][debug][gc,phases      ] GC(57)     Dead                           Min: 0, Avg:  4.0, Max: 16, Diff: 16, Sum: 16, Workers: 4
[2701.502s][debug][gc,phases      ] GC(57)     Total                          Min: 0, Avg: 3856.0, Max: 5414, Diff: 5414, Sum: 15424, Workers: 4
[2701.502s][debug][gc,phases      ] GC(57)   JNI Weak                       Min:  0.0, Avg:  0.0, Max:  0.0, Diff:  0.0, Sum:  0.0, Workers: 4
[2701.502s][debug][gc,phases      ] GC(57)     Dead                           Min: 0, Avg:  0.0, Max: 0, Diff: 0, Sum: 0, Workers: 4
[2701.502s][debug][gc,phases      ] GC(57)     Total                          Min: 0, Avg: 13.0, Max: 52, Diff: 52, Sum: 52, Workers: 4
[2701.502s][debug][gc,phases      ] GC(57)   StringDedup Table Weak         Min:  0.0, Avg:  0.0, Max:  0.0, Diff:  0.0, Sum:  0.0, Workers: 4
[2701.502s][debug][gc,phases      ] GC(57)     Dead                           Min: 0, Avg:  0.0, Max: 0, Diff: 0, Sum: 0, Workers: 4
[2701.502s][debug][gc,phases      ] GC(57)     Total                          Min: 0, Avg:  0.0, Max: 0, Diff: 0, Sum: 0, Workers: 4
[2701.502s][debug][gc,phases      ] GC(57)   StringDedup Requests0 Weak     Min:  0.0, Avg:  0.0, Max:  0.0, Diff:  0.0, Sum:  0.0, Workers: 4
[2701.502s][debug][gc,phases      ] GC(57)     Dead                           Min: 0, Avg:  0.0, Max: 0, Diff: 0, Sum: 0, Workers: 4
[2701.502s][debug][gc,phases      ] GC(57)     Total                          Min: 0, Avg:  0.0, Max: 0, Diff: 0, Sum: 0, Workers: 4
[2701.502s][debug][gc,phases      ] GC(57)   StringDedup Requests1 Weak     Min:  0.0, Avg:  0.0, Max:  0.0, Diff:  0.0, Sum:  0.0, Workers: 4
[2701.502s][debug][gc,phases      ] GC(57)     Dead                           Min: 0, Avg:  0.0, Max: 0, Diff: 0, Sum: 0, Workers: 4
[2701.502s][debug][gc,phases      ] GC(57)     Total                          Min: 0, Avg:  0.0, Max: 0, Diff: 0, Sum: 0, Workers: 4
[2701.502s][debug][gc,phases      ] GC(57)   Weak JFR Old Object Samples    Min:  0.0, Avg:  0.0, Max:  0.0, Diff:  0.0, Sum:  0.0, Workers: 4
[2701.502s][debug][gc,phases      ] GC(57)     Dead                           Min: 0, Avg:  0.0, Max: 0, Diff: 0, Sum: 0, Workers: 4
[2701.502s][debug][gc,phases      ] GC(57)     Total                          Min: 0, Avg:  0.0, Max: 0, Diff: 0, Sum: 0, Workers: 4
[2701.502s][debug][gc,phases      ] GC(57) Weak Processing 0.475ms
[2701.502s][debug][gc,age         ] GC(57) Desired survivor size 20447232 bytes, new threshold 1 (max threshold 15)
[2701.502s][info ][gc,heap        ] GC(57) PSYoungGen: 2056448K(2075648K)->3456K(2074112K) Eden: 2052608K(2052608K)->0K(2052608K) From: 3840K(23040K)->3456K(21504K)
[2701.502s][info ][gc,heap        ] GC(57) ParOldGen: 297271K(297472K)->298679K(299008K)
[2701.502s][info ][gc,metaspace   ] GC(57) Metaspace: 106638K(107968K)->106638K(107968K) NonClass: 90527K(91264K)->90527K(91264K) Class: 16110K(16704K)->16110K(16704K)
[2701.502s][info ][gc             ] GC(57) Pause Young (Allocation Failure) 2298M->295M(2317M) 4.455ms
[2701.502s][info ][gc,cpu         ] GC(57) User=0.02s Sys=0.01s Real=0.01s
[2701.502s][info ][safepoint      ] Safepoint "ParallelGCFailedAllocation", Time since last: 8458528321 ns, Reaching safepoint: 5800 ns, Cleanup: 4900 ns, At safepoint: 4544242 ns, Total: 4554942 ns
[2704.502s][info ][safepoint      ] Safepoint "Cleanup", Time since last: 3000274639 ns, Reaching safepoint: 87101 ns, Cleanup: 10600 ns, At safepoint: 6900 ns, Total: 104601 ns
[2705.502s][info ][safepoint      ] Safepoint "Cleanup", Time since last: 1000132868 ns, Reaching safepoint: 79001 ns, Cleanup: 14900 ns, At safepoint: 6600 ns, Total: 100501 ns
[2713.503s][info ][safepoint      ] Safepoint "Cleanup", Time since last: 8000669183 ns, Reaching safepoint: 85301 ns, Cleanup: 22600 ns, At safepoint: 7700 ns, Total: 115601 ns
[2718.504s][info ][safepoint      ] Safepoint "Cleanup", Time since last: 5000418007 ns, Reaching safepoint: 78801 ns, Cleanup: 10500 ns, At safepoint: 6500 ns, Total: 95801 ns
[2723.504s][info ][safepoint      ] Safepoint "Cleanup", Time since last: 5000423670 ns, Reaching safepoint: 79401 ns, Cleanup: 11800 ns, At safepoint: 6000 ns, Total: 97201 ns
[2742.506s][info ][safepoint      ] Safepoint "Cleanup", Time since last: 19001486969 ns, Reaching safepoint: 7300 ns, Cleanup: 12201 ns, At safepoint: 3100 ns, Total: 22601 ns
[2745.506s][info ][safepoint      ] Safepoint "Cleanup", Time since last: 3000274977 ns, Reaching safepoint: 7700 ns, Cleanup: 10700 ns, At safepoint: 2900 ns, Total: 21300 ns
[2748.506s][info ][safepoint      ] Safepoint "Cleanup", Time since last: 3000259345 ns, Reaching safepoint: 8801 ns, Cleanup: 15900 ns, At safepoint: 2700 ns, Total: 27401 ns
[2753.507s][info ][safepoint      ] Safepoint "Cleanup", Time since last: 5000406515 ns, Reaching safepoint: 7800 ns, Cleanup: 10700 ns, At safepoint: 3200 ns, Total: 21700 ns
[2757.507s][info ][safepoint      ] Safepoint "Cleanup", Time since last: 4000355772 ns, Reaching safepoint: 8200 ns, Cleanup: 16000 ns, At safepoint: 2700 ns, Total: 26900 ns
[2763.071s][info ][safepoint      ] Safepoint "Cleanup", Time since last: 5563847633 ns, Reaching safepoint: 8100 ns, Cleanup: 13000 ns, At safepoint: 3100 ns, Total: 24200 ns
[2769.690s][info ][gc,start       ] GC(58) Pause Young (Allocation Failure)
[2769.696s][debug][gc,phases      ] GC(58) Scavenge 5.468ms
[2769.696s][debug][gc,ref         ] GC(58) ReferenceProcessor::execute queues: 1, RefProcThreadModel::Single, marks_oops_alive: false
[2769.696s][debug][gc,ref         ] GC(58) Skipped KeepAliveFinalRefsPhase of Reference Processing: no references
[2769.696s][debug][gc,ref         ] GC(58) ReferenceProcessor::execute queues: 1, RefProcThreadModel::Single, marks_oops_alive: false
[2769.696s][debug][gc,phases      ] GC(58) Reference Processing 0.119ms
[2769.696s][debug][gc,phases      ] GC(58)   VM Weak                        Min:  0.0, Avg:  0.0, Max:  0.0, Diff:  0.0, Sum:  0.0, Workers: 4
[2769.696s][debug][gc,phases      ] GC(58)     Dead                           Min: 0, Avg:  0.0, Max: 0, Diff: 0, Sum: 0, Workers: 4
[2769.696s][debug][gc,phases      ] GC(58)     Total                          Min: 0, Avg: 256.2, Max: 640, Diff: 640, Sum: 1025, Workers: 4
[2769.696s][debug][gc,phases      ] GC(58)   ObjectSynchronizer Weak        Min:  0.0, Avg:  0.0, Max:  0.0, Diff:  0.0, Sum:  0.0, Workers: 4
[2769.696s][debug][gc,phases      ] GC(58)     Dead                           Min: 0, Avg:  0.0, Max: 0, Diff: 0, Sum: 0, Workers: 4
[2769.696s][debug][gc,phases      ] GC(58)     Total                          Min: 0, Avg:  1.0, Max: 4, Diff: 4, Sum: 4, Workers: 4
[2769.696s][debug][gc,phases      ] GC(58)   JVMTI Tag Weak OopStorage      Min:  0.0, Avg:  0.0, Max:  0.0, Diff:  0.0, Sum:  0.0, Workers: 4
[2769.696s][debug][gc,phases      ] GC(58)     Dead                           Min: 0, Avg:  0.0, Max: 0, Diff: 0, Sum: 0, Workers: 4
[2769.696s][debug][gc,phases      ] GC(58)     Total                          Min: 0, Avg:  0.0, Max: 0, Diff: 0, Sum: 0, Workers: 4
[2769.696s][debug][gc,phases      ] GC(58)   StringTable Weak               Min:  0.0, Avg:  0.1, Max:  0.2, Diff:  0.2, Sum:  0.4, Workers: 4
[2769.696s][debug][gc,phases      ] GC(58)     Dead                           Min: 0, Avg:  0.0, Max: 0, Diff: 0, Sum: 0, Workers: 4
[2769.696s][debug][gc,phases      ] GC(58)     Total                          Min: 0, Avg: 11628.5, Max: 15807, Diff: 15807, Sum: 46514, Workers: 4
[2769.696s][debug][gc,phases      ] GC(58)   ResolvedMethodTable Weak       Min:  0.0, Avg:  0.0, Max:  0.1, Diff:  0.1, Sum:  0.2, Workers: 4
[2769.696s][debug][gc,phases      ] GC(58)     Dead                           Min: 0, Avg:  4.0, Max: 8, Diff: 8, Sum: 16, Workers: 4
[2769.696s][debug][gc,phases      ] GC(58)     Total                          Min: 0, Avg: 3856.0, Max: 5371, Diff: 5371, Sum: 15424, Workers: 4
[2769.696s][debug][gc,phases      ] GC(58)   JNI Weak                       Min:  0.0, Avg:  0.0, Max:  0.0, Diff:  0.0, Sum:  0.0, Workers: 4
[2769.696s][debug][gc,phases      ] GC(58)     Dead                           Min: 0, Avg:  0.0, Max: 0, Diff: 0, Sum: 0, Workers: 4
[2769.696s][debug][gc,phases      ] GC(58)     Total                          Min: 0, Avg: 13.0, Max: 52, Diff: 52, Sum: 52, Workers: 4
[2769.696s][debug][gc,phases      ] GC(58)   StringDedup Table Weak         Min:  0.0, Avg:  0.0, Max:  0.0, Diff:  0.0, Sum:  0.0, Workers: 4
[2769.696s][debug][gc,phases      ] GC(58)     Dead                           Min: 0, Avg:  0.0, Max: 0, Diff: 0, Sum: 0, Workers: 4
[2769.696s][debug][gc,phases      ] GC(58)     Total                          Min: 0, Avg:  0.0, Max: 0, Diff: 0, Sum: 0, Workers: 4
[2769.696s][debug][gc,phases      ] GC(58)   StringDedup Requests0 Weak     Min:  0.0, Avg:  0.0, Max:  0.0, Diff:  0.0, Sum:  0.0, Workers: 4
[2769.696s][debug][gc,phases      ] GC(58)     Dead                           Min: 0, Avg:  0.0, Max: 0, Diff: 0, Sum: 0, Workers: 4
[2769.696s][debug][gc,phases      ] GC(58)     Total                          Min: 0, Avg:  0.0, Max: 0, Diff: 0, Sum: 0, Workers: 4
[2769.696s][debug][gc,phases      ] GC(58)   StringDedup Requests1 Weak     Min:  0.0, Avg:  0.0, Max:  0.0, Diff:  0.0, Sum:  0.0, Workers: 4
[2769.696s][debug][gc,phases      ] GC(58)     Dead                           Min: 0, Avg:  0.0, Max: 0, Diff: 0, Sum: 0, Workers: 4
[2769.696s][debug][gc,phases      ] GC(58)     Total                          Min: 0, Avg:  0.0, Max: 0, Diff: 0, Sum: 0, Workers: 4
[2769.696s][debug][gc,phases      ] GC(58)   Weak JFR Old Object Samples    Min:  0.0, Avg:  0.0, Max:  0.0, Diff:  0.0, Sum:  0.0, Workers: 4
[2769.696s][debug][gc,phases      ] GC(58)     Dead                           Min: 0, Avg:  0.0, Max: 0, Diff: 0, Sum: 0, Workers: 4
[2769.696s][debug][gc,phases      ] GC(58)     Total                          Min: 0, Avg:  0.0, Max: 0, Diff: 0, Sum: 0, Workers: 4
[2769.696s][debug][gc,phases      ] GC(58) Weak Processing 0.452ms
[2769.696s][debug][gc,age         ] GC(58) Desired survivor size 19398656 bytes, new threshold 1 (max threshold 15)
[2769.696s][info ][gc,heap        ] GC(58) PSYoungGen: 2056064K(2074112K)->4112K(2078208K) Eden: 2052608K(2052608K)->0K(2058240K) From: 3456K(21504K)->4112K(19968K)
[2769.696s][info ][gc,heap        ] GC(58) ParOldGen: 298679K(299008K)->299500K(299520K)
[2769.696s][info ][gc,metaspace   ] GC(58) Metaspace: 106647K(107968K)->106647K(107968K) NonClass: 90536K(91264K)->90536K(91264K) Class: 16110K(16704K)->16110K(16704K)
[2769.696s][info ][gc             ] GC(58) Pause Young (Allocation Failure) 2299M->296M(2322M) 6.218ms
[2769.696s][info ][gc,cpu         ] GC(58) User=0.01s Sys=0.01s Real=0.01s
[2769.696s][info ][safepoint      ] Safepoint "ParallelGCFailedAllocation", Time since last: 6619019177 ns, Reaching safepoint: 7900 ns, Cleanup: 3600 ns, At safepoint: 6302964 ns, Total: 6314464 ns
[2771.697s][info ][safepoint      ] Safepoint "Cleanup", Time since last: 2000290448 ns, Reaching safepoint: 8700 ns, Cleanup: 11100 ns, At safepoint: 2800 ns, Total: 22600 ns
[2779.697s][info ][safepoint      ] Safepoint "Cleanup", Time since last: 8000600092 ns, Reaching safepoint: 6300 ns, Cleanup: 10000 ns, At safepoint: 2800 ns, Total: 19100 ns
[2792.698s][info ][safepoint      ] Safepoint "Cleanup", Time since last: 13000962047 ns, Reaching safepoint: 79500 ns, Cleanup: 9901 ns, At safepoint: 5700 ns, Total: 95101 ns
[2798.699s][info ][safepoint      ] Safepoint "Cleanup", Time since last: 6000482604 ns, Reaching safepoint: 80201 ns, Cleanup: 11500 ns, At safepoint: 27100 ns, Total: 118801 ns
[2799.699s][info ][safepoint      ] Safepoint "Cleanup", Time since last: 1000110675 ns, Reaching safepoint: 85801 ns, Cleanup: 10100 ns, At safepoint: 6500 ns, Total: 102401 ns
[2800.699s][info ][safepoint      ] Safepoint "Cleanup", Time since last: 1000121175 ns, Reaching safepoint: 82101 ns, Cleanup: 11200 ns, At safepoint: 6700 ns, Total: 100001 ns
[2812.700s][info ][safepoint      ] Safepoint "Cleanup", Time since last: 12000921350 ns, Reaching safepoint: 78001 ns, Cleanup: 9500 ns, At safepoint: 6300 ns, Total: 93801 ns
[2814.701s][info ][safepoint      ] Safepoint "Cleanup", Time since last: 2000185609 ns, Reaching safepoint: 77900 ns, Cleanup: 10801 ns, At safepoint: 6100 ns, Total: 94801 ns
[2820.701s][info ][safepoint      ] Safepoint "Cleanup", Time since last: 6000481831 ns, Reaching safepoint: 83901 ns, Cleanup: 16400 ns, At safepoint: 6700 ns, Total: 107001 ns
[2834.089s][info ][safepoint      ] Safepoint "Cleanup", Time since last: 13388067888 ns, Reaching safepoint: 7700 ns, Cleanup: 11900 ns, At safepoint: 3000 ns, Total: 22600 ns
[2838.252s][info ][gc,start       ] GC(59) Pause Young (Allocation Failure)
[2838.256s][debug][gc,phases      ] GC(59) Scavenge 4.132ms
[2838.256s][debug][gc,ref         ] GC(59) ReferenceProcessor::execute queues: 1, RefProcThreadModel::Single, marks_oops_alive: false
[2838.256s][debug][gc,ref         ] GC(59) Skipped KeepAliveFinalRefsPhase of Reference Processing: no references
[2838.256s][debug][gc,ref         ] GC(59) Skipped PhantomRefsPhase of Reference Processing: no references
[2838.256s][debug][gc,phases      ] GC(59) Reference Processing 0.112ms
[2838.257s][debug][gc,phases      ] GC(59)   VM Weak                        Min:  0.0, Avg:  0.0, Max:  0.0, Diff:  0.0, Sum:  0.0, Workers: 4
[2838.257s][debug][gc,phases      ] GC(59)     Dead                           Min: 0, Avg:  0.0, Max: 0, Diff: 0, Sum: 0, Workers: 4
[2838.257s][debug][gc,phases      ] GC(59)     Total                          Min: 0, Avg: 256.2, Max: 641, Diff: 641, Sum: 1025, Workers: 4
[2838.257s][debug][gc,phases      ] GC(59)   ObjectSynchronizer Weak        Min:  0.0, Avg:  0.0, Max:  0.0, Diff:  0.0, Sum:  0.0, Workers: 4
[2838.257s][debug][gc,phases      ] GC(59)     Dead                           Min: 0, Avg:  0.0, Max: 0, Diff: 0, Sum: 0, Workers: 4
[2838.257s][debug][gc,phases      ] GC(59)     Total                          Min: 0, Avg:  1.0, Max: 4, Diff: 4, Sum: 4, Workers: 4
[2838.257s][debug][gc,phases      ] GC(59)   JVMTI Tag Weak OopStorage      Min:  0.0, Avg:  0.0, Max:  0.0, Diff:  0.0, Sum:  0.0, Workers: 4
[2838.257s][debug][gc,phases      ] GC(59)     Dead                           Min: 0, Avg:  0.0, Max: 0, Diff: 0, Sum: 0, Workers: 4
[2838.257s][debug][gc,phases      ] GC(59)     Total                          Min: 0, Avg:  0.0, Max: 0, Diff: 0, Sum: 0, Workers: 4
[2838.257s][debug][gc,phases      ] GC(59)   StringTable Weak               Min:  0.0, Avg:  0.1, Max:  0.1, Diff:  0.1, Sum:  0.4, Workers: 4
[2838.257s][debug][gc,phases      ] GC(59)     Dead                           Min: 0, Avg:  0.0, Max: 0, Diff: 0, Sum: 0, Workers: 4
[2838.257s][debug][gc,phases      ] GC(59)     Total                          Min: 0, Avg: 11628.5, Max: 16755, Diff: 16755, Sum: 46514, Workers: 4
[2838.257s][debug][gc,phases      ] GC(59)   ResolvedMethodTable Weak       Min:  0.0, Avg:  0.0, Max:  0.0, Diff:  0.0, Sum:  0.1, Workers: 4
[2838.257s][debug][gc,phases      ] GC(59)     Dead                           Min: 0, Avg:  4.0, Max: 15, Diff: 15, Sum: 16, Workers: 4
[2838.257s][debug][gc,phases      ] GC(59)     Total                          Min: 0, Avg: 3856.0, Max: 5157, Diff: 5157, Sum: 15424, Workers: 4
[2838.257s][debug][gc,phases      ] GC(59)   JNI Weak                       Min:  0.0, Avg:  0.0, Max:  0.0, Diff:  0.0, Sum:  0.0, Workers: 4
[2838.257s][debug][gc,phases      ] GC(59)     Dead                           Min: 0, Avg:  0.0, Max: 0, Diff: 0, Sum: 0, Workers: 4
[2838.257s][debug][gc,phases      ] GC(59)     Total                          Min: 0, Avg: 13.0, Max: 52, Diff: 52, Sum: 52, Workers: 4
[2838.257s][debug][gc,phases      ] GC(59)   StringDedup Table Weak         Min:  0.0, Avg:  0.0, Max:  0.0, Diff:  0.0, Sum:  0.0, Workers: 4
[2838.257s][debug][gc,phases      ] GC(59)     Dead                           Min: 0, Avg:  0.0, Max: 0, Diff: 0, Sum: 0, Workers: 4
[2838.257s][debug][gc,phases      ] GC(59)     Total                          Min: 0, Avg:  0.0, Max: 0, Diff: 0, Sum: 0, Workers: 4
[2838.257s][debug][gc,phases      ] GC(59)   StringDedup Requests0 Weak     Min:  0.0, Avg:  0.0, Max:  0.0, Diff:  0.0, Sum:  0.0, Workers: 4
[2838.257s][debug][gc,phases      ] GC(59)     Dead                           Min: 0, Avg:  0.0, Max: 0, Diff: 0, Sum: 0, Workers: 4
[2838.257s][debug][gc,phases      ] GC(59)     Total                          Min: 0, Avg:  0.0, Max: 0, Diff: 0, Sum: 0, Workers: 4
[2838.257s][debug][gc,phases      ] GC(59)   StringDedup Requests1 Weak     Min:  0.0, Avg:  0.0, Max:  0.0, Diff:  0.0, Sum:  0.0, Workers: 4
[2838.257s][debug][gc,phases      ] GC(59)     Dead                           Min: 0, Avg:  0.0, Max: 0, Diff: 0, Sum: 0, Workers: 4
[2838.257s][debug][gc,phases      ] GC(59)     Total                          Min: 0, Avg:  0.0, Max: 0, Diff: 0, Sum: 0, Workers: 4
[2838.257s][debug][gc,phases      ] GC(59)   Weak JFR Old Object Samples    Min:  0.0, Avg:  0.0, Max:  0.0, Diff:  0.0, Sum:  0.0, Workers: 4
[2838.257s][debug][gc,phases      ] GC(59)     Dead                           Min: 0, Avg:  0.0, Max: 0, Diff: 0, Sum: 0, Workers: 4
[2838.257s][debug][gc,phases      ] GC(59)     Total                          Min: 0, Avg:  0.0, Max: 0, Diff: 0, Sum: 0, Workers: 4
[2838.257s][debug][gc,phases      ] GC(59) Weak Processing 0.438ms
[2838.257s][debug][gc,age         ] GC(59) Desired survivor size 17825792 bytes, new threshold 1 (max threshold 15)
[2838.257s][info ][gc,heap        ] GC(59) PSYoungGen: 2062352K(2078208K)->4016K(2077184K) Eden: 2058240K(2058240K)->0K(2058240K) From: 4112K(19968K)->4016K(18944K)
[2838.257s][info ][gc,heap        ] GC(59) ParOldGen: 299500K(299520K)->300308K(300544K)
[2838.257s][info ][gc,metaspace   ] GC(59) Metaspace: 106656K(107968K)->106656K(107968K) NonClass: 90545K(91264K)->90545K(91264K) Class: 16110K(16704K)->16110K(16704K)
[2838.257s][info ][gc             ] GC(59) Pause Young (Allocation Failure) 2306M->297M(2322M) 4.832ms
[2838.257s][info ][gc,cpu         ] GC(59) User=0.02s Sys=0.00s Real=0.00s
[2838.257s][info ][safepoint      ] Safepoint "ParallelGCFailedAllocation", Time since last: 4162539156 ns, Reaching safepoint: 6201 ns, Cleanup: 4600 ns, At safepoint: 4910048 ns, Total: 4920849 ns
[2844.257s][info ][safepoint      ] Safepoint "Cleanup", Time since last: 6000442486 ns, Reaching safepoint: 7000 ns, Cleanup: 9800 ns, At safepoint: 2700 ns, Total: 19500 ns
[2851.258s][info ][safepoint      ] Safepoint "Cleanup", Time since last: 7000557856 ns, Reaching safepoint: 6900 ns, Cleanup: 12000 ns, At safepoint: 2800 ns, Total: 21700 ns
[2871.259s][info ][safepoint      ] Safepoint "Cleanup", Time since last: 20001507094 ns, Reaching safepoint: 5600 ns, Cleanup: 7101 ns, At safepoint: 2600 ns, Total: 15301 ns
[2872.260s][info ][safepoint      ] Safepoint "Cleanup", Time since last: 1000114192 ns, Reaching safepoint: 7400 ns, Cleanup: 12501 ns, At safepoint: 2901 ns, Total: 22802 ns
[2886.107s][info ][safepoint      ] Safepoint "Cleanup", Time since last: 13847191128 ns, Reaching safepoint: 85406 ns, Cleanup: 11701 ns, At safepoint: 7201 ns, Total: 104308 ns
[2894.108s][info ][safepoint      ] Safepoint "Cleanup", Time since last: 8000647015 ns, Reaching safepoint: 6100 ns, Cleanup: 11000 ns, At safepoint: 2700 ns, Total: 19800 ns
[2897.108s][info ][safepoint      ] Safepoint "Cleanup", Time since last: 3000267242 ns, Reaching safepoint: 6800 ns, Cleanup: 10501 ns, At safepoint: 29103 ns, Total: 46404 ns
[2908.102s][info ][gc,start       ] GC(60) Pause Young (Allocation Failure)
[2908.106s][debug][gc,phases      ] GC(60) Scavenge 3.368ms
[2908.106s][debug][gc,ref         ] GC(60) ReferenceProcessor::execute queues: 1, RefProcThreadModel::Single, marks_oops_alive: false
[2908.106s][debug][gc,ref         ] GC(60) Skipped KeepAliveFinalRefsPhase of Reference Processing: no references
[2908.106s][debug][gc,ref         ] GC(60) ReferenceProcessor::execute queues: 1, RefProcThreadModel::Single, marks_oops_alive: false
[2908.106s][debug][gc,phases      ] GC(60) Reference Processing 0.117ms
[2908.106s][debug][gc,phases      ] GC(60)   VM Weak                        Min:  0.0, Avg:  0.0, Max:  0.0, Diff:  0.0, Sum:  0.0, Workers: 4
[2908.106s][debug][gc,phases      ] GC(60)     Dead                           Min: 0, Avg:  0.0, Max: 0, Diff: 0, Sum: 0, Workers: 4
[2908.106s][debug][gc,phases      ] GC(60)     Total                          Min: 0, Avg: 256.2, Max: 512, Diff: 512, Sum: 1025, Workers: 4
[2908.106s][debug][gc,phases      ] GC(60)   ObjectSynchronizer Weak        Min:  0.0, Avg:  0.0, Max:  0.0, Diff:  0.0, Sum:  0.0, Workers: 4
[2908.106s][debug][gc,phases      ] GC(60)     Dead                           Min: 0, Avg:  0.0, Max: 0, Diff: 0, Sum: 0, Workers: 4
[2908.106s][debug][gc,phases      ] GC(60)     Total                          Min: 0, Avg:  1.0, Max: 4, Diff: 4, Sum: 4, Workers: 4
[2908.106s][debug][gc,phases      ] GC(60)   JVMTI Tag Weak OopStorage      Min:  0.0, Avg:  0.0, Max:  0.0, Diff:  0.0, Sum:  0.0, Workers: 4
[2908.106s][debug][gc,phases      ] GC(60)     Dead                           Min: 0, Avg:  0.0, Max: 0, Diff: 0, Sum: 0, Workers: 4
[2908.106s][debug][gc,phases      ] GC(60)     Total                          Min: 0, Avg:  0.0, Max: 0, Diff: 0, Sum: 0, Workers: 4
[2908.106s][debug][gc,phases      ] GC(60)   StringTable Weak               Min:  0.0, Avg:  0.1, Max:  0.1, Diff:  0.1, Sum:  0.4, Workers: 4
[2908.106s][debug][gc,phases      ] GC(60)     Dead                           Min: 0, Avg:  0.0, Max: 0, Diff: 0, Sum: 0, Workers: 4
[2908.106s][debug][gc,phases      ] GC(60)     Total                          Min: 0, Avg: 11628.8, Max: 16052, Diff: 16052, Sum: 46515, Workers: 4
[2908.106s][debug][gc,phases      ] GC(60)   ResolvedMethodTable Weak       Min:  0.0, Avg:  0.0, Max:  0.1, Diff:  0.1, Sum:  0.2, Workers: 4
[2908.106s][debug][gc,phases      ] GC(60)     Dead                           Min: 0, Avg:  4.0, Max: 16, Diff: 16, Sum: 16, Workers: 4
[2908.106s][debug][gc,phases      ] GC(60)     Total                          Min: 0, Avg: 3856.2, Max: 5518, Diff: 5518, Sum: 15425, Workers: 4
[2908.106s][debug][gc,phases      ] GC(60)   JNI Weak                       Min:  0.0, Avg:  0.0, Max:  0.0, Diff:  0.0, Sum:  0.0, Workers: 4
[2908.106s][debug][gc,phases      ] GC(60)     Dead                           Min: 0, Avg:  0.0, Max: 0, Diff: 0, Sum: 0, Workers: 4
[2908.106s][debug][gc,phases      ] GC(60)     Total                          Min: 0, Avg: 13.0, Max: 52, Diff: 52, Sum: 52, Workers: 4
[2908.106s][debug][gc,phases      ] GC(60)   StringDedup Table Weak         Min:  0.0, Avg:  0.0, Max:  0.0, Diff:  0.0, Sum:  0.0, Workers: 4
[2908.106s][debug][gc,phases      ] GC(60)     Dead                           Min: 0, Avg:  0.0, Max: 0, Diff: 0, Sum: 0, Workers: 4
[2908.106s][debug][gc,phases      ] GC(60)     Total                          Min: 0, Avg:  0.0, Max: 0, Diff: 0, Sum: 0, Workers: 4
[2908.106s][debug][gc,phases      ] GC(60)   StringDedup Requests0 Weak     Min:  0.0, Avg:  0.0, Max:  0.0, Diff:  0.0, Sum:  0.0, Workers: 4
[2908.106s][debug][gc,phases      ] GC(60)     Dead                           Min: 0, Avg:  0.0, Max: 0, Diff: 0, Sum: 0, Workers: 4
[2908.106s][debug][gc,phases      ] GC(60)     Total                          Min: 0, Avg:  0.0, Max: 0, Diff: 0, Sum: 0, Workers: 4
[2908.106s][debug][gc,phases      ] GC(60)   StringDedup Requests1 Weak     Min:  0.0, Avg:  0.0, Max:  0.0, Diff:  0.0, Sum:  0.0, Workers: 4
[2908.106s][debug][gc,phases      ] GC(60)     Dead                           Min: 0, Avg:  0.0, Max: 0, Diff: 0, Sum: 0, Workers: 4
[2908.106s][debug][gc,phases      ] GC(60)     Total                          Min: 0, Avg:  0.0, Max: 0, Diff: 0, Sum: 0, Workers: 4
[2908.106s][debug][gc,phases      ] GC(60)   Weak JFR Old Object Samples    Min:  0.0, Avg:  0.0, Max:  0.0, Diff:  0.0, Sum:  0.0, Workers: 4
[2908.106s][debug][gc,phases      ] GC(60)     Dead                           Min: 0, Avg:  0.0, Max: 0, Diff: 0, Sum: 0, Workers: 4
[2908.106s][debug][gc,phases      ] GC(60)     Total                          Min: 0, Avg:  0.0, Max: 0, Diff: 0, Sum: 0, Workers: 4
[2908.106s][debug][gc,phases      ] GC(60) Weak Processing 0.449ms
[2908.106s][debug][gc,age         ] GC(60) Desired survivor size 16777216 bytes, new threshold 1 (max threshold 15)
[2908.106s][info ][gc,heap        ] GC(60) PSYoungGen: 2062256K(2077184K)->3056K(2080768K) Eden: 2058240K(2058240K)->0K(2063360K) From: 4016K(18944K)->3056K(17408K)
[2908.106s][info ][gc,heap        ] GC(60) ParOldGen: 300308K(300544K)->301807K(302080K)
[2908.106s][info ][gc,metaspace   ] GC(60) Metaspace: 106661K(107968K)->106661K(107968K) NonClass: 90549K(91264K)->90549K(91264K) Class: 16111K(16704K)->16111K(16704K)
[2908.106s][info ][gc             ] GC(60) Pause Young (Allocation Failure) 2307M->297M(2327M) 4.074ms
[2908.106s][info ][gc,cpu         ] GC(60) User=0.01s Sys=0.00s Real=0.00s
[2908.106s][info ][safepoint      ] Safepoint "ParallelGCFailedAllocation", Time since last: 10994307790 ns, Reaching safepoint: 6901 ns, Cleanup: 4600 ns, At safepoint: 4179512 ns, Total: 4191013 ns
[2917.107s][info ][safepoint      ] Safepoint "Cleanup", Time since last: 9000683596 ns, Reaching safepoint: 6801 ns, Cleanup: 9900 ns, At safepoint: 2700 ns, Total: 19401 ns
[2927.108s][info ][safepoint      ] Safepoint "Cleanup", Time since last: 10000759760 ns, Reaching safepoint: 7101 ns, Cleanup: 11100 ns, At safepoint: 2600 ns, Total: 20801 ns
[2980.260s][info ][gc,start       ] GC(61) Pause Young (Allocation Failure)
[2980.270s][debug][gc,phases      ] GC(61) Scavenge 9.347ms
[2980.270s][debug][gc,ref         ] GC(61) ReferenceProcessor::execute queues: 1, RefProcThreadModel::Single, marks_oops_alive: false
[2980.270s][debug][gc,ref         ] GC(61) Skipped KeepAliveFinalRefsPhase of Reference Processing: no references
[2980.270s][debug][gc,ref         ] GC(61) ReferenceProcessor::execute queues: 1, RefProcThreadModel::Single, marks_oops_alive: false
[2980.270s][debug][gc,phases      ] GC(61) Reference Processing 0.136ms
[2980.270s][debug][gc,phases      ] GC(61)   VM Weak                        Min:  0.0, Avg:  0.0, Max:  0.0, Diff:  0.0, Sum:  0.0, Workers: 4
[2980.270s][debug][gc,phases      ] GC(61)     Dead                           Min: 0, Avg:  0.0, Max: 0, Diff: 0, Sum: 0, Workers: 4
[2980.270s][debug][gc,phases      ] GC(61)     Total                          Min: 0, Avg: 256.2, Max: 961, Diff: 961, Sum: 1025, Workers: 4
[2980.270s][debug][gc,phases      ] GC(61)   ObjectSynchronizer Weak        Min:  0.0, Avg:  0.0, Max:  0.0, Diff:  0.0, Sum:  0.0, Workers: 4
[2980.270s][debug][gc,phases      ] GC(61)     Dead                           Min: 0, Avg:  0.0, Max: 0, Diff: 0, Sum: 0, Workers: 4
[2980.270s][debug][gc,phases      ] GC(61)     Total                          Min: 0, Avg:  1.0, Max: 4, Diff: 4, Sum: 4, Workers: 4
[2980.270s][debug][gc,phases      ] GC(61)   JVMTI Tag Weak OopStorage      Min:  0.0, Avg:  0.0, Max:  0.0, Diff:  0.0, Sum:  0.0, Workers: 4
[2980.270s][debug][gc,phases      ] GC(61)     Dead                           Min: 0, Avg:  0.0, Max: 0, Diff: 0, Sum: 0, Workers: 4
[2980.270s][debug][gc,phases      ] GC(61)     Total                          Min: 0, Avg:  0.0, Max: 0, Diff: 0, Sum: 0, Workers: 4
[2980.270s][debug][gc,phases      ] GC(61)   StringTable Weak               Min:  0.0, Avg:  0.1, Max:  0.2, Diff:  0.2, Sum:  0.4, Workers: 4
[2980.270s][debug][gc,phases      ] GC(61)     Dead                           Min: 0, Avg:  0.0, Max: 0, Diff: 0, Sum: 0, Workers: 4
[2980.270s][debug][gc,phases      ] GC(61)     Total                          Min: 0, Avg: 11628.8, Max: 24308, Diff: 24308, Sum: 46515, Workers: 4
[2980.270s][debug][gc,phases      ] GC(61)   ResolvedMethodTable Weak       Min:  0.0, Avg:  0.0, Max:  0.1, Diff:  0.1, Sum:  0.2, Workers: 4
[2980.270s][debug][gc,phases      ] GC(61)     Dead                           Min: 0, Avg:  4.0, Max: 16, Diff: 16, Sum: 16, Workers: 4
[2980.270s][debug][gc,phases      ] GC(61)     Total                          Min: 0, Avg: 3856.2, Max: 7850, Diff: 7850, Sum: 15425, Workers: 4
[2980.270s][debug][gc,phases      ] GC(61)   JNI Weak                       Min:  0.0, Avg:  0.0, Max:  0.0, Diff:  0.0, Sum:  0.0, Workers: 4
[2980.270s][debug][gc,phases      ] GC(61)     Dead                           Min: 0, Avg:  0.0, Max: 0, Diff: 0, Sum: 0, Workers: 4
[2980.270s][debug][gc,phases      ] GC(61)     Total                          Min: 0, Avg: 13.0, Max: 52, Diff: 52, Sum: 52, Workers: 4
[2980.270s][debug][gc,phases      ] GC(61)   StringDedup Table Weak         Min:  0.0, Avg:  0.0, Max:  0.0, Diff:  0.0, Sum:  0.0, Workers: 4
[2980.270s][debug][gc,phases      ] GC(61)     Dead                           Min: 0, Avg:  0.0, Max: 0, Diff: 0, Sum: 0, Workers: 4
[2980.270s][debug][gc,phases      ] GC(61)     Total                          Min: 0, Avg:  0.0, Max: 0, Diff: 0, Sum: 0, Workers: 4
[2980.270s][debug][gc,phases      ] GC(61)   StringDedup Requests0 Weak     Min:  0.0, Avg:  0.0, Max:  0.0, Diff:  0.0, Sum:  0.0, Workers: 4
[2980.270s][debug][gc,phases      ] GC(61)     Dead                           Min: 0, Avg:  0.0, Max: 0, Diff: 0, Sum: 0, Workers: 4
[2980.270s][debug][gc,phases      ] GC(61)     Total                          Min: 0, Avg:  0.0, Max: 0, Diff: 0, Sum: 0, Workers: 4
[2980.270s][debug][gc,phases      ] GC(61)   StringDedup Requests1 Weak     Min:  0.0, Avg:  0.0, Max:  0.0, Diff:  0.0, Sum:  0.0, Workers: 4
[2980.270s][debug][gc,phases      ] GC(61)     Dead                           Min: 0, Avg:  0.0, Max: 0, Diff: 0, Sum: 0, Workers: 4
[2980.270s][debug][gc,phases      ] GC(61)     Total                          Min: 0, Avg:  0.0, Max: 0, Diff: 0, Sum: 0, Workers: 4
[2980.270s][debug][gc,phases      ] GC(61)   Weak JFR Old Object Samples    Min:  0.0, Avg:  0.0, Max:  0.0, Diff:  0.0, Sum:  0.0, Workers: 4
[2980.270s][debug][gc,phases      ] GC(61)     Dead                           Min: 0, Avg:  0.0, Max: 0, Diff: 0, Sum: 0, Workers: 4
[2980.270s][debug][gc,phases      ] GC(61)     Total                          Min: 0, Avg:  0.0, Max: 0, Diff: 0, Sum: 0, Workers: 4
[2980.270s][debug][gc,phases      ] GC(61) Weak Processing 0.591ms
[2980.270s][debug][gc,age         ] GC(61) Desired survivor size 16252928 bytes, new threshold 1 (max threshold 15)
[2980.270s][info ][gc,heap        ] GC(61) PSYoungGen: 2066416K(2080768K)->3344K(2079744K) Eden: 2063360K(2063360K)->0K(2063360K) From: 3056K(17408K)->3344K(16384K)
[2980.270s][info ][gc,heap        ] GC(61) ParOldGen: 301807K(302080K)->302491K(302592K)
[2980.270s][info ][gc,metaspace   ] GC(61) Metaspace: 106668K(108032K)->106668K(108032K) NonClass: 90557K(91328K)->90557K(91328K) Class: 16111K(16704K)->16111K(16704K)
[2980.270s][info ][gc             ] GC(61) Pause Young (Allocation Failure) 2312M->298M(2326M) 10.228ms
[2980.270s][info ][gc,cpu         ] GC(61) User=0.02s Sys=0.00s Real=0.00s
[2980.270s][info ][safepoint      ] Safepoint "ParallelGCFailedAllocation", Time since last: 53152265400 ns, Reaching safepoint: 7200 ns, Cleanup: 4300 ns, At safepoint: 10316283 ns, Total: 10327783 ns
[3015.150s][info ][safepoint      ] Safepoint "Cleanup", Time since last: 34877294369 ns, Reaching safepoint: 2103892 ns, Cleanup: 15401 ns, At safepoint: 11400 ns, Total: 2130693 ns
[3049.154s][info ][gc,start       ] GC(62) Pause Young (Allocation Failure)
[3049.157s][debug][gc,phases      ] GC(62) Scavenge 2.959ms
[3049.158s][debug][gc,ref         ] GC(62) ReferenceProcessor::execute queues: 1, RefProcThreadModel::Single, marks_oops_alive: false
[3049.158s][debug][gc,ref         ] GC(62) Skipped KeepAliveFinalRefsPhase of Reference Processing: no references
[3049.158s][debug][gc,ref         ] GC(62) ReferenceProcessor::execute queues: 1, RefProcThreadModel::Single, marks_oops_alive: false
[3049.158s][debug][gc,phases      ] GC(62) Reference Processing 0.146ms
[3049.158s][debug][gc,phases      ] GC(62)   VM Weak                        Min:  0.0, Avg:  0.0, Max:  0.0, Diff:  0.0, Sum:  0.0, Workers: 4
[3049.158s][debug][gc,phases      ] GC(62)     Dead                           Min: 0, Avg:  0.0, Max: 0, Diff: 0, Sum: 0, Workers: 4
[3049.158s][debug][gc,phases      ] GC(62)     Total                          Min: 0, Avg: 256.2, Max: 896, Diff: 896, Sum: 1025, Workers: 4
[3049.158s][debug][gc,phases      ] GC(62)   ObjectSynchronizer Weak        Min:  0.0, Avg:  0.0, Max:  0.0, Diff:  0.0, Sum:  0.0, Workers: 4
[3049.158s][debug][gc,phases      ] GC(62)     Dead                           Min: 0, Avg:  0.0, Max: 0, Diff: 0, Sum: 0, Workers: 4
[3049.158s][debug][gc,phases      ] GC(62)     Total                          Min: 0, Avg:  1.0, Max: 4, Diff: 4, Sum: 4, Workers: 4
[3049.158s][debug][gc,phases      ] GC(62)   JVMTI Tag Weak OopStorage      Min:  0.0, Avg:  0.0, Max:  0.0, Diff:  0.0, Sum:  0.0, Workers: 4
[3049.158s][debug][gc,phases      ] GC(62)     Dead                           Min: 0, Avg:  0.0, Max: 0, Diff: 0, Sum: 0, Workers: 4
[3049.158s][debug][gc,phases      ] GC(62)     Total                          Min: 0, Avg:  0.0, Max: 0, Diff: 0, Sum: 0, Workers: 4
[3049.158s][debug][gc,phases      ] GC(62)   StringTable Weak               Min:  0.0, Avg:  0.1, Max:  0.2, Diff:  0.2, Sum:  0.4, Workers: 4
[3049.158s][debug][gc,phases      ] GC(62)     Dead                           Min: 0, Avg:  0.0, Max: 0, Diff: 0, Sum: 0, Workers: 4
[3049.158s][debug][gc,phases      ] GC(62)     Total                          Min: 0, Avg: 11629.0, Max: 16575, Diff: 16575, Sum: 46516, Workers: 4
[3049.158s][debug][gc,phases      ] GC(62)   ResolvedMethodTable Weak       Min:  0.0, Avg:  0.0, Max:  0.1, Diff:  0.1, Sum:  0.2, Workers: 4
[3049.158s][debug][gc,phases      ] GC(62)     Dead                           Min: 0, Avg:  4.0, Max: 16, Diff: 16, Sum: 16, Workers: 4
[3049.158s][debug][gc,phases      ] GC(62)     Total                          Min: 0, Avg: 3856.2, Max: 5768, Diff: 5768, Sum: 15425, Workers: 4
[3049.158s][debug][gc,phases      ] GC(62)   JNI Weak                       Min:  0.0, Avg:  0.0, Max:  0.0, Diff:  0.0, Sum:  0.0, Workers: 4
[3049.158s][debug][gc,phases      ] GC(62)     Dead                           Min: 0, Avg:  0.0, Max: 0, Diff: 0, Sum: 0, Workers: 4
[3049.158s][debug][gc,phases      ] GC(62)     Total                          Min: 0, Avg: 13.0, Max: 52, Diff: 52, Sum: 52, Workers: 4
[3049.158s][debug][gc,phases      ] GC(62)   StringDedup Table Weak         Min:  0.0, Avg:  0.0, Max:  0.0, Diff:  0.0, Sum:  0.0, Workers: 4
[3049.158s][debug][gc,phases      ] GC(62)     Dead                           Min: 0, Avg:  0.0, Max: 0, Diff: 0, Sum: 0, Workers: 4
[3049.158s][debug][gc,phases      ] GC(62)     Total                          Min: 0, Avg:  0.0, Max: 0, Diff: 0, Sum: 0, Workers: 4
[3049.158s][debug][gc,phases      ] GC(62)   StringDedup Requests0 Weak     Min:  0.0, Avg:  0.0, Max:  0.0, Diff:  0.0, Sum:  0.0, Workers: 4
[3049.158s][debug][gc,phases      ] GC(62)     Dead                           Min: 0, Avg:  0.0, Max: 0, Diff: 0, Sum: 0, Workers: 4
[3049.158s][debug][gc,phases      ] GC(62)     Total                          Min: 0, Avg:  0.0, Max: 0, Diff: 0, Sum: 0, Workers: 4
[3049.158s][debug][gc,phases      ] GC(62)   StringDedup Requests1 Weak     Min:  0.0, Avg:  0.0, Max:  0.0, Diff:  0.0, Sum:  0.0, Workers: 4
[3049.158s][debug][gc,phases      ] GC(62)     Dead                           Min: 0, Avg:  0.0, Max: 0, Diff: 0, Sum: 0, Workers: 4
[3049.158s][debug][gc,phases      ] GC(62)     Total                          Min: 0, Avg:  0.0, Max: 0, Diff: 0, Sum: 0, Workers: 4
[3049.158s][debug][gc,phases      ] GC(62)   Weak JFR Old Object Samples    Min:  0.0, Avg:  0.0, Max:  0.0, Diff:  0.0, Sum:  0.0, Workers: 4
[3049.158s][debug][gc,phases      ] GC(62)     Dead                           Min: 0, Avg:  0.0, Max: 0, Diff: 0, Sum: 0, Workers: 4
[3049.158s][debug][gc,phases      ] GC(62)     Total                          Min: 0, Avg:  0.0, Max: 0, Diff: 0, Sum: 0, Workers: 4
[3049.158s][debug][gc,phases      ] GC(62) Weak Processing 0.452ms
[3049.158s][debug][gc,age         ] GC(62) Desired survivor size 15204352 bytes, new threshold 1 (max threshold 15)
[3049.158s][info ][gc,heap        ] GC(62) PSYoungGen: 2066704K(2079744K)->2912K(2082304K) Eden: 2063360K(2063360K)->0K(2066432K) From: 3344K(16384K)->2912K(15872K)
[3049.158s][info ][gc,heap        ] GC(62) ParOldGen: 302491K(302592K)->303287K(303616K)
[3049.158s][info ][gc,metaspace   ] GC(62) Metaspace: 106704K(108032K)->106704K(108032K) NonClass: 90593K(91328K)->90593K(91328K) Class: 16111K(16704K)->16111K(16704K)
[3049.158s][info ][gc             ] GC(62) Pause Young (Allocation Failure) 2313M->299M(2330M) 3.706ms
[3049.158s][info ][gc,cpu         ] GC(62) User=0.01s Sys=0.00s Real=0.00s
[3049.158s][info ][safepoint      ] Safepoint "ParallelGCFailedAllocation", Time since last: 34004416634 ns, Reaching safepoint: 7600 ns, Cleanup: 4600 ns, At safepoint: 3823149 ns, Total: 3835349 ns
[3056.159s][info ][safepoint      ] Safepoint "Cleanup", Time since last: 7000546965 ns, Reaching safepoint: 7800 ns, Cleanup: 10101 ns, At safepoint: 2800 ns, Total: 20701 ns
[3071.168s][info ][safepoint      ] Safepoint "Cleanup", Time since last: 15009770704 ns, Reaching safepoint: 8100 ns, Cleanup: 9901 ns, At safepoint: 3100 ns, Total: 21101 ns
[3072.169s][info ][safepoint      ] Safepoint "Cleanup", Time since last: 1000118942 ns, Reaching safepoint: 8300 ns, Cleanup: 10800 ns, At safepoint: 3001 ns, Total: 22101 ns
[3076.169s][info ][safepoint      ] Safepoint "Cleanup", Time since last: 4000338462 ns, Reaching safepoint: 6800 ns, Cleanup: 10501 ns, At safepoint: 27901 ns, Total: 45202 ns
[3086.170s][info ][safepoint      ] Safepoint "Cleanup", Time since last: 10000735112 ns, Reaching safepoint: 6400 ns, Cleanup: 9201 ns, At safepoint: 2700 ns, Total: 18301 ns
[3087.170s][info ][safepoint      ] Safepoint "Cleanup", Time since last: 1000120541 ns, Reaching safepoint: 4900 ns, Cleanup: 9501 ns, At safepoint: 2500 ns, Total: 16901 ns
[3099.171s][info ][safepoint      ] Safepoint "Cleanup", Time since last: 12000884323 ns, Reaching safepoint: 6400 ns, Cleanup: 10800 ns, At safepoint: 2900 ns, Total: 20100 ns
[3108.171s][info ][safepoint      ] Safepoint "Cleanup", Time since last: 9000678245 ns, Reaching safepoint: 7600 ns, Cleanup: 8200 ns, At safepoint: 2600 ns, Total: 18400 ns
[3112.172s][info ][safepoint      ] Safepoint "Cleanup", Time since last: 4000338149 ns, Reaching safepoint: 6500 ns, Cleanup: 9401 ns, At safepoint: 2800 ns, Total: 18701 ns
[3115.172s][info ][safepoint      ] Safepoint "Cleanup", Time since last: 3000259351 ns, Reaching safepoint: 8701 ns, Cleanup: 11800 ns, At safepoint: 3100 ns, Total: 23601 ns
[3116.172s][info ][safepoint      ] Safepoint "Cleanup", Time since last: 1000117805 ns, Reaching safepoint: 6401 ns, Cleanup: 9600 ns, At safepoint: 2500 ns, Total: 18501 ns
[3119.764s][info ][gc,start       ] GC(63) Pause Young (Allocation Failure)
[3119.768s][debug][gc,phases      ] GC(63) Scavenge 3.607ms
[3119.768s][debug][gc,ref         ] GC(63) ReferenceProcessor::execute queues: 1, RefProcThreadModel::Single, marks_oops_alive: false
[3119.768s][debug][gc,ref         ] GC(63) Skipped KeepAliveFinalRefsPhase of Reference Processing: no references
[3119.768s][debug][gc,ref         ] GC(63) ReferenceProcessor::execute queues: 1, RefProcThreadModel::Single, marks_oops_alive: false
[3119.768s][debug][gc,phases      ] GC(63) Reference Processing 0.120ms
[3119.768s][debug][gc,phases      ] GC(63)   VM Weak                        Min:  0.0, Avg:  0.0, Max:  0.0, Diff:  0.0, Sum:  0.0, Workers: 4
[3119.768s][debug][gc,phases      ] GC(63)     Dead                           Min: 0, Avg:  0.0, Max: 0, Diff: 0, Sum: 0, Workers: 4
[3119.768s][debug][gc,phases      ] GC(63)     Total                          Min: 0, Avg: 256.2, Max: 577, Diff: 577, Sum: 1025, Workers: 4
[3119.768s][debug][gc,phases      ] GC(63)   ObjectSynchronizer Weak        Min:  0.0, Avg:  0.0, Max:  0.0, Diff:  0.0, Sum:  0.0, Workers: 4
[3119.768s][debug][gc,phases      ] GC(63)     Dead                           Min: 0, Avg:  0.0, Max: 0, Diff: 0, Sum: 0, Workers: 4
[3119.768s][debug][gc,phases      ] GC(63)     Total                          Min: 0, Avg:  1.0, Max: 4, Diff: 4, Sum: 4, Workers: 4
[3119.768s][debug][gc,phases      ] GC(63)   JVMTI Tag Weak OopStorage      Min:  0.0, Avg:  0.0, Max:  0.0, Diff:  0.0, Sum:  0.0, Workers: 4
[3119.768s][debug][gc,phases      ] GC(63)     Dead                           Min: 0, Avg:  0.0, Max: 0, Diff: 0, Sum: 0, Workers: 4
[3119.768s][debug][gc,phases      ] GC(63)     Total                          Min: 0, Avg:  0.0, Max: 0, Diff: 0, Sum: 0, Workers: 4
[3119.768s][debug][gc,phases      ] GC(63)   StringTable Weak               Min:  0.0, Avg:  0.1, Max:  0.2, Diff:  0.2, Sum:  0.5, Workers: 4
[3119.768s][debug][gc,phases      ] GC(63)     Dead                           Min: 0, Avg:  0.0, Max: 0, Diff: 0, Sum: 0, Workers: 4
[3119.768s][debug][gc,phases      ] GC(63)     Total                          Min: 0, Avg: 11629.0, Max: 15934, Diff: 15934, Sum: 46516, Workers: 4
[3119.768s][debug][gc,phases      ] GC(63)   ResolvedMethodTable Weak       Min:  0.0, Avg:  0.0, Max:  0.1, Diff:  0.1, Sum:  0.2, Workers: 4
[3119.768s][debug][gc,phases      ] GC(63)     Dead                           Min: 0, Avg:  4.0, Max: 13, Diff: 13, Sum: 16, Workers: 4
[3119.768s][debug][gc,phases      ] GC(63)     Total                          Min: 0, Avg: 3856.2, Max: 5426, Diff: 5426, Sum: 15425, Workers: 4
[3119.768s][debug][gc,phases      ] GC(63)   JNI Weak                       Min:  0.0, Avg:  0.0, Max:  0.0, Diff:  0.0, Sum:  0.0, Workers: 4
[3119.768s][debug][gc,phases      ] GC(63)     Dead                           Min: 0, Avg:  0.0, Max: 0, Diff: 0, Sum: 0, Workers: 4
[3119.768s][debug][gc,phases      ] GC(63)     Total                          Min: 0, Avg: 13.0, Max: 52, Diff: 52, Sum: 52, Workers: 4
[3119.768s][debug][gc,phases      ] GC(63)   StringDedup Table Weak         Min:  0.0, Avg:  0.0, Max:  0.0, Diff:  0.0, Sum:  0.0, Workers: 4
[3119.768s][debug][gc,phases      ] GC(63)     Dead                           Min: 0, Avg:  0.0, Max: 0, Diff: 0, Sum: 0, Workers: 4
[3119.768s][debug][gc,phases      ] GC(63)     Total                          Min: 0, Avg:  0.0, Max: 0, Diff: 0, Sum: 0, Workers: 4
[3119.768s][debug][gc,phases      ] GC(63)   StringDedup Requests0 Weak     Min:  0.0, Avg:  0.0, Max:  0.0, Diff:  0.0, Sum:  0.0, Workers: 4
[3119.768s][debug][gc,phases      ] GC(63)     Dead                           Min: 0, Avg:  0.0, Max: 0, Diff: 0, Sum: 0, Workers: 4
[3119.768s][debug][gc,phases      ] GC(63)     Total                          Min: 0, Avg:  0.0, Max: 0, Diff: 0, Sum: 0, Workers: 4
[3119.768s][debug][gc,phases      ] GC(63)   StringDedup Requests1 Weak     Min:  0.0, Avg:  0.0, Max:  0.0, Diff:  0.0, Sum:  0.0, Workers: 4
[3119.768s][debug][gc,phases      ] GC(63)     Dead                           Min: 0, Avg:  0.0, Max: 0, Diff: 0, Sum: 0, Workers: 4
[3119.768s][debug][gc,phases      ] GC(63)     Total                          Min: 0, Avg:  0.0, Max: 0, Diff: 0, Sum: 0, Workers: 4
[3119.768s][debug][gc,phases      ] GC(63)   Weak JFR Old Object Samples    Min:  0.0, Avg:  0.0, Max:  0.0, Diff:  0.0, Sum:  0.0, Workers: 4
[3119.768s][debug][gc,phases      ] GC(63)     Dead                           Min: 0, Avg:  0.0, Max: 0, Diff: 0, Sum: 0, Workers: 4
[3119.768s][debug][gc,phases      ] GC(63)     Total                          Min: 0, Avg:  0.0, Max: 0, Diff: 0, Sum: 0, Workers: 4
[3119.768s][debug][gc,phases      ] GC(63) Weak Processing 0.445ms
[3119.769s][debug][gc,age         ] GC(63) Desired survivor size 14155776 bytes, new threshold 1 (max threshold 15)
[3119.769s][info ][gc,heap        ] GC(63) PSYoungGen: 2069344K(2082304K)->3184K(2081280K) Eden: 2066432K(2066432K)->0K(2066432K) From: 2912K(15872K)->3184K(14848K)
[3119.769s][info ][gc,heap        ] GC(63) ParOldGen: 303287K(303616K)->303919K(304128K)
[3119.769s][info ][gc,metaspace   ] GC(63) Metaspace: 106719K(108032K)->106719K(108032K) NonClass: 90607K(91328K)->90607K(91328K) Class: 16111K(16704K)->16111K(16704K)
[3119.769s][info ][gc             ] GC(63) Pause Young (Allocation Failure) 2317M->299M(2329M) 4.329ms
[3119.769s][info ][gc,cpu         ] GC(63) User=0.01s Sys=0.00s Real=0.00s
[3119.769s][info ][safepoint      ] Safepoint "ParallelGCFailedAllocation", Time since last: 3591909803 ns, Reaching safepoint: 6000 ns, Cleanup: 4501 ns, At safepoint: 4410422 ns, Total: 4420923 ns
[3132.186s][info ][safepoint      ] Safepoint "Cleanup", Time since last: 12417612151 ns, Reaching safepoint: 6600 ns, Cleanup: 12401 ns, At safepoint: 2400 ns, Total: 21401 ns
[3135.187s][info ][safepoint      ] Safepoint "Cleanup", Time since last: 3000250661 ns, Reaching safepoint: 6301 ns, Cleanup: 10100 ns, At safepoint: 2500 ns, Total: 18901 ns
[3149.188s][info ][safepoint      ] Safepoint "Cleanup", Time since last: 14001061884 ns, Reaching safepoint: 11601 ns, Cleanup: 26800 ns, At safepoint: 2901 ns, Total: 41302 ns
[3151.188s][info ][safepoint      ] Safepoint "Cleanup", Time since last: 2000208235 ns, Reaching safepoint: 7800 ns, Cleanup: 12101 ns, At safepoint: 3500 ns, Total: 23401 ns
[3152.188s][info ][safepoint      ] Safepoint "Cleanup", Time since last: 1000125418 ns, Reaching safepoint: 9000 ns, Cleanup: 15201 ns, At safepoint: 3100 ns, Total: 27301 ns
[3166.190s][info ][safepoint      ] Safepoint "Cleanup", Time since last: 14001649552 ns, Reaching safepoint: 9200 ns, Cleanup: 13501 ns, At safepoint: 3200 ns, Total: 25901 ns
[3167.190s][info ][safepoint      ] Safepoint "Cleanup", Time since last: 1000127198 ns, Reaching safepoint: 6201 ns, Cleanup: 10800 ns, At safepoint: 2400 ns, Total: 19401 ns
[3168.364s][info ][safepoint      ] Safepoint "Cleanup", Time since last: 1171696722 ns, Reaching safepoint: 2703077 ns, Cleanup: 17801 ns, At safepoint: 7200 ns, Total: 2728078 ns
[3169.370s][info ][safepoint      ] Safepoint "Cleanup", Time since last: 1005788561 ns, Reaching safepoint: 8700 ns, Cleanup: 18601 ns, At safepoint: 3300 ns, Total: 30601 ns
[3172.370s][info ][safepoint      ] Safepoint "Cleanup", Time since last: 3000257523 ns, Reaching safepoint: 8800 ns, Cleanup: 14601 ns, At safepoint: 2900 ns, Total: 26301 ns
[3180.371s][info ][safepoint      ] Safepoint "Cleanup", Time since last: 8000630170 ns, Reaching safepoint: 12701 ns, Cleanup: 24801 ns, At safepoint: 2900 ns, Total: 40402 ns
[3181.651s][info ][gc,start       ] GC(64) Pause Young (Allocation Failure)
[3182.024s][debug][gc,phases      ] GC(64) Scavenge 21.409ms
[3182.024s][debug][gc,ref         ] GC(64) ReferenceProcessor::execute queues: 1, RefProcThreadModel::Single, marks_oops_alive: false
[3182.024s][debug][gc,ref         ] GC(64) Skipped KeepAliveFinalRefsPhase of Reference Processing: no references
[3182.024s][debug][gc,ref         ] GC(64) Skipped PhantomRefsPhase of Reference Processing: no references
[3182.024s][debug][gc,phases      ] GC(64) Reference Processing 0.134ms
[3182.025s][debug][gc,phases      ] GC(64)   VM Weak                        Min:  0.0, Avg:  0.0, Max:  0.0, Diff:  0.0, Sum:  0.0, Workers: 4
[3182.025s][debug][gc,phases      ] GC(64)     Dead                           Min: 0, Avg:  0.0, Max: 0, Diff: 0, Sum: 0, Workers: 4
[3182.025s][debug][gc,phases      ] GC(64)     Total                          Min: 0, Avg: 256.2, Max: 768, Diff: 768, Sum: 1025, Workers: 4
[3182.025s][debug][gc,phases      ] GC(64)   ObjectSynchronizer Weak        Min:  0.0, Avg:  0.0, Max:  0.0, Diff:  0.0, Sum:  0.0, Workers: 4
[3182.025s][debug][gc,phases      ] GC(64)     Dead                           Min: 0, Avg:  0.0, Max: 0, Diff: 0, Sum: 0, Workers: 4
[3182.025s][debug][gc,phases      ] GC(64)     Total                          Min: 0, Avg:  0.8, Max: 3, Diff: 3, Sum: 3, Workers: 4
[3182.025s][debug][gc,phases      ] GC(64)   JVMTI Tag Weak OopStorage      Min:  0.0, Avg:  0.0, Max:  0.0, Diff:  0.0, Sum:  0.0, Workers: 4
[3182.025s][debug][gc,phases      ] GC(64)     Dead                           Min: 0, Avg:  0.0, Max: 0, Diff: 0, Sum: 0, Workers: 4
[3182.025s][debug][gc,phases      ] GC(64)     Total                          Min: 0, Avg:  0.0, Max: 0, Diff: 0, Sum: 0, Workers: 4
[3182.025s][debug][gc,phases      ] GC(64)   StringTable Weak               Min:  0.0, Avg:  0.1, Max:  0.2, Diff:  0.2, Sum:  0.5, Workers: 4
[3182.025s][debug][gc,phases      ] GC(64)     Dead                           Min: 0, Avg:  0.0, Max: 0, Diff: 0, Sum: 0, Workers: 4
[3182.025s][debug][gc,phases      ] GC(64)     Total                          Min: 0, Avg: 11629.0, Max: 23605, Diff: 23605, Sum: 46516, Workers: 4
[3182.025s][debug][gc,phases      ] GC(64)   ResolvedMethodTable Weak       Min:  0.0, Avg:  0.0, Max:  0.1, Diff:  0.1, Sum:  0.2, Workers: 4
[3182.025s][debug][gc,phases      ] GC(64)     Dead                           Min: 0, Avg:  4.0, Max: 11, Diff: 11, Sum: 16, Workers: 4
[3182.025s][debug][gc,phases      ] GC(64)     Total                          Min: 0, Avg: 3856.2, Max: 8165, Diff: 8165, Sum: 15425, Workers: 4
[3182.025s][debug][gc,phases      ] GC(64)   JNI Weak                       Min:  0.0, Avg:  0.0, Max:  0.0, Diff:  0.0, Sum:  0.0, Workers: 4
[3182.025s][debug][gc,phases      ] GC(64)     Dead                           Min: 0, Avg:  0.0, Max: 0, Diff: 0, Sum: 0, Workers: 4
[3182.025s][debug][gc,phases      ] GC(64)     Total                          Min: 0, Avg: 13.0, Max: 52, Diff: 52, Sum: 52, Workers: 4
[3182.025s][debug][gc,phases      ] GC(64)   StringDedup Table Weak         Min:  0.0, Avg:  0.0, Max:  0.0, Diff:  0.0, Sum:  0.0, Workers: 4
[3182.025s][debug][gc,phases      ] GC(64)     Dead                           Min: 0, Avg:  0.0, Max: 0, Diff: 0, Sum: 0, Workers: 4
[3182.025s][debug][gc,phases      ] GC(64)     Total                          Min: 0, Avg:  0.0, Max: 0, Diff: 0, Sum: 0, Workers: 4
[3182.025s][debug][gc,phases      ] GC(64)   StringDedup Requests0 Weak     Min:  0.0, Avg:  0.0, Max:  0.0, Diff:  0.0, Sum:  0.0, Workers: 4
[3182.025s][debug][gc,phases      ] GC(64)     Dead                           Min: 0, Avg:  0.0, Max: 0, Diff: 0, Sum: 0, Workers: 4
[3182.025s][debug][gc,phases      ] GC(64)     Total                          Min: 0, Avg:  0.0, Max: 0, Diff: 0, Sum: 0, Workers: 4
[3182.025s][debug][gc,phases      ] GC(64)   StringDedup Requests1 Weak     Min:  0.0, Avg:  0.0, Max:  0.0, Diff:  0.0, Sum:  0.0, Workers: 4
[3182.025s][debug][gc,phases      ] GC(64)     Dead                           Min: 0, Avg:  0.0, Max: 0, Diff: 0, Sum: 0, Workers: 4
[3182.025s][debug][gc,phases      ] GC(64)     Total                          Min: 0, Avg:  0.0, Max: 0, Diff: 0, Sum: 0, Workers: 4
[3182.025s][debug][gc,phases      ] GC(64)   Weak JFR Old Object Samples    Min:  0.0, Avg:  0.0, Max:  0.0, Diff:  0.0, Sum:  0.0, Workers: 4
[3182.025s][debug][gc,phases      ] GC(64)     Dead                           Min: 0, Avg:  0.0, Max: 0, Diff: 0, Sum: 0, Workers: 4
[3182.025s][debug][gc,phases      ] GC(64)     Total                          Min: 0, Avg:  0.0, Max: 0, Diff: 0, Sum: 0, Workers: 4
[3182.025s][debug][gc,phases      ] GC(64) Weak Processing 0.602ms
[3182.025s][debug][gc,age         ] GC(64) Desired survivor size 13631488 bytes, new threshold 1 (max threshold 15)
[3182.025s][info ][gc,heap        ] GC(64) PSYoungGen: 2069616K(2081280K)->4800K(2083840K) Eden: 2066432K(2066432K)->0K(2070016K) From: 3184K(14848K)->4800K(13824K)
[3182.025s][info ][gc,heap        ] GC(64) ParOldGen: 303919K(304128K)->304667K(305152K)
[3182.025s][info ][gc,metaspace   ] GC(64) Metaspace: 106737K(108096K)->106737K(108096K) NonClass: 90626K(91392K)->90626K(91392K) Class: 16111K(16704K)->16111K(16704K)
[3182.025s][info ][gc             ] GC(64) Pause Young (Allocation Failure) 2317M->302M(2333M) 373.826ms
[3182.025s][info ][gc,cpu         ] GC(64) User=0.02s Sys=0.01s Real=0.38s
[3182.025s][info ][safepoint      ] Safepoint "ParallelGCFailedAllocation", Time since last: 1280042543 ns, Reaching safepoint: 83002 ns, Cleanup: 15400 ns, At safepoint: 373936525 ns, Total: 374034927 ns
[3184.025s][info ][safepoint      ] Safepoint "Cleanup", Time since last: 2000173080 ns, Reaching safepoint: 9400 ns, Cleanup: 18000 ns, At safepoint: 29401 ns, Total: 56801 ns
[3190.026s][info ][safepoint      ] Safepoint "Cleanup", Time since last: 6000578990 ns, Reaching safepoint: 9700 ns, Cleanup: 13601 ns, At safepoint: 3000 ns, Total: 26301 ns
[3243.233s][info ][safepoint      ] Safepoint "Cleanup", Time since last: 53206764241 ns, Reaching safepoint: 7201 ns, Cleanup: 13400 ns, At safepoint: 2400 ns, Total: 23001 ns
[3244.601s][info ][gc,start       ] GC(65) Pause Young (Allocation Failure)
[3244.606s][debug][gc,phases      ] GC(65) Scavenge 5.687ms
[3244.606s][debug][gc,ref         ] GC(65) ReferenceProcessor::execute queues: 1, RefProcThreadModel::Single, marks_oops_alive: false
[3244.606s][debug][gc,ref         ] GC(65) Skipped KeepAliveFinalRefsPhase of Reference Processing: no references
[3244.606s][debug][gc,ref         ] GC(65) ReferenceProcessor::execute queues: 1, RefProcThreadModel::Single, marks_oops_alive: false
[3244.607s][debug][gc,phases      ] GC(65) Reference Processing 0.144ms
[3244.607s][debug][gc,phases      ] GC(65)   VM Weak                        Min:  0.0, Avg:  0.0, Max:  0.0, Diff:  0.0, Sum:  0.0, Workers: 4
[3244.607s][debug][gc,phases      ] GC(65)     Dead                           Min: 0, Avg:  0.0, Max: 0, Diff: 0, Sum: 0, Workers: 4
[3244.607s][debug][gc,phases      ] GC(65)     Total                          Min: 0, Avg: 256.2, Max: 768, Diff: 768, Sum: 1025, Workers: 4
[3244.607s][debug][gc,phases      ] GC(65)   ObjectSynchronizer Weak        Min:  0.0, Avg:  0.0, Max:  0.0, Diff:  0.0, Sum:  0.0, Workers: 4
[3244.607s][debug][gc,phases      ] GC(65)     Dead                           Min: 0, Avg:  0.0, Max: 0, Diff: 0, Sum: 0, Workers: 4
[3244.607s][debug][gc,phases      ] GC(65)     Total                          Min: 0, Avg:  0.8, Max: 3, Diff: 3, Sum: 3, Workers: 4
[3244.607s][debug][gc,phases      ] GC(65)   JVMTI Tag Weak OopStorage      Min:  0.0, Avg:  0.0, Max:  0.0, Diff:  0.0, Sum:  0.0, Workers: 4
[3244.607s][debug][gc,phases      ] GC(65)     Dead                           Min: 0, Avg:  0.0, Max: 0, Diff: 0, Sum: 0, Workers: 4
[3244.607s][debug][gc,phases      ] GC(65)     Total                          Min: 0, Avg:  0.0, Max: 0, Diff: 0, Sum: 0, Workers: 4
[3244.607s][debug][gc,phases      ] GC(65)   StringTable Weak               Min:  0.0, Avg:  0.1, Max:  0.2, Diff:  0.2, Sum:  0.5, Workers: 4
[3244.607s][debug][gc,phases      ] GC(65)     Dead                           Min: 0, Avg:  0.0, Max: 0, Diff: 0, Sum: 0, Workers: 4
[3244.607s][debug][gc,phases      ] GC(65)     Total                          Min: 0, Avg: 11629.2, Max: 16438, Diff: 16438, Sum: 46517, Workers: 4
[3244.607s][debug][gc,phases      ] GC(65)   ResolvedMethodTable Weak       Min:  0.0, Avg:  0.0, Max:  0.1, Diff:  0.1, Sum:  0.2, Workers: 4
[3244.607s][debug][gc,phases      ] GC(65)     Dead                           Min: 0, Avg:  4.0, Max: 14, Diff: 14, Sum: 16, Workers: 4
[3244.607s][debug][gc,phases      ] GC(65)     Total                          Min: 0, Avg: 3856.2, Max: 5695, Diff: 5695, Sum: 15425, Workers: 4
[3244.607s][debug][gc,phases      ] GC(65)   JNI Weak                       Min:  0.0, Avg:  0.0, Max:  0.0, Diff:  0.0, Sum:  0.0, Workers: 4
[3244.607s][debug][gc,phases      ] GC(65)     Dead                           Min: 0, Avg:  0.0, Max: 0, Diff: 0, Sum: 0, Workers: 4
[3244.607s][debug][gc,phases      ] GC(65)     Total                          Min: 0, Avg: 13.0, Max: 52, Diff: 52, Sum: 52, Workers: 4
[3244.607s][debug][gc,phases      ] GC(65)   StringDedup Table Weak         Min:  0.0, Avg:  0.0, Max:  0.0, Diff:  0.0, Sum:  0.0, Workers: 4
[3244.607s][debug][gc,phases      ] GC(65)     Dead                           Min: 0, Avg:  0.0, Max: 0, Diff: 0, Sum: 0, Workers: 4
[3244.607s][debug][gc,phases      ] GC(65)     Total                          Min: 0, Avg:  0.0, Max: 0, Diff: 0, Sum: 0, Workers: 4
[3244.607s][debug][gc,phases      ] GC(65)   StringDedup Requests0 Weak     Min:  0.0, Avg:  0.0, Max:  0.0, Diff:  0.0, Sum:  0.0, Workers: 4
[3244.607s][debug][gc,phases      ] GC(65)     Dead                           Min: 0, Avg:  0.0, Max: 0, Diff: 0, Sum: 0, Workers: 4
[3244.607s][debug][gc,phases      ] GC(65)     Total                          Min: 0, Avg:  0.0, Max: 0, Diff: 0, Sum: 0, Workers: 4
[3244.607s][debug][gc,phases      ] GC(65)   StringDedup Requests1 Weak     Min:  0.0, Avg:  0.0, Max:  0.0, Diff:  0.0, Sum:  0.0, Workers: 4
[3244.607s][debug][gc,phases      ] GC(65)     Dead                           Min: 0, Avg:  0.0, Max: 0, Diff: 0, Sum: 0, Workers: 4
[3244.607s][debug][gc,phases      ] GC(65)     Total                          Min: 0, Avg:  0.0, Max: 0, Diff: 0, Sum: 0, Workers: 4
[3244.607s][debug][gc,phases      ] GC(65)   Weak JFR Old Object Samples    Min:  0.0, Avg:  0.0, Max:  0.0, Diff:  0.0, Sum:  0.0, Workers: 4
[3244.607s][debug][gc,phases      ] GC(65)     Dead                           Min: 0, Avg:  0.0, Max: 0, Diff: 0, Sum: 0, Workers: 4
[3244.607s][debug][gc,phases      ] GC(65)     Total                          Min: 0, Avg:  0.0, Max: 0, Diff: 0, Sum: 0, Workers: 4
[3244.607s][debug][gc,phases      ] GC(65) Weak Processing 0.452ms
[3244.607s][debug][gc,age         ] GC(65) Desired survivor size 12582912 bytes, new threshold 1 (max threshold 15)
[3244.607s][info ][gc,heap        ] GC(65) PSYoungGen: 2074816K(2083840K)->4384K(2083328K) Eden: 2070016K(2070016K)->0K(2070016K) From: 4800K(13824K)->4384K(13312K)
[3244.607s][info ][gc,heap        ] GC(65) ParOldGen: 304667K(305152K)->305700K(306176K)
[3244.607s][info ][gc,metaspace   ] GC(65) Metaspace: 106741K(108160K)->106741K(108160K) NonClass: 90630K(91456K)->90630K(91456K) Class: 16111K(16704K)->16111K(16704K)
[3244.607s][info ][gc             ] GC(65) Pause Young (Allocation Failure) 2323M->302M(2333M) 6.429ms
[3244.607s][info ][gc,cpu         ] GC(65) User=0.02s Sys=0.00s Real=0.00s
[3244.607s][info ][safepoint      ] Safepoint "ParallelGCFailedAllocation", Time since last: 1367747333 ns, Reaching safepoint: 84402 ns, Cleanup: 4800 ns, At safepoint: 6514766 ns, Total: 6603968 ns
[3251.608s][info ][safepoint      ] Safepoint "Cleanup", Time since last: 7001111924 ns, Reaching safepoint: 6900 ns, Cleanup: 11201 ns, At safepoint: 2600 ns, Total: 20701 ns
[3257.609s][info ][safepoint      ] Safepoint "Cleanup", Time since last: 6000476780 ns, Reaching safepoint: 7300 ns, Cleanup: 10401 ns, At safepoint: 2600 ns, Total: 20301 ns
[3274.610s][info ][safepoint      ] Safepoint "Cleanup", Time since last: 17001282018 ns, Reaching safepoint: 7300 ns, Cleanup: 9800 ns, At safepoint: 3100 ns, Total: 20200 ns
[3276.213s][info ][safepoint      ] Safepoint "Cleanup", Time since last: 1603074871 ns, Reaching safepoint: 4201 ns, Cleanup: 37200 ns, At safepoint: 4901 ns, Total: 46302 ns
[3277.286s][info ][safepoint      ] Safepoint "Cleanup", Time since last: 1073246357 ns, Reaching safepoint: 7300 ns, Cleanup: 56601 ns, At safepoint: 2900 ns, Total: 66801 ns
[3278.287s][info ][safepoint      ] Safepoint "Cleanup", Time since last: 1000113402 ns, Reaching safepoint: 6900 ns, Cleanup: 9200 ns, At safepoint: 2600 ns, Total: 18700 ns
[3286.287s][info ][safepoint      ] Safepoint "Cleanup", Time since last: 8000611557 ns, Reaching safepoint: 8900 ns, Cleanup: 12400 ns, At safepoint: 2500 ns, Total: 23800 ns
[3287.287s][info ][safepoint      ] Safepoint "Cleanup", Time since last: 1000118689 ns, Reaching safepoint: 8500 ns, Cleanup: 12800 ns, At safepoint: 2700 ns, Total: 24000 ns
[3288.288s][info ][safepoint      ] Safepoint "Cleanup", Time since last: 1000140290 ns, Reaching safepoint: 7400 ns, Cleanup: 21700 ns, At safepoint: 3100 ns, Total: 32200 ns
[3290.288s][info ][safepoint      ] Safepoint "Cleanup", Time since last: 2000192477 ns, Reaching safepoint: 7000 ns, Cleanup: 22601 ns, At safepoint: 2700 ns, Total: 32301 ns
[3294.288s][info ][safepoint      ] Safepoint "Cleanup", Time since last: 4000351052 ns, Reaching safepoint: 7000 ns, Cleanup: 16900 ns, At safepoint: 2600 ns, Total: 26500 ns
[3296.288s][info ][safepoint      ] Safepoint "Cleanup", Time since last: 2000185150 ns, Reaching safepoint: 6900 ns, Cleanup: 11100 ns, At safepoint: 2800 ns, Total: 20800 ns
[3299.289s][info ][safepoint      ] Safepoint "Cleanup", Time since last: 3000258474 ns, Reaching safepoint: 7400 ns, Cleanup: 10900 ns, At safepoint: 2500 ns, Total: 20800 ns
[3300.289s][info ][safepoint      ] Safepoint "Cleanup", Time since last: 1000127830 ns, Reaching safepoint: 10600 ns, Cleanup: 16201 ns, At safepoint: 3400 ns, Total: 30201 ns
[3302.251s][info ][safepoint      ] Safepoint "Cleanup", Time since last: 1962048726 ns, Reaching safepoint: 82702 ns, Cleanup: 24100 ns, At safepoint: 6700 ns, Total: 113502 ns
[3306.058s][info ][gc,start       ] GC(66) Pause Young (Allocation Failure)
[3306.063s][debug][gc,phases      ] GC(66) Scavenge 5.003ms
[3306.064s][debug][gc,ref         ] GC(66) ReferenceProcessor::execute queues: 1, RefProcThreadModel::Single, marks_oops_alive: false
[3306.064s][debug][gc,ref         ] GC(66) Skipped KeepAliveFinalRefsPhase of Reference Processing: no references
[3306.064s][debug][gc,ref         ] GC(66) ReferenceProcessor::execute queues: 1, RefProcThreadModel::Single, marks_oops_alive: false
[3306.064s][debug][gc,phases      ] GC(66) Reference Processing 0.132ms
[3306.064s][debug][gc,phases      ] GC(66)   VM Weak                        Min:  0.0, Avg:  0.0, Max:  0.0, Diff:  0.0, Sum:  0.0, Workers: 4
[3306.064s][debug][gc,phases      ] GC(66)     Dead                           Min: 0, Avg:  0.0, Max: 0, Diff: 0, Sum: 0, Workers: 4
[3306.064s][debug][gc,phases      ] GC(66)     Total                          Min: 0, Avg: 258.0, Max: 640, Diff: 640, Sum: 1032, Workers: 4
[3306.064s][debug][gc,phases      ] GC(66)   ObjectSynchronizer Weak        Min:  0.0, Avg:  0.0, Max:  0.0, Diff:  0.0, Sum:  0.0, Workers: 4
[3306.064s][debug][gc,phases      ] GC(66)     Dead                           Min: 0, Avg:  0.0, Max: 0, Diff: 0, Sum: 0, Workers: 4
[3306.064s][debug][gc,phases      ] GC(66)     Total                          Min: 0, Avg:  0.8, Max: 3, Diff: 3, Sum: 3, Workers: 4
[3306.064s][debug][gc,phases      ] GC(66)   JVMTI Tag Weak OopStorage      Min:  0.0, Avg:  0.0, Max:  0.0, Diff:  0.0, Sum:  0.0, Workers: 4
[3306.064s][debug][gc,phases      ] GC(66)     Dead                           Min: 0, Avg:  0.0, Max: 0, Diff: 0, Sum: 0, Workers: 4
[3306.064s][debug][gc,phases      ] GC(66)     Total                          Min: 0, Avg:  0.0, Max: 0, Diff: 0, Sum: 0, Workers: 4
[3306.064s][debug][gc,phases      ] GC(66)   StringTable Weak               Min:  0.0, Avg:  0.1, Max:  0.2, Diff:  0.2, Sum:  0.5, Workers: 4
[3306.064s][debug][gc,phases      ] GC(66)     Dead                           Min: 0, Avg:  0.5, Max: 2, Diff: 2, Sum: 2, Workers: 4
[3306.064s][debug][gc,phases      ] GC(66)     Total                          Min: 0, Avg: 11894.0, Max: 16448, Diff: 16448, Sum: 47576, Workers: 4
[3306.064s][debug][gc,phases      ] GC(66)   ResolvedMethodTable Weak       Min:  0.0, Avg:  0.0, Max:  0.1, Diff:  0.1, Sum:  0.2, Workers: 4
[3306.064s][debug][gc,phases      ] GC(66)     Dead                           Min: 0, Avg: 16.0, Max: 25, Diff: 25, Sum: 64, Workers: 4
[3306.064s][debug][gc,phases      ] GC(66)     Total                          Min: 0, Avg: 3882.0, Max: 5743, Diff: 5743, Sum: 15528, Workers: 4
[3306.064s][debug][gc,phases      ] GC(66)   JNI Weak                       Min:  0.0, Avg:  0.0, Max:  0.0, Diff:  0.0, Sum:  0.0, Workers: 4
[3306.064s][debug][gc,phases      ] GC(66)     Dead                           Min: 0, Avg:  0.0, Max: 0, Diff: 0, Sum: 0, Workers: 4
[3306.064s][debug][gc,phases      ] GC(66)     Total                          Min: 0, Avg: 13.0, Max: 52, Diff: 52, Sum: 52, Workers: 4
[3306.064s][debug][gc,phases      ] GC(66)   StringDedup Table Weak         Min:  0.0, Avg:  0.0, Max:  0.0, Diff:  0.0, Sum:  0.0, Workers: 4
[3306.064s][debug][gc,phases      ] GC(66)     Dead                           Min: 0, Avg:  0.0, Max: 0, Diff: 0, Sum: 0, Workers: 4
[3306.064s][debug][gc,phases      ] GC(66)     Total                          Min: 0, Avg:  0.0, Max: 0, Diff: 0, Sum: 0, Workers: 4
[3306.064s][debug][gc,phases      ] GC(66)   StringDedup Requests0 Weak     Min:  0.0, Avg:  0.0, Max:  0.0, Diff:  0.0, Sum:  0.0, Workers: 4
[3306.064s][debug][gc,phases      ] GC(66)     Dead                           Min: 0, Avg:  0.0, Max: 0, Diff: 0, Sum: 0, Workers: 4
[3306.064s][debug][gc,phases      ] GC(66)     Total                          Min: 0, Avg:  0.0, Max: 0, Diff: 0, Sum: 0, Workers: 4
[3306.064s][debug][gc,phases      ] GC(66)   StringDedup Requests1 Weak     Min:  0.0, Avg:  0.0, Max:  0.0, Diff:  0.0, Sum:  0.0, Workers: 4
[3306.064s][debug][gc,phases      ] GC(66)     Dead                           Min: 0, Avg:  0.0, Max: 0, Diff: 0, Sum: 0, Workers: 4
[3306.064s][debug][gc,phases      ] GC(66)     Total                          Min: 0, Avg:  0.0, Max: 0, Diff: 0, Sum: 0, Workers: 4
[3306.064s][debug][gc,phases      ] GC(66)   Weak JFR Old Object Samples    Min:  0.0, Avg:  0.0, Max:  0.0, Diff:  0.0, Sum:  0.0, Workers: 4
[3306.064s][debug][gc,phases      ] GC(66)     Dead                           Min: 0, Avg:  0.0, Max: 0, Diff: 0, Sum: 0, Workers: 4
[3306.064s][debug][gc,phases      ] GC(66)     Total                          Min: 0, Avg:  0.0, Max: 0, Diff: 0, Sum: 0, Workers: 4
[3306.064s][debug][gc,phases      ] GC(66) Weak Processing 0.480ms
[3306.064s][debug][gc,age         ] GC(66) Desired survivor size 12058624 bytes, new threshold 1 (max threshold 15)
[3306.064s][info ][gc,heap        ] GC(66) PSYoungGen: 2074400K(2083328K)->5280K(2085376K) Eden: 2070016K(2070016K)->0K(2073088K) From: 4384K(13312K)->5280K(12288K)
[3306.064s][info ][gc,heap        ] GC(66) ParOldGen: 305700K(306176K)->306376K(306688K)
[3306.064s][info ][gc,metaspace   ] GC(66) Metaspace: 110130K(111552K)->110130K(111552K) NonClass: 93614K(94400K)->93614K(94400K) Class: 16515K(17152K)->16515K(17152K)
[3306.064s][info ][gc             ] GC(66) Pause Young (Allocation Failure) 2324M->304M(2336M) 5.760ms
[3306.064s][info ][gc,cpu         ] GC(66) User=0.02s Sys=0.00s Real=0.01s
[3306.064s][info ][safepoint      ] Safepoint "ParallelGCFailedAllocation", Time since last: 3807355986 ns, Reaching safepoint: 7100 ns, Cleanup: 3700 ns, At safepoint: 5847328 ns, Total: 5858128 ns
[3310.064s][info ][safepoint      ] Safepoint "Cleanup", Time since last: 4000293771 ns, Reaching safepoint: 6100 ns, Cleanup: 11700 ns, At safepoint: 2400 ns, Total: 20200 ns
[3311.065s][info ][safepoint      ] Safepoint "Cleanup", Time since last: 1000106601 ns, Reaching safepoint: 6100 ns, Cleanup: 8501 ns, At safepoint: 2600 ns, Total: 17201 ns
[3312.065s][info ][safepoint      ] Safepoint "Cleanup", Time since last: 1000109101 ns, Reaching safepoint: 6200 ns, Cleanup: 10400 ns, At safepoint: 2700 ns, Total: 19300 ns
[3313.504s][info ][gc,start       ] GC(67) Pause Young (CodeCache GC Threshold)
[3313.509s][debug][gc,phases      ] GC(67) Scavenge 4.628ms
[3313.509s][debug][gc,ref         ] GC(67) Skipped SoftWeakFinalRefsPhase of Reference Processing: no references
[3313.509s][debug][gc,ref         ] GC(67) Skipped KeepAliveFinalRefsPhase of Reference Processing: no references
[3313.509s][debug][gc,ref         ] GC(67) ReferenceProcessor::execute queues: 1, RefProcThreadModel::Single, marks_oops_alive: false
[3313.509s][debug][gc,phases      ] GC(67) Reference Processing 0.091ms
[3313.510s][debug][gc,phases      ] GC(67)   VM Weak                        Min:  0.0, Avg:  0.0, Max:  0.0, Diff:  0.0, Sum:  0.0, Workers: 4
[3313.510s][debug][gc,phases      ] GC(67)     Dead                           Min: 0, Avg:  0.0, Max: 0, Diff: 0, Sum: 0, Workers: 4
[3313.510s][debug][gc,phases      ] GC(67)     Total                          Min: 0, Avg: 258.0, Max: 712, Diff: 712, Sum: 1032, Workers: 4
[3313.510s][debug][gc,phases      ] GC(67)   ObjectSynchronizer Weak        Min:  0.0, Avg:  0.0, Max:  0.0, Diff:  0.0, Sum:  0.0, Workers: 4
[3313.510s][debug][gc,phases      ] GC(67)     Dead                           Min: 0, Avg:  0.0, Max: 0, Diff: 0, Sum: 0, Workers: 4
[3313.510s][debug][gc,phases      ] GC(67)     Total                          Min: 0, Avg:  1.0, Max: 4, Diff: 4, Sum: 4, Workers: 4
[3313.510s][debug][gc,phases      ] GC(67)   JVMTI Tag Weak OopStorage      Min:  0.0, Avg:  0.0, Max:  0.0, Diff:  0.0, Sum:  0.0, Workers: 4
[3313.510s][debug][gc,phases      ] GC(67)     Dead                           Min: 0, Avg:  0.0, Max: 0, Diff: 0, Sum: 0, Workers: 4
[3313.510s][debug][gc,phases      ] GC(67)     Total                          Min: 0, Avg:  0.0, Max: 0, Diff: 0, Sum: 0, Workers: 4
[3313.510s][debug][gc,phases      ] GC(67)   StringTable Weak               Min:  0.0, Avg:  0.1, Max:  0.2, Diff:  0.2, Sum:  0.5, Workers: 4
[3313.510s][debug][gc,phases      ] GC(67)     Dead                           Min: 0, Avg:  0.0, Max: 0, Diff: 0, Sum: 0, Workers: 4
[3313.510s][debug][gc,phases      ] GC(67)     Total                          Min: 0, Avg: 11894.0, Max: 16344, Diff: 16344, Sum: 47576, Workers: 4
[3313.510s][debug][gc,phases      ] GC(67)   ResolvedMethodTable Weak       Min:  0.0, Avg:  0.0, Max:  0.1, Diff:  0.1, Sum:  0.2, Workers: 4
[3313.510s][debug][gc,phases      ] GC(67)     Dead                           Min: 0, Avg:  0.0, Max: 0, Diff: 0, Sum: 0, Workers: 4
[3313.510s][debug][gc,phases      ] GC(67)     Total                          Min: 0, Avg: 3882.0, Max: 5626, Diff: 5626, Sum: 15528, Workers: 4
[3313.510s][debug][gc,phases      ] GC(67)   JNI Weak                       Min:  0.0, Avg:  0.0, Max:  0.0, Diff:  0.0, Sum:  0.0, Workers: 4
[3313.510s][debug][gc,phases      ] GC(67)     Dead                           Min: 0, Avg:  0.0, Max: 0, Diff: 0, Sum: 0, Workers: 4
[3313.510s][debug][gc,phases      ] GC(67)     Total                          Min: 0, Avg: 14.2, Max: 57, Diff: 57, Sum: 57, Workers: 4
[3313.510s][debug][gc,phases      ] GC(67)   StringDedup Table Weak         Min:  0.0, Avg:  0.0, Max:  0.0, Diff:  0.0, Sum:  0.0, Workers: 4
[3313.510s][debug][gc,phases      ] GC(67)     Dead                           Min: 0, Avg:  0.0, Max: 0, Diff: 0, Sum: 0, Workers: 4
[3313.510s][debug][gc,phases      ] GC(67)     Total                          Min: 0, Avg:  0.0, Max: 0, Diff: 0, Sum: 0, Workers: 4
[3313.510s][debug][gc,phases      ] GC(67)   StringDedup Requests0 Weak     Min:  0.0, Avg:  0.0, Max:  0.0, Diff:  0.0, Sum:  0.0, Workers: 4
[3313.510s][debug][gc,phases      ] GC(67)     Dead                           Min: 0, Avg:  0.0, Max: 0, Diff: 0, Sum: 0, Workers: 4
[3313.510s][debug][gc,phases      ] GC(67)     Total                          Min: 0, Avg:  0.0, Max: 0, Diff: 0, Sum: 0, Workers: 4
[3313.510s][debug][gc,phases      ] GC(67)   StringDedup Requests1 Weak     Min:  0.0, Avg:  0.0, Max:  0.0, Diff:  0.0, Sum:  0.0, Workers: 4
[3313.510s][debug][gc,phases      ] GC(67)     Dead                           Min: 0, Avg:  0.0, Max: 0, Diff: 0, Sum: 0, Workers: 4
[3313.510s][debug][gc,phases      ] GC(67)     Total                          Min: 0, Avg:  0.0, Max: 0, Diff: 0, Sum: 0, Workers: 4
[3313.510s][debug][gc,phases      ] GC(67)   Weak JFR Old Object Samples    Min:  0.0, Avg:  0.0, Max:  0.0, Diff:  0.0, Sum:  0.0, Workers: 4
[3313.510s][debug][gc,phases      ] GC(67)     Dead                           Min: 0, Avg:  0.0, Max: 0, Diff: 0, Sum: 0, Workers: 4
[3313.510s][debug][gc,phases      ] GC(67)     Total                          Min: 0, Avg:  0.0, Max: 0, Diff: 0, Sum: 0, Workers: 4
[3313.510s][debug][gc,phases      ] GC(67) Weak Processing 0.440ms
[3313.510s][debug][gc,age         ] GC(67) Desired survivor size 12058624 bytes, new threshold 1 (max threshold 15)
[3313.510s][info ][gc,heap        ] GC(67) PSYoungGen: 349869K(2085376K)->480K(2084864K) Eden: 344589K(2073088K)->0K(2073088K) From: 5280K(12288K)->480K(11776K)
[3313.510s][info ][gc,heap        ] GC(67) ParOldGen: 306376K(306688K)->311272K(311296K)
[3313.510s][info ][gc,metaspace   ] GC(67) Metaspace: 110136K(111552K)->110136K(111552K) NonClass: 93621K(94400K)->93621K(94400K) Class: 16515K(17152K)->16515K(17152K)
[3313.510s][info ][gc             ] GC(67) Pause Young (CodeCache GC Threshold) 640M->304M(2340M) 5.299ms
[3313.510s][info ][gc,cpu         ] GC(67) User=0.02s Sys=0.00s Real=0.00s
[3313.510s][debug][gc,phases      ] GC(68) Pre Compact 0.009ms
[3313.510s][info ][gc,start       ] GC(68) Pause Full (CodeCache GC Threshold)
[3313.510s][info ][gc,phases,start] GC(68) Marking Phase
[3313.596s][debug][gc,phases      ] GC(68) Par Mark 86.130ms
[3313.597s][debug][gc,ref         ] GC(68) ReferenceProcessor::execute queues: 4, RefProcThreadModel::Multi, marks_oops_alive: false
[3313.597s][debug][gc,ref         ] GC(68) Skipped KeepAliveFinalRefsPhase of Reference Processing: no references
[3313.597s][debug][gc,ref         ] GC(68) ReferenceProcessor::execute queues: 1, RefProcThreadModel::Single, marks_oops_alive: false
[3313.597s][debug][gc,phases      ] GC(68) Reference Processing 1.245ms
[3313.598s][debug][gc,phases      ] GC(68)   VM Weak                        Min:  0.0, Avg:  0.0, Max:  0.0, Diff:  0.0, Sum:  0.0, Workers: 4
[3313.598s][debug][gc,phases      ] GC(68)     Dead                           Min: 0, Avg:  0.0, Max: 0, Diff: 0, Sum: 0, Workers: 4
[3313.598s][debug][gc,phases      ] GC(68)     Total                          Min: 0, Avg: 258.0, Max: 512, Diff: 512, Sum: 1032, Workers: 4
[3313.598s][debug][gc,phases      ] GC(68)   ObjectSynchronizer Weak        Min:  0.0, Avg:  0.0, Max:  0.0, Diff:  0.0, Sum:  0.0, Workers: 4
[3313.598s][debug][gc,phases      ] GC(68)     Dead                           Min: 0, Avg:  0.0, Max: 0, Diff: 0, Sum: 0, Workers: 4
[3313.598s][debug][gc,phases      ] GC(68)     Total                          Min: 0, Avg:  1.0, Max: 4, Diff: 4, Sum: 4, Workers: 4
[3313.598s][debug][gc,phases      ] GC(68)   JVMTI Tag Weak OopStorage      Min:  0.0, Avg:  0.0, Max:  0.0, Diff:  0.0, Sum:  0.0, Workers: 4
[3313.598s][debug][gc,phases      ] GC(68)     Dead                           Min: 0, Avg:  0.0, Max: 0, Diff: 0, Sum: 0, Workers: 4
[3313.598s][debug][gc,phases      ] GC(68)     Total                          Min: 0, Avg:  0.0, Max: 0, Diff: 0, Sum: 0, Workers: 4
[3313.598s][debug][gc,phases      ] GC(68)   StringTable Weak               Min:  0.0, Avg:  0.2, Max:  0.3, Diff:  0.3, Sum:  0.8, Workers: 4
[3313.598s][debug][gc,phases      ] GC(68)     Dead                           Min: 0, Avg:  0.0, Max: 0, Diff: 0, Sum: 0, Workers: 4
[3313.598s][debug][gc,phases      ] GC(68)     Total                          Min: 0, Avg: 11894.0, Max: 18368, Diff: 18368, Sum: 47576, Workers: 4
[3313.598s][debug][gc,phases      ] GC(68)   ResolvedMethodTable Weak       Min:  0.0, Avg:  0.1, Max:  0.1, Diff:  0.1, Sum:  0.2, Workers: 4
[3313.598s][debug][gc,phases      ] GC(68)     Dead                           Min: 0, Avg:  0.0, Max: 0, Diff: 0, Sum: 0, Workers: 4
[3313.598s][debug][gc,phases      ] GC(68)     Total                          Min: 0, Avg: 3882.0, Max: 6066, Diff: 6066, Sum: 15528, Workers: 4
[3313.598s][debug][gc,phases      ] GC(68)   JNI Weak                       Min:  0.0, Avg:  0.0, Max:  0.0, Diff:  0.0, Sum:  0.0, Workers: 4
[3313.598s][debug][gc,phases      ] GC(68)     Dead                           Min: 0, Avg:  0.0, Max: 0, Diff: 0, Sum: 0, Workers: 4
[3313.598s][debug][gc,phases      ] GC(68)     Total                          Min: 0, Avg: 14.2, Max: 57, Diff: 57, Sum: 57, Workers: 4
[3313.598s][debug][gc,phases      ] GC(68)   StringDedup Table Weak         Min:  0.0, Avg:  0.0, Max:  0.0, Diff:  0.0, Sum:  0.0, Workers: 4
[3313.598s][debug][gc,phases      ] GC(68)     Dead                           Min: 0, Avg:  0.0, Max: 0, Diff: 0, Sum: 0, Workers: 4
[3313.598s][debug][gc,phases      ] GC(68)     Total                          Min: 0, Avg:  0.0, Max: 0, Diff: 0, Sum: 0, Workers: 4
[3313.598s][debug][gc,phases      ] GC(68)   StringDedup Requests0 Weak     Min:  0.0, Avg:  0.0, Max:  0.0, Diff:  0.0, Sum:  0.0, Workers: 4
[3313.598s][debug][gc,phases      ] GC(68)     Dead                           Min: 0, Avg:  0.0, Max: 0, Diff: 0, Sum: 0, Workers: 4
[3313.598s][debug][gc,phases      ] GC(68)     Total                          Min: 0, Avg:  0.0, Max: 0, Diff: 0, Sum: 0, Workers: 4
[3313.598s][debug][gc,phases      ] GC(68)   StringDedup Requests1 Weak     Min:  0.0, Avg:  0.0, Max:  0.0, Diff:  0.0, Sum:  0.0, Workers: 4
[3313.598s][debug][gc,phases      ] GC(68)     Dead                           Min: 0, Avg:  0.0, Max: 0, Diff: 0, Sum: 0, Workers: 4
[3313.598s][debug][gc,phases      ] GC(68)     Total                          Min: 0, Avg:  0.0, Max: 0, Diff: 0, Sum: 0, Workers: 4
[3313.598s][debug][gc,phases      ] GC(68)   Weak JFR Old Object Samples    Min:  0.0, Avg:  0.0, Max:  0.0, Diff:  0.0, Sum:  0.0, Workers: 4
[3313.598s][debug][gc,phases      ] GC(68)     Dead                           Min: 0, Avg:  0.0, Max: 0, Diff: 0, Sum: 0, Workers: 4
[3313.598s][debug][gc,phases      ] GC(68)     Total                          Min: 0, Avg:  0.0, Max: 0, Diff: 0, Sum: 0, Workers: 4
[3313.598s][debug][gc,phases      ] GC(68) Weak Processing 0.573ms
[3313.598s][debug][gc,phases      ] GC(68) ClassLoaderData 0.141ms
[3313.598s][debug][gc,phases      ] GC(68) Trigger cleanups 0.000ms
[3313.659s][debug][gc,phases      ] GC(68) Purge Unlinked NMethods 2.540ms
[3313.659s][debug][gc,phases      ] GC(68) Unregister NMethods 0.001ms
[3313.659s][debug][gc,phases      ] GC(68) Free Code Blobs 0.346ms
[3313.659s][debug][gc,phases      ] GC(68) Class Unloading 61.207ms
[3313.659s][debug][gc,phases      ] GC(68) Report Object Count 0.001ms
[3313.659s][info ][gc,phases      ] GC(68) Marking Phase 149.234ms
[3313.659s][info ][gc,phases,start] GC(68) Summary Phase
[3313.659s][info ][gc,phases      ] GC(68) Summary Phase 0.016ms
[3313.659s][info ][gc,phases,start] GC(68) Adjust Roots
[3313.681s][info ][gc,phases      ] GC(68) Adjust Roots 21.987ms
[3313.681s][info ][gc,phases,start] GC(68) Compaction Phase
[3313.751s][info ][gc,phases      ] GC(68) Compaction Phase 70.120ms
[3313.751s][info ][gc,phases,start] GC(68) Post Compact
[3313.753s][debug][gc,phases      ] GC(68) Purge Class Loader Data 0.843ms
[3313.753s][info ][gc,phases      ] GC(68) Post Compact 1.911ms
[3313.753s][info ][gc,heap        ] GC(68) PSYoungGen: 480K(2084864K)->0K(2084864K) Eden: 0K(2073088K)->0K(2073088K) From: 480K(11776K)->0K(11776K)
[3313.753s][info ][gc,heap        ] GC(68) ParOldGen: 311272K(311296K)->256916K(311296K)
[3313.753s][info ][gc,metaspace   ] GC(68) Metaspace: 110136K(111552K)->110136K(111552K) NonClass: 93621K(94400K)->93621K(94400K) Class: 16515K(17152K)->16515K(17152K)
[3313.753s][info ][gc             ] GC(68) Pause Full (CodeCache GC Threshold) 304M->250M(2340M) 243.426ms
[3313.753s][info ][gc,cpu         ] GC(68) User=0.68s Sys=0.01s Real=0.25s
[3313.753s][info ][safepoint      ] Safepoint "ParallelGCSystemGC", Time since last: 1439636406 ns, Reaching safepoint: 86702 ns, Cleanup: 19600 ns, At safepoint: 248871926 ns, Total: 248978228 ns
[3321.754s][info ][safepoint      ] Safepoint "Cleanup", Time since last: 8000618559 ns, Reaching safepoint: 83402 ns, Cleanup: 81801 ns, At safepoint: 7600 ns, Total: 172803 ns
[3329.755s][info ][safepoint      ] Safepoint "Cleanup", Time since last: 8000746399 ns, Reaching safepoint: 79501 ns, Cleanup: 10401 ns, At safepoint: 6900 ns, Total: 96802 ns
[3338.756s][info ][safepoint      ] Safepoint "Cleanup", Time since last: 9000685689 ns, Reaching safepoint: 112202 ns, Cleanup: 12800 ns, At safepoint: 9100 ns, Total: 134102 ns
[3344.756s][info ][safepoint      ] Safepoint "Cleanup", Time since last: 6000506478 ns, Reaching safepoint: 79001 ns, Cleanup: 13400 ns, At safepoint: 6500 ns, Total: 98901 ns
[3345.757s][info ][safepoint      ] Safepoint "Cleanup", Time since last: 1000123825 ns, Reaching safepoint: 80602 ns, Cleanup: 26700 ns, At safepoint: 6800 ns, Total: 114102 ns
[3349.757s][info ][safepoint      ] Safepoint "Cleanup", Time since last: 4000355291 ns, Reaching safepoint: 9000 ns, Cleanup: 14601 ns, At safepoint: 3000 ns, Total: 26601 ns
[3350.757s][info ][safepoint      ] Safepoint "Cleanup", Time since last: 1000145911 ns, Reaching safepoint: 8700 ns, Cleanup: 22800 ns, At safepoint: 2701 ns, Total: 34201 ns
[3351.757s][info ][safepoint      ] Safepoint "Cleanup", Time since last: 1000122610 ns, Reaching safepoint: 8600 ns, Cleanup: 11201 ns, At safepoint: 2600 ns, Total: 22401 ns
[3352.757s][info ][safepoint      ] Safepoint "Cleanup", Time since last: 1000118410 ns, Reaching safepoint: 8800 ns, Cleanup: 15801 ns, At safepoint: 2800 ns, Total: 27401 ns
[3353.758s][info ][safepoint      ] Safepoint "Cleanup", Time since last: 1000119110 ns, Reaching safepoint: 80702 ns, Cleanup: 12400 ns, At safepoint: 7100 ns, Total: 100202 ns
[3355.758s][info ][safepoint      ] Safepoint "Cleanup", Time since last: 2000187920 ns, Reaching safepoint: 8101 ns, Cleanup: 11800 ns, At safepoint: 2900 ns, Total: 22801 ns
[3359.758s][info ][safepoint      ] Safepoint "Cleanup", Time since last: 4000371457 ns, Reaching safepoint: 10300 ns, Cleanup: 7401 ns, At safepoint: 6400 ns, Total: 24101 ns
[3363.073s][info ][gc,start       ] GC(69) Pause Young (Allocation Failure)
[3363.075s][debug][gc,phases      ] GC(69) Scavenge 1.872ms
[3363.075s][debug][gc,ref         ] GC(69) ReferenceProcessor::execute queues: 1, RefProcThreadModel::Single, marks_oops_alive: false
[3363.075s][debug][gc,ref         ] GC(69) Skipped KeepAliveFinalRefsPhase of Reference Processing: no references
[3363.075s][debug][gc,ref         ] GC(69) ReferenceProcessor::execute queues: 1, RefProcThreadModel::Single, marks_oops_alive: false
[3363.075s][debug][gc,phases      ] GC(69) Reference Processing 0.121ms
[3363.075s][debug][gc,phases      ] GC(69)   VM Weak                        Min:  0.0, Avg:  0.0, Max:  0.0, Diff:  0.0, Sum:  0.0, Workers: 4
[3363.076s][debug][gc,phases      ] GC(69)     Dead                           Min: 0, Avg:  0.0, Max: 0, Diff: 0, Sum: 0, Workers: 4
[3363.076s][debug][gc,phases      ] GC(69)     Total                          Min: 0, Avg: 258.0, Max: 448, Diff: 448, Sum: 1032, Workers: 4
[3363.076s][debug][gc,phases      ] GC(69)   ObjectSynchronizer Weak        Min:  0.0, Avg:  0.0, Max:  0.0, Diff:  0.0, Sum:  0.0, Workers: 4
[3363.076s][debug][gc,phases      ] GC(69)     Dead                           Min: 0, Avg:  0.0, Max: 0, Diff: 0, Sum: 0, Workers: 4
[3363.076s][debug][gc,phases      ] GC(69)     Total                          Min: 0, Avg:  0.8, Max: 3, Diff: 3, Sum: 3, Workers: 4
[3363.076s][debug][gc,phases      ] GC(69)   JVMTI Tag Weak OopStorage      Min:  0.0, Avg:  0.0, Max:  0.0, Diff:  0.0, Sum:  0.0, Workers: 4
[3363.076s][debug][gc,phases      ] GC(69)     Dead                           Min: 0, Avg:  0.0, Max: 0, Diff: 0, Sum: 0, Workers: 4
[3363.076s][debug][gc,phases      ] GC(69)     Total                          Min: 0, Avg:  0.0, Max: 0, Diff: 0, Sum: 0, Workers: 4
[3363.076s][debug][gc,phases      ] GC(69)   StringTable Weak               Min:  0.1, Avg:  0.1, Max:  0.1, Diff:  0.0, Sum:  0.5, Workers: 4
[3363.076s][debug][gc,phases      ] GC(69)     Dead                           Min: 0, Avg:  0.0, Max: 0, Diff: 0, Sum: 0, Workers: 4
[3363.076s][debug][gc,phases      ] GC(69)     Total                          Min: 11584, Avg: 11894.0, Max: 12504, Diff: 920, Sum: 47576, Workers: 4
[3363.076s][debug][gc,phases      ] GC(69)   ResolvedMethodTable Weak       Min:  0.0, Avg:  0.0, Max:  0.0, Diff:  0.0, Sum:  0.2, Workers: 4
[3363.076s][debug][gc,phases      ] GC(69)     Dead                           Min: 0, Avg:  4.0, Max: 16, Diff: 16, Sum: 16, Workers: 4
[3363.076s][debug][gc,phases      ] GC(69)     Total                          Min: 3616, Avg: 3882.0, Max: 4073, Diff: 457, Sum: 15528, Workers: 4
[3363.076s][debug][gc,phases      ] GC(69)   JNI Weak                       Min:  0.0, Avg:  0.0, Max:  0.0, Diff:  0.0, Sum:  0.0, Workers: 4
[3363.076s][debug][gc,phases      ] GC(69)     Dead                           Min: 0, Avg:  0.0, Max: 0, Diff: 0, Sum: 0, Workers: 4
[3363.076s][debug][gc,phases      ] GC(69)     Total                          Min: 0, Avg: 13.0, Max: 52, Diff: 52, Sum: 52, Workers: 4
[3363.076s][debug][gc,phases      ] GC(69)   StringDedup Table Weak         Min:  0.0, Avg:  0.0, Max:  0.0, Diff:  0.0, Sum:  0.0, Workers: 4
[3363.076s][debug][gc,phases      ] GC(69)     Dead                           Min: 0, Avg:  0.0, Max: 0, Diff: 0, Sum: 0, Workers: 4
[3363.076s][debug][gc,phases      ] GC(69)     Total                          Min: 0, Avg:  0.0, Max: 0, Diff: 0, Sum: 0, Workers: 4
[3363.076s][debug][gc,phases      ] GC(69)   StringDedup Requests0 Weak     Min:  0.0, Avg:  0.0, Max:  0.0, Diff:  0.0, Sum:  0.0, Workers: 4
[3363.076s][debug][gc,phases      ] GC(69)     Dead                           Min: 0, Avg:  0.0, Max: 0, Diff: 0, Sum: 0, Workers: 4
[3363.076s][debug][gc,phases      ] GC(69)     Total                          Min: 0, Avg:  0.0, Max: 0, Diff: 0, Sum: 0, Workers: 4
[3363.076s][debug][gc,phases      ] GC(69)   StringDedup Requests1 Weak     Min:  0.0, Avg:  0.0, Max:  0.0, Diff:  0.0, Sum:  0.0, Workers: 4
[3363.076s][debug][gc,phases      ] GC(69)     Dead                           Min: 0, Avg:  0.0, Max: 0, Diff: 0, Sum: 0, Workers: 4
[3363.076s][debug][gc,phases      ] GC(69)     Total                          Min: 0, Avg:  0.0, Max: 0, Diff: 0, Sum: 0, Workers: 4
[3363.076s][debug][gc,phases      ] GC(69)   Weak JFR Old Object Samples    Min:  0.0, Avg:  0.0, Max:  0.0, Diff:  0.0, Sum:  0.0, Workers: 4
[3363.076s][debug][gc,phases      ] GC(69)     Dead                           Min: 0, Avg:  0.0, Max: 0, Diff: 0, Sum: 0, Workers: 4
[3363.076s][debug][gc,phases      ] GC(69)     Total                          Min: 0, Avg:  0.0, Max: 0, Diff: 0, Sum: 0, Workers: 4
[3363.076s][debug][gc,phases      ] GC(69) Weak Processing 0.430ms
[3363.076s][debug][gc,age         ] GC(69) Desired survivor size 12058624 bytes, new threshold 1 (max threshold 15)
[3363.076s][info ][gc,heap        ] GC(69) PSYoungGen: 2073088K(2084864K)->1872K(2085376K) Eden: 2073088K(2073088K)->0K(2073600K) From: 0K(11776K)->1872K(11776K)
[3363.076s][info ][gc,heap        ] GC(69) ParOldGen: 256916K(311296K)->256916K(311296K)
[3363.076s][info ][gc,metaspace   ] GC(69) Metaspace: 110136K(111552K)->110136K(111552K) NonClass: 93621K(94400K)->93621K(94400K) Class: 16515K(17152K)->16515K(17152K)
[3363.076s][info ][gc             ] GC(69) Pause Young (Allocation Failure) 2275M->252M(2340M) 2.584ms
[3363.076s][info ][gc,cpu         ] GC(69) User=0.01s Sys=0.01s Real=0.00s
[3363.076s][info ][safepoint      ] Safepoint "ParallelGCFailedAllocation", Time since last: 3314831712 ns, Reaching safepoint: 10401 ns, Cleanup: 4400 ns, At safepoint: 2672651 ns, Total: 2687452 ns
[3368.076s][info ][safepoint      ] Safepoint "Cleanup", Time since last: 5000378579 ns, Reaching safepoint: 7801 ns, Cleanup: 7300 ns, At safepoint: 2600 ns, Total: 17701 ns
[3371.076s][info ][safepoint      ] Safepoint "Cleanup", Time since last: 3000254002 ns, Reaching safepoint: 7401 ns, Cleanup: 9400 ns, At safepoint: 2600 ns, Total: 19401 ns
[3373.077s][info ][safepoint      ] Safepoint "Cleanup", Time since last: 2000180209 ns, Reaching safepoint: 7700 ns, Cleanup: 10000 ns, At safepoint: 3300 ns, Total: 21000 ns
[3375.077s][info ][safepoint      ] Safepoint "Cleanup", Time since last: 2000183690 ns, Reaching safepoint: 6100 ns, Cleanup: 10000 ns, At safepoint: 2800 ns, Total: 18900 ns
[3380.077s][info ][safepoint      ] Safepoint "Cleanup", Time since last: 5000385870 ns, Reaching safepoint: 6500 ns, Cleanup: 11600 ns, At safepoint: 2500 ns, Total: 20600 ns
[3383.078s][info ][safepoint      ] Safepoint "Cleanup", Time since last: 3000246191 ns, Reaching safepoint: 6300 ns, Cleanup: 13501 ns, At safepoint: 3100 ns, Total: 22901 ns
[3390.078s][info ][safepoint      ] Safepoint "Cleanup", Time since last: 7000530024 ns, Reaching safepoint: 5400 ns, Cleanup: 8600 ns, At safepoint: 2400 ns, Total: 16400 ns
[3399.079s][info ][safepoint      ] Safepoint "Cleanup", Time since last: 9000663876 ns, Reaching safepoint: 6700 ns, Cleanup: 10000 ns, At safepoint: 2900 ns, Total: 19600 ns
[3420.085s][info ][gc,start       ] GC(70) Pause Young (Allocation Failure)
[3420.089s][debug][gc,phases      ] GC(70) Scavenge 4.284ms
[3420.089s][debug][gc,ref         ] GC(70) ReferenceProcessor::execute queues: 1, RefProcThreadModel::Single, marks_oops_alive: false
[3420.089s][debug][gc,ref         ] GC(70) Skipped KeepAliveFinalRefsPhase of Reference Processing: no references
[3420.089s][debug][gc,ref         ] GC(70) Skipped PhantomRefsPhase of Reference Processing: no references
[3420.089s][debug][gc,phases      ] GC(70) Reference Processing 0.118ms
[3420.090s][debug][gc,phases      ] GC(70)   VM Weak                        Min:  0.0, Avg:  0.0, Max:  0.0, Diff:  0.0, Sum:  0.0, Workers: 4
[3420.090s][debug][gc,phases      ] GC(70)     Dead                           Min: 0, Avg:  0.0, Max: 0, Diff: 0, Sum: 0, Workers: 4
[3420.090s][debug][gc,phases      ] GC(70)     Total                          Min: 0, Avg: 258.0, Max: 576, Diff: 576, Sum: 1032, Workers: 4
[3420.090s][debug][gc,phases      ] GC(70)   ObjectSynchronizer Weak        Min:  0.0, Avg:  0.0, Max:  0.0, Diff:  0.0, Sum:  0.0, Workers: 4
[3420.090s][debug][gc,phases      ] GC(70)     Dead                           Min: 0, Avg:  0.0, Max: 0, Diff: 0, Sum: 0, Workers: 4
[3420.090s][debug][gc,phases      ] GC(70)     Total                          Min: 0, Avg:  1.0, Max: 4, Diff: 4, Sum: 4, Workers: 4
[3420.090s][debug][gc,phases      ] GC(70)   JVMTI Tag Weak OopStorage      Min:  0.0, Avg:  0.0, Max:  0.0, Diff:  0.0, Sum:  0.0, Workers: 4
[3420.090s][debug][gc,phases      ] GC(70)     Dead                           Min: 0, Avg:  0.0, Max: 0, Diff: 0, Sum: 0, Workers: 4
[3420.090s][debug][gc,phases      ] GC(70)     Total                          Min: 0, Avg:  0.0, Max: 0, Diff: 0, Sum: 0, Workers: 4
[3420.090s][debug][gc,phases      ] GC(70)   StringTable Weak               Min:  0.0, Avg:  0.1, Max:  0.2, Diff:  0.2, Sum:  0.5, Workers: 4
[3420.090s][debug][gc,phases      ] GC(70)     Dead                           Min: 0, Avg:  0.0, Max: 0, Diff: 0, Sum: 0, Workers: 4
[3420.090s][debug][gc,phases      ] GC(70)     Total                          Min: 0, Avg: 11894.0, Max: 17176, Diff: 17176, Sum: 47576, Workers: 4
[3420.090s][debug][gc,phases      ] GC(70)   ResolvedMethodTable Weak       Min:  0.0, Avg:  0.0, Max:  0.1, Diff:  0.1, Sum:  0.2, Workers: 4
[3420.090s][debug][gc,phases      ] GC(70)     Dead                           Min: 0, Avg:  4.0, Max: 16, Diff: 16, Sum: 16, Workers: 4
[3420.090s][debug][gc,phases      ] GC(70)     Total                          Min: 0, Avg: 3882.0, Max: 6727, Diff: 6727, Sum: 15528, Workers: 4
[3420.090s][debug][gc,phases      ] GC(70)   JNI Weak                       Min:  0.0, Avg:  0.0, Max:  0.0, Diff:  0.0, Sum:  0.0, Workers: 4
[3420.090s][debug][gc,phases      ] GC(70)     Dead                           Min: 0, Avg:  0.0, Max: 0, Diff: 0, Sum: 0, Workers: 4
[3420.090s][debug][gc,phases      ] GC(70)     Total                          Min: 0, Avg: 13.0, Max: 52, Diff: 52, Sum: 52, Workers: 4
[3420.090s][debug][gc,phases      ] GC(70)   StringDedup Table Weak         Min:  0.0, Avg:  0.0, Max:  0.0, Diff:  0.0, Sum:  0.0, Workers: 4
[3420.090s][debug][gc,phases      ] GC(70)     Dead                           Min: 0, Avg:  0.0, Max: 0, Diff: 0, Sum: 0, Workers: 4
[3420.090s][debug][gc,phases      ] GC(70)     Total                          Min: 0, Avg:  0.0, Max: 0, Diff: 0, Sum: 0, Workers: 4
[3420.090s][debug][gc,phases      ] GC(70)   StringDedup Requests0 Weak     Min:  0.0, Avg:  0.0, Max:  0.0, Diff:  0.0, Sum:  0.0, Workers: 4
[3420.090s][debug][gc,phases      ] GC(70)     Dead                           Min: 0, Avg:  0.0, Max: 0, Diff: 0, Sum: 0, Workers: 4
[3420.090s][debug][gc,phases      ] GC(70)     Total                          Min: 0, Avg:  0.0, Max: 0, Diff: 0, Sum: 0, Workers: 4
[3420.090s][debug][gc,phases      ] GC(70)   StringDedup Requests1 Weak     Min:  0.0, Avg:  0.0, Max:  0.0, Diff:  0.0, Sum:  0.0, Workers: 4
[3420.090s][debug][gc,phases      ] GC(70)     Dead                           Min: 0, Avg:  0.0, Max: 0, Diff: 0, Sum: 0, Workers: 4
[3420.090s][debug][gc,phases      ] GC(70)     Total                          Min: 0, Avg:  0.0, Max: 0, Diff: 0, Sum: 0, Workers: 4
[3420.090s][debug][gc,phases      ] GC(70)   Weak JFR Old Object Samples    Min:  0.0, Avg:  0.0, Max:  0.0, Diff:  0.0, Sum:  0.0, Workers: 4
[3420.090s][debug][gc,phases      ] GC(70)     Dead                           Min: 0, Avg:  0.0, Max: 0, Diff: 0, Sum: 0, Workers: 4
[3420.090s][debug][gc,phases      ] GC(70)     Total                          Min: 0, Avg:  0.0, Max: 0, Diff: 0, Sum: 0, Workers: 4
[3420.090s][debug][gc,phases      ] GC(70) Weak Processing 0.464ms
[3420.090s][debug][gc,age         ] GC(70) Desired survivor size 11534336 bytes, new threshold 1 (max threshold 15)
[3420.090s][info ][gc,heap        ] GC(70) PSYoungGen: 2075472K(2085376K)->4864K(2085376K) Eden: 2073600K(2073600K)->0K(2073600K) From: 1872K(11776K)->4864K(11776K)
[3420.090s][info ][gc,heap        ] GC(70) ParOldGen: 256916K(311296K)->257276K(311296K)
[3420.090s][info ][gc,metaspace   ] GC(70) Metaspace: 110139K(111552K)->110139K(111552K) NonClass: 93624K(94400K)->93624K(94400K) Class: 16515K(17152K)->16515K(17152K)
[3420.090s][info ][gc             ] GC(70) Pause Young (Allocation Failure) 2277M->255M(2340M) 4.999ms
[3420.090s][info ][gc,cpu         ] GC(70) User=0.02s Sys=0.00s Real=0.00s
[3420.090s][info ][safepoint      ] Safepoint "ParallelGCFailedAllocation", Time since last: 21005927029 ns, Reaching safepoint: 6000 ns, Cleanup: 3900 ns, At safepoint: 5089187 ns, Total: 5099087 ns
[3451.295s][info ][safepoint      ] Safepoint "Cleanup", Time since last: 31205446336 ns, Reaching safepoint: 10400 ns, Cleanup: 13501 ns, At safepoint: 3300 ns, Total: 27201 ns
[3459.296s][info ][safepoint      ] Safepoint "Cleanup", Time since last: 8000697805 ns, Reaching safepoint: 11001 ns, Cleanup: 12300 ns, At safepoint: 3600 ns, Total: 26901 ns
[3492.501s][info ][gc,start       ] GC(71) Pause Young (Allocation Failure)
[3492.506s][debug][gc,phases      ] GC(71) Scavenge 5.212ms
[3492.507s][debug][gc,ref         ] GC(71) ReferenceProcessor::execute queues: 1, RefProcThreadModel::Single, marks_oops_alive: false
[3492.507s][debug][gc,ref         ] GC(71) Skipped KeepAliveFinalRefsPhase of Reference Processing: no references
[3492.507s][debug][gc,ref         ] GC(71) Skipped PhantomRefsPhase of Reference Processing: no references
[3492.507s][debug][gc,phases      ] GC(71) Reference Processing 0.153ms
[3492.507s][debug][gc,phases      ] GC(71)   VM Weak                        Min:  0.0, Avg:  0.0, Max:  0.0, Diff:  0.0, Sum:  0.0, Workers: 4
[3492.507s][debug][gc,phases      ] GC(71)     Dead                           Min: 0, Avg:  0.0, Max: 0, Diff: 0, Sum: 0, Workers: 4
[3492.507s][debug][gc,phases      ] GC(71)     Total                          Min: 0, Avg: 258.0, Max: 576, Diff: 576, Sum: 1032, Workers: 4
[3492.507s][debug][gc,phases      ] GC(71)   ObjectSynchronizer Weak        Min:  0.0, Avg:  0.0, Max:  0.0, Diff:  0.0, Sum:  0.0, Workers: 4
[3492.507s][debug][gc,phases      ] GC(71)     Dead                           Min: 0, Avg:  0.0, Max: 0, Diff: 0, Sum: 0, Workers: 4
[3492.507s][debug][gc,phases      ] GC(71)     Total                          Min: 0, Avg:  1.0, Max: 4, Diff: 4, Sum: 4, Workers: 4
[3492.507s][debug][gc,phases      ] GC(71)   JVMTI Tag Weak OopStorage      Min:  0.0, Avg:  0.0, Max:  0.0, Diff:  0.0, Sum:  0.0, Workers: 4
[3492.507s][debug][gc,phases      ] GC(71)     Dead                           Min: 0, Avg:  0.0, Max: 0, Diff: 0, Sum: 0, Workers: 4
[3492.507s][debug][gc,phases      ] GC(71)     Total                          Min: 0, Avg:  0.0, Max: 0, Diff: 0, Sum: 0, Workers: 4
[3492.507s][debug][gc,phases      ] GC(71)   StringTable Weak               Min:  0.0, Avg:  0.1, Max:  0.2, Diff:  0.2, Sum:  0.5, Workers: 4
[3492.507s][debug][gc,phases      ] GC(71)     Dead                           Min: 0, Avg:  0.0, Max: 0, Diff: 0, Sum: 0, Workers: 4
[3492.507s][debug][gc,phases      ] GC(71)     Total                          Min: 0, Avg: 11894.0, Max: 24280, Diff: 24280, Sum: 47576, Workers: 4
[3492.507s][debug][gc,phases      ] GC(71)   ResolvedMethodTable Weak       Min:  0.0, Avg:  0.0, Max:  0.1, Diff:  0.1, Sum:  0.2, Workers: 4
[3492.507s][debug][gc,phases      ] GC(71)     Dead                           Min: 0, Avg:  4.0, Max: 16, Diff: 16, Sum: 16, Workers: 4
[3492.507s][debug][gc,phases      ] GC(71)     Total                          Min: 0, Avg: 3882.0, Max: 8250, Diff: 8250, Sum: 15528, Workers: 4
[3492.507s][debug][gc,phases      ] GC(71)   JNI Weak                       Min:  0.0, Avg:  0.0, Max:  0.0, Diff:  0.0, Sum:  0.0, Workers: 4
[3492.507s][debug][gc,phases      ] GC(71)     Dead                           Min: 0, Avg:  0.0, Max: 0, Diff: 0, Sum: 0, Workers: 4
[3492.507s][debug][gc,phases      ] GC(71)     Total                          Min: 0, Avg: 13.0, Max: 52, Diff: 52, Sum: 52, Workers: 4
[3492.507s][debug][gc,phases      ] GC(71)   StringDedup Table Weak         Min:  0.0, Avg:  0.0, Max:  0.0, Diff:  0.0, Sum:  0.0, Workers: 4
[3492.507s][debug][gc,phases      ] GC(71)     Dead                           Min: 0, Avg:  0.0, Max: 0, Diff: 0, Sum: 0, Workers: 4
[3492.507s][debug][gc,phases      ] GC(71)     Total                          Min: 0, Avg:  0.0, Max: 0, Diff: 0, Sum: 0, Workers: 4
[3492.507s][debug][gc,phases      ] GC(71)   StringDedup Requests0 Weak     Min:  0.0, Avg:  0.0, Max:  0.0, Diff:  0.0, Sum:  0.0, Workers: 4
[3492.507s][debug][gc,phases      ] GC(71)     Dead                           Min: 0, Avg:  0.0, Max: 0, Diff: 0, Sum: 0, Workers: 4
[3492.507s][debug][gc,phases      ] GC(71)     Total                          Min: 0, Avg:  0.0, Max: 0, Diff: 0, Sum: 0, Workers: 4
[3492.507s][debug][gc,phases      ] GC(71)   StringDedup Requests1 Weak     Min:  0.0, Avg:  0.0, Max:  0.0, Diff:  0.0, Sum:  0.0, Workers: 4
[3492.507s][debug][gc,phases      ] GC(71)     Dead                           Min: 0, Avg:  0.0, Max: 0, Diff: 0, Sum: 0, Workers: 4
[3492.507s][debug][gc,phases      ] GC(71)     Total                          Min: 0, Avg:  0.0, Max: 0, Diff: 0, Sum: 0, Workers: 4
[3492.507s][debug][gc,phases      ] GC(71)   Weak JFR Old Object Samples    Min:  0.0, Avg:  0.0, Max:  0.0, Diff:  0.0, Sum:  0.0, Workers: 4
[3492.507s][debug][gc,phases      ] GC(71)     Dead                           Min: 0, Avg:  0.0, Max: 0, Diff: 0, Sum: 0, Workers: 4
[3492.507s][debug][gc,phases      ] GC(71)     Total                          Min: 0, Avg:  0.0, Max: 0, Diff: 0, Sum: 0, Workers: 4
[3492.507s][debug][gc,phases      ] GC(71) Weak Processing 0.633ms
[3492.507s][debug][gc,age         ] GC(71) Desired survivor size 11010048 bytes, new threshold 1 (max threshold 15)
[3492.507s][info ][gc,heap        ] GC(71) PSYoungGen: 2078464K(2085376K)->3376K(2086400K) Eden: 2073600K(2073600K)->0K(2075136K) From: 4864K(11776K)->3376K(11264K)
[3492.507s][info ][gc,heap        ] GC(71) ParOldGen: 257276K(311296K)->258768K(311296K)
[3492.507s][info ][gc,metaspace   ] GC(71) Metaspace: 110165K(111552K)->110165K(111552K) NonClass: 93650K(94400K)->93650K(94400K) Class: 16515K(17152K)->16515K(17152K)
[3492.507s][info ][gc             ] GC(71) Pause Young (Allocation Failure) 2280M->256M(2341M) 6.179ms
[3492.507s][info ][gc,cpu         ] GC(71) User=0.01s Sys=0.00s Real=0.00s
[3492.507s][info ][safepoint      ] Safepoint "ParallelGCFailedAllocation", Time since last: 33204984814 ns, Reaching safepoint: 82601 ns, Cleanup: 4700 ns, At safepoint: 6277193 ns, Total: 6364494 ns
[3497.508s][info ][safepoint      ] Safepoint "Cleanup", Time since last: 5000389917 ns, Reaching safepoint: 9700 ns, Cleanup: 12600 ns, At safepoint: 31601 ns, Total: 53901 ns
[3507.509s][info ][safepoint      ] Safepoint "Cleanup", Time since last: 10000821325 ns, Reaching safepoint: 9700 ns, Cleanup: 15600 ns, At safepoint: 4200 ns, Total: 29500 ns
[3517.510s][info ][safepoint      ] Safepoint "Cleanup", Time since last: 10000826597 ns, Reaching safepoint: 10400 ns, Cleanup: 17100 ns, At safepoint: 3400 ns, Total: 30900 ns
[3521.510s][info ][safepoint      ] Safepoint "Cleanup", Time since last: 4000355377 ns, Reaching safepoint: 90202 ns, Cleanup: 9000 ns, At safepoint: 6400 ns, Total: 105602 ns
[3525.510s][info ][safepoint      ] Safepoint "Cleanup", Time since last: 4000355717 ns, Reaching safepoint: 11200 ns, Cleanup: 15500 ns, At safepoint: 3200 ns, Total: 29900 ns
[3535.511s][info ][safepoint      ] Safepoint "Cleanup", Time since last: 10000830268 ns, Reaching safepoint: 9501 ns, Cleanup: 22900 ns, At safepoint: 3600 ns, Total: 36001 ns
[3562.333s][info ][safepoint      ] Safepoint "Cleanup", Time since last: 26821910037 ns, Reaching safepoint: 8200 ns, Cleanup: 11101 ns, At safepoint: 3000 ns, Total: 22301 ns
[3563.851s][info ][gc,start       ] GC(72) Pause Young (Allocation Failure)
[3563.854s][debug][gc,phases      ] GC(72) Scavenge 3.338ms
[3563.854s][debug][gc,ref         ] GC(72) ReferenceProcessor::execute queues: 1, RefProcThreadModel::Single, marks_oops_alive: false
[3563.854s][debug][gc,ref         ] GC(72) Skipped KeepAliveFinalRefsPhase of Reference Processing: no references
[3563.855s][debug][gc,ref         ] GC(72) ReferenceProcessor::execute queues: 1, RefProcThreadModel::Single, marks_oops_alive: false
[3563.855s][debug][gc,phases      ] GC(72) Reference Processing 0.142ms
[3563.855s][debug][gc,phases      ] GC(72)   VM Weak                        Min:  0.0, Avg:  0.0, Max:  0.0, Diff:  0.0, Sum:  0.0, Workers: 4
[3563.855s][debug][gc,phases      ] GC(72)     Dead                           Min: 0, Avg:  0.0, Max: 0, Diff: 0, Sum: 0, Workers: 4
[3563.855s][debug][gc,phases      ] GC(72)     Total                          Min: 0, Avg: 258.2, Max: 521, Diff: 521, Sum: 1033, Workers: 4
[3563.855s][debug][gc,phases      ] GC(72)   ObjectSynchronizer Weak        Min:  0.0, Avg:  0.0, Max:  0.0, Diff:  0.0, Sum:  0.0, Workers: 4
[3563.855s][debug][gc,phases      ] GC(72)     Dead                           Min: 0, Avg:  0.0, Max: 0, Diff: 0, Sum: 0, Workers: 4
[3563.855s][debug][gc,phases      ] GC(72)     Total                          Min: 0, Avg:  1.0, Max: 4, Diff: 4, Sum: 4, Workers: 4
[3563.855s][debug][gc,phases      ] GC(72)   JVMTI Tag Weak OopStorage      Min:  0.0, Avg:  0.0, Max:  0.0, Diff:  0.0, Sum:  0.0, Workers: 4
[3563.855s][debug][gc,phases      ] GC(72)     Dead                           Min: 0, Avg:  0.0, Max: 0, Diff: 0, Sum: 0, Workers: 4
[3563.855s][debug][gc,phases      ] GC(72)     Total                          Min: 0, Avg:  0.0, Max: 0, Diff: 0, Sum: 0, Workers: 4
[3563.855s][debug][gc,phases      ] GC(72)   StringTable Weak               Min:  0.0, Avg:  0.1, Max:  0.2, Diff:  0.2, Sum:  0.5, Workers: 4
[3563.855s][debug][gc,phases      ] GC(72)     Dead                           Min: 0, Avg:  0.0, Max: 0, Diff: 0, Sum: 0, Workers: 4
[3563.855s][debug][gc,phases      ] GC(72)     Total                          Min: 0, Avg: 11895.8, Max: 16960, Diff: 16960, Sum: 47583, Workers: 4
[3563.855s][debug][gc,phases      ] GC(72)   ResolvedMethodTable Weak       Min:  0.0, Avg:  0.0, Max:  0.1, Diff:  0.1, Sum:  0.2, Workers: 4
[3563.855s][debug][gc,phases      ] GC(72)     Dead                           Min: 0, Avg:  4.0, Max: 16, Diff: 16, Sum: 16, Workers: 4
[3563.855s][debug][gc,phases      ] GC(72)     Total                          Min: 0, Avg: 3882.2, Max: 5271, Diff: 5271, Sum: 15529, Workers: 4
[3563.855s][debug][gc,phases      ] GC(72)   JNI Weak                       Min:  0.0, Avg:  0.0, Max:  0.0, Diff:  0.0, Sum:  0.0, Workers: 4
[3563.855s][debug][gc,phases      ] GC(72)     Dead                           Min: 0, Avg:  0.0, Max: 0, Diff: 0, Sum: 0, Workers: 4
[3563.855s][debug][gc,phases      ] GC(72)     Total                          Min: 0, Avg: 13.0, Max: 52, Diff: 52, Sum: 52, Workers: 4
[3563.855s][debug][gc,phases      ] GC(72)   StringDedup Table Weak         Min:  0.0, Avg:  0.0, Max:  0.0, Diff:  0.0, Sum:  0.0, Workers: 4
[3563.855s][debug][gc,phases      ] GC(72)     Dead                           Min: 0, Avg:  0.0, Max: 0, Diff: 0, Sum: 0, Workers: 4
[3563.855s][debug][gc,phases      ] GC(72)     Total                          Min: 0, Avg:  0.0, Max: 0, Diff: 0, Sum: 0, Workers: 4
[3563.855s][debug][gc,phases      ] GC(72)   StringDedup Requests0 Weak     Min:  0.0, Avg:  0.0, Max:  0.0, Diff:  0.0, Sum:  0.0, Workers: 4
[3563.855s][debug][gc,phases      ] GC(72)     Dead                           Min: 0, Avg:  0.0, Max: 0, Diff: 0, Sum: 0, Workers: 4
[3563.855s][debug][gc,phases      ] GC(72)     Total                          Min: 0, Avg:  0.0, Max: 0, Diff: 0, Sum: 0, Workers: 4
[3563.855s][debug][gc,phases      ] GC(72)   StringDedup Requests1 Weak     Min:  0.0, Avg:  0.0, Max:  0.0, Diff:  0.0, Sum:  0.0, Workers: 4
[3563.855s][debug][gc,phases      ] GC(72)     Dead                           Min: 0, Avg:  0.0, Max: 0, Diff: 0, Sum: 0, Workers: 4
[3563.855s][debug][gc,phases      ] GC(72)     Total                          Min: 0, Avg:  0.0, Max: 0, Diff: 0, Sum: 0, Workers: 4
[3563.855s][debug][gc,phases      ] GC(72)   Weak JFR Old Object Samples    Min:  0.0, Avg:  0.0, Max:  0.0, Diff:  0.0, Sum:  0.0, Workers: 4
[3563.855s][debug][gc,phases      ] GC(72)     Dead                           Min: 0, Avg:  0.0, Max: 0, Diff: 0, Sum: 0, Workers: 4
[3563.855s][debug][gc,phases      ] GC(72)     Total                          Min: 0, Avg:  0.0, Max: 0, Diff: 0, Sum: 0, Workers: 4
[3563.855s][debug][gc,phases      ] GC(72) Weak Processing 0.524ms
[3563.855s][debug][gc,age         ] GC(72) Desired survivor size 10485760 bytes, new threshold 1 (max threshold 15)
[3563.855s][info ][gc,heap        ] GC(72) PSYoungGen: 2078512K(2086400K)->2896K(2085888K) Eden: 2075136K(2075136K)->0K(2075136K) From: 3376K(11264K)->2896K(10752K)
[3563.855s][info ][gc,heap        ] GC(72) ParOldGen: 258768K(311296K)->260188K(311296K)
[3563.855s][info ][gc,metaspace   ] GC(72) Metaspace: 110193K(111552K)->110193K(111552K) NonClass: 93677K(94400K)->93677K(94400K) Class: 16516K(17152K)->16516K(17152K)
[3563.855s][info ][gc             ] GC(72) Pause Young (Allocation Failure) 2282M->256M(2341M) 4.178ms
[3563.855s][info ][gc,cpu         ] GC(72) User=0.02s Sys=0.00s Real=0.01s
[3563.855s][info ][safepoint      ] Safepoint "ParallelGCFailedAllocation", Time since last: 1517644668 ns, Reaching safepoint: 83001 ns, Cleanup: 4100 ns, At safepoint: 4277354 ns, Total: 4364455 ns
[3569.856s][info ][safepoint      ] Safepoint "Cleanup", Time since last: 6000483564 ns, Reaching safepoint: 11201 ns, Cleanup: 12700 ns, At safepoint: 2900 ns, Total: 26801 ns
[3574.856s][info ][safepoint      ] Safepoint "Cleanup", Time since last: 5000438763 ns, Reaching safepoint: 9600 ns, Cleanup: 21300 ns, At safepoint: 3000 ns, Total: 33900 ns
[3580.857s][info ][safepoint      ] Safepoint "Cleanup", Time since last: 6000489532 ns, Reaching safepoint: 11200 ns, Cleanup: 12001 ns, At safepoint: 3700 ns, Total: 26901 ns
[3584.857s][info ][safepoint      ] Safepoint "Cleanup", Time since last: 4000353943 ns, Reaching safepoint: 8600 ns, Cleanup: 52101 ns, At safepoint: 2800 ns, Total: 63501 ns
[3585.858s][info ][safepoint      ] Safepoint "Cleanup", Time since last: 1000553358 ns, Reaching safepoint: 11800 ns, Cleanup: 37401 ns, At safepoint: 3300 ns, Total: 52501 ns
[3586.858s][info ][safepoint      ] Safepoint "Cleanup", Time since last: 1000125453 ns, Reaching safepoint: 12401 ns, Cleanup: 23100 ns, At safepoint: 2900 ns, Total: 38401 ns
[3595.859s][info ][safepoint      ] Safepoint "Cleanup", Time since last: 9000743924 ns, Reaching safepoint: 11100 ns, Cleanup: 16000 ns, At safepoint: 2800 ns, Total: 29900 ns
[3599.859s][info ][safepoint      ] Safepoint "Cleanup", Time since last: 4000359788 ns, Reaching safepoint: 9700 ns, Cleanup: 12300 ns, At safepoint: 2900 ns, Total: 24900 ns
[3604.350s][info ][safepoint      ] Safepoint "Cleanup", Time since last: 4490955233 ns, Reaching safepoint: 86101 ns, Cleanup: 14000 ns, At safepoint: 6800 ns, Total: 106901 ns
[3605.350s][info ][safepoint      ] Safepoint "Cleanup", Time since last: 1000135469 ns, Reaching safepoint: 82601 ns, Cleanup: 34100 ns, At safepoint: 6500 ns, Total: 123201 ns
[3606.351s][info ][safepoint      ] Safepoint "Cleanup", Time since last: 1000156793 ns, Reaching safepoint: 85701 ns, Cleanup: 29701 ns, At safepoint: 6900 ns, Total: 122302 ns
[3610.351s][info ][safepoint      ] Safepoint "Cleanup", Time since last: 4000352969 ns, Reaching safepoint: 84001 ns, Cleanup: 12300 ns, At safepoint: 6800 ns, Total: 103101 ns
[3611.351s][info ][safepoint      ] Safepoint "Cleanup", Time since last: 1000131893 ns, Reaching safepoint: 82001 ns, Cleanup: 10700 ns, At safepoint: 7200 ns, Total: 99901 ns
[3613.352s][info ][safepoint      ] Safepoint "Cleanup", Time since last: 2000205319 ns, Reaching safepoint: 88301 ns, Cleanup: 23900 ns, At safepoint: 12000 ns, Total: 124201 ns
[3615.352s][info ][safepoint      ] Safepoint "Cleanup", Time since last: 2000188587 ns, Reaching safepoint: 84101 ns, Cleanup: 12900 ns, At safepoint: 7101 ns, Total: 104102 ns
[3616.352s][info ][safepoint      ] Safepoint "Cleanup", Time since last: 1000134444 ns, Reaching safepoint: 86101 ns, Cleanup: 10300 ns, At safepoint: 7700 ns, Total: 104101 ns
[3621.353s][info ][safepoint      ] Safepoint "Cleanup", Time since last: 5000534152 ns, Reaching safepoint: 82201 ns, Cleanup: 11600 ns, At safepoint: 7601 ns, Total: 101402 ns
[3623.353s][info ][safepoint      ] Safepoint "Cleanup", Time since last: 2000197513 ns, Reaching safepoint: 81301 ns, Cleanup: 10500 ns, At safepoint: 8200 ns, Total: 100001 ns
[3624.353s][info ][safepoint      ] Safepoint "Cleanup", Time since last: 1000109057 ns, Reaching safepoint: 80901 ns, Cleanup: 11200 ns, At safepoint: 6500 ns, Total: 98601 ns
[3625.354s][info ][safepoint      ] Safepoint "Cleanup", Time since last: 1000201658 ns, Reaching safepoint: 82901 ns, Cleanup: 31700 ns, At safepoint: 9500 ns, Total: 124101 ns
[3630.354s][info ][safepoint      ] Safepoint "Cleanup", Time since last: 5000404357 ns, Reaching safepoint: 81601 ns, Cleanup: 11700 ns, At safepoint: 8200 ns, Total: 101501 ns
[3632.355s][info ][safepoint      ] Safepoint "Cleanup", Time since last: 2000199068 ns, Reaching safepoint: 656008 ns, Cleanup: 12100 ns, At safepoint: 7700 ns, Total: 675808 ns
[3634.133s][info ][gc,start       ] GC(73) Pause Young (Allocation Failure)
[3634.142s][debug][gc,phases      ] GC(73) Scavenge 8.229ms
[3634.142s][debug][gc,ref         ] GC(73) ReferenceProcessor::execute queues: 1, RefProcThreadModel::Single, marks_oops_alive: false
[3634.142s][debug][gc,ref         ] GC(73) Skipped KeepAliveFinalRefsPhase of Reference Processing: no references
[3634.142s][debug][gc,ref         ] GC(73) ReferenceProcessor::execute queues: 1, RefProcThreadModel::Single, marks_oops_alive: false
[3634.142s][debug][gc,phases      ] GC(73) Reference Processing 0.139ms
[3634.142s][debug][gc,phases      ] GC(73)   VM Weak                        Min:  0.0, Avg:  0.0, Max:  0.0, Diff:  0.0, Sum:  0.0, Workers: 4
[3634.142s][debug][gc,phases      ] GC(73)     Dead                           Min: 0, Avg:  0.0, Max: 0, Diff: 0, Sum: 0, Workers: 4
[3634.142s][debug][gc,phases      ] GC(73)     Total                          Min: 0, Avg: 258.2, Max: 777, Diff: 777, Sum: 1033, Workers: 4
[3634.142s][debug][gc,phases      ] GC(73)   ObjectSynchronizer Weak        Min:  0.0, Avg:  0.0, Max:  0.0, Diff:  0.0, Sum:  0.0, Workers: 4
[3634.142s][debug][gc,phases      ] GC(73)     Dead                           Min: 0, Avg:  0.0, Max: 0, Diff: 0, Sum: 0, Workers: 4
[3634.142s][debug][gc,phases      ] GC(73)     Total                          Min: 0, Avg:  1.0, Max: 4, Diff: 4, Sum: 4, Workers: 4
[3634.142s][debug][gc,phases      ] GC(73)   JVMTI Tag Weak OopStorage      Min:  0.0, Avg:  0.0, Max:  0.0, Diff:  0.0, Sum:  0.0, Workers: 4
[3634.142s][debug][gc,phases      ] GC(73)     Dead                           Min: 0, Avg:  0.0, Max: 0, Diff: 0, Sum: 0, Workers: 4
[3634.142s][debug][gc,phases      ] GC(73)     Total                          Min: 0, Avg:  0.0, Max: 0, Diff: 0, Sum: 0, Workers: 4
[3634.142s][debug][gc,phases      ] GC(73)   StringTable Weak               Min:  0.0, Avg:  0.1, Max:  0.2, Diff:  0.2, Sum:  0.5, Workers: 4
[3634.142s][debug][gc,phases      ] GC(73)     Dead                           Min: 0, Avg:  0.0, Max: 0, Diff: 0, Sum: 0, Workers: 4
[3634.142s][debug][gc,phases      ] GC(73)     Total                          Min: 0, Avg: 11896.2, Max: 16576, Diff: 16576, Sum: 47585, Workers: 4
[3634.142s][debug][gc,phases      ] GC(73)   ResolvedMethodTable Weak       Min:  0.0, Avg:  0.0, Max:  0.1, Diff:  0.1, Sum:  0.2, Workers: 4
[3634.142s][debug][gc,phases      ] GC(73)     Dead                           Min: 0, Avg:  6.0, Max: 24, Diff: 24, Sum: 24, Workers: 4
[3634.142s][debug][gc,phases      ] GC(73)     Total                          Min: 0, Avg: 3882.2, Max: 5525, Diff: 5525, Sum: 15529, Workers: 4
[3634.142s][debug][gc,phases      ] GC(73)   JNI Weak                       Min:  0.0, Avg:  0.0, Max:  0.0, Diff:  0.0, Sum:  0.0, Workers: 4
[3634.142s][debug][gc,phases      ] GC(73)     Dead                           Min: 0, Avg:  0.0, Max: 0, Diff: 0, Sum: 0, Workers: 4
[3634.142s][debug][gc,phases      ] GC(73)     Total                          Min: 0, Avg: 13.0, Max: 52, Diff: 52, Sum: 52, Workers: 4
[3634.142s][debug][gc,phases      ] GC(73)   StringDedup Table Weak         Min:  0.0, Avg:  0.0, Max:  0.0, Diff:  0.0, Sum:  0.0, Workers: 4
[3634.142s][debug][gc,phases      ] GC(73)     Dead                           Min: 0, Avg:  0.0, Max: 0, Diff: 0, Sum: 0, Workers: 4
[3634.142s][debug][gc,phases      ] GC(73)     Total                          Min: 0, Avg:  0.0, Max: 0, Diff: 0, Sum: 0, Workers: 4
[3634.142s][debug][gc,phases      ] GC(73)   StringDedup Requests0 Weak     Min:  0.0, Avg:  0.0, Max:  0.0, Diff:  0.0, Sum:  0.0, Workers: 4
[3634.142s][debug][gc,phases      ] GC(73)     Dead                           Min: 0, Avg:  0.0, Max: 0, Diff: 0, Sum: 0, Workers: 4
[3634.142s][debug][gc,phases      ] GC(73)     Total                          Min: 0, Avg:  0.0, Max: 0, Diff: 0, Sum: 0, Workers: 4
[3634.142s][debug][gc,phases      ] GC(73)   StringDedup Requests1 Weak     Min:  0.0, Avg:  0.0, Max:  0.0, Diff:  0.0, Sum:  0.0, Workers: 4
[3634.142s][debug][gc,phases      ] GC(73)     Dead                           Min: 0, Avg:  0.0, Max: 0, Diff: 0, Sum: 0, Workers: 4
[3634.142s][debug][gc,phases      ] GC(73)     Total                          Min: 0, Avg:  0.0, Max: 0, Diff: 0, Sum: 0, Workers: 4
[3634.142s][debug][gc,phases      ] GC(73)   Weak JFR Old Object Samples    Min:  0.0, Avg:  0.0, Max:  0.0, Diff:  0.0, Sum:  0.0, Workers: 4
[3634.142s][debug][gc,phases      ] GC(73)     Dead                           Min: 0, Avg:  0.0, Max: 0, Diff: 0, Sum: 0, Workers: 4
[3634.142s][debug][gc,phases      ] GC(73)     Total                          Min: 0, Avg:  0.0, Max: 0, Diff: 0, Sum: 0, Workers: 4
[3634.142s][debug][gc,phases      ] GC(73) Weak Processing 0.503ms
[3634.142s][debug][gc,age         ] GC(73) Desired survivor size 10485760 bytes, new threshold 1 (max threshold 15)
[3634.142s][info ][gc,heap        ] GC(73) PSYoungGen: 2078032K(2085888K)->5459K(2086912K) Eden: 2075136K(2075136K)->0K(2076672K) From: 2896K(10752K)->5459K(10240K)
[3634.142s][info ][gc,heap        ] GC(73) ParOldGen: 260188K(311296K)->261129K(311296K)
[3634.142s][info ][gc,metaspace   ] GC(73) Metaspace: 110204K(111552K)->110204K(111552K) NonClass: 93687K(94400K)->93687K(94400K) Class: 16516K(17152K)->16516K(17152K)
[3634.142s][info ][gc             ] GC(73) Pause Young (Allocation Failure) 2283M->260M(2342M) 9.023ms
[3634.142s][info ][gc,cpu         ] GC(73) User=0.02s Sys=0.00s Real=0.01s
[3634.143s][info ][safepoint      ] Safepoint "ParallelGCFailedAllocation", Time since last: 1778374377 ns, Reaching safepoint: 10000 ns, Cleanup: 4100 ns, At safepoint: 9115411 ns, Total: 9129511 ns
[3641.143s][info ][safepoint      ] Safepoint "Cleanup", Time since last: 7000504513 ns, Reaching safepoint: 9301 ns, Cleanup: 11400 ns, At safepoint: 3400 ns, Total: 24101 ns
[3652.144s][info ][safepoint      ] Safepoint "Cleanup", Time since last: 11000778814 ns, Reaching safepoint: 9200 ns, Cleanup: 11900 ns, At safepoint: 3901 ns, Total: 25001 ns
[3653.144s][info ][safepoint      ] Safepoint "Cleanup", Time since last: 1000134521 ns, Reaching safepoint: 8000 ns, Cleanup: 10001 ns, At safepoint: 2900 ns, Total: 20901 ns
[3661.145s][info ][safepoint      ] Safepoint "Cleanup", Time since last: 8000597338 ns, Reaching safepoint: 8100 ns, Cleanup: 10700 ns, At safepoint: 3000 ns, Total: 21800 ns
[3684.383s][info ][safepoint      ] Safepoint "Cleanup", Time since last: 23238645802 ns, Reaching safepoint: 8100 ns, Cleanup: 11000 ns, At safepoint: 2900 ns, Total: 22000 ns
[3702.148s][info ][gc,start       ] GC(74) Pause Young (Allocation Failure)
[3702.152s][debug][gc,phases      ] GC(74) Scavenge 3.838ms
[3702.152s][debug][gc,ref         ] GC(74) ReferenceProcessor::execute queues: 1, RefProcThreadModel::Single, marks_oops_alive: false
[3702.152s][debug][gc,ref         ] GC(74) Skipped KeepAliveFinalRefsPhase of Reference Processing: no references
[3702.152s][debug][gc,ref         ] GC(74) ReferenceProcessor::execute queues: 1, RefProcThreadModel::Single, marks_oops_alive: false
[3702.152s][debug][gc,phases      ] GC(74) Reference Processing 0.150ms
[3702.152s][debug][gc,phases      ] GC(74)   VM Weak                        Min:  0.0, Avg:  0.0, Max:  0.0, Diff:  0.0, Sum:  0.0, Workers: 4
[3702.152s][debug][gc,phases      ] GC(74)     Dead                           Min: 0, Avg:  0.0, Max: 0, Diff: 0, Sum: 0, Workers: 4
[3702.152s][debug][gc,phases      ] GC(74)     Total                          Min: 0, Avg: 258.2, Max: 576, Diff: 576, Sum: 1033, Workers: 4
[3702.152s][debug][gc,phases      ] GC(74)   ObjectSynchronizer Weak        Min:  0.0, Avg:  0.0, Max:  0.0, Diff:  0.0, Sum:  0.0, Workers: 4
[3702.152s][debug][gc,phases      ] GC(74)     Dead                           Min: 0, Avg:  0.0, Max: 0, Diff: 0, Sum: 0, Workers: 4
[3702.152s][debug][gc,phases      ] GC(74)     Total                          Min: 0, Avg:  1.0, Max: 4, Diff: 4, Sum: 4, Workers: 4
[3702.152s][debug][gc,phases      ] GC(74)   JVMTI Tag Weak OopStorage      Min:  0.0, Avg:  0.0, Max:  0.0, Diff:  0.0, Sum:  0.0, Workers: 4
[3702.152s][debug][gc,phases      ] GC(74)     Dead                           Min: 0, Avg:  0.0, Max: 0, Diff: 0, Sum: 0, Workers: 4
[3702.152s][debug][gc,phases      ] GC(74)     Total                          Min: 0, Avg:  0.0, Max: 0, Diff: 0, Sum: 0, Workers: 4
[3702.152s][debug][gc,phases      ] GC(74)   StringTable Weak               Min:  0.1, Avg:  0.1, Max:  0.1, Diff:  0.0, Sum:  0.5, Workers: 4
[3702.152s][debug][gc,phases      ] GC(74)     Dead                           Min: 0, Avg:  0.0, Max: 0, Diff: 0, Sum: 0, Workers: 4
[3702.152s][debug][gc,phases      ] GC(74)     Total                          Min: 11584, Avg: 11896.2, Max: 12065, Diff: 481, Sum: 47585, Workers: 4
[3702.152s][debug][gc,phases      ] GC(74)   ResolvedMethodTable Weak       Min:  0.0, Avg:  0.0, Max:  0.0, Diff:  0.0, Sum:  0.2, Workers: 4
[3702.152s][debug][gc,phases      ] GC(74)     Dead                           Min: 0, Avg:  4.5, Max: 18, Diff: 18, Sum: 18, Workers: 4
[3702.152s][debug][gc,phases      ] GC(74)     Total                          Min: 3617, Avg: 3882.2, Max: 4114, Diff: 497, Sum: 15529, Workers: 4
[3702.152s][debug][gc,phases      ] GC(74)   JNI Weak                       Min:  0.0, Avg:  0.0, Max:  0.0, Diff:  0.0, Sum:  0.0, Workers: 4
[3702.152s][debug][gc,phases      ] GC(74)     Dead                           Min: 0, Avg:  0.0, Max: 0, Diff: 0, Sum: 0, Workers: 4
[3702.152s][debug][gc,phases      ] GC(74)     Total                          Min: 0, Avg: 13.0, Max: 52, Diff: 52, Sum: 52, Workers: 4
[3702.152s][debug][gc,phases      ] GC(74)   StringDedup Table Weak         Min:  0.0, Avg:  0.0, Max:  0.0, Diff:  0.0, Sum:  0.0, Workers: 4
[3702.152s][debug][gc,phases      ] GC(74)     Dead                           Min: 0, Avg:  0.0, Max: 0, Diff: 0, Sum: 0, Workers: 4
[3702.152s][debug][gc,phases      ] GC(74)     Total                          Min: 0, Avg:  0.0, Max: 0, Diff: 0, Sum: 0, Workers: 4
[3702.152s][debug][gc,phases      ] GC(74)   StringDedup Requests0 Weak     Min:  0.0, Avg:  0.0, Max:  0.0, Diff:  0.0, Sum:  0.0, Workers: 4
[3702.152s][debug][gc,phases      ] GC(74)     Dead                           Min: 0, Avg:  0.0, Max: 0, Diff: 0, Sum: 0, Workers: 4
[3702.152s][debug][gc,phases      ] GC(74)     Total                          Min: 0, Avg:  0.0, Max: 0, Diff: 0, Sum: 0, Workers: 4
[3702.152s][debug][gc,phases      ] GC(74)   StringDedup Requests1 Weak     Min:  0.0, Avg:  0.0, Max:  0.0, Diff:  0.0, Sum:  0.0, Workers: 4
[3702.152s][debug][gc,phases      ] GC(74)     Dead                           Min: 0, Avg:  0.0, Max: 0, Diff: 0, Sum: 0, Workers: 4
[3702.152s][debug][gc,phases      ] GC(74)     Total                          Min: 0, Avg:  0.0, Max: 0, Diff: 0, Sum: 0, Workers: 4
[3702.152s][debug][gc,phases      ] GC(74)   Weak JFR Old Object Samples    Min:  0.0, Avg:  0.0, Max:  0.0, Diff:  0.0, Sum:  0.0, Workers: 4
[3702.152s][debug][gc,phases      ] GC(74)     Dead                           Min: 0, Avg:  0.0, Max: 0, Diff: 0, Sum: 0, Workers: 4
[3702.152s][debug][gc,phases      ] GC(74)     Total                          Min: 0, Avg:  0.0, Max: 0, Diff: 0, Sum: 0, Workers: 4
[3702.152s][debug][gc,phases      ] GC(74) Weak Processing 0.415ms
[3702.152s][debug][gc,age         ] GC(74) Desired survivor size 9961472 bytes, new threshold 1 (max threshold 15)
[3702.152s][info ][gc,heap        ] GC(74) PSYoungGen: 2082131K(2086912K)->3616K(2086912K) Eden: 2076672K(2076672K)->0K(2076672K) From: 5459K(10240K)->3616K(10240K)
[3702.152s][info ][gc,heap        ] GC(74) ParOldGen: 261129K(311296K)->263884K(311296K)
[3702.152s][info ][gc,metaspace   ] GC(74) Metaspace: 110212K(111616K)->110212K(111616K) NonClass: 93696K(94464K)->93696K(94464K) Class: 16516K(17152K)->16516K(17152K)
[3702.152s][info ][gc             ] GC(74) Pause Young (Allocation Failure) 2288M->261M(2342M) 4.557ms
[3702.152s][info ][gc,cpu         ] GC(74) User=0.01s Sys=0.01s Real=0.01s
[3702.152s][info ][safepoint      ] Safepoint "ParallelGCFailedAllocation", Time since last: 17764355348 ns, Reaching safepoint: 7200 ns, Cleanup: 3700 ns, At safepoint: 4642548 ns, Total: 4653448 ns
[3703.152s][info ][safepoint      ] Safepoint "Cleanup", Time since last: 1000093731 ns, Reaching safepoint: 79901 ns, Cleanup: 13600 ns, At safepoint: 6700 ns, Total: 100201 ns
[3704.153s][info ][safepoint      ] Safepoint "Cleanup", Time since last: 1000117631 ns, Reaching safepoint: 84801 ns, Cleanup: 10500 ns, At safepoint: 7300 ns, Total: 102601 ns
[3707.153s][info ][safepoint      ] Safepoint "Cleanup", Time since last: 3000286292 ns, Reaching safepoint: 78701 ns, Cleanup: 13300 ns, At safepoint: 7100 ns, Total: 99101 ns
[3710.153s][info ][safepoint      ] Safepoint "Cleanup", Time since last: 3000253681 ns, Reaching safepoint: 83201 ns, Cleanup: 9000 ns, At safepoint: 8000 ns, Total: 100201 ns
[3711.154s][info ][safepoint      ] Safepoint "Cleanup", Time since last: 1000126015 ns, Reaching safepoint: 81601 ns, Cleanup: 11400 ns, At safepoint: 6200 ns, Total: 99201 ns
[3720.154s][info ][safepoint      ] Safepoint "Cleanup", Time since last: 9000698586 ns, Reaching safepoint: 87700 ns, Cleanup: 27101 ns, At safepoint: 10100 ns, Total: 124901 ns
[3721.155s][info ][safepoint      ] Safepoint "Cleanup", Time since last: 1000134537 ns, Reaching safepoint: 86500 ns, Cleanup: 14201 ns, At safepoint: 7900 ns, Total: 108601 ns
[3722.399s][info ][safepoint      ] Safepoint "Cleanup", Time since last: 1244134364 ns, Reaching safepoint: 80401 ns, Cleanup: 12000 ns, At safepoint: 6400 ns, Total: 98801 ns
[3725.399s][info ][safepoint      ] Safepoint "Cleanup", Time since last: 3000275914 ns, Reaching safepoint: 85901 ns, Cleanup: 23700 ns, At safepoint: 9600 ns, Total: 119201 ns
[3732.400s][info ][safepoint      ] Safepoint "Cleanup", Time since last: 7000586490 ns, Reaching safepoint: 82901 ns, Cleanup: 10900 ns, At safepoint: 7200 ns, Total: 101001 ns
[3741.401s][info ][safepoint      ] Safepoint "Cleanup", Time since last: 9000713227 ns, Reaching safepoint: 79901 ns, Cleanup: 12600 ns, At safepoint: 6600 ns, Total: 99101 ns
[3742.401s][info ][safepoint      ] Safepoint "Cleanup", Time since last: 1000153861 ns, Reaching safepoint: 85600 ns, Cleanup: 15001 ns, At safepoint: 7600 ns, Total: 108201 ns
[3743.401s][info ][safepoint      ] Safepoint "Cleanup", Time since last: 1000128360 ns, Reaching safepoint: 79601 ns, Cleanup: 10600 ns, At safepoint: 6700 ns, Total: 96901 ns
[3744.402s][info ][safepoint      ] Safepoint "Cleanup", Time since last: 1000117161 ns, Reaching safepoint: 80301 ns, Cleanup: 11500 ns, At safepoint: 7100 ns, Total: 98901 ns
[3745.402s][info ][safepoint      ] Safepoint "Cleanup", Time since last: 1000128660 ns, Reaching safepoint: 82901 ns, Cleanup: 14400 ns, At safepoint: 7001 ns, Total: 104302 ns
[3749.402s][info ][safepoint      ] Safepoint "Cleanup", Time since last: 4000377845 ns, Reaching safepoint: 78601 ns, Cleanup: 10200 ns, At safepoint: 6500 ns, Total: 95301 ns
[3765.161s][info ][gc,start       ] GC(75) Pause Young (Allocation Failure)
[3765.166s][debug][gc,phases      ] GC(75) Scavenge 4.532ms
[3765.166s][debug][gc,ref         ] GC(75) ReferenceProcessor::execute queues: 1, RefProcThreadModel::Single, marks_oops_alive: false
[3765.166s][debug][gc,ref         ] GC(75) Skipped KeepAliveFinalRefsPhase of Reference Processing: no references
[3765.166s][debug][gc,ref         ] GC(75) ReferenceProcessor::execute queues: 1, RefProcThreadModel::Single, marks_oops_alive: false
[3765.166s][debug][gc,phases      ] GC(75) Reference Processing 0.122ms
[3765.166s][debug][gc,phases      ] GC(75)   VM Weak                        Min:  0.0, Avg:  0.0, Max:  0.0, Diff:  0.0, Sum:  0.0, Workers: 4
[3765.166s][debug][gc,phases      ] GC(75)     Dead                           Min: 0, Avg:  0.0, Max: 0, Diff: 0, Sum: 0, Workers: 4
[3765.166s][debug][gc,phases      ] GC(75)     Total                          Min: 0, Avg: 258.2, Max: 704, Diff: 704, Sum: 1033, Workers: 4
[3765.166s][debug][gc,phases      ] GC(75)   ObjectSynchronizer Weak        Min:  0.0, Avg:  0.0, Max:  0.0, Diff:  0.0, Sum:  0.0, Workers: 4
[3765.166s][debug][gc,phases      ] GC(75)     Dead                           Min: 0, Avg:  0.0, Max: 0, Diff: 0, Sum: 0, Workers: 4
[3765.166s][debug][gc,phases      ] GC(75)     Total                          Min: 0, Avg:  0.8, Max: 3, Diff: 3, Sum: 3, Workers: 4
[3765.166s][debug][gc,phases      ] GC(75)   JVMTI Tag Weak OopStorage      Min:  0.0, Avg:  0.0, Max:  0.0, Diff:  0.0, Sum:  0.0, Workers: 4
[3765.166s][debug][gc,phases      ] GC(75)     Dead                           Min: 0, Avg:  0.0, Max: 0, Diff: 0, Sum: 0, Workers: 4
[3765.166s][debug][gc,phases      ] GC(75)     Total                          Min: 0, Avg:  0.0, Max: 0, Diff: 0, Sum: 0, Workers: 4
[3765.166s][debug][gc,phases      ] GC(75)   StringTable Weak               Min:  0.0, Avg:  0.1, Max:  0.1, Diff:  0.1, Sum:  0.4, Workers: 4
[3765.166s][debug][gc,phases      ] GC(75)     Dead                           Min: 0, Avg:  0.0, Max: 0, Diff: 0, Sum: 0, Workers: 4
[3765.166s][debug][gc,phases      ] GC(75)     Total                          Min: 0, Avg: 11909.8, Max: 16576, Diff: 16576, Sum: 47639, Workers: 4
[3765.166s][debug][gc,phases      ] GC(75)   ResolvedMethodTable Weak       Min:  0.0, Avg:  0.0, Max:  0.1, Diff:  0.1, Sum:  0.2, Workers: 4
[3765.166s][debug][gc,phases      ] GC(75)     Dead                           Min: 0, Avg:  4.2, Max: 17, Diff: 17, Sum: 17, Workers: 4
[3765.166s][debug][gc,phases      ] GC(75)     Total                          Min: 0, Avg: 3883.2, Max: 5661, Diff: 5661, Sum: 15533, Workers: 4
[3765.166s][debug][gc,phases      ] GC(75)   JNI Weak                       Min:  0.0, Avg:  0.0, Max:  0.0, Diff:  0.0, Sum:  0.0, Workers: 4
[3765.166s][debug][gc,phases      ] GC(75)     Dead                           Min: 0, Avg:  0.0, Max: 0, Diff: 0, Sum: 0, Workers: 4
[3765.166s][debug][gc,phases      ] GC(75)     Total                          Min: 0, Avg: 13.0, Max: 52, Diff: 52, Sum: 52, Workers: 4
[3765.166s][debug][gc,phases      ] GC(75)   StringDedup Table Weak         Min:  0.0, Avg:  0.0, Max:  0.0, Diff:  0.0, Sum:  0.0, Workers: 4
[3765.166s][debug][gc,phases      ] GC(75)     Dead                           Min: 0, Avg:  0.0, Max: 0, Diff: 0, Sum: 0, Workers: 4
[3765.166s][debug][gc,phases      ] GC(75)     Total                          Min: 0, Avg:  0.0, Max: 0, Diff: 0, Sum: 0, Workers: 4
[3765.166s][debug][gc,phases      ] GC(75)   StringDedup Requests0 Weak     Min:  0.0, Avg:  0.0, Max:  0.0, Diff:  0.0, Sum:  0.0, Workers: 4
[3765.166s][debug][gc,phases      ] GC(75)     Dead                           Min: 0, Avg:  0.0, Max: 0, Diff: 0, Sum: 0, Workers: 4
[3765.166s][debug][gc,phases      ] GC(75)     Total                          Min: 0, Avg:  0.0, Max: 0, Diff: 0, Sum: 0, Workers: 4
[3765.166s][debug][gc,phases      ] GC(75)   StringDedup Requests1 Weak     Min:  0.0, Avg:  0.0, Max:  0.0, Diff:  0.0, Sum:  0.0, Workers: 4
[3765.166s][debug][gc,phases      ] GC(75)     Dead                           Min: 0, Avg:  0.0, Max: 0, Diff: 0, Sum: 0, Workers: 4
[3765.166s][debug][gc,phases      ] GC(75)     Total                          Min: 0, Avg:  0.0, Max: 0, Diff: 0, Sum: 0, Workers: 4
[3765.166s][debug][gc,phases      ] GC(75)   Weak JFR Old Object Samples    Min:  0.0, Avg:  0.0, Max:  0.0, Diff:  0.0, Sum:  0.0, Workers: 4
[3765.166s][debug][gc,phases      ] GC(75)     Dead                           Min: 0, Avg:  0.0, Max: 0, Diff: 0, Sum: 0, Workers: 4
[3765.166s][debug][gc,phases      ] GC(75)     Total                          Min: 0, Avg:  0.0, Max: 0, Diff: 0, Sum: 0, Workers: 4
[3765.166s][debug][gc,phases      ] GC(75) Weak Processing 0.453ms
[3765.166s][debug][gc,age         ] GC(75) Desired survivor size 9437184 bytes, new threshold 1 (max threshold 15)
[3765.166s][info ][gc,heap        ] GC(75) PSYoungGen: 2080288K(2086912K)->3632K(2087936K) Eden: 2076672K(2076672K)->0K(2078208K) From: 3616K(10240K)->3632K(9728K)
[3765.166s][info ][gc,heap        ] GC(75) ParOldGen: 263884K(311296K)->264924K(311296K)
[3765.166s][info ][gc,metaspace   ] GC(75) Metaspace: 110245K(111616K)->110245K(111616K) NonClass: 93725K(94464K)->93725K(94464K) Class: 16519K(17152K)->16519K(17152K)
[3765.166s][info ][gc             ] GC(75) Pause Young (Allocation Failure) 2289M->262M(2343M) 5.242ms
[3765.166s][info ][gc,cpu         ] GC(75) User=0.02s Sys=0.00s Real=0.00s
[3765.166s][info ][safepoint      ] Safepoint "ParallelGCFailedAllocation", Time since last: 15758743766 ns, Reaching safepoint: 7500 ns, Cleanup: 4400 ns, At safepoint: 5324156 ns, Total: 5336056 ns
[3796.169s][info ][safepoint      ] Safepoint "Cleanup", Time since last: 31002128542 ns, Reaching safepoint: 6800 ns, Cleanup: 8201 ns, At safepoint: 3300 ns, Total: 18301 ns
[3798.169s][info ][safepoint      ] Safepoint "Cleanup", Time since last: 2000177223 ns, Reaching safepoint: 6500 ns, Cleanup: 11000 ns, At safepoint: 2900 ns, Total: 20400 ns
[3805.169s][info ][safepoint      ] Safepoint "Cleanup", Time since last: 7000523189 ns, Reaching safepoint: 77500 ns, Cleanup: 9001 ns, At safepoint: 5600 ns, Total: 92101 ns
[3817.170s][info ][safepoint      ] Safepoint "Cleanup", Time since last: 12001034223 ns, Reaching safepoint: 7400 ns, Cleanup: 11100 ns, At safepoint: 3100 ns, Total: 21600 ns
[3820.171s][info ][safepoint      ] Safepoint "Cleanup", Time since last: 3000243154 ns, Reaching safepoint: 7700 ns, Cleanup: 12401 ns, At safepoint: 3400 ns, Total: 23501 ns
[3821.171s][info ][safepoint      ] Safepoint "Cleanup", Time since last: 1000106685 ns, Reaching safepoint: 7600 ns, Cleanup: 10200 ns, At safepoint: 3100 ns, Total: 20900 ns
[3822.171s][info ][safepoint      ] Safepoint "Cleanup", Time since last: 1000117627 ns, Reaching safepoint: 7100 ns, Cleanup: 15600 ns, At safepoint: 3100 ns, Total: 25800 ns
[3831.172s][info ][safepoint      ] Safepoint "Cleanup", Time since last: 9000662509 ns, Reaching safepoint: 7400 ns, Cleanup: 10700 ns, At safepoint: 2900 ns, Total: 21000 ns
[3833.172s][info ][safepoint      ] Safepoint "Cleanup", Time since last: 2000207549 ns, Reaching safepoint: 7700 ns, Cleanup: 10500 ns, At safepoint: 3600 ns, Total: 21800 ns
[3833.175s][info ][gc,start       ] GC(76) Pause Young (Allocation Failure)
[3833.178s][debug][gc,phases      ] GC(76) Scavenge 3.585ms
[3833.178s][debug][gc,ref         ] GC(76) ReferenceProcessor::execute queues: 1, RefProcThreadModel::Single, marks_oops_alive: false
[3833.178s][debug][gc,ref         ] GC(76) Skipped KeepAliveFinalRefsPhase of Reference Processing: no references
[3833.178s][debug][gc,ref         ] GC(76) Skipped PhantomRefsPhase of Reference Processing: no references
[3833.178s][debug][gc,phases      ] GC(76) Reference Processing 0.124ms
[3833.179s][debug][gc,phases      ] GC(76)   VM Weak                        Min:  0.0, Avg:  0.0, Max:  0.0, Diff:  0.0, Sum:  0.0, Workers: 4
[3833.179s][debug][gc,phases      ] GC(76)     Dead                           Min: 0, Avg:  0.0, Max: 0, Diff: 0, Sum: 0, Workers: 4
[3833.179s][debug][gc,phases      ] GC(76)     Total                          Min: 0, Avg: 258.2, Max: 585, Diff: 585, Sum: 1033, Workers: 4
[3833.179s][debug][gc,phases      ] GC(76)   ObjectSynchronizer Weak        Min:  0.0, Avg:  0.0, Max:  0.0, Diff:  0.0, Sum:  0.0, Workers: 4
[3833.179s][debug][gc,phases      ] GC(76)     Dead                           Min: 0, Avg:  0.0, Max: 0, Diff: 0, Sum: 0, Workers: 4
[3833.179s][debug][gc,phases      ] GC(76)     Total                          Min: 0, Avg:  1.0, Max: 4, Diff: 4, Sum: 4, Workers: 4
[3833.179s][debug][gc,phases      ] GC(76)   JVMTI Tag Weak OopStorage      Min:  0.0, Avg:  0.0, Max:  0.0, Diff:  0.0, Sum:  0.0, Workers: 4
[3833.179s][debug][gc,phases      ] GC(76)     Dead                           Min: 0, Avg:  0.0, Max: 0, Diff: 0, Sum: 0, Workers: 4
[3833.179s][debug][gc,phases      ] GC(76)     Total                          Min: 0, Avg:  0.0, Max: 0, Diff: 0, Sum: 0, Workers: 4
[3833.179s][debug][gc,phases      ] GC(76)   StringTable Weak               Min:  0.1, Avg:  0.1, Max:  0.1, Diff:  0.0, Sum:  0.5, Workers: 4
[3833.179s][debug][gc,phases      ] GC(76)     Dead                           Min: 0, Avg:  0.0, Max: 0, Diff: 0, Sum: 0, Workers: 4
[3833.179s][debug][gc,phases      ] GC(76)     Total                          Min: 11200, Avg: 11909.8, Max: 12864, Diff: 1664, Sum: 47639, Workers: 4
[3833.179s][debug][gc,phases      ] GC(76)   ResolvedMethodTable Weak       Min:  0.0, Avg:  0.0, Max:  0.0, Diff:  0.0, Sum:  0.2, Workers: 4
[3833.179s][debug][gc,phases      ] GC(76)     Dead                           Min: 0, Avg:  4.0, Max: 16, Diff: 16, Sum: 16, Workers: 4
[3833.179s][debug][gc,phases      ] GC(76)     Total                          Min: 3616, Avg: 3883.2, Max: 4080, Diff: 464, Sum: 15533, Workers: 4
[3833.179s][debug][gc,phases      ] GC(76)   JNI Weak                       Min:  0.0, Avg:  0.0, Max:  0.0, Diff:  0.0, Sum:  0.0, Workers: 4
[3833.179s][debug][gc,phases      ] GC(76)     Dead                           Min: 0, Avg:  0.0, Max: 0, Diff: 0, Sum: 0, Workers: 4
[3833.179s][debug][gc,phases      ] GC(76)     Total                          Min: 0, Avg: 13.0, Max: 52, Diff: 52, Sum: 52, Workers: 4
[3833.179s][debug][gc,phases      ] GC(76)   StringDedup Table Weak         Min:  0.0, Avg:  0.0, Max:  0.0, Diff:  0.0, Sum:  0.0, Workers: 4
[3833.179s][debug][gc,phases      ] GC(76)     Dead                           Min: 0, Avg:  0.0, Max: 0, Diff: 0, Sum: 0, Workers: 4
[3833.179s][debug][gc,phases      ] GC(76)     Total                          Min: 0, Avg:  0.0, Max: 0, Diff: 0, Sum: 0, Workers: 4
[3833.179s][debug][gc,phases      ] GC(76)   StringDedup Requests0 Weak     Min:  0.0, Avg:  0.0, Max:  0.0, Diff:  0.0, Sum:  0.0, Workers: 4
[3833.179s][debug][gc,phases      ] GC(76)     Dead                           Min: 0, Avg:  0.0, Max: 0, Diff: 0, Sum: 0, Workers: 4
[3833.179s][debug][gc,phases      ] GC(76)     Total                          Min: 0, Avg:  0.0, Max: 0, Diff: 0, Sum: 0, Workers: 4
[3833.179s][debug][gc,phases      ] GC(76)   StringDedup Requests1 Weak     Min:  0.0, Avg:  0.0, Max:  0.0, Diff:  0.0, Sum:  0.0, Workers: 4
[3833.179s][debug][gc,phases      ] GC(76)     Dead                           Min: 0, Avg:  0.0, Max: 0, Diff: 0, Sum: 0, Workers: 4
[3833.179s][debug][gc,phases      ] GC(76)     Total                          Min: 0, Avg:  0.0, Max: 0, Diff: 0, Sum: 0, Workers: 4
[3833.179s][debug][gc,phases      ] GC(76)   Weak JFR Old Object Samples    Min:  0.0, Avg:  0.0, Max:  0.0, Diff:  0.0, Sum:  0.0, Workers: 4
[3833.179s][debug][gc,phases      ] GC(76)     Dead                           Min: 0, Avg:  0.0, Max: 0, Diff: 0, Sum: 0, Workers: 4
[3833.179s][debug][gc,phases      ] GC(76)     Total                          Min: 0, Avg:  0.0, Max: 0, Diff: 0, Sum: 0, Workers: 4
[3833.179s][debug][gc,phases      ] GC(76) Weak Processing 0.413ms
[3833.179s][debug][gc,age         ] GC(76) Desired survivor size 8912896 bytes, new threshold 1 (max threshold 15)
[3833.179s][info ][gc,heap        ] GC(76) PSYoungGen: 2081840K(2087936K)->3984K(2087424K) Eden: 2078208K(2078208K)->0K(2078208K) From: 3632K(9728K)->3984K(9216K)
[3833.179s][info ][gc,heap        ] GC(76) ParOldGen: 264924K(311296K)->265704K(311296K)
[3833.179s][info ][gc,metaspace   ] GC(76) Metaspace: 110276K(111616K)->110276K(111616K) NonClass: 93756K(94464K)->93756K(94464K) Class: 16519K(17152K)->16519K(17152K)
[3833.179s][info ][gc             ] GC(76) Pause Young (Allocation Failure) 2291M->263M(2342M) 4.239ms
[3833.179s][info ][gc,cpu         ] GC(76) User=0.01s Sys=0.00s Real=0.00s
[3833.179s][info ][safepoint      ] Safepoint "ParallelGCFailedAllocation", Time since last: 2840929 ns, Reaching safepoint: 900 ns, Cleanup: 900 ns, At safepoint: 4314043 ns, Total: 4315843 ns
[3837.179s][info ][safepoint      ] Safepoint "Cleanup", Time since last: 4000296396 ns, Reaching safepoint: 7000 ns, Cleanup: 9601 ns, At safepoint: 3000 ns, Total: 19601 ns
[3844.439s][info ][safepoint      ] Safepoint "Cleanup", Time since last: 7259809759 ns, Reaching safepoint: 7600 ns, Cleanup: 11000 ns, At safepoint: 20101 ns, Total: 38701 ns
[3845.439s][info ][safepoint      ] Safepoint "Cleanup", Time since last: 1000102635 ns, Reaching safepoint: 8200 ns, Cleanup: 11200 ns, At safepoint: 2900 ns, Total: 22300 ns
[3847.439s][info ][safepoint      ] Safepoint "Cleanup", Time since last: 2000199068 ns, Reaching safepoint: 8200 ns, Cleanup: 12100 ns, At safepoint: 3300 ns, Total: 23600 ns
[3855.440s][info ][safepoint      ] Safepoint "Cleanup", Time since last: 8000605137 ns, Reaching safepoint: 7300 ns, Cleanup: 11000 ns, At safepoint: 3101 ns, Total: 21401 ns
[3869.441s][info ][safepoint      ] Safepoint "Cleanup", Time since last: 14001018752 ns, Reaching safepoint: 7400 ns, Cleanup: 12500 ns, At safepoint: 2800 ns, Total: 22700 ns
[3870.441s][info ][safepoint      ] Safepoint "Cleanup", Time since last: 1000106632 ns, Reaching safepoint: 10100 ns, Cleanup: 14100 ns, At safepoint: 2800 ns, Total: 27000 ns
[3871.441s][info ][safepoint      ] Safepoint "Cleanup", Time since last: 1000106745 ns, Reaching safepoint: 7200 ns, Cleanup: 10500 ns, At safepoint: 2800 ns, Total: 20500 ns
[3872.442s][info ][safepoint      ] Safepoint "Cleanup", Time since last: 1000117645 ns, Reaching safepoint: 9100 ns, Cleanup: 24200 ns, At safepoint: 2701 ns, Total: 36001 ns
[3884.186s][info ][gc,start       ] GC(77) Pause Young (Allocation Failure)
[3884.190s][debug][gc,phases      ] GC(77) Scavenge 4.094ms
[3884.190s][debug][gc,ref         ] GC(77) ReferenceProcessor::execute queues: 1, RefProcThreadModel::Single, marks_oops_alive: false
[3884.190s][debug][gc,ref         ] GC(77) Skipped KeepAliveFinalRefsPhase of Reference Processing: no references
[3884.190s][debug][gc,ref         ] GC(77) ReferenceProcessor::execute queues: 1, RefProcThreadModel::Single, marks_oops_alive: false
[3884.190s][debug][gc,phases      ] GC(77) Reference Processing 0.132ms
[3884.191s][debug][gc,phases      ] GC(77)   VM Weak                        Min:  0.0, Avg:  0.0, Max:  0.0, Diff:  0.0, Sum:  0.0, Workers: 4
[3884.191s][debug][gc,phases      ] GC(77)     Dead                           Min: 0, Avg:  0.0, Max: 0, Diff: 0, Sum: 0, Workers: 4
[3884.191s][debug][gc,phases      ] GC(77)     Total                          Min: 0, Avg: 258.2, Max: 521, Diff: 521, Sum: 1033, Workers: 4
[3884.191s][debug][gc,phases      ] GC(77)   ObjectSynchronizer Weak        Min:  0.0, Avg:  0.0, Max:  0.0, Diff:  0.0, Sum:  0.0, Workers: 4
[3884.191s][debug][gc,phases      ] GC(77)     Dead                           Min: 0, Avg:  0.0, Max: 0, Diff: 0, Sum: 0, Workers: 4
[3884.191s][debug][gc,phases      ] GC(77)     Total                          Min: 0, Avg:  1.0, Max: 4, Diff: 4, Sum: 4, Workers: 4
[3884.191s][debug][gc,phases      ] GC(77)   JVMTI Tag Weak OopStorage      Min:  0.0, Avg:  0.0, Max:  0.0, Diff:  0.0, Sum:  0.0, Workers: 4
[3884.191s][debug][gc,phases      ] GC(77)     Dead                           Min: 0, Avg:  0.0, Max: 0, Diff: 0, Sum: 0, Workers: 4
[3884.191s][debug][gc,phases      ] GC(77)     Total                          Min: 0, Avg:  0.0, Max: 0, Diff: 0, Sum: 0, Workers: 4
[3884.191s][debug][gc,phases      ] GC(77)   StringTable Weak               Min:  0.0, Avg:  0.1, Max:  0.2, Diff:  0.2, Sum:  0.5, Workers: 4
[3884.191s][debug][gc,phases      ] GC(77)     Dead                           Min: 0, Avg:  0.0, Max: 0, Diff: 0, Sum: 0, Workers: 4
[3884.191s][debug][gc,phases      ] GC(77)     Total                          Min: 0, Avg: 11909.8, Max: 16320, Diff: 16320, Sum: 47639, Workers: 4
[3884.191s][debug][gc,phases      ] GC(77)   ResolvedMethodTable Weak       Min:  0.0, Avg:  0.0, Max:  0.1, Diff:  0.1, Sum:  0.2, Workers: 4
[3884.191s][debug][gc,phases      ] GC(77)     Dead                           Min: 0, Avg:  4.0, Max: 16, Diff: 16, Sum: 16, Workers: 4
[3884.191s][debug][gc,phases      ] GC(77)     Total                          Min: 0, Avg: 3883.2, Max: 5812, Diff: 5812, Sum: 15533, Workers: 4
[3884.191s][debug][gc,phases      ] GC(77)   JNI Weak                       Min:  0.0, Avg:  0.0, Max:  0.0, Diff:  0.0, Sum:  0.0, Workers: 4
[3884.191s][debug][gc,phases      ] GC(77)     Dead                           Min: 0, Avg:  0.0, Max: 0, Diff: 0, Sum: 0, Workers: 4
[3884.191s][debug][gc,phases      ] GC(77)     Total                          Min: 0, Avg: 13.0, Max: 52, Diff: 52, Sum: 52, Workers: 4
[3884.191s][debug][gc,phases      ] GC(77)   StringDedup Table Weak         Min:  0.0, Avg:  0.0, Max:  0.0, Diff:  0.0, Sum:  0.0, Workers: 4
[3884.191s][debug][gc,phases      ] GC(77)     Dead                           Min: 0, Avg:  0.0, Max: 0, Diff: 0, Sum: 0, Workers: 4
[3884.191s][debug][gc,phases      ] GC(77)     Total                          Min: 0, Avg:  0.0, Max: 0, Diff: 0, Sum: 0, Workers: 4
[3884.191s][debug][gc,phases      ] GC(77)   StringDedup Requests0 Weak     Min:  0.0, Avg:  0.0, Max:  0.0, Diff:  0.0, Sum:  0.0, Workers: 4
[3884.191s][debug][gc,phases      ] GC(77)     Dead                           Min: 0, Avg:  0.0, Max: 0, Diff: 0, Sum: 0, Workers: 4
[3884.191s][debug][gc,phases      ] GC(77)     Total                          Min: 0, Avg:  0.0, Max: 0, Diff: 0, Sum: 0, Workers: 4
[3884.191s][debug][gc,phases      ] GC(77)   StringDedup Requests1 Weak     Min:  0.0, Avg:  0.0, Max:  0.0, Diff:  0.0, Sum:  0.0, Workers: 4
[3884.191s][debug][gc,phases      ] GC(77)     Dead                           Min: 0, Avg:  0.0, Max: 0, Diff: 0, Sum: 0, Workers: 4
[3884.191s][debug][gc,phases      ] GC(77)     Total                          Min: 0, Avg:  0.0, Max: 0, Diff: 0, Sum: 0, Workers: 4
[3884.191s][debug][gc,phases      ] GC(77)   Weak JFR Old Object Samples    Min:  0.0, Avg:  0.0, Max:  0.0, Diff:  0.0, Sum:  0.0, Workers: 4
[3884.191s][debug][gc,phases      ] GC(77)     Dead                           Min: 0, Avg:  0.0, Max: 0, Diff: 0, Sum: 0, Workers: 4
[3884.191s][debug][gc,phases      ] GC(77)     Total                          Min: 0, Avg:  0.0, Max: 0, Diff: 0, Sum: 0, Workers: 4
[3884.191s][debug][gc,phases      ] GC(77) Weak Processing 0.468ms
[3884.191s][debug][gc,age         ] GC(77) Desired survivor size 8912896 bytes, new threshold 1 (max threshold 15)
[3884.191s][info ][gc,heap        ] GC(77) PSYoungGen: 2082192K(2087424K)->4753K(2088448K) Eden: 2078208K(2078208K)->0K(2079744K) From: 3984K(9216K)->4753K(8704K)
[3884.191s][info ][gc,heap        ] GC(77) ParOldGen: 265704K(311296K)->266508K(311296K)
[3884.191s][info ][gc,metaspace   ] GC(77) Metaspace: 110294K(111744K)->110294K(111744K) NonClass: 93774K(94592K)->93774K(94592K) Class: 16519K(17152K)->16519K(17152K)
[3884.191s][info ][gc             ] GC(77) Pause Young (Allocation Failure) 2292M->264M(2343M) 4.839ms
[3884.191s][info ][gc,cpu         ] GC(77) User=0.01s Sys=0.00s Real=0.00s
[3884.191s][info ][safepoint      ] Safepoint "ParallelGCFailedAllocation", Time since last: 11744306614 ns, Reaching safepoint: 7000 ns, Cleanup: 4000 ns, At safepoint: 4918752 ns, Total: 4929752 ns
[3891.191s][info ][safepoint      ] Safepoint "Cleanup", Time since last: 7000512893 ns, Reaching safepoint: 7401 ns, Cleanup: 9400 ns, At safepoint: 16500 ns, Total: 33301 ns
[3901.192s][info ][safepoint      ] Safepoint "Cleanup", Time since last: 10000753137 ns, Reaching safepoint: 6900 ns, Cleanup: 10701 ns, At safepoint: 3200 ns, Total: 20801 ns
[3913.457s][info ][safepoint      ] Safepoint "Cleanup", Time since last: 12265203559 ns, Reaching safepoint: 8500 ns, Cleanup: 26002 ns, At safepoint: 2900 ns, Total: 37402 ns
[3923.458s][info ][safepoint      ] Safepoint "Cleanup", Time since last: 10000819379 ns, Reaching safepoint: 9401 ns, Cleanup: 12201 ns, At safepoint: 29802 ns, Total: 51404 ns
[3931.459s][info ][safepoint      ] Safepoint "Cleanup", Time since last: 8000645225 ns, Reaching safepoint: 11701 ns, Cleanup: 12801 ns, At safepoint: 3400 ns, Total: 27902 ns
[3943.460s][info ][safepoint      ] Safepoint "Cleanup", Time since last: 12001051220 ns, Reaching safepoint: 10800 ns, Cleanup: 12701 ns, At safepoint: 3100 ns, Total: 26601 ns
[3947.460s][info ][safepoint      ] Safepoint "Cleanup", Time since last: 4000356445 ns, Reaching safepoint: 12001 ns, Cleanup: 17301 ns, At safepoint: 3300 ns, Total: 32602 ns
[3953.503s][info ][gc,start       ] GC(78) Pause Young (Allocation Failure)
[3953.508s][debug][gc,phases      ] GC(78) Scavenge 4.029ms
[3953.508s][debug][gc,ref         ] GC(78) ReferenceProcessor::execute queues: 1, RefProcThreadModel::Single, marks_oops_alive: false
[3953.508s][debug][gc,ref         ] GC(78) Skipped KeepAliveFinalRefsPhase of Reference Processing: no references
[3953.508s][debug][gc,ref         ] GC(78) ReferenceProcessor::execute queues: 1, RefProcThreadModel::Single, marks_oops_alive: false
[3953.508s][debug][gc,phases      ] GC(78) Reference Processing 0.163ms
[3953.508s][debug][gc,phases      ] GC(78)   VM Weak                        Min:  0.0, Avg:  0.0, Max:  0.0, Diff:  0.0, Sum:  0.0, Workers: 4
[3953.508s][debug][gc,phases      ] GC(78)     Dead                           Min: 0, Avg:  0.0, Max: 0, Diff: 0, Sum: 0, Workers: 4
[3953.508s][debug][gc,phases      ] GC(78)     Total                          Min: 0, Avg: 258.2, Max: 393, Diff: 393, Sum: 1033, Workers: 4
[3953.508s][debug][gc,phases      ] GC(78)   ObjectSynchronizer Weak        Min:  0.0, Avg:  0.0, Max:  0.0, Diff:  0.0, Sum:  0.0, Workers: 4
[3953.508s][debug][gc,phases      ] GC(78)     Dead                           Min: 0, Avg:  0.0, Max: 0, Diff: 0, Sum: 0, Workers: 4
[3953.508s][debug][gc,phases      ] GC(78)     Total                          Min: 0, Avg:  1.0, Max: 4, Diff: 4, Sum: 4, Workers: 4
[3953.508s][debug][gc,phases      ] GC(78)   JVMTI Tag Weak OopStorage      Min:  0.0, Avg:  0.0, Max:  0.0, Diff:  0.0, Sum:  0.0, Workers: 4
[3953.508s][debug][gc,phases      ] GC(78)     Dead                           Min: 0, Avg:  0.0, Max: 0, Diff: 0, Sum: 0, Workers: 4
[3953.508s][debug][gc,phases      ] GC(78)     Total                          Min: 0, Avg:  0.0, Max: 0, Diff: 0, Sum: 0, Workers: 4
[3953.508s][debug][gc,phases      ] GC(78)   StringTable Weak               Min:  0.0, Avg:  0.1, Max:  0.2, Diff:  0.2, Sum:  0.5, Workers: 4
[3953.508s][debug][gc,phases      ] GC(78)     Dead                           Min: 0, Avg:  0.0, Max: 0, Diff: 0, Sum: 0, Workers: 4
[3953.508s][debug][gc,phases      ] GC(78)     Total                          Min: 0, Avg: 11910.5, Max: 17024, Diff: 17024, Sum: 47642, Workers: 4
[3953.508s][debug][gc,phases      ] GC(78)   ResolvedMethodTable Weak       Min:  0.0, Avg:  0.0, Max:  0.1, Diff:  0.1, Sum:  0.2, Workers: 4
[3953.508s][debug][gc,phases      ] GC(78)     Dead                           Min: 0, Avg:  4.0, Max: 16, Diff: 16, Sum: 16, Workers: 4
[3953.508s][debug][gc,phases      ] GC(78)     Total                          Min: 0, Avg: 3883.2, Max: 5785, Diff: 5785, Sum: 15533, Workers: 4
[3953.508s][debug][gc,phases      ] GC(78)   JNI Weak                       Min:  0.0, Avg:  0.0, Max:  0.0, Diff:  0.0, Sum:  0.0, Workers: 4
[3953.508s][debug][gc,phases      ] GC(78)     Dead                           Min: 0, Avg:  0.0, Max: 0, Diff: 0, Sum: 0, Workers: 4
[3953.508s][debug][gc,phases      ] GC(78)     Total                          Min: 0, Avg: 13.0, Max: 52, Diff: 52, Sum: 52, Workers: 4
[3953.508s][debug][gc,phases      ] GC(78)   StringDedup Table Weak         Min:  0.0, Avg:  0.0, Max:  0.0, Diff:  0.0, Sum:  0.0, Workers: 4
[3953.508s][debug][gc,phases      ] GC(78)     Dead                           Min: 0, Avg:  0.0, Max: 0, Diff: 0, Sum: 0, Workers: 4
[3953.508s][debug][gc,phases      ] GC(78)     Total                          Min: 0, Avg:  0.0, Max: 0, Diff: 0, Sum: 0, Workers: 4
[3953.508s][debug][gc,phases      ] GC(78)   StringDedup Requests0 Weak     Min:  0.0, Avg:  0.0, Max:  0.0, Diff:  0.0, Sum:  0.0, Workers: 4
[3953.508s][debug][gc,phases      ] GC(78)     Dead                           Min: 0, Avg:  0.0, Max: 0, Diff: 0, Sum: 0, Workers: 4
[3953.508s][debug][gc,phases      ] GC(78)     Total                          Min: 0, Avg:  0.0, Max: 0, Diff: 0, Sum: 0, Workers: 4
[3953.508s][debug][gc,phases      ] GC(78)   StringDedup Requests1 Weak     Min:  0.0, Avg:  0.0, Max:  0.0, Diff:  0.0, Sum:  0.0, Workers: 4
[3953.508s][debug][gc,phases      ] GC(78)     Dead                           Min: 0, Avg:  0.0, Max: 0, Diff: 0, Sum: 0, Workers: 4
[3953.508s][debug][gc,phases      ] GC(78)     Total                          Min: 0, Avg:  0.0, Max: 0, Diff: 0, Sum: 0, Workers: 4
[3953.508s][debug][gc,phases      ] GC(78)   Weak JFR Old Object Samples    Min:  0.0, Avg:  0.0, Max:  0.0, Diff:  0.0, Sum:  0.0, Workers: 4
[3953.508s][debug][gc,phases      ] GC(78)     Dead                           Min: 0, Avg:  0.0, Max: 0, Diff: 0, Sum: 0, Workers: 4
[3953.508s][debug][gc,phases      ] GC(78)     Total                          Min: 0, Avg:  0.0, Max: 0, Diff: 0, Sum: 0, Workers: 4
[3953.508s][debug][gc,phases      ] GC(78) Weak Processing 0.481ms
[3953.508s][debug][gc,age         ] GC(78) Desired survivor size 8388608 bytes, new threshold 1 (max threshold 15)
[3953.508s][info ][gc,heap        ] GC(78) PSYoungGen: 2084497K(2088448K)->4224K(2088448K) Eden: 2079744K(2079744K)->0K(2079744K) From: 4753K(8704K)->4224K(8704K)
[3953.508s][info ][gc,heap        ] GC(78) ParOldGen: 266508K(311296K)->268414K(311296K)
[3953.508s][info ][gc,metaspace   ] GC(78) Metaspace: 110315K(111744K)->110315K(111744K) NonClass: 93795K(94592K)->93795K(94592K) Class: 16519K(17152K)->16519K(17152K)
[3953.508s][info ][gc             ] GC(78) Pause Young (Allocation Failure) 2295M->266M(2343M) 4.822ms
[3953.508s][info ][gc,cpu         ] GC(78) User=0.02s Sys=0.00s Real=0.00s
[3953.508s][info ][safepoint      ] Safepoint "ParallelGCFailedAllocation", Time since last: 6043032657 ns, Reaching safepoint: 7900 ns, Cleanup: 4101 ns, At safepoint: 4931124 ns, Total: 4943125 ns
[3964.475s][info ][safepoint      ] Safepoint "Cleanup", Time since last: 10966139094 ns, Reaching safepoint: 7700 ns, Cleanup: 20602 ns, At safepoint: 2900 ns, Total: 31202 ns
[3965.475s][info ][safepoint      ] Safepoint "Cleanup", Time since last: 1000120773 ns, Reaching safepoint: 7501 ns, Cleanup: 10800 ns, At safepoint: 2900 ns, Total: 21201 ns
[3966.475s][info ][safepoint      ] Safepoint "Cleanup", Time since last: 1000120243 ns, Reaching safepoint: 7501 ns, Cleanup: 8900 ns, At safepoint: 3000 ns, Total: 19401 ns
[3967.475s][info ][safepoint      ] Safepoint "Cleanup", Time since last: 1000121141 ns, Reaching safepoint: 7400 ns, Cleanup: 9701 ns, At safepoint: 2600 ns, Total: 19701 ns
[3968.475s][info ][safepoint      ] Safepoint "Cleanup", Time since last: 1000125740 ns, Reaching safepoint: 7501 ns, Cleanup: 11900 ns, At safepoint: 2700 ns, Total: 22101 ns
[3971.475s][info ][safepoint      ] Safepoint "Cleanup", Time since last: 3000255534 ns, Reaching safepoint: 8201 ns, Cleanup: 15001 ns, At safepoint: 2900 ns, Total: 26102 ns
[3972.476s][info ][safepoint      ] Safepoint "Cleanup", Time since last: 1000122369 ns, Reaching safepoint: 7601 ns, Cleanup: 16801 ns, At safepoint: 2800 ns, Total: 27202 ns
[3973.476s][info ][safepoint      ] Safepoint "Cleanup", Time since last: 1000117469 ns, Reaching safepoint: 7401 ns, Cleanup: 12701 ns, At safepoint: 3200 ns, Total: 23302 ns
[3974.476s][info ][safepoint      ] Safepoint "Cleanup", Time since last: 1000134481 ns, Reaching safepoint: 8600 ns, Cleanup: 11801 ns, At safepoint: 3500 ns, Total: 23901 ns
[3976.476s][info ][safepoint      ] Safepoint "Cleanup", Time since last: 2000195218 ns, Reaching safepoint: 6900 ns, Cleanup: 11201 ns, At safepoint: 3400 ns, Total: 21501 ns
[3978.476s][info ][safepoint      ] Safepoint "Cleanup", Time since last: 2000187117 ns, Reaching safepoint: 8100 ns, Cleanup: 9301 ns, At safepoint: 2700 ns, Total: 20101 ns
[3979.476s][info ][safepoint      ] Safepoint "Cleanup", Time since last: 1000117160 ns, Reaching safepoint: 7300 ns, Cleanup: 9401 ns, At safepoint: 2900 ns, Total: 19601 ns
[3987.477s][info ][safepoint      ] Safepoint "Cleanup", Time since last: 8000610672 ns, Reaching safepoint: 6900 ns, Cleanup: 7101 ns, At safepoint: 27701 ns, Total: 41702 ns
[3990.477s][info ][safepoint      ] Safepoint "Cleanup", Time since last: 3000258725 ns, Reaching safepoint: 7100 ns, Cleanup: 12801 ns, At safepoint: 3700 ns, Total: 23601 ns
[3994.478s][info ][safepoint      ] Safepoint "Cleanup", Time since last: 4000330467 ns, Reaching safepoint: 9700 ns, Cleanup: 11401 ns, At safepoint: 3200 ns, Total: 24301 ns
[3996.478s][info ][safepoint      ] Safepoint "Cleanup", Time since last: 2000197485 ns, Reaching safepoint: 7501 ns, Cleanup: 14901 ns, At safepoint: 2900 ns, Total: 25302 ns
[3999.478s][info ][safepoint      ] Safepoint "Cleanup", Time since last: 3000271532 ns, Reaching safepoint: 7701 ns, Cleanup: 12600 ns, At safepoint: 3700 ns, Total: 24001 ns
[4007.479s][info ][safepoint      ] Safepoint "Cleanup", Time since last: 8000620200 ns, Reaching safepoint: 7100 ns, Cleanup: 10201 ns, At safepoint: 2900 ns, Total: 20201 ns
[4008.479s][info ][safepoint      ] Safepoint "Cleanup", Time since last: 1000111965 ns, Reaching safepoint: 7700 ns, Cleanup: 14601 ns, At safepoint: 3300 ns, Total: 25601 ns
[4009.479s][info ][safepoint      ] Safepoint "Cleanup", Time since last: 1000119665 ns, Reaching safepoint: 7900 ns, Cleanup: 11100 ns, At safepoint: 2901 ns, Total: 21901 ns
[4012.479s][info ][safepoint      ] Safepoint "Cleanup", Time since last: 3000262425 ns, Reaching safepoint: 7900 ns, Cleanup: 13001 ns, At safepoint: 3000 ns, Total: 23901 ns
[4016.480s][info ][safepoint      ] Safepoint "Cleanup", Time since last: 4000328307 ns, Reaching safepoint: 7101 ns, Cleanup: 22501 ns, At safepoint: 3100 ns, Total: 32702 ns
[4024.452s][info ][gc,start       ] GC(79) Pause Young (Allocation Failure)
[4024.457s][debug][gc,phases      ] GC(79) Scavenge 5.349ms
[4024.458s][debug][gc,ref         ] GC(79) ReferenceProcessor::execute queues: 1, RefProcThreadModel::Single, marks_oops_alive: false
[4024.458s][debug][gc,ref         ] GC(79) Skipped KeepAliveFinalRefsPhase of Reference Processing: no references
[4024.458s][debug][gc,ref         ] GC(79) ReferenceProcessor::execute queues: 1, RefProcThreadModel::Single, marks_oops_alive: false
[4024.458s][debug][gc,phases      ] GC(79) Reference Processing 0.145ms
[4024.458s][debug][gc,phases      ] GC(79)   VM Weak                        Min:  0.0, Avg:  0.0, Max:  0.0, Diff:  0.0, Sum:  0.0, Workers: 4
[4024.458s][debug][gc,phases      ] GC(79)     Dead                           Min: 0, Avg:  0.0, Max: 0, Diff: 0, Sum: 0, Workers: 4
[4024.458s][debug][gc,phases      ] GC(79)     Total                          Min: 0, Avg: 258.2, Max: 649, Diff: 649, Sum: 1033, Workers: 4
[4024.458s][debug][gc,phases      ] GC(79)   ObjectSynchronizer Weak        Min:  0.0, Avg:  0.0, Max:  0.0, Diff:  0.0, Sum:  0.0, Workers: 4
[4024.458s][debug][gc,phases      ] GC(79)     Dead                           Min: 0, Avg:  0.0, Max: 0, Diff: 0, Sum: 0, Workers: 4
[4024.458s][debug][gc,phases      ] GC(79)     Total                          Min: 0, Avg:  0.8, Max: 3, Diff: 3, Sum: 3, Workers: 4
[4024.458s][debug][gc,phases      ] GC(79)   JVMTI Tag Weak OopStorage      Min:  0.0, Avg:  0.0, Max:  0.0, Diff:  0.0, Sum:  0.0, Workers: 4
[4024.458s][debug][gc,phases      ] GC(79)     Dead                           Min: 0, Avg:  0.0, Max: 0, Diff: 0, Sum: 0, Workers: 4
[4024.458s][debug][gc,phases      ] GC(79)     Total                          Min: 0, Avg:  0.0, Max: 0, Diff: 0, Sum: 0, Workers: 4
[4024.458s][debug][gc,phases      ] GC(79)   StringTable Weak               Min:  0.0, Avg:  0.1, Max:  0.2, Diff:  0.2, Sum:  0.4, Workers: 4
[4024.458s][debug][gc,phases      ] GC(79)     Dead                           Min: 0, Avg:  0.0, Max: 0, Diff: 0, Sum: 0, Workers: 4
[4024.458s][debug][gc,phases      ] GC(79)     Total                          Min: 0, Avg: 11910.5, Max: 26496, Diff: 26496, Sum: 47642, Workers: 4
[4024.458s][debug][gc,phases      ] GC(79)   ResolvedMethodTable Weak       Min:  0.0, Avg:  0.0, Max:  0.1, Diff:  0.1, Sum:  0.2, Workers: 4
[4024.458s][debug][gc,phases      ] GC(79)     Dead                           Min: 0, Avg:  4.0, Max: 16, Diff: 16, Sum: 16, Workers: 4
[4024.458s][debug][gc,phases      ] GC(79)     Total                          Min: 0, Avg: 3883.2, Max: 8514, Diff: 8514, Sum: 15533, Workers: 4
[4024.458s][debug][gc,phases      ] GC(79)   JNI Weak                       Min:  0.0, Avg:  0.0, Max:  0.0, Diff:  0.0, Sum:  0.0, Workers: 4
[4024.458s][debug][gc,phases      ] GC(79)     Dead                           Min: 0, Avg:  0.0, Max: 0, Diff: 0, Sum: 0, Workers: 4
[4024.458s][debug][gc,phases      ] GC(79)     Total                          Min: 0, Avg: 13.0, Max: 52, Diff: 52, Sum: 52, Workers: 4
[4024.458s][debug][gc,phases      ] GC(79)   StringDedup Table Weak         Min:  0.0, Avg:  0.0, Max:  0.0, Diff:  0.0, Sum:  0.0, Workers: 4
[4024.458s][debug][gc,phases      ] GC(79)     Dead                           Min: 0, Avg:  0.0, Max: 0, Diff: 0, Sum: 0, Workers: 4
[4024.458s][debug][gc,phases      ] GC(79)     Total                          Min: 0, Avg:  0.0, Max: 0, Diff: 0, Sum: 0, Workers: 4
[4024.458s][debug][gc,phases      ] GC(79)   StringDedup Requests0 Weak     Min:  0.0, Avg:  0.0, Max:  0.0, Diff:  0.0, Sum:  0.0, Workers: 4
[4024.458s][debug][gc,phases      ] GC(79)     Dead                           Min: 0, Avg:  0.0, Max: 0, Diff: 0, Sum: 0, Workers: 4
[4024.458s][debug][gc,phases      ] GC(79)     Total                          Min: 0, Avg:  0.0, Max: 0, Diff: 0, Sum: 0, Workers: 4
[4024.458s][debug][gc,phases      ] GC(79)   StringDedup Requests1 Weak     Min:  0.0, Avg:  0.0, Max:  0.0, Diff:  0.0, Sum:  0.0, Workers: 4
[4024.458s][debug][gc,phases      ] GC(79)     Dead                           Min: 0, Avg:  0.0, Max: 0, Diff: 0, Sum: 0, Workers: 4
[4024.458s][debug][gc,phases      ] GC(79)     Total                          Min: 0, Avg:  0.0, Max: 0, Diff: 0, Sum: 0, Workers: 4
[4024.458s][debug][gc,phases      ] GC(79)   Weak JFR Old Object Samples    Min:  0.0, Avg:  0.0, Max:  0.0, Diff:  0.0, Sum:  0.0, Workers: 4
[4024.458s][debug][gc,phases      ] GC(79)     Dead                           Min: 0, Avg:  0.0, Max: 0, Diff: 0, Sum: 0, Workers: 4
[4024.458s][debug][gc,phases      ] GC(79)     Total                          Min: 0, Avg:  0.0, Max: 0, Diff: 0, Sum: 0, Workers: 4
[4024.458s][debug][gc,phases      ] GC(79) Weak Processing 0.563ms
[4024.458s][debug][gc,age         ] GC(79) Desired survivor size 7864320 bytes, new threshold 1 (max threshold 15)
[4024.458s][info ][gc,heap        ] GC(79) PSYoungGen: 2083968K(2088448K)->3648K(2089472K) Eden: 2079744K(2079744K)->0K(2081280K) From: 4224K(8704K)->3648K(8192K)
[4024.458s][info ][gc,heap        ] GC(79) ParOldGen: 268414K(311296K)->269854K(311296K)
[4024.458s][info ][gc,metaspace   ] GC(79) Metaspace: 110324K(111744K)->110324K(111744K) NonClass: 93805K(94592K)->93805K(94592K) Class: 16519K(17152K)->16519K(17152K)
[4024.458s][info ][gc             ] GC(79) Pause Young (Allocation Failure) 2297M->267M(2344M) 6.223ms
[4024.458s][info ][gc,cpu         ] GC(79) User=0.02s Sys=0.00s Real=0.00s
[4024.458s][info ][safepoint      ] Safepoint "ParallelGCFailedAllocation", Time since last: 7972105402 ns, Reaching safepoint: 77803 ns, Cleanup: 9100 ns, At safepoint: 6311002 ns, Total: 6397905 ns
[4047.460s][info ][safepoint      ] Safepoint "Cleanup", Time since last: 23001796051 ns, Reaching safepoint: 10500 ns, Cleanup: 13400 ns, At safepoint: 3300 ns, Total: 27200 ns
[4050.460s][info ][safepoint      ] Safepoint "Cleanup", Time since last: 3000258178 ns, Reaching safepoint: 8301 ns, Cleanup: 9900 ns, At safepoint: 3500 ns, Total: 21701 ns
[4080.463s][info ][safepoint      ] Safepoint "Cleanup", Time since last: 30002354963 ns, Reaching safepoint: 9301 ns, Cleanup: 19400 ns, At safepoint: 29902 ns, Total: 58603 ns
[4081.463s][info ][safepoint      ] Safepoint "Cleanup", Time since last: 1000113237 ns, Reaching safepoint: 7700 ns, Cleanup: 11301 ns, At safepoint: 3300 ns, Total: 22301 ns
[4083.509s][info ][safepoint      ] Safepoint "Cleanup", Time since last: 2046475251 ns, Reaching safepoint: 12301 ns, Cleanup: 14300 ns, At safepoint: 3600 ns, Total: 30201 ns
[4085.510s][info ][safepoint      ] Safepoint "Cleanup", Time since last: 2000239176 ns, Reaching safepoint: 9100 ns, Cleanup: 14601 ns, At safepoint: 3200 ns, Total: 26901 ns
[4086.510s][info ][safepoint      ] Safepoint "Cleanup", Time since last: 1000129335 ns, Reaching safepoint: 8901 ns, Cleanup: 13100 ns, At safepoint: 3500 ns, Total: 25501 ns
[4093.001s][info ][gc,start       ] GC(80) Pause Young (Allocation Failure)
[4093.006s][debug][gc,phases      ] GC(80) Scavenge 4.941ms
[4093.006s][debug][gc,ref         ] GC(80) ReferenceProcessor::execute queues: 1, RefProcThreadModel::Single, marks_oops_alive: false
[4093.006s][debug][gc,ref         ] GC(80) Skipped KeepAliveFinalRefsPhase of Reference Processing: no references
[4093.006s][debug][gc,ref         ] GC(80) ReferenceProcessor::execute queues: 1, RefProcThreadModel::Single, marks_oops_alive: false
[4093.006s][debug][gc,phases      ] GC(80) Reference Processing 0.147ms
[4093.006s][debug][gc,phases      ] GC(80)   VM Weak                        Min:  0.0, Avg:  0.0, Max:  0.0, Diff:  0.0, Sum:  0.0, Workers: 4
[4093.007s][debug][gc,phases      ] GC(80)     Dead                           Min: 0, Avg:  0.0, Max: 0, Diff: 0, Sum: 0, Workers: 4
[4093.007s][debug][gc,phases      ] GC(80)     Total                          Min: 0, Avg: 258.2, Max: 640, Diff: 640, Sum: 1033, Workers: 4
[4093.007s][debug][gc,phases      ] GC(80)   ObjectSynchronizer Weak        Min:  0.0, Avg:  0.0, Max:  0.0, Diff:  0.0, Sum:  0.0, Workers: 4
[4093.007s][debug][gc,phases      ] GC(80)     Dead                           Min: 0, Avg:  0.0, Max: 0, Diff: 0, Sum: 0, Workers: 4
[4093.007s][debug][gc,phases      ] GC(80)     Total                          Min: 0, Avg:  1.0, Max: 4, Diff: 4, Sum: 4, Workers: 4
[4093.007s][debug][gc,phases      ] GC(80)   JVMTI Tag Weak OopStorage      Min:  0.0, Avg:  0.0, Max:  0.0, Diff:  0.0, Sum:  0.0, Workers: 4
[4093.007s][debug][gc,phases      ] GC(80)     Dead                           Min: 0, Avg:  0.0, Max: 0, Diff: 0, Sum: 0, Workers: 4
[4093.007s][debug][gc,phases      ] GC(80)     Total                          Min: 0, Avg:  0.0, Max: 0, Diff: 0, Sum: 0, Workers: 4
[4093.007s][debug][gc,phases      ] GC(80)   StringTable Weak               Min:  0.0, Avg:  0.1, Max:  0.2, Diff:  0.2, Sum:  0.5, Workers: 4
[4093.007s][debug][gc,phases      ] GC(80)     Dead                           Min: 0, Avg:  0.0, Max: 0, Diff: 0, Sum: 0, Workers: 4
[4093.007s][debug][gc,phases      ] GC(80)     Total                          Min: 0, Avg: 11910.8, Max: 16064, Diff: 16064, Sum: 47643, Workers: 4
[4093.007s][debug][gc,phases      ] GC(80)   ResolvedMethodTable Weak       Min:  0.0, Avg:  0.0, Max:  0.1, Diff:  0.1, Sum:  0.2, Workers: 4
[4093.007s][debug][gc,phases      ] GC(80)     Dead                           Min: 0, Avg:  4.0, Max: 16, Diff: 16, Sum: 16, Workers: 4
[4093.007s][debug][gc,phases      ] GC(80)     Total                          Min: 0, Avg: 3883.8, Max: 5373, Diff: 5373, Sum: 15535, Workers: 4
[4093.007s][debug][gc,phases      ] GC(80)   JNI Weak                       Min:  0.0, Avg:  0.0, Max:  0.0, Diff:  0.0, Sum:  0.0, Workers: 4
[4093.007s][debug][gc,phases      ] GC(80)     Dead                           Min: 0, Avg:  0.0, Max: 0, Diff: 0, Sum: 0, Workers: 4
[4093.007s][debug][gc,phases      ] GC(80)     Total                          Min: 0, Avg: 13.0, Max: 52, Diff: 52, Sum: 52, Workers: 4
[4093.007s][debug][gc,phases      ] GC(80)   StringDedup Table Weak         Min:  0.0, Avg:  0.0, Max:  0.0, Diff:  0.0, Sum:  0.0, Workers: 4
[4093.007s][debug][gc,phases      ] GC(80)     Dead                           Min: 0, Avg:  0.0, Max: 0, Diff: 0, Sum: 0, Workers: 4
[4093.007s][debug][gc,phases      ] GC(80)     Total                          Min: 0, Avg:  0.0, Max: 0, Diff: 0, Sum: 0, Workers: 4
[4093.007s][debug][gc,phases      ] GC(80)   StringDedup Requests0 Weak     Min:  0.0, Avg:  0.0, Max:  0.0, Diff:  0.0, Sum:  0.0, Workers: 4
[4093.007s][debug][gc,phases      ] GC(80)     Dead                           Min: 0, Avg:  0.0, Max: 0, Diff: 0, Sum: 0, Workers: 4
[4093.007s][debug][gc,phases      ] GC(80)     Total                          Min: 0, Avg:  0.0, Max: 0, Diff: 0, Sum: 0, Workers: 4
[4093.007s][debug][gc,phases      ] GC(80)   StringDedup Requests1 Weak     Min:  0.0, Avg:  0.0, Max:  0.0, Diff:  0.0, Sum:  0.0, Workers: 4
[4093.007s][debug][gc,phases      ] GC(80)     Dead                           Min: 0, Avg:  0.0, Max: 0, Diff: 0, Sum: 0, Workers: 4
[4093.007s][debug][gc,phases      ] GC(80)     Total                          Min: 0, Avg:  0.0, Max: 0, Diff: 0, Sum: 0, Workers: 4
[4093.007s][debug][gc,phases      ] GC(80)   Weak JFR Old Object Samples    Min:  0.0, Avg:  0.0, Max:  0.0, Diff:  0.0, Sum:  0.0, Workers: 4
[4093.007s][debug][gc,phases      ] GC(80)     Dead                           Min: 0, Avg:  0.0, Max: 0, Diff: 0, Sum: 0, Workers: 4
[4093.007s][debug][gc,phases      ] GC(80)     Total                          Min: 0, Avg:  0.0, Max: 0, Diff: 0, Sum: 0, Workers: 4
[4093.007s][debug][gc,phases      ] GC(80) Weak Processing 0.472ms
[4093.007s][debug][gc,age         ] GC(80) Desired survivor size 7864320 bytes, new threshold 1 (max threshold 15)
[4093.007s][info ][gc,heap        ] GC(80) PSYoungGen: 2084928K(2089472K)->5120K(2088960K) Eden: 2081280K(2081280K)->0K(2081280K) From: 3648K(8192K)->5120K(7680K)
[4093.007s][info ][gc,heap        ] GC(80) ParOldGen: 269854K(311296K)->270438K(311296K)
[4093.007s][info ][gc,metaspace   ] GC(80) Metaspace: 110329K(111744K)->110329K(111744K) NonClass: 93809K(94592K)->93809K(94592K) Class: 16520K(17152K)->16520K(17152K)
[4093.007s][info ][gc             ] GC(80) Pause Young (Allocation Failure) 2299M->269M(2344M) 5.709ms
[4093.007s][info ][gc,cpu         ] GC(80) User=0.01s Sys=0.00s Real=0.00s
[4093.007s][info ][safepoint      ] Safepoint "ParallelGCFailedAllocation", Time since last: 6491053263 ns, Reaching safepoint: 88504 ns, Cleanup: 4900 ns, At safepoint: 5796640 ns, Total: 5890044 ns
[4098.009s][info ][safepoint      ] Safepoint "Cleanup", Time since last: 5001789298 ns, Reaching safepoint: 8400 ns, Cleanup: 10801 ns, At safepoint: 2900 ns, Total: 22101 ns
[4103.009s][info ][safepoint      ] Safepoint "Cleanup", Time since last: 5000446249 ns, Reaching safepoint: 6901 ns, Cleanup: 9200 ns, At safepoint: 2700 ns, Total: 18801 ns
[4119.011s][info ][safepoint      ] Safepoint "Cleanup", Time since last: 16001525722 ns, Reaching safepoint: 10100 ns, Cleanup: 13201 ns, At safepoint: 30101 ns, Total: 53402 ns
[4135.012s][info ][safepoint      ] Safepoint "Cleanup", Time since last: 16001263997 ns, Reaching safepoint: 8900 ns, Cleanup: 12401 ns, At safepoint: 3000 ns, Total: 24301 ns
[4166.900s][info ][gc,start       ] GC(81) Pause Young (Allocation Failure)
[4166.904s][debug][gc,phases      ] GC(81) Scavenge 3.421ms
[4166.904s][debug][gc,ref         ] GC(81) ReferenceProcessor::execute queues: 1, RefProcThreadModel::Single, marks_oops_alive: false
[4166.904s][debug][gc,ref         ] GC(81) Skipped KeepAliveFinalRefsPhase of Reference Processing: no references
[4166.904s][debug][gc,ref         ] GC(81) ReferenceProcessor::execute queues: 1, RefProcThreadModel::Single, marks_oops_alive: false
[4166.904s][debug][gc,phases      ] GC(81) Reference Processing 0.126ms
[4166.904s][debug][gc,phases      ] GC(81)   VM Weak                        Min:  0.0, Avg:  0.0, Max:  0.0, Diff:  0.0, Sum:  0.0, Workers: 4
[4166.904s][debug][gc,phases      ] GC(81)     Dead                           Min: 0, Avg:  0.0, Max: 0, Diff: 0, Sum: 0, Workers: 4
[4166.904s][debug][gc,phases      ] GC(81)     Total                          Min: 0, Avg: 258.2, Max: 768, Diff: 768, Sum: 1033, Workers: 4
[4166.904s][debug][gc,phases      ] GC(81)   ObjectSynchronizer Weak        Min:  0.0, Avg:  0.0, Max:  0.0, Diff:  0.0, Sum:  0.0, Workers: 4
[4166.904s][debug][gc,phases      ] GC(81)     Dead                           Min: 0, Avg:  0.0, Max: 0, Diff: 0, Sum: 0, Workers: 4
[4166.904s][debug][gc,phases      ] GC(81)     Total                          Min: 0, Avg:  0.8, Max: 3, Diff: 3, Sum: 3, Workers: 4
[4166.904s][debug][gc,phases      ] GC(81)   JVMTI Tag Weak OopStorage      Min:  0.0, Avg:  0.0, Max:  0.0, Diff:  0.0, Sum:  0.0, Workers: 4
[4166.904s][debug][gc,phases      ] GC(81)     Dead                           Min: 0, Avg:  0.0, Max: 0, Diff: 0, Sum: 0, Workers: 4
[4166.904s][debug][gc,phases      ] GC(81)     Total                          Min: 0, Avg:  0.0, Max: 0, Diff: 0, Sum: 0, Workers: 4
[4166.904s][debug][gc,phases      ] GC(81)   StringTable Weak               Min:  0.1, Avg:  0.1, Max:  0.1, Diff:  0.0, Sum:  0.5, Workers: 4
[4166.904s][debug][gc,phases      ] GC(81)     Dead                           Min: 0, Avg:  0.0, Max: 0, Diff: 0, Sum: 0, Workers: 4
[4166.904s][debug][gc,phases      ] GC(81)     Total                          Min: 10112, Avg: 11910.8, Max: 12763, Diff: 2651, Sum: 47643, Workers: 4
[4166.904s][debug][gc,phases      ] GC(81)   ResolvedMethodTable Weak       Min:  0.0, Avg:  0.0, Max:  0.0, Diff:  0.0, Sum:  0.2, Workers: 4
[4166.904s][debug][gc,phases      ] GC(81)     Dead                           Min: 0, Avg:  4.0, Max: 16, Diff: 16, Sum: 16, Workers: 4
[4166.904s][debug][gc,phases      ] GC(81)     Total                          Min: 3628, Avg: 3883.8, Max: 4142, Diff: 514, Sum: 15535, Workers: 4
[4166.904s][debug][gc,phases      ] GC(81)   JNI Weak                       Min:  0.0, Avg:  0.0, Max:  0.0, Diff:  0.0, Sum:  0.0, Workers: 4
[4166.904s][debug][gc,phases      ] GC(81)     Dead                           Min: 0, Avg:  0.0, Max: 0, Diff: 0, Sum: 0, Workers: 4
[4166.904s][debug][gc,phases      ] GC(81)     Total                          Min: 0, Avg: 13.0, Max: 52, Diff: 52, Sum: 52, Workers: 4
[4166.904s][debug][gc,phases      ] GC(81)   StringDedup Table Weak         Min:  0.0, Avg:  0.0, Max:  0.0, Diff:  0.0, Sum:  0.0, Workers: 4
[4166.904s][debug][gc,phases      ] GC(81)     Dead                           Min: 0, Avg:  0.0, Max: 0, Diff: 0, Sum: 0, Workers: 4
[4166.904s][debug][gc,phases      ] GC(81)     Total                          Min: 0, Avg:  0.0, Max: 0, Diff: 0, Sum: 0, Workers: 4
[4166.904s][debug][gc,phases      ] GC(81)   StringDedup Requests0 Weak     Min:  0.0, Avg:  0.0, Max:  0.0, Diff:  0.0, Sum:  0.0, Workers: 4
[4166.904s][debug][gc,phases      ] GC(81)     Dead                           Min: 0, Avg:  0.0, Max: 0, Diff: 0, Sum: 0, Workers: 4
[4166.904s][debug][gc,phases      ] GC(81)     Total                          Min: 0, Avg:  0.0, Max: 0, Diff: 0, Sum: 0, Workers: 4
[4166.904s][debug][gc,phases      ] GC(81)   StringDedup Requests1 Weak     Min:  0.0, Avg:  0.0, Max:  0.0, Diff:  0.0, Sum:  0.0, Workers: 4
[4166.904s][debug][gc,phases      ] GC(81)     Dead                           Min: 0, Avg:  0.0, Max: 0, Diff: 0, Sum: 0, Workers: 4
[4166.904s][debug][gc,phases      ] GC(81)     Total                          Min: 0, Avg:  0.0, Max: 0, Diff: 0, Sum: 0, Workers: 4
[4166.904s][debug][gc,phases      ] GC(81)   Weak JFR Old Object Samples    Min:  0.0, Avg:  0.0, Max:  0.0, Diff:  0.0, Sum:  0.0, Workers: 4
[4166.904s][debug][gc,phases      ] GC(81)     Dead                           Min: 0, Avg:  0.0, Max: 0, Diff: 0, Sum: 0, Workers: 4
[4166.905s][debug][gc,phases      ] GC(81)     Total                          Min: 0, Avg:  0.0, Max: 0, Diff: 0, Sum: 0, Workers: 4
[4166.905s][debug][gc,phases      ] GC(81) Weak Processing 0.431ms
[4166.905s][debug][gc,age         ] GC(81) Desired survivor size 7864320 bytes, new threshold 1 (max threshold 15)
[4166.905s][info ][gc,heap        ] GC(81) PSYoungGen: 2086400K(2088960K)->3008K(2089472K) Eden: 2081280K(2081280K)->0K(2081792K) From: 5120K(7680K)->3008K(7680K)
[4166.905s][info ][gc,heap        ] GC(81) ParOldGen: 270438K(311296K)->272566K(311296K)
[4166.905s][info ][gc,metaspace   ] GC(81) Metaspace: 110331K(111744K)->110331K(111744K) NonClass: 93811K(94592K)->93811K(94592K) Class: 16520K(17152K)->16520K(17152K)
[4166.905s][info ][gc             ] GC(81) Pause Young (Allocation Failure) 2301M->269M(2344M) 4.115ms
[4166.905s][info ][gc,cpu         ] GC(81) User=0.02s Sys=0.00s Real=0.00s
[4166.905s][info ][safepoint      ] Safepoint "ParallelGCFailedAllocation", Time since last: 31888379870 ns, Reaching safepoint: 80702 ns, Cleanup: 4900 ns, At safepoint: 4212937 ns, Total: 4298539 ns
[4194.907s][info ][safepoint      ] Safepoint "Cleanup", Time since last: 28002152577 ns, Reaching safepoint: 8600 ns, Cleanup: 11501 ns, At safepoint: 3300 ns, Total: 23401 ns
[4195.907s][info ][safepoint      ] Safepoint "Cleanup", Time since last: 1000133984 ns, Reaching safepoint: 10400 ns, Cleanup: 11401 ns, At safepoint: 3900 ns, Total: 25701 ns
[4197.907s][info ][safepoint      ] Safepoint "Cleanup", Time since last: 2000210367 ns, Reaching safepoint: 10800 ns, Cleanup: 12501 ns, At safepoint: 20900 ns, Total: 44201 ns
[4199.907s][info ][safepoint      ] Safepoint "Cleanup", Time since last: 2000216767 ns, Reaching safepoint: 11300 ns, Cleanup: 28601 ns, At safepoint: 6400 ns, Total: 46301 ns
[4206.908s][info ][safepoint      ] Safepoint "Cleanup", Time since last: 7000613460 ns, Reaching safepoint: 10700 ns, Cleanup: 21001 ns, At safepoint: 3100 ns, Total: 34801 ns
[4207.908s][info ][safepoint      ] Safepoint "Cleanup", Time since last: 1000138685 ns, Reaching safepoint: 10000 ns, Cleanup: 14701 ns, At safepoint: 3400 ns, Total: 28101 ns
[4209.909s][info ][safepoint      ] Safepoint "Cleanup", Time since last: 2000208967 ns, Reaching safepoint: 9201 ns, Cleanup: 11200 ns, At safepoint: 3300 ns, Total: 23701 ns
[4212.909s][info ][safepoint      ] Safepoint "Cleanup", Time since last: 3000290551 ns, Reaching safepoint: 10300 ns, Cleanup: 14300 ns, At safepoint: 3701 ns, Total: 28301 ns
[4213.909s][info ][safepoint      ] Safepoint "Cleanup", Time since last: 1000131684 ns, Reaching safepoint: 8800 ns, Cleanup: 17401 ns, At safepoint: 3100 ns, Total: 29301 ns
[4223.910s][info ][safepoint      ] Safepoint "Cleanup", Time since last: 10000788117 ns, Reaching safepoint: 8901 ns, Cleanup: 13300 ns, At safepoint: 3000 ns, Total: 25201 ns
[4239.901s][info ][gc,start       ] GC(82) Pause Young (Allocation Failure)
[4239.905s][debug][gc,phases      ] GC(82) Scavenge 3.943ms
[4239.905s][debug][gc,ref         ] GC(82) ReferenceProcessor::execute queues: 1, RefProcThreadModel::Single, marks_oops_alive: false
[4239.905s][debug][gc,ref         ] GC(82) Skipped KeepAliveFinalRefsPhase of Reference Processing: no references
[4239.905s][debug][gc,ref         ] GC(82) ReferenceProcessor::execute queues: 1, RefProcThreadModel::Single, marks_oops_alive: false
[4239.905s][debug][gc,phases      ] GC(82) Reference Processing 0.135ms
[4239.905s][debug][gc,phases      ] GC(82)   VM Weak                        Min:  0.0, Avg:  0.0, Max:  0.0, Diff:  0.0, Sum:  0.0, Workers: 4
[4239.905s][debug][gc,phases      ] GC(82)     Dead                           Min: 0, Avg:  0.0, Max: 0, Diff: 0, Sum: 0, Workers: 4
[4239.905s][debug][gc,phases      ] GC(82)     Total                          Min: 0, Avg: 258.2, Max: 768, Diff: 768, Sum: 1033, Workers: 4
[4239.905s][debug][gc,phases      ] GC(82)   ObjectSynchronizer Weak        Min:  0.0, Avg:  0.0, Max:  0.0, Diff:  0.0, Sum:  0.0, Workers: 4
[4239.905s][debug][gc,phases      ] GC(82)     Dead                           Min: 0, Avg:  0.0, Max: 0, Diff: 0, Sum: 0, Workers: 4
[4239.905s][debug][gc,phases      ] GC(82)     Total                          Min: 0, Avg:  1.0, Max: 4, Diff: 4, Sum: 4, Workers: 4
[4239.905s][debug][gc,phases      ] GC(82)   JVMTI Tag Weak OopStorage      Min:  0.0, Avg:  0.0, Max:  0.0, Diff:  0.0, Sum:  0.0, Workers: 4
[4239.905s][debug][gc,phases      ] GC(82)     Dead                           Min: 0, Avg:  0.0, Max: 0, Diff: 0, Sum: 0, Workers: 4
[4239.905s][debug][gc,phases      ] GC(82)     Total                          Min: 0, Avg:  0.0, Max: 0, Diff: 0, Sum: 0, Workers: 4
[4239.905s][debug][gc,phases      ] GC(82)   StringTable Weak               Min:  0.0, Avg:  0.1, Max:  0.2, Diff:  0.2, Sum:  0.5, Workers: 4
[4239.905s][debug][gc,phases      ] GC(82)     Dead                           Min: 0, Avg:  0.0, Max: 0, Diff: 0, Sum: 0, Workers: 4
[4239.905s][debug][gc,phases      ] GC(82)     Total                          Min: 0, Avg: 11912.5, Max: 16640, Diff: 16640, Sum: 47650, Workers: 4
[4239.905s][debug][gc,phases      ] GC(82)   ResolvedMethodTable Weak       Min:  0.0, Avg:  0.0, Max:  0.1, Diff:  0.1, Sum:  0.2, Workers: 4
[4239.905s][debug][gc,phases      ] GC(82)     Dead                           Min: 0, Avg:  4.0, Max: 16, Diff: 16, Sum: 16, Workers: 4
[4239.905s][debug][gc,phases      ] GC(82)     Total                          Min: 0, Avg: 3883.8, Max: 6144, Diff: 6144, Sum: 15535, Workers: 4
[4239.905s][debug][gc,phases      ] GC(82)   JNI Weak                       Min:  0.0, Avg:  0.0, Max:  0.0, Diff:  0.0, Sum:  0.0, Workers: 4
[4239.905s][debug][gc,phases      ] GC(82)     Dead                           Min: 0, Avg:  0.0, Max: 0, Diff: 0, Sum: 0, Workers: 4
[4239.905s][debug][gc,phases      ] GC(82)     Total                          Min: 0, Avg: 13.0, Max: 52, Diff: 52, Sum: 52, Workers: 4
[4239.905s][debug][gc,phases      ] GC(82)   StringDedup Table Weak         Min:  0.0, Avg:  0.0, Max:  0.0, Diff:  0.0, Sum:  0.0, Workers: 4
[4239.905s][debug][gc,phases      ] GC(82)     Dead                           Min: 0, Avg:  0.0, Max: 0, Diff: 0, Sum: 0, Workers: 4
[4239.905s][debug][gc,phases      ] GC(82)     Total                          Min: 0, Avg:  0.0, Max: 0, Diff: 0, Sum: 0, Workers: 4
[4239.905s][debug][gc,phases      ] GC(82)   StringDedup Requests0 Weak     Min:  0.0, Avg:  0.0, Max:  0.0, Diff:  0.0, Sum:  0.0, Workers: 4
[4239.905s][debug][gc,phases      ] GC(82)     Dead                           Min: 0, Avg:  0.0, Max: 0, Diff: 0, Sum: 0, Workers: 4
[4239.905s][debug][gc,phases      ] GC(82)     Total                          Min: 0, Avg:  0.0, Max: 0, Diff: 0, Sum: 0, Workers: 4
[4239.905s][debug][gc,phases      ] GC(82)   StringDedup Requests1 Weak     Min:  0.0, Avg:  0.0, Max:  0.0, Diff:  0.0, Sum:  0.0, Workers: 4
[4239.905s][debug][gc,phases      ] GC(82)     Dead                           Min: 0, Avg:  0.0, Max: 0, Diff: 0, Sum: 0, Workers: 4
[4239.905s][debug][gc,phases      ] GC(82)     Total                          Min: 0, Avg:  0.0, Max: 0, Diff: 0, Sum: 0, Workers: 4
[4239.905s][debug][gc,phases      ] GC(82)   Weak JFR Old Object Samples    Min:  0.0, Avg:  0.0, Max:  0.0, Diff:  0.0, Sum:  0.0, Workers: 4
[4239.905s][debug][gc,phases      ] GC(82)     Dead                           Min: 0, Avg:  0.0, Max: 0, Diff: 0, Sum: 0, Workers: 4
[4239.905s][debug][gc,phases      ] GC(82)     Total                          Min: 0, Avg:  0.0, Max: 0, Diff: 0, Sum: 0, Workers: 4
[4239.905s][debug][gc,phases      ] GC(82) Weak Processing 0.464ms
[4239.905s][debug][gc,age         ] GC(82) Desired survivor size 7340032 bytes, new threshold 1 (max threshold 15)
[4239.905s][info ][gc,heap        ] GC(82) PSYoungGen: 2084800K(2089472K)->3776K(2089472K) Eden: 2081792K(2081792K)->0K(2081792K) From: 3008K(7680K)->3776K(7680K)
[4239.905s][info ][gc,heap        ] GC(82) ParOldGen: 272566K(311296K)->273234K(311296K)
[4239.905s][info ][gc,metaspace   ] GC(82) Metaspace: 110339K(111744K)->110339K(111744K) NonClass: 93819K(94592K)->93819K(94592K) Class: 16520K(17152K)->16520K(17152K)
[4239.905s][info ][gc             ] GC(82) Pause Young (Allocation Failure) 2302M->270M(2344M) 4.690ms
[4239.905s][info ][gc,cpu         ] GC(82) User=0.01s Sys=0.00s Real=0.00s
[4239.905s][info ][safepoint      ] Safepoint "ParallelGCFailedAllocation", Time since last: 15990714603 ns, Reaching safepoint: 85002 ns, Cleanup: 4900 ns, At safepoint: 4779394 ns, Total: 4869296 ns
[4243.906s][info ][safepoint      ] Safepoint "Cleanup", Time since last: 4000318144 ns, Reaching safepoint: 10901 ns, Cleanup: 11900 ns, At safepoint: 3800 ns, Total: 26601 ns
[4258.907s][info ][safepoint      ] Safepoint "Cleanup", Time since last: 15001393202 ns, Reaching safepoint: 10100 ns, Cleanup: 13801 ns, At safepoint: 2800 ns, Total: 26701 ns
[4262.567s][info ][safepoint      ] Safepoint "Cleanup", Time since last: 3659698741 ns, Reaching safepoint: 12300 ns, Cleanup: 13500 ns, At safepoint: 3100 ns, Total: 28900 ns
[4275.568s][info ][safepoint      ] Safepoint "Cleanup", Time since last: 13001016831 ns, Reaching safepoint: 8601 ns, Cleanup: 12900 ns, At safepoint: 2400 ns, Total: 23901 ns
[4287.569s][info ][safepoint      ] Safepoint "Cleanup", Time since last: 12000914671 ns, Reaching safepoint: 9300 ns, Cleanup: 11800 ns, At safepoint: 2900 ns, Total: 24000 ns
[4295.570s][info ][safepoint      ] Safepoint "Cleanup", Time since last: 8000617221 ns, Reaching safepoint: 8400 ns, Cleanup: 14400 ns, At safepoint: 2800 ns, Total: 25600 ns
[4301.570s][info ][safepoint      ] Safepoint "Cleanup", Time since last: 6000486120 ns, Reaching safepoint: 8100 ns, Cleanup: 12500 ns, At safepoint: 3300 ns, Total: 23900 ns
[4312.277s][info ][gc,start       ] GC(83) Pause Young (Allocation Failure)
[4312.281s][debug][gc,phases      ] GC(83) Scavenge 3.438ms
[4312.281s][debug][gc,ref         ] GC(83) ReferenceProcessor::execute queues: 1, RefProcThreadModel::Single, marks_oops_alive: false
[4312.281s][debug][gc,ref         ] GC(83) Skipped KeepAliveFinalRefsPhase of Reference Processing: no references
[4312.281s][debug][gc,ref         ] GC(83) ReferenceProcessor::execute queues: 1, RefProcThreadModel::Single, marks_oops_alive: false
[4312.281s][debug][gc,phases      ] GC(83) Reference Processing 0.120ms
[4312.281s][debug][gc,phases      ] GC(83)   VM Weak                        Min:  0.0, Avg:  0.0, Max:  0.0, Diff:  0.0, Sum:  0.0, Workers: 4
[4312.281s][debug][gc,phases      ] GC(83)     Dead                           Min: 0, Avg:  0.0, Max: 0, Diff: 0, Sum: 0, Workers: 4
[4312.281s][debug][gc,phases      ] GC(83)     Total                          Min: 0, Avg: 258.2, Max: 704, Diff: 704, Sum: 1033, Workers: 4
[4312.281s][debug][gc,phases      ] GC(83)   ObjectSynchronizer Weak        Min:  0.0, Avg:  0.0, Max:  0.0, Diff:  0.0, Sum:  0.0, Workers: 4
[4312.281s][debug][gc,phases      ] GC(83)     Dead                           Min: 0, Avg:  0.0, Max: 0, Diff: 0, Sum: 0, Workers: 4
[4312.281s][debug][gc,phases      ] GC(83)     Total                          Min: 0, Avg:  1.0, Max: 4, Diff: 4, Sum: 4, Workers: 4
[4312.281s][debug][gc,phases      ] GC(83)   JVMTI Tag Weak OopStorage      Min:  0.0, Avg:  0.0, Max:  0.0, Diff:  0.0, Sum:  0.0, Workers: 4
[4312.281s][debug][gc,phases      ] GC(83)     Dead                           Min: 0, Avg:  0.0, Max: 0, Diff: 0, Sum: 0, Workers: 4
[4312.281s][debug][gc,phases      ] GC(83)     Total                          Min: 0, Avg:  0.0, Max: 0, Diff: 0, Sum: 0, Workers: 4
[4312.281s][debug][gc,phases      ] GC(83)   StringTable Weak               Min:  0.0, Avg:  0.1, Max:  0.1, Diff:  0.1, Sum:  0.4, Workers: 4
[4312.281s][debug][gc,phases      ] GC(83)     Dead                           Min: 0, Avg:  0.0, Max: 0, Diff: 0, Sum: 0, Workers: 4
[4312.281s][debug][gc,phases      ] GC(83)     Total                          Min: 0, Avg: 11913.2, Max: 16256, Diff: 16256, Sum: 47653, Workers: 4
[4312.281s][debug][gc,phases      ] GC(83)   ResolvedMethodTable Weak       Min:  0.0, Avg:  0.0, Max:  0.0, Diff:  0.0, Sum:  0.1, Workers: 4
[4312.281s][debug][gc,phases      ] GC(83)     Dead                           Min: 0, Avg:  4.0, Max: 16, Diff: 16, Sum: 16, Workers: 4
[4312.281s][debug][gc,phases      ] GC(83)     Total                          Min: 0, Avg: 3883.8, Max: 5373, Diff: 5373, Sum: 15535, Workers: 4
[4312.281s][debug][gc,phases      ] GC(83)   JNI Weak                       Min:  0.0, Avg:  0.0, Max:  0.0, Diff:  0.0, Sum:  0.0, Workers: 4
[4312.281s][debug][gc,phases      ] GC(83)     Dead                           Min: 0, Avg:  0.0, Max: 0, Diff: 0, Sum: 0, Workers: 4
[4312.281s][debug][gc,phases      ] GC(83)     Total                          Min: 0, Avg: 13.0, Max: 52, Diff: 52, Sum: 52, Workers: 4
[4312.281s][debug][gc,phases      ] GC(83)   StringDedup Table Weak         Min:  0.0, Avg:  0.0, Max:  0.0, Diff:  0.0, Sum:  0.0, Workers: 4
[4312.281s][debug][gc,phases      ] GC(83)     Dead                           Min: 0, Avg:  0.0, Max: 0, Diff: 0, Sum: 0, Workers: 4
[4312.281s][debug][gc,phases      ] GC(83)     Total                          Min: 0, Avg:  0.0, Max: 0, Diff: 0, Sum: 0, Workers: 4
[4312.281s][debug][gc,phases      ] GC(83)   StringDedup Requests0 Weak     Min:  0.0, Avg:  0.0, Max:  0.0, Diff:  0.0, Sum:  0.0, Workers: 4
[4312.281s][debug][gc,phases      ] GC(83)     Dead                           Min: 0, Avg:  0.0, Max: 0, Diff: 0, Sum: 0, Workers: 4
[4312.281s][debug][gc,phases      ] GC(83)     Total                          Min: 0, Avg:  0.0, Max: 0, Diff: 0, Sum: 0, Workers: 4
[4312.281s][debug][gc,phases      ] GC(83)   StringDedup Requests1 Weak     Min:  0.0, Avg:  0.0, Max:  0.0, Diff:  0.0, Sum:  0.0, Workers: 4
[4312.281s][debug][gc,phases      ] GC(83)     Dead                           Min: 0, Avg:  0.0, Max: 0, Diff: 0, Sum: 0, Workers: 4
[4312.281s][debug][gc,phases      ] GC(83)     Total                          Min: 0, Avg:  0.0, Max: 0, Diff: 0, Sum: 0, Workers: 4
[4312.281s][debug][gc,phases      ] GC(83)   Weak JFR Old Object Samples    Min:  0.0, Avg:  0.0, Max:  0.0, Diff:  0.0, Sum:  0.0, Workers: 4
[4312.281s][debug][gc,phases      ] GC(83)     Dead                           Min: 0, Avg:  0.0, Max: 0, Diff: 0, Sum: 0, Workers: 4
[4312.281s][debug][gc,phases      ] GC(83)     Total                          Min: 0, Avg:  0.0, Max: 0, Diff: 0, Sum: 0, Workers: 4
[4312.281s][debug][gc,phases      ] GC(83) Weak Processing 0.438ms
[4312.281s][debug][gc,age         ] GC(83) Desired survivor size 7340032 bytes, new threshold 1 (max threshold 15)
[4312.281s][info ][gc,heap        ] GC(83) PSYoungGen: 2085568K(2089472K)->4000K(2089984K) Eden: 2081792K(2081792K)->0K(2082816K) From: 3776K(7680K)->4000K(7168K)
[4312.281s][info ][gc,heap        ] GC(83) ParOldGen: 273234K(311296K)->273942K(311296K)
[4312.281s][info ][gc,metaspace   ] GC(83) Metaspace: 110347K(111744K)->110347K(111744K) NonClass: 93827K(94592K)->93827K(94592K) Class: 16520K(17152K)->16520K(17152K)
[4312.281s][info ][gc             ] GC(83) Pause Young (Allocation Failure) 2303M->271M(2345M) 4.131ms
[4312.281s][info ][gc,cpu         ] GC(83) User=0.02s Sys=0.00s Real=0.01s
[4312.281s][info ][safepoint      ] Safepoint "ParallelGCFailedAllocation", Time since last: 10707086484 ns, Reaching safepoint: 6601 ns, Cleanup: 3900 ns, At safepoint: 4208296 ns, Total: 4218797 ns
[4339.586s][info ][safepoint      ] Safepoint "Cleanup", Time since last: 27304501788 ns, Reaching safepoint: 5801 ns, Cleanup: 10800 ns, At safepoint: 2500 ns, Total: 19101 ns
[4340.586s][info ][safepoint      ] Safepoint "Cleanup", Time since last: 1000127725 ns, Reaching safepoint: 6700 ns, Cleanup: 10101 ns, At safepoint: 2500 ns, Total: 19301 ns
[4341.586s][info ][safepoint      ] Safepoint "Cleanup", Time since last: 1000123425 ns, Reaching safepoint: 7100 ns, Cleanup: 9800 ns, At safepoint: 2400 ns, Total: 19300 ns
[4342.586s][info ][safepoint      ] Safepoint "Cleanup", Time since last: 1000125949 ns, Reaching safepoint: 7700 ns, Cleanup: 16400 ns, At safepoint: 3100 ns, Total: 27200 ns
[4344.586s][info ][safepoint      ] Safepoint "Cleanup", Time since last: 2000190502 ns, Reaching safepoint: 7101 ns, Cleanup: 10400 ns, At safepoint: 2500 ns, Total: 20001 ns
[4383.292s][info ][gc,start       ] GC(84) Pause Young (Allocation Failure)
[4383.296s][debug][gc,phases      ] GC(84) Scavenge 4.312ms
[4383.297s][debug][gc,ref         ] GC(84) ReferenceProcessor::execute queues: 1, RefProcThreadModel::Single, marks_oops_alive: false
[4383.297s][debug][gc,ref         ] GC(84) Skipped KeepAliveFinalRefsPhase of Reference Processing: no references
[4383.297s][debug][gc,ref         ] GC(84) Skipped PhantomRefsPhase of Reference Processing: no references
[4383.297s][debug][gc,phases      ] GC(84) Reference Processing 0.124ms
[4383.297s][debug][gc,phases      ] GC(84)   VM Weak                        Min:  0.0, Avg:  0.0, Max:  0.0, Diff:  0.0, Sum:  0.0, Workers: 4
[4383.297s][debug][gc,phases      ] GC(84)     Dead                           Min: 0, Avg:  0.0, Max: 0, Diff: 0, Sum: 0, Workers: 4
[4383.297s][debug][gc,phases      ] GC(84)     Total                          Min: 0, Avg: 258.2, Max: 585, Diff: 585, Sum: 1033, Workers: 4
[4383.297s][debug][gc,phases      ] GC(84)   ObjectSynchronizer Weak        Min:  0.0, Avg:  0.0, Max:  0.0, Diff:  0.0, Sum:  0.0, Workers: 4
[4383.297s][debug][gc,phases      ] GC(84)     Dead                           Min: 0, Avg:  0.0, Max: 0, Diff: 0, Sum: 0, Workers: 4
[4383.297s][debug][gc,phases      ] GC(84)     Total                          Min: 0, Avg:  0.8, Max: 3, Diff: 3, Sum: 3, Workers: 4
[4383.297s][debug][gc,phases      ] GC(84)   JVMTI Tag Weak OopStorage      Min:  0.0, Avg:  0.0, Max:  0.0, Diff:  0.0, Sum:  0.0, Workers: 4
[4383.297s][debug][gc,phases      ] GC(84)     Dead                           Min: 0, Avg:  0.0, Max: 0, Diff: 0, Sum: 0, Workers: 4
[4383.297s][debug][gc,phases      ] GC(84)     Total                          Min: 0, Avg:  0.0, Max: 0, Diff: 0, Sum: 0, Workers: 4
[4383.297s][debug][gc,phases      ] GC(84)   StringTable Weak               Min:  0.1, Avg:  0.1, Max:  0.1, Diff:  0.0, Sum:  0.5, Workers: 4
[4383.297s][debug][gc,phases      ] GC(84)     Dead                           Min: 0, Avg:  0.0, Max: 0, Diff: 0, Sum: 0, Workers: 4
[4383.297s][debug][gc,phases      ] GC(84)     Total                          Min: 11686, Avg: 11913.5, Max: 12160, Diff: 474, Sum: 47654, Workers: 4
[4383.297s][debug][gc,phases      ] GC(84)   ResolvedMethodTable Weak       Min:  0.0, Avg:  0.0, Max:  0.0, Diff:  0.0, Sum:  0.2, Workers: 4
[4383.297s][debug][gc,phases      ] GC(84)     Dead                           Min: 0, Avg:  4.0, Max: 16, Diff: 16, Sum: 16, Workers: 4
[4383.297s][debug][gc,phases      ] GC(84)     Total                          Min: 3738, Avg: 3883.8, Max: 4044, Diff: 306, Sum: 15535, Workers: 4
[4383.297s][debug][gc,phases      ] GC(84)   JNI Weak                       Min:  0.0, Avg:  0.0, Max:  0.0, Diff:  0.0, Sum:  0.0, Workers: 4
[4383.297s][debug][gc,phases      ] GC(84)     Dead                           Min: 0, Avg:  0.0, Max: 0, Diff: 0, Sum: 0, Workers: 4
[4383.297s][debug][gc,phases      ] GC(84)     Total                          Min: 0, Avg: 13.0, Max: 52, Diff: 52, Sum: 52, Workers: 4
[4383.297s][debug][gc,phases      ] GC(84)   StringDedup Table Weak         Min:  0.0, Avg:  0.0, Max:  0.0, Diff:  0.0, Sum:  0.0, Workers: 4
[4383.297s][debug][gc,phases      ] GC(84)     Dead                           Min: 0, Avg:  0.0, Max: 0, Diff: 0, Sum: 0, Workers: 4
[4383.297s][debug][gc,phases      ] GC(84)     Total                          Min: 0, Avg:  0.0, Max: 0, Diff: 0, Sum: 0, Workers: 4
[4383.297s][debug][gc,phases      ] GC(84)   StringDedup Requests0 Weak     Min:  0.0, Avg:  0.0, Max:  0.0, Diff:  0.0, Sum:  0.0, Workers: 4
[4383.297s][debug][gc,phases      ] GC(84)     Dead                           Min: 0, Avg:  0.0, Max: 0, Diff: 0, Sum: 0, Workers: 4
[4383.297s][debug][gc,phases      ] GC(84)     Total                          Min: 0, Avg:  0.0, Max: 0, Diff: 0, Sum: 0, Workers: 4
[4383.297s][debug][gc,phases      ] GC(84)   StringDedup Requests1 Weak     Min:  0.0, Avg:  0.0, Max:  0.0, Diff:  0.0, Sum:  0.0, Workers: 4
[4383.297s][debug][gc,phases      ] GC(84)     Dead                           Min: 0, Avg:  0.0, Max: 0, Diff: 0, Sum: 0, Workers: 4
[4383.297s][debug][gc,phases      ] GC(84)     Total                          Min: 0, Avg:  0.0, Max: 0, Diff: 0, Sum: 0, Workers: 4
[4383.297s][debug][gc,phases      ] GC(84)   Weak JFR Old Object Samples    Min:  0.0, Avg:  0.0, Max:  0.0, Diff:  0.0, Sum:  0.0, Workers: 4
[4383.297s][debug][gc,phases      ] GC(84)     Dead                           Min: 0, Avg:  0.0, Max: 0, Diff: 0, Sum: 0, Workers: 4
[4383.297s][debug][gc,phases      ] GC(84)     Total                          Min: 0, Avg:  0.0, Max: 0, Diff: 0, Sum: 0, Workers: 4
[4383.297s][debug][gc,phases      ] GC(84) Weak Processing 0.407ms
[4383.297s][debug][gc,age         ] GC(84) Desired survivor size 7340032 bytes, new threshold 1 (max threshold 15)
[4383.297s][info ][gc,heap        ] GC(84) PSYoungGen: 2086816K(2089984K)->4720K(2089984K) Eden: 2082816K(2082816K)->0K(2082816K) From: 4000K(7168K)->4720K(7168K)
[4383.297s][info ][gc,heap        ] GC(84) ParOldGen: 273942K(311296K)->274866K(311296K)
[4383.297s][info ][gc,metaspace   ] GC(84) Metaspace: 110364K(111744K)->110364K(111744K) NonClass: 93844K(94592K)->93844K(94592K) Class: 16520K(17152K)->16520K(17152K)
[4383.297s][info ][gc             ] GC(84) Pause Young (Allocation Failure) 2305M->273M(2345M) 4.987ms
[4383.297s][info ][gc,cpu         ] GC(84) User=0.02s Sys=0.00s Real=0.00s
[4383.297s][info ][safepoint      ] Safepoint "ParallelGCFailedAllocation", Time since last: 38705473805 ns, Reaching safepoint: 7401 ns, Cleanup: 4200 ns, At safepoint: 5067786 ns, Total: 5079387 ns
[4388.297s][info ][safepoint      ] Safepoint "Cleanup", Time since last: 5000373891 ns, Reaching safepoint: 6901 ns, Cleanup: 11500 ns, At safepoint: 2900 ns, Total: 21301 ns
[4393.298s][info ][safepoint      ] Safepoint "Cleanup", Time since last: 5000382657 ns, Reaching safepoint: 6700 ns, Cleanup: 9601 ns, At safepoint: 2900 ns, Total: 19201 ns
[4421.300s][info ][safepoint      ] Safepoint "Cleanup", Time since last: 28002206309 ns, Reaching safepoint: 82602 ns, Cleanup: 11200 ns, At safepoint: 6500 ns, Total: 100302 ns
[4433.301s][info ][safepoint      ] Safepoint "Cleanup", Time since last: 12000965335 ns, Reaching safepoint: 84801 ns, Cleanup: 18800 ns, At safepoint: 7100 ns, Total: 110701 ns
[4452.308s][info ][gc,start       ] GC(85) Pause Young (Allocation Failure)
[4452.313s][debug][gc,phases      ] GC(85) Scavenge 5.338ms
[4452.314s][debug][gc,ref         ] GC(85) ReferenceProcessor::execute queues: 1, RefProcThreadModel::Single, marks_oops_alive: false
[4452.314s][debug][gc,ref         ] GC(85) Skipped KeepAliveFinalRefsPhase of Reference Processing: no references
[4452.314s][debug][gc,ref         ] GC(85) ReferenceProcessor::execute queues: 1, RefProcThreadModel::Single, marks_oops_alive: false
[4452.314s][debug][gc,phases      ] GC(85) Reference Processing 0.125ms
[4452.314s][debug][gc,phases      ] GC(85)   VM Weak                        Min:  0.0, Avg:  0.0, Max:  0.0, Diff:  0.0, Sum:  0.0, Workers: 4
[4452.314s][debug][gc,phases      ] GC(85)     Dead                           Min: 0, Avg:  0.0, Max: 0, Diff: 0, Sum: 0, Workers: 4
[4452.314s][debug][gc,phases      ] GC(85)     Total                          Min: 0, Avg: 258.2, Max: 896, Diff: 896, Sum: 1033, Workers: 4
[4452.314s][debug][gc,phases      ] GC(85)   ObjectSynchronizer Weak        Min:  0.0, Avg:  0.0, Max:  0.0, Diff:  0.0, Sum:  0.0, Workers: 4
[4452.314s][debug][gc,phases      ] GC(85)     Dead                           Min: 0, Avg:  0.0, Max: 0, Diff: 0, Sum: 0, Workers: 4
[4452.314s][debug][gc,phases      ] GC(85)     Total                          Min: 0, Avg:  1.0, Max: 4, Diff: 4, Sum: 4, Workers: 4
[4452.314s][debug][gc,phases      ] GC(85)   JVMTI Tag Weak OopStorage      Min:  0.0, Avg:  0.0, Max:  0.0, Diff:  0.0, Sum:  0.0, Workers: 4
[4452.314s][debug][gc,phases      ] GC(85)     Dead                           Min: 0, Avg:  0.0, Max: 0, Diff: 0, Sum: 0, Workers: 4
[4452.314s][debug][gc,phases      ] GC(85)     Total                          Min: 0, Avg:  0.0, Max: 0, Diff: 0, Sum: 0, Workers: 4
[4452.314s][debug][gc,phases      ] GC(85)   StringTable Weak               Min:  0.0, Avg:  0.1, Max:  0.2, Diff:  0.2, Sum:  0.5, Workers: 4
[4452.314s][debug][gc,phases      ] GC(85)     Dead                           Min: 0, Avg:  0.0, Max: 0, Diff: 0, Sum: 0, Workers: 4
[4452.314s][debug][gc,phases      ] GC(85)     Total                          Min: 0, Avg: 11913.5, Max: 16384, Diff: 16384, Sum: 47654, Workers: 4
[4452.314s][debug][gc,phases      ] GC(85)   ResolvedMethodTable Weak       Min:  0.0, Avg:  0.0, Max:  0.1, Diff:  0.1, Sum:  0.2, Workers: 4
[4452.314s][debug][gc,phases      ] GC(85)     Dead                           Min: 0, Avg:  4.0, Max: 16, Diff: 16, Sum: 16, Workers: 4
[4452.314s][debug][gc,phases      ] GC(85)     Total                          Min: 0, Avg: 3883.8, Max: 5364, Diff: 5364, Sum: 15535, Workers: 4
[4452.314s][debug][gc,phases      ] GC(85)   JNI Weak                       Min:  0.0, Avg:  0.0, Max:  0.0, Diff:  0.0, Sum:  0.0, Workers: 4
[4452.314s][debug][gc,phases      ] GC(85)     Dead                           Min: 0, Avg:  0.0, Max: 0, Diff: 0, Sum: 0, Workers: 4
[4452.314s][debug][gc,phases      ] GC(85)     Total                          Min: 0, Avg: 13.0, Max: 52, Diff: 52, Sum: 52, Workers: 4
[4452.314s][debug][gc,phases      ] GC(85)   StringDedup Table Weak         Min:  0.0, Avg:  0.0, Max:  0.0, Diff:  0.0, Sum:  0.0, Workers: 4
[4452.314s][debug][gc,phases      ] GC(85)     Dead                           Min: 0, Avg:  0.0, Max: 0, Diff: 0, Sum: 0, Workers: 4
[4452.314s][debug][gc,phases      ] GC(85)     Total                          Min: 0, Avg:  0.0, Max: 0, Diff: 0, Sum: 0, Workers: 4
[4452.314s][debug][gc,phases      ] GC(85)   StringDedup Requests0 Weak     Min:  0.0, Avg:  0.0, Max:  0.0, Diff:  0.0, Sum:  0.0, Workers: 4
[4452.314s][debug][gc,phases      ] GC(85)     Dead                           Min: 0, Avg:  0.0, Max: 0, Diff: 0, Sum: 0, Workers: 4
[4452.314s][debug][gc,phases      ] GC(85)     Total                          Min: 0, Avg:  0.0, Max: 0, Diff: 0, Sum: 0, Workers: 4
[4452.314s][debug][gc,phases      ] GC(85)   StringDedup Requests1 Weak     Min:  0.0, Avg:  0.0, Max:  0.0, Diff:  0.0, Sum:  0.0, Workers: 4
[4452.314s][debug][gc,phases      ] GC(85)     Dead                           Min: 0, Avg:  0.0, Max: 0, Diff: 0, Sum: 0, Workers: 4
[4452.314s][debug][gc,phases      ] GC(85)     Total                          Min: 0, Avg:  0.0, Max: 0, Diff: 0, Sum: 0, Workers: 4
[4452.314s][debug][gc,phases      ] GC(85)   Weak JFR Old Object Samples    Min:  0.0, Avg:  0.0, Max:  0.0, Diff:  0.0, Sum:  0.0, Workers: 4
[4452.314s][debug][gc,phases      ] GC(85)     Dead                           Min: 0, Avg:  0.0, Max: 0, Diff: 0, Sum: 0, Workers: 4
[4452.314s][debug][gc,phases      ] GC(85)     Total                          Min: 0, Avg:  0.0, Max: 0, Diff: 0, Sum: 0, Workers: 4
[4452.314s][debug][gc,phases      ] GC(85) Weak Processing 0.452ms
[4452.314s][debug][gc,age         ] GC(85) Desired survivor size 7340032 bytes, new threshold 1 (max threshold 15)
[4452.314s][info ][gc,heap        ] GC(85) PSYoungGen: 2087536K(2089984K)->5328K(2089984K) Eden: 2082816K(2082816K)->0K(2082816K) From: 4720K(7168K)->5328K(7168K)
[4452.314s][info ][gc,heap        ] GC(85) ParOldGen: 274866K(311296K)->276219K(311296K)
[4452.314s][info ][gc,metaspace   ] GC(85) Metaspace: 110374K(111808K)->110374K(111808K) NonClass: 93854K(94656K)->93854K(94656K) Class: 16520K(17152K)->16520K(17152K)
[4452.314s][info ][gc             ] GC(85) Pause Young (Allocation Failure) 2307M->274M(2345M) 6.057ms
[4452.314s][info ][gc,cpu         ] GC(85) User=0.02s Sys=0.00s Real=0.01s
[4452.314s][info ][safepoint      ] Safepoint "ParallelGCFailedAllocation", Time since last: 19006722260 ns, Reaching safepoint: 7500 ns, Cleanup: 16500 ns, At safepoint: 6144793 ns, Total: 6168793 ns
[4459.315s][info ][safepoint      ] Safepoint "Cleanup", Time since last: 7000484406 ns, Reaching safepoint: 7200 ns, Cleanup: 10001 ns, At safepoint: 3100 ns, Total: 20301 ns
[4460.315s][info ][safepoint      ] Safepoint "Cleanup", Time since last: 1000109539 ns, Reaching safepoint: 6900 ns, Cleanup: 7800 ns, At safepoint: 2700 ns, Total: 17400 ns
[4483.316s][info ][safepoint      ] Safepoint "Cleanup", Time since last: 23001582986 ns, Reaching safepoint: 6500 ns, Cleanup: 9800 ns, At safepoint: 3300 ns, Total: 19600 ns
[4485.317s][info ][safepoint      ] Safepoint "Cleanup", Time since last: 2000181396 ns, Reaching safepoint: 8800 ns, Cleanup: 14000 ns, At safepoint: 3300 ns, Total: 26100 ns
[4486.317s][info ][safepoint      ] Safepoint "Cleanup", Time since last: 1000118916 ns, Reaching safepoint: 8600 ns, Cleanup: 11800 ns, At safepoint: 3400 ns, Total: 23800 ns
[4488.317s][info ][safepoint      ] Safepoint "Cleanup", Time since last: 2000185162 ns, Reaching safepoint: 6200 ns, Cleanup: 8800 ns, At safepoint: 4000 ns, Total: 19000 ns
[4494.317s][info ][safepoint      ] Safepoint "Cleanup", Time since last: 6000478630 ns, Reaching safepoint: 7200 ns, Cleanup: 10100 ns, At safepoint: 3000 ns, Total: 20300 ns
[4499.319s][info ][gc,start       ] GC(86) Pause Young (Allocation Failure)
[4499.322s][debug][gc,phases      ] GC(86) Scavenge 3.140ms
[4499.323s][debug][gc,ref         ] GC(86) ReferenceProcessor::execute queues: 1, RefProcThreadModel::Single, marks_oops_alive: false
[4499.323s][debug][gc,ref         ] GC(86) Skipped KeepAliveFinalRefsPhase of Reference Processing: no references
[4499.323s][debug][gc,ref         ] GC(86) Skipped PhantomRefsPhase of Reference Processing: no references
[4499.323s][debug][gc,phases      ] GC(86) Reference Processing 0.132ms
[4499.323s][debug][gc,phases      ] GC(86)   VM Weak                        Min:  0.0, Avg:  0.0, Max:  0.0, Diff:  0.0, Sum:  0.0, Workers: 4
[4499.323s][debug][gc,phases      ] GC(86)     Dead                           Min: 0, Avg:  0.0, Max: 0, Diff: 0, Sum: 0, Workers: 4
[4499.323s][debug][gc,phases      ] GC(86)     Total                          Min: 0, Avg: 258.2, Max: 704, Diff: 704, Sum: 1033, Workers: 4
[4499.323s][debug][gc,phases      ] GC(86)   ObjectSynchronizer Weak        Min:  0.0, Avg:  0.0, Max:  0.0, Diff:  0.0, Sum:  0.0, Workers: 4
[4499.323s][debug][gc,phases      ] GC(86)     Dead                           Min: 0, Avg:  0.0, Max: 0, Diff: 0, Sum: 0, Workers: 4
[4499.323s][debug][gc,phases      ] GC(86)     Total                          Min: 0, Avg:  1.0, Max: 4, Diff: 4, Sum: 4, Workers: 4
[4499.323s][debug][gc,phases      ] GC(86)   JVMTI Tag Weak OopStorage      Min:  0.0, Avg:  0.0, Max:  0.0, Diff:  0.0, Sum:  0.0, Workers: 4
[4499.323s][debug][gc,phases      ] GC(86)     Dead                           Min: 0, Avg:  0.0, Max: 0, Diff: 0, Sum: 0, Workers: 4
[4499.323s][debug][gc,phases      ] GC(86)     Total                          Min: 0, Avg:  0.0, Max: 0, Diff: 0, Sum: 0, Workers: 4
[4499.323s][debug][gc,phases      ] GC(86)   StringTable Weak               Min:  0.1, Avg:  0.1, Max:  0.1, Diff:  0.0, Sum:  0.5, Workers: 4
[4499.323s][debug][gc,phases      ] GC(86)     Dead                           Min: 0, Avg:  0.0, Max: 0, Diff: 0, Sum: 0, Workers: 4
[4499.323s][debug][gc,phases      ] GC(86)     Total                          Min: 11264, Avg: 11913.5, Max: 12480, Diff: 1216, Sum: 47654, Workers: 4
[4499.323s][debug][gc,phases      ] GC(86)   ResolvedMethodTable Weak       Min:  0.0, Avg:  0.0, Max:  0.0, Diff:  0.0, Sum:  0.2, Workers: 4
[4499.323s][debug][gc,phases      ] GC(86)     Dead                           Min: 0, Avg:  4.0, Max: 16, Diff: 16, Sum: 16, Workers: 4
[4499.323s][debug][gc,phases      ] GC(86)     Total                          Min: 3516, Avg: 3883.8, Max: 4100, Diff: 584, Sum: 15535, Workers: 4
[4499.323s][debug][gc,phases      ] GC(86)   JNI Weak                       Min:  0.0, Avg:  0.0, Max:  0.0, Diff:  0.0, Sum:  0.0, Workers: 4
[4499.323s][debug][gc,phases      ] GC(86)     Dead                           Min: 0, Avg:  0.0, Max: 0, Diff: 0, Sum: 0, Workers: 4
[4499.323s][debug][gc,phases      ] GC(86)     Total                          Min: 0, Avg: 13.0, Max: 52, Diff: 52, Sum: 52, Workers: 4
[4499.323s][debug][gc,phases      ] GC(86)   StringDedup Table Weak         Min:  0.0, Avg:  0.0, Max:  0.0, Diff:  0.0, Sum:  0.0, Workers: 4
[4499.323s][debug][gc,phases      ] GC(86)     Dead                           Min: 0, Avg:  0.0, Max: 0, Diff: 0, Sum: 0, Workers: 4
[4499.323s][debug][gc,phases      ] GC(86)     Total                          Min: 0, Avg:  0.0, Max: 0, Diff: 0, Sum: 0, Workers: 4
[4499.323s][debug][gc,phases      ] GC(86)   StringDedup Requests0 Weak     Min:  0.0, Avg:  0.0, Max:  0.0, Diff:  0.0, Sum:  0.0, Workers: 4
[4499.323s][debug][gc,phases      ] GC(86)     Dead                           Min: 0, Avg:  0.0, Max: 0, Diff: 0, Sum: 0, Workers: 4
[4499.323s][debug][gc,phases      ] GC(86)     Total                          Min: 0, Avg:  0.0, Max: 0, Diff: 0, Sum: 0, Workers: 4
[4499.323s][debug][gc,phases      ] GC(86)   StringDedup Requests1 Weak     Min:  0.0, Avg:  0.0, Max:  0.0, Diff:  0.0, Sum:  0.0, Workers: 4
[4499.323s][debug][gc,phases      ] GC(86)     Dead                           Min: 0, Avg:  0.0, Max: 0, Diff: 0, Sum: 0, Workers: 4
[4499.323s][debug][gc,phases      ] GC(86)     Total                          Min: 0, Avg:  0.0, Max: 0, Diff: 0, Sum: 0, Workers: 4
[4499.323s][debug][gc,phases      ] GC(86)   Weak JFR Old Object Samples    Min:  0.0, Avg:  0.0, Max:  0.0, Diff:  0.0, Sum:  0.0, Workers: 4
[4499.323s][debug][gc,phases      ] GC(86)     Dead                           Min: 0, Avg:  0.0, Max: 0, Diff: 0, Sum: 0, Workers: 4
[4499.323s][debug][gc,phases      ] GC(86)     Total                          Min: 0, Avg:  0.0, Max: 0, Diff: 0, Sum: 0, Workers: 4
[4499.323s][debug][gc,phases      ] GC(86) Weak Processing 0.411ms
[4499.323s][debug][gc,age         ] GC(86) Desired survivor size 7340032 bytes, new threshold 1 (max threshold 15)
[4499.323s][info ][gc,heap        ] GC(86) PSYoungGen: 2088144K(2089984K)->2608K(2089984K) Eden: 2082816K(2082816K)->0K(2082816K) From: 5328K(7168K)->2608K(7168K)
[4499.323s][info ][gc,heap        ] GC(86) ParOldGen: 276219K(311296K)->279603K(311296K)
[4499.323s][info ][gc,metaspace   ] GC(86) Metaspace: 110387K(111808K)->110387K(111808K) NonClass: 93867K(94656K)->93867K(94656K) Class: 16520K(17152K)->16520K(17152K)
[4499.323s][info ][gc             ] GC(86) Pause Young (Allocation Failure) 2308M->275M(2345M) 3.834ms
[4499.323s][info ][gc,cpu         ] GC(86) User=0.00s Sys=0.00s Real=0.01s
[4499.323s][info ][safepoint      ] Safepoint "ParallelGCFailedAllocation", Time since last: 5001785236 ns, Reaching safepoint: 6200 ns, Cleanup: 4300 ns, At safepoint: 3912857 ns, Total: 3923357 ns
[4505.641s][info ][safepoint      ] Safepoint "Cleanup", Time since last: 6317384652 ns, Reaching safepoint: 7800 ns, Cleanup: 54900 ns, At safepoint: 3100 ns, Total: 65800 ns
[4506.641s][info ][safepoint      ] Safepoint "Cleanup", Time since last: 1000122239 ns, Reaching safepoint: 7500 ns, Cleanup: 15000 ns, At safepoint: 2300 ns, Total: 24800 ns
[4507.641s][info ][safepoint      ] Safepoint "Cleanup", Time since last: 1000111784 ns, Reaching safepoint: 7701 ns, Cleanup: 11900 ns, At safepoint: 2300 ns, Total: 21901 ns
[4508.641s][info ][safepoint      ] Safepoint "Cleanup", Time since last: 1000130085 ns, Reaching safepoint: 8500 ns, Cleanup: 27400 ns, At safepoint: 2600 ns, Total: 38500 ns
[4509.641s][info ][safepoint      ] Safepoint "Cleanup", Time since last: 1000135785 ns, Reaching safepoint: 7300 ns, Cleanup: 11500 ns, At safepoint: 2300 ns, Total: 21100 ns
[4510.641s][info ][safepoint      ] Safepoint "Cleanup", Time since last: 1000112834 ns, Reaching safepoint: 8000 ns, Cleanup: 10600 ns, At safepoint: 2600 ns, Total: 21200 ns
[4511.641s][info ][safepoint      ] Safepoint "Cleanup", Time since last: 1000128576 ns, Reaching safepoint: 8200 ns, Cleanup: 12800 ns, At safepoint: 2300 ns, Total: 23300 ns
[4513.642s][info ][safepoint      ] Safepoint "Cleanup", Time since last: 2000187852 ns, Reaching safepoint: 8200 ns, Cleanup: 12800 ns, At safepoint: 2500 ns, Total: 23500 ns
[4514.642s][info ][safepoint      ] Safepoint "Cleanup", Time since last: 1000113176 ns, Reaching safepoint: 7100 ns, Cleanup: 12000 ns, At safepoint: 2500 ns, Total: 21600 ns
[4518.642s][info ][safepoint      ] Safepoint "Cleanup", Time since last: 4000321723 ns, Reaching safepoint: 9100 ns, Cleanup: 10700 ns, At safepoint: 2500 ns, Total: 22300 ns
[4524.643s][info ][safepoint      ] Safepoint "Cleanup", Time since last: 6000453776 ns, Reaching safepoint: 11200 ns, Cleanup: 14900 ns, At safepoint: 2800 ns, Total: 28900 ns
[4526.643s][info ][safepoint      ] Safepoint "Cleanup", Time since last: 2000180778 ns, Reaching safepoint: 11800 ns, Cleanup: 15901 ns, At safepoint: 3000 ns, Total: 30701 ns
[4528.643s][info ][safepoint      ] Safepoint "Cleanup", Time since last: 2000179426 ns, Reaching safepoint: 11801 ns, Cleanup: 13500 ns, At safepoint: 3300 ns, Total: 28601 ns
[4532.930s][info ][safepoint      ] Safepoint "Cleanup", Time since last: 4286767381 ns, Reaching safepoint: 76801 ns, Cleanup: 7700 ns, At safepoint: 8201 ns, Total: 92702 ns
[4533.930s][info ][safepoint      ] Safepoint "Cleanup", Time since last: 1000112213 ns, Reaching safepoint: 11200 ns, Cleanup: 11901 ns, At safepoint: 2900 ns, Total: 26001 ns
[4534.930s][info ][safepoint      ] Safepoint "Cleanup", Time since last: 1000106129 ns, Reaching safepoint: 10801 ns, Cleanup: 11200 ns, At safepoint: 3600 ns, Total: 25601 ns
[4535.930s][info ][safepoint      ] Safepoint "Cleanup", Time since last: 1000106847 ns, Reaching safepoint: 10600 ns, Cleanup: 13400 ns, At safepoint: 3100 ns, Total: 27100 ns
[4540.957s][info ][gc,start       ] GC(87) Pause Young (Allocation Failure)
[4540.963s][debug][gc,phases      ] GC(87) Scavenge 6.366ms
[4540.963s][debug][gc,ref         ] GC(87) ReferenceProcessor::execute queues: 1, RefProcThreadModel::Single, marks_oops_alive: false
[4540.963s][debug][gc,ref         ] GC(87) Skipped KeepAliveFinalRefsPhase of Reference Processing: no references
[4540.963s][debug][gc,ref         ] GC(87) ReferenceProcessor::execute queues: 1, RefProcThreadModel::Single, marks_oops_alive: false
[4540.963s][debug][gc,phases      ] GC(87) Reference Processing 0.136ms
[4540.964s][debug][gc,phases      ] GC(87)   VM Weak                        Min:  0.0, Avg:  0.0, Max:  0.0, Diff:  0.0, Sum:  0.0, Workers: 4
[4540.964s][debug][gc,phases      ] GC(87)     Dead                           Min: 0, Avg:  0.0, Max: 0, Diff: 0, Sum: 0, Workers: 4
[4540.964s][debug][gc,phases      ] GC(87)     Total                          Min: 0, Avg: 258.2, Max: 832, Diff: 832, Sum: 1033, Workers: 4
[4540.964s][debug][gc,phases      ] GC(87)   ObjectSynchronizer Weak        Min:  0.0, Avg:  0.0, Max:  0.0, Diff:  0.0, Sum:  0.0, Workers: 4
[4540.964s][debug][gc,phases      ] GC(87)     Dead                           Min: 0, Avg:  0.0, Max: 0, Diff: 0, Sum: 0, Workers: 4
[4540.964s][debug][gc,phases      ] GC(87)     Total                          Min: 0, Avg:  1.2, Max: 5, Diff: 5, Sum: 5, Workers: 4
[4540.964s][debug][gc,phases      ] GC(87)   JVMTI Tag Weak OopStorage      Min:  0.0, Avg:  0.0, Max:  0.0, Diff:  0.0, Sum:  0.0, Workers: 4
[4540.964s][debug][gc,phases      ] GC(87)     Dead                           Min: 0, Avg:  0.0, Max: 0, Diff: 0, Sum: 0, Workers: 4
[4540.964s][debug][gc,phases      ] GC(87)     Total                          Min: 0, Avg:  0.0, Max: 0, Diff: 0, Sum: 0, Workers: 4
[4540.964s][debug][gc,phases      ] GC(87)   StringTable Weak               Min:  0.0, Avg:  0.1, Max:  0.2, Diff:  0.2, Sum:  0.4, Workers: 4
[4540.964s][debug][gc,phases      ] GC(87)     Dead                           Min: 0, Avg:  0.5, Max: 2, Diff: 2, Sum: 2, Workers: 4
[4540.964s][debug][gc,phases      ] GC(87)     Total                          Min: 0, Avg: 11919.0, Max: 24832, Diff: 24832, Sum: 47676, Workers: 4
[4540.964s][debug][gc,phases      ] GC(87)   ResolvedMethodTable Weak       Min:  0.0, Avg:  0.0, Max:  0.1, Diff:  0.1, Sum:  0.1, Workers: 4
[4540.964s][debug][gc,phases      ] GC(87)     Dead                           Min: 0, Avg:  4.0, Max: 16, Diff: 16, Sum: 16, Workers: 4
[4540.964s][debug][gc,phases      ] GC(87)     Total                          Min: 0, Avg: 3888.5, Max: 7841, Diff: 7841, Sum: 15554, Workers: 4
[4540.964s][debug][gc,phases      ] GC(87)   JNI Weak                       Min:  0.0, Avg:  0.0, Max:  0.0, Diff:  0.0, Sum:  0.0, Workers: 4
[4540.964s][debug][gc,phases      ] GC(87)     Dead                           Min: 0, Avg:  0.0, Max: 0, Diff: 0, Sum: 0, Workers: 4
[4540.964s][debug][gc,phases      ] GC(87)     Total                          Min: 0, Avg: 13.0, Max: 52, Diff: 52, Sum: 52, Workers: 4
[4540.964s][debug][gc,phases      ] GC(87)   StringDedup Table Weak         Min:  0.0, Avg:  0.0, Max:  0.0, Diff:  0.0, Sum:  0.0, Workers: 4
[4540.964s][debug][gc,phases      ] GC(87)     Dead                           Min: 0, Avg:  0.0, Max: 0, Diff: 0, Sum: 0, Workers: 4
[4540.964s][debug][gc,phases      ] GC(87)     Total                          Min: 0, Avg:  0.0, Max: 0, Diff: 0, Sum: 0, Workers: 4
[4540.964s][debug][gc,phases      ] GC(87)   StringDedup Requests0 Weak     Min:  0.0, Avg:  0.0, Max:  0.0, Diff:  0.0, Sum:  0.0, Workers: 4
[4540.964s][debug][gc,phases      ] GC(87)     Dead                           Min: 0, Avg:  0.0, Max: 0, Diff: 0, Sum: 0, Workers: 4
[4540.964s][debug][gc,phases      ] GC(87)     Total                          Min: 0, Avg:  0.0, Max: 0, Diff: 0, Sum: 0, Workers: 4
[4540.964s][debug][gc,phases      ] GC(87)   StringDedup Requests1 Weak     Min:  0.0, Avg:  0.0, Max:  0.0, Diff:  0.0, Sum:  0.0, Workers: 4
[4540.964s][debug][gc,phases      ] GC(87)     Dead                           Min: 0, Avg:  0.0, Max: 0, Diff: 0, Sum: 0, Workers: 4
[4540.964s][debug][gc,phases      ] GC(87)     Total                          Min: 0, Avg:  0.0, Max: 0, Diff: 0, Sum: 0, Workers: 4
[4540.964s][debug][gc,phases      ] GC(87)   Weak JFR Old Object Samples    Min:  0.0, Avg:  0.0, Max:  0.0, Diff:  0.0, Sum:  0.0, Workers: 4
[4540.964s][debug][gc,phases      ] GC(87)     Dead                           Min: 0, Avg:  0.0, Max: 0, Diff: 0, Sum: 0, Workers: 4
[4540.964s][debug][gc,phases      ] GC(87)     Total                          Min: 0, Avg:  0.0, Max: 0, Diff: 0, Sum: 0, Workers: 4
[4540.964s][debug][gc,phases      ] GC(87) Weak Processing 0.563ms
[4540.964s][debug][gc,age         ] GC(87) Desired survivor size 9437184 bytes, new threshold 1 (max threshold 15)
[4540.964s][info ][gc,heap        ] GC(87) PSYoungGen: 2085424K(2089984K)->7152K(2085888K) Eden: 2082816K(2082816K)->0K(2078720K) From: 2608K(7168K)->7152K(7168K)
[4540.964s][info ][gc,heap        ] GC(87) ParOldGen: 279603K(311296K)->282179K(311296K)
[4540.964s][info ][gc,metaspace   ] GC(87) Metaspace: 110510K(111872K)->110510K(111872K) NonClass: 93976K(94720K)->93976K(94720K) Class: 16534K(17152K)->16534K(17152K)
[4540.964s][info ][gc             ] GC(87) Pause Young (Allocation Failure) 2309M->282M(2341M) 7.217ms
[4540.964s][info ][gc,cpu         ] GC(87) User=0.02s Sys=0.00s Real=0.01s
[4540.964s][info ][safepoint      ] Safepoint "ParallelGCFailedAllocation", Time since last: 5026306686 ns, Reaching safepoint: 92901 ns, Cleanup: 4400 ns, At safepoint: 7306000 ns, Total: 7403301 ns
[4542.964s][info ][safepoint      ] Safepoint "Cleanup", Time since last: 2000135625 ns, Reaching safepoint: 160102 ns, Cleanup: 12300 ns, At safepoint: 3900 ns, Total: 176302 ns
[4547.965s][info ][safepoint      ] Safepoint "Cleanup", Time since last: 5000401612 ns, Reaching safepoint: 12100 ns, Cleanup: 13900 ns, At safepoint: 2800 ns, Total: 28800 ns
[4556.966s][info ][safepoint      ] Safepoint "Cleanup", Time since last: 9000875499 ns, Reaching safepoint: 8700 ns, Cleanup: 10600 ns, At safepoint: 2701 ns, Total: 22001 ns
[4557.966s][info ][safepoint      ] Safepoint "Cleanup", Time since last: 1000122600 ns, Reaching safepoint: 9400 ns, Cleanup: 18100 ns, At safepoint: 2900 ns, Total: 30400 ns
[4558.966s][info ][safepoint      ] Safepoint "Cleanup", Time since last: 1000121610 ns, Reaching safepoint: 7600 ns, Cleanup: 10100 ns, At safepoint: 3000 ns, Total: 20700 ns
[4560.885s][info ][safepoint      ] Safepoint "Cleanup", Time since last: 1919066801 ns, Reaching safepoint: 10700 ns, Cleanup: 35500 ns, At safepoint: 3300 ns, Total: 49500 ns
[4562.664s][info ][safepoint      ] Safepoint "Cleanup", Time since last: 1778806797 ns, Reaching safepoint: 33600 ns, Cleanup: 74101 ns, At safepoint: 4500 ns, Total: 112201 ns
[4563.732s][info ][safepoint      ] Safepoint "Cleanup", Time since last: 1067986020 ns, Reaching safepoint: 8500 ns, Cleanup: 110002 ns, At safepoint: 2800 ns, Total: 121302 ns
[4564.420s][info ][safepoint      ] Safepoint "ParallelGCFailedAllocation", Time since last: 688099149 ns, Reaching safepoint: 86001 ns, Cleanup: 29400 ns, At safepoint: 16900 ns, Total: 132301 ns
[4564.421s][info ][gc,start       ] GC(88) Pause Young (GCLocker Initiated GC)
[4564.443s][debug][gc,phases      ] GC(88) Scavenge 22.400ms
[4564.443s][debug][gc,ref         ] GC(88) ReferenceProcessor::execute queues: 1, RefProcThreadModel::Single, marks_oops_alive: false
[4564.443s][debug][gc,ref         ] GC(88) Skipped KeepAliveFinalRefsPhase of Reference Processing: no references
[4564.443s][debug][gc,ref         ] GC(88) Skipped PhantomRefsPhase of Reference Processing: no references
[4564.443s][debug][gc,phases      ] GC(88) Reference Processing 0.118ms
[4564.444s][debug][gc,phases      ] GC(88)   VM Weak                        Min:  0.0, Avg:  0.0, Max:  0.0, Diff:  0.0, Sum:  0.0, Workers: 4
[4564.444s][debug][gc,phases      ] GC(88)     Dead                           Min: 0, Avg:  0.0, Max: 0, Diff: 0, Sum: 0, Workers: 4
[4564.444s][debug][gc,phases      ] GC(88)     Total                          Min: 0, Avg: 259.2, Max: 525, Diff: 525, Sum: 1037, Workers: 4
[4564.444s][debug][gc,phases      ] GC(88)   ObjectSynchronizer Weak        Min:  0.0, Avg:  0.0, Max:  0.0, Diff:  0.0, Sum:  0.0, Workers: 4
[4564.444s][debug][gc,phases      ] GC(88)     Dead                           Min: 0, Avg:  0.0, Max: 0, Diff: 0, Sum: 0, Workers: 4
[4564.444s][debug][gc,phases      ] GC(88)     Total                          Min: 0, Avg:  1.0, Max: 4, Diff: 4, Sum: 4, Workers: 4
[4564.444s][debug][gc,phases      ] GC(88)   JVMTI Tag Weak OopStorage      Min:  0.0, Avg:  0.0, Max:  0.0, Diff:  0.0, Sum:  0.0, Workers: 4
[4564.444s][debug][gc,phases      ] GC(88)     Dead                           Min: 0, Avg:  0.0, Max: 0, Diff: 0, Sum: 0, Workers: 4
[4564.444s][debug][gc,phases      ] GC(88)     Total                          Min: 0, Avg:  0.0, Max: 0, Diff: 0, Sum: 0, Workers: 4
[4564.444s][debug][gc,phases      ] GC(88)   StringTable Weak               Min:  0.0, Avg:  0.1, Max:  0.2, Diff:  0.2, Sum:  0.5, Workers: 4
[4564.444s][debug][gc,phases      ] GC(88)     Dead                           Min: 0, Avg:  1.0, Max: 3, Diff: 3, Sum: 4, Workers: 4
[4564.444s][debug][gc,phases      ] GC(88)     Total                          Min: 0, Avg: 11931.0, Max: 16557, Diff: 16557, Sum: 47724, Workers: 4
[4564.444s][debug][gc,phases      ] GC(88)   ResolvedMethodTable Weak       Min:  0.0, Avg:  0.0, Max:  0.1, Diff:  0.1, Sum:  0.2, Workers: 4
[4564.444s][debug][gc,phases      ] GC(88)     Dead                           Min: 0, Avg:  7.5, Max: 25, Diff: 25, Sum: 30, Workers: 4
[4564.444s][debug][gc,phases      ] GC(88)     Total                          Min: 0, Avg: 3905.8, Max: 5764, Diff: 5764, Sum: 15623, Workers: 4
[4564.444s][debug][gc,phases      ] GC(88)   JNI Weak                       Min:  0.0, Avg:  0.0, Max:  0.0, Diff:  0.0, Sum:  0.0, Workers: 4
[4564.444s][debug][gc,phases      ] GC(88)     Dead                           Min: 0, Avg:  0.0, Max: 0, Diff: 0, Sum: 0, Workers: 4
[4564.444s][debug][gc,phases      ] GC(88)     Total                          Min: 0, Avg: 13.0, Max: 52, Diff: 52, Sum: 52, Workers: 4
[4564.444s][debug][gc,phases      ] GC(88)   StringDedup Table Weak         Min:  0.0, Avg:  0.0, Max:  0.0, Diff:  0.0, Sum:  0.0, Workers: 4
[4564.444s][debug][gc,phases      ] GC(88)     Dead                           Min: 0, Avg:  0.0, Max: 0, Diff: 0, Sum: 0, Workers: 4
[4564.444s][debug][gc,phases      ] GC(88)     Total                          Min: 0, Avg:  0.0, Max: 0, Diff: 0, Sum: 0, Workers: 4
[4564.444s][debug][gc,phases      ] GC(88)   StringDedup Requests0 Weak     Min:  0.0, Avg:  0.0, Max:  0.0, Diff:  0.0, Sum:  0.0, Workers: 4
[4564.444s][debug][gc,phases      ] GC(88)     Dead                           Min: 0, Avg:  0.0, Max: 0, Diff: 0, Sum: 0, Workers: 4
[4564.444s][debug][gc,phases      ] GC(88)     Total                          Min: 0, Avg:  0.0, Max: 0, Diff: 0, Sum: 0, Workers: 4
[4564.444s][debug][gc,phases      ] GC(88)   StringDedup Requests1 Weak     Min:  0.0, Avg:  0.0, Max:  0.0, Diff:  0.0, Sum:  0.0, Workers: 4
[4564.444s][debug][gc,phases      ] GC(88)     Dead                           Min: 0, Avg:  0.0, Max: 0, Diff: 0, Sum: 0, Workers: 4
[4564.444s][debug][gc,phases      ] GC(88)     Total                          Min: 0, Avg:  0.0, Max: 0, Diff: 0, Sum: 0, Workers: 4
[4564.444s][debug][gc,phases      ] GC(88)   Weak JFR Old Object Samples    Min:  0.0, Avg:  0.0, Max:  0.0, Diff:  0.0, Sum:  0.0, Workers: 4
[4564.444s][debug][gc,phases      ] GC(88)     Dead                           Min: 0, Avg:  0.0, Max: 0, Diff: 0, Sum: 0, Workers: 4
[4564.444s][debug][gc,phases      ] GC(88)     Total                          Min: 0, Avg:  0.0, Max: 0, Diff: 0, Sum: 0, Workers: 4
[4564.444s][debug][gc,phases      ] GC(88) Weak Processing 0.697ms
[4564.444s][debug][gc,age         ] GC(88) Desired survivor size 26738688 bytes, new threshold 1 (max threshold 15)
[4564.444s][info ][gc,heap        ] GC(88) PSYoungGen: 2085872K(2085888K)->9192K(2087936K) Eden: 2078720K(2078720K)->0K(2078720K) From: 7152K(7168K)->9192K(9216K)
[4564.444s][info ][gc,heap        ] GC(88) ParOldGen: 282712K(311296K)->325786K(326144K)
[4564.444s][info ][gc,metaspace   ] GC(88) Metaspace: 110662K(112000K)->110662K(112000K) NonClass: 94101K(94848K)->94101K(94848K) Class: 16560K(17152K)->16560K(17152K)
[4564.444s][info ][gc             ] GC(88) Pause Young (GCLocker Initiated GC) 2313M->327M(2357M) 23.339ms
[4564.444s][info ][gc,cpu         ] GC(88) User=0.07s Sys=0.02s Real=0.02s
[4564.444s][info ][safepoint      ] Safepoint "ParallelGCSystemGC", Time since last: 319405 ns, Reaching safepoint: 75401 ns, Cleanup: 1300 ns, At safepoint: 23432425 ns, Total: 23509126 ns
[4565.444s][info ][safepoint      ] Safepoint "Cleanup", Time since last: 1000101278 ns, Reaching safepoint: 84802 ns, Cleanup: 31600 ns, At safepoint: 17400 ns, Total: 133802 ns
[4566.445s][info ][safepoint      ] Safepoint "Cleanup", Time since last: 1000133254 ns, Reaching safepoint: 7000 ns, Cleanup: 34401 ns, At safepoint: 2600 ns, Total: 44001 ns
[4567.445s][info ][safepoint      ] Safepoint "Cleanup", Time since last: 1000104515 ns, Reaching safepoint: 6500 ns, Cleanup: 107701 ns, At safepoint: 3000 ns, Total: 117201 ns
[4568.445s][info ][safepoint      ] Safepoint "Cleanup", Time since last: 1000320518 ns, Reaching safepoint: 88501 ns, Cleanup: 136702 ns, At safepoint: 20700 ns, Total: 245903 ns
[4569.446s][info ][safepoint      ] Safepoint "Cleanup", Time since last: 1000115115 ns, Reaching safepoint: 8201 ns, Cleanup: 80001 ns, At safepoint: 3700 ns, Total: 91902 ns
[4570.446s][info ][safepoint      ] Safepoint "Cleanup", Time since last: 1000117415 ns, Reaching safepoint: 8100 ns, Cleanup: 54201 ns, At safepoint: 3100 ns, Total: 65401 ns
[4571.446s][info ][safepoint      ] Safepoint "Cleanup", Time since last: 1000123215 ns, Reaching safepoint: 7900 ns, Cleanup: 23401 ns, At safepoint: 2800 ns, Total: 34101 ns
[4572.446s][info ][safepoint      ] Safepoint "Cleanup", Time since last: 1000130215 ns, Reaching safepoint: 8800 ns, Cleanup: 18600 ns, At safepoint: 2600 ns, Total: 30000 ns
[4573.446s][info ][safepoint      ] Safepoint "Cleanup", Time since last: 1000111316 ns, Reaching safepoint: 7600 ns, Cleanup: 22000 ns, At safepoint: 2700 ns, Total: 32300 ns
[4574.446s][info ][safepoint      ] Safepoint "Cleanup", Time since last: 1000103596 ns, Reaching safepoint: 8600 ns, Cleanup: 15100 ns, At safepoint: 2900 ns, Total: 26600 ns
[4575.446s][info ][safepoint      ] Safepoint "Cleanup", Time since last: 1000115624 ns, Reaching safepoint: 7900 ns, Cleanup: 31001 ns, At safepoint: 3100 ns, Total: 42001 ns
[4576.447s][info ][safepoint      ] Safepoint "Cleanup", Time since last: 1000116624 ns, Reaching safepoint: 8000 ns, Cleanup: 26200 ns, At safepoint: 2800 ns, Total: 37000 ns
[4577.447s][info ][safepoint      ] Safepoint "Cleanup", Time since last: 1000117424 ns, Reaching safepoint: 7800 ns, Cleanup: 32701 ns, At safepoint: 3100 ns, Total: 43601 ns
[4578.447s][info ][safepoint      ] Safepoint "Cleanup", Time since last: 1000126424 ns, Reaching safepoint: 12500 ns, Cleanup: 22300 ns, At safepoint: 3600 ns, Total: 38400 ns
[4578.553s][info ][gc,start       ] GC(89) Pause Young (Allocation Failure)
[4578.583s][debug][gc,phases      ] GC(89) Scavenge 29.534ms
[4578.583s][debug][gc,ref         ] GC(89) ReferenceProcessor::execute queues: 1, RefProcThreadModel::Single, marks_oops_alive: false
[4578.583s][debug][gc,ref         ] GC(89) Skipped KeepAliveFinalRefsPhase of Reference Processing: no references
[4578.583s][debug][gc,ref         ] GC(89) Skipped PhantomRefsPhase of Reference Processing: no references
[4578.583s][debug][gc,phases      ] GC(89) Reference Processing 0.117ms
[4578.583s][debug][gc,phases      ] GC(89)   VM Weak                        Min:  0.0, Avg:  0.0, Max:  0.0, Diff:  0.0, Sum:  0.0, Workers: 4
[4578.583s][debug][gc,phases      ] GC(89)     Dead                           Min: 0, Avg:  0.0, Max: 0, Diff: 0, Sum: 0, Workers: 4
[4578.583s][debug][gc,phases      ] GC(89)     Total                          Min: 0, Avg: 260.2, Max: 512, Diff: 512, Sum: 1041, Workers: 4
[4578.583s][debug][gc,phases      ] GC(89)   ObjectSynchronizer Weak        Min:  0.0, Avg:  0.0, Max:  0.0, Diff:  0.0, Sum:  0.0, Workers: 4
[4578.583s][debug][gc,phases      ] GC(89)     Dead                           Min: 0, Avg:  0.0, Max: 0, Diff: 0, Sum: 0, Workers: 4
[4578.583s][debug][gc,phases      ] GC(89)     Total                          Min: 0, Avg:  1.2, Max: 5, Diff: 5, Sum: 5, Workers: 4
[4578.583s][debug][gc,phases      ] GC(89)   JVMTI Tag Weak OopStorage      Min:  0.0, Avg:  0.0, Max:  0.0, Diff:  0.0, Sum:  0.0, Workers: 4
[4578.583s][debug][gc,phases      ] GC(89)     Dead                           Min: 0, Avg:  0.0, Max: 0, Diff: 0, Sum: 0, Workers: 4
[4578.583s][debug][gc,phases      ] GC(89)     Total                          Min: 0, Avg:  0.0, Max: 0, Diff: 0, Sum: 0, Workers: 4
[4578.583s][debug][gc,phases      ] GC(89)   StringTable Weak               Min:  0.0, Avg:  0.1, Max:  0.2, Diff:  0.2, Sum:  0.5, Workers: 4
[4578.583s][debug][gc,phases      ] GC(89)     Dead                           Min: 0, Avg:  0.2, Max: 1, Diff: 1, Sum: 1, Workers: 4
[4578.583s][debug][gc,phases      ] GC(89)     Total                          Min: 0, Avg: 11944.0, Max: 17216, Diff: 17216, Sum: 47776, Workers: 4
[4578.583s][debug][gc,phases      ] GC(89)   ResolvedMethodTable Weak       Min:  0.0, Avg:  0.0, Max:  0.1, Diff:  0.1, Sum:  0.2, Workers: 4
[4578.583s][debug][gc,phases      ] GC(89)     Dead                           Min: 0, Avg:  4.8, Max: 12, Diff: 12, Sum: 19, Workers: 4
[4578.583s][debug][gc,phases      ] GC(89)     Total                          Min: 0, Avg: 3911.2, Max: 5790, Diff: 5790, Sum: 15645, Workers: 4
[4578.583s][debug][gc,phases      ] GC(89)   JNI Weak                       Min:  0.0, Avg:  0.0, Max:  0.0, Diff:  0.0, Sum:  0.0, Workers: 4
[4578.583s][debug][gc,phases      ] GC(89)     Dead                           Min: 0, Avg:  0.0, Max: 0, Diff: 0, Sum: 0, Workers: 4
[4578.583s][debug][gc,phases      ] GC(89)     Total                          Min: 0, Avg: 13.0, Max: 52, Diff: 52, Sum: 52, Workers: 4
[4578.583s][debug][gc,phases      ] GC(89)   StringDedup Table Weak         Min:  0.0, Avg:  0.0, Max:  0.0, Diff:  0.0, Sum:  0.0, Workers: 4
[4578.583s][debug][gc,phases      ] GC(89)     Dead                           Min: 0, Avg:  0.0, Max: 0, Diff: 0, Sum: 0, Workers: 4
[4578.583s][debug][gc,phases      ] GC(89)     Total                          Min: 0, Avg:  0.0, Max: 0, Diff: 0, Sum: 0, Workers: 4
[4578.583s][debug][gc,phases      ] GC(89)   StringDedup Requests0 Weak     Min:  0.0, Avg:  0.0, Max:  0.0, Diff:  0.0, Sum:  0.0, Workers: 4
[4578.583s][debug][gc,phases      ] GC(89)     Dead                           Min: 0, Avg:  0.0, Max: 0, Diff: 0, Sum: 0, Workers: 4
[4578.583s][debug][gc,phases      ] GC(89)     Total                          Min: 0, Avg:  0.0, Max: 0, Diff: 0, Sum: 0, Workers: 4
[4578.583s][debug][gc,phases      ] GC(89)   StringDedup Requests1 Weak     Min:  0.0, Avg:  0.0, Max:  0.0, Diff:  0.0, Sum:  0.0, Workers: 4
[4578.583s][debug][gc,phases      ] GC(89)     Dead                           Min: 0, Avg:  0.0, Max: 0, Diff: 0, Sum: 0, Workers: 4
[4578.583s][debug][gc,phases      ] GC(89)     Total                          Min: 0, Avg:  0.0, Max: 0, Diff: 0, Sum: 0, Workers: 4
[4578.583s][debug][gc,phases      ] GC(89)   Weak JFR Old Object Samples    Min:  0.0, Avg:  0.0, Max:  0.0, Diff:  0.0, Sum:  0.0, Workers: 4
[4578.583s][debug][gc,phases      ] GC(89)     Dead                           Min: 0, Avg:  0.0, Max: 0, Diff: 0, Sum: 0, Workers: 4
[4578.584s][debug][gc,phases      ] GC(89)     Total                          Min: 0, Avg:  0.0, Max: 0, Diff: 0, Sum: 0, Workers: 4
[4578.584s][debug][gc,phases      ] GC(89) Weak Processing 0.459ms
[4578.584s][debug][gc,age         ] GC(89) Desired survivor size 44040192 bytes, new threshold 1 (max threshold 15)
[4578.584s][info ][gc,heap        ] GC(89) PSYoungGen: 2087912K(2087936K)->9184K(2020352K) Eden: 2078720K(2078720K)->0K(2011136K) From: 9192K(9216K)->9184K(9216K)
[4578.584s][info ][gc,heap        ] GC(89) ParOldGen: 325795K(326144K)->375203K(375296K)
[4578.584s][info ][gc,metaspace   ] GC(89) Metaspace: 110892K(112256K)->110892K(112256K) NonClass: 94322K(95104K)->94322K(95104K) Class: 16570K(17152K)->16570K(17152K)
[4578.584s][info ][gc             ] GC(89) Pause Young (Allocation Failure) 2357M->375M(2339M) 30.261ms
[4578.584s][info ][gc,cpu         ] GC(89) User=0.09s Sys=0.02s Real=0.03s
[4578.584s][info ][safepoint      ] Safepoint "ParallelGCFailedAllocation", Time since last: 106201530 ns, Reaching safepoint: 78101 ns, Cleanup: 3900 ns, At safepoint: 30353480 ns, Total: 30435481 ns
[4580.451s][info ][safepoint      ] Safepoint "Cleanup", Time since last: 1867496786 ns, Reaching safepoint: 84501 ns, Cleanup: 36000 ns, At safepoint: 8300 ns, Total: 128801 ns
[4581.451s][info ][safepoint      ] Safepoint "Cleanup", Time since last: 1000123224 ns, Reaching safepoint: 81701 ns, Cleanup: 17501 ns, At safepoint: 6700 ns, Total: 105902 ns
[4582.452s][info ][safepoint      ] Safepoint "Cleanup", Time since last: 1000129059 ns, Reaching safepoint: 86201 ns, Cleanup: 10800 ns, At safepoint: 9101 ns, Total: 106102 ns
[4583.452s][info ][safepoint      ] Safepoint "Cleanup", Time since last: 1000135895 ns, Reaching safepoint: 78701 ns, Cleanup: 38000 ns, At safepoint: 6400 ns, Total: 123101 ns
[4584.452s][info ][safepoint      ] Safepoint "Cleanup", Time since last: 1000113995 ns, Reaching safepoint: 79601 ns, Cleanup: 27400 ns, At safepoint: 6401 ns, Total: 113402 ns
[4585.452s][info ][safepoint      ] Safepoint "Cleanup", Time since last: 1000120294 ns, Reaching safepoint: 82101 ns, Cleanup: 20401 ns, At safepoint: 9600 ns, Total: 112102 ns
[4586.453s][info ][safepoint      ] Safepoint "Cleanup", Time since last: 1000125895 ns, Reaching safepoint: 80601 ns, Cleanup: 22600 ns, At safepoint: 8900 ns, Total: 112101 ns
[4587.453s][info ][safepoint      ] Safepoint "Cleanup", Time since last: 1000493800 ns, Reaching safepoint: 80801 ns, Cleanup: 16300 ns, At safepoint: 8700 ns, Total: 105801 ns
[4588.453s][info ][safepoint      ] Safepoint "Cleanup", Time since last: 1000114795 ns, Reaching safepoint: 80001 ns, Cleanup: 15500 ns, At safepoint: 6400 ns, Total: 101901 ns
[4589.454s][info ][safepoint      ] Safepoint "Cleanup", Time since last: 1000115195 ns, Reaching safepoint: 80001 ns, Cleanup: 19201 ns, At safepoint: 7500 ns, Total: 106702 ns
[4590.454s][info ][safepoint      ] Safepoint "Cleanup", Time since last: 1000119900 ns, Reaching safepoint: 81001 ns, Cleanup: 13400 ns, At safepoint: 6300 ns, Total: 100701 ns
[4591.454s][info ][safepoint      ] Safepoint "Cleanup", Time since last: 1000127055 ns, Reaching safepoint: 87501 ns, Cleanup: 14600 ns, At safepoint: 8700 ns, Total: 110801 ns
[4592.454s][info ][safepoint      ] Safepoint "Cleanup", Time since last: 1000131555 ns, Reaching safepoint: 80501 ns, Cleanup: 26601 ns, At safepoint: 6400 ns, Total: 113502 ns
[4593.455s][info ][safepoint      ] Safepoint "Cleanup", Time since last: 1000127454 ns, Reaching safepoint: 84401 ns, Cleanup: 27001 ns, At safepoint: 9100 ns, Total: 120502 ns
[4594.455s][info ][safepoint      ] Safepoint "Cleanup", Time since last: 1000118255 ns, Reaching safepoint: 80801 ns, Cleanup: 24700 ns, At safepoint: 6800 ns, Total: 112301 ns
[4595.455s][info ][safepoint      ] Safepoint "Cleanup", Time since last: 1000121555 ns, Reaching safepoint: 81501 ns, Cleanup: 12300 ns, At safepoint: 6600 ns, Total: 100401 ns
[4596.455s][info ][safepoint      ] Safepoint "Cleanup", Time since last: 1000128555 ns, Reaching safepoint: 86601 ns, Cleanup: 12000 ns, At safepoint: 11300 ns, Total: 109901 ns
[4597.456s][info ][safepoint      ] Safepoint "Cleanup", Time since last: 1000135355 ns, Reaching safepoint: 81001 ns, Cleanup: 11400 ns, At safepoint: 6300 ns, Total: 98701 ns
[4598.456s][info ][safepoint      ] Safepoint "Cleanup", Time since last: 1000149451 ns, Reaching safepoint: 82701 ns, Cleanup: 13300 ns, At safepoint: 6100 ns, Total: 102101 ns
[4599.456s][info ][safepoint      ] Safepoint "Cleanup", Time since last: 1000127596 ns, Reaching safepoint: 79501 ns, Cleanup: 10500 ns, At safepoint: 6500 ns, Total: 96501 ns
[4600.456s][info ][safepoint      ] Safepoint "Cleanup", Time since last: 1000117797 ns, Reaching safepoint: 80401 ns, Cleanup: 11700 ns, At safepoint: 6300 ns, Total: 98401 ns
[4601.456s][info ][safepoint      ] Safepoint "Cleanup", Time since last: 1000115496 ns, Reaching safepoint: 8400 ns, Cleanup: 10600 ns, At safepoint: 3001 ns, Total: 22001 ns
[4602.457s][info ][safepoint      ] Safepoint "Cleanup", Time since last: 1000115696 ns, Reaching safepoint: 81001 ns, Cleanup: 9000 ns, At safepoint: 7300 ns, Total: 97301 ns
[4603.457s][info ][safepoint      ] Safepoint "Cleanup", Time since last: 1000125696 ns, Reaching safepoint: 85101 ns, Cleanup: 18501 ns, At safepoint: 8400 ns, Total: 112002 ns
[4604.457s][info ][safepoint      ] Safepoint "Cleanup", Time since last: 1000122796 ns, Reaching safepoint: 84001 ns, Cleanup: 16100 ns, At safepoint: 6800 ns, Total: 106901 ns
[4605.457s][info ][safepoint      ] Safepoint "Cleanup", Time since last: 1000106697 ns, Reaching safepoint: 8400 ns, Cleanup: 9800 ns, At safepoint: 2900 ns, Total: 21100 ns
[4606.457s][info ][safepoint      ] Safepoint "Cleanup", Time since last: 1000124707 ns, Reaching safepoint: 78801 ns, Cleanup: 11601 ns, At safepoint: 6700 ns, Total: 97102 ns
[4608.458s][info ][safepoint      ] Safepoint "Cleanup", Time since last: 2000191096 ns, Reaching safepoint: 8100 ns, Cleanup: 15800 ns, At safepoint: 2800 ns, Total: 26700 ns
[4609.458s][info ][safepoint      ] Safepoint "Cleanup", Time since last: 1000114848 ns, Reaching safepoint: 7600 ns, Cleanup: 18401 ns, At safepoint: 3000 ns, Total: 29001 ns
[4610.458s][info ][safepoint      ] Safepoint "Cleanup", Time since last: 1000118648 ns, Reaching safepoint: 7900 ns, Cleanup: 10200 ns, At safepoint: 2900 ns, Total: 21000 ns
[4611.458s][info ][safepoint      ] Safepoint "Cleanup", Time since last: 1000135749 ns, Reaching safepoint: 7500 ns, Cleanup: 22700 ns, At safepoint: 3400 ns, Total: 33600 ns
[4613.458s][info ][safepoint      ] Safepoint "Cleanup", Time since last: 2000195096 ns, Reaching safepoint: 8900 ns, Cleanup: 20900 ns, At safepoint: 3001 ns, Total: 32801 ns
[4614.458s][info ][safepoint      ] Safepoint "Cleanup", Time since last: 1000119713 ns, Reaching safepoint: 7300 ns, Cleanup: 15800 ns, At safepoint: 3100 ns, Total: 26200 ns
[4615.849s][info ][gc,start       ] GC(90) Pause Young (Allocation Failure)
[4615.861s][debug][gc,phases      ] GC(90) Scavenge 11.925ms
[4615.861s][debug][gc,ref         ] GC(90) ReferenceProcessor::execute queues: 1, RefProcThreadModel::Single, marks_oops_alive: false
[4615.861s][debug][gc,ref         ] GC(90) Skipped KeepAliveFinalRefsPhase of Reference Processing: no references
[4615.861s][debug][gc,ref         ] GC(90) ReferenceProcessor::execute queues: 1, RefProcThreadModel::Single, marks_oops_alive: false
[4615.861s][debug][gc,phases      ] GC(90) Reference Processing 0.122ms
[4615.862s][debug][gc,phases      ] GC(90)   VM Weak                        Min:  0.0, Avg:  0.0, Max:  0.0, Diff:  0.0, Sum:  0.0, Workers: 4
[4615.862s][debug][gc,phases      ] GC(90)     Dead                           Min: 0, Avg:  0.0, Max: 0, Diff: 0, Sum: 0, Workers: 4
[4615.862s][debug][gc,phases      ] GC(90)     Total                          Min: 0, Avg: 260.2, Max: 576, Diff: 576, Sum: 1041, Workers: 4
[4615.862s][debug][gc,phases      ] GC(90)   ObjectSynchronizer Weak        Min:  0.0, Avg:  0.0, Max:  0.0, Diff:  0.0, Sum:  0.0, Workers: 4
[4615.862s][debug][gc,phases      ] GC(90)     Dead                           Min: 0, Avg:  0.0, Max: 0, Diff: 0, Sum: 0, Workers: 4
[4615.862s][debug][gc,phases      ] GC(90)     Total                          Min: 0, Avg:  1.2, Max: 5, Diff: 5, Sum: 5, Workers: 4
[4615.862s][debug][gc,phases      ] GC(90)   JVMTI Tag Weak OopStorage      Min:  0.0, Avg:  0.0, Max:  0.0, Diff:  0.0, Sum:  0.0, Workers: 4
[4615.862s][debug][gc,phases      ] GC(90)     Dead                           Min: 0, Avg:  0.0, Max: 0, Diff: 0, Sum: 0, Workers: 4
[4615.862s][debug][gc,phases      ] GC(90)     Total                          Min: 0, Avg:  0.0, Max: 0, Diff: 0, Sum: 0, Workers: 4
[4615.862s][debug][gc,phases      ] GC(90)   StringTable Weak               Min:  0.0, Avg:  0.1, Max:  0.2, Diff:  0.2, Sum:  0.5, Workers: 4
[4615.862s][debug][gc,phases      ] GC(90)     Dead                           Min: 0, Avg:  0.2, Max: 1, Diff: 1, Sum: 1, Workers: 4
[4615.862s][debug][gc,phases      ] GC(90)     Total                          Min: 0, Avg: 11953.8, Max: 17415, Diff: 17415, Sum: 47815, Workers: 4
[4615.862s][debug][gc,phases      ] GC(90)   ResolvedMethodTable Weak       Min:  0.0, Avg:  0.0, Max:  0.1, Diff:  0.1, Sum:  0.2, Workers: 4
[4615.862s][debug][gc,phases      ] GC(90)     Dead                           Min: 0, Avg:  7.2, Max: 17, Diff: 17, Sum: 29, Workers: 4
[4615.862s][debug][gc,phases      ] GC(90)     Total                          Min: 0, Avg: 3919.5, Max: 5829, Diff: 5829, Sum: 15678, Workers: 4
[4615.862s][debug][gc,phases      ] GC(90)   JNI Weak                       Min:  0.0, Avg:  0.0, Max:  0.0, Diff:  0.0, Sum:  0.0, Workers: 4
[4615.862s][debug][gc,phases      ] GC(90)     Dead                           Min: 0, Avg:  0.0, Max: 0, Diff: 0, Sum: 0, Workers: 4
[4615.862s][debug][gc,phases      ] GC(90)     Total                          Min: 0, Avg: 13.0, Max: 52, Diff: 52, Sum: 52, Workers: 4
[4615.862s][debug][gc,phases      ] GC(90)   StringDedup Table Weak         Min:  0.0, Avg:  0.0, Max:  0.0, Diff:  0.0, Sum:  0.0, Workers: 4
[4615.862s][debug][gc,phases      ] GC(90)     Dead                           Min: 0, Avg:  0.0, Max: 0, Diff: 0, Sum: 0, Workers: 4
[4615.862s][debug][gc,phases      ] GC(90)     Total                          Min: 0, Avg:  0.0, Max: 0, Diff: 0, Sum: 0, Workers: 4
[4615.862s][debug][gc,phases      ] GC(90)   StringDedup Requests0 Weak     Min:  0.0, Avg:  0.0, Max:  0.0, Diff:  0.0, Sum:  0.0, Workers: 4
[4615.862s][debug][gc,phases      ] GC(90)     Dead                           Min: 0, Avg:  0.0, Max: 0, Diff: 0, Sum: 0, Workers: 4
[4615.862s][debug][gc,phases      ] GC(90)     Total                          Min: 0, Avg:  0.0, Max: 0, Diff: 0, Sum: 0, Workers: 4
[4615.862s][debug][gc,phases      ] GC(90)   StringDedup Requests1 Weak     Min:  0.0, Avg:  0.0, Max:  0.0, Diff:  0.0, Sum:  0.0, Workers: 4
[4615.862s][debug][gc,phases      ] GC(90)     Dead                           Min: 0, Avg:  0.0, Max: 0, Diff: 0, Sum: 0, Workers: 4
[4615.862s][debug][gc,phases      ] GC(90)     Total                          Min: 0, Avg:  0.0, Max: 0, Diff: 0, Sum: 0, Workers: 4
[4615.862s][debug][gc,phases      ] GC(90)   Weak JFR Old Object Samples    Min:  0.0, Avg:  0.0, Max:  0.0, Diff:  0.0, Sum:  0.0, Workers: 4
[4615.862s][debug][gc,phases      ] GC(90)     Dead                           Min: 0, Avg:  0.0, Max: 0, Diff: 0, Sum: 0, Workers: 4
[4615.862s][debug][gc,phases      ] GC(90)     Total                          Min: 0, Avg:  0.0, Max: 0, Diff: 0, Sum: 0, Workers: 4
[4615.862s][debug][gc,phases      ] GC(90) Weak Processing 0.450ms
[4615.862s][debug][gc,age         ] GC(90) Desired survivor size 40894464 bytes, new threshold 1 (max threshold 15)
[4615.862s][info ][gc,heap        ] GC(90) PSYoungGen: 2020320K(2020352K)->14448K(2054144K) Eden: 2011136K(2011136K)->0K(2011136K) From: 9184K(9216K)->14448K(43008K)
[4615.862s][info ][gc,heap        ] GC(90) ParOldGen: 375203K(375296K)->384431K(384512K)
[4615.862s][info ][gc,metaspace   ] GC(90) Metaspace: 111103K(112512K)->111103K(112512K) NonClass: 94517K(95296K)->94517K(95296K) Class: 16585K(17216K)->16585K(17216K)
[4615.862s][info ][gc             ] GC(90) Pause Young (Allocation Failure) 2339M->389M(2381M) 12.647ms
[4615.862s][info ][gc,cpu         ] GC(90) User=0.03s Sys=0.01s Real=0.02s
[4615.862s][info ][safepoint      ] Safepoint "ParallelGCFailedAllocation", Time since last: 1390789686 ns, Reaching safepoint: 6700 ns, Cleanup: 4300 ns, At safepoint: 12729745 ns, Total: 12740745 ns
[4616.862s][info ][safepoint      ] Safepoint "Cleanup", Time since last: 1000083636 ns, Reaching safepoint: 8000 ns, Cleanup: 9900 ns, At safepoint: 3000 ns, Total: 20900 ns
[4620.862s][info ][safepoint      ] Safepoint "Cleanup", Time since last: 4000314728 ns, Reaching safepoint: 7000 ns, Cleanup: 11800 ns, At safepoint: 2800 ns, Total: 21600 ns
[4622.682s][info ][safepoint      ] Safepoint "Cleanup", Time since last: 1819379454 ns, Reaching safepoint: 12400 ns, Cleanup: 18500 ns, At safepoint: 44501 ns, Total: 75401 ns
[4623.682s][info ][safepoint      ] Safepoint "Cleanup", Time since last: 1000108536 ns, Reaching safepoint: 7800 ns, Cleanup: 14600 ns, At safepoint: 3100 ns, Total: 25500 ns
[4624.682s][info ][safepoint      ] Safepoint "Cleanup", Time since last: 1000124237 ns, Reaching safepoint: 8400 ns, Cleanup: 16300 ns, At safepoint: 2900 ns, Total: 27600 ns
[4625.682s][info ][safepoint      ] Safepoint "Cleanup", Time since last: 1000113937 ns, Reaching safepoint: 8100 ns, Cleanup: 16400 ns, At safepoint: 2800 ns, Total: 27300 ns
[4629.683s][info ][safepoint      ] Safepoint "Cleanup", Time since last: 4000347795 ns, Reaching safepoint: 8000 ns, Cleanup: 16700 ns, At safepoint: 3101 ns, Total: 27801 ns
[4630.683s][info ][safepoint      ] Safepoint "Cleanup", Time since last: 1000119065 ns, Reaching safepoint: 8900 ns, Cleanup: 14800 ns, At safepoint: 3300 ns, Total: 27000 ns
[4631.683s][info ][safepoint      ] Safepoint "Cleanup", Time since last: 1000124916 ns, Reaching safepoint: 8700 ns, Cleanup: 12901 ns, At safepoint: 3600 ns, Total: 25201 ns
[4633.683s][info ][safepoint      ] Safepoint "Cleanup", Time since last: 2000190731 ns, Reaching safepoint: 7000 ns, Cleanup: 69301 ns, At safepoint: 2900 ns, Total: 79201 ns
[4634.683s][info ][safepoint      ] Safepoint "Cleanup", Time since last: 1000116215 ns, Reaching safepoint: 7801 ns, Cleanup: 7900 ns, At safepoint: 3000 ns, Total: 18701 ns
[4635.684s][info ][safepoint      ] Safepoint "Cleanup", Time since last: 1000885826 ns, Reaching safepoint: 7000 ns, Cleanup: 27300 ns, At safepoint: 2900 ns, Total: 37200 ns
[4636.684s][info ][safepoint      ] Safepoint "Cleanup", Time since last: 1000124402 ns, Reaching safepoint: 8300 ns, Cleanup: 10200 ns, At safepoint: 3500 ns, Total: 22000 ns
[4637.685s][info ][safepoint      ] Safepoint "Cleanup", Time since last: 1000117558 ns, Reaching safepoint: 7900 ns, Cleanup: 14700 ns, At safepoint: 2700 ns, Total: 25300 ns
[4641.685s][info ][safepoint      ] Safepoint "Cleanup", Time since last: 4000322809 ns, Reaching safepoint: 7800 ns, Cleanup: 10700 ns, At safepoint: 3100 ns, Total: 21600 ns
[4642.685s][info ][safepoint      ] Safepoint "Cleanup", Time since last: 1000110565 ns, Reaching safepoint: 7800 ns, Cleanup: 8800 ns, At safepoint: 2700 ns, Total: 19300 ns
[4643.685s][info ][safepoint      ] Safepoint "Cleanup", Time since last: 1000126564 ns, Reaching safepoint: 9301 ns, Cleanup: 11300 ns, At safepoint: 3400 ns, Total: 24001 ns
[4645.685s][info ][safepoint      ] Safepoint "Cleanup", Time since last: 2000190328 ns, Reaching safepoint: 8500 ns, Cleanup: 12601 ns, At safepoint: 2700 ns, Total: 23801 ns
[4646.686s][info ][safepoint      ] Safepoint "Cleanup", Time since last: 1000115224 ns, Reaching safepoint: 8300 ns, Cleanup: 9900 ns, At safepoint: 2500 ns, Total: 20700 ns
[4647.686s][info ][safepoint      ] Safepoint "Cleanup", Time since last: 1000109203 ns, Reaching safepoint: 7400 ns, Cleanup: 12100 ns, At safepoint: 2600 ns, Total: 22100 ns
[4648.686s][info ][safepoint      ] Safepoint "Cleanup", Time since last: 1000113604 ns, Reaching safepoint: 6700 ns, Cleanup: 12600 ns, At safepoint: 2200 ns, Total: 21500 ns
[4649.686s][info ][safepoint      ] Safepoint "Cleanup", Time since last: 1000098803 ns, Reaching safepoint: 6100 ns, Cleanup: 11300 ns, At safepoint: 2400 ns, Total: 19800 ns
[4651.686s][info ][safepoint      ] Safepoint "Cleanup", Time since last: 2000164706 ns, Reaching safepoint: 6500 ns, Cleanup: 15400 ns, At safepoint: 2801 ns, Total: 24701 ns
[4652.686s][info ][safepoint      ] Safepoint "Cleanup", Time since last: 1000105403 ns, Reaching safepoint: 8200 ns, Cleanup: 14500 ns, At safepoint: 2900 ns, Total: 25600 ns
[4653.686s][info ][safepoint      ] Safepoint "Cleanup", Time since last: 1000118403 ns, Reaching safepoint: 9000 ns, Cleanup: 15401 ns, At safepoint: 2700 ns, Total: 27101 ns
[4654.455s][info ][gc,start       ] GC(91) Pause Young (Allocation Failure)
[4654.470s][debug][gc,phases      ] GC(91) Scavenge 14.924ms
[4654.470s][debug][gc,ref         ] GC(91) ReferenceProcessor::execute queues: 1, RefProcThreadModel::Single, marks_oops_alive: false
[4654.470s][debug][gc,ref         ] GC(91) Skipped KeepAliveFinalRefsPhase of Reference Processing: no references
[4654.470s][debug][gc,ref         ] GC(91) ReferenceProcessor::execute queues: 1, RefProcThreadModel::Single, marks_oops_alive: false
[4654.470s][debug][gc,phases      ] GC(91) Reference Processing 0.120ms
[4654.471s][debug][gc,phases      ] GC(91)   VM Weak                        Min:  0.0, Avg:  0.0, Max:  0.0, Diff:  0.0, Sum:  0.0, Workers: 4
[4654.471s][debug][gc,phases      ] GC(91)     Dead                           Min: 0, Avg:  0.0, Max: 0, Diff: 0, Sum: 0, Workers: 4
[4654.471s][debug][gc,phases      ] GC(91)     Total                          Min: 0, Avg: 260.2, Max: 849, Diff: 849, Sum: 1041, Workers: 4
[4654.471s][debug][gc,phases      ] GC(91)   ObjectSynchronizer Weak        Min:  0.0, Avg:  0.0, Max:  0.0, Diff:  0.0, Sum:  0.0, Workers: 4
[4654.471s][debug][gc,phases      ] GC(91)     Dead                           Min: 0, Avg:  0.0, Max: 0, Diff: 0, Sum: 0, Workers: 4
[4654.471s][debug][gc,phases      ] GC(91)     Total                          Min: 0, Avg:  1.0, Max: 4, Diff: 4, Sum: 4, Workers: 4
[4654.471s][debug][gc,phases      ] GC(91)   JVMTI Tag Weak OopStorage      Min:  0.0, Avg:  0.0, Max:  0.0, Diff:  0.0, Sum:  0.0, Workers: 4
[4654.471s][debug][gc,phases      ] GC(91)     Dead                           Min: 0, Avg:  0.0, Max: 0, Diff: 0, Sum: 0, Workers: 4
[4654.471s][debug][gc,phases      ] GC(91)     Total                          Min: 0, Avg:  0.0, Max: 0, Diff: 0, Sum: 0, Workers: 4
[4654.471s][debug][gc,phases      ] GC(91)   StringTable Weak               Min:  0.0, Avg:  0.1, Max:  0.2, Diff:  0.2, Sum:  0.5, Workers: 4
[4654.471s][debug][gc,phases      ] GC(91)     Dead                           Min: 0, Avg:  0.0, Max: 0, Diff: 0, Sum: 0, Workers: 4
[4654.471s][debug][gc,phases      ] GC(91)     Total                          Min: 0, Avg: 11955.2, Max: 16832, Diff: 16832, Sum: 47821, Workers: 4
[4654.471s][debug][gc,phases      ] GC(91)   ResolvedMethodTable Weak       Min:  0.0, Avg:  0.0, Max:  0.1, Diff:  0.1, Sum:  0.2, Workers: 4
[4654.471s][debug][gc,phases      ] GC(91)     Dead                           Min: 0, Avg:  4.0, Max: 10, Diff: 10, Sum: 16, Workers: 4
[4654.471s][debug][gc,phases      ] GC(91)     Total                          Min: 0, Avg: 3921.0, Max: 5428, Diff: 5428, Sum: 15684, Workers: 4
[4654.471s][debug][gc,phases      ] GC(91)   JNI Weak                       Min:  0.0, Avg:  0.0, Max:  0.0, Diff:  0.0, Sum:  0.0, Workers: 4
[4654.471s][debug][gc,phases      ] GC(91)     Dead                           Min: 0, Avg:  0.0, Max: 0, Diff: 0, Sum: 0, Workers: 4
[4654.471s][debug][gc,phases      ] GC(91)     Total                          Min: 0, Avg: 13.0, Max: 52, Diff: 52, Sum: 52, Workers: 4
[4654.471s][debug][gc,phases      ] GC(91)   StringDedup Table Weak         Min:  0.0, Avg:  0.0, Max:  0.0, Diff:  0.0, Sum:  0.0, Workers: 4
[4654.471s][debug][gc,phases      ] GC(91)     Dead                           Min: 0, Avg:  0.0, Max: 0, Diff: 0, Sum: 0, Workers: 4
[4654.471s][debug][gc,phases      ] GC(91)     Total                          Min: 0, Avg:  0.0, Max: 0, Diff: 0, Sum: 0, Workers: 4
[4654.471s][debug][gc,phases      ] GC(91)   StringDedup Requests0 Weak     Min:  0.0, Avg:  0.0, Max:  0.0, Diff:  0.0, Sum:  0.0, Workers: 4
[4654.471s][debug][gc,phases      ] GC(91)     Dead                           Min: 0, Avg:  0.0, Max: 0, Diff: 0, Sum: 0, Workers: 4
[4654.471s][debug][gc,phases      ] GC(91)     Total                          Min: 0, Avg:  0.0, Max: 0, Diff: 0, Sum: 0, Workers: 4
[4654.471s][debug][gc,phases      ] GC(91)   StringDedup Requests1 Weak     Min:  0.0, Avg:  0.0, Max:  0.0, Diff:  0.0, Sum:  0.0, Workers: 4
[4654.471s][debug][gc,phases      ] GC(91)     Dead                           Min: 0, Avg:  0.0, Max: 0, Diff: 0, Sum: 0, Workers: 4
[4654.471s][debug][gc,phases      ] GC(91)     Total                          Min: 0, Avg:  0.0, Max: 0, Diff: 0, Sum: 0, Workers: 4
[4654.471s][debug][gc,phases      ] GC(91)   Weak JFR Old Object Samples    Min:  0.0, Avg:  0.0, Max:  0.0, Diff:  0.0, Sum:  0.0, Workers: 4
[4654.471s][debug][gc,phases      ] GC(91)     Dead                           Min: 0, Avg:  0.0, Max: 0, Diff: 0, Sum: 0, Workers: 4
[4654.471s][debug][gc,phases      ] GC(91)     Total                          Min: 0, Avg:  0.0, Max: 0, Diff: 0, Sum: 0, Workers: 4
[4654.471s][debug][gc,phases      ] GC(91) Weak Processing 0.454ms
[4654.471s][debug][gc,age         ] GC(91) Desired survivor size 40370176 bytes, new threshold 1 (max threshold 15)
[4654.471s][info ][gc,heap        ] GC(91) PSYoungGen: 2025584K(2054144K)->18976K(2057728K) Eden: 2011136K(2011136K)->0K(2017792K) From: 14448K(43008K)->18976K(39936K)
[4654.471s][info ][gc,heap        ] GC(91) ParOldGen: 384431K(384512K)->395123K(395264K)
[4654.471s][info ][gc,metaspace   ] GC(91) Metaspace: 111152K(112512K)->111152K(112512K) NonClass: 94564K(95296K)->94564K(95296K) Class: 16588K(17216K)->16588K(17216K)
[4654.471s][info ][gc             ] GC(91) Pause Young (Allocation Failure) 2353M->404M(2395M) 15.645ms
[4654.471s][info ][gc,cpu         ] GC(91) User=0.06s Sys=0.00s Real=0.01s
[4654.471s][info ][safepoint      ] Safepoint "ParallelGCFailedAllocation", Time since last: 768756249 ns, Reaching safepoint: 82801 ns, Cleanup: 4300 ns, At safepoint: 15732887 ns, Total: 15819988 ns
[4655.471s][info ][safepoint      ] Safepoint "Cleanup", Time since last: 1000099781 ns, Reaching safepoint: 9800 ns, Cleanup: 10701 ns, At safepoint: 2400 ns, Total: 22901 ns
[4656.471s][info ][safepoint      ] Safepoint "Cleanup", Time since last: 1000110981 ns, Reaching safepoint: 8000 ns, Cleanup: 10900 ns, At safepoint: 2700 ns, Total: 21600 ns
[4657.471s][info ][safepoint      ] Safepoint "Cleanup", Time since last: 1000122182 ns, Reaching safepoint: 8300 ns, Cleanup: 11100 ns, At safepoint: 2900 ns, Total: 22300 ns
[4659.472s][info ][safepoint      ] Safepoint "Cleanup", Time since last: 2000193863 ns, Reaching safepoint: 8500 ns, Cleanup: 8800 ns, At safepoint: 2400 ns, Total: 19700 ns
[4661.472s][info ][safepoint      ] Safepoint "Cleanup", Time since last: 2000195263 ns, Reaching safepoint: 9600 ns, Cleanup: 19400 ns, At safepoint: 3200 ns, Total: 32200 ns
[4666.472s][info ][safepoint      ] Safepoint "Cleanup", Time since last: 5000443402 ns, Reaching safepoint: 11600 ns, Cleanup: 13801 ns, At safepoint: 3300 ns, Total: 28701 ns
[4670.811s][info ][gc,start       ] GC(92) Pause Young (Allocation Failure)
[4670.860s][debug][gc,phases      ] GC(92) Scavenge 48.225ms
[4670.860s][debug][gc,ref         ] GC(92) ReferenceProcessor::execute queues: 1, RefProcThreadModel::Single, marks_oops_alive: false
[4670.860s][debug][gc,ref         ] GC(92) Skipped KeepAliveFinalRefsPhase of Reference Processing: no references
[4670.860s][debug][gc,ref         ] GC(92) ReferenceProcessor::execute queues: 1, RefProcThreadModel::Single, marks_oops_alive: false
[4670.860s][debug][gc,phases      ] GC(92) Reference Processing 0.126ms
[4670.860s][debug][gc,phases      ] GC(92)   VM Weak                        Min:  0.0, Avg:  0.0, Max:  0.0, Diff:  0.0, Sum:  0.0, Workers: 4
[4670.860s][debug][gc,phases      ] GC(92)     Dead                           Min: 0, Avg:  0.0, Max: 0, Diff: 0, Sum: 0, Workers: 4
[4670.860s][debug][gc,phases      ] GC(92)     Total                          Min: 0, Avg: 260.2, Max: 640, Diff: 640, Sum: 1041, Workers: 4
[4670.860s][debug][gc,phases      ] GC(92)   ObjectSynchronizer Weak        Min:  0.0, Avg:  0.0, Max:  0.0, Diff:  0.0, Sum:  0.0, Workers: 4
[4670.860s][debug][gc,phases      ] GC(92)     Dead                           Min: 0, Avg:  0.0, Max: 0, Diff: 0, Sum: 0, Workers: 4
[4670.860s][debug][gc,phases      ] GC(92)     Total                          Min: 0, Avg:  1.2, Max: 5, Diff: 5, Sum: 5, Workers: 4
[4670.860s][debug][gc,phases      ] GC(92)   JVMTI Tag Weak OopStorage      Min:  0.0, Avg:  0.0, Max:  0.0, Diff:  0.0, Sum:  0.0, Workers: 4
[4670.860s][debug][gc,phases      ] GC(92)     Dead                           Min: 0, Avg:  0.0, Max: 0, Diff: 0, Sum: 0, Workers: 4
[4670.860s][debug][gc,phases      ] GC(92)     Total                          Min: 0, Avg:  0.0, Max: 0, Diff: 0, Sum: 0, Workers: 4
[4670.860s][debug][gc,phases      ] GC(92)   StringTable Weak               Min:  0.0, Avg:  0.1, Max:  0.3, Diff:  0.3, Sum:  0.6, Workers: 4
[4670.860s][debug][gc,phases      ] GC(92)     Dead                           Min: 0, Avg:  0.0, Max: 0, Diff: 0, Sum: 0, Workers: 4
[4670.860s][debug][gc,phases      ] GC(92)     Total                          Min: 0, Avg: 11955.5, Max: 25102, Diff: 25102, Sum: 47822, Workers: 4
[4670.860s][debug][gc,phases      ] GC(92)   ResolvedMethodTable Weak       Min:  0.0, Avg:  0.0, Max:  0.1, Diff:  0.1, Sum:  0.2, Workers: 4
[4670.860s][debug][gc,phases      ] GC(92)     Dead                           Min: 0, Avg:  0.0, Max: 0, Diff: 0, Sum: 0, Workers: 4
[4670.860s][debug][gc,phases      ] GC(92)     Total                          Min: 0, Avg: 3921.0, Max: 7959, Diff: 7959, Sum: 15684, Workers: 4
[4670.860s][debug][gc,phases      ] GC(92)   JNI Weak                       Min:  0.0, Avg:  0.0, Max:  0.0, Diff:  0.0, Sum:  0.0, Workers: 4
[4670.860s][debug][gc,phases      ] GC(92)     Dead                           Min: 0, Avg:  0.0, Max: 0, Diff: 0, Sum: 0, Workers: 4
[4670.860s][debug][gc,phases      ] GC(92)     Total                          Min: 0, Avg: 13.0, Max: 52, Diff: 52, Sum: 52, Workers: 4
[4670.860s][debug][gc,phases      ] GC(92)   StringDedup Table Weak         Min:  0.0, Avg:  0.0, Max:  0.0, Diff:  0.0, Sum:  0.0, Workers: 4
[4670.860s][debug][gc,phases      ] GC(92)     Dead                           Min: 0, Avg:  0.0, Max: 0, Diff: 0, Sum: 0, Workers: 4
[4670.860s][debug][gc,phases      ] GC(92)     Total                          Min: 0, Avg:  0.0, Max: 0, Diff: 0, Sum: 0, Workers: 4
[4670.860s][debug][gc,phases      ] GC(92)   StringDedup Requests0 Weak     Min:  0.0, Avg:  0.0, Max:  0.0, Diff:  0.0, Sum:  0.0, Workers: 4
[4670.860s][debug][gc,phases      ] GC(92)     Dead                           Min: 0, Avg:  0.0, Max: 0, Diff: 0, Sum: 0, Workers: 4
[4670.860s][debug][gc,phases      ] GC(92)     Total                          Min: 0, Avg:  0.0, Max: 0, Diff: 0, Sum: 0, Workers: 4
[4670.861s][debug][gc,phases      ] GC(92)   StringDedup Requests1 Weak     Min:  0.0, Avg:  0.0, Max:  0.0, Diff:  0.0, Sum:  0.0, Workers: 4
[4670.861s][debug][gc,phases      ] GC(92)     Dead                           Min: 0, Avg:  0.0, Max: 0, Diff: 0, Sum: 0, Workers: 4
[4670.861s][debug][gc,phases      ] GC(92)     Total                          Min: 0, Avg:  0.0, Max: 0, Diff: 0, Sum: 0, Workers: 4
[4670.861s][debug][gc,phases      ] GC(92)   Weak JFR Old Object Samples    Min:  0.0, Avg:  0.0, Max:  0.0, Diff:  0.0, Sum:  0.0, Workers: 4
[4670.861s][debug][gc,phases      ] GC(92)     Dead                           Min: 0, Avg:  0.0, Max: 0, Diff: 0, Sum: 0, Workers: 4
[4670.861s][debug][gc,phases      ] GC(92)     Total                          Min: 0, Avg:  0.0, Max: 0, Diff: 0, Sum: 0, Workers: 4
[4670.861s][debug][gc,phases      ] GC(92) Weak Processing 0.665ms
[4670.861s][debug][gc,age         ] GC(92) Desired survivor size 53477376 bytes, new threshold 1 (max threshold 15)
[4670.861s][info ][gc,heap        ] GC(92) PSYoungGen: 2036768K(2057728K)->39392K(2057216K) Eden: 2017792K(2017792K)->0K(2017792K) From: 18976K(39936K)->39392K(39424K)
[4670.861s][info ][gc,heap        ] GC(92) ParOldGen: 395123K(395264K)->411721K(412160K)
[4670.861s][info ][gc,metaspace   ] GC(92) Metaspace: 111161K(112576K)->111161K(112576K) NonClass: 94573K(95360K)->94573K(95360K) Class: 16588K(17216K)->16588K(17216K)
[4670.861s][info ][gc             ] GC(92) Pause Young (Allocation Failure) 2374M->440M(2411M) 49.196ms
[4670.861s][info ][gc,cpu         ] GC(92) User=0.06s Sys=0.02s Real=0.06s
[4670.861s][info ][safepoint      ] Safepoint "ParallelGCFailedAllocation", Time since last: 4338932719 ns, Reaching safepoint: 99501 ns, Cleanup: 4200 ns, At safepoint: 49295669 ns, Total: 49399370 ns
[4671.861s][info ][safepoint      ] Safepoint "Cleanup", Time since last: 1000106359 ns, Reaching safepoint: 11800 ns, Cleanup: 13700 ns, At safepoint: 3300 ns, Total: 28800 ns
[4673.861s][info ][safepoint      ] Safepoint "Cleanup", Time since last: 2000200317 ns, Reaching safepoint: 11300 ns, Cleanup: 13100 ns, At safepoint: 2800 ns, Total: 27200 ns
[4676.861s][info ][safepoint      ] Safepoint "Cleanup", Time since last: 3000283475 ns, Reaching safepoint: 12701 ns, Cleanup: 24600 ns, At safepoint: 3800 ns, Total: 41101 ns
[4680.862s][info ][safepoint      ] Safepoint "Cleanup", Time since last: 4000352625 ns, Reaching safepoint: 11000 ns, Cleanup: 17000 ns, At safepoint: 3200 ns, Total: 31200 ns
[4682.704s][info ][safepoint      ] Safepoint "Cleanup", Time since last: 1841887435 ns, Reaching safepoint: 102701 ns, Cleanup: 19201 ns, At safepoint: 8400 ns, Total: 130302 ns
[4696.705s][info ][safepoint      ] Safepoint "Cleanup", Time since last: 14001100634 ns, Reaching safepoint: 8500 ns, Cleanup: 9700 ns, At safepoint: 28300 ns, Total: 46500 ns
[4697.705s][info ][safepoint      ] Safepoint "Cleanup", Time since last: 1000126904 ns, Reaching safepoint: 86101 ns, Cleanup: 9700 ns, At safepoint: 6900 ns, Total: 102701 ns
[4699.705s][info ][safepoint      ] Safepoint "Cleanup", Time since last: 2000195506 ns, Reaching safepoint: 7600 ns, Cleanup: 9700 ns, At safepoint: 3000 ns, Total: 20300 ns
[4704.706s][info ][safepoint      ] Safepoint "Cleanup", Time since last: 5000427236 ns, Reaching safepoint: 8200 ns, Cleanup: 10600 ns, At safepoint: 2800 ns, Total: 21600 ns
[4705.706s][info ][safepoint      ] Safepoint "Cleanup", Time since last: 1000130454 ns, Reaching safepoint: 10500 ns, Cleanup: 16601 ns, At safepoint: 3200 ns, Total: 30301 ns
[4714.707s][info ][safepoint      ] Safepoint "Cleanup", Time since last: 9000693019 ns, Reaching safepoint: 10000 ns, Cleanup: 12600 ns, At safepoint: 3100 ns, Total: 25700 ns
[4715.707s][info ][safepoint      ] Safepoint "Cleanup", Time since last: 1000119446 ns, Reaching safepoint: 7700 ns, Cleanup: 11500 ns, At safepoint: 2800 ns, Total: 22000 ns
[4720.707s][info ][safepoint      ] Safepoint "Cleanup", Time since last: 5000419074 ns, Reaching safepoint: 8701 ns, Cleanup: 17800 ns, At safepoint: 2800 ns, Total: 29301 ns
[4722.708s][info ][safepoint      ] Safepoint "Cleanup", Time since last: 2000187761 ns, Reaching safepoint: 8100 ns, Cleanup: 14600 ns, At safepoint: 29700 ns, Total: 52400 ns
[4724.708s][info ][safepoint      ] Safepoint "Cleanup", Time since last: 2000179585 ns, Reaching safepoint: 8700 ns, Cleanup: 23100 ns, At safepoint: 2700 ns, Total: 34500 ns
[4728.751s][info ][gc,start       ] GC(93) Pause Young (Allocation Failure)
[4728.774s][debug][gc,phases      ] GC(93) Scavenge 22.996ms
[4728.774s][debug][gc,ref         ] GC(93) ReferenceProcessor::execute queues: 1, RefProcThreadModel::Single, marks_oops_alive: false
[4728.774s][debug][gc,ref         ] GC(93) Skipped KeepAliveFinalRefsPhase of Reference Processing: no references
[4728.774s][debug][gc,ref         ] GC(93) Skipped PhantomRefsPhase of Reference Processing: no references
[4728.774s][debug][gc,phases      ] GC(93) Reference Processing 0.117ms
[4728.774s][debug][gc,phases      ] GC(93)   VM Weak                        Min:  0.0, Avg:  0.0, Max:  0.0, Diff:  0.0, Sum:  0.0, Workers: 4
[4728.774s][debug][gc,phases      ] GC(93)     Dead                           Min: 0, Avg:  0.0, Max: 0, Diff: 0, Sum: 0, Workers: 4
[4728.774s][debug][gc,phases      ] GC(93)     Total                          Min: 0, Avg: 260.2, Max: 640, Diff: 640, Sum: 1041, Workers: 4
[4728.774s][debug][gc,phases      ] GC(93)   ObjectSynchronizer Weak        Min:  0.0, Avg:  0.0, Max:  0.0, Diff:  0.0, Sum:  0.0, Workers: 4
[4728.774s][debug][gc,phases      ] GC(93)     Dead                           Min: 0, Avg:  0.0, Max: 0, Diff: 0, Sum: 0, Workers: 4
[4728.774s][debug][gc,phases      ] GC(93)     Total                          Min: 0, Avg:  1.0, Max: 4, Diff: 4, Sum: 4, Workers: 4
[4728.774s][debug][gc,phases      ] GC(93)   JVMTI Tag Weak OopStorage      Min:  0.0, Avg:  0.0, Max:  0.0, Diff:  0.0, Sum:  0.0, Workers: 4
[4728.774s][debug][gc,phases      ] GC(93)     Dead                           Min: 0, Avg:  0.0, Max: 0, Diff: 0, Sum: 0, Workers: 4
[4728.774s][debug][gc,phases      ] GC(93)     Total                          Min: 0, Avg:  0.0, Max: 0, Diff: 0, Sum: 0, Workers: 4
[4728.774s][debug][gc,phases      ] GC(93)   StringTable Weak               Min:  0.0, Avg:  0.1, Max:  0.2, Diff:  0.2, Sum:  0.5, Workers: 4
[4728.774s][debug][gc,phases      ] GC(93)     Dead                           Min: 0, Avg:  0.0, Max: 0, Diff: 0, Sum: 0, Workers: 4
[4728.774s][debug][gc,phases      ] GC(93)     Total                          Min: 0, Avg: 11955.8, Max: 18304, Diff: 18304, Sum: 47823, Workers: 4
[4728.774s][debug][gc,phases      ] GC(93)   ResolvedMethodTable Weak       Min:  0.0, Avg:  0.0, Max:  0.1, Diff:  0.1, Sum:  0.2, Workers: 4
[4728.774s][debug][gc,phases      ] GC(93)     Dead                           Min: 0, Avg:  4.0, Max: 9, Diff: 9, Sum: 16, Workers: 4
[4728.774s][debug][gc,phases      ] GC(93)     Total                          Min: 0, Avg: 3921.0, Max: 5857, Diff: 5857, Sum: 15684, Workers: 4
[4728.774s][debug][gc,phases      ] GC(93)   JNI Weak                       Min:  0.0, Avg:  0.0, Max:  0.0, Diff:  0.0, Sum:  0.0, Workers: 4
[4728.774s][debug][gc,phases      ] GC(93)     Dead                           Min: 0, Avg:  0.0, Max: 0, Diff: 0, Sum: 0, Workers: 4
[4728.774s][debug][gc,phases      ] GC(93)     Total                          Min: 0, Avg: 13.0, Max: 52, Diff: 52, Sum: 52, Workers: 4
[4728.774s][debug][gc,phases      ] GC(93)   StringDedup Table Weak         Min:  0.0, Avg:  0.0, Max:  0.0, Diff:  0.0, Sum:  0.0, Workers: 4
[4728.774s][debug][gc,phases      ] GC(93)     Dead                           Min: 0, Avg:  0.0, Max: 0, Diff: 0, Sum: 0, Workers: 4
[4728.774s][debug][gc,phases      ] GC(93)     Total                          Min: 0, Avg:  0.0, Max: 0, Diff: 0, Sum: 0, Workers: 4
[4728.774s][debug][gc,phases      ] GC(93)   StringDedup Requests0 Weak     Min:  0.0, Avg:  0.0, Max:  0.0, Diff:  0.0, Sum:  0.0, Workers: 4
[4728.774s][debug][gc,phases      ] GC(93)     Dead                           Min: 0, Avg:  0.0, Max: 0, Diff: 0, Sum: 0, Workers: 4
[4728.774s][debug][gc,phases      ] GC(93)     Total                          Min: 0, Avg:  0.0, Max: 0, Diff: 0, Sum: 0, Workers: 4
[4728.774s][debug][gc,phases      ] GC(93)   StringDedup Requests1 Weak     Min:  0.0, Avg:  0.0, Max:  0.0, Diff:  0.0, Sum:  0.0, Workers: 4
[4728.774s][debug][gc,phases      ] GC(93)     Dead                           Min: 0, Avg:  0.0, Max: 0, Diff: 0, Sum: 0, Workers: 4
[4728.774s][debug][gc,phases      ] GC(93)     Total                          Min: 0, Avg:  0.0, Max: 0, Diff: 0, Sum: 0, Workers: 4
[4728.774s][debug][gc,phases      ] GC(93)   Weak JFR Old Object Samples    Min:  0.0, Avg:  0.0, Max:  0.0, Diff:  0.0, Sum:  0.0, Workers: 4
[4728.774s][debug][gc,phases      ] GC(93)     Dead                           Min: 0, Avg:  0.0, Max: 0, Diff: 0, Sum: 0, Workers: 4
[4728.774s][debug][gc,phases      ] GC(93)     Total                          Min: 0, Avg:  0.0, Max: 0, Diff: 0, Sum: 0, Workers: 4
[4728.774s][debug][gc,phases      ] GC(93) Weak Processing 0.467ms
[4728.774s][debug][gc,age         ] GC(93) Desired survivor size 51904512 bytes, new threshold 1 (max threshold 15)
[4728.774s][info ][gc,heap        ] GC(93) PSYoungGen: 2057184K(2057216K)->8032K(2035712K) Eden: 2017792K(2017792K)->0K(1995776K) From: 39392K(39424K)->8032K(39936K)
[4728.774s][info ][gc,heap        ] GC(93) ParOldGen: 411721K(412160K)->449545K(450048K)
[4728.774s][info ][gc,metaspace   ] GC(93) Metaspace: 111174K(112576K)->111174K(112576K) NonClass: 94586K(95360K)->94586K(95360K) Class: 16588K(17216K)->16588K(17216K)
[4728.774s][info ][gc             ] GC(93) Pause Young (Allocation Failure) 2411M->446M(2427M) 23.726ms
[4728.774s][info ][gc,cpu         ] GC(93) User=0.06s Sys=0.02s Real=0.03s
[4728.774s][info ][safepoint      ] Safepoint "ParallelGCFailedAllocation", Time since last: 4042780968 ns, Reaching safepoint: 10500 ns, Cleanup: 4500 ns, At safepoint: 23810547 ns, Total: 23825547 ns
[4738.775s][info ][safepoint      ] Safepoint "Cleanup", Time since last: 10000733197 ns, Reaching safepoint: 9900 ns, Cleanup: 13400 ns, At safepoint: 3000 ns, Total: 26300 ns
[4753.722s][info ][safepoint      ] Safepoint "Cleanup", Time since last: 14946655213 ns, Reaching safepoint: 8400 ns, Cleanup: 12900 ns, At safepoint: 28100 ns, Total: 49400 ns
[4781.724s][info ][safepoint      ] Safepoint "Cleanup", Time since last: 28002015094 ns, Reaching safepoint: 8500 ns, Cleanup: 11100 ns, At safepoint: 2800 ns, Total: 22400 ns
[4786.724s][info ][safepoint      ] Safepoint "Cleanup", Time since last: 5000394174 ns, Reaching safepoint: 8100 ns, Cleanup: 16301 ns, At safepoint: 2500 ns, Total: 26901 ns
[4789.725s][info ][safepoint      ] Safepoint "Cleanup", Time since last: 3000258076 ns, Reaching safepoint: 8400 ns, Cleanup: 10800 ns, At safepoint: 2600 ns, Total: 21800 ns
[4793.600s][info ][gc,start       ] GC(94) Pause Young (Allocation Failure)
[4793.607s][debug][gc,phases      ] GC(94) Scavenge 6.592ms
[4793.607s][debug][gc,ref         ] GC(94) ReferenceProcessor::execute queues: 1, RefProcThreadModel::Single, marks_oops_alive: false
[4793.607s][debug][gc,ref         ] GC(94) Skipped KeepAliveFinalRefsPhase of Reference Processing: no references
[4793.607s][debug][gc,ref         ] GC(94) Skipped PhantomRefsPhase of Reference Processing: no references
[4793.607s][debug][gc,phases      ] GC(94) Reference Processing 0.133ms
[4793.607s][debug][gc,phases      ] GC(94)   VM Weak                        Min:  0.0, Avg:  0.0, Max:  0.0, Diff:  0.0, Sum:  0.0, Workers: 4
[4793.608s][debug][gc,phases      ] GC(94)     Dead                           Min: 0, Avg:  0.0, Max: 0, Diff: 0, Sum: 0, Workers: 4
[4793.608s][debug][gc,phases      ] GC(94)     Total                          Min: 0, Avg: 260.2, Max: 640, Diff: 640, Sum: 1041, Workers: 4
[4793.608s][debug][gc,phases      ] GC(94)   ObjectSynchronizer Weak        Min:  0.0, Avg:  0.0, Max:  0.0, Diff:  0.0, Sum:  0.0, Workers: 4
[4793.608s][debug][gc,phases      ] GC(94)     Dead                           Min: 0, Avg:  0.0, Max: 0, Diff: 0, Sum: 0, Workers: 4
[4793.608s][debug][gc,phases      ] GC(94)     Total                          Min: 0, Avg:  1.0, Max: 4, Diff: 4, Sum: 4, Workers: 4
[4793.608s][debug][gc,phases      ] GC(94)   JVMTI Tag Weak OopStorage      Min:  0.0, Avg:  0.0, Max:  0.0, Diff:  0.0, Sum:  0.0, Workers: 4
[4793.608s][debug][gc,phases      ] GC(94)     Dead                           Min: 0, Avg:  0.0, Max: 0, Diff: 0, Sum: 0, Workers: 4
[4793.608s][debug][gc,phases      ] GC(94)     Total                          Min: 0, Avg:  0.0, Max: 0, Diff: 0, Sum: 0, Workers: 4
[4793.608s][debug][gc,phases      ] GC(94)   StringTable Weak               Min:  0.0, Avg:  0.1, Max:  0.2, Diff:  0.2, Sum:  0.5, Workers: 4
[4793.608s][debug][gc,phases      ] GC(94)     Dead                           Min: 0, Avg:  0.0, Max: 0, Diff: 0, Sum: 0, Workers: 4
[4793.608s][debug][gc,phases      ] GC(94)     Total                          Min: 0, Avg: 11955.8, Max: 17216, Diff: 17216, Sum: 47823, Workers: 4
[4793.608s][debug][gc,phases      ] GC(94)   ResolvedMethodTable Weak       Min:  0.0, Avg:  0.0, Max:  0.1, Diff:  0.1, Sum:  0.2, Workers: 4
[4793.608s][debug][gc,phases      ] GC(94)     Dead                           Min: 0, Avg:  4.0, Max: 11, Diff: 11, Sum: 16, Workers: 4
[4793.608s][debug][gc,phases      ] GC(94)     Total                          Min: 0, Avg: 3921.0, Max: 5831, Diff: 5831, Sum: 15684, Workers: 4
[4793.608s][debug][gc,phases      ] GC(94)   JNI Weak                       Min:  0.0, Avg:  0.0, Max:  0.0, Diff:  0.0, Sum:  0.0, Workers: 4
[4793.608s][debug][gc,phases      ] GC(94)     Dead                           Min: 0, Avg:  0.0, Max: 0, Diff: 0, Sum: 0, Workers: 4
[4793.608s][debug][gc,phases      ] GC(94)     Total                          Min: 0, Avg: 13.0, Max: 52, Diff: 52, Sum: 52, Workers: 4
[4793.608s][debug][gc,phases      ] GC(94)   StringDedup Table Weak         Min:  0.0, Avg:  0.0, Max:  0.0, Diff:  0.0, Sum:  0.0, Workers: 4
[4793.608s][debug][gc,phases      ] GC(94)     Dead                           Min: 0, Avg:  0.0, Max: 0, Diff: 0, Sum: 0, Workers: 4
[4793.608s][debug][gc,phases      ] GC(94)     Total                          Min: 0, Avg:  0.0, Max: 0, Diff: 0, Sum: 0, Workers: 4
[4793.608s][debug][gc,phases      ] GC(94)   StringDedup Requests0 Weak     Min:  0.0, Avg:  0.0, Max:  0.0, Diff:  0.0, Sum:  0.0, Workers: 4
[4793.608s][debug][gc,phases      ] GC(94)     Dead                           Min: 0, Avg:  0.0, Max: 0, Diff: 0, Sum: 0, Workers: 4
[4793.608s][debug][gc,phases      ] GC(94)     Total                          Min: 0, Avg:  0.0, Max: 0, Diff: 0, Sum: 0, Workers: 4
[4793.608s][debug][gc,phases      ] GC(94)   StringDedup Requests1 Weak     Min:  0.0, Avg:  0.0, Max:  0.0, Diff:  0.0, Sum:  0.0, Workers: 4
[4793.608s][debug][gc,phases      ] GC(94)     Dead                           Min: 0, Avg:  0.0, Max: 0, Diff: 0, Sum: 0, Workers: 4
[4793.608s][debug][gc,phases      ] GC(94)     Total                          Min: 0, Avg:  0.0, Max: 0, Diff: 0, Sum: 0, Workers: 4
[4793.608s][debug][gc,phases      ] GC(94)   Weak JFR Old Object Samples    Min:  0.0, Avg:  0.0, Max:  0.0, Diff:  0.0, Sum:  0.0, Workers: 4
[4793.608s][debug][gc,phases      ] GC(94)     Dead                           Min: 0, Avg:  0.0, Max: 0, Diff: 0, Sum: 0, Workers: 4
[4793.608s][debug][gc,phases      ] GC(94)     Total                          Min: 0, Avg:  0.0, Max: 0, Diff: 0, Sum: 0, Workers: 4
[4793.608s][debug][gc,phases      ] GC(94) Weak Processing 0.453ms
[4793.608s][debug][gc,age         ] GC(94) Desired survivor size 50855936 bytes, new threshold 1 (max threshold 15)
[4793.608s][info ][gc,heap        ] GC(94) PSYoungGen: 2003808K(2035712K)->4816K(2046464K) Eden: 1995776K(1995776K)->0K(1995776K) From: 8032K(39936K)->4816K(50688K)
[4793.608s][info ][gc,heap        ] GC(94) ParOldGen: 449545K(450048K)->453953K(454144K)
[4793.608s][info ][gc,metaspace   ] GC(94) Metaspace: 111180K(112576K)->111180K(112576K) NonClass: 94592K(95360K)->94592K(95360K) Class: 16588K(17216K)->16588K(17216K)
[4793.608s][info ][gc             ] GC(94) Pause Young (Allocation Failure) 2395M->448M(2442M) 7.341ms
[4793.608s][info ][gc,cpu         ] GC(94) User=0.01s Sys=0.01s Real=0.00s
[4793.608s][info ][safepoint      ] Safepoint "ParallelGCFailedAllocation", Time since last: 3875741988 ns, Reaching safepoint: 81101 ns, Cleanup: 8500 ns, At safepoint: 7435274 ns, Total: 7524875 ns
[4813.739s][info ][safepoint      ] Safepoint "Cleanup", Time since last: 20131510967 ns, Reaching safepoint: 8800 ns, Cleanup: 18300 ns, At safepoint: 2600 ns, Total: 29700 ns
[4826.740s][info ][safepoint      ] Safepoint "Cleanup", Time since last: 13000999899 ns, Reaching safepoint: 10400 ns, Cleanup: 17200 ns, At safepoint: 2500 ns, Total: 30100 ns
[4831.741s][info ][safepoint      ] Safepoint "Cleanup", Time since last: 5000410809 ns, Reaching safepoint: 8900 ns, Cleanup: 11201 ns, At safepoint: 2900 ns, Total: 23001 ns
[4864.406s][info ][gc,start       ] GC(95) Pause Young (Allocation Failure)
[4864.410s][debug][gc,phases      ] GC(95) Scavenge 3.657ms
[4864.410s][debug][gc,ref         ] GC(95) ReferenceProcessor::execute queues: 1, RefProcThreadModel::Single, marks_oops_alive: false
[4864.410s][debug][gc,ref         ] GC(95) Skipped KeepAliveFinalRefsPhase of Reference Processing: no references
[4864.410s][debug][gc,ref         ] GC(95) ReferenceProcessor::execute queues: 1, RefProcThreadModel::Single, marks_oops_alive: false
[4864.410s][debug][gc,phases      ] GC(95) Reference Processing 0.115ms
[4864.410s][debug][gc,phases      ] GC(95)   VM Weak                        Min:  0.0, Avg:  0.0, Max:  0.0, Diff:  0.0, Sum:  0.0, Workers: 4
[4864.410s][debug][gc,phases      ] GC(95)     Dead                           Min: 0, Avg:  0.0, Max: 0, Diff: 0, Sum: 0, Workers: 4
[4864.410s][debug][gc,phases      ] GC(95)     Total                          Min: 0, Avg: 260.2, Max: 529, Diff: 529, Sum: 1041, Workers: 4
[4864.410s][debug][gc,phases      ] GC(95)   ObjectSynchronizer Weak        Min:  0.0, Avg:  0.0, Max:  0.0, Diff:  0.0, Sum:  0.0, Workers: 4
[4864.410s][debug][gc,phases      ] GC(95)     Dead                           Min: 0, Avg:  0.0, Max: 0, Diff: 0, Sum: 0, Workers: 4
[4864.410s][debug][gc,phases      ] GC(95)     Total                          Min: 0, Avg:  0.8, Max: 3, Diff: 3, Sum: 3, Workers: 4
[4864.410s][debug][gc,phases      ] GC(95)   JVMTI Tag Weak OopStorage      Min:  0.0, Avg:  0.0, Max:  0.0, Diff:  0.0, Sum:  0.0, Workers: 4
[4864.410s][debug][gc,phases      ] GC(95)     Dead                           Min: 0, Avg:  0.0, Max: 0, Diff: 0, Sum: 0, Workers: 4
[4864.410s][debug][gc,phases      ] GC(95)     Total                          Min: 0, Avg:  0.0, Max: 0, Diff: 0, Sum: 0, Workers: 4
[4864.410s][debug][gc,phases      ] GC(95)   StringTable Weak               Min:  0.0, Avg:  0.1, Max:  0.2, Diff:  0.2, Sum:  0.5, Workers: 4
[4864.410s][debug][gc,phases      ] GC(95)     Dead                           Min: 0, Avg:  0.0, Max: 0, Diff: 0, Sum: 0, Workers: 4
[4864.410s][debug][gc,phases      ] GC(95)     Total                          Min: 0, Avg: 11955.8, Max: 17295, Diff: 17295, Sum: 47823, Workers: 4
[4864.410s][debug][gc,phases      ] GC(95)   ResolvedMethodTable Weak       Min:  0.0, Avg:  0.0, Max:  0.1, Diff:  0.1, Sum:  0.2, Workers: 4
[4864.410s][debug][gc,phases      ] GC(95)     Dead                           Min: 0, Avg:  4.0, Max: 16, Diff: 16, Sum: 16, Workers: 4
[4864.410s][debug][gc,phases      ] GC(95)     Total                          Min: 0, Avg: 3921.0, Max: 5769, Diff: 5769, Sum: 15684, Workers: 4
[4864.410s][debug][gc,phases      ] GC(95)   JNI Weak                       Min:  0.0, Avg:  0.0, Max:  0.0, Diff:  0.0, Sum:  0.0, Workers: 4
[4864.410s][debug][gc,phases      ] GC(95)     Dead                           Min: 0, Avg:  0.0, Max: 0, Diff: 0, Sum: 0, Workers: 4
[4864.410s][debug][gc,phases      ] GC(95)     Total                          Min: 0, Avg: 13.0, Max: 52, Diff: 52, Sum: 52, Workers: 4
[4864.410s][debug][gc,phases      ] GC(95)   StringDedup Table Weak         Min:  0.0, Avg:  0.0, Max:  0.0, Diff:  0.0, Sum:  0.0, Workers: 4
[4864.410s][debug][gc,phases      ] GC(95)     Dead                           Min: 0, Avg:  0.0, Max: 0, Diff: 0, Sum: 0, Workers: 4
[4864.410s][debug][gc,phases      ] GC(95)     Total                          Min: 0, Avg:  0.0, Max: 0, Diff: 0, Sum: 0, Workers: 4
[4864.410s][debug][gc,phases      ] GC(95)   StringDedup Requests0 Weak     Min:  0.0, Avg:  0.0, Max:  0.0, Diff:  0.0, Sum:  0.0, Workers: 4
[4864.410s][debug][gc,phases      ] GC(95)     Dead                           Min: 0, Avg:  0.0, Max: 0, Diff: 0, Sum: 0, Workers: 4
[4864.410s][debug][gc,phases      ] GC(95)     Total                          Min: 0, Avg:  0.0, Max: 0, Diff: 0, Sum: 0, Workers: 4
[4864.410s][debug][gc,phases      ] GC(95)   StringDedup Requests1 Weak     Min:  0.0, Avg:  0.0, Max:  0.0, Diff:  0.0, Sum:  0.0, Workers: 4
[4864.410s][debug][gc,phases      ] GC(95)     Dead                           Min: 0, Avg:  0.0, Max: 0, Diff: 0, Sum: 0, Workers: 4
[4864.410s][debug][gc,phases      ] GC(95)     Total                          Min: 0, Avg:  0.0, Max: 0, Diff: 0, Sum: 0, Workers: 4
[4864.410s][debug][gc,phases      ] GC(95)   Weak JFR Old Object Samples    Min:  0.0, Avg:  0.0, Max:  0.0, Diff:  0.0, Sum:  0.0, Workers: 4
[4864.410s][debug][gc,phases      ] GC(95)     Dead                           Min: 0, Avg:  0.0, Max: 0, Diff: 0, Sum: 0, Workers: 4
[4864.410s][debug][gc,phases      ] GC(95)     Total                          Min: 0, Avg:  0.0, Max: 0, Diff: 0, Sum: 0, Workers: 4
[4864.410s][debug][gc,phases      ] GC(95) Weak Processing 0.451ms
[4864.410s][debug][gc,age         ] GC(95) Desired survivor size 49807360 bytes, new threshold 1 (max threshold 15)
[4864.410s][info ][gc,heap        ] GC(95) PSYoungGen: 2000592K(2046464K)->3785K(2048512K) Eden: 1995776K(1995776K)->0K(1998848K) From: 4816K(50688K)->3785K(49664K)
[4864.410s][info ][gc,heap        ] GC(95) ParOldGen: 453953K(454144K)->456522K(456704K)
[4864.410s][info ][gc,metaspace   ] GC(95) Metaspace: 111186K(112576K)->111186K(112576K) NonClass: 94597K(95360K)->94597K(95360K) Class: 16588K(17216K)->16588K(17216K)
[4864.410s][info ][gc             ] GC(95) Pause Young (Allocation Failure) 2397M->449M(2446M) 4.369ms
[4864.410s][info ][gc,cpu         ] GC(95) User=0.02s Sys=0.00s Real=0.00s
[4864.411s][info ][safepoint      ] Safepoint "ParallelGCFailedAllocation", Time since last: 32665234220 ns, Reaching safepoint: 8700 ns, Cleanup: 4300 ns, At safepoint: 4473042 ns, Total: 4486042 ns
[4869.411s][info ][safepoint      ] Safepoint "Cleanup", Time since last: 5000372693 ns, Reaching safepoint: 8200 ns, Cleanup: 9400 ns, At safepoint: 3100 ns, Total: 20700 ns
[4871.411s][info ][safepoint      ] Safepoint "Cleanup", Time since last: 2000180846 ns, Reaching safepoint: 8100 ns, Cleanup: 11200 ns, At safepoint: 2700 ns, Total: 22000 ns
[4877.412s][info ][safepoint      ] Safepoint "Cleanup", Time since last: 6000449163 ns, Reaching safepoint: 6500 ns, Cleanup: 13800 ns, At safepoint: 2700 ns, Total: 23000 ns
[4878.412s][info ][safepoint      ] Safepoint "Cleanup", Time since last: 1000107294 ns, Reaching safepoint: 7200 ns, Cleanup: 40800 ns, At safepoint: 2800 ns, Total: 50800 ns
[4884.412s][info ][safepoint      ] Safepoint "Cleanup", Time since last: 6000440713 ns, Reaching safepoint: 7701 ns, Cleanup: 9000 ns, At safepoint: 2600 ns, Total: 19301 ns
[4890.413s][info ][safepoint      ] Safepoint "Cleanup", Time since last: 6000458422 ns, Reaching safepoint: 8401 ns, Cleanup: 10502 ns, At safepoint: 3300 ns, Total: 22203 ns
[4899.413s][info ][safepoint      ] Safepoint "Cleanup", Time since last: 9000687422 ns, Reaching safepoint: 9000 ns, Cleanup: 10800 ns, At safepoint: 31500 ns, Total: 51300 ns
[4916.415s][info ][safepoint      ] Safepoint "Cleanup", Time since last: 17001273023 ns, Reaching safepoint: 8100 ns, Cleanup: 8501 ns, At safepoint: 2900 ns, Total: 19501 ns
[4922.774s][info ][safepoint      ] Safepoint "Cleanup", Time since last: 6359622011 ns, Reaching safepoint: 10601 ns, Cleanup: 12501 ns, At safepoint: 2900 ns, Total: 26002 ns
[4924.381s][info ][gc,start       ] GC(96) Pause Young (Allocation Failure)
[4924.389s][debug][gc,phases      ] GC(96) Scavenge 8.246ms
[4924.389s][debug][gc,ref         ] GC(96) ReferenceProcessor::execute queues: 1, RefProcThreadModel::Single, marks_oops_alive: false
[4924.389s][debug][gc,ref         ] GC(96) Skipped KeepAliveFinalRefsPhase of Reference Processing: no references
[4924.389s][debug][gc,ref         ] GC(96) ReferenceProcessor::execute queues: 1, RefProcThreadModel::Single, marks_oops_alive: false
[4924.389s][debug][gc,phases      ] GC(96) Reference Processing 0.150ms
[4924.390s][debug][gc,phases      ] GC(96)   VM Weak                        Min:  0.0, Avg:  0.0, Max:  0.0, Diff:  0.0, Sum:  0.0, Workers: 4
[4924.390s][debug][gc,phases      ] GC(96)     Dead                           Min: 0, Avg:  0.0, Max: 0, Diff: 0, Sum: 0, Workers: 4
[4924.390s][debug][gc,phases      ] GC(96)     Total                          Min: 0, Avg: 260.2, Max: 640, Diff: 640, Sum: 1041, Workers: 4
[4924.390s][debug][gc,phases      ] GC(96)   ObjectSynchronizer Weak        Min:  0.0, Avg:  0.0, Max:  0.0, Diff:  0.0, Sum:  0.0, Workers: 4
[4924.390s][debug][gc,phases      ] GC(96)     Dead                           Min: 0, Avg:  0.0, Max: 0, Diff: 0, Sum: 0, Workers: 4
[4924.390s][debug][gc,phases      ] GC(96)     Total                          Min: 0, Avg:  0.8, Max: 3, Diff: 3, Sum: 3, Workers: 4
[4924.390s][debug][gc,phases      ] GC(96)   JVMTI Tag Weak OopStorage      Min:  0.0, Avg:  0.0, Max:  0.0, Diff:  0.0, Sum:  0.0, Workers: 4
[4924.390s][debug][gc,phases      ] GC(96)     Dead                           Min: 0, Avg:  0.0, Max: 0, Diff: 0, Sum: 0, Workers: 4
[4924.390s][debug][gc,phases      ] GC(96)     Total                          Min: 0, Avg:  0.0, Max: 0, Diff: 0, Sum: 0, Workers: 4
[4924.390s][debug][gc,phases      ] GC(96)   StringTable Weak               Min:  0.0, Avg:  0.1, Max:  0.2, Diff:  0.2, Sum:  0.5, Workers: 4
[4924.390s][debug][gc,phases      ] GC(96)     Dead                           Min: 0, Avg:  0.0, Max: 0, Diff: 0, Sum: 0, Workers: 4
[4924.390s][debug][gc,phases      ] GC(96)     Total                          Min: 0, Avg: 11957.2, Max: 17493, Diff: 17493, Sum: 47829, Workers: 4
[4924.390s][debug][gc,phases      ] GC(96)   ResolvedMethodTable Weak       Min:  0.0, Avg:  0.0, Max:  0.1, Diff:  0.1, Sum:  0.2, Workers: 4
[4924.390s][debug][gc,phases      ] GC(96)     Dead                           Min: 0, Avg:  4.0, Max: 7, Diff: 7, Sum: 16, Workers: 4
[4924.390s][debug][gc,phases      ] GC(96)     Total                          Min: 0, Avg: 3921.0, Max: 5768, Diff: 5768, Sum: 15684, Workers: 4
[4924.390s][debug][gc,phases      ] GC(96)   JNI Weak                       Min:  0.0, Avg:  0.0, Max:  0.0, Diff:  0.0, Sum:  0.0, Workers: 4
[4924.390s][debug][gc,phases      ] GC(96)     Dead                           Min: 0, Avg:  0.0, Max: 0, Diff: 0, Sum: 0, Workers: 4
[4924.390s][debug][gc,phases      ] GC(96)     Total                          Min: 0, Avg: 13.0, Max: 52, Diff: 52, Sum: 52, Workers: 4
[4924.390s][debug][gc,phases      ] GC(96)   StringDedup Table Weak         Min:  0.0, Avg:  0.0, Max:  0.0, Diff:  0.0, Sum:  0.0, Workers: 4
[4924.390s][debug][gc,phases      ] GC(96)     Dead                           Min: 0, Avg:  0.0, Max: 0, Diff: 0, Sum: 0, Workers: 4
[4924.390s][debug][gc,phases      ] GC(96)     Total                          Min: 0, Avg:  0.0, Max: 0, Diff: 0, Sum: 0, Workers: 4
[4924.390s][debug][gc,phases      ] GC(96)   StringDedup Requests0 Weak     Min:  0.0, Avg:  0.0, Max:  0.0, Diff:  0.0, Sum:  0.0, Workers: 4
[4924.390s][debug][gc,phases      ] GC(96)     Dead                           Min: 0, Avg:  0.0, Max: 0, Diff: 0, Sum: 0, Workers: 4
[4924.390s][debug][gc,phases      ] GC(96)     Total                          Min: 0, Avg:  0.0, Max: 0, Diff: 0, Sum: 0, Workers: 4
[4924.390s][debug][gc,phases      ] GC(96)   StringDedup Requests1 Weak     Min:  0.0, Avg:  0.0, Max:  0.0, Diff:  0.0, Sum:  0.0, Workers: 4
[4924.390s][debug][gc,phases      ] GC(96)     Dead                           Min: 0, Avg:  0.0, Max: 0, Diff: 0, Sum: 0, Workers: 4
[4924.390s][debug][gc,phases      ] GC(96)     Total                          Min: 0, Avg:  0.0, Max: 0, Diff: 0, Sum: 0, Workers: 4
[4924.390s][debug][gc,phases      ] GC(96)   Weak JFR Old Object Samples    Min:  0.0, Avg:  0.0, Max:  0.0, Diff:  0.0, Sum:  0.0, Workers: 4
[4924.390s][debug][gc,phases      ] GC(96)     Dead                           Min: 0, Avg:  0.0, Max: 0, Diff: 0, Sum: 0, Workers: 4
[4924.390s][debug][gc,phases      ] GC(96)     Total                          Min: 0, Avg:  0.0, Max: 0, Diff: 0, Sum: 0, Workers: 4
[4924.390s][debug][gc,phases      ] GC(96) Weak Processing 0.523ms
[4924.390s][debug][gc,age         ] GC(96) Desired survivor size 47185920 bytes, new threshold 1 (max threshold 15)
[4924.390s][info ][gc,heap        ] GC(96) PSYoungGen: 2002633K(2048512K)->10593K(2047488K) Eden: 1998848K(1998848K)->0K(1998848K) From: 3785K(49664K)->10593K(48640K)
[4924.390s][info ][gc,heap        ] GC(96) ParOldGen: 456522K(456704K)->457340K(457728K)
[4924.390s][info ][gc,metaspace   ] GC(96) Metaspace: 111200K(112576K)->111200K(112576K) NonClass: 94612K(95360K)->94612K(95360K) Class: 16588K(17216K)->16588K(17216K)
[4924.390s][info ][gc             ] GC(96) Pause Young (Allocation Failure) 2401M->456M(2446M) 9.093ms
[4924.390s][info ][gc,cpu         ] GC(96) User=0.03s Sys=0.00s Real=0.00s
[4924.390s][info ][safepoint      ] Safepoint "ParallelGCFailedAllocation", Time since last: 1606359710 ns, Reaching safepoint: 82106 ns, Cleanup: 4201 ns, At safepoint: 9193478 ns, Total: 9279785 ns
[4941.391s][info ][safepoint      ] Safepoint "Cleanup", Time since last: 17001262178 ns, Reaching safepoint: 7700 ns, Cleanup: 12501 ns, At safepoint: 3000 ns, Total: 23201 ns
[4948.392s][info ][safepoint      ] Safepoint "Cleanup", Time since last: 7000584976 ns, Reaching safepoint: 8800 ns, Cleanup: 50904 ns, At safepoint: 2900 ns, Total: 62604 ns
[4949.153s][info ][safepoint      ] Safepoint "ICBufferFull", Time since last: 760540602 ns, Reaching safepoint: 5801 ns, Cleanup: 145810 ns, At safepoint: 6901 ns, Total: 158512 ns
[4949.509s][info ][safepoint      ] Safepoint "ICBufferFull", Time since last: 356208536 ns, Reaching safepoint: 9100 ns, Cleanup: 154612 ns, At safepoint: 7100 ns, Total: 170812 ns
[4950.458s][info ][gc,start       ] GC(97) Pause Young (Allocation Failure)
[4950.484s][debug][gc,phases      ] GC(97) Scavenge 25.969ms
[4950.484s][debug][gc,ref         ] GC(97) ReferenceProcessor::execute queues: 1, RefProcThreadModel::Single, marks_oops_alive: false
[4950.484s][debug][gc,ref         ] GC(97) Skipped KeepAliveFinalRefsPhase of Reference Processing: no references
[4950.484s][debug][gc,ref         ] GC(97) ReferenceProcessor::execute queues: 1, RefProcThreadModel::Single, marks_oops_alive: false
[4950.484s][debug][gc,phases      ] GC(97) Reference Processing 0.120ms
[4950.485s][debug][gc,phases      ] GC(97)   VM Weak                        Min:  0.0, Avg:  0.0, Max:  0.0, Diff:  0.0, Sum:  0.0, Workers: 4
[4950.485s][debug][gc,phases      ] GC(97)     Dead                           Min: 0, Avg:  0.0, Max: 0, Diff: 0, Sum: 0, Workers: 4
[4950.485s][debug][gc,phases      ] GC(97)     Total                          Min: 0, Avg: 260.2, Max: 593, Diff: 593, Sum: 1041, Workers: 4
[4950.485s][debug][gc,phases      ] GC(97)   ObjectSynchronizer Weak        Min:  0.0, Avg:  0.0, Max:  0.0, Diff:  0.0, Sum:  0.0, Workers: 4
[4950.485s][debug][gc,phases      ] GC(97)     Dead                           Min: 0, Avg:  0.5, Max: 2, Diff: 2, Sum: 2, Workers: 4
[4950.485s][debug][gc,phases      ] GC(97)     Total                          Min: 0, Avg:  1.8, Max: 7, Diff: 7, Sum: 7, Workers: 4
[4950.485s][debug][gc,phases      ] GC(97)   JVMTI Tag Weak OopStorage      Min:  0.0, Avg:  0.0, Max:  0.0, Diff:  0.0, Sum:  0.0, Workers: 4
[4950.485s][debug][gc,phases      ] GC(97)     Dead                           Min: 0, Avg:  0.0, Max: 0, Diff: 0, Sum: 0, Workers: 4
[4950.485s][debug][gc,phases      ] GC(97)     Total                          Min: 0, Avg:  0.0, Max: 0, Diff: 0, Sum: 0, Workers: 4
[4950.485s][debug][gc,phases      ] GC(97)   StringTable Weak               Min:  0.0, Avg:  0.1, Max:  0.2, Diff:  0.2, Sum:  0.5, Workers: 4
[4950.485s][debug][gc,phases      ] GC(97)     Dead                           Min: 0, Avg:  0.5, Max: 2, Diff: 2, Sum: 2, Workers: 4
[4950.485s][debug][gc,phases      ] GC(97)     Total                          Min: 0, Avg: 11964.8, Max: 24704, Diff: 24704, Sum: 47859, Workers: 4
[4950.485s][debug][gc,phases      ] GC(97)   ResolvedMethodTable Weak       Min:  0.0, Avg:  0.0, Max:  0.1, Diff:  0.1, Sum:  0.2, Workers: 4
[4950.485s][debug][gc,phases      ] GC(97)     Dead                           Min: 0, Avg:  9.2, Max: 28, Diff: 28, Sum: 37, Workers: 4
[4950.485s][debug][gc,phases      ] GC(97)     Total                          Min: 0, Avg: 3926.5, Max: 8001, Diff: 8001, Sum: 15706, Workers: 4
[4950.485s][debug][gc,phases      ] GC(97)   JNI Weak                       Min:  0.0, Avg:  0.0, Max:  0.0, Diff:  0.0, Sum:  0.0, Workers: 4
[4950.485s][debug][gc,phases      ] GC(97)     Dead                           Min: 0, Avg:  0.0, Max: 0, Diff: 0, Sum: 0, Workers: 4
[4950.485s][debug][gc,phases      ] GC(97)     Total                          Min: 0, Avg: 13.0, Max: 52, Diff: 52, Sum: 52, Workers: 4
[4950.485s][debug][gc,phases      ] GC(97)   StringDedup Table Weak         Min:  0.0, Avg:  0.0, Max:  0.0, Diff:  0.0, Sum:  0.0, Workers: 4
[4950.485s][debug][gc,phases      ] GC(97)     Dead                           Min: 0, Avg:  0.0, Max: 0, Diff: 0, Sum: 0, Workers: 4
[4950.485s][debug][gc,phases      ] GC(97)     Total                          Min: 0, Avg:  0.0, Max: 0, Diff: 0, Sum: 0, Workers: 4
[4950.485s][debug][gc,phases      ] GC(97)   StringDedup Requests0 Weak     Min:  0.0, Avg:  0.0, Max:  0.0, Diff:  0.0, Sum:  0.0, Workers: 4
[4950.485s][debug][gc,phases      ] GC(97)     Dead                           Min: 0, Avg:  0.0, Max: 0, Diff: 0, Sum: 0, Workers: 4
[4950.485s][debug][gc,phases      ] GC(97)     Total                          Min: 0, Avg:  0.0, Max: 0, Diff: 0, Sum: 0, Workers: 4
[4950.485s][debug][gc,phases      ] GC(97)   StringDedup Requests1 Weak     Min:  0.0, Avg:  0.0, Max:  0.0, Diff:  0.0, Sum:  0.0, Workers: 4
[4950.485s][debug][gc,phases      ] GC(97)     Dead                           Min: 0, Avg:  0.0, Max: 0, Diff: 0, Sum: 0, Workers: 4
[4950.485s][debug][gc,phases      ] GC(97)     Total                          Min: 0, Avg:  0.0, Max: 0, Diff: 0, Sum: 0, Workers: 4
[4950.485s][debug][gc,phases      ] GC(97)   Weak JFR Old Object Samples    Min:  0.0, Avg:  0.0, Max:  0.0, Diff:  0.0, Sum:  0.0, Workers: 4
[4950.485s][debug][gc,phases      ] GC(97)     Dead                           Min: 0, Avg:  0.0, Max: 0, Diff: 0, Sum: 0, Workers: 4
[4950.485s][debug][gc,phases      ] GC(97)     Total                          Min: 0, Avg:  0.0, Max: 0, Diff: 0, Sum: 0, Workers: 4
[4950.485s][debug][gc,phases      ] GC(97) Weak Processing 0.569ms
[4950.485s][debug][gc,age         ] GC(97) Desired survivor size 62914560 bytes, new threshold 1 (max threshold 15)
[4950.485s][info ][gc,heap        ] GC(97) PSYoungGen: 2009441K(2047488K)->46060K(2020352K) Eden: 1998848K(1998848K)->0K(1974272K) From: 10593K(48640K)->46060K(46080K)
[4950.485s][info ][gc,heap        ] GC(97) ParOldGen: 457340K(457728K)->475709K(476160K)
[4950.485s][info ][gc,metaspace   ] GC(97) Metaspace: 111350K(112768K)->111350K(112768K) NonClass: 94751K(95552K)->94751K(95552K) Class: 16599K(17216K)->16599K(17216K)
[4950.485s][info ][gc             ] GC(97) Pause Young (Allocation Failure) 2408M->509M(2438M) 26.812ms
[4950.485s][info ][gc,cpu         ] GC(97) User=0.09s Sys=0.02s Real=0.03s
[4950.485s][info ][safepoint      ] Safepoint "ParallelGCFailedAllocation", Time since last: 949068135 ns, Reaching safepoint: 88606 ns, Cleanup: 93007 ns, At safepoint: 26914375 ns, Total: 27095988 ns
[4951.485s][info ][safepoint      ] Safepoint "Cleanup", Time since last: 1000088410 ns, Reaching safepoint: 7300 ns, Cleanup: 25401 ns, At safepoint: 2701 ns, Total: 35402 ns
[4952.485s][info ][safepoint      ] Safepoint "Cleanup", Time since last: 1000124508 ns, Reaching safepoint: 9001 ns, Cleanup: 30501 ns, At safepoint: 3001 ns, Total: 42503 ns
[4953.486s][info ][safepoint      ] Safepoint "Cleanup", Time since last: 1000122708 ns, Reaching safepoint: 9101 ns, Cleanup: 11600 ns, At safepoint: 2800 ns, Total: 23501 ns
[4954.486s][info ][safepoint      ] Safepoint "Cleanup", Time since last: 1000116080 ns, Reaching safepoint: 8901 ns, Cleanup: 19501 ns, At safepoint: 3200 ns, Total: 31602 ns
[4955.486s][info ][safepoint      ] Safepoint "Cleanup", Time since last: 1000140260 ns, Reaching safepoint: 10901 ns, Cleanup: 28302 ns, At safepoint: 3300 ns, Total: 42503 ns
[4956.486s][info ][safepoint      ] Safepoint "Cleanup", Time since last: 1000127759 ns, Reaching safepoint: 9401 ns, Cleanup: 11601 ns, At safepoint: 2900 ns, Total: 23902 ns
[4957.486s][info ][safepoint      ] Safepoint "Cleanup", Time since last: 1000126059 ns, Reaching safepoint: 7800 ns, Cleanup: 13401 ns, At safepoint: 2801 ns, Total: 24002 ns
[4958.486s][info ][safepoint      ] Safepoint "Cleanup", Time since last: 1000122258 ns, Reaching safepoint: 7801 ns, Cleanup: 10200 ns, At safepoint: 3201 ns, Total: 21202 ns
[4959.487s][info ][safepoint      ] Safepoint "Cleanup", Time since last: 1000132873 ns, Reaching safepoint: 11201 ns, Cleanup: 14600 ns, At safepoint: 3800 ns, Total: 29601 ns
[4960.487s][info ][safepoint      ] Safepoint "Cleanup", Time since last: 1000123796 ns, Reaching safepoint: 9300 ns, Cleanup: 15601 ns, At safepoint: 3200 ns, Total: 28101 ns
[4961.487s][info ][safepoint      ] Safepoint "Cleanup", Time since last: 1000117243 ns, Reaching safepoint: 7901 ns, Cleanup: 11001 ns, At safepoint: 2700 ns, Total: 21602 ns
[4962.487s][info ][safepoint      ] Safepoint "Cleanup", Time since last: 1000133251 ns, Reaching safepoint: 9901 ns, Cleanup: 12201 ns, At safepoint: 3100 ns, Total: 25202 ns
[4963.487s][info ][safepoint      ] Safepoint "Cleanup", Time since last: 1000129551 ns, Reaching safepoint: 8601 ns, Cleanup: 11701 ns, At safepoint: 3000 ns, Total: 23302 ns
[4964.487s][info ][safepoint      ] Safepoint "Cleanup", Time since last: 1000117551 ns, Reaching safepoint: 8100 ns, Cleanup: 18301 ns, At safepoint: 2600 ns, Total: 29001 ns
[4965.487s][info ][safepoint      ] Safepoint "Cleanup", Time since last: 1000126752 ns, Reaching safepoint: 7800 ns, Cleanup: 16301 ns, At safepoint: 2800 ns, Total: 26901 ns
[4966.488s][info ][safepoint      ] Safepoint "Cleanup", Time since last: 1000119851 ns, Reaching safepoint: 10601 ns, Cleanup: 15101 ns, At safepoint: 3700 ns, Total: 29402 ns
[4967.488s][info ][safepoint      ] Safepoint "Cleanup", Time since last: 1000138980 ns, Reaching safepoint: 11601 ns, Cleanup: 31602 ns, At safepoint: 3800 ns, Total: 47003 ns
[4968.488s][info ][safepoint      ] Safepoint "Cleanup", Time since last: 1000122016 ns, Reaching safepoint: 9300 ns, Cleanup: 8901 ns, At safepoint: 2600 ns, Total: 20801 ns
[4969.488s][info ][safepoint      ] Safepoint "Cleanup", Time since last: 1000117115 ns, Reaching safepoint: 8500 ns, Cleanup: 12701 ns, At safepoint: 2400 ns, Total: 23601 ns
[4971.488s][info ][safepoint      ] Safepoint "Cleanup", Time since last: 2000196227 ns, Reaching safepoint: 8301 ns, Cleanup: 12101 ns, At safepoint: 3100 ns, Total: 23502 ns
[4972.488s][info ][safepoint      ] Safepoint "Cleanup", Time since last: 1000152317 ns, Reaching safepoint: 8701 ns, Cleanup: 10000 ns, At safepoint: 3000 ns, Total: 21701 ns
[4973.489s][info ][safepoint      ] Safepoint "Cleanup", Time since last: 1000123516 ns, Reaching safepoint: 9200 ns, Cleanup: 13701 ns, At safepoint: 3100 ns, Total: 26001 ns
[4974.430s][info ][gc,start       ] GC(98) Pause Young (Allocation Failure)
[4974.457s][debug][gc,phases      ] GC(98) Scavenge 25.995ms
[4974.457s][debug][gc,ref         ] GC(98) ReferenceProcessor::execute queues: 1, RefProcThreadModel::Single, marks_oops_alive: false
[4974.457s][debug][gc,ref         ] GC(98) Skipped KeepAliveFinalRefsPhase of Reference Processing: no references
[4974.457s][debug][gc,ref         ] GC(98) ReferenceProcessor::execute queues: 1, RefProcThreadModel::Single, marks_oops_alive: false
[4974.457s][debug][gc,phases      ] GC(98) Reference Processing 0.121ms
[4974.457s][debug][gc,phases      ] GC(98)   VM Weak                        Min:  0.0, Avg:  0.0, Max:  0.0, Diff:  0.0, Sum:  0.0, Workers: 4
[4974.457s][debug][gc,phases      ] GC(98)     Dead                           Min: 0, Avg:  0.0, Max: 0, Diff: 0, Sum: 0, Workers: 4
[4974.457s][debug][gc,phases      ] GC(98)     Total                          Min: 0, Avg: 260.2, Max: 768, Diff: 768, Sum: 1041, Workers: 4
[4974.457s][debug][gc,phases      ] GC(98)   ObjectSynchronizer Weak        Min:  0.0, Avg:  0.0, Max:  0.0, Diff:  0.0, Sum:  0.0, Workers: 4
[4974.457s][debug][gc,phases      ] GC(98)     Dead                           Min: 0, Avg:  0.0, Max: 0, Diff: 0, Sum: 0, Workers: 4
[4974.457s][debug][gc,phases      ] GC(98)     Total                          Min: 0, Avg:  1.8, Max: 7, Diff: 7, Sum: 7, Workers: 4
[4974.457s][debug][gc,phases      ] GC(98)   JVMTI Tag Weak OopStorage      Min:  0.0, Avg:  0.0, Max:  0.0, Diff:  0.0, Sum:  0.0, Workers: 4
[4974.457s][debug][gc,phases      ] GC(98)     Dead                           Min: 0, Avg:  0.0, Max: 0, Diff: 0, Sum: 0, Workers: 4
[4974.457s][debug][gc,phases      ] GC(98)     Total                          Min: 0, Avg:  0.0, Max: 0, Diff: 0, Sum: 0, Workers: 4
[4974.457s][debug][gc,phases      ] GC(98)   StringTable Weak               Min:  0.0, Avg:  0.1, Max:  0.2, Diff:  0.2, Sum:  0.5, Workers: 4
[4974.457s][debug][gc,phases      ] GC(98)     Dead                           Min: 0, Avg:  0.2, Max: 1, Diff: 1, Sum: 1, Workers: 4
[4974.457s][debug][gc,phases      ] GC(98)     Total                          Min: 0, Avg: 11971.8, Max: 16319, Diff: 16319, Sum: 47887, Workers: 4
[4974.457s][debug][gc,phases      ] GC(98)   ResolvedMethodTable Weak       Min:  0.0, Avg:  0.0, Max:  0.1, Diff:  0.1, Sum:  0.2, Workers: 4
[4974.457s][debug][gc,phases      ] GC(98)     Dead                           Min: 0, Avg:  5.8, Max: 15, Diff: 15, Sum: 23, Workers: 4
[4974.457s][debug][gc,phases      ] GC(98)     Total                          Min: 0, Avg: 3934.2, Max: 5679, Diff: 5679, Sum: 15737, Workers: 4
[4974.457s][debug][gc,phases      ] GC(98)   JNI Weak                       Min:  0.0, Avg:  0.0, Max:  0.0, Diff:  0.0, Sum:  0.0, Workers: 4
[4974.457s][debug][gc,phases      ] GC(98)     Dead                           Min: 0, Avg:  0.0, Max: 0, Diff: 0, Sum: 0, Workers: 4
[4974.457s][debug][gc,phases      ] GC(98)     Total                          Min: 0, Avg: 13.0, Max: 52, Diff: 52, Sum: 52, Workers: 4
[4974.457s][debug][gc,phases      ] GC(98)   StringDedup Table Weak         Min:  0.0, Avg:  0.0, Max:  0.0, Diff:  0.0, Sum:  0.0, Workers: 4
[4974.457s][debug][gc,phases      ] GC(98)     Dead                           Min: 0, Avg:  0.0, Max: 0, Diff: 0, Sum: 0, Workers: 4
[4974.457s][debug][gc,phases      ] GC(98)     Total                          Min: 0, Avg:  0.0, Max: 0, Diff: 0, Sum: 0, Workers: 4
[4974.457s][debug][gc,phases      ] GC(98)   StringDedup Requests0 Weak     Min:  0.0, Avg:  0.0, Max:  0.0, Diff:  0.0, Sum:  0.0, Workers: 4
[4974.457s][debug][gc,phases      ] GC(98)     Dead                           Min: 0, Avg:  0.0, Max: 0, Diff: 0, Sum: 0, Workers: 4
[4974.457s][debug][gc,phases      ] GC(98)     Total                          Min: 0, Avg:  0.0, Max: 0, Diff: 0, Sum: 0, Workers: 4
[4974.457s][debug][gc,phases      ] GC(98)   StringDedup Requests1 Weak     Min:  0.0, Avg:  0.0, Max:  0.0, Diff:  0.0, Sum:  0.0, Workers: 4
[4974.457s][debug][gc,phases      ] GC(98)     Dead                           Min: 0, Avg:  0.0, Max: 0, Diff: 0, Sum: 0, Workers: 4
[4974.457s][debug][gc,phases      ] GC(98)     Total                          Min: 0, Avg:  0.0, Max: 0, Diff: 0, Sum: 0, Workers: 4
[4974.457s][debug][gc,phases      ] GC(98)   Weak JFR Old Object Samples    Min:  0.0, Avg:  0.0, Max:  0.0, Diff:  0.0, Sum:  0.0, Workers: 4
[4974.457s][debug][gc,phases      ] GC(98)     Dead                           Min: 0, Avg:  0.0, Max: 0, Diff: 0, Sum: 0, Workers: 4
[4974.457s][debug][gc,phases      ] GC(98)     Total                          Min: 0, Avg:  0.0, Max: 0, Diff: 0, Sum: 0, Workers: 4
[4974.457s][debug][gc,phases      ] GC(98) Weak Processing 0.463ms
[4974.457s][debug][gc,age         ] GC(98) Desired survivor size 60293120 bytes, new threshold 1 (max threshold 15)
[4974.457s][info ][gc,heap        ] GC(98) PSYoungGen: 2020332K(2020352K)->8594K(2035712K) Eden: 1974272K(1974272K)->0K(1974272K) From: 46060K(46080K)->8594K(61440K)
[4974.457s][info ][gc,heap        ] GC(98) ParOldGen: 475709K(476160K)->521194K(521216K)
[4974.457s][info ][gc,metaspace   ] GC(98) Metaspace: 111432K(112832K)->111432K(112832K) NonClass: 94822K(95616K)->94822K(95616K) Class: 16610K(17216K)->16610K(17216K)
[4974.457s][info ][gc             ] GC(98) Pause Young (Allocation Failure) 2437M->517M(2497M) 26.728ms
[4974.457s][info ][gc,cpu         ] GC(98) User=0.07s Sys=0.02s Real=0.03s
[4974.457s][info ][safepoint      ] Safepoint "ParallelGCFailedAllocation", Time since last: 941791170 ns, Reaching safepoint: 7301 ns, Cleanup: 9800 ns, At safepoint: 26821622 ns, Total: 26838723 ns
[4975.457s][info ][safepoint      ] Safepoint "Cleanup", Time since last: 1000103829 ns, Reaching safepoint: 80004 ns, Cleanup: 10901 ns, At safepoint: 6700 ns, Total: 97605 ns
[4976.458s][info ][safepoint      ] Safepoint "Cleanup", Time since last: 1000119553 ns, Reaching safepoint: 79004 ns, Cleanup: 10501 ns, At safepoint: 6500 ns, Total: 96005 ns
[4977.458s][info ][safepoint      ] Safepoint "Cleanup", Time since last: 1000131254 ns, Reaching safepoint: 87605 ns, Cleanup: 10900 ns, At safepoint: 7701 ns, Total: 106206 ns
[4978.458s][info ][safepoint      ] Safepoint "Cleanup", Time since last: 1000135054 ns, Reaching safepoint: 79504 ns, Cleanup: 8900 ns, At safepoint: 5901 ns, Total: 94305 ns
[4980.458s][info ][safepoint      ] Safepoint "Cleanup", Time since last: 2000197898 ns, Reaching safepoint: 78005 ns, Cleanup: 8701 ns, At safepoint: 9000 ns, Total: 95706 ns
[4984.793s][info ][safepoint      ] Safepoint "Cleanup", Time since last: 4334828449 ns, Reaching safepoint: 8900 ns, Cleanup: 13001 ns, At safepoint: 2700 ns, Total: 24601 ns
[4985.793s][info ][safepoint      ] Safepoint "Cleanup", Time since last: 1000146413 ns, Reaching safepoint: 9400 ns, Cleanup: 12701 ns, At safepoint: 3300 ns, Total: 25401 ns
[4986.794s][info ][safepoint      ] Safepoint "Cleanup", Time since last: 1000185115 ns, Reaching safepoint: 13301 ns, Cleanup: 20001 ns, At safepoint: 2900 ns, Total: 36202 ns
[4988.794s][info ][safepoint      ] Safepoint "Cleanup", Time since last: 2000206197 ns, Reaching safepoint: 8301 ns, Cleanup: 19401 ns, At safepoint: 2400 ns, Total: 30102 ns
[4990.794s][info ][safepoint      ] Safepoint "Cleanup", Time since last: 2000193171 ns, Reaching safepoint: 7801 ns, Cleanup: 12201 ns, At safepoint: 2700 ns, Total: 22702 ns
[4995.795s][info ][safepoint      ] Safepoint "Cleanup", Time since last: 5000405801 ns, Reaching safepoint: 7701 ns, Cleanup: 12600 ns, At safepoint: 2800 ns, Total: 23101 ns
[4997.795s][info ][safepoint      ] Safepoint "Cleanup", Time since last: 2000189628 ns, Reaching safepoint: 8000 ns, Cleanup: 8901 ns, At safepoint: 2500 ns, Total: 19401 ns
[4999.795s][info ][safepoint      ] Safepoint "Cleanup", Time since last: 2000205245 ns, Reaching safepoint: 8500 ns, Cleanup: 22901 ns, At safepoint: 2400 ns, Total: 33801 ns
[5000.686s][info ][gc,start       ] GC(99) Pause Young (Allocation Failure)
[5000.693s][debug][gc,phases      ] GC(99) Scavenge 7.495ms
[5000.693s][debug][gc,ref         ] GC(99) ReferenceProcessor::execute queues: 1, RefProcThreadModel::Single, marks_oops_alive: false
[5000.693s][debug][gc,ref         ] GC(99) Skipped KeepAliveFinalRefsPhase of Reference Processing: no references
[5000.693s][debug][gc,ref         ] GC(99) ReferenceProcessor::execute queues: 1, RefProcThreadModel::Single, marks_oops_alive: false
[5000.693s][debug][gc,phases      ] GC(99) Reference Processing 0.123ms
[5000.694s][debug][gc,phases      ] GC(99)   VM Weak                        Min:  0.0, Avg:  0.0, Max:  0.0, Diff:  0.0, Sum:  0.0, Workers: 4
[5000.694s][debug][gc,phases      ] GC(99)     Dead                           Min: 0, Avg:  0.0, Max: 0, Diff: 0, Sum: 0, Workers: 4
[5000.694s][debug][gc,phases      ] GC(99)     Total                          Min: 0, Avg: 260.2, Max: 512, Diff: 512, Sum: 1041, Workers: 4
[5000.694s][debug][gc,phases      ] GC(99)   ObjectSynchronizer Weak        Min:  0.0, Avg:  0.0, Max:  0.0, Diff:  0.0, Sum:  0.0, Workers: 4
[5000.694s][debug][gc,phases      ] GC(99)     Dead                           Min: 0, Avg:  0.0, Max: 0, Diff: 0, Sum: 0, Workers: 4
[5000.694s][debug][gc,phases      ] GC(99)     Total                          Min: 0, Avg:  1.0, Max: 4, Diff: 4, Sum: 4, Workers: 4
[5000.694s][debug][gc,phases      ] GC(99)   JVMTI Tag Weak OopStorage      Min:  0.0, Avg:  0.0, Max:  0.0, Diff:  0.0, Sum:  0.0, Workers: 4
[5000.694s][debug][gc,phases      ] GC(99)     Dead                           Min: 0, Avg:  0.0, Max: 0, Diff: 0, Sum: 0, Workers: 4
[5000.694s][debug][gc,phases      ] GC(99)     Total                          Min: 0, Avg:  0.0, Max: 0, Diff: 0, Sum: 0, Workers: 4
[5000.694s][debug][gc,phases      ] GC(99)   StringTable Weak               Min:  0.0, Avg:  0.1, Max:  0.2, Diff:  0.2, Sum:  0.5, Workers: 4
[5000.694s][debug][gc,phases      ] GC(99)     Dead                           Min: 0, Avg:  0.0, Max: 0, Diff: 0, Sum: 0, Workers: 4
[5000.694s][debug][gc,phases      ] GC(99)     Total                          Min: 0, Avg: 11971.8, Max: 17536, Diff: 17536, Sum: 47887, Workers: 4
[5000.694s][debug][gc,phases      ] GC(99)   ResolvedMethodTable Weak       Min:  0.0, Avg:  0.0, Max:  0.1, Diff:  0.1, Sum:  0.2, Workers: 4
[5000.694s][debug][gc,phases      ] GC(99)     Dead                           Min: 0, Avg:  4.0, Max: 10, Diff: 10, Sum: 16, Workers: 4
[5000.694s][debug][gc,phases      ] GC(99)     Total                          Min: 0, Avg: 3934.2, Max: 5575, Diff: 5575, Sum: 15737, Workers: 4
[5000.694s][debug][gc,phases      ] GC(99)   JNI Weak                       Min:  0.0, Avg:  0.0, Max:  0.0, Diff:  0.0, Sum:  0.0, Workers: 4
[5000.694s][debug][gc,phases      ] GC(99)     Dead                           Min: 0, Avg:  0.0, Max: 0, Diff: 0, Sum: 0, Workers: 4
[5000.694s][debug][gc,phases      ] GC(99)     Total                          Min: 0, Avg: 13.0, Max: 52, Diff: 52, Sum: 52, Workers: 4
[5000.694s][debug][gc,phases      ] GC(99)   StringDedup Table Weak         Min:  0.0, Avg:  0.0, Max:  0.0, Diff:  0.0, Sum:  0.0, Workers: 4
[5000.694s][debug][gc,phases      ] GC(99)     Dead                           Min: 0, Avg:  0.0, Max: 0, Diff: 0, Sum: 0, Workers: 4
[5000.694s][debug][gc,phases      ] GC(99)     Total                          Min: 0, Avg:  0.0, Max: 0, Diff: 0, Sum: 0, Workers: 4
[5000.694s][debug][gc,phases      ] GC(99)   StringDedup Requests0 Weak     Min:  0.0, Avg:  0.0, Max:  0.0, Diff:  0.0, Sum:  0.0, Workers: 4
[5000.694s][debug][gc,phases      ] GC(99)     Dead                           Min: 0, Avg:  0.0, Max: 0, Diff: 0, Sum: 0, Workers: 4
[5000.694s][debug][gc,phases      ] GC(99)     Total                          Min: 0, Avg:  0.0, Max: 0, Diff: 0, Sum: 0, Workers: 4
[5000.694s][debug][gc,phases      ] GC(99)   StringDedup Requests1 Weak     Min:  0.0, Avg:  0.0, Max:  0.0, Diff:  0.0, Sum:  0.0, Workers: 4
[5000.694s][debug][gc,phases      ] GC(99)     Dead                           Min: 0, Avg:  0.0, Max: 0, Diff: 0, Sum: 0, Workers: 4
[5000.694s][debug][gc,phases      ] GC(99)     Total                          Min: 0, Avg:  0.0, Max: 0, Diff: 0, Sum: 0, Workers: 4
[5000.694s][debug][gc,phases      ] GC(99)   Weak JFR Old Object Samples    Min:  0.0, Avg:  0.0, Max:  0.0, Diff:  0.0, Sum:  0.0, Workers: 4
[5000.694s][debug][gc,phases      ] GC(99)     Dead                           Min: 0, Avg:  0.0, Max: 0, Diff: 0, Sum: 0, Workers: 4
[5000.694s][debug][gc,phases      ] GC(99)     Total                          Min: 0, Avg:  0.0, Max: 0, Diff: 0, Sum: 0, Workers: 4
[5000.694s][debug][gc,phases      ] GC(99) Weak Processing 0.450ms
[5000.694s][debug][gc,age         ] GC(99) Desired survivor size 58720256 bytes, new threshold 1 (max threshold 15)
[5000.694s][info ][gc,heap        ] GC(99) PSYoungGen: 1982866K(2035712K)->4304K(2039808K) Eden: 1974272K(1974272K)->0K(1980928K) From: 8594K(61440K)->4304K(58880K)
[5000.694s][info ][gc,heap        ] GC(99) ParOldGen: 521194K(521216K)->526662K(526848K)
[5000.694s][info ][gc,metaspace   ] GC(99) Metaspace: 111448K(112832K)->111448K(112832K) NonClass: 94838K(95616K)->94838K(95616K) Class: 16610K(17216K)->16610K(17216K)
[5000.694s][info ][gc             ] GC(99) Pause Young (Allocation Failure) 2445M->518M(2506M) 8.229ms
[5000.694s][info ][gc,cpu         ] GC(99) User=0.03s Sys=0.00s Real=0.01s
[5000.694s][info ][safepoint      ] Safepoint "ParallelGCFailedAllocation", Time since last: 890481730 ns, Reaching safepoint: 7000 ns, Cleanup: 4000 ns, At safepoint: 8313531 ns, Total: 8324531 ns
[5003.694s][info ][safepoint      ] Safepoint "Cleanup", Time since last: 3000246546 ns, Reaching safepoint: 12501 ns, Cleanup: 11201 ns, At safepoint: 2600 ns, Total: 26302 ns
[5006.694s][info ][safepoint      ] Safepoint "Cleanup", Time since last: 3000252716 ns, Reaching safepoint: 8300 ns, Cleanup: 12501 ns, At safepoint: 2800 ns, Total: 23601 ns
[5008.695s][info ][safepoint      ] Safepoint "Cleanup", Time since last: 2000178860 ns, Reaching safepoint: 8900 ns, Cleanup: 9701 ns, At safepoint: 2700 ns, Total: 21301 ns
[5010.695s][info ][safepoint      ] Safepoint "Cleanup", Time since last: 2000190883 ns, Reaching safepoint: 8101 ns, Cleanup: 15401 ns, At safepoint: 2700 ns, Total: 26202 ns
[5011.695s][info ][safepoint      ] Safepoint "Cleanup", Time since last: 1000118293 ns, Reaching safepoint: 7300 ns, Cleanup: 15701 ns, At safepoint: 2800 ns, Total: 25801 ns
[5013.695s][info ][safepoint      ] Safepoint "Cleanup", Time since last: 2000188609 ns, Reaching safepoint: 7600 ns, Cleanup: 19802 ns, At safepoint: 2800 ns, Total: 30202 ns
[5015.695s][info ][safepoint      ] Safepoint "Cleanup", Time since last: 2000186715 ns, Reaching safepoint: 7100 ns, Cleanup: 9901 ns, At safepoint: 2600 ns, Total: 19601 ns
[5017.696s][info ][safepoint      ] Safepoint "Cleanup", Time since last: 2000182650 ns, Reaching safepoint: 7700 ns, Cleanup: 10301 ns, At safepoint: 2900 ns, Total: 20901 ns
[5020.696s][info ][safepoint      ] Safepoint "Cleanup", Time since last: 3000261625 ns, Reaching safepoint: 7701 ns, Cleanup: 9500 ns, At safepoint: 2600 ns, Total: 19801 ns
[5021.696s][info ][safepoint      ] Safepoint "Cleanup", Time since last: 1000117600 ns, Reaching safepoint: 7901 ns, Cleanup: 9800 ns, At safepoint: 2900 ns, Total: 20601 ns
[5022.696s][info ][safepoint      ] Safepoint "Cleanup", Time since last: 1000107645 ns, Reaching safepoint: 9101 ns, Cleanup: 13700 ns, At safepoint: 2801 ns, Total: 25602 ns
[5023.696s][info ][safepoint      ] Safepoint "Cleanup", Time since last: 1000117030 ns, Reaching safepoint: 8200 ns, Cleanup: 11501 ns, At safepoint: 3100 ns, Total: 22801 ns
[5025.696s][info ][safepoint      ] Safepoint "Cleanup", Time since last: 2000211152 ns, Reaching safepoint: 8200 ns, Cleanup: 10701 ns, At safepoint: 2700 ns, Total: 21601 ns
[5026.187s][info ][gc,start       ] GC(100) Pause Young (Allocation Failure)
[5026.194s][debug][gc,phases      ] GC(100) Scavenge 6.854ms
[5026.194s][debug][gc,ref         ] GC(100) ReferenceProcessor::execute queues: 1, RefProcThreadModel::Single, marks_oops_alive: false
[5026.194s][debug][gc,ref         ] GC(100) Skipped KeepAliveFinalRefsPhase of Reference Processing: no references
[5026.194s][debug][gc,ref         ] GC(100) ReferenceProcessor::execute queues: 1, RefProcThreadModel::Single, marks_oops_alive: false
[5026.194s][debug][gc,phases      ] GC(100) Reference Processing 0.115ms
[5026.194s][debug][gc,phases      ] GC(100)   VM Weak                        Min:  0.0, Avg:  0.0, Max:  0.0, Diff:  0.0, Sum:  0.0, Workers: 4
[5026.194s][debug][gc,phases      ] GC(100)     Dead                           Min: 0, Avg:  0.0, Max: 0, Diff: 0, Sum: 0, Workers: 4
[5026.194s][debug][gc,phases      ] GC(100)     Total                          Min: 0, Avg: 260.2, Max: 832, Diff: 832, Sum: 1041, Workers: 4
[5026.194s][debug][gc,phases      ] GC(100)   ObjectSynchronizer Weak        Min:  0.0, Avg:  0.0, Max:  0.0, Diff:  0.0, Sum:  0.0, Workers: 4
[5026.194s][debug][gc,phases      ] GC(100)     Dead                           Min: 0, Avg:  0.0, Max: 0, Diff: 0, Sum: 0, Workers: 4
[5026.194s][debug][gc,phases      ] GC(100)     Total                          Min: 0, Avg:  1.0, Max: 4, Diff: 4, Sum: 4, Workers: 4
[5026.194s][debug][gc,phases      ] GC(100)   JVMTI Tag Weak OopStorage      Min:  0.0, Avg:  0.0, Max:  0.0, Diff:  0.0, Sum:  0.0, Workers: 4
[5026.194s][debug][gc,phases      ] GC(100)     Dead                           Min: 0, Avg:  0.0, Max: 0, Diff: 0, Sum: 0, Workers: 4
[5026.194s][debug][gc,phases      ] GC(100)     Total                          Min: 0, Avg:  0.0, Max: 0, Diff: 0, Sum: 0, Workers: 4
[5026.194s][debug][gc,phases      ] GC(100)   StringTable Weak               Min:  0.0, Avg:  0.1, Max:  0.2, Diff:  0.2, Sum:  0.5, Workers: 4
[5026.194s][debug][gc,phases      ] GC(100)     Dead                           Min: 0, Avg:  0.0, Max: 0, Diff: 0, Sum: 0, Workers: 4
[5026.194s][debug][gc,phases      ] GC(100)     Total                          Min: 0, Avg: 11971.8, Max: 16896, Diff: 16896, Sum: 47887, Workers: 4
[5026.194s][debug][gc,phases      ] GC(100)   ResolvedMethodTable Weak       Min:  0.0, Avg:  0.0, Max:  0.1, Diff:  0.1, Sum:  0.2, Workers: 4
[5026.194s][debug][gc,phases      ] GC(100)     Dead                           Min: 0, Avg:  0.0, Max: 0, Diff: 0, Sum: 0, Workers: 4
[5026.194s][debug][gc,phases      ] GC(100)     Total                          Min: 0, Avg: 3934.2, Max: 5846, Diff: 5846, Sum: 15737, Workers: 4
[5026.194s][debug][gc,phases      ] GC(100)   JNI Weak                       Min:  0.0, Avg:  0.0, Max:  0.0, Diff:  0.0, Sum:  0.0, Workers: 4
[5026.194s][debug][gc,phases      ] GC(100)     Dead                           Min: 0, Avg:  0.0, Max: 0, Diff: 0, Sum: 0, Workers: 4
[5026.194s][debug][gc,phases      ] GC(100)     Total                          Min: 0, Avg: 13.0, Max: 52, Diff: 52, Sum: 52, Workers: 4
[5026.194s][debug][gc,phases      ] GC(100)   StringDedup Table Weak         Min:  0.0, Avg:  0.0, Max:  0.0, Diff:  0.0, Sum:  0.0, Workers: 4
[5026.194s][debug][gc,phases      ] GC(100)     Dead                           Min: 0, Avg:  0.0, Max: 0, Diff: 0, Sum: 0, Workers: 4
[5026.194s][debug][gc,phases      ] GC(100)     Total                          Min: 0, Avg:  0.0, Max: 0, Diff: 0, Sum: 0, Workers: 4
[5026.194s][debug][gc,phases      ] GC(100)   StringDedup Requests0 Weak     Min:  0.0, Avg:  0.0, Max:  0.0, Diff:  0.0, Sum:  0.0, Workers: 4
[5026.194s][debug][gc,phases      ] GC(100)     Dead                           Min: 0, Avg:  0.0, Max: 0, Diff: 0, Sum: 0, Workers: 4
[5026.194s][debug][gc,phases      ] GC(100)     Total                          Min: 0, Avg:  0.0, Max: 0, Diff: 0, Sum: 0, Workers: 4
[5026.194s][debug][gc,phases      ] GC(100)   StringDedup Requests1 Weak     Min:  0.0, Avg:  0.0, Max:  0.0, Diff:  0.0, Sum:  0.0, Workers: 4
[5026.194s][debug][gc,phases      ] GC(100)     Dead                           Min: 0, Avg:  0.0, Max: 0, Diff: 0, Sum: 0, Workers: 4
[5026.194s][debug][gc,phases      ] GC(100)     Total                          Min: 0, Avg:  0.0, Max: 0, Diff: 0, Sum: 0, Workers: 4
[5026.194s][debug][gc,phases      ] GC(100)   Weak JFR Old Object Samples    Min:  0.0, Avg:  0.0, Max:  0.0, Diff:  0.0, Sum:  0.0, Workers: 4
[5026.194s][debug][gc,phases      ] GC(100)     Dead                           Min: 0, Avg:  0.0, Max: 0, Diff: 0, Sum: 0, Workers: 4
[5026.194s][debug][gc,phases      ] GC(100)     Total                          Min: 0, Avg:  0.0, Max: 0, Diff: 0, Sum: 0, Workers: 4
[5026.194s][debug][gc,phases      ] GC(100) Weak Processing 0.452ms
[5026.194s][debug][gc,age         ] GC(100) Desired survivor size 56623104 bytes, new threshold 1 (max threshold 15)
[5026.194s][info ][gc,heap        ] GC(100) PSYoungGen: 1985232K(2039808K)->6670K(2038272K) Eden: 1980928K(1980928K)->0K(1980928K) From: 4304K(58880K)->6670K(57344K)
[5026.194s][info ][gc,heap        ] GC(100) ParOldGen: 526662K(526848K)->527678K(527872K)
[5026.194s][info ][gc,metaspace   ] GC(100) Metaspace: 111460K(112832K)->111460K(112832K) NonClass: 94850K(95616K)->94850K(95616K) Class: 16610K(17216K)->16610K(17216K)
[5026.194s][info ][gc             ] GC(100) Pause Young (Allocation Failure) 2453M->521M(2506M) 7.572ms
[5026.194s][info ][gc,cpu         ] GC(100) User=0.03s Sys=0.00s Real=0.01s
[5026.194s][info ][safepoint      ] Safepoint "ParallelGCFailedAllocation", Time since last: 490161542 ns, Reaching safepoint: 10001 ns, Cleanup: 4700 ns, At safepoint: 7660026 ns, Total: 7674727 ns
[5028.194s][info ][safepoint      ] Safepoint "Cleanup", Time since last: 2000154940 ns, Reaching safepoint: 8000 ns, Cleanup: 10301 ns, At safepoint: 3100 ns, Total: 21401 ns
[5029.195s][info ][safepoint      ] Safepoint "Cleanup", Time since last: 1000118569 ns, Reaching safepoint: 9000 ns, Cleanup: 19901 ns, At safepoint: 2800 ns, Total: 31701 ns
[5030.195s][info ][safepoint      ] Safepoint "Cleanup", Time since last: 1000117869 ns, Reaching safepoint: 8001 ns, Cleanup: 12100 ns, At safepoint: 3301 ns, Total: 23402 ns
[5031.195s][info ][safepoint      ] Safepoint "Cleanup", Time since last: 1000121744 ns, Reaching safepoint: 7601 ns, Cleanup: 15801 ns, At safepoint: 2700 ns, Total: 26102 ns
[5032.195s][info ][safepoint      ] Safepoint "Cleanup", Time since last: 1000112237 ns, Reaching safepoint: 8200 ns, Cleanup: 13501 ns, At safepoint: 2400 ns, Total: 24101 ns
[5033.195s][info ][safepoint      ] Safepoint "Cleanup", Time since last: 1000118537 ns, Reaching safepoint: 8301 ns, Cleanup: 10400 ns, At safepoint: 2500 ns, Total: 21201 ns
[5034.195s][info ][safepoint      ] Safepoint "Cleanup", Time since last: 1000117637 ns, Reaching safepoint: 8001 ns, Cleanup: 13701 ns, At safepoint: 3000 ns, Total: 24702 ns
[5035.195s][info ][safepoint      ] Safepoint "Cleanup", Time since last: 1000124537 ns, Reaching safepoint: 7201 ns, Cleanup: 8800 ns, At safepoint: 3100 ns, Total: 19101 ns
[5036.196s][info ][safepoint      ] Safepoint "Cleanup", Time since last: 1000119838 ns, Reaching safepoint: 9100 ns, Cleanup: 10701 ns, At safepoint: 2500 ns, Total: 22301 ns
[5040.196s][info ][safepoint      ] Safepoint "Cleanup", Time since last: 4000332777 ns, Reaching safepoint: 9300 ns, Cleanup: 13200 ns, At safepoint: 2801 ns, Total: 25301 ns
[5041.196s][info ][safepoint      ] Safepoint "Cleanup", Time since last: 1000125893 ns, Reaching safepoint: 10100 ns, Cleanup: 17301 ns, At safepoint: 2500 ns, Total: 29901 ns
[5042.812s][info ][safepoint      ] Safepoint "Cleanup", Time since last: 1615618575 ns, Reaching safepoint: 80203 ns, Cleanup: 11301 ns, At safepoint: 9900 ns, Total: 101404 ns
[5044.812s][info ][safepoint      ] Safepoint "Cleanup", Time since last: 2000194449 ns, Reaching safepoint: 83604 ns, Cleanup: 10901 ns, At safepoint: 6800 ns, Total: 101305 ns
[5047.812s][info ][safepoint      ] Safepoint "Cleanup", Time since last: 3000260755 ns, Reaching safepoint: 8300 ns, Cleanup: 10300 ns, At safepoint: 2901 ns, Total: 21501 ns
[5049.813s][info ][safepoint      ] Safepoint "Cleanup", Time since last: 2000220551 ns, Reaching safepoint: 83703 ns, Cleanup: 12501 ns, At safepoint: 7300 ns, Total: 103504 ns
[5050.813s][info ][safepoint      ] Safepoint "Cleanup", Time since last: 1000131476 ns, Reaching safepoint: 83204 ns, Cleanup: 15001 ns, At safepoint: 11600 ns, Total: 109805 ns
[5051.254s][info ][gc,start       ] GC(101) Pause Young (Allocation Failure)
[5051.262s][debug][gc,phases      ] GC(101) Scavenge 7.617ms
[5051.262s][debug][gc,ref         ] GC(101) ReferenceProcessor::execute queues: 1, RefProcThreadModel::Single, marks_oops_alive: false
[5051.262s][debug][gc,ref         ] GC(101) Skipped KeepAliveFinalRefsPhase of Reference Processing: no references
[5051.262s][debug][gc,ref         ] GC(101) ReferenceProcessor::execute queues: 1, RefProcThreadModel::Single, marks_oops_alive: false
[5051.262s][debug][gc,phases      ] GC(101) Reference Processing 0.115ms
[5051.262s][debug][gc,phases      ] GC(101)   VM Weak                        Min:  0.0, Avg:  0.0, Max:  0.0, Diff:  0.0, Sum:  0.0, Workers: 4
[5051.262s][debug][gc,phases      ] GC(101)     Dead                           Min: 0, Avg:  0.0, Max: 0, Diff: 0, Sum: 0, Workers: 4
[5051.262s][debug][gc,phases      ] GC(101)     Total                          Min: 0, Avg: 260.2, Max: 896, Diff: 896, Sum: 1041, Workers: 4
[5051.262s][debug][gc,phases      ] GC(101)   ObjectSynchronizer Weak        Min:  0.0, Avg:  0.0, Max:  0.0, Diff:  0.0, Sum:  0.0, Workers: 4
[5051.262s][debug][gc,phases      ] GC(101)     Dead                           Min: 0, Avg:  0.0, Max: 0, Diff: 0, Sum: 0, Workers: 4
[5051.262s][debug][gc,phases      ] GC(101)     Total                          Min: 0, Avg:  1.0, Max: 4, Diff: 4, Sum: 4, Workers: 4
[5051.262s][debug][gc,phases      ] GC(101)   JVMTI Tag Weak OopStorage      Min:  0.0, Avg:  0.0, Max:  0.0, Diff:  0.0, Sum:  0.0, Workers: 4
[5051.262s][debug][gc,phases      ] GC(101)     Dead                           Min: 0, Avg:  0.0, Max: 0, Diff: 0, Sum: 0, Workers: 4
[5051.262s][debug][gc,phases      ] GC(101)     Total                          Min: 0, Avg:  0.0, Max: 0, Diff: 0, Sum: 0, Workers: 4
[5051.262s][debug][gc,phases      ] GC(101)   StringTable Weak               Min:  0.0, Avg:  0.1, Max:  0.2, Diff:  0.2, Sum:  0.5, Workers: 4
[5051.262s][debug][gc,phases      ] GC(101)     Dead                           Min: 0, Avg:  0.0, Max: 0, Diff: 0, Sum: 0, Workers: 4
[5051.262s][debug][gc,phases      ] GC(101)     Total                          Min: 0, Avg: 11972.0, Max: 16960, Diff: 16960, Sum: 47888, Workers: 4
[5051.262s][debug][gc,phases      ] GC(101)   ResolvedMethodTable Weak       Min:  0.0, Avg:  0.0, Max:  0.1, Diff:  0.1, Sum:  0.2, Workers: 4
[5051.262s][debug][gc,phases      ] GC(101)     Dead                           Min: 0, Avg:  4.0, Max: 16, Diff: 16, Sum: 16, Workers: 4
[5051.262s][debug][gc,phases      ] GC(101)     Total                          Min: 0, Avg: 3934.2, Max: 5565, Diff: 5565, Sum: 15737, Workers: 4
[5051.262s][debug][gc,phases      ] GC(101)   JNI Weak                       Min:  0.0, Avg:  0.0, Max:  0.0, Diff:  0.0, Sum:  0.0, Workers: 4
[5051.262s][debug][gc,phases      ] GC(101)     Dead                           Min: 0, Avg:  0.0, Max: 0, Diff: 0, Sum: 0, Workers: 4
[5051.262s][debug][gc,phases      ] GC(101)     Total                          Min: 0, Avg: 13.0, Max: 52, Diff: 52, Sum: 52, Workers: 4
[5051.262s][debug][gc,phases      ] GC(101)   StringDedup Table Weak         Min:  0.0, Avg:  0.0, Max:  0.0, Diff:  0.0, Sum:  0.0, Workers: 4
[5051.262s][debug][gc,phases      ] GC(101)     Dead                           Min: 0, Avg:  0.0, Max: 0, Diff: 0, Sum: 0, Workers: 4
[5051.262s][debug][gc,phases      ] GC(101)     Total                          Min: 0, Avg:  0.0, Max: 0, Diff: 0, Sum: 0, Workers: 4
[5051.262s][debug][gc,phases      ] GC(101)   StringDedup Requests0 Weak     Min:  0.0, Avg:  0.0, Max:  0.0, Diff:  0.0, Sum:  0.0, Workers: 4
[5051.262s][debug][gc,phases      ] GC(101)     Dead                           Min: 0, Avg:  0.0, Max: 0, Diff: 0, Sum: 0, Workers: 4
[5051.262s][debug][gc,phases      ] GC(101)     Total                          Min: 0, Avg:  0.0, Max: 0, Diff: 0, Sum: 0, Workers: 4
[5051.262s][debug][gc,phases      ] GC(101)   StringDedup Requests1 Weak     Min:  0.0, Avg:  0.0, Max:  0.0, Diff:  0.0, Sum:  0.0, Workers: 4
[5051.262s][debug][gc,phases      ] GC(101)     Dead                           Min: 0, Avg:  0.0, Max: 0, Diff: 0, Sum: 0, Workers: 4
[5051.262s][debug][gc,phases      ] GC(101)     Total                          Min: 0, Avg:  0.0, Max: 0, Diff: 0, Sum: 0, Workers: 4
[5051.262s][debug][gc,phases      ] GC(101)   Weak JFR Old Object Samples    Min:  0.0, Avg:  0.0, Max:  0.0, Diff:  0.0, Sum:  0.0, Workers: 4
[5051.262s][debug][gc,phases      ] GC(101)     Dead                           Min: 0, Avg:  0.0, Max: 0, Diff: 0, Sum: 0, Workers: 4
[5051.262s][debug][gc,phases      ] GC(101)     Total                          Min: 0, Avg:  0.0, Max: 0, Diff: 0, Sum: 0, Workers: 4
[5051.262s][debug][gc,phases      ] GC(101) Weak Processing 0.485ms
[5051.262s][debug][gc,age         ] GC(101) Desired survivor size 54001664 bytes, new threshold 1 (max threshold 15)
[5051.262s][info ][gc,heap        ] GC(101) PSYoungGen: 1987598K(2038272K)->8592K(2044416K) Eden: 1980928K(1980928K)->0K(1989120K) From: 6670K(57344K)->8592K(55296K)
[5051.262s][info ][gc,heap        ] GC(101) ParOldGen: 527678K(527872K)->530632K(530944K)
[5051.262s][info ][gc,metaspace   ] GC(101) Metaspace: 111473K(112896K)->111473K(112896K) NonClass: 94863K(95680K)->94863K(95680K) Class: 16610K(17216K)->16610K(17216K)
[5051.262s][info ][gc             ] GC(101) Pause Young (Allocation Failure) 2456M->526M(2515M) 8.360ms
[5051.262s][info ][gc,cpu         ] GC(101) User=0.02s Sys=0.00s Real=0.01s
[5051.262s][info ][safepoint      ] Safepoint "ParallelGCFailedAllocation", Time since last: 440822210 ns, Reaching safepoint: 6501 ns, Cleanup: 4300 ns, At safepoint: 8444924 ns, Total: 8455725 ns
[5052.262s][info ][safepoint      ] Safepoint "Cleanup", Time since last: 1000092637 ns, Reaching safepoint: 80104 ns, Cleanup: 7901 ns, At safepoint: 7700 ns, Total: 95705 ns
[5054.263s][info ][safepoint      ] Safepoint "Cleanup", Time since last: 2000198275 ns, Reaching safepoint: 81404 ns, Cleanup: 19101 ns, At safepoint: 8700 ns, Total: 109205 ns
[5055.263s][info ][safepoint      ] Safepoint "Cleanup", Time since last: 1000121295 ns, Reaching safepoint: 7500 ns, Cleanup: 13001 ns, At safepoint: 3000 ns, Total: 23501 ns
[5056.263s][info ][safepoint      ] Safepoint "Cleanup", Time since last: 1000120189 ns, Reaching safepoint: 7200 ns, Cleanup: 9901 ns, At safepoint: 2900 ns, Total: 20001 ns
[5058.263s][info ][safepoint      ] Safepoint "Cleanup", Time since last: 2000199376 ns, Reaching safepoint: 86804 ns, Cleanup: 14201 ns, At safepoint: 8900 ns, Total: 109905 ns
[5059.264s][info ][safepoint      ] Safepoint "Cleanup", Time since last: 1000127789 ns, Reaching safepoint: 7201 ns, Cleanup: 10300 ns, At safepoint: 2900 ns, Total: 20401 ns
[5060.264s][info ][safepoint      ] Safepoint "Cleanup", Time since last: 1000121889 ns, Reaching safepoint: 6900 ns, Cleanup: 12801 ns, At safepoint: 25401 ns, Total: 45102 ns
[5061.264s][info ][safepoint      ] Safepoint "Cleanup", Time since last: 1000128590 ns, Reaching safepoint: 7600 ns, Cleanup: 15401 ns, At safepoint: 2800 ns, Total: 25801 ns
[5062.264s][info ][safepoint      ] Safepoint "Cleanup", Time since last: 1000134089 ns, Reaching safepoint: 7101 ns, Cleanup: 10000 ns, At safepoint: 2500 ns, Total: 19601 ns
[5063.264s][info ][safepoint      ] Safepoint "Cleanup", Time since last: 1000116967 ns, Reaching safepoint: 7600 ns, Cleanup: 14301 ns, At safepoint: 2800 ns, Total: 24701 ns
[5064.264s][info ][safepoint      ] Safepoint "Cleanup", Time since last: 1000113437 ns, Reaching safepoint: 7000 ns, Cleanup: 14300 ns, At safepoint: 2900 ns, Total: 24200 ns
[5068.265s][info ][safepoint      ] Safepoint "Cleanup", Time since last: 4000331476 ns, Reaching safepoint: 8200 ns, Cleanup: 11901 ns, At safepoint: 2700 ns, Total: 22801 ns
[5074.265s][info ][safepoint      ] Safepoint "Cleanup", Time since last: 6000493330 ns, Reaching safepoint: 7501 ns, Cleanup: 13300 ns, At safepoint: 2500 ns, Total: 23301 ns
[5078.014s][info ][gc,start       ] GC(102) Pause Young (Allocation Failure)
[5078.022s][debug][gc,phases      ] GC(102) Scavenge 8.687ms
[5078.023s][debug][gc,ref         ] GC(102) ReferenceProcessor::execute queues: 1, RefProcThreadModel::Single, marks_oops_alive: false
[5078.023s][debug][gc,ref         ] GC(102) Skipped KeepAliveFinalRefsPhase of Reference Processing: no references
[5078.023s][debug][gc,ref         ] GC(102) Skipped PhantomRefsPhase of Reference Processing: no references
[5078.023s][debug][gc,phases      ] GC(102) Reference Processing 0.117ms
[5078.023s][debug][gc,phases      ] GC(102)   VM Weak                        Min:  0.0, Avg:  0.0, Max:  0.0, Diff:  0.0, Sum:  0.0, Workers: 4
[5078.023s][debug][gc,phases      ] GC(102)     Dead                           Min: 0, Avg:  0.0, Max: 0, Diff: 0, Sum: 0, Workers: 4
[5078.023s][debug][gc,phases      ] GC(102)     Total                          Min: 0, Avg: 260.2, Max: 529, Diff: 529, Sum: 1041, Workers: 4
[5078.023s][debug][gc,phases      ] GC(102)   ObjectSynchronizer Weak        Min:  0.0, Avg:  0.0, Max:  0.0, Diff:  0.0, Sum:  0.0, Workers: 4
[5078.023s][debug][gc,phases      ] GC(102)     Dead                           Min: 0, Avg:  0.0, Max: 0, Diff: 0, Sum: 0, Workers: 4
[5078.023s][debug][gc,phases      ] GC(102)     Total                          Min: 0, Avg:  1.0, Max: 4, Diff: 4, Sum: 4, Workers: 4
[5078.023s][debug][gc,phases      ] GC(102)   JVMTI Tag Weak OopStorage      Min:  0.0, Avg:  0.0, Max:  0.0, Diff:  0.0, Sum:  0.0, Workers: 4
[5078.023s][debug][gc,phases      ] GC(102)     Dead                           Min: 0, Avg:  0.0, Max: 0, Diff: 0, Sum: 0, Workers: 4
[5078.023s][debug][gc,phases      ] GC(102)     Total                          Min: 0, Avg:  0.0, Max: 0, Diff: 0, Sum: 0, Workers: 4
[5078.023s][debug][gc,phases      ] GC(102)   StringTable Weak               Min:  0.0, Avg:  0.1, Max:  0.2, Diff:  0.2, Sum:  0.5, Workers: 4
[5078.023s][debug][gc,phases      ] GC(102)     Dead                           Min: 0, Avg:  0.0, Max: 0, Diff: 0, Sum: 0, Workers: 4
[5078.023s][debug][gc,phases      ] GC(102)     Total                          Min: 0, Avg: 11972.0, Max: 17041, Diff: 17041, Sum: 47888, Workers: 4
[5078.023s][debug][gc,phases      ] GC(102)   ResolvedMethodTable Weak       Min:  0.0, Avg:  0.0, Max:  0.1, Diff:  0.1, Sum:  0.2, Workers: 4
[5078.023s][debug][gc,phases      ] GC(102)     Dead                           Min: 0, Avg:  4.0, Max: 16, Diff: 16, Sum: 16, Workers: 4
[5078.023s][debug][gc,phases      ] GC(102)     Total                          Min: 0, Avg: 3934.2, Max: 5824, Diff: 5824, Sum: 15737, Workers: 4
[5078.023s][debug][gc,phases      ] GC(102)   JNI Weak                       Min:  0.0, Avg:  0.0, Max:  0.0, Diff:  0.0, Sum:  0.0, Workers: 4
[5078.023s][debug][gc,phases      ] GC(102)     Dead                           Min: 0, Avg:  0.0, Max: 0, Diff: 0, Sum: 0, Workers: 4
[5078.023s][debug][gc,phases      ] GC(102)     Total                          Min: 0, Avg: 13.0, Max: 52, Diff: 52, Sum: 52, Workers: 4
[5078.023s][debug][gc,phases      ] GC(102)   StringDedup Table Weak         Min:  0.0, Avg:  0.0, Max:  0.0, Diff:  0.0, Sum:  0.0, Workers: 4
[5078.023s][debug][gc,phases      ] GC(102)     Dead                           Min: 0, Avg:  0.0, Max: 0, Diff: 0, Sum: 0, Workers: 4
[5078.023s][debug][gc,phases      ] GC(102)     Total                          Min: 0, Avg:  0.0, Max: 0, Diff: 0, Sum: 0, Workers: 4
[5078.023s][debug][gc,phases      ] GC(102)   StringDedup Requests0 Weak     Min:  0.0, Avg:  0.0, Max:  0.0, Diff:  0.0, Sum:  0.0, Workers: 4
[5078.023s][debug][gc,phases      ] GC(102)     Dead                           Min: 0, Avg:  0.0, Max: 0, Diff: 0, Sum: 0, Workers: 4
[5078.023s][debug][gc,phases      ] GC(102)     Total                          Min: 0, Avg:  0.0, Max: 0, Diff: 0, Sum: 0, Workers: 4
[5078.023s][debug][gc,phases      ] GC(102)   StringDedup Requests1 Weak     Min:  0.0, Avg:  0.0, Max:  0.0, Diff:  0.0, Sum:  0.0, Workers: 4
[5078.023s][debug][gc,phases      ] GC(102)     Dead                           Min: 0, Avg:  0.0, Max: 0, Diff: 0, Sum: 0, Workers: 4
[5078.023s][debug][gc,phases      ] GC(102)     Total                          Min: 0, Avg:  0.0, Max: 0, Diff: 0, Sum: 0, Workers: 4
[5078.023s][debug][gc,phases      ] GC(102)   Weak JFR Old Object Samples    Min:  0.0, Avg:  0.0, Max:  0.0, Diff:  0.0, Sum:  0.0, Workers: 4
[5078.023s][debug][gc,phases      ] GC(102)     Dead                           Min: 0, Avg:  0.0, Max: 0, Diff: 0, Sum: 0, Workers: 4
[5078.023s][debug][gc,phases      ] GC(102)     Total                          Min: 0, Avg:  0.0, Max: 0, Diff: 0, Sum: 0, Workers: 4
[5078.023s][debug][gc,phases      ] GC(102) Weak Processing 0.453ms
[5078.023s][debug][gc,age         ] GC(102) Desired survivor size 51904512 bytes, new threshold 1 (max threshold 15)
[5078.023s][info ][gc,heap        ] GC(102) PSYoungGen: 1997712K(2044416K)->5296K(2041856K) Eden: 1989120K(1989120K)->0K(1989120K) From: 8592K(55296K)->5296K(52736K)
[5078.023s][info ][gc,heap        ] GC(102) ParOldGen: 530632K(530944K)->536448K(536576K)
[5078.023s][info ][gc,metaspace   ] GC(102) Metaspace: 111491K(112896K)->111491K(112896K) NonClass: 94881K(95680K)->94881K(95680K) Class: 16610K(17216K)->16610K(17216K)
[5078.023s][info ][gc             ] GC(102) Pause Young (Allocation Failure) 2469M->529M(2518M) 9.409ms
[5078.023s][info ][gc,cpu         ] GC(102) User=0.03s Sys=0.00s Real=0.01s
[5078.023s][info ][safepoint      ] Safepoint "ParallelGCFailedAllocation", Time since last: 3748362354 ns, Reaching safepoint: 91804 ns, Cleanup: 4400 ns, At safepoint: 9496229 ns, Total: 9592433 ns
[5089.024s][info ][safepoint      ] Safepoint "Cleanup", Time since last: 11000819486 ns, Reaching safepoint: 8200 ns, Cleanup: 13101 ns, At safepoint: 2500 ns, Total: 23801 ns
[5091.024s][info ][safepoint      ] Safepoint "Cleanup", Time since last: 2000189925 ns, Reaching safepoint: 7100 ns, Cleanup: 10301 ns, At safepoint: 28901 ns, Total: 46302 ns
[5093.024s][info ][safepoint      ] Safepoint "Cleanup", Time since last: 2000181302 ns, Reaching safepoint: 7800 ns, Cleanup: 11501 ns, At safepoint: 2600 ns, Total: 21901 ns
[5094.025s][info ][safepoint      ] Safepoint "Cleanup", Time since last: 1000117202 ns, Reaching safepoint: 7400 ns, Cleanup: 10301 ns, At safepoint: 2500 ns, Total: 20201 ns
[5097.025s][info ][safepoint      ] Safepoint "Cleanup", Time since last: 3000250135 ns, Reaching safepoint: 7200 ns, Cleanup: 21601 ns, At safepoint: 2400 ns, Total: 31201 ns
[5099.025s][info ][safepoint      ] Safepoint "Cleanup", Time since last: 2000180013 ns, Reaching safepoint: 6900 ns, Cleanup: 17401 ns, At safepoint: 2400 ns, Total: 26701 ns
[5100.025s][info ][safepoint      ] Safepoint "Cleanup", Time since last: 1000120872 ns, Reaching safepoint: 10201 ns, Cleanup: 17400 ns, At safepoint: 2901 ns, Total: 30502 ns
[5101.829s][info ][safepoint      ] Safepoint "Cleanup", Time since last: 1804057408 ns, Reaching safepoint: 5500 ns, Cleanup: 13900 ns, At safepoint: 5901 ns, Total: 25301 ns
[5103.954s][info ][gc,start       ] GC(103) Pause Young (Allocation Failure)
[5103.962s][debug][gc,phases      ] GC(103) Scavenge 7.393ms
[5103.962s][debug][gc,ref         ] GC(103) ReferenceProcessor::execute queues: 1, RefProcThreadModel::Single, marks_oops_alive: false
[5103.962s][debug][gc,ref         ] GC(103) Skipped KeepAliveFinalRefsPhase of Reference Processing: no references
[5103.962s][debug][gc,ref         ] GC(103) Skipped PhantomRefsPhase of Reference Processing: no references
[5103.962s][debug][gc,phases      ] GC(103) Reference Processing 0.113ms
[5103.962s][debug][gc,phases      ] GC(103)   VM Weak                        Min:  0.0, Avg:  0.0, Max:  0.0, Diff:  0.0, Sum:  0.0, Workers: 4
[5103.962s][debug][gc,phases      ] GC(103)     Dead                           Min: 0, Avg:  0.0, Max: 0, Diff: 0, Sum: 0, Workers: 4
[5103.962s][debug][gc,phases      ] GC(103)     Total                          Min: 0, Avg: 260.2, Max: 768, Diff: 768, Sum: 1041, Workers: 4
[5103.962s][debug][gc,phases      ] GC(103)   ObjectSynchronizer Weak        Min:  0.0, Avg:  0.0, Max:  0.0, Diff:  0.0, Sum:  0.0, Workers: 4
[5103.962s][debug][gc,phases      ] GC(103)     Dead                           Min: 0, Avg:  0.0, Max: 0, Diff: 0, Sum: 0, Workers: 4
[5103.962s][debug][gc,phases      ] GC(103)     Total                          Min: 0, Avg:  0.8, Max: 3, Diff: 3, Sum: 3, Workers: 4
[5103.962s][debug][gc,phases      ] GC(103)   JVMTI Tag Weak OopStorage      Min:  0.0, Avg:  0.0, Max:  0.0, Diff:  0.0, Sum:  0.0, Workers: 4
[5103.962s][debug][gc,phases      ] GC(103)     Dead                           Min: 0, Avg:  0.0, Max: 0, Diff: 0, Sum: 0, Workers: 4
[5103.962s][debug][gc,phases      ] GC(103)     Total                          Min: 0, Avg:  0.0, Max: 0, Diff: 0, Sum: 0, Workers: 4
[5103.962s][debug][gc,phases      ] GC(103)   StringTable Weak               Min:  0.1, Avg:  0.1, Max:  0.1, Diff:  0.0, Sum:  0.5, Workers: 4
[5103.962s][debug][gc,phases      ] GC(103)     Dead                           Min: 0, Avg:  0.0, Max: 0, Diff: 0, Sum: 0, Workers: 4
[5103.962s][debug][gc,phases      ] GC(103)     Total                          Min: 11263, Avg: 11972.0, Max: 12689, Diff: 1426, Sum: 47888, Workers: 4
[5103.962s][debug][gc,phases      ] GC(103)   ResolvedMethodTable Weak       Min:  0.0, Avg:  0.0, Max:  0.0, Diff:  0.0, Sum:  0.2, Workers: 4
[5103.962s][debug][gc,phases      ] GC(103)     Dead                           Min: 0, Avg:  4.0, Max: 15, Diff: 15, Sum: 16, Workers: 4
[5103.962s][debug][gc,phases      ] GC(103)     Total                          Min: 3708, Avg: 3934.2, Max: 4229, Diff: 521, Sum: 15737, Workers: 4
[5103.962s][debug][gc,phases      ] GC(103)   JNI Weak                       Min:  0.0, Avg:  0.0, Max:  0.0, Diff:  0.0, Sum:  0.0, Workers: 4
[5103.962s][debug][gc,phases      ] GC(103)     Dead                           Min: 0, Avg:  0.0, Max: 0, Diff: 0, Sum: 0, Workers: 4
[5103.962s][debug][gc,phases      ] GC(103)     Total                          Min: 0, Avg: 13.0, Max: 52, Diff: 52, Sum: 52, Workers: 4
[5103.962s][debug][gc,phases      ] GC(103)   StringDedup Table Weak         Min:  0.0, Avg:  0.0, Max:  0.0, Diff:  0.0, Sum:  0.0, Workers: 4
[5103.962s][debug][gc,phases      ] GC(103)     Dead                           Min: 0, Avg:  0.0, Max: 0, Diff: 0, Sum: 0, Workers: 4
[5103.962s][debug][gc,phases      ] GC(103)     Total                          Min: 0, Avg:  0.0, Max: 0, Diff: 0, Sum: 0, Workers: 4
[5103.962s][debug][gc,phases      ] GC(103)   StringDedup Requests0 Weak     Min:  0.0, Avg:  0.0, Max:  0.0, Diff:  0.0, Sum:  0.0, Workers: 4
[5103.962s][debug][gc,phases      ] GC(103)     Dead                           Min: 0, Avg:  0.0, Max: 0, Diff: 0, Sum: 0, Workers: 4
[5103.962s][debug][gc,phases      ] GC(103)     Total                          Min: 0, Avg:  0.0, Max: 0, Diff: 0, Sum: 0, Workers: 4
[5103.962s][debug][gc,phases      ] GC(103)   StringDedup Requests1 Weak     Min:  0.0, Avg:  0.0, Max:  0.0, Diff:  0.0, Sum:  0.0, Workers: 4
[5103.962s][debug][gc,phases      ] GC(103)     Dead                           Min: 0, Avg:  0.0, Max: 0, Diff: 0, Sum: 0, Workers: 4
[5103.962s][debug][gc,phases      ] GC(103)     Total                          Min: 0, Avg:  0.0, Max: 0, Diff: 0, Sum: 0, Workers: 4
[5103.962s][debug][gc,phases      ] GC(103)   Weak JFR Old Object Samples    Min:  0.0, Avg:  0.0, Max:  0.0, Diff:  0.0, Sum:  0.0, Workers: 4
[5103.962s][debug][gc,phases      ] GC(103)     Dead                           Min: 0, Avg:  0.0, Max: 0, Diff: 0, Sum: 0, Workers: 4
[5103.962s][debug][gc,phases      ] GC(103)     Total                          Min: 0, Avg:  0.0, Max: 0, Diff: 0, Sum: 0, Workers: 4
[5103.962s][debug][gc,phases      ] GC(103) Weak Processing 0.400ms
[5103.962s][debug][gc,age         ] GC(103) Desired survivor size 49283072 bytes, new threshold 1 (max threshold 15)
[5103.962s][info ][gc,heap        ] GC(103) PSYoungGen: 1994416K(2041856K)->8160K(2049024K) Eden: 1989120K(1989120K)->0K(1998336K) From: 5296K(52736K)->8160K(50688K)
[5103.962s][info ][gc,heap        ] GC(103) ParOldGen: 536448K(536576K)->537756K(538112K)
[5103.962s][info ][gc,metaspace   ] GC(103) Metaspace: 111500K(112896K)->111500K(112896K) NonClass: 94890K(95680K)->94890K(95680K) Class: 16610K(17216K)->16610K(17216K)
[5103.962s][info ][gc             ] GC(103) Pause Young (Allocation Failure) 2471M->533M(2526M) 8.057ms
[5103.962s][info ][gc,cpu         ] GC(103) User=0.03s Sys=0.00s Real=0.01s
[5103.962s][info ][safepoint      ] Safepoint "ParallelGCFailedAllocation", Time since last: 2124682599 ns, Reaching safepoint: 83902 ns, Cleanup: 4401 ns, At safepoint: 8145484 ns, Total: 8233787 ns
[5104.962s][info ][safepoint      ] Safepoint "Cleanup", Time since last: 1000097829 ns, Reaching safepoint: 81003 ns, Cleanup: 10300 ns, At safepoint: 6400 ns, Total: 97703 ns
[5106.963s][info ][safepoint      ] Safepoint "Cleanup", Time since last: 2000198557 ns, Reaching safepoint: 9101 ns, Cleanup: 14800 ns, At safepoint: 3300 ns, Total: 27201 ns
[5107.963s][info ][safepoint      ] Safepoint "Cleanup", Time since last: 1000115930 ns, Reaching safepoint: 11600 ns, Cleanup: 9900 ns, At safepoint: 2800 ns, Total: 24300 ns
[5108.963s][info ][safepoint      ] Safepoint "Cleanup", Time since last: 1000121881 ns, Reaching safepoint: 84103 ns, Cleanup: 11601 ns, At safepoint: 6400 ns, Total: 102104 ns
[5109.963s][info ][safepoint      ] Safepoint "Cleanup", Time since last: 1000124651 ns, Reaching safepoint: 7700 ns, Cleanup: 20001 ns, At safepoint: 2700 ns, Total: 30401 ns
[5110.963s][info ][safepoint      ] Safepoint "Cleanup", Time since last: 1000115551 ns, Reaching safepoint: 6601 ns, Cleanup: 9700 ns, At safepoint: 2500 ns, Total: 18801 ns
[5111.963s][info ][safepoint      ] Safepoint "Cleanup", Time since last: 1000120365 ns, Reaching safepoint: 83404 ns, Cleanup: 6600 ns, At safepoint: 10900 ns, Total: 100904 ns
[5112.964s][info ][safepoint      ] Safepoint "Cleanup", Time since last: 1000131864 ns, Reaching safepoint: 81203 ns, Cleanup: 11301 ns, At safepoint: 6300 ns, Total: 98804 ns
[5113.964s][info ][safepoint      ] Safepoint "Cleanup", Time since last: 1000137664 ns, Reaching safepoint: 7800 ns, Cleanup: 20901 ns, At safepoint: 3100 ns, Total: 31801 ns
[5114.964s][info ][safepoint      ] Safepoint "Cleanup", Time since last: 1000125064 ns, Reaching safepoint: 7500 ns, Cleanup: 10200 ns, At safepoint: 3200 ns, Total: 20900 ns
[5117.964s][info ][safepoint      ] Safepoint "Cleanup", Time since last: 3000258086 ns, Reaching safepoint: 9000 ns, Cleanup: 15301 ns, At safepoint: 3100 ns, Total: 27401 ns
[5118.964s][info ][safepoint      ] Safepoint "Cleanup", Time since last: 1000125264 ns, Reaching safepoint: 7700 ns, Cleanup: 11300 ns, At safepoint: 2901 ns, Total: 21901 ns
[5121.965s][info ][safepoint      ] Safepoint "Cleanup", Time since last: 3000273360 ns, Reaching safepoint: 8800 ns, Cleanup: 15301 ns, At safepoint: 2700 ns, Total: 26801 ns
[5122.965s][info ][safepoint      ] Safepoint "Cleanup", Time since last: 1000119423 ns, Reaching safepoint: 8200 ns, Cleanup: 8900 ns, At safepoint: 3000 ns, Total: 20100 ns
[5125.965s][info ][safepoint      ] Safepoint "Cleanup", Time since last: 3000266698 ns, Reaching safepoint: 82603 ns, Cleanup: 11301 ns, At safepoint: 12400 ns, Total: 106304 ns
[5126.965s][info ][safepoint      ] Safepoint "Cleanup", Time since last: 1000126052 ns, Reaching safepoint: 86104 ns, Cleanup: 11500 ns, At safepoint: 6700 ns, Total: 104304 ns
[5127.955s][info ][gc,start       ] GC(104) Pause Young (Allocation Failure)
[5127.962s][debug][gc,phases      ] GC(104) Scavenge 7.491ms
[5127.962s][debug][gc,ref         ] GC(104) ReferenceProcessor::execute queues: 1, RefProcThreadModel::Single, marks_oops_alive: false
[5127.962s][debug][gc,ref         ] GC(104) Skipped KeepAliveFinalRefsPhase of Reference Processing: no references
[5127.962s][debug][gc,ref         ] GC(104) ReferenceProcessor::execute queues: 1, RefProcThreadModel::Single, marks_oops_alive: false
[5127.962s][debug][gc,phases      ] GC(104) Reference Processing 0.127ms
[5127.963s][debug][gc,phases      ] GC(104)   VM Weak                        Min:  0.0, Avg:  0.0, Max:  0.0, Diff:  0.0, Sum:  0.0, Workers: 4
[5127.963s][debug][gc,phases      ] GC(104)     Dead                           Min: 0, Avg:  0.0, Max: 0, Diff: 0, Sum: 0, Workers: 4
[5127.963s][debug][gc,phases      ] GC(104)     Total                          Min: 0, Avg: 260.2, Max: 913, Diff: 913, Sum: 1041, Workers: 4
[5127.963s][debug][gc,phases      ] GC(104)   ObjectSynchronizer Weak        Min:  0.0, Avg:  0.0, Max:  0.0, Diff:  0.0, Sum:  0.0, Workers: 4
[5127.963s][debug][gc,phases      ] GC(104)     Dead                           Min: 0, Avg:  0.0, Max: 0, Diff: 0, Sum: 0, Workers: 4
[5127.963s][debug][gc,phases      ] GC(104)     Total                          Min: 0, Avg:  1.0, Max: 4, Diff: 4, Sum: 4, Workers: 4
[5127.963s][debug][gc,phases      ] GC(104)   JVMTI Tag Weak OopStorage      Min:  0.0, Avg:  0.0, Max:  0.0, Diff:  0.0, Sum:  0.0, Workers: 4
[5127.963s][debug][gc,phases      ] GC(104)     Dead                           Min: 0, Avg:  0.0, Max: 0, Diff: 0, Sum: 0, Workers: 4
[5127.963s][debug][gc,phases      ] GC(104)     Total                          Min: 0, Avg:  0.0, Max: 0, Diff: 0, Sum: 0, Workers: 4
[5127.963s][debug][gc,phases      ] GC(104)   StringTable Weak               Min:  0.0, Avg:  0.1, Max:  0.2, Diff:  0.2, Sum:  0.4, Workers: 4
[5127.963s][debug][gc,phases      ] GC(104)     Dead                           Min: 0, Avg:  0.0, Max: 0, Diff: 0, Sum: 0, Workers: 4
[5127.963s][debug][gc,phases      ] GC(104)     Total                          Min: 0, Avg: 11972.5, Max: 17619, Diff: 17619, Sum: 47890, Workers: 4
[5127.963s][debug][gc,phases      ] GC(104)   ResolvedMethodTable Weak       Min:  0.0, Avg:  0.0, Max:  0.1, Diff:  0.1, Sum:  0.2, Workers: 4
[5127.963s][debug][gc,phases      ] GC(104)     Dead                           Min: 0, Avg:  4.2, Max: 9, Diff: 9, Sum: 17, Workers: 4
[5127.963s][debug][gc,phases      ] GC(104)     Total                          Min: 0, Avg: 3934.8, Max: 5823, Diff: 5823, Sum: 15739, Workers: 4
[5127.963s][debug][gc,phases      ] GC(104)   JNI Weak                       Min:  0.0, Avg:  0.0, Max:  0.0, Diff:  0.0, Sum:  0.0, Workers: 4
[5127.963s][debug][gc,phases      ] GC(104)     Dead                           Min: 0, Avg:  0.0, Max: 0, Diff: 0, Sum: 0, Workers: 4
[5127.963s][debug][gc,phases      ] GC(104)     Total                          Min: 0, Avg: 13.0, Max: 52, Diff: 52, Sum: 52, Workers: 4
[5127.963s][debug][gc,phases      ] GC(104)   StringDedup Table Weak         Min:  0.0, Avg:  0.0, Max:  0.0, Diff:  0.0, Sum:  0.0, Workers: 4
[5127.963s][debug][gc,phases      ] GC(104)     Dead                           Min: 0, Avg:  0.0, Max: 0, Diff: 0, Sum: 0, Workers: 4
[5127.963s][debug][gc,phases      ] GC(104)     Total                          Min: 0, Avg:  0.0, Max: 0, Diff: 0, Sum: 0, Workers: 4
[5127.963s][debug][gc,phases      ] GC(104)   StringDedup Requests0 Weak     Min:  0.0, Avg:  0.0, Max:  0.0, Diff:  0.0, Sum:  0.0, Workers: 4
[5127.963s][debug][gc,phases      ] GC(104)     Dead                           Min: 0, Avg:  0.0, Max: 0, Diff: 0, Sum: 0, Workers: 4
[5127.963s][debug][gc,phases      ] GC(104)     Total                          Min: 0, Avg:  0.0, Max: 0, Diff: 0, Sum: 0, Workers: 4
[5127.963s][debug][gc,phases      ] GC(104)   StringDedup Requests1 Weak     Min:  0.0, Avg:  0.0, Max:  0.0, Diff:  0.0, Sum:  0.0, Workers: 4
[5127.963s][debug][gc,phases      ] GC(104)     Dead                           Min: 0, Avg:  0.0, Max: 0, Diff: 0, Sum: 0, Workers: 4
[5127.963s][debug][gc,phases      ] GC(104)     Total                          Min: 0, Avg:  0.0, Max: 0, Diff: 0, Sum: 0, Workers: 4
[5127.963s][debug][gc,phases      ] GC(104)   Weak JFR Old Object Samples    Min:  0.0, Avg:  0.0, Max:  0.0, Diff:  0.0, Sum:  0.0, Workers: 4
[5127.963s][debug][gc,phases      ] GC(104)     Dead                           Min: 0, Avg:  0.0, Max: 0, Diff: 0, Sum: 0, Workers: 4
[5127.963s][debug][gc,phases      ] GC(104)     Total                          Min: 0, Avg:  0.0, Max: 0, Diff: 0, Sum: 0, Workers: 4
[5127.963s][debug][gc,phases      ] GC(104) Weak Processing 0.444ms
[5127.963s][debug][gc,age         ] GC(104) Desired survivor size 47185920 bytes, new threshold 1 (max threshold 15)
[5127.963s][info ][gc,heap        ] GC(104) PSYoungGen: 2006496K(2049024K)->5579K(2046464K) Eden: 1998336K(1998336K)->0K(1998336K) From: 8160K(50688K)->5579K(48128K)
[5127.963s][info ][gc,heap        ] GC(104) ParOldGen: 537756K(538112K)->542881K(543232K)
[5127.963s][info ][gc,metaspace   ] GC(104) Metaspace: 111520K(112896K)->111520K(112896K) NonClass: 94909K(95680K)->94909K(95680K) Class: 16611K(17216K)->16611K(17216K)
[5127.963s][info ][gc             ] GC(104) Pause Young (Allocation Failure) 2484M->535M(2529M) 8.367ms
[5127.963s][info ][gc,cpu         ] GC(104) User=0.02s Sys=0.00s Real=0.01s
[5127.963s][info ][safepoint      ] Safepoint "ParallelGCFailedAllocation", Time since last: 989121297 ns, Reaching safepoint: 81502 ns, Cleanup: 3900 ns, At safepoint: 8458979 ns, Total: 8544381 ns
[5130.964s][info ][safepoint      ] Safepoint "Cleanup", Time since last: 3000285807 ns, Reaching safepoint: 90203 ns, Cleanup: 11200 ns, At safepoint: 7001 ns, Total: 108404 ns
[5132.964s][info ][safepoint      ] Safepoint "Cleanup", Time since last: 2000230529 ns, Reaching safepoint: 86204 ns, Cleanup: 11000 ns, At safepoint: 8800 ns, Total: 106004 ns
[5135.964s][info ][safepoint      ] Safepoint "Cleanup", Time since last: 3000291239 ns, Reaching safepoint: 86403 ns, Cleanup: 12900 ns, At safepoint: 7201 ns, Total: 106504 ns
[5138.965s][info ][safepoint      ] Safepoint "Cleanup", Time since last: 3000447747 ns, Reaching safepoint: 80703 ns, Cleanup: 33501 ns, At safepoint: 7500 ns, Total: 121704 ns
[5139.965s][info ][safepoint      ] Safepoint "Cleanup", Time since last: 1000121748 ns, Reaching safepoint: 81303 ns, Cleanup: 8901 ns, At safepoint: 7500 ns, Total: 97704 ns
[5140.965s][info ][safepoint      ] Safepoint "Cleanup", Time since last: 1000122348 ns, Reaching safepoint: 8100 ns, Cleanup: 17701 ns, At safepoint: 2600 ns, Total: 28401 ns
[5142.966s][info ][safepoint      ] Safepoint "Cleanup", Time since last: 2000191294 ns, Reaching safepoint: 81003 ns, Cleanup: 10701 ns, At safepoint: 6900 ns, Total: 98604 ns
[5144.966s][info ][safepoint      ] Safepoint "Cleanup", Time since last: 2000205828 ns, Reaching safepoint: 8300 ns, Cleanup: 9801 ns, At safepoint: 3000 ns, Total: 21101 ns
[5150.821s][info ][gc,start       ] GC(105) Pause Young (Allocation Failure)
[5150.827s][debug][gc,phases      ] GC(105) Scavenge 5.993ms
[5150.827s][debug][gc,ref         ] GC(105) ReferenceProcessor::execute queues: 1, RefProcThreadModel::Single, marks_oops_alive: false
[5150.827s][debug][gc,ref         ] GC(105) Skipped KeepAliveFinalRefsPhase of Reference Processing: no references
[5150.827s][debug][gc,ref         ] GC(105) ReferenceProcessor::execute queues: 1, RefProcThreadModel::Single, marks_oops_alive: false
[5150.827s][debug][gc,phases      ] GC(105) Reference Processing 0.107ms
[5150.827s][debug][gc,phases      ] GC(105)   VM Weak                        Min:  0.0, Avg:  0.0, Max:  0.0, Diff:  0.0, Sum:  0.0, Workers: 4
[5150.827s][debug][gc,phases      ] GC(105)     Dead                           Min: 0, Avg:  0.0, Max: 0, Diff: 0, Sum: 0, Workers: 4
[5150.827s][debug][gc,phases      ] GC(105)     Total                          Min: 0, Avg: 260.2, Max: 977, Diff: 977, Sum: 1041, Workers: 4
[5150.827s][debug][gc,phases      ] GC(105)   ObjectSynchronizer Weak        Min:  0.0, Avg:  0.0, Max:  0.0, Diff:  0.0, Sum:  0.0, Workers: 4
[5150.828s][debug][gc,phases      ] GC(105)     Dead                           Min: 0, Avg:  0.0, Max: 0, Diff: 0, Sum: 0, Workers: 4
[5150.828s][debug][gc,phases      ] GC(105)     Total                          Min: 0, Avg:  1.0, Max: 4, Diff: 4, Sum: 4, Workers: 4
[5150.828s][debug][gc,phases      ] GC(105)   JVMTI Tag Weak OopStorage      Min:  0.0, Avg:  0.0, Max:  0.0, Diff:  0.0, Sum:  0.0, Workers: 4
[5150.828s][debug][gc,phases      ] GC(105)     Dead                           Min: 0, Avg:  0.0, Max: 0, Diff: 0, Sum: 0, Workers: 4
[5150.828s][debug][gc,phases      ] GC(105)     Total                          Min: 0, Avg:  0.0, Max: 0, Diff: 0, Sum: 0, Workers: 4
[5150.828s][debug][gc,phases      ] GC(105)   StringTable Weak               Min:  0.0, Avg:  0.1, Max:  0.2, Diff:  0.2, Sum:  0.5, Workers: 4
[5150.828s][debug][gc,phases      ] GC(105)     Dead                           Min: 0, Avg:  0.0, Max: 0, Diff: 0, Sum: 0, Workers: 4
[5150.828s][debug][gc,phases      ] GC(105)     Total                          Min: 0, Avg: 11972.5, Max: 16960, Diff: 16960, Sum: 47890, Workers: 4
[5150.828s][debug][gc,phases      ] GC(105)   ResolvedMethodTable Weak       Min:  0.0, Avg:  0.0, Max:  0.1, Diff:  0.1, Sum:  0.2, Workers: 4
[5150.828s][debug][gc,phases      ] GC(105)     Dead                           Min: 0, Avg:  4.0, Max: 8, Diff: 8, Sum: 16, Workers: 4
[5150.828s][debug][gc,phases      ] GC(105)     Total                          Min: 0, Avg: 3934.8, Max: 5714, Diff: 5714, Sum: 15739, Workers: 4
[5150.828s][debug][gc,phases      ] GC(105)   JNI Weak                       Min:  0.0, Avg:  0.0, Max:  0.0, Diff:  0.0, Sum:  0.0, Workers: 4
[5150.828s][debug][gc,phases      ] GC(105)     Dead                           Min: 0, Avg:  0.0, Max: 0, Diff: 0, Sum: 0, Workers: 4
[5150.828s][debug][gc,phases      ] GC(105)     Total                          Min: 0, Avg: 13.0, Max: 52, Diff: 52, Sum: 52, Workers: 4
[5150.828s][debug][gc,phases      ] GC(105)   StringDedup Table Weak         Min:  0.0, Avg:  0.0, Max:  0.0, Diff:  0.0, Sum:  0.0, Workers: 4
[5150.828s][debug][gc,phases      ] GC(105)     Dead                           Min: 0, Avg:  0.0, Max: 0, Diff: 0, Sum: 0, Workers: 4
[5150.828s][debug][gc,phases      ] GC(105)     Total                          Min: 0, Avg:  0.0, Max: 0, Diff: 0, Sum: 0, Workers: 4
[5150.828s][debug][gc,phases      ] GC(105)   StringDedup Requests0 Weak     Min:  0.0, Avg:  0.0, Max:  0.0, Diff:  0.0, Sum:  0.0, Workers: 4
[5150.828s][debug][gc,phases      ] GC(105)     Dead                           Min: 0, Avg:  0.0, Max: 0, Diff: 0, Sum: 0, Workers: 4
[5150.828s][debug][gc,phases      ] GC(105)     Total                          Min: 0, Avg:  0.0, Max: 0, Diff: 0, Sum: 0, Workers: 4
[5150.828s][debug][gc,phases      ] GC(105)   StringDedup Requests1 Weak     Min:  0.0, Avg:  0.0, Max:  0.0, Diff:  0.0, Sum:  0.0, Workers: 4
[5150.828s][debug][gc,phases      ] GC(105)     Dead                           Min: 0, Avg:  0.0, Max: 0, Diff: 0, Sum: 0, Workers: 4
[5150.828s][debug][gc,phases      ] GC(105)     Total                          Min: 0, Avg:  0.0, Max: 0, Diff: 0, Sum: 0, Workers: 4
[5150.828s][debug][gc,phases      ] GC(105)   Weak JFR Old Object Samples    Min:  0.0, Avg:  0.0, Max:  0.0, Diff:  0.0, Sum:  0.0, Workers: 4
[5150.828s][debug][gc,phases      ] GC(105)     Dead                           Min: 0, Avg:  0.0, Max: 0, Diff: 0, Sum: 0, Workers: 4
[5150.828s][debug][gc,phases      ] GC(105)     Total                          Min: 0, Avg:  0.0, Max: 0, Diff: 0, Sum: 0, Workers: 4
[5150.828s][debug][gc,phases      ] GC(105) Weak Processing 0.455ms
[5150.828s][debug][gc,age         ] GC(105) Desired survivor size 45088768 bytes, new threshold 1 (max threshold 15)
[5150.828s][info ][gc,heap        ] GC(105) PSYoungGen: 2003915K(2046464K)->6115K(2053120K) Eden: 1998336K(1998336K)->0K(2007040K) From: 5579K(48128K)->6115K(46080K)
[5150.828s][info ][gc,heap        ] GC(105) ParOldGen: 542881K(543232K)->545509K(545792K)
[5150.828s][info ][gc,metaspace   ] GC(105) Metaspace: 111532K(112896K)->111532K(112896K) NonClass: 94921K(95680K)->94921K(95680K) Class: 16611K(17216K)->16611K(17216K)
[5150.828s][info ][gc             ] GC(105) Pause Young (Allocation Failure) 2487M->538M(2538M) 6.711ms
[5150.828s][info ][gc,cpu         ] GC(105) User=0.02s Sys=0.00s Real=0.00s
[5150.828s][info ][safepoint      ] Safepoint "ParallelGCFailedAllocation", Time since last: 5855171161 ns, Reaching safepoint: 80303 ns, Cleanup: 3600 ns, At safepoint: 6803953 ns, Total: 6887856 ns
[5151.828s][info ][safepoint      ] Safepoint "Cleanup", Time since last: 1000089586 ns, Reaching safepoint: 8100 ns, Cleanup: 10601 ns, At safepoint: 2600 ns, Total: 21301 ns
[5152.828s][info ][safepoint      ] Safepoint "Cleanup", Time since last: 1000113990 ns, Reaching safepoint: 8100 ns, Cleanup: 9601 ns, At safepoint: 26201 ns, Total: 43902 ns
[5153.828s][info ][safepoint      ] Safepoint "Cleanup", Time since last: 1000103490 ns, Reaching safepoint: 8000 ns, Cleanup: 12801 ns, At safepoint: 2700 ns, Total: 23501 ns
[5156.828s][info ][safepoint      ] Safepoint "Cleanup", Time since last: 3000251968 ns, Reaching safepoint: 7600 ns, Cleanup: 13000 ns, At safepoint: 3001 ns, Total: 23601 ns
[5157.829s][info ][safepoint      ] Safepoint "Cleanup", Time since last: 1000108190 ns, Reaching safepoint: 5900 ns, Cleanup: 8200 ns, At safepoint: 2500 ns, Total: 16600 ns
[5159.829s][info ][safepoint      ] Safepoint "Cleanup", Time since last: 2000201439 ns, Reaching safepoint: 11901 ns, Cleanup: 13300 ns, At safepoint: 3300 ns, Total: 28501 ns
[5161.829s][info ][safepoint      ] Safepoint "Cleanup", Time since last: 2000188753 ns, Reaching safepoint: 8601 ns, Cleanup: 11300 ns, At safepoint: 2500 ns, Total: 22401 ns
[5173.704s][info ][gc,start       ] GC(106) Pause Young (Allocation Failure)
[5173.709s][debug][gc,phases      ] GC(106) Scavenge 4.873ms
[5173.709s][debug][gc,ref         ] GC(106) ReferenceProcessor::execute queues: 1, RefProcThreadModel::Single, marks_oops_alive: false
[5173.709s][debug][gc,ref         ] GC(106) Skipped KeepAliveFinalRefsPhase of Reference Processing: no references
[5173.709s][debug][gc,ref         ] GC(106) ReferenceProcessor::execute queues: 1, RefProcThreadModel::Single, marks_oops_alive: false
[5173.709s][debug][gc,phases      ] GC(106) Reference Processing 0.118ms
[5173.710s][debug][gc,phases      ] GC(106)   VM Weak                        Min:  0.0, Avg:  0.0, Max:  0.0, Diff:  0.0, Sum:  0.0, Workers: 4
[5173.710s][debug][gc,phases      ] GC(106)     Dead                           Min: 0, Avg:  0.0, Max: 0, Diff: 0, Sum: 0, Workers: 4
[5173.710s][debug][gc,phases      ] GC(106)     Total                          Min: 0, Avg: 260.2, Max: 640, Diff: 640, Sum: 1041, Workers: 4
[5173.710s][debug][gc,phases      ] GC(106)   ObjectSynchronizer Weak        Min:  0.0, Avg:  0.0, Max:  0.0, Diff:  0.0, Sum:  0.0, Workers: 4
[5173.710s][debug][gc,phases      ] GC(106)     Dead                           Min: 0, Avg:  0.0, Max: 0, Diff: 0, Sum: 0, Workers: 4
[5173.710s][debug][gc,phases      ] GC(106)     Total                          Min: 0, Avg:  1.0, Max: 4, Diff: 4, Sum: 4, Workers: 4
[5173.710s][debug][gc,phases      ] GC(106)   JVMTI Tag Weak OopStorage      Min:  0.0, Avg:  0.0, Max:  0.0, Diff:  0.0, Sum:  0.0, Workers: 4
[5173.710s][debug][gc,phases      ] GC(106)     Dead                           Min: 0, Avg:  0.0, Max: 0, Diff: 0, Sum: 0, Workers: 4
[5173.710s][debug][gc,phases      ] GC(106)     Total                          Min: 0, Avg:  0.0, Max: 0, Diff: 0, Sum: 0, Workers: 4
[5173.710s][debug][gc,phases      ] GC(106)   StringTable Weak               Min:  0.0, Avg:  0.1, Max:  0.1, Diff:  0.1, Sum:  0.4, Workers: 4
[5173.710s][debug][gc,phases      ] GC(106)     Dead                           Min: 0, Avg:  0.0, Max: 0, Diff: 0, Sum: 0, Workers: 4
[5173.710s][debug][gc,phases      ] GC(106)     Total                          Min: 0, Avg: 11972.8, Max: 16959, Diff: 16959, Sum: 47891, Workers: 4
[5173.710s][debug][gc,phases      ] GC(106)   ResolvedMethodTable Weak       Min:  0.0, Avg:  0.0, Max:  0.1, Diff:  0.1, Sum:  0.2, Workers: 4
[5173.710s][debug][gc,phases      ] GC(106)     Dead                           Min: 0, Avg:  0.0, Max: 0, Diff: 0, Sum: 0, Workers: 4
[5173.710s][debug][gc,phases      ] GC(106)     Total                          Min: 0, Avg: 3934.8, Max: 5849, Diff: 5849, Sum: 15739, Workers: 4
[5173.710s][debug][gc,phases      ] GC(106)   JNI Weak                       Min:  0.0, Avg:  0.0, Max:  0.0, Diff:  0.0, Sum:  0.0, Workers: 4
[5173.710s][debug][gc,phases      ] GC(106)     Dead                           Min: 0, Avg:  0.0, Max: 0, Diff: 0, Sum: 0, Workers: 4
[5173.710s][debug][gc,phases      ] GC(106)     Total                          Min: 0, Avg: 13.0, Max: 52, Diff: 52, Sum: 52, Workers: 4
[5173.710s][debug][gc,phases      ] GC(106)   StringDedup Table Weak         Min:  0.0, Avg:  0.0, Max:  0.0, Diff:  0.0, Sum:  0.0, Workers: 4
[5173.710s][debug][gc,phases      ] GC(106)     Dead                           Min: 0, Avg:  0.0, Max: 0, Diff: 0, Sum: 0, Workers: 4
[5173.710s][debug][gc,phases      ] GC(106)     Total                          Min: 0, Avg:  0.0, Max: 0, Diff: 0, Sum: 0, Workers: 4
[5173.710s][debug][gc,phases      ] GC(106)   StringDedup Requests0 Weak     Min:  0.0, Avg:  0.0, Max:  0.0, Diff:  0.0, Sum:  0.0, Workers: 4
[5173.710s][debug][gc,phases      ] GC(106)     Dead                           Min: 0, Avg:  0.0, Max: 0, Diff: 0, Sum: 0, Workers: 4
[5173.710s][debug][gc,phases      ] GC(106)     Total                          Min: 0, Avg:  0.0, Max: 0, Diff: 0, Sum: 0, Workers: 4
[5173.710s][debug][gc,phases      ] GC(106)   StringDedup Requests1 Weak     Min:  0.0, Avg:  0.0, Max:  0.0, Diff:  0.0, Sum:  0.0, Workers: 4
[5173.710s][debug][gc,phases      ] GC(106)     Dead                           Min: 0, Avg:  0.0, Max: 0, Diff: 0, Sum: 0, Workers: 4
[5173.710s][debug][gc,phases      ] GC(106)     Total                          Min: 0, Avg:  0.0, Max: 0, Diff: 0, Sum: 0, Workers: 4
[5173.710s][debug][gc,phases      ] GC(106)   Weak JFR Old Object Samples    Min:  0.0, Avg:  0.0, Max:  0.0, Diff:  0.0, Sum:  0.0, Workers: 4
[5173.710s][debug][gc,phases      ] GC(106)     Dead                           Min: 0, Avg:  0.0, Max: 0, Diff: 0, Sum: 0, Workers: 4
[5173.710s][debug][gc,phases      ] GC(106)     Total                          Min: 0, Avg:  0.0, Max: 0, Diff: 0, Sum: 0, Workers: 4
[5173.710s][debug][gc,phases      ] GC(106) Weak Processing 0.440ms
[5173.710s][debug][gc,age         ] GC(106) Desired survivor size 42991616 bytes, new threshold 1 (max threshold 15)
[5173.710s][info ][gc,heap        ] GC(106) PSYoungGen: 2013155K(2053120K)->4408K(2051072K) Eden: 2007040K(2007040K)->0K(2007040K) From: 6115K(46080K)->4408K(44032K)
[5173.710s][info ][gc,heap        ] GC(106) ParOldGen: 545509K(545792K)->547401K(547840K)
[5173.710s][info ][gc,metaspace   ] GC(106) Metaspace: 111536K(112896K)->111536K(112896K) NonClass: 94925K(95680K)->94925K(95680K) Class: 16611K(17216K)->16611K(17216K)
[5173.710s][info ][gc             ] GC(106) Pause Young (Allocation Failure) 2498M->538M(2538M) 5.585ms
[5173.710s][info ][gc,cpu         ] GC(106) User=0.02s Sys=0.00s Real=0.00s
[5173.710s][info ][safepoint      ] Safepoint "ParallelGCFailedAllocation", Time since last: 11875162858 ns, Reaching safepoint: 79503 ns, Cleanup: 4700 ns, At safepoint: 5672196 ns, Total: 5756399 ns
[5179.710s][info ][safepoint      ] Safepoint "Cleanup", Time since last: 6000444305 ns, Reaching safepoint: 80402 ns, Cleanup: 15101 ns, At safepoint: 6600 ns, Total: 102103 ns
[5181.711s][info ][safepoint      ] Safepoint "Cleanup", Time since last: 2000190208 ns, Reaching safepoint: 81002 ns, Cleanup: 10801 ns, At safepoint: 7300 ns, Total: 99103 ns
[5197.305s][info ][gc,start       ] GC(107) Pause Young (Allocation Failure)
[5197.310s][debug][gc,phases      ] GC(107) Scavenge 5.522ms
[5197.311s][debug][gc,ref         ] GC(107) ReferenceProcessor::execute queues: 1, RefProcThreadModel::Single, marks_oops_alive: false
[5197.311s][debug][gc,ref         ] GC(107) Skipped KeepAliveFinalRefsPhase of Reference Processing: no references
[5197.311s][debug][gc,ref         ] GC(107) Skipped PhantomRefsPhase of Reference Processing: no references
[5197.311s][debug][gc,phases      ] GC(107) Reference Processing 0.116ms
[5197.311s][debug][gc,phases      ] GC(107)   VM Weak                        Min:  0.0, Avg:  0.0, Max:  0.0, Diff:  0.0, Sum:  0.0, Workers: 4
[5197.311s][debug][gc,phases      ] GC(107)     Dead                           Min: 0, Avg:  0.0, Max: 0, Diff: 0, Sum: 0, Workers: 4
[5197.311s][debug][gc,phases      ] GC(107)     Total                          Min: 0, Avg: 260.2, Max: 832, Diff: 832, Sum: 1041, Workers: 4
[5197.311s][debug][gc,phases      ] GC(107)   ObjectSynchronizer Weak        Min:  0.0, Avg:  0.0, Max:  0.0, Diff:  0.0, Sum:  0.0, Workers: 4
[5197.311s][debug][gc,phases      ] GC(107)     Dead                           Min: 0, Avg:  0.0, Max: 0, Diff: 0, Sum: 0, Workers: 4
[5197.311s][debug][gc,phases      ] GC(107)     Total                          Min: 0, Avg:  1.0, Max: 4, Diff: 4, Sum: 4, Workers: 4
[5197.311s][debug][gc,phases      ] GC(107)   JVMTI Tag Weak OopStorage      Min:  0.0, Avg:  0.0, Max:  0.0, Diff:  0.0, Sum:  0.0, Workers: 4
[5197.311s][debug][gc,phases      ] GC(107)     Dead                           Min: 0, Avg:  0.0, Max: 0, Diff: 0, Sum: 0, Workers: 4
[5197.311s][debug][gc,phases      ] GC(107)     Total                          Min: 0, Avg:  0.0, Max: 0, Diff: 0, Sum: 0, Workers: 4
[5197.311s][debug][gc,phases      ] GC(107)   StringTable Weak               Min:  0.0, Avg:  0.1, Max:  0.2, Diff:  0.2, Sum:  0.5, Workers: 4
[5197.311s][debug][gc,phases      ] GC(107)     Dead                           Min: 0, Avg:  0.0, Max: 0, Diff: 0, Sum: 0, Workers: 4
[5197.311s][debug][gc,phases      ] GC(107)     Total                          Min: 0, Avg: 11972.8, Max: 16639, Diff: 16639, Sum: 47891, Workers: 4
[5197.311s][debug][gc,phases      ] GC(107)   ResolvedMethodTable Weak       Min:  0.0, Avg:  0.0, Max:  0.1, Diff:  0.1, Sum:  0.2, Workers: 4
[5197.311s][debug][gc,phases      ] GC(107)     Dead                           Min: 0, Avg:  4.0, Max: 15, Diff: 15, Sum: 16, Workers: 4
[5197.311s][debug][gc,phases      ] GC(107)     Total                          Min: 0, Avg: 3934.8, Max: 5493, Diff: 5493, Sum: 15739, Workers: 4
[5197.311s][debug][gc,phases      ] GC(107)   JNI Weak                       Min:  0.0, Avg:  0.0, Max:  0.0, Diff:  0.0, Sum:  0.0, Workers: 4
[5197.311s][debug][gc,phases      ] GC(107)     Dead                           Min: 0, Avg:  0.0, Max: 0, Diff: 0, Sum: 0, Workers: 4
[5197.311s][debug][gc,phases      ] GC(107)     Total                          Min: 0, Avg: 13.0, Max: 52, Diff: 52, Sum: 52, Workers: 4
[5197.311s][debug][gc,phases      ] GC(107)   StringDedup Table Weak         Min:  0.0, Avg:  0.0, Max:  0.0, Diff:  0.0, Sum:  0.0, Workers: 4
[5197.311s][debug][gc,phases      ] GC(107)     Dead                           Min: 0, Avg:  0.0, Max: 0, Diff: 0, Sum: 0, Workers: 4
[5197.311s][debug][gc,phases      ] GC(107)     Total                          Min: 0, Avg:  0.0, Max: 0, Diff: 0, Sum: 0, Workers: 4
[5197.311s][debug][gc,phases      ] GC(107)   StringDedup Requests0 Weak     Min:  0.0, Avg:  0.0, Max:  0.0, Diff:  0.0, Sum:  0.0, Workers: 4
[5197.311s][debug][gc,phases      ] GC(107)     Dead                           Min: 0, Avg:  0.0, Max: 0, Diff: 0, Sum: 0, Workers: 4
[5197.311s][debug][gc,phases      ] GC(107)     Total                          Min: 0, Avg:  0.0, Max: 0, Diff: 0, Sum: 0, Workers: 4
[5197.311s][debug][gc,phases      ] GC(107)   StringDedup Requests1 Weak     Min:  0.0, Avg:  0.0, Max:  0.0, Diff:  0.0, Sum:  0.0, Workers: 4
[5197.311s][debug][gc,phases      ] GC(107)     Dead                           Min: 0, Avg:  0.0, Max: 0, Diff: 0, Sum: 0, Workers: 4
[5197.311s][debug][gc,phases      ] GC(107)     Total                          Min: 0, Avg:  0.0, Max: 0, Diff: 0, Sum: 0, Workers: 4
[5197.311s][debug][gc,phases      ] GC(107)   Weak JFR Old Object Samples    Min:  0.0, Avg:  0.0, Max:  0.0, Diff:  0.0, Sum:  0.0, Workers: 4
[5197.311s][debug][gc,phases      ] GC(107)     Dead                           Min: 0, Avg:  0.0, Max: 0, Diff: 0, Sum: 0, Workers: 4
[5197.311s][debug][gc,phases      ] GC(107)     Total                          Min: 0, Avg:  0.0, Max: 0, Diff: 0, Sum: 0, Workers: 4
[5197.311s][debug][gc,phases      ] GC(107) Weak Processing 0.453ms
[5197.311s][debug][gc,age         ] GC(107) Desired survivor size 40894464 bytes, new threshold 1 (max threshold 15)
[5197.311s][info ][gc,heap        ] GC(107) PSYoungGen: 2011448K(2051072K)->5504K(2057216K) Eden: 2007040K(2007040K)->0K(2015232K) From: 4408K(44032K)->5504K(41984K)
[5197.311s][info ][gc,heap        ] GC(107) ParOldGen: 547401K(547840K)->548758K(548864K)
[5197.311s][info ][gc,metaspace   ] GC(107) Metaspace: 111542K(112896K)->111542K(112896K) NonClass: 94930K(95680K)->94930K(95680K) Class: 16611K(17216K)->16611K(17216K)
[5197.311s][info ][gc             ] GC(107) Pause Young (Allocation Failure) 2498M->541M(2545M) 6.251ms
[5197.311s][info ][gc,cpu         ] GC(107) User=0.02s Sys=0.00s Real=0.00s
[5197.311s][info ][safepoint      ] Safepoint "ParallelGCFailedAllocation", Time since last: 15593988196 ns, Reaching safepoint: 83003 ns, Cleanup: 4800 ns, At safepoint: 6339901 ns, Total: 6427704 ns
[5203.312s][info ][safepoint      ] Safepoint "Cleanup", Time since last: 6000489024 ns, Reaching safepoint: 79202 ns, Cleanup: 14200 ns, At safepoint: 6000 ns, Total: 99402 ns
[5204.312s][info ][safepoint      ] Safepoint "Cleanup", Time since last: 1000150784 ns, Reaching safepoint: 80102 ns, Cleanup: 12301 ns, At safepoint: 5700 ns, Total: 98103 ns
[5206.312s][info ][safepoint      ] Safepoint "Cleanup", Time since last: 2000199388 ns, Reaching safepoint: 159705 ns, Cleanup: 12501 ns, At safepoint: 11300 ns, Total: 183506 ns
[5208.313s][info ][safepoint      ] Safepoint "Cleanup", Time since last: 2000189109 ns, Reaching safepoint: 8300 ns, Cleanup: 12501 ns, At safepoint: 3100 ns, Total: 23901 ns
[5210.313s][info ][safepoint      ] Safepoint "Cleanup", Time since last: 2000223814 ns, Reaching safepoint: 7200 ns, Cleanup: 10400 ns, At safepoint: 2800 ns, Total: 20400 ns
[5217.316s][info ][safepoint      ] Safepoint "Cleanup", Time since last: 7003274585 ns, Reaching safepoint: 7300 ns, Cleanup: 12700 ns, At safepoint: 2400 ns, Total: 22400 ns
[5218.316s][info ][safepoint      ] Safepoint "Cleanup", Time since last: 1000117491 ns, Reaching safepoint: 6700 ns, Cleanup: 9700 ns, At safepoint: 2500 ns, Total: 18900 ns
[5221.865s][info ][safepoint      ] Safepoint "Cleanup", Time since last: 3548301912 ns, Reaching safepoint: 4400 ns, Cleanup: 8900 ns, At safepoint: 4000 ns, Total: 17300 ns
[5222.865s][info ][safepoint      ] Safepoint "Cleanup", Time since last: 1000148946 ns, Reaching safepoint: 7500 ns, Cleanup: 13700 ns, At safepoint: 2800 ns, Total: 24000 ns
[5225.865s][info ][safepoint      ] Safepoint "Cleanup", Time since last: 3000268485 ns, Reaching safepoint: 8200 ns, Cleanup: 12700 ns, At safepoint: 3000 ns, Total: 23900 ns
[5226.252s][info ][gc,start       ] GC(108) Pause Young (Allocation Failure)
[5226.259s][debug][gc,phases      ] GC(108) Scavenge 7.282ms
[5226.260s][debug][gc,ref         ] GC(108) ReferenceProcessor::execute queues: 1, RefProcThreadModel::Single, marks_oops_alive: false
[5226.260s][debug][gc,ref         ] GC(108) Skipped KeepAliveFinalRefsPhase of Reference Processing: no references
[5226.260s][debug][gc,ref         ] GC(108) ReferenceProcessor::execute queues: 1, RefProcThreadModel::Single, marks_oops_alive: false
[5226.260s][debug][gc,phases      ] GC(108) Reference Processing 0.116ms
[5226.260s][debug][gc,phases      ] GC(108)   VM Weak                        Min:  0.0, Avg:  0.0, Max:  0.0, Diff:  0.0, Sum:  0.0, Workers: 4
[5226.260s][debug][gc,phases      ] GC(108)     Dead                           Min: 0, Avg:  0.0, Max: 0, Diff: 0, Sum: 0, Workers: 4
[5226.260s][debug][gc,phases      ] GC(108)     Total                          Min: 0, Avg: 260.2, Max: 785, Diff: 785, Sum: 1041, Workers: 4
[5226.260s][debug][gc,phases      ] GC(108)   ObjectSynchronizer Weak        Min:  0.0, Avg:  0.0, Max:  0.0, Diff:  0.0, Sum:  0.0, Workers: 4
[5226.260s][debug][gc,phases      ] GC(108)     Dead                           Min: 0, Avg:  0.0, Max: 0, Diff: 0, Sum: 0, Workers: 4
[5226.260s][debug][gc,phases      ] GC(108)     Total                          Min: 0, Avg:  1.0, Max: 4, Diff: 4, Sum: 4, Workers: 4
[5226.260s][debug][gc,phases      ] GC(108)   JVMTI Tag Weak OopStorage      Min:  0.0, Avg:  0.0, Max:  0.0, Diff:  0.0, Sum:  0.0, Workers: 4
[5226.260s][debug][gc,phases      ] GC(108)     Dead                           Min: 0, Avg:  0.0, Max: 0, Diff: 0, Sum: 0, Workers: 4
[5226.260s][debug][gc,phases      ] GC(108)     Total                          Min: 0, Avg:  0.0, Max: 0, Diff: 0, Sum: 0, Workers: 4
[5226.260s][debug][gc,phases      ] GC(108)   StringTable Weak               Min:  0.0, Avg:  0.1, Max:  0.2, Diff:  0.1, Sum:  0.5, Workers: 4
[5226.260s][debug][gc,phases      ] GC(108)     Dead                           Min: 0, Avg:  0.0, Max: 0, Diff: 0, Sum: 0, Workers: 4
[5226.260s][debug][gc,phases      ] GC(108)     Total                          Min: 3199, Avg: 11973.5, Max: 16087, Diff: 12888, Sum: 47894, Workers: 4
[5226.260s][debug][gc,phases      ] GC(108)   ResolvedMethodTable Weak       Min:  0.0, Avg:  0.0, Max:  0.0, Diff:  0.0, Sum:  0.2, Workers: 4
[5226.260s][debug][gc,phases      ] GC(108)     Dead                           Min: 0, Avg:  4.0, Max: 12, Diff: 12, Sum: 16, Workers: 4
[5226.260s][debug][gc,phases      ] GC(108)     Total                          Min: 3906, Avg: 3935.2, Max: 3971, Diff: 65, Sum: 15741, Workers: 4
[5226.260s][debug][gc,phases      ] GC(108)   JNI Weak                       Min:  0.0, Avg:  0.0, Max:  0.0, Diff:  0.0, Sum:  0.0, Workers: 4
[5226.260s][debug][gc,phases      ] GC(108)     Dead                           Min: 0, Avg:  0.0, Max: 0, Diff: 0, Sum: 0, Workers: 4
[5226.260s][debug][gc,phases      ] GC(108)     Total                          Min: 0, Avg: 13.0, Max: 52, Diff: 52, Sum: 52, Workers: 4
[5226.260s][debug][gc,phases      ] GC(108)   StringDedup Table Weak         Min:  0.0, Avg:  0.0, Max:  0.0, Diff:  0.0, Sum:  0.0, Workers: 4
[5226.260s][debug][gc,phases      ] GC(108)     Dead                           Min: 0, Avg:  0.0, Max: 0, Diff: 0, Sum: 0, Workers: 4
[5226.260s][debug][gc,phases      ] GC(108)     Total                          Min: 0, Avg:  0.0, Max: 0, Diff: 0, Sum: 0, Workers: 4
[5226.260s][debug][gc,phases      ] GC(108)   StringDedup Requests0 Weak     Min:  0.0, Avg:  0.0, Max:  0.0, Diff:  0.0, Sum:  0.0, Workers: 4
[5226.260s][debug][gc,phases      ] GC(108)     Dead                           Min: 0, Avg:  0.0, Max: 0, Diff: 0, Sum: 0, Workers: 4
[5226.260s][debug][gc,phases      ] GC(108)     Total                          Min: 0, Avg:  0.0, Max: 0, Diff: 0, Sum: 0, Workers: 4
[5226.260s][debug][gc,phases      ] GC(108)   StringDedup Requests1 Weak     Min:  0.0, Avg:  0.0, Max:  0.0, Diff:  0.0, Sum:  0.0, Workers: 4
[5226.260s][debug][gc,phases      ] GC(108)     Dead                           Min: 0, Avg:  0.0, Max: 0, Diff: 0, Sum: 0, Workers: 4
[5226.260s][debug][gc,phases      ] GC(108)     Total                          Min: 0, Avg:  0.0, Max: 0, Diff: 0, Sum: 0, Workers: 4
[5226.260s][debug][gc,phases      ] GC(108)   Weak JFR Old Object Samples    Min:  0.0, Avg:  0.0, Max:  0.0, Diff:  0.0, Sum:  0.0, Workers: 4
[5226.260s][debug][gc,phases      ] GC(108)     Dead                           Min: 0, Avg:  0.0, Max: 0, Diff: 0, Sum: 0, Workers: 4
[5226.260s][debug][gc,phases      ] GC(108)     Total                          Min: 0, Avg:  0.0, Max: 0, Diff: 0, Sum: 0, Workers: 4
[5226.260s][debug][gc,phases      ] GC(108) Weak Processing 0.444ms
[5226.260s][debug][gc,age         ] GC(108) Desired survivor size 39321600 bytes, new threshold 1 (max threshold 15)
[5226.260s][info ][gc,heap        ] GC(108) PSYoungGen: 2020736K(2057216K)->4816K(2055168K) Eden: 2015232K(2015232K)->0K(2015232K) From: 5504K(41984K)->4816K(39936K)
[5226.260s][info ][gc,heap        ] GC(108) ParOldGen: 548758K(548864K)->551034K(551424K)
[5226.260s][info ][gc,metaspace   ] GC(108) Metaspace: 111556K(112960K)->111556K(112960K) NonClass: 94945K(95744K)->94945K(95744K) Class: 16611K(17216K)->16611K(17216K)
[5226.260s][info ][gc             ] GC(108) Pause Young (Allocation Failure) 2509M->542M(2545M) 7.995ms
[5226.260s][info ][gc,cpu         ] GC(108) User=0.02s Sys=0.00s Real=0.01s
[5226.260s][info ][safepoint      ] Safepoint "ParallelGCFailedAllocation", Time since last: 386862277 ns, Reaching safepoint: 87402 ns, Cleanup: 5300 ns, At safepoint: 8091383 ns, Total: 8184085 ns
[5229.260s][info ][safepoint      ] Safepoint "Cleanup", Time since last: 3000243299 ns, Reaching safepoint: 79702 ns, Cleanup: 11000 ns, At safepoint: 6500 ns, Total: 97202 ns
[5234.261s][info ][safepoint      ] Safepoint "Cleanup", Time since last: 5000428387 ns, Reaching safepoint: 81402 ns, Cleanup: 10000 ns, At safepoint: 6700 ns, Total: 98102 ns
[5240.262s][info ][safepoint      ] Safepoint "Cleanup", Time since last: 6000503989 ns, Reaching safepoint: 8800 ns, Cleanup: 11200 ns, At safepoint: 2900 ns, Total: 22900 ns
[5248.262s][info ][safepoint      ] Safepoint "Cleanup", Time since last: 8000602366 ns, Reaching safepoint: 7600 ns, Cleanup: 13200 ns, At safepoint: 3000 ns, Total: 23800 ns
[5249.262s][info ][safepoint      ] Safepoint "Cleanup", Time since last: 1000118079 ns, Reaching safepoint: 8401 ns, Cleanup: 11600 ns, At safepoint: 2600 ns, Total: 22601 ns
[5250.262s][info ][safepoint      ] Safepoint "Cleanup", Time since last: 1000115379 ns, Reaching safepoint: 7300 ns, Cleanup: 12301 ns, At safepoint: 2600 ns, Total: 22201 ns
[5258.002s][info ][gc,start       ] GC(109) Pause Young (Allocation Failure)
[5258.006s][debug][gc,phases      ] GC(109) Scavenge 4.117ms
[5258.006s][debug][gc,ref         ] GC(109) ReferenceProcessor::execute queues: 1, RefProcThreadModel::Single, marks_oops_alive: false
[5258.006s][debug][gc,ref         ] GC(109) Skipped KeepAliveFinalRefsPhase of Reference Processing: no references
[5258.006s][debug][gc,ref         ] GC(109) Skipped PhantomRefsPhase of Reference Processing: no references
[5258.006s][debug][gc,phases      ] GC(109) Reference Processing 0.132ms
[5258.007s][debug][gc,phases      ] GC(109)   VM Weak                        Min:  0.0, Avg:  0.0, Max:  0.0, Diff:  0.0, Sum:  0.0, Workers: 4
[5258.007s][debug][gc,phases      ] GC(109)     Dead                           Min: 0, Avg:  0.0, Max: 0, Diff: 0, Sum: 0, Workers: 4
[5258.007s][debug][gc,phases      ] GC(109)     Total                          Min: 0, Avg: 260.2, Max: 593, Diff: 593, Sum: 1041, Workers: 4
[5258.007s][debug][gc,phases      ] GC(109)   ObjectSynchronizer Weak        Min:  0.0, Avg:  0.0, Max:  0.0, Diff:  0.0, Sum:  0.0, Workers: 4
[5258.007s][debug][gc,phases      ] GC(109)     Dead                           Min: 0, Avg:  0.0, Max: 0, Diff: 0, Sum: 0, Workers: 4
[5258.007s][debug][gc,phases      ] GC(109)     Total                          Min: 0, Avg:  1.0, Max: 4, Diff: 4, Sum: 4, Workers: 4
[5258.007s][debug][gc,phases      ] GC(109)   JVMTI Tag Weak OopStorage      Min:  0.0, Avg:  0.0, Max:  0.0, Diff:  0.0, Sum:  0.0, Workers: 4
[5258.007s][debug][gc,phases      ] GC(109)     Dead                           Min: 0, Avg:  0.0, Max: 0, Diff: 0, Sum: 0, Workers: 4
[5258.007s][debug][gc,phases      ] GC(109)     Total                          Min: 0, Avg:  0.0, Max: 0, Diff: 0, Sum: 0, Workers: 4
[5258.007s][debug][gc,phases      ] GC(109)   StringTable Weak               Min:  0.1, Avg:  0.1, Max:  0.1, Diff:  0.0, Sum:  0.5, Workers: 4
[5258.007s][debug][gc,phases      ] GC(109)     Dead                           Min: 0, Avg:  0.0, Max: 0, Diff: 0, Sum: 0, Workers: 4
[5258.007s][debug][gc,phases      ] GC(109)     Total                          Min: 11519, Avg: 11974.0, Max: 12313, Diff: 794, Sum: 47896, Workers: 4
[5258.007s][debug][gc,phases      ] GC(109)   ResolvedMethodTable Weak       Min:  0.0, Avg:  0.0, Max:  0.0, Diff:  0.0, Sum:  0.2, Workers: 4
[5258.007s][debug][gc,phases      ] GC(109)     Dead                           Min: 0, Avg:  4.0, Max: 10, Diff: 10, Sum: 16, Workers: 4
[5258.007s][debug][gc,phases      ] GC(109)     Total                          Min: 3670, Avg: 3935.2, Max: 4163, Diff: 493, Sum: 15741, Workers: 4
[5258.007s][debug][gc,phases      ] GC(109)   JNI Weak                       Min:  0.0, Avg:  0.0, Max:  0.0, Diff:  0.0, Sum:  0.0, Workers: 4
[5258.007s][debug][gc,phases      ] GC(109)     Dead                           Min: 0, Avg:  0.0, Max: 0, Diff: 0, Sum: 0, Workers: 4
[5258.007s][debug][gc,phases      ] GC(109)     Total                          Min: 0, Avg: 13.0, Max: 52, Diff: 52, Sum: 52, Workers: 4
[5258.007s][debug][gc,phases      ] GC(109)   StringDedup Table Weak         Min:  0.0, Avg:  0.0, Max:  0.0, Diff:  0.0, Sum:  0.0, Workers: 4
[5258.007s][debug][gc,phases      ] GC(109)     Dead                           Min: 0, Avg:  0.0, Max: 0, Diff: 0, Sum: 0, Workers: 4
[5258.007s][debug][gc,phases      ] GC(109)     Total                          Min: 0, Avg:  0.0, Max: 0, Diff: 0, Sum: 0, Workers: 4
[5258.007s][debug][gc,phases      ] GC(109)   StringDedup Requests0 Weak     Min:  0.0, Avg:  0.0, Max:  0.0, Diff:  0.0, Sum:  0.0, Workers: 4
[5258.007s][debug][gc,phases      ] GC(109)     Dead                           Min: 0, Avg:  0.0, Max: 0, Diff: 0, Sum: 0, Workers: 4
[5258.007s][debug][gc,phases      ] GC(109)     Total                          Min: 0, Avg:  0.0, Max: 0, Diff: 0, Sum: 0, Workers: 4
[5258.007s][debug][gc,phases      ] GC(109)   StringDedup Requests1 Weak     Min:  0.0, Avg:  0.0, Max:  0.0, Diff:  0.0, Sum:  0.0, Workers: 4
[5258.007s][debug][gc,phases      ] GC(109)     Dead                           Min: 0, Avg:  0.0, Max: 0, Diff: 0, Sum: 0, Workers: 4
[5258.007s][debug][gc,phases      ] GC(109)     Total                          Min: 0, Avg:  0.0, Max: 0, Diff: 0, Sum: 0, Workers: 4
[5258.007s][debug][gc,phases      ] GC(109)   Weak JFR Old Object Samples    Min:  0.0, Avg:  0.0, Max:  0.0, Diff:  0.0, Sum:  0.0, Workers: 4
[5258.007s][debug][gc,phases      ] GC(109)     Dead                           Min: 0, Avg:  0.0, Max: 0, Diff: 0, Sum: 0, Workers: 4
[5258.007s][debug][gc,phases      ] GC(109)     Total                          Min: 0, Avg:  0.0, Max: 0, Diff: 0, Sum: 0, Workers: 4
[5258.007s][debug][gc,phases      ] GC(109) Weak Processing 0.410ms
[5258.007s][debug][gc,age         ] GC(109) Desired survivor size 37224448 bytes, new threshold 1 (max threshold 15)
[5258.007s][info ][gc,heap        ] GC(109) PSYoungGen: 2020048K(2055168K)->4517K(2060800K) Eden: 2015232K(2015232K)->0K(2022400K) From: 4816K(39936K)->4517K(38400K)
[5258.007s][info ][gc,heap        ] GC(109) ParOldGen: 551034K(551424K)->552779K(552960K)
[5258.007s][info ][gc,metaspace   ] GC(109) Metaspace: 111575K(112960K)->111575K(112960K) NonClass: 94964K(95744K)->94964K(95744K) Class: 16611K(17216K)->16611K(17216K)
[5258.007s][info ][gc             ] GC(109) Pause Young (Allocation Failure) 2510M->544M(2552M) 4.816ms
[5258.007s][info ][gc,cpu         ] GC(109) User=0.01s Sys=0.00s Real=0.00s
[5258.007s][info ][safepoint      ] Safepoint "ParallelGCFailedAllocation", Time since last: 7739434619 ns, Reaching safepoint: 6701 ns, Cleanup: 4200 ns, At safepoint: 4899120 ns, Total: 4910021 ns
[5263.007s][info ][safepoint      ] Safepoint "Cleanup", Time since last: 5000404278 ns, Reaching safepoint: 82902 ns, Cleanup: 12000 ns, At safepoint: 7400 ns, Total: 102302 ns
[5266.008s][info ][safepoint      ] Safepoint "Cleanup", Time since last: 3000267626 ns, Reaching safepoint: 80002 ns, Cleanup: 10400 ns, At safepoint: 7100 ns, Total: 97502 ns
[5282.882s][info ][safepoint      ] Safepoint "Cleanup", Time since last: 16874778768 ns, Reaching safepoint: 10800 ns, Cleanup: 13500 ns, At safepoint: 2900 ns, Total: 27200 ns
[5289.302s][info ][gc,start       ] GC(110) Pause Young (Allocation Failure)
[5289.306s][debug][gc,phases      ] GC(110) Scavenge 3.872ms
[5289.306s][debug][gc,ref         ] GC(110) ReferenceProcessor::execute queues: 1, RefProcThreadModel::Single, marks_oops_alive: false
[5289.306s][debug][gc,ref         ] GC(110) Skipped KeepAliveFinalRefsPhase of Reference Processing: no references
[5289.306s][debug][gc,ref         ] GC(110) Skipped PhantomRefsPhase of Reference Processing: no references
[5289.306s][debug][gc,phases      ] GC(110) Reference Processing 0.127ms
[5289.306s][debug][gc,phases      ] GC(110)   VM Weak                        Min:  0.0, Avg:  0.0, Max:  0.0, Diff:  0.0, Sum:  0.0, Workers: 4
[5289.306s][debug][gc,phases      ] GC(110)     Dead                           Min: 0, Avg:  0.0, Max: 0, Diff: 0, Sum: 0, Workers: 4
[5289.306s][debug][gc,phases      ] GC(110)     Total                          Min: 0, Avg: 260.2, Max: 529, Diff: 529, Sum: 1041, Workers: 4
[5289.306s][debug][gc,phases      ] GC(110)   ObjectSynchronizer Weak        Min:  0.0, Avg:  0.0, Max:  0.0, Diff:  0.0, Sum:  0.0, Workers: 4
[5289.306s][debug][gc,phases      ] GC(110)     Dead                           Min: 0, Avg:  0.0, Max: 0, Diff: 0, Sum: 0, Workers: 4
[5289.306s][debug][gc,phases      ] GC(110)     Total                          Min: 0, Avg:  0.8, Max: 3, Diff: 3, Sum: 3, Workers: 4
[5289.306s][debug][gc,phases      ] GC(110)   JVMTI Tag Weak OopStorage      Min:  0.0, Avg:  0.0, Max:  0.0, Diff:  0.0, Sum:  0.0, Workers: 4
[5289.306s][debug][gc,phases      ] GC(110)     Dead                           Min: 0, Avg:  0.0, Max: 0, Diff: 0, Sum: 0, Workers: 4
[5289.306s][debug][gc,phases      ] GC(110)     Total                          Min: 0, Avg:  0.0, Max: 0, Diff: 0, Sum: 0, Workers: 4
[5289.306s][debug][gc,phases      ] GC(110)   StringTable Weak               Min:  0.1, Avg:  0.1, Max:  0.1, Diff:  0.1, Sum:  0.5, Workers: 4
[5289.306s][debug][gc,phases      ] GC(110)     Dead                           Min: 0, Avg:  0.0, Max: 0, Diff: 0, Sum: 0, Workers: 4
[5289.306s][debug][gc,phases      ] GC(110)     Total                          Min: 6464, Avg: 11974.0, Max: 14591, Diff: 8127, Sum: 47896, Workers: 4
[5289.306s][debug][gc,phases      ] GC(110)   ResolvedMethodTable Weak       Min:  0.0, Avg:  0.0, Max:  0.0, Diff:  0.0, Sum:  0.2, Workers: 4
[5289.306s][debug][gc,phases      ] GC(110)     Dead                           Min: 0, Avg:  4.0, Max: 16, Diff: 16, Sum: 16, Workers: 4
[5289.306s][debug][gc,phases      ] GC(110)     Total                          Min: 3752, Avg: 3935.2, Max: 4221, Diff: 469, Sum: 15741, Workers: 4
[5289.306s][debug][gc,phases      ] GC(110)   JNI Weak                       Min:  0.0, Avg:  0.0, Max:  0.0, Diff:  0.0, Sum:  0.0, Workers: 4
[5289.306s][debug][gc,phases      ] GC(110)     Dead                           Min: 0, Avg:  0.0, Max: 0, Diff: 0, Sum: 0, Workers: 4
[5289.306s][debug][gc,phases      ] GC(110)     Total                          Min: 0, Avg: 13.0, Max: 52, Diff: 52, Sum: 52, Workers: 4
[5289.306s][debug][gc,phases      ] GC(110)   StringDedup Table Weak         Min:  0.0, Avg:  0.0, Max:  0.0, Diff:  0.0, Sum:  0.0, Workers: 4
[5289.306s][debug][gc,phases      ] GC(110)     Dead                           Min: 0, Avg:  0.0, Max: 0, Diff: 0, Sum: 0, Workers: 4
[5289.306s][debug][gc,phases      ] GC(110)     Total                          Min: 0, Avg:  0.0, Max: 0, Diff: 0, Sum: 0, Workers: 4
[5289.306s][debug][gc,phases      ] GC(110)   StringDedup Requests0 Weak     Min:  0.0, Avg:  0.0, Max:  0.0, Diff:  0.0, Sum:  0.0, Workers: 4
[5289.306s][debug][gc,phases      ] GC(110)     Dead                           Min: 0, Avg:  0.0, Max: 0, Diff: 0, Sum: 0, Workers: 4
[5289.306s][debug][gc,phases      ] GC(110)     Total                          Min: 0, Avg:  0.0, Max: 0, Diff: 0, Sum: 0, Workers: 4
[5289.306s][debug][gc,phases      ] GC(110)   StringDedup Requests1 Weak     Min:  0.0, Avg:  0.0, Max:  0.0, Diff:  0.0, Sum:  0.0, Workers: 4
[5289.306s][debug][gc,phases      ] GC(110)     Dead                           Min: 0, Avg:  0.0, Max: 0, Diff: 0, Sum: 0, Workers: 4
[5289.306s][debug][gc,phases      ] GC(110)     Total                          Min: 0, Avg:  0.0, Max: 0, Diff: 0, Sum: 0, Workers: 4
[5289.306s][debug][gc,phases      ] GC(110)   Weak JFR Old Object Samples    Min:  0.0, Avg:  0.0, Max:  0.0, Diff:  0.0, Sum:  0.0, Workers: 4
[5289.306s][debug][gc,phases      ] GC(110)     Dead                           Min: 0, Avg:  0.0, Max: 0, Diff: 0, Sum: 0, Workers: 4
[5289.306s][debug][gc,phases      ] GC(110)     Total                          Min: 0, Avg:  0.0, Max: 0, Diff: 0, Sum: 0, Workers: 4
[5289.306s][debug][gc,phases      ] GC(110) Weak Processing 0.445ms
[5289.306s][debug][gc,age         ] GC(110) Desired survivor size 35651584 bytes, new threshold 1 (max threshold 15)
[5289.306s][info ][gc,heap        ] GC(110) PSYoungGen: 2026917K(2060800K)->4116K(2058752K) Eden: 2022400K(2022400K)->0K(2022400K) From: 4517K(38400K)->4116K(36352K)
[5289.306s][info ][gc,heap        ] GC(110) ParOldGen: 552779K(552960K)->554744K(555008K)
[5289.306s][info ][gc,metaspace   ] GC(110) Metaspace: 111576K(112960K)->111576K(112960K) NonClass: 94964K(95744K)->94964K(95744K) Class: 16611K(17216K)->16611K(17216K)
[5289.306s][info ][gc             ] GC(110) Pause Young (Allocation Failure) 2519M->545M(2552M) 4.650ms
[5289.306s][info ][gc,cpu         ] GC(110) User=0.02s Sys=0.00s Real=0.00s
[5289.306s][info ][safepoint      ] Safepoint "ParallelGCFailedAllocation", Time since last: 6418953596 ns, Reaching safepoint: 8500 ns, Cleanup: 4100 ns, At safepoint: 4851603 ns, Total: 4864203 ns
[5292.307s][info ][safepoint      ] Safepoint "Cleanup", Time since last: 3000266070 ns, Reaching safepoint: 94603 ns, Cleanup: 10400 ns, At safepoint: 7400 ns, Total: 112403 ns
[5294.307s][info ][safepoint      ] Safepoint "Cleanup", Time since last: 2000202619 ns, Reaching safepoint: 86202 ns, Cleanup: 10300 ns, At safepoint: 7500 ns, Total: 104002 ns
[5307.308s][info ][safepoint      ] Safepoint "Cleanup", Time since last: 13001062382 ns, Reaching safepoint: 86902 ns, Cleanup: 10200 ns, At safepoint: 6700 ns, Total: 103802 ns
[5312.309s][info ][safepoint      ] Safepoint "Cleanup", Time since last: 5000458790 ns, Reaching safepoint: 85202 ns, Cleanup: 12800 ns, At safepoint: 7500 ns, Total: 105502 ns
[5317.314s][info ][gc,start       ] GC(111) Pause Young (Allocation Failure)
[5317.319s][debug][gc,phases      ] GC(111) Scavenge 5.011ms
[5317.319s][debug][gc,ref         ] GC(111) ReferenceProcessor::execute queues: 1, RefProcThreadModel::Single, marks_oops_alive: false
[5317.319s][debug][gc,ref         ] GC(111) Skipped KeepAliveFinalRefsPhase of Reference Processing: no references
[5317.319s][debug][gc,ref         ] GC(111) Skipped PhantomRefsPhase of Reference Processing: no references
[5317.319s][debug][gc,phases      ] GC(111) Reference Processing 0.117ms
[5317.320s][debug][gc,phases      ] GC(111)   VM Weak                        Min:  0.0, Avg:  0.0, Max:  0.0, Diff:  0.0, Sum:  0.0, Workers: 4
[5317.320s][debug][gc,phases      ] GC(111)     Dead                           Min: 0, Avg:  0.0, Max: 0, Diff: 0, Sum: 0, Workers: 4
[5317.320s][debug][gc,phases      ] GC(111)     Total                          Min: 0, Avg: 260.2, Max: 832, Diff: 832, Sum: 1041, Workers: 4
[5317.320s][debug][gc,phases      ] GC(111)   ObjectSynchronizer Weak        Min:  0.0, Avg:  0.0, Max:  0.0, Diff:  0.0, Sum:  0.0, Workers: 4
[5317.320s][debug][gc,phases      ] GC(111)     Dead                           Min: 0, Avg:  0.0, Max: 0, Diff: 0, Sum: 0, Workers: 4
[5317.320s][debug][gc,phases      ] GC(111)     Total                          Min: 0, Avg:  1.0, Max: 4, Diff: 4, Sum: 4, Workers: 4
[5317.320s][debug][gc,phases      ] GC(111)   JVMTI Tag Weak OopStorage      Min:  0.0, Avg:  0.0, Max:  0.0, Diff:  0.0, Sum:  0.0, Workers: 4
[5317.320s][debug][gc,phases      ] GC(111)     Dead                           Min: 0, Avg:  0.0, Max: 0, Diff: 0, Sum: 0, Workers: 4
[5317.320s][debug][gc,phases      ] GC(111)     Total                          Min: 0, Avg:  0.0, Max: 0, Diff: 0, Sum: 0, Workers: 4
[5317.320s][debug][gc,phases      ] GC(111)   StringTable Weak               Min:  0.0, Avg:  0.1, Max:  0.2, Diff:  0.2, Sum:  0.4, Workers: 4
[5317.320s][debug][gc,phases      ] GC(111)     Dead                           Min: 0, Avg:  0.0, Max: 0, Diff: 0, Sum: 0, Workers: 4
[5317.320s][debug][gc,phases      ] GC(111)     Total                          Min: 0, Avg: 11974.0, Max: 16511, Diff: 16511, Sum: 47896, Workers: 4
[5317.320s][debug][gc,phases      ] GC(111)   ResolvedMethodTable Weak       Min:  0.0, Avg:  0.0, Max:  0.1, Diff:  0.1, Sum:  0.2, Workers: 4
[5317.320s][debug][gc,phases      ] GC(111)     Dead                           Min: 0, Avg:  4.0, Max: 16, Diff: 16, Sum: 16, Workers: 4
[5317.320s][debug][gc,phases      ] GC(111)     Total                          Min: 0, Avg: 3935.2, Max: 5702, Diff: 5702, Sum: 15741, Workers: 4
[5317.320s][debug][gc,phases      ] GC(111)   JNI Weak                       Min:  0.0, Avg:  0.0, Max:  0.0, Diff:  0.0, Sum:  0.0, Workers: 4
[5317.320s][debug][gc,phases      ] GC(111)     Dead                           Min: 0, Avg:  0.0, Max: 0, Diff: 0, Sum: 0, Workers: 4
[5317.320s][debug][gc,phases      ] GC(111)     Total                          Min: 0, Avg: 13.0, Max: 52, Diff: 52, Sum: 52, Workers: 4
[5317.320s][debug][gc,phases      ] GC(111)   StringDedup Table Weak         Min:  0.0, Avg:  0.0, Max:  0.0, Diff:  0.0, Sum:  0.0, Workers: 4
[5317.320s][debug][gc,phases      ] GC(111)     Dead                           Min: 0, Avg:  0.0, Max: 0, Diff: 0, Sum: 0, Workers: 4
[5317.320s][debug][gc,phases      ] GC(111)     Total                          Min: 0, Avg:  0.0, Max: 0, Diff: 0, Sum: 0, Workers: 4
[5317.320s][debug][gc,phases      ] GC(111)   StringDedup Requests0 Weak     Min:  0.0, Avg:  0.0, Max:  0.0, Diff:  0.0, Sum:  0.0, Workers: 4
[5317.320s][debug][gc,phases      ] GC(111)     Dead                           Min: 0, Avg:  0.0, Max: 0, Diff: 0, Sum: 0, Workers: 4
[5317.320s][debug][gc,phases      ] GC(111)     Total                          Min: 0, Avg:  0.0, Max: 0, Diff: 0, Sum: 0, Workers: 4
[5317.320s][debug][gc,phases      ] GC(111)   StringDedup Requests1 Weak     Min:  0.0, Avg:  0.0, Max:  0.0, Diff:  0.0, Sum:  0.0, Workers: 4
[5317.320s][debug][gc,phases      ] GC(111)     Dead                           Min: 0, Avg:  0.0, Max: 0, Diff: 0, Sum: 0, Workers: 4
[5317.320s][debug][gc,phases      ] GC(111)     Total                          Min: 0, Avg:  0.0, Max: 0, Diff: 0, Sum: 0, Workers: 4
[5317.320s][debug][gc,phases      ] GC(111)   Weak JFR Old Object Samples    Min:  0.0, Avg:  0.0, Max:  0.0, Diff:  0.0, Sum:  0.0, Workers: 4
[5317.320s][debug][gc,phases      ] GC(111)     Dead                           Min: 0, Avg:  0.0, Max: 0, Diff: 0, Sum: 0, Workers: 4
[5317.320s][debug][gc,phases      ] GC(111)     Total                          Min: 0, Avg:  0.0, Max: 0, Diff: 0, Sum: 0, Workers: 4
[5317.320s][debug][gc,phases      ] GC(111) Weak Processing 0.478ms
[5317.320s][debug][gc,age         ] GC(111) Desired survivor size 33554432 bytes, new threshold 1 (max threshold 15)
[5317.320s][info ][gc,heap        ] GC(111) PSYoungGen: 2026516K(2058752K)->4528K(2064384K) Eden: 2022400K(2022400K)->0K(2029568K) From: 4116K(36352K)->4528K(34816K)
[5317.320s][info ][gc,heap        ] GC(111) ParOldGen: 554744K(555008K)->556141K(556544K)
[5317.320s][info ][gc,metaspace   ] GC(111) Metaspace: 111584K(112960K)->111584K(112960K) NonClass: 94973K(95744K)->94973K(95744K) Class: 16611K(17216K)->16611K(17216K)
[5317.320s][info ][gc             ] GC(111) Pause Young (Allocation Failure) 2520M->547M(2559M) 5.750ms
[5317.320s][info ][gc,cpu         ] GC(111) User=0.02s Sys=0.00s Real=0.01s
[5317.320s][info ][safepoint      ] Safepoint "ParallelGCFailedAllocation", Time since last: 5005478034 ns, Reaching safepoint: 6801 ns, Cleanup: 3300 ns, At safepoint: 5841429 ns, Total: 5851530 ns
[5319.320s][info ][safepoint      ] Safepoint "Cleanup", Time since last: 2000161994 ns, Reaching safepoint: 7500 ns, Cleanup: 9701 ns, At safepoint: 3000 ns, Total: 20201 ns
[5320.320s][info ][safepoint      ] Safepoint "Cleanup", Time since last: 1000123364 ns, Reaching safepoint: 7300 ns, Cleanup: 11000 ns, At safepoint: 2900 ns, Total: 21200 ns
[5340.322s][info ][safepoint      ] Safepoint "Cleanup", Time since last: 20001463157 ns, Reaching safepoint: 8400 ns, Cleanup: 11200 ns, At safepoint: 2800 ns, Total: 22400 ns
[5345.853s][info ][gc,start       ] GC(112) Pause Young (Allocation Failure)
[5345.857s][debug][gc,phases      ] GC(112) Scavenge 4.722ms
[5345.857s][debug][gc,ref         ] GC(112) ReferenceProcessor::execute queues: 1, RefProcThreadModel::Single, marks_oops_alive: false
[5345.857s][debug][gc,ref         ] GC(112) Skipped KeepAliveFinalRefsPhase of Reference Processing: no references
[5345.857s][debug][gc,ref         ] GC(112) ReferenceProcessor::execute queues: 1, RefProcThreadModel::Single, marks_oops_alive: false
[5345.857s][debug][gc,phases      ] GC(112) Reference Processing 0.127ms
[5345.858s][debug][gc,phases      ] GC(112)   VM Weak                        Min:  0.0, Avg:  0.0, Max:  0.0, Diff:  0.0, Sum:  0.0, Workers: 4
[5345.858s][debug][gc,phases      ] GC(112)     Dead                           Min: 0, Avg:  0.0, Max: 0, Diff: 0, Sum: 0, Workers: 4
[5345.858s][debug][gc,phases      ] GC(112)     Total                          Min: 0, Avg: 260.2, Max: 576, Diff: 576, Sum: 1041, Workers: 4
[5345.858s][debug][gc,phases      ] GC(112)   ObjectSynchronizer Weak        Min:  0.0, Avg:  0.0, Max:  0.0, Diff:  0.0, Sum:  0.0, Workers: 4
[5345.858s][debug][gc,phases      ] GC(112)     Dead                           Min: 0, Avg:  0.0, Max: 0, Diff: 0, Sum: 0, Workers: 4
[5345.858s][debug][gc,phases      ] GC(112)     Total                          Min: 0, Avg:  0.8, Max: 3, Diff: 3, Sum: 3, Workers: 4
[5345.858s][debug][gc,phases      ] GC(112)   JVMTI Tag Weak OopStorage      Min:  0.0, Avg:  0.0, Max:  0.0, Diff:  0.0, Sum:  0.0, Workers: 4
[5345.858s][debug][gc,phases      ] GC(112)     Dead                           Min: 0, Avg:  0.0, Max: 0, Diff: 0, Sum: 0, Workers: 4
[5345.858s][debug][gc,phases      ] GC(112)     Total                          Min: 0, Avg:  0.0, Max: 0, Diff: 0, Sum: 0, Workers: 4
[5345.858s][debug][gc,phases      ] GC(112)   StringTable Weak               Min:  0.0, Avg:  0.1, Max:  0.2, Diff:  0.2, Sum:  0.5, Workers: 4
[5345.858s][debug][gc,phases      ] GC(112)     Dead                           Min: 0, Avg:  0.0, Max: 0, Diff: 0, Sum: 0, Workers: 4
[5345.858s][debug][gc,phases      ] GC(112)     Total                          Min: 0, Avg: 11974.0, Max: 16511, Diff: 16511, Sum: 47896, Workers: 4
[5345.858s][debug][gc,phases      ] GC(112)   ResolvedMethodTable Weak       Min:  0.0, Avg:  0.0, Max:  0.1, Diff:  0.1, Sum:  0.2, Workers: 4
[5345.858s][debug][gc,phases      ] GC(112)     Dead                           Min: 0, Avg:  4.0, Max: 16, Diff: 16, Sum: 16, Workers: 4
[5345.858s][debug][gc,phases      ] GC(112)     Total                          Min: 0, Avg: 3935.2, Max: 5906, Diff: 5906, Sum: 15741, Workers: 4
[5345.858s][debug][gc,phases      ] GC(112)   JNI Weak                       Min:  0.0, Avg:  0.0, Max:  0.0, Diff:  0.0, Sum:  0.0, Workers: 4
[5345.858s][debug][gc,phases      ] GC(112)     Dead                           Min: 0, Avg:  0.0, Max: 0, Diff: 0, Sum: 0, Workers: 4
[5345.858s][debug][gc,phases      ] GC(112)     Total                          Min: 0, Avg: 13.0, Max: 52, Diff: 52, Sum: 52, Workers: 4
[5345.858s][debug][gc,phases      ] GC(112)   StringDedup Table Weak         Min:  0.0, Avg:  0.0, Max:  0.0, Diff:  0.0, Sum:  0.0, Workers: 4
[5345.858s][debug][gc,phases      ] GC(112)     Dead                           Min: 0, Avg:  0.0, Max: 0, Diff: 0, Sum: 0, Workers: 4
[5345.858s][debug][gc,phases      ] GC(112)     Total                          Min: 0, Avg:  0.0, Max: 0, Diff: 0, Sum: 0, Workers: 4
[5345.858s][debug][gc,phases      ] GC(112)   StringDedup Requests0 Weak     Min:  0.0, Avg:  0.0, Max:  0.0, Diff:  0.0, Sum:  0.0, Workers: 4
[5345.858s][debug][gc,phases      ] GC(112)     Dead                           Min: 0, Avg:  0.0, Max: 0, Diff: 0, Sum: 0, Workers: 4
[5345.858s][debug][gc,phases      ] GC(112)     Total                          Min: 0, Avg:  0.0, Max: 0, Diff: 0, Sum: 0, Workers: 4
[5345.858s][debug][gc,phases      ] GC(112)   StringDedup Requests1 Weak     Min:  0.0, Avg:  0.0, Max:  0.0, Diff:  0.0, Sum:  0.0, Workers: 4
[5345.858s][debug][gc,phases      ] GC(112)     Dead                           Min: 0, Avg:  0.0, Max: 0, Diff: 0, Sum: 0, Workers: 4
[5345.858s][debug][gc,phases      ] GC(112)     Total                          Min: 0, Avg:  0.0, Max: 0, Diff: 0, Sum: 0, Workers: 4
[5345.858s][debug][gc,phases      ] GC(112)   Weak JFR Old Object Samples    Min:  0.0, Avg:  0.0, Max:  0.0, Diff:  0.0, Sum:  0.0, Workers: 4
[5345.858s][debug][gc,phases      ] GC(112)     Dead                           Min: 0, Avg:  0.0, Max: 0, Diff: 0, Sum: 0, Workers: 4
[5345.858s][debug][gc,phases      ] GC(112)     Total                          Min: 0, Avg:  0.0, Max: 0, Diff: 0, Sum: 0, Workers: 4
[5345.858s][debug][gc,phases      ] GC(112) Weak Processing 0.448ms
[5345.858s][debug][gc,age         ] GC(112) Desired survivor size 31981568 bytes, new threshold 1 (max threshold 15)
[5345.858s][info ][gc,heap        ] GC(112) PSYoungGen: 2034096K(2064384K)->4176K(2062336K) Eden: 2029568K(2029568K)->0K(2029568K) From: 4528K(34816K)->4176K(32768K)
[5345.858s][info ][gc,heap        ] GC(112) ParOldGen: 556141K(556544K)->557985K(558080K)
[5345.858s][info ][gc,metaspace   ] GC(112) Metaspace: 111600K(112960K)->111600K(112960K) NonClass: 94988K(95744K)->94988K(95744K) Class: 16611K(17216K)->16611K(17216K)
[5345.858s][info ][gc             ] GC(112) Pause Young (Allocation Failure) 2529M->548M(2559M) 5.447ms
[5345.858s][info ][gc,cpu         ] GC(112) User=0.02s Sys=0.00s Real=0.00s
[5345.858s][info ][safepoint      ] Safepoint "ParallelGCFailedAllocation", Time since last: 5530560190 ns, Reaching safepoint: 81501 ns, Cleanup: 4600 ns, At safepoint: 5532393 ns, Total: 5618494 ns
[5347.858s][info ][safepoint      ] Safepoint "Cleanup", Time since last: 2000176324 ns, Reaching safepoint: 84502 ns, Cleanup: 11000 ns, At safepoint: 35201 ns, Total: 130703 ns
[5359.859s][info ][safepoint      ] Safepoint "Cleanup", Time since last: 12000928420 ns, Reaching safepoint: 81001 ns, Cleanup: 11700 ns, At safepoint: 6500 ns, Total: 99201 ns
[5362.860s][info ][safepoint      ] Safepoint "Cleanup", Time since last: 3000292772 ns, Reaching safepoint: 89001 ns, Cleanup: 12700 ns, At safepoint: 7100 ns, Total: 108801 ns
[5364.860s][info ][safepoint      ] Safepoint "Cleanup", Time since last: 2000198688 ns, Reaching safepoint: 81202 ns, Cleanup: 17500 ns, At safepoint: 7201 ns, Total: 105903 ns
[5365.860s][info ][safepoint      ] Safepoint "Cleanup", Time since last: 1000119488 ns, Reaching safepoint: 80202 ns, Cleanup: 11600 ns, At safepoint: 6400 ns, Total: 98202 ns
[5367.861s][info ][safepoint      ] Safepoint "Cleanup", Time since last: 2000206978 ns, Reaching safepoint: 84502 ns, Cleanup: 10500 ns, At safepoint: 32501 ns, Total: 127503 ns
[5371.861s][info ][safepoint      ] Safepoint "Cleanup", Time since last: 4000362436 ns, Reaching safepoint: 83302 ns, Cleanup: 10000 ns, At safepoint: 6800 ns, Total: 100102 ns
[5372.861s][info ][safepoint      ] Safepoint "Cleanup", Time since last: 1000122460 ns, Reaching safepoint: 79201 ns, Cleanup: 9800 ns, At safepoint: 6100 ns, Total: 95101 ns
[5373.252s][info ][gc,start       ] GC(113) Pause Young (Allocation Failure)
[5373.257s][debug][gc,phases      ] GC(113) Scavenge 4.068ms
[5373.257s][debug][gc,ref         ] GC(113) ReferenceProcessor::execute queues: 1, RefProcThreadModel::Single, marks_oops_alive: false
[5373.257s][debug][gc,ref         ] GC(113) Skipped KeepAliveFinalRefsPhase of Reference Processing: no references
[5373.257s][debug][gc,ref         ] GC(113) Skipped PhantomRefsPhase of Reference Processing: no references
[5373.257s][debug][gc,phases      ] GC(113) Reference Processing 0.119ms
[5373.257s][debug][gc,phases      ] GC(113)   VM Weak                        Min:  0.0, Avg:  0.0, Max:  0.0, Diff:  0.0, Sum:  0.0, Workers: 4
[5373.257s][debug][gc,phases      ] GC(113)     Dead                           Min: 0, Avg:  0.0, Max: 0, Diff: 0, Sum: 0, Workers: 4
[5373.257s][debug][gc,phases      ] GC(113)     Total                          Min: 0, Avg: 260.2, Max: 529, Diff: 529, Sum: 1041, Workers: 4
[5373.257s][debug][gc,phases      ] GC(113)   ObjectSynchronizer Weak        Min:  0.0, Avg:  0.0, Max:  0.0, Diff:  0.0, Sum:  0.0, Workers: 4
[5373.257s][debug][gc,phases      ] GC(113)     Dead                           Min: 0, Avg:  0.0, Max: 0, Diff: 0, Sum: 0, Workers: 4
[5373.257s][debug][gc,phases      ] GC(113)     Total                          Min: 0, Avg:  1.0, Max: 4, Diff: 4, Sum: 4, Workers: 4
[5373.257s][debug][gc,phases      ] GC(113)   JVMTI Tag Weak OopStorage      Min:  0.0, Avg:  0.0, Max:  0.0, Diff:  0.0, Sum:  0.0, Workers: 4
[5373.257s][debug][gc,phases      ] GC(113)     Dead                           Min: 0, Avg:  0.0, Max: 0, Diff: 0, Sum: 0, Workers: 4
[5373.257s][debug][gc,phases      ] GC(113)     Total                          Min: 0, Avg:  0.0, Max: 0, Diff: 0, Sum: 0, Workers: 4
[5373.257s][debug][gc,phases      ] GC(113)   StringTable Weak               Min:  0.0, Avg:  0.1, Max:  0.2, Diff:  0.2, Sum:  0.5, Workers: 4
[5373.257s][debug][gc,phases      ] GC(113)     Dead                           Min: 0, Avg:  0.0, Max: 0, Diff: 0, Sum: 0, Workers: 4
[5373.257s][debug][gc,phases      ] GC(113)     Total                          Min: 0, Avg: 11974.2, Max: 16959, Diff: 16959, Sum: 47897, Workers: 4
[5373.257s][debug][gc,phases      ] GC(113)   ResolvedMethodTable Weak       Min:  0.0, Avg:  0.0, Max:  0.1, Diff:  0.1, Sum:  0.2, Workers: 4
[5373.257s][debug][gc,phases      ] GC(113)     Dead                           Min: 0, Avg:  4.0, Max: 16, Diff: 16, Sum: 16, Workers: 4
[5373.257s][debug][gc,phases      ] GC(113)     Total                          Min: 0, Avg: 3935.2, Max: 5935, Diff: 5935, Sum: 15741, Workers: 4
[5373.257s][debug][gc,phases      ] GC(113)   JNI Weak                       Min:  0.0, Avg:  0.0, Max:  0.0, Diff:  0.0, Sum:  0.0, Workers: 4
[5373.257s][debug][gc,phases      ] GC(113)     Dead                           Min: 0, Avg:  0.0, Max: 0, Diff: 0, Sum: 0, Workers: 4
[5373.257s][debug][gc,phases      ] GC(113)     Total                          Min: 0, Avg: 13.0, Max: 52, Diff: 52, Sum: 52, Workers: 4
[5373.257s][debug][gc,phases      ] GC(113)   StringDedup Table Weak         Min:  0.0, Avg:  0.0, Max:  0.0, Diff:  0.0, Sum:  0.0, Workers: 4
[5373.257s][debug][gc,phases      ] GC(113)     Dead                           Min: 0, Avg:  0.0, Max: 0, Diff: 0, Sum: 0, Workers: 4
[5373.257s][debug][gc,phases      ] GC(113)     Total                          Min: 0, Avg:  0.0, Max: 0, Diff: 0, Sum: 0, Workers: 4
[5373.257s][debug][gc,phases      ] GC(113)   StringDedup Requests0 Weak     Min:  0.0, Avg:  0.0, Max:  0.0, Diff:  0.0, Sum:  0.0, Workers: 4
[5373.257s][debug][gc,phases      ] GC(113)     Dead                           Min: 0, Avg:  0.0, Max: 0, Diff: 0, Sum: 0, Workers: 4
[5373.257s][debug][gc,phases      ] GC(113)     Total                          Min: 0, Avg:  0.0, Max: 0, Diff: 0, Sum: 0, Workers: 4
[5373.257s][debug][gc,phases      ] GC(113)   StringDedup Requests1 Weak     Min:  0.0, Avg:  0.0, Max:  0.0, Diff:  0.0, Sum:  0.0, Workers: 4
[5373.257s][debug][gc,phases      ] GC(113)     Dead                           Min: 0, Avg:  0.0, Max: 0, Diff: 0, Sum: 0, Workers: 4
[5373.257s][debug][gc,phases      ] GC(113)     Total                          Min: 0, Avg:  0.0, Max: 0, Diff: 0, Sum: 0, Workers: 4
[5373.257s][debug][gc,phases      ] GC(113)   Weak JFR Old Object Samples    Min:  0.0, Avg:  0.0, Max:  0.0, Diff:  0.0, Sum:  0.0, Workers: 4
[5373.257s][debug][gc,phases      ] GC(113)     Dead                           Min: 0, Avg:  0.0, Max: 0, Diff: 0, Sum: 0, Workers: 4
[5373.257s][debug][gc,phases      ] GC(113)     Total                          Min: 0, Avg:  0.0, Max: 0, Diff: 0, Sum: 0, Workers: 4
[5373.257s][debug][gc,phases      ] GC(113) Weak Processing 0.460ms
[5373.257s][debug][gc,age         ] GC(113) Desired survivor size 30408704 bytes, new threshold 1 (max threshold 15)
[5373.257s][info ][gc,heap        ] GC(113) PSYoungGen: 2033744K(2062336K)->4153K(2067456K) Eden: 2029568K(2029568K)->0K(2036224K) From: 4176K(32768K)->4153K(31232K)
[5373.257s][info ][gc,heap        ] GC(113) ParOldGen: 557985K(558080K)->559265K(559616K)
[5373.257s][info ][gc,metaspace   ] GC(113) Metaspace: 111604K(112960K)->111604K(112960K) NonClass: 94993K(95744K)->94993K(95744K) Class: 16611K(17216K)->16611K(17216K)
[5373.257s][info ][gc             ] GC(113) Pause Young (Allocation Failure) 2530M->550M(2565M) 4.796ms
[5373.257s][info ][gc,cpu         ] GC(113) User=0.02s Sys=0.00s Real=0.00s
[5373.257s][info ][safepoint      ] Safepoint "ParallelGCFailedAllocation", Time since last: 390979721 ns, Reaching safepoint: 83501 ns, Cleanup: 4400 ns, At safepoint: 4880399 ns, Total: 4968300 ns
[5376.258s][info ][safepoint      ] Safepoint "Cleanup", Time since last: 3000262396 ns, Reaching safepoint: 87602 ns, Cleanup: 12300 ns, At safepoint: 7100 ns, Total: 107002 ns
[5378.258s][info ][safepoint      ] Safepoint "Cleanup", Time since last: 2000215816 ns, Reaching safepoint: 82402 ns, Cleanup: 19700 ns, At safepoint: 6400 ns, Total: 108502 ns
[5389.259s][info ][safepoint      ] Safepoint "Cleanup", Time since last: 11000859325 ns, Reaching safepoint: 79802 ns, Cleanup: 14000 ns, At safepoint: 7300 ns, Total: 101102 ns
[5395.260s][info ][safepoint      ] Safepoint "Cleanup", Time since last: 6000511284 ns, Reaching safepoint: 82502 ns, Cleanup: 18600 ns, At safepoint: 6400 ns, Total: 107502 ns
[5400.792s][info ][gc,start       ] GC(114) Pause Young (Allocation Failure)
[5400.797s][debug][gc,phases      ] GC(114) Scavenge 4.190ms
[5400.797s][debug][gc,ref         ] GC(114) ReferenceProcessor::execute queues: 1, RefProcThreadModel::Single, marks_oops_alive: false
[5400.797s][debug][gc,ref         ] GC(114) Skipped KeepAliveFinalRefsPhase of Reference Processing: no references
[5400.797s][debug][gc,ref         ] GC(114) Skipped PhantomRefsPhase of Reference Processing: no references
[5400.797s][debug][gc,phases      ] GC(114) Reference Processing 0.120ms
[5400.797s][debug][gc,phases      ] GC(114)   VM Weak                        Min:  0.0, Avg:  0.0, Max:  0.0, Diff:  0.0, Sum:  0.0, Workers: 4
[5400.797s][debug][gc,phases      ] GC(114)     Dead                           Min: 0, Avg:  0.0, Max: 0, Diff: 0, Sum: 0, Workers: 4
[5400.797s][debug][gc,phases      ] GC(114)     Total                          Min: 0, Avg: 260.2, Max: 529, Diff: 529, Sum: 1041, Workers: 4
[5400.797s][debug][gc,phases      ] GC(114)   ObjectSynchronizer Weak        Min:  0.0, Avg:  0.0, Max:  0.0, Diff:  0.0, Sum:  0.0, Workers: 4
[5400.797s][debug][gc,phases      ] GC(114)     Dead                           Min: 0, Avg:  0.0, Max: 0, Diff: 0, Sum: 0, Workers: 4
[5400.797s][debug][gc,phases      ] GC(114)     Total                          Min: 0, Avg:  1.0, Max: 4, Diff: 4, Sum: 4, Workers: 4
[5400.797s][debug][gc,phases      ] GC(114)   JVMTI Tag Weak OopStorage      Min:  0.0, Avg:  0.0, Max:  0.0, Diff:  0.0, Sum:  0.0, Workers: 4
[5400.797s][debug][gc,phases      ] GC(114)     Dead                           Min: 0, Avg:  0.0, Max: 0, Diff: 0, Sum: 0, Workers: 4
[5400.797s][debug][gc,phases      ] GC(114)     Total                          Min: 0, Avg:  0.0, Max: 0, Diff: 0, Sum: 0, Workers: 4
[5400.797s][debug][gc,phases      ] GC(114)   StringTable Weak               Min:  0.1, Avg:  0.1, Max:  0.1, Diff:  0.0, Sum:  0.5, Workers: 4
[5400.797s][debug][gc,phases      ] GC(114)     Dead                           Min: 0, Avg:  0.0, Max: 0, Diff: 0, Sum: 0, Workers: 4
[5400.797s][debug][gc,phases      ] GC(114)     Total                          Min: 11584, Avg: 11979.5, Max: 12224, Diff: 640, Sum: 47918, Workers: 4
[5400.797s][debug][gc,phases      ] GC(114)   ResolvedMethodTable Weak       Min:  0.0, Avg:  0.0, Max:  0.0, Diff:  0.0, Sum:  0.2, Workers: 4
[5400.797s][debug][gc,phases      ] GC(114)     Dead                           Min: 0, Avg:  4.0, Max: 16, Diff: 16, Sum: 16, Workers: 4
[5400.797s][debug][gc,phases      ] GC(114)     Total                          Min: 3639, Avg: 3935.2, Max: 4069, Diff: 430, Sum: 15741, Workers: 4
[5400.797s][debug][gc,phases      ] GC(114)   JNI Weak                       Min:  0.0, Avg:  0.0, Max:  0.0, Diff:  0.0, Sum:  0.0, Workers: 4
[5400.797s][debug][gc,phases      ] GC(114)     Dead                           Min: 0, Avg:  0.0, Max: 0, Diff: 0, Sum: 0, Workers: 4
[5400.797s][debug][gc,phases      ] GC(114)     Total                          Min: 0, Avg: 13.0, Max: 52, Diff: 52, Sum: 52, Workers: 4
[5400.797s][debug][gc,phases      ] GC(114)   StringDedup Table Weak         Min:  0.0, Avg:  0.0, Max:  0.0, Diff:  0.0, Sum:  0.0, Workers: 4
[5400.797s][debug][gc,phases      ] GC(114)     Dead                           Min: 0, Avg:  0.0, Max: 0, Diff: 0, Sum: 0, Workers: 4
[5400.797s][debug][gc,phases      ] GC(114)     Total                          Min: 0, Avg:  0.0, Max: 0, Diff: 0, Sum: 0, Workers: 4
[5400.797s][debug][gc,phases      ] GC(114)   StringDedup Requests0 Weak     Min:  0.0, Avg:  0.0, Max:  0.0, Diff:  0.0, Sum:  0.0, Workers: 4
[5400.797s][debug][gc,phases      ] GC(114)     Dead                           Min: 0, Avg:  0.0, Max: 0, Diff: 0, Sum: 0, Workers: 4
[5400.797s][debug][gc,phases      ] GC(114)     Total                          Min: 0, Avg:  0.0, Max: 0, Diff: 0, Sum: 0, Workers: 4
[5400.797s][debug][gc,phases      ] GC(114)   StringDedup Requests1 Weak     Min:  0.0, Avg:  0.0, Max:  0.0, Diff:  0.0, Sum:  0.0, Workers: 4
[5400.797s][debug][gc,phases      ] GC(114)     Dead                           Min: 0, Avg:  0.0, Max: 0, Diff: 0, Sum: 0, Workers: 4
[5400.797s][debug][gc,phases      ] GC(114)     Total                          Min: 0, Avg:  0.0, Max: 0, Diff: 0, Sum: 0, Workers: 4
[5400.797s][debug][gc,phases      ] GC(114)   Weak JFR Old Object Samples    Min:  0.0, Avg:  0.0, Max:  0.0, Diff:  0.0, Sum:  0.0, Workers: 4
[5400.797s][debug][gc,phases      ] GC(114)     Dead                           Min: 0, Avg:  0.0, Max: 0, Diff: 0, Sum: 0, Workers: 4
[5400.797s][debug][gc,phases      ] GC(114)     Total                          Min: 0, Avg:  0.0, Max: 0, Diff: 0, Sum: 0, Workers: 4
[5400.797s][debug][gc,phases      ] GC(114) Weak Processing 0.426ms
[5400.797s][debug][gc,age         ] GC(114) Desired survivor size 28835840 bytes, new threshold 1 (max threshold 15)
[5400.797s][info ][gc,heap        ] GC(114) PSYoungGen: 2040377K(2067456K)->4416K(2065920K) Eden: 2036224K(2036224K)->0K(2036224K) From: 4153K(31232K)->4416K(29696K)
[5400.797s][info ][gc,heap        ] GC(114) ParOldGen: 559265K(559616K)->560707K(561152K)
[5400.797s][info ][gc,metaspace   ] GC(114) Metaspace: 111617K(113024K)->111617K(113024K) NonClass: 95005K(95808K)->95005K(95808K) Class: 16611K(17216K)->16611K(17216K)
[5400.797s][info ][gc             ] GC(114) Pause Young (Allocation Failure) 2538M->551M(2565M) 4.886ms
[5400.797s][info ][gc,cpu         ] GC(114) User=0.02s Sys=0.00s Real=0.00s
[5400.797s][info ][safepoint      ] Safepoint "ParallelGCFailedAllocation", Time since last: 5532900703 ns, Reaching safepoint: 7000 ns, Cleanup: 4900 ns, At safepoint: 4972485 ns, Total: 4984385 ns
[5406.922s][info ][safepoint      ] Safepoint "Cleanup", Time since last: 6124197441 ns, Reaching safepoint: 6000 ns, Cleanup: 9701 ns, At safepoint: 2500 ns, Total: 18201 ns
[5413.922s][info ][safepoint      ] Safepoint "Cleanup", Time since last: 7000534734 ns, Reaching safepoint: 8300 ns, Cleanup: 32100 ns, At safepoint: 2701 ns, Total: 43101 ns
[5417.923s][info ][safepoint      ] Safepoint "Cleanup", Time since last: 4000338629 ns, Reaching safepoint: 7700 ns, Cleanup: 13000 ns, At safepoint: 2500 ns, Total: 23200 ns
[5418.923s][info ][safepoint      ] Safepoint "Cleanup", Time since last: 1000117054 ns, Reaching safepoint: 8200 ns, Cleanup: 9600 ns, At safepoint: 27801 ns, Total: 45601 ns
[5420.923s][info ][safepoint      ] Safepoint "Cleanup", Time since last: 2000181805 ns, Reaching safepoint: 8001 ns, Cleanup: 10200 ns, At safepoint: 2900 ns, Total: 21101 ns
[5423.923s][info ][safepoint      ] Safepoint "Cleanup", Time since last: 3000262596 ns, Reaching safepoint: 8400 ns, Cleanup: 9800 ns, At safepoint: 2800 ns, Total: 21000 ns
[5425.923s][info ][safepoint      ] Safepoint "Cleanup", Time since last: 2000189720 ns, Reaching safepoint: 7600 ns, Cleanup: 16700 ns, At safepoint: 2900 ns, Total: 27200 ns
[5427.360s][info ][gc,start       ] GC(115) Pause Young (Allocation Failure)
[5427.364s][debug][gc,phases      ] GC(115) Scavenge 4.265ms
[5427.364s][debug][gc,ref         ] GC(115) ReferenceProcessor::execute queues: 1, RefProcThreadModel::Single, marks_oops_alive: false
[5427.364s][debug][gc,ref         ] GC(115) Skipped KeepAliveFinalRefsPhase of Reference Processing: no references
[5427.364s][debug][gc,ref         ] GC(115) ReferenceProcessor::execute queues: 1, RefProcThreadModel::Single, marks_oops_alive: false
[5427.364s][debug][gc,phases      ] GC(115) Reference Processing 0.120ms
[5427.364s][debug][gc,phases      ] GC(115)   VM Weak                        Min:  0.0, Avg:  0.0, Max:  0.0, Diff:  0.0, Sum:  0.0, Workers: 4
[5427.364s][debug][gc,phases      ] GC(115)     Dead                           Min: 0, Avg:  0.0, Max: 0, Diff: 0, Sum: 0, Workers: 4
[5427.364s][debug][gc,phases      ] GC(115)     Total                          Min: 0, Avg: 260.2, Max: 704, Diff: 704, Sum: 1041, Workers: 4
[5427.364s][debug][gc,phases      ] GC(115)   ObjectSynchronizer Weak        Min:  0.0, Avg:  0.0, Max:  0.0, Diff:  0.0, Sum:  0.0, Workers: 4
[5427.364s][debug][gc,phases      ] GC(115)     Dead                           Min: 0, Avg:  0.0, Max: 0, Diff: 0, Sum: 0, Workers: 4
[5427.364s][debug][gc,phases      ] GC(115)     Total                          Min: 0, Avg:  1.0, Max: 4, Diff: 4, Sum: 4, Workers: 4
[5427.364s][debug][gc,phases      ] GC(115)   JVMTI Tag Weak OopStorage      Min:  0.0, Avg:  0.0, Max:  0.0, Diff:  0.0, Sum:  0.0, Workers: 4
[5427.364s][debug][gc,phases      ] GC(115)     Dead                           Min: 0, Avg:  0.0, Max: 0, Diff: 0, Sum: 0, Workers: 4
[5427.364s][debug][gc,phases      ] GC(115)     Total                          Min: 0, Avg:  0.0, Max: 0, Diff: 0, Sum: 0, Workers: 4
[5427.365s][debug][gc,phases      ] GC(115)   StringTable Weak               Min:  0.1, Avg:  0.1, Max:  0.1, Diff:  0.0, Sum:  0.5, Workers: 4
[5427.365s][debug][gc,phases      ] GC(115)     Dead                           Min: 0, Avg:  0.0, Max: 0, Diff: 0, Sum: 0, Workers: 4
[5427.365s][debug][gc,phases      ] GC(115)     Total                          Min: 11328, Avg: 11979.5, Max: 12735, Diff: 1407, Sum: 47918, Workers: 4
[5427.365s][debug][gc,phases      ] GC(115)   ResolvedMethodTable Weak       Min:  0.0, Avg:  0.0, Max:  0.0, Diff:  0.0, Sum:  0.2, Workers: 4
[5427.365s][debug][gc,phases      ] GC(115)     Dead                           Min: 0, Avg:  4.0, Max: 16, Diff: 16, Sum: 16, Workers: 4
[5427.365s][debug][gc,phases      ] GC(115)     Total                          Min: 3716, Avg: 3935.2, Max: 4053, Diff: 337, Sum: 15741, Workers: 4
[5427.365s][debug][gc,phases      ] GC(115)   JNI Weak                       Min:  0.0, Avg:  0.0, Max:  0.0, Diff:  0.0, Sum:  0.0, Workers: 4
[5427.365s][debug][gc,phases      ] GC(115)     Dead                           Min: 0, Avg:  0.0, Max: 0, Diff: 0, Sum: 0, Workers: 4
[5427.365s][debug][gc,phases      ] GC(115)     Total                          Min: 0, Avg: 13.0, Max: 52, Diff: 52, Sum: 52, Workers: 4
[5427.365s][debug][gc,phases      ] GC(115)   StringDedup Table Weak         Min:  0.0, Avg:  0.0, Max:  0.0, Diff:  0.0, Sum:  0.0, Workers: 4
[5427.365s][debug][gc,phases      ] GC(115)     Dead                           Min: 0, Avg:  0.0, Max: 0, Diff: 0, Sum: 0, Workers: 4
[5427.365s][debug][gc,phases      ] GC(115)     Total                          Min: 0, Avg:  0.0, Max: 0, Diff: 0, Sum: 0, Workers: 4
[5427.365s][debug][gc,phases      ] GC(115)   StringDedup Requests0 Weak     Min:  0.0, Avg:  0.0, Max:  0.0, Diff:  0.0, Sum:  0.0, Workers: 4
[5427.365s][debug][gc,phases      ] GC(115)     Dead                           Min: 0, Avg:  0.0, Max: 0, Diff: 0, Sum: 0, Workers: 4
[5427.365s][debug][gc,phases      ] GC(115)     Total                          Min: 0, Avg:  0.0, Max: 0, Diff: 0, Sum: 0, Workers: 4
[5427.365s][debug][gc,phases      ] GC(115)   StringDedup Requests1 Weak     Min:  0.0, Avg:  0.0, Max:  0.0, Diff:  0.0, Sum:  0.0, Workers: 4
[5427.365s][debug][gc,phases      ] GC(115)     Dead                           Min: 0, Avg:  0.0, Max: 0, Diff: 0, Sum: 0, Workers: 4
[5427.365s][debug][gc,phases      ] GC(115)     Total                          Min: 0, Avg:  0.0, Max: 0, Diff: 0, Sum: 0, Workers: 4
[5427.365s][debug][gc,phases      ] GC(115)   Weak JFR Old Object Samples    Min:  0.0, Avg:  0.0, Max:  0.0, Diff:  0.0, Sum:  0.0, Workers: 4
[5427.365s][debug][gc,phases      ] GC(115)     Dead                           Min: 0, Avg:  0.0, Max: 0, Diff: 0, Sum: 0, Workers: 4
[5427.365s][debug][gc,phases      ] GC(115)     Total                          Min: 0, Avg:  0.0, Max: 0, Diff: 0, Sum: 0, Workers: 4
[5427.365s][debug][gc,phases      ] GC(115) Weak Processing 0.396ms
[5427.365s][debug][gc,age         ] GC(115) Desired survivor size 27262976 bytes, new threshold 1 (max threshold 15)
[5427.365s][info ][gc,heap        ] GC(115) PSYoungGen: 2040640K(2065920K)->4295K(2070528K) Eden: 2036224K(2036224K)->0K(2042368K) From: 4416K(29696K)->4295K(28160K)
[5427.365s][info ][gc,heap        ] GC(115) ParOldGen: 560707K(561152K)->562383K(562688K)
[5427.365s][info ][gc,metaspace   ] GC(115) Metaspace: 111639K(113024K)->111639K(113024K) NonClass: 95027K(95808K)->95027K(95808K) Class: 16611K(17216K)->16611K(17216K)
[5427.365s][info ][gc             ] GC(115) Pause Young (Allocation Failure) 2540M->553M(2571M) 4.972ms
[5427.365s][info ][gc,cpu         ] GC(115) User=0.02s Sys=0.00s Real=0.01s
[5427.365s][info ][safepoint      ] Safepoint "ParallelGCFailedAllocation", Time since last: 1436230292 ns, Reaching safepoint: 8200 ns, Cleanup: 4600 ns, At safepoint: 5057881 ns, Total: 5070681 ns
[5428.365s][info ][safepoint      ] Safepoint "Cleanup", Time since last: 1000090610 ns, Reaching safepoint: 8700 ns, Cleanup: 9700 ns, At safepoint: 2700 ns, Total: 21100 ns
[5435.365s][info ][safepoint      ] Safepoint "Cleanup", Time since last: 7000552796 ns, Reaching safepoint: 7700 ns, Cleanup: 12301 ns, At safepoint: 2800 ns, Total: 22801 ns
[5437.366s][info ][safepoint      ] Safepoint "Cleanup", Time since last: 2000189191 ns, Reaching safepoint: 8500 ns, Cleanup: 11100 ns, At safepoint: 2600 ns, Total: 22200 ns
[5438.366s][info ][safepoint      ] Safepoint "Cleanup", Time since last: 1000119147 ns, Reaching safepoint: 9200 ns, Cleanup: 15600 ns, At safepoint: 2600 ns, Total: 27400 ns
[5444.366s][info ][safepoint      ] Safepoint "Cleanup", Time since last: 6000471257 ns, Reaching safepoint: 8800 ns, Cleanup: 23100 ns, At safepoint: 3000 ns, Total: 34900 ns
[5445.366s][info ][safepoint      ] Safepoint "Cleanup", Time since last: 1000118851 ns, Reaching safepoint: 7700 ns, Cleanup: 14100 ns, At safepoint: 2800 ns, Total: 24600 ns
[5446.367s][info ][safepoint      ] Safepoint "Cleanup", Time since last: 1000109823 ns, Reaching safepoint: 8100 ns, Cleanup: 15800 ns, At safepoint: 3400 ns, Total: 27300 ns
[5447.367s][info ][safepoint      ] Safepoint "Cleanup", Time since last: 1000131685 ns, Reaching safepoint: 11600 ns, Cleanup: 14000 ns, At safepoint: 3401 ns, Total: 29001 ns
[5448.367s][info ][safepoint      ] Safepoint "Cleanup", Time since last: 1000146661 ns, Reaching safepoint: 106701 ns, Cleanup: 28901 ns, At safepoint: 6300 ns, Total: 141902 ns
[5449.367s][info ][safepoint      ] Safepoint "Cleanup", Time since last: 1000117260 ns, Reaching safepoint: 93102 ns, Cleanup: 12600 ns, At safepoint: 5300 ns, Total: 111002 ns
[5450.367s][info ][safepoint      ] Safepoint "Cleanup", Time since last: 1000114961 ns, Reaching safepoint: 84201 ns, Cleanup: 13700 ns, At safepoint: 6500 ns, Total: 104401 ns
[5451.371s][info ][safepoint      ] Safepoint "Cleanup", Time since last: 1000115461 ns, Reaching safepoint: 3205949 ns, Cleanup: 13700 ns, At safepoint: 5800 ns, Total: 3225449 ns
[5453.104s][info ][gc,start       ] GC(116) Pause Young (Allocation Failure)
[5453.112s][debug][gc,phases      ] GC(116) Scavenge 8.065ms
[5453.112s][debug][gc,ref         ] GC(116) ReferenceProcessor::execute queues: 1, RefProcThreadModel::Single, marks_oops_alive: false
[5453.112s][debug][gc,ref         ] GC(116) Skipped KeepAliveFinalRefsPhase of Reference Processing: no references
[5453.112s][debug][gc,ref         ] GC(116) ReferenceProcessor::execute queues: 1, RefProcThreadModel::Single, marks_oops_alive: false
[5453.112s][debug][gc,phases      ] GC(116) Reference Processing 0.154ms
[5453.112s][debug][gc,phases      ] GC(116)   VM Weak                        Min:  0.0, Avg:  0.0, Max:  0.0, Diff:  0.0, Sum:  0.0, Workers: 4
[5453.113s][debug][gc,phases      ] GC(116)     Dead                           Min: 0, Avg:  0.0, Max: 0, Diff: 0, Sum: 0, Workers: 4
[5453.113s][debug][gc,phases      ] GC(116)     Total                          Min: 0, Avg: 260.2, Max: 785, Diff: 785, Sum: 1041, Workers: 4
[5453.113s][debug][gc,phases      ] GC(116)   ObjectSynchronizer Weak        Min:  0.0, Avg:  0.0, Max:  0.0, Diff:  0.0, Sum:  0.0, Workers: 4
[5453.113s][debug][gc,phases      ] GC(116)     Dead                           Min: 0, Avg:  0.0, Max: 0, Diff: 0, Sum: 0, Workers: 4
[5453.113s][debug][gc,phases      ] GC(116)     Total                          Min: 0, Avg:  1.0, Max: 4, Diff: 4, Sum: 4, Workers: 4
[5453.113s][debug][gc,phases      ] GC(116)   JVMTI Tag Weak OopStorage      Min:  0.0, Avg:  0.0, Max:  0.0, Diff:  0.0, Sum:  0.0, Workers: 4
[5453.113s][debug][gc,phases      ] GC(116)     Dead                           Min: 0, Avg:  0.0, Max: 0, Diff: 0, Sum: 0, Workers: 4
[5453.113s][debug][gc,phases      ] GC(116)     Total                          Min: 0, Avg:  0.0, Max: 0, Diff: 0, Sum: 0, Workers: 4
[5453.113s][debug][gc,phases      ] GC(116)   StringTable Weak               Min:  0.0, Avg:  0.1, Max:  0.2, Diff:  0.2, Sum:  0.5, Workers: 4
[5453.113s][debug][gc,phases      ] GC(116)     Dead                           Min: 0, Avg:  0.0, Max: 0, Diff: 0, Sum: 0, Workers: 4
[5453.113s][debug][gc,phases      ] GC(116)     Total                          Min: 0, Avg: 11979.5, Max: 18943, Diff: 18943, Sum: 47918, Workers: 4
[5453.113s][debug][gc,phases      ] GC(116)   ResolvedMethodTable Weak       Min:  0.0, Avg:  0.0, Max:  0.1, Diff:  0.1, Sum:  0.2, Workers: 4
[5453.113s][debug][gc,phases      ] GC(116)     Dead                           Min: 0, Avg:  6.0, Max: 22, Diff: 22, Sum: 24, Workers: 4
[5453.113s][debug][gc,phases      ] GC(116)     Total                          Min: 0, Avg: 3935.5, Max: 6012, Diff: 6012, Sum: 15742, Workers: 4
[5453.113s][debug][gc,phases      ] GC(116)   JNI Weak                       Min:  0.0, Avg:  0.0, Max:  0.0, Diff:  0.0, Sum:  0.0, Workers: 4
[5453.113s][debug][gc,phases      ] GC(116)     Dead                           Min: 0, Avg:  0.0, Max: 0, Diff: 0, Sum: 0, Workers: 4
[5453.113s][debug][gc,phases      ] GC(116)     Total                          Min: 0, Avg: 13.0, Max: 52, Diff: 52, Sum: 52, Workers: 4
[5453.113s][debug][gc,phases      ] GC(116)   StringDedup Table Weak         Min:  0.0, Avg:  0.0, Max:  0.0, Diff:  0.0, Sum:  0.0, Workers: 4
[5453.113s][debug][gc,phases      ] GC(116)     Dead                           Min: 0, Avg:  0.0, Max: 0, Diff: 0, Sum: 0, Workers: 4
[5453.113s][debug][gc,phases      ] GC(116)     Total                          Min: 0, Avg:  0.0, Max: 0, Diff: 0, Sum: 0, Workers: 4
[5453.113s][debug][gc,phases      ] GC(116)   StringDedup Requests0 Weak     Min:  0.0, Avg:  0.0, Max:  0.0, Diff:  0.0, Sum:  0.0, Workers: 4
[5453.113s][debug][gc,phases      ] GC(116)     Dead                           Min: 0, Avg:  0.0, Max: 0, Diff: 0, Sum: 0, Workers: 4
[5453.113s][debug][gc,phases      ] GC(116)     Total                          Min: 0, Avg:  0.0, Max: 0, Diff: 0, Sum: 0, Workers: 4
[5453.113s][debug][gc,phases      ] GC(116)   StringDedup Requests1 Weak     Min:  0.0, Avg:  0.0, Max:  0.0, Diff:  0.0, Sum:  0.0, Workers: 4
[5453.113s][debug][gc,phases      ] GC(116)     Dead                           Min: 0, Avg:  0.0, Max: 0, Diff: 0, Sum: 0, Workers: 4
[5453.113s][debug][gc,phases      ] GC(116)     Total                          Min: 0, Avg:  0.0, Max: 0, Diff: 0, Sum: 0, Workers: 4
[5453.113s][debug][gc,phases      ] GC(116)   Weak JFR Old Object Samples    Min:  0.0, Avg:  0.0, Max:  0.0, Diff:  0.0, Sum:  0.0, Workers: 4
[5453.113s][debug][gc,phases      ] GC(116)     Dead                           Min: 0, Avg:  0.0, Max: 0, Diff: 0, Sum: 0, Workers: 4
[5453.113s][debug][gc,phases      ] GC(116)     Total                          Min: 0, Avg:  0.0, Max: 0, Diff: 0, Sum: 0, Workers: 4
[5453.113s][debug][gc,phases      ] GC(116) Weak Processing 0.490ms
[5453.113s][debug][gc,age         ] GC(116) Desired survivor size 25690112 bytes, new threshold 1 (max threshold 15)
[5453.113s][info ][gc,heap        ] GC(116) PSYoungGen: 2046663K(2070528K)->4608K(2068992K) Eden: 2042368K(2042368K)->0K(2042368K) From: 4295K(28160K)->4608K(26624K)
[5453.113s][info ][gc,heap        ] GC(116) ParOldGen: 562383K(562688K)->564018K(564224K)
[5453.113s][info ][gc,metaspace   ] GC(116) Metaspace: 111644K(113024K)->111644K(113024K) NonClass: 95032K(95808K)->95032K(95808K) Class: 16611K(17216K)->16611K(17216K)
[5453.113s][info ][gc             ] GC(116) Pause Young (Allocation Failure) 2547M->555M(2571M) 8.861ms
[5453.113s][info ][gc,cpu         ] GC(116) User=0.02s Sys=0.00s Real=0.01s
[5453.113s][info ][safepoint      ] Safepoint "ParallelGCFailedAllocation", Time since last: 1732994776 ns, Reaching safepoint: 83301 ns, Cleanup: 5000 ns, At safepoint: 8961954 ns, Total: 9050255 ns
[5454.114s][info ][safepoint      ] Safepoint "Cleanup", Time since last: 1000093245 ns, Reaching safepoint: 1056318 ns, Cleanup: 16300 ns, At safepoint: 26701 ns, Total: 1099319 ns
[5455.117s][info ][safepoint      ] Safepoint "Cleanup", Time since last: 1000105645 ns, Reaching safepoint: 3167255 ns, Cleanup: 11700 ns, At safepoint: 9500 ns, Total: 3188455 ns
[5456.118s][info ][safepoint      ] Safepoint "Cleanup", Time since last: 1000111012 ns, Reaching safepoint: 81801 ns, Cleanup: 11400 ns, At safepoint: 5000 ns, Total: 98201 ns
[5458.119s][info ][safepoint      ] Safepoint "Cleanup", Time since last: 2001128241 ns, Reaching safepoint: 80202 ns, Cleanup: 11900 ns, At safepoint: 5600 ns, Total: 97702 ns
[5459.119s][info ][safepoint      ] Safepoint "Cleanup", Time since last: 1000117513 ns, Reaching safepoint: 83401 ns, Cleanup: 13901 ns, At safepoint: 5900 ns, Total: 103202 ns
[5475.945s][info ][safepoint      ] Safepoint "Cleanup", Time since last: 16825629764 ns, Reaching safepoint: 8101 ns, Cleanup: 9900 ns, At safepoint: 27100 ns, Total: 45101 ns
[5477.945s][info ][safepoint      ] Safepoint "Cleanup", Time since last: 2000183342 ns, Reaching safepoint: 7600 ns, Cleanup: 10800 ns, At safepoint: 2600 ns, Total: 21000 ns
[5480.152s][info ][gc,start       ] GC(117) Pause Young (Allocation Failure)
[5480.157s][debug][gc,phases      ] GC(117) Scavenge 5.452ms
[5480.157s][debug][gc,ref         ] GC(117) ReferenceProcessor::execute queues: 1, RefProcThreadModel::Single, marks_oops_alive: false
[5480.157s][debug][gc,ref         ] GC(117) Skipped KeepAliveFinalRefsPhase of Reference Processing: no references
[5480.157s][debug][gc,ref         ] GC(117) ReferenceProcessor::execute queues: 1, RefProcThreadModel::Single, marks_oops_alive: false
[5480.157s][debug][gc,phases      ] GC(117) Reference Processing 0.116ms
[5480.158s][debug][gc,phases      ] GC(117)   VM Weak                        Min:  0.0, Avg:  0.0, Max:  0.0, Diff:  0.0, Sum:  0.0, Workers: 4
[5480.158s][debug][gc,phases      ] GC(117)     Dead                           Min: 0, Avg:  0.0, Max: 0, Diff: 0, Sum: 0, Workers: 4
[5480.158s][debug][gc,phases      ] GC(117)     Total                          Min: 0, Avg: 260.2, Max: 529, Diff: 529, Sum: 1041, Workers: 4
[5480.158s][debug][gc,phases      ] GC(117)   ObjectSynchronizer Weak        Min:  0.0, Avg:  0.0, Max:  0.0, Diff:  0.0, Sum:  0.0, Workers: 4
[5480.158s][debug][gc,phases      ] GC(117)     Dead                           Min: 0, Avg:  0.0, Max: 0, Diff: 0, Sum: 0, Workers: 4
[5480.158s][debug][gc,phases      ] GC(117)     Total                          Min: 0, Avg:  1.0, Max: 4, Diff: 4, Sum: 4, Workers: 4
[5480.158s][debug][gc,phases      ] GC(117)   JVMTI Tag Weak OopStorage      Min:  0.0, Avg:  0.0, Max:  0.0, Diff:  0.0, Sum:  0.0, Workers: 4
[5480.158s][debug][gc,phases      ] GC(117)     Dead                           Min: 0, Avg:  0.0, Max: 0, Diff: 0, Sum: 0, Workers: 4
[5480.158s][debug][gc,phases      ] GC(117)     Total                          Min: 0, Avg:  0.0, Max: 0, Diff: 0, Sum: 0, Workers: 4
[5480.158s][debug][gc,phases      ] GC(117)   StringTable Weak               Min:  0.0, Avg:  0.1, Max:  0.2, Diff:  0.2, Sum:  0.5, Workers: 4
[5480.158s][debug][gc,phases      ] GC(117)     Dead                           Min: 0, Avg:  0.0, Max: 0, Diff: 0, Sum: 0, Workers: 4
[5480.158s][debug][gc,phases      ] GC(117)     Total                          Min: 0, Avg: 11979.5, Max: 17344, Diff: 17344, Sum: 47918, Workers: 4
[5480.158s][debug][gc,phases      ] GC(117)   ResolvedMethodTable Weak       Min:  0.0, Avg:  0.0, Max:  0.1, Diff:  0.1, Sum:  0.2, Workers: 4
[5480.158s][debug][gc,phases      ] GC(117)     Dead                           Min: 0, Avg:  4.5, Max: 18, Diff: 18, Sum: 18, Workers: 4
[5480.158s][debug][gc,phases      ] GC(117)     Total                          Min: 0, Avg: 3935.5, Max: 5945, Diff: 5945, Sum: 15742, Workers: 4
[5480.158s][debug][gc,phases      ] GC(117)   JNI Weak                       Min:  0.0, Avg:  0.0, Max:  0.0, Diff:  0.0, Sum:  0.0, Workers: 4
[5480.158s][debug][gc,phases      ] GC(117)     Dead                           Min: 0, Avg:  0.0, Max: 0, Diff: 0, Sum: 0, Workers: 4
[5480.158s][debug][gc,phases      ] GC(117)     Total                          Min: 0, Avg: 13.0, Max: 52, Diff: 52, Sum: 52, Workers: 4
[5480.158s][debug][gc,phases      ] GC(117)   StringDedup Table Weak         Min:  0.0, Avg:  0.0, Max:  0.0, Diff:  0.0, Sum:  0.0, Workers: 4
[5480.158s][debug][gc,phases      ] GC(117)     Dead                           Min: 0, Avg:  0.0, Max: 0, Diff: 0, Sum: 0, Workers: 4
[5480.158s][debug][gc,phases      ] GC(117)     Total                          Min: 0, Avg:  0.0, Max: 0, Diff: 0, Sum: 0, Workers: 4
[5480.158s][debug][gc,phases      ] GC(117)   StringDedup Requests0 Weak     Min:  0.0, Avg:  0.0, Max:  0.0, Diff:  0.0, Sum:  0.0, Workers: 4
[5480.158s][debug][gc,phases      ] GC(117)     Dead                           Min: 0, Avg:  0.0, Max: 0, Diff: 0, Sum: 0, Workers: 4
[5480.158s][debug][gc,phases      ] GC(117)     Total                          Min: 0, Avg:  0.0, Max: 0, Diff: 0, Sum: 0, Workers: 4
[5480.158s][debug][gc,phases      ] GC(117)   StringDedup Requests1 Weak     Min:  0.0, Avg:  0.0, Max:  0.0, Diff:  0.0, Sum:  0.0, Workers: 4
[5480.158s][debug][gc,phases      ] GC(117)     Dead                           Min: 0, Avg:  0.0, Max: 0, Diff: 0, Sum: 0, Workers: 4
[5480.158s][debug][gc,phases      ] GC(117)     Total                          Min: 0, Avg:  0.0, Max: 0, Diff: 0, Sum: 0, Workers: 4
[5480.158s][debug][gc,phases      ] GC(117)   Weak JFR Old Object Samples    Min:  0.0, Avg:  0.0, Max:  0.0, Diff:  0.0, Sum:  0.0, Workers: 4
[5480.158s][debug][gc,phases      ] GC(117)     Dead                           Min: 0, Avg:  0.0, Max: 0, Diff: 0, Sum: 0, Workers: 4
[5480.158s][debug][gc,phases      ] GC(117)     Total                          Min: 0, Avg:  0.0, Max: 0, Diff: 0, Sum: 0, Workers: 4
[5480.158s][debug][gc,phases      ] GC(117) Weak Processing 0.451ms
[5480.158s][debug][gc,age         ] GC(117) Desired survivor size 24117248 bytes, new threshold 1 (max threshold 15)
[5480.158s][info ][gc,heap        ] GC(117) PSYoungGen: 2046976K(2068992K)->4752K(2073600K) Eden: 2042368K(2042368K)->0K(2048512K) From: 4608K(26624K)->4752K(25088K)
[5480.158s][info ][gc,heap        ] GC(117) ParOldGen: 564018K(564224K)->565419K(565760K)
[5480.158s][info ][gc,metaspace   ] GC(117) Metaspace: 111647K(113024K)->111647K(113024K) NonClass: 95035K(95808K)->95035K(95808K) Class: 16611K(17216K)->16611K(17216K)
[5480.158s][info ][gc             ] GC(117) Pause Young (Allocation Failure) 2549M->556M(2577M) 6.165ms
[5480.158s][info ][gc,cpu         ] GC(117) User=0.02s Sys=0.00s Real=0.00s
[5480.158s][info ][safepoint      ] Safepoint "ParallelGCFailedAllocation", Time since last: 2206817611 ns, Reaching safepoint: 88301 ns, Cleanup: 5300 ns, At safepoint: 6253890 ns, Total: 6347491 ns
[5488.159s][info ][safepoint      ] Safepoint "Cleanup", Time since last: 8000630460 ns, Reaching safepoint: 84201 ns, Cleanup: 11700 ns, At safepoint: 8200 ns, Total: 104101 ns
[5490.159s][info ][safepoint      ] Safepoint "Cleanup", Time since last: 2000222256 ns, Reaching safepoint: 80901 ns, Cleanup: 11000 ns, At safepoint: 7600 ns, Total: 99501 ns
[5492.159s][info ][safepoint      ] Safepoint "Cleanup", Time since last: 2000198597 ns, Reaching safepoint: 84302 ns, Cleanup: 12500 ns, At safepoint: 7900 ns, Total: 104702 ns
[5493.160s][info ][safepoint      ] Safepoint "Cleanup", Time since last: 1000142825 ns, Reaching safepoint: 83501 ns, Cleanup: 15800 ns, At safepoint: 7401 ns, Total: 106702 ns
[5509.260s][info ][gc,start       ] GC(118) Pause Young (Allocation Failure)
[5509.264s][debug][gc,phases      ] GC(118) Scavenge 4.216ms
[5509.264s][debug][gc,ref         ] GC(118) ReferenceProcessor::execute queues: 1, RefProcThreadModel::Single, marks_oops_alive: false
[5509.264s][debug][gc,ref         ] GC(118) Skipped KeepAliveFinalRefsPhase of Reference Processing: no references
[5509.264s][debug][gc,ref         ] GC(118) Skipped PhantomRefsPhase of Reference Processing: no references
[5509.264s][debug][gc,phases      ] GC(118) Reference Processing 0.123ms
[5509.265s][debug][gc,phases      ] GC(118)   VM Weak                        Min:  0.0, Avg:  0.0, Max:  0.0, Diff:  0.0, Sum:  0.0, Workers: 4
[5509.265s][debug][gc,phases      ] GC(118)     Dead                           Min: 0, Avg:  0.0, Max: 0, Diff: 0, Sum: 0, Workers: 4
[5509.265s][debug][gc,phases      ] GC(118)     Total                          Min: 0, Avg: 260.2, Max: 704, Diff: 704, Sum: 1041, Workers: 4
[5509.265s][debug][gc,phases      ] GC(118)   ObjectSynchronizer Weak        Min:  0.0, Avg:  0.0, Max:  0.0, Diff:  0.0, Sum:  0.0, Workers: 4
[5509.265s][debug][gc,phases      ] GC(118)     Dead                           Min: 0, Avg:  0.0, Max: 0, Diff: 0, Sum: 0, Workers: 4
[5509.265s][debug][gc,phases      ] GC(118)     Total                          Min: 0, Avg:  1.0, Max: 4, Diff: 4, Sum: 4, Workers: 4
[5509.265s][debug][gc,phases      ] GC(118)   JVMTI Tag Weak OopStorage      Min:  0.0, Avg:  0.0, Max:  0.0, Diff:  0.0, Sum:  0.0, Workers: 4
[5509.265s][debug][gc,phases      ] GC(118)     Dead                           Min: 0, Avg:  0.0, Max: 0, Diff: 0, Sum: 0, Workers: 4
[5509.265s][debug][gc,phases      ] GC(118)     Total                          Min: 0, Avg:  0.0, Max: 0, Diff: 0, Sum: 0, Workers: 4
[5509.265s][debug][gc,phases      ] GC(118)   StringTable Weak               Min:  0.0, Avg:  0.1, Max:  0.2, Diff:  0.2, Sum:  0.5, Workers: 4
[5509.265s][debug][gc,phases      ] GC(118)     Dead                           Min: 0, Avg:  0.0, Max: 0, Diff: 0, Sum: 0, Workers: 4
[5509.265s][debug][gc,phases      ] GC(118)     Total                          Min: 0, Avg: 11979.8, Max: 17216, Diff: 17216, Sum: 47919, Workers: 4
[5509.265s][debug][gc,phases      ] GC(118)   ResolvedMethodTable Weak       Min:  0.0, Avg:  0.0, Max:  0.1, Diff:  0.1, Sum:  0.2, Workers: 4
[5509.265s][debug][gc,phases      ] GC(118)     Dead                           Min: 0, Avg:  4.0, Max: 13, Diff: 13, Sum: 16, Workers: 4
[5509.265s][debug][gc,phases      ] GC(118)     Total                          Min: 0, Avg: 3935.5, Max: 5765, Diff: 5765, Sum: 15742, Workers: 4
[5509.265s][debug][gc,phases      ] GC(118)   JNI Weak                       Min:  0.0, Avg:  0.0, Max:  0.0, Diff:  0.0, Sum:  0.0, Workers: 4
[5509.265s][debug][gc,phases      ] GC(118)     Dead                           Min: 0, Avg:  0.0, Max: 0, Diff: 0, Sum: 0, Workers: 4
[5509.265s][debug][gc,phases      ] GC(118)     Total                          Min: 0, Avg: 13.0, Max: 52, Diff: 52, Sum: 52, Workers: 4
[5509.265s][debug][gc,phases      ] GC(118)   StringDedup Table Weak         Min:  0.0, Avg:  0.0, Max:  0.0, Diff:  0.0, Sum:  0.0, Workers: 4
[5509.265s][debug][gc,phases      ] GC(118)     Dead                           Min: 0, Avg:  0.0, Max: 0, Diff: 0, Sum: 0, Workers: 4
[5509.265s][debug][gc,phases      ] GC(118)     Total                          Min: 0, Avg:  0.0, Max: 0, Diff: 0, Sum: 0, Workers: 4
[5509.265s][debug][gc,phases      ] GC(118)   StringDedup Requests0 Weak     Min:  0.0, Avg:  0.0, Max:  0.0, Diff:  0.0, Sum:  0.0, Workers: 4
[5509.265s][debug][gc,phases      ] GC(118)     Dead                           Min: 0, Avg:  0.0, Max: 0, Diff: 0, Sum: 0, Workers: 4
[5509.265s][debug][gc,phases      ] GC(118)     Total                          Min: 0, Avg:  0.0, Max: 0, Diff: 0, Sum: 0, Workers: 4
[5509.265s][debug][gc,phases      ] GC(118)   StringDedup Requests1 Weak     Min:  0.0, Avg:  0.0, Max:  0.0, Diff:  0.0, Sum:  0.0, Workers: 4
[5509.265s][debug][gc,phases      ] GC(118)     Dead                           Min: 0, Avg:  0.0, Max: 0, Diff: 0, Sum: 0, Workers: 4
[5509.265s][debug][gc,phases      ] GC(118)     Total                          Min: 0, Avg:  0.0, Max: 0, Diff: 0, Sum: 0, Workers: 4
[5509.265s][debug][gc,phases      ] GC(118)   Weak JFR Old Object Samples    Min:  0.0, Avg:  0.0, Max:  0.0, Diff:  0.0, Sum:  0.0, Workers: 4
[5509.265s][debug][gc,phases      ] GC(118)     Dead                           Min: 0, Avg:  0.0, Max: 0, Diff: 0, Sum: 0, Workers: 4
[5509.265s][debug][gc,phases      ] GC(118)     Total                          Min: 0, Avg:  0.0, Max: 0, Diff: 0, Sum: 0, Workers: 4
[5509.265s][debug][gc,phases      ] GC(118) Weak Processing 0.472ms
[5509.265s][debug][gc,age         ] GC(118) Desired survivor size 23068672 bytes, new threshold 1 (max threshold 15)
[5509.265s][info ][gc,heap        ] GC(118) PSYoungGen: 2053264K(2073600K)->4631K(2072064K) Eden: 2048512K(2048512K)->0K(2048512K) From: 4752K(25088K)->4631K(23552K)
[5509.265s][info ][gc,heap        ] GC(118) ParOldGen: 565419K(565760K)->567175K(567296K)
[5509.265s][info ][gc,metaspace   ] GC(118) Metaspace: 111659K(113024K)->111659K(113024K) NonClass: 95047K(95808K)->95047K(95808K) Class: 16611K(17216K)->16611K(17216K)
[5509.265s][info ][gc             ] GC(118) Pause Young (Allocation Failure) 2557M->558M(2577M) 4.951ms
[5509.265s][info ][gc,cpu         ] GC(118) User=0.01s Sys=0.00s Real=0.00s
[5509.265s][info ][safepoint      ] Safepoint "ParallelGCFailedAllocation", Time since last: 16100251283 ns, Reaching safepoint: 8300 ns, Cleanup: 4200 ns, At safepoint: 5056869 ns, Total: 5069369 ns
[5517.266s][info ][safepoint      ] Safepoint "Cleanup", Time since last: 8000604487 ns, Reaching safepoint: 10700 ns, Cleanup: 13200 ns, At safepoint: 3200 ns, Total: 27100 ns
[5518.266s][info ][safepoint      ] Safepoint "Cleanup", Time since last: 1000130035 ns, Reaching safepoint: 8500 ns, Cleanup: 10500 ns, At safepoint: 2900 ns, Total: 21900 ns
[5527.960s][info ][safepoint      ] Safepoint "Cleanup", Time since last: 9693776712 ns, Reaching safepoint: 80702 ns, Cleanup: 13400 ns, At safepoint: 7800 ns, Total: 101902 ns
[5538.253s][info ][gc,start       ] GC(119) Pause Young (Allocation Failure)
[5538.258s][debug][gc,phases      ] GC(119) Scavenge 4.593ms
[5538.258s][debug][gc,ref         ] GC(119) ReferenceProcessor::execute queues: 1, RefProcThreadModel::Single, marks_oops_alive: false
[5538.258s][debug][gc,ref         ] GC(119) Skipped KeepAliveFinalRefsPhase of Reference Processing: no references
[5538.258s][debug][gc,ref         ] GC(119) Skipped PhantomRefsPhase of Reference Processing: no references
[5538.258s][debug][gc,phases      ] GC(119) Reference Processing 0.116ms
[5538.258s][debug][gc,phases      ] GC(119)   VM Weak                        Min:  0.0, Avg:  0.0, Max:  0.0, Diff:  0.0, Sum:  0.0, Workers: 4
[5538.258s][debug][gc,phases      ] GC(119)     Dead                           Min: 0, Avg:  0.0, Max: 0, Diff: 0, Sum: 0, Workers: 4
[5538.258s][debug][gc,phases      ] GC(119)     Total                          Min: 0, Avg: 260.2, Max: 657, Diff: 657, Sum: 1041, Workers: 4
[5538.258s][debug][gc,phases      ] GC(119)   ObjectSynchronizer Weak        Min:  0.0, Avg:  0.0, Max:  0.0, Diff:  0.0, Sum:  0.0, Workers: 4
[5538.258s][debug][gc,phases      ] GC(119)     Dead                           Min: 0, Avg:  0.0, Max: 0, Diff: 0, Sum: 0, Workers: 4
[5538.258s][debug][gc,phases      ] GC(119)     Total                          Min: 0, Avg:  1.0, Max: 4, Diff: 4, Sum: 4, Workers: 4
[5538.258s][debug][gc,phases      ] GC(119)   JVMTI Tag Weak OopStorage      Min:  0.0, Avg:  0.0, Max:  0.0, Diff:  0.0, Sum:  0.0, Workers: 4
[5538.258s][debug][gc,phases      ] GC(119)     Dead                           Min: 0, Avg:  0.0, Max: 0, Diff: 0, Sum: 0, Workers: 4
[5538.258s][debug][gc,phases      ] GC(119)     Total                          Min: 0, Avg:  0.0, Max: 0, Diff: 0, Sum: 0, Workers: 4
[5538.258s][debug][gc,phases      ] GC(119)   StringTable Weak               Min:  0.0, Avg:  0.1, Max:  0.2, Diff:  0.2, Sum:  0.5, Workers: 4
[5538.258s][debug][gc,phases      ] GC(119)     Dead                           Min: 0, Avg:  0.0, Max: 0, Diff: 0, Sum: 0, Workers: 4
[5538.258s][debug][gc,phases      ] GC(119)     Total                          Min: 0, Avg: 11979.8, Max: 17087, Diff: 17087, Sum: 47919, Workers: 4
[5538.258s][debug][gc,phases      ] GC(119)   ResolvedMethodTable Weak       Min:  0.0, Avg:  0.0, Max:  0.1, Diff:  0.1, Sum:  0.2, Workers: 4
[5538.258s][debug][gc,phases      ] GC(119)     Dead                           Min: 0, Avg:  4.0, Max: 16, Diff: 16, Sum: 16, Workers: 4
[5538.258s][debug][gc,phases      ] GC(119)     Total                          Min: 0, Avg: 3935.5, Max: 5873, Diff: 5873, Sum: 15742, Workers: 4
[5538.258s][debug][gc,phases      ] GC(119)   JNI Weak                       Min:  0.0, Avg:  0.0, Max:  0.0, Diff:  0.0, Sum:  0.0, Workers: 4
[5538.258s][debug][gc,phases      ] GC(119)     Dead                           Min: 0, Avg:  0.0, Max: 0, Diff: 0, Sum: 0, Workers: 4
[5538.258s][debug][gc,phases      ] GC(119)     Total                          Min: 0, Avg: 13.0, Max: 52, Diff: 52, Sum: 52, Workers: 4
[5538.258s][debug][gc,phases      ] GC(119)   StringDedup Table Weak         Min:  0.0, Avg:  0.0, Max:  0.0, Diff:  0.0, Sum:  0.0, Workers: 4
[5538.258s][debug][gc,phases      ] GC(119)     Dead                           Min: 0, Avg:  0.0, Max: 0, Diff: 0, Sum: 0, Workers: 4
[5538.258s][debug][gc,phases      ] GC(119)     Total                          Min: 0, Avg:  0.0, Max: 0, Diff: 0, Sum: 0, Workers: 4
[5538.258s][debug][gc,phases      ] GC(119)   StringDedup Requests0 Weak     Min:  0.0, Avg:  0.0, Max:  0.0, Diff:  0.0, Sum:  0.0, Workers: 4
[5538.258s][debug][gc,phases      ] GC(119)     Dead                           Min: 0, Avg:  0.0, Max: 0, Diff: 0, Sum: 0, Workers: 4
[5538.258s][debug][gc,phases      ] GC(119)     Total                          Min: 0, Avg:  0.0, Max: 0, Diff: 0, Sum: 0, Workers: 4
[5538.258s][debug][gc,phases      ] GC(119)   StringDedup Requests1 Weak     Min:  0.0, Avg:  0.0, Max:  0.0, Diff:  0.0, Sum:  0.0, Workers: 4
[5538.258s][debug][gc,phases      ] GC(119)     Dead                           Min: 0, Avg:  0.0, Max: 0, Diff: 0, Sum: 0, Workers: 4
[5538.258s][debug][gc,phases      ] GC(119)     Total                          Min: 0, Avg:  0.0, Max: 0, Diff: 0, Sum: 0, Workers: 4
[5538.258s][debug][gc,phases      ] GC(119)   Weak JFR Old Object Samples    Min:  0.0, Avg:  0.0, Max:  0.0, Diff:  0.0, Sum:  0.0, Workers: 4
[5538.258s][debug][gc,phases      ] GC(119)     Dead                           Min: 0, Avg:  0.0, Max: 0, Diff: 0, Sum: 0, Workers: 4
[5538.258s][debug][gc,phases      ] GC(119)     Total                          Min: 0, Avg:  0.0, Max: 0, Diff: 0, Sum: 0, Workers: 4
[5538.258s][debug][gc,phases      ] GC(119) Weak Processing 0.455ms
[5538.258s][debug][gc,age         ] GC(119) Desired survivor size 21495808 bytes, new threshold 1 (max threshold 15)
[5538.258s][info ][gc,heap        ] GC(119) PSYoungGen: 2053143K(2072064K)->4592K(2076160K) Eden: 2048512K(2048512K)->0K(2053632K) From: 4631K(23552K)->4592K(22528K)
[5538.258s][info ][gc,heap        ] GC(119) ParOldGen: 567175K(567296K)->568879K(569344K)
[5538.258s][info ][gc,metaspace   ] GC(119) Metaspace: 111660K(113024K)->111660K(113024K) NonClass: 95048K(95808K)->95048K(95808K) Class: 16611K(17216K)->16611K(17216K)
[5538.258s][info ][gc             ] GC(119) Pause Young (Allocation Failure) 2558M->560M(2583M) 5.321ms
[5538.258s][info ][gc,cpu         ] GC(119) User=0.02s Sys=0.00s Real=0.00s
[5538.258s][info ][safepoint      ] Safepoint "ParallelGCFailedAllocation", Time since last: 10293350933 ns, Reaching safepoint: 8000 ns, Cleanup: 4400 ns, At safepoint: 5402179 ns, Total: 5414579 ns
[5540.259s][info ][safepoint      ] Safepoint "Cleanup", Time since last: 2000163226 ns, Reaching safepoint: 79301 ns, Cleanup: 11100 ns, At safepoint: 34200 ns, Total: 124601 ns
[5561.260s][info ][safepoint      ] Safepoint "Cleanup", Time since last: 21001571301 ns, Reaching safepoint: 82801 ns, Cleanup: 11000 ns, At safepoint: 7100 ns, Total: 100901 ns
[5568.552s][info ][gc,start       ] GC(120) Pause Young (Allocation Failure)
[5568.557s][debug][gc,phases      ] GC(120) Scavenge 4.858ms
[5568.557s][debug][gc,ref         ] GC(120) ReferenceProcessor::execute queues: 1, RefProcThreadModel::Single, marks_oops_alive: false
[5568.557s][debug][gc,ref         ] GC(120) Skipped KeepAliveFinalRefsPhase of Reference Processing: no references
[5568.557s][debug][gc,ref         ] GC(120) Skipped PhantomRefsPhase of Reference Processing: no references
[5568.557s][debug][gc,phases      ] GC(120) Reference Processing 0.117ms
[5568.557s][debug][gc,phases      ] GC(120)   VM Weak                        Min:  0.0, Avg:  0.0, Max:  0.0, Diff:  0.0, Sum:  0.0, Workers: 4
[5568.557s][debug][gc,phases      ] GC(120)     Dead                           Min: 0, Avg:  0.0, Max: 0, Diff: 0, Sum: 0, Workers: 4
[5568.557s][debug][gc,phases      ] GC(120)     Total                          Min: 0, Avg: 260.2, Max: 832, Diff: 832, Sum: 1041, Workers: 4
[5568.557s][debug][gc,phases      ] GC(120)   ObjectSynchronizer Weak        Min:  0.0, Avg:  0.0, Max:  0.0, Diff:  0.0, Sum:  0.0, Workers: 4
[5568.557s][debug][gc,phases      ] GC(120)     Dead                           Min: 0, Avg:  0.0, Max: 0, Diff: 0, Sum: 0, Workers: 4
[5568.557s][debug][gc,phases      ] GC(120)     Total                          Min: 0, Avg:  1.0, Max: 4, Diff: 4, Sum: 4, Workers: 4
[5568.557s][debug][gc,phases      ] GC(120)   JVMTI Tag Weak OopStorage      Min:  0.0, Avg:  0.0, Max:  0.0, Diff:  0.0, Sum:  0.0, Workers: 4
[5568.557s][debug][gc,phases      ] GC(120)     Dead                           Min: 0, Avg:  0.0, Max: 0, Diff: 0, Sum: 0, Workers: 4
[5568.557s][debug][gc,phases      ] GC(120)     Total                          Min: 0, Avg:  0.0, Max: 0, Diff: 0, Sum: 0, Workers: 4
[5568.557s][debug][gc,phases      ] GC(120)   StringTable Weak               Min:  0.1, Avg:  0.1, Max:  0.1, Diff:  0.0, Sum:  0.5, Workers: 4
[5568.557s][debug][gc,phases      ] GC(120)     Dead                           Min: 0, Avg:  0.0, Max: 0, Diff: 0, Sum: 0, Workers: 4
[5568.557s][debug][gc,phases      ] GC(120)     Total                          Min: 10496, Avg: 11979.8, Max: 12784, Diff: 2288, Sum: 47919, Workers: 4
[5568.557s][debug][gc,phases      ] GC(120)   ResolvedMethodTable Weak       Min:  0.0, Avg:  0.0, Max:  0.0, Diff:  0.0, Sum:  0.2, Workers: 4
[5568.557s][debug][gc,phases      ] GC(120)     Dead                           Min: 0, Avg:  4.0, Max: 16, Diff: 16, Sum: 16, Workers: 4
[5568.557s][debug][gc,phases      ] GC(120)     Total                          Min: 3625, Avg: 3935.5, Max: 4139, Diff: 514, Sum: 15742, Workers: 4
[5568.557s][debug][gc,phases      ] GC(120)   JNI Weak                       Min:  0.0, Avg:  0.0, Max:  0.0, Diff:  0.0, Sum:  0.0, Workers: 4
[5568.557s][debug][gc,phases      ] GC(120)     Dead                           Min: 0, Avg:  0.0, Max: 0, Diff: 0, Sum: 0, Workers: 4
[5568.557s][debug][gc,phases      ] GC(120)     Total                          Min: 0, Avg: 13.0, Max: 52, Diff: 52, Sum: 52, Workers: 4
[5568.557s][debug][gc,phases      ] GC(120)   StringDedup Table Weak         Min:  0.0, Avg:  0.0, Max:  0.0, Diff:  0.0, Sum:  0.0, Workers: 4
[5568.557s][debug][gc,phases      ] GC(120)     Dead                           Min: 0, Avg:  0.0, Max: 0, Diff: 0, Sum: 0, Workers: 4
[5568.557s][debug][gc,phases      ] GC(120)     Total                          Min: 0, Avg:  0.0, Max: 0, Diff: 0, Sum: 0, Workers: 4
[5568.557s][debug][gc,phases      ] GC(120)   StringDedup Requests0 Weak     Min:  0.0, Avg:  0.0, Max:  0.0, Diff:  0.0, Sum:  0.0, Workers: 4
[5568.557s][debug][gc,phases      ] GC(120)     Dead                           Min: 0, Avg:  0.0, Max: 0, Diff: 0, Sum: 0, Workers: 4
[5568.557s][debug][gc,phases      ] GC(120)     Total                          Min: 0, Avg:  0.0, Max: 0, Diff: 0, Sum: 0, Workers: 4
[5568.557s][debug][gc,phases      ] GC(120)   StringDedup Requests1 Weak     Min:  0.0, Avg:  0.0, Max:  0.0, Diff:  0.0, Sum:  0.0, Workers: 4
[5568.557s][debug][gc,phases      ] GC(120)     Dead                           Min: 0, Avg:  0.0, Max: 0, Diff: 0, Sum: 0, Workers: 4
[5568.557s][debug][gc,phases      ] GC(120)     Total                          Min: 0, Avg:  0.0, Max: 0, Diff: 0, Sum: 0, Workers: 4
[5568.557s][debug][gc,phases      ] GC(120)   Weak JFR Old Object Samples    Min:  0.0, Avg:  0.0, Max:  0.0, Diff:  0.0, Sum:  0.0, Workers: 4
[5568.557s][debug][gc,phases      ] GC(120)     Dead                           Min: 0, Avg:  0.0, Max: 0, Diff: 0, Sum: 0, Workers: 4
[5568.557s][debug][gc,phases      ] GC(120)     Total                          Min: 0, Avg:  0.0, Max: 0, Diff: 0, Sum: 0, Workers: 4
[5568.557s][debug][gc,phases      ] GC(120) Weak Processing 0.418ms
[5568.557s][debug][gc,age         ] GC(120) Desired survivor size 20447232 bytes, new threshold 1 (max threshold 15)
[5568.557s][info ][gc,heap        ] GC(120) PSYoungGen: 2058224K(2076160K)->4576K(2074624K) Eden: 2053632K(2053632K)->0K(2053632K) From: 4592K(22528K)->4576K(20992K)
[5568.557s][info ][gc,heap        ] GC(120) ParOldGen: 568879K(569344K)->570359K(570368K)
[5568.557s][info ][gc,metaspace   ] GC(120) Metaspace: 111663K(113024K)->111663K(113024K) NonClass: 95051K(95808K)->95051K(95808K) Class: 16611K(17216K)->16611K(17216K)
[5568.557s][info ][gc             ] GC(120) Pause Young (Allocation Failure) 2565M->561M(2583M) 5.543ms
[5568.557s][info ][gc,cpu         ] GC(120) User=0.02s Sys=0.00s Real=0.00s
[5568.557s][info ][safepoint      ] Safepoint "ParallelGCFailedAllocation", Time since last: 7291417140 ns, Reaching safepoint: 81801 ns, Cleanup: 4300 ns, At safepoint: 5631474 ns, Total: 5717575 ns
[5572.558s][info ][safepoint      ] Safepoint "Cleanup", Time since last: 4000340929 ns, Reaching safepoint: 80401 ns, Cleanup: 10700 ns, At safepoint: 32500 ns, Total: 123601 ns
[5575.558s][info ][safepoint      ] Safepoint "Cleanup", Time since last: 3000273133 ns, Reaching safepoint: 79001 ns, Cleanup: 10000 ns, At safepoint: 6600 ns, Total: 95601 ns
[5580.559s][info ][safepoint      ] Safepoint "Cleanup", Time since last: 5000460930 ns, Reaching safepoint: 78801 ns, Cleanup: 27100 ns, At safepoint: 6600 ns, Total: 112501 ns
[5581.559s][info ][safepoint      ] Safepoint "Cleanup", Time since last: 1000140527 ns, Reaching safepoint: 85701 ns, Cleanup: 26101 ns, At safepoint: 7100 ns, Total: 118902 ns
[5586.977s][info ][safepoint      ] Safepoint "Cleanup", Time since last: 5417521624 ns, Reaching safepoint: 10000 ns, Cleanup: 12800 ns, At safepoint: 3300 ns, Total: 26100 ns
[5589.977s][info ][safepoint      ] Safepoint "Cleanup", Time since last: 3000266811 ns, Reaching safepoint: 8400 ns, Cleanup: 11200 ns, At safepoint: 2800 ns, Total: 22400 ns
[5597.417s][info ][gc,start       ] GC(121) Pause Young (Allocation Failure)
[5597.422s][debug][gc,phases      ] GC(121) Scavenge 5.054ms
[5597.422s][debug][gc,ref         ] GC(121) ReferenceProcessor::execute queues: 1, RefProcThreadModel::Single, marks_oops_alive: false
[5597.422s][debug][gc,ref         ] GC(121) Skipped KeepAliveFinalRefsPhase of Reference Processing: no references
[5597.422s][debug][gc,ref         ] GC(121) ReferenceProcessor::execute queues: 1, RefProcThreadModel::Single, marks_oops_alive: false
[5597.422s][debug][gc,phases      ] GC(121) Reference Processing 0.119ms
[5597.422s][debug][gc,phases      ] GC(121)   VM Weak                        Min:  0.0, Avg:  0.0, Max:  0.0, Diff:  0.0, Sum:  0.0, Workers: 4
[5597.422s][debug][gc,phases      ] GC(121)     Dead                           Min: 0, Avg:  0.0, Max: 0, Diff: 0, Sum: 0, Workers: 4
[5597.422s][debug][gc,phases      ] GC(121)     Total                          Min: 0, Avg: 260.2, Max: 640, Diff: 640, Sum: 1041, Workers: 4
[5597.422s][debug][gc,phases      ] GC(121)   ObjectSynchronizer Weak        Min:  0.0, Avg:  0.0, Max:  0.0, Diff:  0.0, Sum:  0.0, Workers: 4
[5597.422s][debug][gc,phases      ] GC(121)     Dead                           Min: 0, Avg:  0.0, Max: 0, Diff: 0, Sum: 0, Workers: 4
[5597.422s][debug][gc,phases      ] GC(121)     Total                          Min: 0, Avg:  1.0, Max: 4, Diff: 4, Sum: 4, Workers: 4
[5597.422s][debug][gc,phases      ] GC(121)   JVMTI Tag Weak OopStorage      Min:  0.0, Avg:  0.0, Max:  0.0, Diff:  0.0, Sum:  0.0, Workers: 4
[5597.422s][debug][gc,phases      ] GC(121)     Dead                           Min: 0, Avg:  0.0, Max: 0, Diff: 0, Sum: 0, Workers: 4
[5597.422s][debug][gc,phases      ] GC(121)     Total                          Min: 0, Avg:  0.0, Max: 0, Diff: 0, Sum: 0, Workers: 4
[5597.422s][debug][gc,phases      ] GC(121)   StringTable Weak               Min:  0.0, Avg:  0.1, Max:  0.1, Diff:  0.1, Sum:  0.4, Workers: 4
[5597.422s][debug][gc,phases      ] GC(121)     Dead                           Min: 0, Avg:  0.0, Max: 0, Diff: 0, Sum: 0, Workers: 4
[5597.422s][debug][gc,phases      ] GC(121)     Total                          Min: 0, Avg: 11979.8, Max: 17920, Diff: 17920, Sum: 47919, Workers: 4
[5597.422s][debug][gc,phases      ] GC(121)   ResolvedMethodTable Weak       Min:  0.0, Avg:  0.0, Max:  0.0, Diff:  0.0, Sum:  0.1, Workers: 4
[5597.422s][debug][gc,phases      ] GC(121)     Dead                           Min: 0, Avg:  4.0, Max: 16, Diff: 16, Sum: 16, Workers: 4
[5597.422s][debug][gc,phases      ] GC(121)     Total                          Min: 0, Avg: 3935.5, Max: 5816, Diff: 5816, Sum: 15742, Workers: 4
[5597.422s][debug][gc,phases      ] GC(121)   JNI Weak                       Min:  0.0, Avg:  0.0, Max:  0.0, Diff:  0.0, Sum:  0.0, Workers: 4
[5597.422s][debug][gc,phases      ] GC(121)     Dead                           Min: 0, Avg:  0.0, Max: 0, Diff: 0, Sum: 0, Workers: 4
[5597.422s][debug][gc,phases      ] GC(121)     Total                          Min: 0, Avg: 13.0, Max: 52, Diff: 52, Sum: 52, Workers: 4
[5597.422s][debug][gc,phases      ] GC(121)   StringDedup Table Weak         Min:  0.0, Avg:  0.0, Max:  0.0, Diff:  0.0, Sum:  0.0, Workers: 4
[5597.422s][debug][gc,phases      ] GC(121)     Dead                           Min: 0, Avg:  0.0, Max: 0, Diff: 0, Sum: 0, Workers: 4
[5597.422s][debug][gc,phases      ] GC(121)     Total                          Min: 0, Avg:  0.0, Max: 0, Diff: 0, Sum: 0, Workers: 4
[5597.422s][debug][gc,phases      ] GC(121)   StringDedup Requests0 Weak     Min:  0.0, Avg:  0.0, Max:  0.0, Diff:  0.0, Sum:  0.0, Workers: 4
[5597.422s][debug][gc,phases      ] GC(121)     Dead                           Min: 0, Avg:  0.0, Max: 0, Diff: 0, Sum: 0, Workers: 4
[5597.422s][debug][gc,phases      ] GC(121)     Total                          Min: 0, Avg:  0.0, Max: 0, Diff: 0, Sum: 0, Workers: 4
[5597.422s][debug][gc,phases      ] GC(121)   StringDedup Requests1 Weak     Min:  0.0, Avg:  0.0, Max:  0.0, Diff:  0.0, Sum:  0.0, Workers: 4
[5597.422s][debug][gc,phases      ] GC(121)     Dead                           Min: 0, Avg:  0.0, Max: 0, Diff: 0, Sum: 0, Workers: 4
[5597.422s][debug][gc,phases      ] GC(121)     Total                          Min: 0, Avg:  0.0, Max: 0, Diff: 0, Sum: 0, Workers: 4
[5597.422s][debug][gc,phases      ] GC(121)   Weak JFR Old Object Samples    Min:  0.0, Avg:  0.0, Max:  0.0, Diff:  0.0, Sum:  0.0, Workers: 4
[5597.422s][debug][gc,phases      ] GC(121)     Dead                           Min: 0, Avg:  0.0, Max: 0, Diff: 0, Sum: 0, Workers: 4
[5597.422s][debug][gc,phases      ] GC(121)     Total                          Min: 0, Avg:  0.0, Max: 0, Diff: 0, Sum: 0, Workers: 4
[5597.422s][debug][gc,phases      ] GC(121) Weak Processing 0.441ms
[5597.422s][debug][gc,age         ] GC(121) Desired survivor size 19398656 bytes, new threshold 1 (max threshold 15)
[5597.422s][info ][gc,heap        ] GC(121) PSYoungGen: 2058208K(2074624K)->4880K(2078208K) Eden: 2053632K(2053632K)->0K(2058240K) From: 4576K(20992K)->4880K(19968K)
[5597.422s][info ][gc,heap        ] GC(121) ParOldGen: 570359K(570368K)->571843K(571904K)
[5597.422s][info ][gc,metaspace   ] GC(121) Metaspace: 111670K(113024K)->111670K(113024K) NonClass: 95058K(95808K)->95058K(95808K) Class: 16611K(17216K)->16611K(17216K)
[5597.422s][info ][gc             ] GC(121) Pause Young (Allocation Failure) 2566M->563M(2588M) 5.765ms
[5597.422s][info ][gc,cpu         ] GC(121) User=0.02s Sys=0.00s Real=0.01s
[5597.423s][info ][safepoint      ] Safepoint "ParallelGCFailedAllocation", Time since last: 7439682406 ns, Reaching safepoint: 5800 ns, Cleanup: 3500 ns, At safepoint: 5853980 ns, Total: 5863280 ns
[5609.423s][info ][safepoint      ] Safepoint "Cleanup", Time since last: 12000848153 ns, Reaching safepoint: 7600 ns, Cleanup: 10400 ns, At safepoint: 2700 ns, Total: 20700 ns
[5612.424s][info ][safepoint      ] Safepoint "Cleanup", Time since last: 3000255986 ns, Reaching safepoint: 7400 ns, Cleanup: 10500 ns, At safepoint: 2600 ns, Total: 20500 ns
[5627.554s][info ][gc,start       ] GC(122) Pause Young (Allocation Failure)
[5627.558s][debug][gc,phases      ] GC(122) Scavenge 4.276ms
[5627.558s][debug][gc,ref         ] GC(122) ReferenceProcessor::execute queues: 1, RefProcThreadModel::Single, marks_oops_alive: false
[5627.558s][debug][gc,ref         ] GC(122) Skipped KeepAliveFinalRefsPhase of Reference Processing: no references
[5627.558s][debug][gc,ref         ] GC(122) Skipped PhantomRefsPhase of Reference Processing: no references
[5627.558s][debug][gc,phases      ] GC(122) Reference Processing 0.116ms
[5627.559s][debug][gc,phases      ] GC(122)   VM Weak                        Min:  0.0, Avg:  0.0, Max:  0.0, Diff:  0.0, Sum:  0.0, Workers: 4
[5627.559s][debug][gc,phases      ] GC(122)     Dead                           Min: 0, Avg:  0.0, Max: 0, Diff: 0, Sum: 0, Workers: 4
[5627.559s][debug][gc,phases      ] GC(122)     Total                          Min: 0, Avg: 260.2, Max: 785, Diff: 785, Sum: 1041, Workers: 4
[5627.559s][debug][gc,phases      ] GC(122)   ObjectSynchronizer Weak        Min:  0.0, Avg:  0.0, Max:  0.0, Diff:  0.0, Sum:  0.0, Workers: 4
[5627.559s][debug][gc,phases      ] GC(122)     Dead                           Min: 0, Avg:  0.0, Max: 0, Diff: 0, Sum: 0, Workers: 4
[5627.559s][debug][gc,phases      ] GC(122)     Total                          Min: 0, Avg:  1.0, Max: 4, Diff: 4, Sum: 4, Workers: 4
[5627.559s][debug][gc,phases      ] GC(122)   JVMTI Tag Weak OopStorage      Min:  0.0, Avg:  0.0, Max:  0.0, Diff:  0.0, Sum:  0.0, Workers: 4
[5627.559s][debug][gc,phases      ] GC(122)     Dead                           Min: 0, Avg:  0.0, Max: 0, Diff: 0, Sum: 0, Workers: 4
[5627.559s][debug][gc,phases      ] GC(122)     Total                          Min: 0, Avg:  0.0, Max: 0, Diff: 0, Sum: 0, Workers: 4
[5627.559s][debug][gc,phases      ] GC(122)   StringTable Weak               Min:  0.0, Avg:  0.1, Max:  0.2, Diff:  0.2, Sum:  0.6, Workers: 4
[5627.559s][debug][gc,phases      ] GC(122)     Dead                           Min: 0, Avg:  0.0, Max: 0, Diff: 0, Sum: 0, Workers: 4
[5627.559s][debug][gc,phases      ] GC(122)     Total                          Min: 0, Avg: 11980.0, Max: 16640, Diff: 16640, Sum: 47920, Workers: 4
[5627.559s][debug][gc,phases      ] GC(122)   ResolvedMethodTable Weak       Min:  0.0, Avg:  0.0, Max:  0.1, Diff:  0.1, Sum:  0.2, Workers: 4
[5627.559s][debug][gc,phases      ] GC(122)     Dead                           Min: 0, Avg:  4.0, Max: 16, Diff: 16, Sum: 16, Workers: 4
[5627.559s][debug][gc,phases      ] GC(122)     Total                          Min: 0, Avg: 3935.5, Max: 7316, Diff: 7316, Sum: 15742, Workers: 4
[5627.559s][debug][gc,phases      ] GC(122)   JNI Weak                       Min:  0.0, Avg:  0.0, Max:  0.0, Diff:  0.0, Sum:  0.0, Workers: 4
[5627.559s][debug][gc,phases      ] GC(122)     Dead                           Min: 0, Avg:  0.0, Max: 0, Diff: 0, Sum: 0, Workers: 4
[5627.559s][debug][gc,phases      ] GC(122)     Total                          Min: 0, Avg: 13.0, Max: 52, Diff: 52, Sum: 52, Workers: 4
[5627.559s][debug][gc,phases      ] GC(122)   StringDedup Table Weak         Min:  0.0, Avg:  0.0, Max:  0.0, Diff:  0.0, Sum:  0.0, Workers: 4
[5627.559s][debug][gc,phases      ] GC(122)     Dead                           Min: 0, Avg:  0.0, Max: 0, Diff: 0, Sum: 0, Workers: 4
[5627.559s][debug][gc,phases      ] GC(122)     Total                          Min: 0, Avg:  0.0, Max: 0, Diff: 0, Sum: 0, Workers: 4
[5627.559s][debug][gc,phases      ] GC(122)   StringDedup Requests0 Weak     Min:  0.0, Avg:  0.0, Max:  0.0, Diff:  0.0, Sum:  0.0, Workers: 4
[5627.559s][debug][gc,phases      ] GC(122)     Dead                           Min: 0, Avg:  0.0, Max: 0, Diff: 0, Sum: 0, Workers: 4
[5627.559s][debug][gc,phases      ] GC(122)     Total                          Min: 0, Avg:  0.0, Max: 0, Diff: 0, Sum: 0, Workers: 4
[5627.559s][debug][gc,phases      ] GC(122)   StringDedup Requests1 Weak     Min:  0.0, Avg:  0.0, Max:  0.0, Diff:  0.0, Sum:  0.0, Workers: 4
[5627.559s][debug][gc,phases      ] GC(122)     Dead                           Min: 0, Avg:  0.0, Max: 0, Diff: 0, Sum: 0, Workers: 4
[5627.559s][debug][gc,phases      ] GC(122)     Total                          Min: 0, Avg:  0.0, Max: 0, Diff: 0, Sum: 0, Workers: 4
[5627.559s][debug][gc,phases      ] GC(122)   Weak JFR Old Object Samples    Min:  0.0, Avg:  0.0, Max:  0.0, Diff:  0.0, Sum:  0.0, Workers: 4
[5627.559s][debug][gc,phases      ] GC(122)     Dead                           Min: 0, Avg:  0.0, Max: 0, Diff: 0, Sum: 0, Workers: 4
[5627.559s][debug][gc,phases      ] GC(122)     Total                          Min: 0, Avg:  0.0, Max: 0, Diff: 0, Sum: 0, Workers: 4
[5627.559s][debug][gc,phases      ] GC(122) Weak Processing 0.488ms
[5627.559s][debug][gc,age         ] GC(122) Desired survivor size 18350080 bytes, new threshold 1 (max threshold 15)
[5627.559s][info ][gc,heap        ] GC(122) PSYoungGen: 2063120K(2078208K)->4544K(2077184K) Eden: 2058240K(2058240K)->0K(2058240K) From: 4880K(19968K)->4544K(18944K)
[5627.559s][info ][gc,heap        ] GC(122) ParOldGen: 571843K(571904K)->573195K(573440K)
[5627.559s][info ][gc,metaspace   ] GC(122) Metaspace: 111671K(113024K)->111671K(113024K) NonClass: 95060K(95808K)->95060K(95808K) Class: 16611K(17216K)->16611K(17216K)
[5627.559s][info ][gc             ] GC(122) Pause Young (Allocation Failure) 2573M->564M(2588M) 5.031ms
[5627.559s][info ][gc,cpu         ] GC(122) User=0.02s Sys=0.00s Real=0.00s
[5627.559s][info ][safepoint      ] Safepoint "ParallelGCFailedAllocation", Time since last: 15130111774 ns, Reaching safepoint: 80101 ns, Cleanup: 3800 ns, At safepoint: 5117553 ns, Total: 5201454 ns
[5633.560s][info ][safepoint      ] Safepoint "Cleanup", Time since last: 6000481205 ns, Reaching safepoint: 79001 ns, Cleanup: 9500 ns, At safepoint: 6800 ns, Total: 95301 ns
[5655.752s][info ][gc,start       ] GC(123) Pause Young (Allocation Failure)
[5655.757s][debug][gc,phases      ] GC(123) Scavenge 5.198ms
[5655.758s][debug][gc,ref         ] GC(123) ReferenceProcessor::execute queues: 1, RefProcThreadModel::Single, marks_oops_alive: false
[5655.758s][debug][gc,ref         ] GC(123) Skipped KeepAliveFinalRefsPhase of Reference Processing: no references
[5655.758s][debug][gc,ref         ] GC(123) Skipped PhantomRefsPhase of Reference Processing: no references
[5655.758s][debug][gc,phases      ] GC(123) Reference Processing 0.115ms
[5655.758s][debug][gc,phases      ] GC(123)   VM Weak                        Min:  0.0, Avg:  0.0, Max:  0.0, Diff:  0.0, Sum:  0.0, Workers: 4
[5655.758s][debug][gc,phases      ] GC(123)     Dead                           Min: 0, Avg:  0.0, Max: 0, Diff: 0, Sum: 0, Workers: 4
[5655.758s][debug][gc,phases      ] GC(123)     Total                          Min: 0, Avg: 260.2, Max: 529, Diff: 529, Sum: 1041, Workers: 4
[5655.758s][debug][gc,phases      ] GC(123)   ObjectSynchronizer Weak        Min:  0.0, Avg:  0.0, Max:  0.0, Diff:  0.0, Sum:  0.0, Workers: 4
[5655.758s][debug][gc,phases      ] GC(123)     Dead                           Min: 0, Avg:  0.0, Max: 0, Diff: 0, Sum: 0, Workers: 4
[5655.758s][debug][gc,phases      ] GC(123)     Total                          Min: 0, Avg:  1.0, Max: 4, Diff: 4, Sum: 4, Workers: 4
[5655.758s][debug][gc,phases      ] GC(123)   JVMTI Tag Weak OopStorage      Min:  0.0, Avg:  0.0, Max:  0.0, Diff:  0.0, Sum:  0.0, Workers: 4
[5655.758s][debug][gc,phases      ] GC(123)     Dead                           Min: 0, Avg:  0.0, Max: 0, Diff: 0, Sum: 0, Workers: 4
[5655.758s][debug][gc,phases      ] GC(123)     Total                          Min: 0, Avg:  0.0, Max: 0, Diff: 0, Sum: 0, Workers: 4
[5655.758s][debug][gc,phases      ] GC(123)   StringTable Weak               Min:  0.1, Avg:  0.1, Max:  0.1, Diff:  0.0, Sum:  0.5, Workers: 4
[5655.758s][debug][gc,phases      ] GC(123)     Dead                           Min: 0, Avg:  0.0, Max: 0, Diff: 0, Sum: 0, Workers: 4
[5655.758s][debug][gc,phases      ] GC(123)     Total                          Min: 11775, Avg: 11980.0, Max: 12416, Diff: 641, Sum: 47920, Workers: 4
[5655.758s][debug][gc,phases      ] GC(123)   ResolvedMethodTable Weak       Min:  0.0, Avg:  0.0, Max:  0.0, Diff:  0.0, Sum:  0.2, Workers: 4
[5655.758s][debug][gc,phases      ] GC(123)     Dead                           Min: 0, Avg:  4.0, Max: 16, Diff: 16, Sum: 16, Workers: 4
[5655.758s][debug][gc,phases      ] GC(123)     Total                          Min: 3748, Avg: 3935.5, Max: 4190, Diff: 442, Sum: 15742, Workers: 4
[5655.758s][debug][gc,phases      ] GC(123)   JNI Weak                       Min:  0.0, Avg:  0.0, Max:  0.0, Diff:  0.0, Sum:  0.0, Workers: 4
[5655.758s][debug][gc,phases      ] GC(123)     Dead                           Min: 0, Avg:  0.0, Max: 0, Diff: 0, Sum: 0, Workers: 4
[5655.758s][debug][gc,phases      ] GC(123)     Total                          Min: 0, Avg: 13.0, Max: 52, Diff: 52, Sum: 52, Workers: 4
[5655.758s][debug][gc,phases      ] GC(123)   StringDedup Table Weak         Min:  0.0, Avg:  0.0, Max:  0.0, Diff:  0.0, Sum:  0.0, Workers: 4
[5655.758s][debug][gc,phases      ] GC(123)     Dead                           Min: 0, Avg:  0.0, Max: 0, Diff: 0, Sum: 0, Workers: 4
[5655.758s][debug][gc,phases      ] GC(123)     Total                          Min: 0, Avg:  0.0, Max: 0, Diff: 0, Sum: 0, Workers: 4
[5655.758s][debug][gc,phases      ] GC(123)   StringDedup Requests0 Weak     Min:  0.0, Avg:  0.0, Max:  0.0, Diff:  0.0, Sum:  0.0, Workers: 4
[5655.758s][debug][gc,phases      ] GC(123)     Dead                           Min: 0, Avg:  0.0, Max: 0, Diff: 0, Sum: 0, Workers: 4
[5655.758s][debug][gc,phases      ] GC(123)     Total                          Min: 0, Avg:  0.0, Max: 0, Diff: 0, Sum: 0, Workers: 4
[5655.758s][debug][gc,phases      ] GC(123)   StringDedup Requests1 Weak     Min:  0.0, Avg:  0.0, Max:  0.0, Diff:  0.0, Sum:  0.0, Workers: 4
[5655.758s][debug][gc,phases      ] GC(123)     Dead                           Min: 0, Avg:  0.0, Max: 0, Diff: 0, Sum: 0, Workers: 4
[5655.758s][debug][gc,phases      ] GC(123)     Total                          Min: 0, Avg:  0.0, Max: 0, Diff: 0, Sum: 0, Workers: 4
[5655.758s][debug][gc,phases      ] GC(123)   Weak JFR Old Object Samples    Min:  0.0, Avg:  0.0, Max:  0.0, Diff:  0.0, Sum:  0.0, Workers: 4
[5655.758s][debug][gc,phases      ] GC(123)     Dead                           Min: 0, Avg:  0.0, Max: 0, Diff: 0, Sum: 0, Workers: 4
[5655.758s][debug][gc,phases      ] GC(123)     Total                          Min: 0, Avg:  0.0, Max: 0, Diff: 0, Sum: 0, Workers: 4
[5655.758s][debug][gc,phases      ] GC(123) Weak Processing 0.413ms
[5655.758s][debug][gc,age         ] GC(123) Desired survivor size 17301504 bytes, new threshold 1 (max threshold 15)
[5655.758s][info ][gc,heap        ] GC(123) PSYoungGen: 2062784K(2077184K)->4658K(2080256K) Eden: 2058240K(2058240K)->0K(2062336K) From: 4544K(18944K)->4658K(17920K)
[5655.758s][info ][gc,heap        ] GC(123) ParOldGen: 573195K(573440K)->574124K(574464K)
[5655.758s][info ][gc,metaspace   ] GC(123) Metaspace: 111673K(113024K)->111673K(113024K) NonClass: 95062K(95808K)->95062K(95808K) Class: 16611K(17216K)->16611K(17216K)
[5655.758s][info ][gc             ] GC(123) Pause Young (Allocation Failure) 2574M->565M(2592M) 5.878ms
[5655.758s][info ][gc,cpu         ] GC(123) User=0.02s Sys=0.00s Real=0.00s
[5655.758s][info ][safepoint      ] Safepoint "ParallelGCFailedAllocation", Time since last: 22192524804 ns, Reaching safepoint: 83401 ns, Cleanup: 4300 ns, At safepoint: 5965972 ns, Total: 6053673 ns
[5659.759s][info ][safepoint      ] Safepoint "Cleanup", Time since last: 4000322691 ns, Reaching safepoint: 79301 ns, Cleanup: 14200 ns, At safepoint: 6800 ns, Total: 100301 ns
[5660.759s][info ][safepoint      ] Safepoint "Cleanup", Time since last: 1000123549 ns, Reaching safepoint: 81401 ns, Cleanup: 18700 ns, At safepoint: 7000 ns, Total: 107101 ns
[5661.759s][info ][safepoint      ] Safepoint "Cleanup", Time since last: 1000132448 ns, Reaching safepoint: 87701 ns, Cleanup: 15101 ns, At safepoint: 33800 ns, Total: 136602 ns
[5662.759s][info ][safepoint      ] Safepoint "Cleanup", Time since last: 1000121748 ns, Reaching safepoint: 81601 ns, Cleanup: 15400 ns, At safepoint: 6700 ns, Total: 103701 ns
[5663.760s][info ][safepoint      ] Safepoint "Cleanup", Time since last: 1000130844 ns, Reaching safepoint: 85701 ns, Cleanup: 11000 ns, At safepoint: 7600 ns, Total: 104301 ns
[5665.760s][info ][safepoint      ] Safepoint "Cleanup", Time since last: 2000213128 ns, Reaching safepoint: 12600 ns, Cleanup: 14800 ns, At safepoint: 3100 ns, Total: 30500 ns
[5684.761s][info ][safepoint      ] Safepoint "Cleanup", Time since last: 19001410104 ns, Reaching safepoint: 7400 ns, Cleanup: 7000 ns, At safepoint: 2800 ns, Total: 17200 ns
[5692.762s][info ][safepoint      ] Safepoint "Cleanup", Time since last: 8000590774 ns, Reaching safepoint: 7900 ns, Cleanup: 6300 ns, At safepoint: 26800 ns, Total: 41000 ns
[5699.300s][info ][gc,start       ] GC(124) Pause Young (Allocation Failure)
[5699.309s][debug][gc,phases      ] GC(124) Scavenge 8.418ms
[5699.309s][debug][gc,ref         ] GC(124) ReferenceProcessor::execute queues: 1, RefProcThreadModel::Single, marks_oops_alive: false
[5699.309s][debug][gc,ref         ] GC(124) Skipped KeepAliveFinalRefsPhase of Reference Processing: no references
[5699.309s][debug][gc,ref         ] GC(124) ReferenceProcessor::execute queues: 1, RefProcThreadModel::Single, marks_oops_alive: false
[5699.309s][debug][gc,phases      ] GC(124) Reference Processing 0.121ms
[5699.309s][debug][gc,phases      ] GC(124)   VM Weak                        Min:  0.0, Avg:  0.0, Max:  0.0, Diff:  0.0, Sum:  0.0, Workers: 4
[5699.309s][debug][gc,phases      ] GC(124)     Dead                           Min: 0, Avg:  0.0, Max: 0, Diff: 0, Sum: 0, Workers: 4
[5699.309s][debug][gc,phases      ] GC(124)     Total                          Min: 0, Avg: 260.2, Max: 640, Diff: 640, Sum: 1041, Workers: 4
[5699.309s][debug][gc,phases      ] GC(124)   ObjectSynchronizer Weak        Min:  0.0, Avg:  0.0, Max:  0.0, Diff:  0.0, Sum:  0.0, Workers: 4
[5699.309s][debug][gc,phases      ] GC(124)     Dead                           Min: 0, Avg:  0.0, Max: 0, Diff: 0, Sum: 0, Workers: 4
[5699.309s][debug][gc,phases      ] GC(124)     Total                          Min: 0, Avg:  1.0, Max: 4, Diff: 4, Sum: 4, Workers: 4
[5699.309s][debug][gc,phases      ] GC(124)   JVMTI Tag Weak OopStorage      Min:  0.0, Avg:  0.0, Max:  0.0, Diff:  0.0, Sum:  0.0, Workers: 4
[5699.309s][debug][gc,phases      ] GC(124)     Dead                           Min: 0, Avg:  0.0, Max: 0, Diff: 0, Sum: 0, Workers: 4
[5699.309s][debug][gc,phases      ] GC(124)     Total                          Min: 0, Avg:  0.0, Max: 0, Diff: 0, Sum: 0, Workers: 4
[5699.309s][debug][gc,phases      ] GC(124)   StringTable Weak               Min:  0.0, Avg:  0.1, Max:  0.2, Diff:  0.2, Sum:  0.5, Workers: 4
[5699.309s][debug][gc,phases      ] GC(124)     Dead                           Min: 0, Avg:  0.0, Max: 0, Diff: 0, Sum: 0, Workers: 4
[5699.309s][debug][gc,phases      ] GC(124)     Total                          Min: 0, Avg: 11980.0, Max: 17904, Diff: 17904, Sum: 47920, Workers: 4
[5699.309s][debug][gc,phases      ] GC(124)   ResolvedMethodTable Weak       Min:  0.0, Avg:  0.0, Max:  0.1, Diff:  0.1, Sum:  0.2, Workers: 4
[5699.309s][debug][gc,phases      ] GC(124)     Dead                           Min: 0, Avg:  4.0, Max: 16, Diff: 16, Sum: 16, Workers: 4
[5699.309s][debug][gc,phases      ] GC(124)     Total                          Min: 0, Avg: 3935.5, Max: 7052, Diff: 7052, Sum: 15742, Workers: 4
[5699.309s][debug][gc,phases      ] GC(124)   JNI Weak                       Min:  0.0, Avg:  0.0, Max:  0.0, Diff:  0.0, Sum:  0.0, Workers: 4
[5699.309s][debug][gc,phases      ] GC(124)     Dead                           Min: 0, Avg:  0.0, Max: 0, Diff: 0, Sum: 0, Workers: 4
[5699.309s][debug][gc,phases      ] GC(124)     Total                          Min: 0, Avg: 13.0, Max: 52, Diff: 52, Sum: 52, Workers: 4
[5699.309s][debug][gc,phases      ] GC(124)   StringDedup Table Weak         Min:  0.0, Avg:  0.0, Max:  0.0, Diff:  0.0, Sum:  0.0, Workers: 4
[5699.309s][debug][gc,phases      ] GC(124)     Dead                           Min: 0, Avg:  0.0, Max: 0, Diff: 0, Sum: 0, Workers: 4
[5699.309s][debug][gc,phases      ] GC(124)     Total                          Min: 0, Avg:  0.0, Max: 0, Diff: 0, Sum: 0, Workers: 4
[5699.309s][debug][gc,phases      ] GC(124)   StringDedup Requests0 Weak     Min:  0.0, Avg:  0.0, Max:  0.0, Diff:  0.0, Sum:  0.0, Workers: 4
[5699.309s][debug][gc,phases      ] GC(124)     Dead                           Min: 0, Avg:  0.0, Max: 0, Diff: 0, Sum: 0, Workers: 4
[5699.309s][debug][gc,phases      ] GC(124)     Total                          Min: 0, Avg:  0.0, Max: 0, Diff: 0, Sum: 0, Workers: 4
[5699.309s][debug][gc,phases      ] GC(124)   StringDedup Requests1 Weak     Min:  0.0, Avg:  0.0, Max:  0.0, Diff:  0.0, Sum:  0.0, Workers: 4
[5699.309s][debug][gc,phases      ] GC(124)     Dead                           Min: 0, Avg:  0.0, Max: 0, Diff: 0, Sum: 0, Workers: 4
[5699.309s][debug][gc,phases      ] GC(124)     Total                          Min: 0, Avg:  0.0, Max: 0, Diff: 0, Sum: 0, Workers: 4
[5699.309s][debug][gc,phases      ] GC(124)   Weak JFR Old Object Samples    Min:  0.0, Avg:  0.0, Max:  0.0, Diff:  0.0, Sum:  0.0, Workers: 4
[5699.309s][debug][gc,phases      ] GC(124)     Dead                           Min: 0, Avg:  0.0, Max: 0, Diff: 0, Sum: 0, Workers: 4
[5699.309s][debug][gc,phases      ] GC(124)     Total                          Min: 0, Avg:  0.0, Max: 0, Diff: 0, Sum: 0, Workers: 4
[5699.309s][debug][gc,phases      ] GC(124) Weak Processing 0.481ms
[5699.309s][debug][gc,age         ] GC(124) Desired survivor size 16252928 bytes, new threshold 1 (max threshold 15)
[5699.309s][info ][gc,heap        ] GC(124) PSYoungGen: 2066994K(2080256K)->5632K(2079232K) Eden: 2062336K(2062336K)->0K(2062336K) From: 4658K(17920K)->5632K(16896K)
[5699.309s][info ][gc,heap        ] GC(124) ParOldGen: 574124K(574464K)->575298K(575488K)
[5699.309s][info ][gc,metaspace   ] GC(124) Metaspace: 111685K(113088K)->111685K(113088K) NonClass: 95074K(95872K)->95074K(95872K) Class: 16611K(17216K)->16611K(17216K)
[5699.309s][info ][gc             ] GC(124) Pause Young (Allocation Failure) 2579M->567M(2592M) 9.165ms
[5699.309s][info ][gc,cpu         ] GC(124) User=0.03s Sys=0.00s Real=0.00s
[5699.309s][info ][safepoint      ] Safepoint "ParallelGCFailedAllocation", Time since last: 6538315863 ns, Reaching safepoint: 83701 ns, Cleanup: 4300 ns, At safepoint: 9255403 ns, Total: 9343404 ns
[5714.012s][info ][safepoint      ] Safepoint "Cleanup", Time since last: 14702530872 ns, Reaching safepoint: 9100 ns, Cleanup: 12800 ns, At safepoint: 2400 ns, Total: 24300 ns
[5719.012s][info ][safepoint      ] Safepoint "Cleanup", Time since last: 5000406301 ns, Reaching safepoint: 8600 ns, Cleanup: 10600 ns, At safepoint: 2700 ns, Total: 21900 ns
[5736.014s][info ][safepoint      ] Safepoint "Cleanup", Time since last: 17001276091 ns, Reaching safepoint: 80801 ns, Cleanup: 14100 ns, At safepoint: 34301 ns, Total: 129202 ns
[5740.014s][info ][safepoint      ] Safepoint "Cleanup", Time since last: 4000329927 ns, Reaching safepoint: 8600 ns, Cleanup: 11001 ns, At safepoint: 2600 ns, Total: 22201 ns
[5761.619s][info ][gc,start       ] GC(125) Pause Young (Allocation Failure)
[5761.624s][debug][gc,phases      ] GC(125) Scavenge 4.958ms
[5761.624s][debug][gc,ref         ] GC(125) ReferenceProcessor::execute queues: 1, RefProcThreadModel::Single, marks_oops_alive: false
[5761.624s][debug][gc,ref         ] GC(125) Skipped KeepAliveFinalRefsPhase of Reference Processing: no references
[5761.624s][debug][gc,ref         ] GC(125) ReferenceProcessor::execute queues: 1, RefProcThreadModel::Single, marks_oops_alive: false
[5761.624s][debug][gc,phases      ] GC(125) Reference Processing 0.115ms
[5761.624s][debug][gc,phases      ] GC(125)   VM Weak                        Min:  0.0, Avg:  0.0, Max:  0.0, Diff:  0.0, Sum:  0.0, Workers: 4
[5761.624s][debug][gc,phases      ] GC(125)     Dead                           Min: 0, Avg:  0.0, Max: 0, Diff: 0, Sum: 0, Workers: 4
[5761.624s][debug][gc,phases      ] GC(125)     Total                          Min: 0, Avg: 260.2, Max: 529, Diff: 529, Sum: 1041, Workers: 4
[5761.624s][debug][gc,phases      ] GC(125)   ObjectSynchronizer Weak        Min:  0.0, Avg:  0.0, Max:  0.0, Diff:  0.0, Sum:  0.0, Workers: 4
[5761.624s][debug][gc,phases      ] GC(125)     Dead                           Min: 0, Avg:  0.0, Max: 0, Diff: 0, Sum: 0, Workers: 4
[5761.624s][debug][gc,phases      ] GC(125)     Total                          Min: 0, Avg:  1.0, Max: 4, Diff: 4, Sum: 4, Workers: 4
[5761.624s][debug][gc,phases      ] GC(125)   JVMTI Tag Weak OopStorage      Min:  0.0, Avg:  0.0, Max:  0.0, Diff:  0.0, Sum:  0.0, Workers: 4
[5761.624s][debug][gc,phases      ] GC(125)     Dead                           Min: 0, Avg:  0.0, Max: 0, Diff: 0, Sum: 0, Workers: 4
[5761.624s][debug][gc,phases      ] GC(125)     Total                          Min: 0, Avg:  0.0, Max: 0, Diff: 0, Sum: 0, Workers: 4
[5761.624s][debug][gc,phases      ] GC(125)   StringTable Weak               Min:  0.0, Avg:  0.1, Max:  0.2, Diff:  0.2, Sum:  0.5, Workers: 4
[5761.624s][debug][gc,phases      ] GC(125)     Dead                           Min: 0, Avg:  0.0, Max: 0, Diff: 0, Sum: 0, Workers: 4
[5761.624s][debug][gc,phases      ] GC(125)     Total                          Min: 0, Avg: 11980.0, Max: 17727, Diff: 17727, Sum: 47920, Workers: 4
[5761.624s][debug][gc,phases      ] GC(125)   ResolvedMethodTable Weak       Min:  0.0, Avg:  0.0, Max:  0.1, Diff:  0.1, Sum:  0.2, Workers: 4
[5761.625s][debug][gc,phases      ] GC(125)     Dead                           Min: 0, Avg:  4.0, Max: 16, Diff: 16, Sum: 16, Workers: 4
[5761.625s][debug][gc,phases      ] GC(125)     Total                          Min: 0, Avg: 3935.5, Max: 5603, Diff: 5603, Sum: 15742, Workers: 4
[5761.625s][debug][gc,phases      ] GC(125)   JNI Weak                       Min:  0.0, Avg:  0.0, Max:  0.0, Diff:  0.0, Sum:  0.0, Workers: 4
[5761.625s][debug][gc,phases      ] GC(125)     Dead                           Min: 0, Avg:  0.0, Max: 0, Diff: 0, Sum: 0, Workers: 4
[5761.625s][debug][gc,phases      ] GC(125)     Total                          Min: 0, Avg: 13.0, Max: 52, Diff: 52, Sum: 52, Workers: 4
[5761.625s][debug][gc,phases      ] GC(125)   StringDedup Table Weak         Min:  0.0, Avg:  0.0, Max:  0.0, Diff:  0.0, Sum:  0.0, Workers: 4
[5761.625s][debug][gc,phases      ] GC(125)     Dead                           Min: 0, Avg:  0.0, Max: 0, Diff: 0, Sum: 0, Workers: 4
[5761.625s][debug][gc,phases      ] GC(125)     Total                          Min: 0, Avg:  0.0, Max: 0, Diff: 0, Sum: 0, Workers: 4
[5761.625s][debug][gc,phases      ] GC(125)   StringDedup Requests0 Weak     Min:  0.0, Avg:  0.0, Max:  0.0, Diff:  0.0, Sum:  0.0, Workers: 4
[5761.625s][debug][gc,phases      ] GC(125)     Dead                           Min: 0, Avg:  0.0, Max: 0, Diff: 0, Sum: 0, Workers: 4
[5761.625s][debug][gc,phases      ] GC(125)     Total                          Min: 0, Avg:  0.0, Max: 0, Diff: 0, Sum: 0, Workers: 4
[5761.625s][debug][gc,phases      ] GC(125)   StringDedup Requests1 Weak     Min:  0.0, Avg:  0.0, Max:  0.0, Diff:  0.0, Sum:  0.0, Workers: 4
[5761.625s][debug][gc,phases      ] GC(125)     Dead                           Min: 0, Avg:  0.0, Max: 0, Diff: 0, Sum: 0, Workers: 4
[5761.625s][debug][gc,phases      ] GC(125)     Total                          Min: 0, Avg:  0.0, Max: 0, Diff: 0, Sum: 0, Workers: 4
[5761.625s][debug][gc,phases      ] GC(125)   Weak JFR Old Object Samples    Min:  0.0, Avg:  0.0, Max:  0.0, Diff:  0.0, Sum:  0.0, Workers: 4
[5761.625s][debug][gc,phases      ] GC(125)     Dead                           Min: 0, Avg:  0.0, Max: 0, Diff: 0, Sum: 0, Workers: 4
[5761.625s][debug][gc,phases      ] GC(125)     Total                          Min: 0, Avg:  0.0, Max: 0, Diff: 0, Sum: 0, Workers: 4
[5761.625s][debug][gc,phases      ] GC(125) Weak Processing 0.454ms
[5761.625s][debug][gc,age         ] GC(125) Desired survivor size 15728640 bytes, new threshold 1 (max threshold 15)
[5761.625s][info ][gc,heap        ] GC(125) PSYoungGen: 2067968K(2079232K)->2766K(2081792K) Eden: 2062336K(2062336K)->0K(2065920K) From: 5632K(16896K)->2766K(15872K)
[5761.625s][info ][gc,heap        ] GC(125) ParOldGen: 575298K(575488K)->579686K(580096K)
[5761.625s][info ][gc,metaspace   ] GC(125) Metaspace: 111690K(113088K)->111690K(113088K) NonClass: 95078K(95872K)->95078K(95872K) Class: 16611K(17216K)->16611K(17216K)
[5761.625s][info ][gc             ] GC(125) Pause Young (Allocation Failure) 2581M->568M(2599M) 5.673ms
[5761.625s][info ][gc,cpu         ] GC(125) User=0.01s Sys=0.00s Real=0.01s
[5761.625s][info ][safepoint      ] Safepoint "ParallelGCFailedAllocation", Time since last: 21604715912 ns, Reaching safepoint: 7400 ns, Cleanup: 4600 ns, At safepoint: 5756762 ns, Total: 5768762 ns
[5763.032s][info ][safepoint      ] Safepoint "Cleanup", Time since last: 1407277253 ns, Reaching safepoint: 8100 ns, Cleanup: 13200 ns, At safepoint: 2700 ns, Total: 24000 ns
[5769.033s][info ][safepoint      ] Safepoint "Cleanup", Time since last: 6000489460 ns, Reaching safepoint: 9800 ns, Cleanup: 38700 ns, At safepoint: 3000 ns, Total: 51500 ns
[5771.033s][info ][safepoint      ] Safepoint "Cleanup", Time since last: 2000189882 ns, Reaching safepoint: 8400 ns, Cleanup: 14500 ns, At safepoint: 2700 ns, Total: 25600 ns
[5773.033s][info ][safepoint      ] Safepoint "Cleanup", Time since last: 2000178782 ns, Reaching safepoint: 7300 ns, Cleanup: 17300 ns, At safepoint: 2400 ns, Total: 27000 ns
[5774.033s][info ][safepoint      ] Safepoint "Cleanup", Time since last: 1000063833 ns, Reaching safepoint: 10100 ns, Cleanup: 109501 ns, At safepoint: 4200 ns, Total: 123801 ns
[5775.033s][info ][safepoint      ] Safepoint "Cleanup", Time since last: 1000129039 ns, Reaching safepoint: 11200 ns, Cleanup: 14300 ns, At safepoint: 3100 ns, Total: 28600 ns
[5776.033s][info ][safepoint      ] Safepoint "Cleanup", Time since last: 1000124666 ns, Reaching safepoint: 8500 ns, Cleanup: 10100 ns, At safepoint: 2600 ns, Total: 21200 ns
[5779.034s][info ][safepoint      ] Safepoint "Cleanup", Time since last: 3000255802 ns, Reaching safepoint: 7600 ns, Cleanup: 14401 ns, At safepoint: 3000 ns, Total: 25001 ns
[5780.034s][info ][safepoint      ] Safepoint "Cleanup", Time since last: 1000118056 ns, Reaching safepoint: 7900 ns, Cleanup: 12500 ns, At safepoint: 2700 ns, Total: 23100 ns
[5781.034s][info ][safepoint      ] Safepoint "Cleanup", Time since last: 1000115356 ns, Reaching safepoint: 7400 ns, Cleanup: 9700 ns, At safepoint: 2400 ns, Total: 19500 ns
[5784.034s][info ][safepoint      ] Safepoint "Cleanup", Time since last: 3000260994 ns, Reaching safepoint: 11100 ns, Cleanup: 11400 ns, At safepoint: 3600 ns, Total: 26100 ns
[5786.035s][info ][safepoint      ] Safepoint "Cleanup", Time since last: 2000218811 ns, Reaching safepoint: 11100 ns, Cleanup: 12400 ns, At safepoint: 28701 ns, Total: 52201 ns
[5810.630s][info ][gc,start       ] GC(126) Pause Young (Allocation Failure)
[5810.641s][debug][gc,phases      ] GC(126) Scavenge 10.371ms
[5810.641s][debug][gc,ref         ] GC(126) ReferenceProcessor::execute queues: 1, RefProcThreadModel::Single, marks_oops_alive: false
[5810.641s][debug][gc,ref         ] GC(126) Skipped KeepAliveFinalRefsPhase of Reference Processing: no references
[5810.641s][debug][gc,ref         ] GC(126) ReferenceProcessor::execute queues: 1, RefProcThreadModel::Single, marks_oops_alive: false
[5810.641s][debug][gc,phases      ] GC(126) Reference Processing 0.115ms
[5810.641s][debug][gc,phases      ] GC(126)   VM Weak                        Min:  0.0, Avg:  0.0, Max:  0.0, Diff:  0.0, Sum:  0.0, Workers: 4
[5810.641s][debug][gc,phases      ] GC(126)     Dead                           Min: 0, Avg:  0.0, Max: 0, Diff: 0, Sum: 0, Workers: 4
[5810.641s][debug][gc,phases      ] GC(126)     Total                          Min: 0, Avg: 260.2, Max: 593, Diff: 593, Sum: 1041, Workers: 4
[5810.641s][debug][gc,phases      ] GC(126)   ObjectSynchronizer Weak        Min:  0.0, Avg:  0.0, Max:  0.0, Diff:  0.0, Sum:  0.0, Workers: 4
[5810.641s][debug][gc,phases      ] GC(126)     Dead                           Min: 0, Avg:  1.0, Max: 4, Diff: 4, Sum: 4, Workers: 4
[5810.641s][debug][gc,phases      ] GC(126)     Total                          Min: 0, Avg:  2.2, Max: 9, Diff: 9, Sum: 9, Workers: 4
[5810.641s][debug][gc,phases      ] GC(126)   JVMTI Tag Weak OopStorage      Min:  0.0, Avg:  0.0, Max:  0.0, Diff:  0.0, Sum:  0.0, Workers: 4
[5810.641s][debug][gc,phases      ] GC(126)     Dead                           Min: 0, Avg:  0.0, Max: 0, Diff: 0, Sum: 0, Workers: 4
[5810.641s][debug][gc,phases      ] GC(126)     Total                          Min: 0, Avg:  0.0, Max: 0, Diff: 0, Sum: 0, Workers: 4
[5810.641s][debug][gc,phases      ] GC(126)   StringTable Weak               Min:  0.0, Avg:  0.1, Max:  0.2, Diff:  0.2, Sum:  0.5, Workers: 4
[5810.641s][debug][gc,phases      ] GC(126)     Dead                           Min: 0, Avg:  0.0, Max: 0, Diff: 0, Sum: 0, Workers: 4
[5810.641s][debug][gc,phases      ] GC(126)     Total                          Min: 0, Avg: 11983.5, Max: 17662, Diff: 17662, Sum: 47934, Workers: 4
[5810.641s][debug][gc,phases      ] GC(126)   ResolvedMethodTable Weak       Min:  0.0, Avg:  0.1, Max:  0.1, Diff:  0.1, Sum:  0.2, Workers: 4
[5810.641s][debug][gc,phases      ] GC(126)     Dead                           Min: 0, Avg: 11.2, Max: 45, Diff: 45, Sum: 45, Workers: 4
[5810.641s][debug][gc,phases      ] GC(126)     Total                          Min: 0, Avg: 3938.0, Max: 5545, Diff: 5545, Sum: 15752, Workers: 4
[5810.641s][debug][gc,phases      ] GC(126)   JNI Weak                       Min:  0.0, Avg:  0.0, Max:  0.0, Diff:  0.0, Sum:  0.0, Workers: 4
[5810.641s][debug][gc,phases      ] GC(126)     Dead                           Min: 0, Avg:  0.0, Max: 0, Diff: 0, Sum: 0, Workers: 4
[5810.641s][debug][gc,phases      ] GC(126)     Total                          Min: 0, Avg: 13.0, Max: 52, Diff: 52, Sum: 52, Workers: 4
[5810.641s][debug][gc,phases      ] GC(126)   StringDedup Table Weak         Min:  0.0, Avg:  0.0, Max:  0.0, Diff:  0.0, Sum:  0.0, Workers: 4
[5810.641s][debug][gc,phases      ] GC(126)     Dead                           Min: 0, Avg:  0.0, Max: 0, Diff: 0, Sum: 0, Workers: 4
[5810.641s][debug][gc,phases      ] GC(126)     Total                          Min: 0, Avg:  0.0, Max: 0, Diff: 0, Sum: 0, Workers: 4
[5810.641s][debug][gc,phases      ] GC(126)   StringDedup Requests0 Weak     Min:  0.0, Avg:  0.0, Max:  0.0, Diff:  0.0, Sum:  0.0, Workers: 4
[5810.641s][debug][gc,phases      ] GC(126)     Dead                           Min: 0, Avg:  0.0, Max: 0, Diff: 0, Sum: 0, Workers: 4
[5810.641s][debug][gc,phases      ] GC(126)     Total                          Min: 0, Avg:  0.0, Max: 0, Diff: 0, Sum: 0, Workers: 4
[5810.641s][debug][gc,phases      ] GC(126)   StringDedup Requests1 Weak     Min:  0.0, Avg:  0.0, Max:  0.0, Diff:  0.0, Sum:  0.0, Workers: 4
[5810.641s][debug][gc,phases      ] GC(126)     Dead                           Min: 0, Avg:  0.0, Max: 0, Diff: 0, Sum: 0, Workers: 4
[5810.641s][debug][gc,phases      ] GC(126)     Total                          Min: 0, Avg:  0.0, Max: 0, Diff: 0, Sum: 0, Workers: 4
[5810.641s][debug][gc,phases      ] GC(126)   Weak JFR Old Object Samples    Min:  0.0, Avg:  0.0, Max:  0.0, Diff:  0.0, Sum:  0.0, Workers: 4
[5810.641s][debug][gc,phases      ] GC(126)     Dead                           Min: 0, Avg:  0.0, Max: 0, Diff: 0, Sum: 0, Workers: 4
[5810.641s][debug][gc,phases      ] GC(126)     Total                          Min: 0, Avg:  0.0, Max: 0, Diff: 0, Sum: 0, Workers: 4
[5810.641s][debug][gc,phases      ] GC(126) Weak Processing 0.491ms
[5810.641s][debug][gc,age         ] GC(126) Desired survivor size 16252928 bytes, new threshold 1 (max threshold 15)
[5810.641s][info ][gc,heap        ] GC(126) PSYoungGen: 2068686K(2081792K)->9787K(2081280K) Eden: 2065920K(2065920K)->0K(2065920K) From: 2766K(15872K)->9787K(15360K)
[5810.641s][info ][gc,heap        ] GC(126) ParOldGen: 579686K(580096K)->580801K(581120K)
[5810.641s][info ][gc,metaspace   ] GC(126) Metaspace: 111764K(113088K)->111764K(113088K) NonClass: 95148K(95872K)->95148K(95872K) Class: 16616K(17216K)->16616K(17216K)
[5810.641s][info ][gc             ] GC(126) Pause Young (Allocation Failure) 2586M->576M(2600M) 11.125ms
[5810.641s][info ][gc,cpu         ] GC(126) User=0.02s Sys=0.01s Real=0.02s
[5810.641s][info ][safepoint      ] Safepoint "ParallelGCFailedAllocation", Time since last: 24595454895 ns, Reaching safepoint: 6600 ns, Cleanup: 3801 ns, At safepoint: 11204510 ns, Total: 11214911 ns
[5811.641s][info ][safepoint      ] Safepoint "Cleanup", Time since last: 1000095283 ns, Reaching safepoint: 7800 ns, Cleanup: 10300 ns, At safepoint: 2900 ns, Total: 21000 ns
[5817.642s][info ][safepoint      ] Safepoint "Cleanup", Time since last: 6000479648 ns, Reaching safepoint: 6600 ns, Cleanup: 9300 ns, At safepoint: 2901 ns, Total: 18801 ns
[5818.642s][info ][safepoint      ] Safepoint "Cleanup", Time since last: 1000117873 ns, Reaching safepoint: 8500 ns, Cleanup: 11601 ns, At safepoint: 2800 ns, Total: 22901 ns
[5820.642s][info ][safepoint      ] Safepoint "Cleanup", Time since last: 2000181547 ns, Reaching safepoint: 7600 ns, Cleanup: 17600 ns, At safepoint: 2900 ns, Total: 28100 ns
[5823.050s][info ][safepoint      ] Safepoint "Cleanup", Time since last: 2407509965 ns, Reaching safepoint: 81701 ns, Cleanup: 12200 ns, At safepoint: 6400 ns, Total: 100301 ns
[5827.050s][info ][safepoint      ] Safepoint "Cleanup", Time since last: 4000359779 ns, Reaching safepoint: 82201 ns, Cleanup: 16200 ns, At safepoint: 6800 ns, Total: 105201 ns
[5828.051s][info ][safepoint      ] Safepoint "Cleanup", Time since last: 1000134755 ns, Reaching safepoint: 84101 ns, Cleanup: 11700 ns, At safepoint: 13100 ns, Total: 108901 ns
[5830.051s][info ][safepoint      ] Safepoint "Cleanup", Time since last: 2000221451 ns, Reaching safepoint: 85001 ns, Cleanup: 14200 ns, At safepoint: 13100 ns, Total: 112301 ns
[5832.051s][info ][safepoint      ] Safepoint "Cleanup", Time since last: 2000212732 ns, Reaching safepoint: 80201 ns, Cleanup: 10100 ns, At safepoint: 13100 ns, Total: 103401 ns
[5833.052s][info ][safepoint      ] Safepoint "Cleanup", Time since last: 1000249134 ns, Reaching safepoint: 81901 ns, Cleanup: 11500 ns, At safepoint: 7100 ns, Total: 100501 ns
[5836.052s][info ][safepoint      ] Safepoint "Cleanup", Time since last: 3000289696 ns, Reaching safepoint: 83701 ns, Cleanup: 9700 ns, At safepoint: 7300 ns, Total: 100701 ns
[5843.053s][info ][safepoint      ] Safepoint "Cleanup", Time since last: 7000748896 ns, Reaching safepoint: 83501 ns, Cleanup: 15600 ns, At safepoint: 6900 ns, Total: 106001 ns
[5844.053s][info ][safepoint      ] Safepoint "Cleanup", Time since last: 1000140469 ns, Reaching safepoint: 85600 ns, Cleanup: 19901 ns, At safepoint: 7200 ns, Total: 112701 ns
[5847.053s][info ][safepoint      ] Safepoint "Cleanup", Time since last: 3000270704 ns, Reaching safepoint: 79901 ns, Cleanup: 14800 ns, At safepoint: 7000 ns, Total: 101701 ns
[5848.054s][info ][safepoint      ] Safepoint "Cleanup", Time since last: 1000146332 ns, Reaching safepoint: 82901 ns, Cleanup: 11200 ns, At safepoint: 7300 ns, Total: 101401 ns
[5848.504s][info ][gc,start       ] GC(127) Pause Young (Allocation Failure)
[5848.513s][debug][gc,phases      ] GC(127) Scavenge 9.647ms
[5848.514s][debug][gc,ref         ] GC(127) ReferenceProcessor::execute queues: 1, RefProcThreadModel::Single, marks_oops_alive: false
[5848.514s][debug][gc,ref         ] GC(127) Skipped KeepAliveFinalRefsPhase of Reference Processing: no references
[5848.514s][debug][gc,ref         ] GC(127) ReferenceProcessor::execute queues: 1, RefProcThreadModel::Single, marks_oops_alive: false
[5848.514s][debug][gc,phases      ] GC(127) Reference Processing 0.116ms
[5848.514s][debug][gc,phases      ] GC(127)   VM Weak                        Min:  0.0, Avg:  0.0, Max:  0.0, Diff:  0.0, Sum:  0.0, Workers: 4
[5848.514s][debug][gc,phases      ] GC(127)     Dead                           Min: 0, Avg:  0.0, Max: 0, Diff: 0, Sum: 0, Workers: 4
[5848.514s][debug][gc,phases      ] GC(127)     Total                          Min: 0, Avg: 260.2, Max: 529, Diff: 529, Sum: 1041, Workers: 4
[5848.514s][debug][gc,phases      ] GC(127)   ObjectSynchronizer Weak        Min:  0.0, Avg:  0.0, Max:  0.0, Diff:  0.0, Sum:  0.0, Workers: 4
[5848.514s][debug][gc,phases      ] GC(127)     Dead                           Min: 0, Avg:  0.0, Max: 0, Diff: 0, Sum: 0, Workers: 4
[5848.514s][debug][gc,phases      ] GC(127)     Total                          Min: 0, Avg:  1.0, Max: 4, Diff: 4, Sum: 4, Workers: 4
[5848.514s][debug][gc,phases      ] GC(127)   JVMTI Tag Weak OopStorage      Min:  0.0, Avg:  0.0, Max:  0.0, Diff:  0.0, Sum:  0.0, Workers: 4
[5848.514s][debug][gc,phases      ] GC(127)     Dead                           Min: 0, Avg:  0.0, Max: 0, Diff: 0, Sum: 0, Workers: 4
[5848.514s][debug][gc,phases      ] GC(127)     Total                          Min: 0, Avg:  0.0, Max: 0, Diff: 0, Sum: 0, Workers: 4
[5848.514s][debug][gc,phases      ] GC(127)   StringTable Weak               Min:  0.0, Avg:  0.1, Max:  0.2, Diff:  0.2, Sum:  0.4, Workers: 4
[5848.514s][debug][gc,phases      ] GC(127)     Dead                           Min: 0, Avg:  0.0, Max: 0, Diff: 0, Sum: 0, Workers: 4
[5848.514s][debug][gc,phases      ] GC(127)     Total                          Min: 0, Avg: 11983.5, Max: 16191, Diff: 16191, Sum: 47934, Workers: 4
[5848.514s][debug][gc,phases      ] GC(127)   ResolvedMethodTable Weak       Min:  0.0, Avg:  0.0, Max:  0.1, Diff:  0.1, Sum:  0.2, Workers: 4
[5848.514s][debug][gc,phases      ] GC(127)     Dead                           Min: 0, Avg:  4.0, Max: 12, Diff: 12, Sum: 16, Workers: 4
[5848.514s][debug][gc,phases      ] GC(127)     Total                          Min: 0, Avg: 3938.0, Max: 5955, Diff: 5955, Sum: 15752, Workers: 4
[5848.514s][debug][gc,phases      ] GC(127)   JNI Weak                       Min:  0.0, Avg:  0.0, Max:  0.0, Diff:  0.0, Sum:  0.0, Workers: 4
[5848.514s][debug][gc,phases      ] GC(127)     Dead                           Min: 0, Avg:  0.0, Max: 0, Diff: 0, Sum: 0, Workers: 4
[5848.514s][debug][gc,phases      ] GC(127)     Total                          Min: 0, Avg: 13.0, Max: 52, Diff: 52, Sum: 52, Workers: 4
[5848.514s][debug][gc,phases      ] GC(127)   StringDedup Table Weak         Min:  0.0, Avg:  0.0, Max:  0.0, Diff:  0.0, Sum:  0.0, Workers: 4
[5848.514s][debug][gc,phases      ] GC(127)     Dead                           Min: 0, Avg:  0.0, Max: 0, Diff: 0, Sum: 0, Workers: 4
[5848.514s][debug][gc,phases      ] GC(127)     Total                          Min: 0, Avg:  0.0, Max: 0, Diff: 0, Sum: 0, Workers: 4
[5848.514s][debug][gc,phases      ] GC(127)   StringDedup Requests0 Weak     Min:  0.0, Avg:  0.0, Max:  0.0, Diff:  0.0, Sum:  0.0, Workers: 4
[5848.514s][debug][gc,phases      ] GC(127)     Dead                           Min: 0, Avg:  0.0, Max: 0, Diff: 0, Sum: 0, Workers: 4
[5848.514s][debug][gc,phases      ] GC(127)     Total                          Min: 0, Avg:  0.0, Max: 0, Diff: 0, Sum: 0, Workers: 4
[5848.514s][debug][gc,phases      ] GC(127)   StringDedup Requests1 Weak     Min:  0.0, Avg:  0.0, Max:  0.0, Diff:  0.0, Sum:  0.0, Workers: 4
[5848.514s][debug][gc,phases      ] GC(127)     Dead                           Min: 0, Avg:  0.0, Max: 0, Diff: 0, Sum: 0, Workers: 4
[5848.514s][debug][gc,phases      ] GC(127)     Total                          Min: 0, Avg:  0.0, Max: 0, Diff: 0, Sum: 0, Workers: 4
[5848.514s][debug][gc,phases      ] GC(127)   Weak JFR Old Object Samples    Min:  0.0, Avg:  0.0, Max:  0.0, Diff:  0.0, Sum:  0.0, Workers: 4
[5848.514s][debug][gc,phases      ] GC(127)     Dead                           Min: 0, Avg:  0.0, Max: 0, Diff: 0, Sum: 0, Workers: 4
[5848.514s][debug][gc,phases      ] GC(127)     Total                          Min: 0, Avg:  0.0, Max: 0, Diff: 0, Sum: 0, Workers: 4
[5848.514s][debug][gc,phases      ] GC(127) Weak Processing 0.462ms
[5848.514s][debug][gc,age         ] GC(127) Desired survivor size 17825792 bytes, new threshold 1 (max threshold 15)
[5848.514s][info ][gc,heap        ] GC(127) PSYoungGen: 2075707K(2081280K)->11906K(2078208K) Eden: 2065920K(2065920K)->0K(2062336K) From: 9787K(15360K)->11906K(15872K)
[5848.514s][info ][gc,heap        ] GC(127) ParOldGen: 580801K(581120K)->587277K(587776K)
[5848.514s][info ][gc,metaspace   ] GC(127) Metaspace: 111779K(113152K)->111779K(113152K) NonClass: 95162K(95936K)->95162K(95936K) Class: 16616K(17216K)->16616K(17216K)
[5848.514s][info ][gc             ] GC(127) Pause Young (Allocation Failure) 2594M->585M(2603M) 10.366ms
[5848.514s][info ][gc,cpu         ] GC(127) User=0.04s Sys=0.00s Real=0.01s
[5848.514s][info ][safepoint      ] Safepoint "ParallelGCFailedAllocation", Time since last: 450038660 ns, Reaching safepoint: 8300 ns, Cleanup: 4700 ns, At safepoint: 10462906 ns, Total: 10475906 ns
[5850.514s][info ][safepoint      ] Safepoint "Cleanup", Time since last: 2000165868 ns, Reaching safepoint: 9800 ns, Cleanup: 23801 ns, At safepoint: 2600 ns, Total: 36201 ns
[5851.515s][info ][safepoint      ] Safepoint "Cleanup", Time since last: 1000120134 ns, Reaching safepoint: 8400 ns, Cleanup: 17600 ns, At safepoint: 3300 ns, Total: 29300 ns
[5854.515s][info ][safepoint      ] Safepoint "Cleanup", Time since last: 3000260102 ns, Reaching safepoint: 8800 ns, Cleanup: 11801 ns, At safepoint: 3500 ns, Total: 24101 ns
[5856.515s][info ][safepoint      ] Safepoint "Cleanup", Time since last: 2000187839 ns, Reaching safepoint: 9500 ns, Cleanup: 11800 ns, At safepoint: 29000 ns, Total: 50300 ns
[5857.515s][info ][safepoint      ] Safepoint "Cleanup", Time since last: 1000114593 ns, Reaching safepoint: 8300 ns, Cleanup: 15300 ns, At safepoint: 2900 ns, Total: 26500 ns
[5858.641s][info ][gc,start       ] GC(128) Pause Young (Allocation Failure)
[5858.666s][debug][gc,phases      ] GC(128) Scavenge 24.724ms
[5858.666s][debug][gc,ref         ] GC(128) ReferenceProcessor::execute queues: 1, RefProcThreadModel::Single, marks_oops_alive: false
[5858.666s][debug][gc,ref         ] GC(128) Skipped KeepAliveFinalRefsPhase of Reference Processing: no references
[5858.666s][debug][gc,ref         ] GC(128) ReferenceProcessor::execute queues: 1, RefProcThreadModel::Single, marks_oops_alive: false
[5858.666s][debug][gc,phases      ] GC(128) Reference Processing 0.116ms
[5858.666s][debug][gc,phases      ] GC(128)   VM Weak                        Min:  0.0, Avg:  0.0, Max:  0.0, Diff:  0.0, Sum:  0.0, Workers: 4
[5858.666s][debug][gc,phases      ] GC(128)     Dead                           Min: 0, Avg:  0.0, Max: 0, Diff: 0, Sum: 0, Workers: 4
[5858.666s][debug][gc,phases      ] GC(128)     Total                          Min: 0, Avg: 260.2, Max: 896, Diff: 896, Sum: 1041, Workers: 4
[5858.666s][debug][gc,phases      ] GC(128)   ObjectSynchronizer Weak        Min:  0.0, Avg:  0.0, Max:  0.0, Diff:  0.0, Sum:  0.0, Workers: 4
[5858.666s][debug][gc,phases      ] GC(128)     Dead                           Min: 0, Avg:  0.0, Max: 0, Diff: 0, Sum: 0, Workers: 4
[5858.666s][debug][gc,phases      ] GC(128)     Total                          Min: 0, Avg:  1.0, Max: 4, Diff: 4, Sum: 4, Workers: 4
[5858.666s][debug][gc,phases      ] GC(128)   JVMTI Tag Weak OopStorage      Min:  0.0, Avg:  0.0, Max:  0.0, Diff:  0.0, Sum:  0.0, Workers: 4
[5858.666s][debug][gc,phases      ] GC(128)     Dead                           Min: 0, Avg:  0.0, Max: 0, Diff: 0, Sum: 0, Workers: 4
[5858.666s][debug][gc,phases      ] GC(128)     Total                          Min: 0, Avg:  0.0, Max: 0, Diff: 0, Sum: 0, Workers: 4
[5858.666s][debug][gc,phases      ] GC(128)   StringTable Weak               Min:  0.0, Avg:  0.1, Max:  0.2, Diff:  0.2, Sum:  0.5, Workers: 4
[5858.666s][debug][gc,phases      ] GC(128)     Dead                           Min: 0, Avg:  0.0, Max: 0, Diff: 0, Sum: 0, Workers: 4
[5858.666s][debug][gc,phases      ] GC(128)     Total                          Min: 0, Avg: 11983.8, Max: 16768, Diff: 16768, Sum: 47935, Workers: 4
[5858.666s][debug][gc,phases      ] GC(128)   ResolvedMethodTable Weak       Min:  0.0, Avg:  0.0, Max:  0.1, Diff:  0.1, Sum:  0.2, Workers: 4
[5858.666s][debug][gc,phases      ] GC(128)     Dead                           Min: 0, Avg:  4.0, Max: 16, Diff: 16, Sum: 16, Workers: 4
[5858.666s][debug][gc,phases      ] GC(128)     Total                          Min: 0, Avg: 3938.0, Max: 5847, Diff: 5847, Sum: 15752, Workers: 4
[5858.666s][debug][gc,phases      ] GC(128)   JNI Weak                       Min:  0.0, Avg:  0.0, Max:  0.0, Diff:  0.0, Sum:  0.0, Workers: 4
[5858.666s][debug][gc,phases      ] GC(128)     Dead                           Min: 0, Avg:  0.0, Max: 0, Diff: 0, Sum: 0, Workers: 4
[5858.666s][debug][gc,phases      ] GC(128)     Total                          Min: 0, Avg: 13.0, Max: 52, Diff: 52, Sum: 52, Workers: 4
[5858.666s][debug][gc,phases      ] GC(128)   StringDedup Table Weak         Min:  0.0, Avg:  0.0, Max:  0.0, Diff:  0.0, Sum:  0.0, Workers: 4
[5858.666s][debug][gc,phases      ] GC(128)     Dead                           Min: 0, Avg:  0.0, Max: 0, Diff: 0, Sum: 0, Workers: 4
[5858.666s][debug][gc,phases      ] GC(128)     Total                          Min: 0, Avg:  0.0, Max: 0, Diff: 0, Sum: 0, Workers: 4
[5858.666s][debug][gc,phases      ] GC(128)   StringDedup Requests0 Weak     Min:  0.0, Avg:  0.0, Max:  0.0, Diff:  0.0, Sum:  0.0, Workers: 4
[5858.666s][debug][gc,phases      ] GC(128)     Dead                           Min: 0, Avg:  0.0, Max: 0, Diff: 0, Sum: 0, Workers: 4
[5858.666s][debug][gc,phases      ] GC(128)     Total                          Min: 0, Avg:  0.0, Max: 0, Diff: 0, Sum: 0, Workers: 4
[5858.666s][debug][gc,phases      ] GC(128)   StringDedup Requests1 Weak     Min:  0.0, Avg:  0.0, Max:  0.0, Diff:  0.0, Sum:  0.0, Workers: 4
[5858.666s][debug][gc,phases      ] GC(128)     Dead                           Min: 0, Avg:  0.0, Max: 0, Diff: 0, Sum: 0, Workers: 4
[5858.666s][debug][gc,phases      ] GC(128)     Total                          Min: 0, Avg:  0.0, Max: 0, Diff: 0, Sum: 0, Workers: 4
[5858.666s][debug][gc,phases      ] GC(128)   Weak JFR Old Object Samples    Min:  0.0, Avg:  0.0, Max:  0.0, Diff:  0.0, Sum:  0.0, Workers: 4
[5858.666s][debug][gc,phases      ] GC(128)     Dead                           Min: 0, Avg:  0.0, Max: 0, Diff: 0, Sum: 0, Workers: 4
[5858.666s][debug][gc,phases      ] GC(128)     Total                          Min: 0, Avg:  0.0, Max: 0, Diff: 0, Sum: 0, Workers: 4
[5858.666s][debug][gc,phases      ] GC(128) Weak Processing 0.465ms
[5858.666s][debug][gc,age         ] GC(128) Desired survivor size 33554432 bytes, new threshold 1 (max threshold 15)
[5858.666s][info ][gc,heap        ] GC(128) PSYoungGen: 2074242K(2078208K)->17376K(2079744K) Eden: 2062336K(2062336K)->0K(2062336K) From: 11906K(15872K)->17376K(17408K)
[5858.666s][info ][gc,heap        ] GC(128) ParOldGen: 587277K(587776K)->620796K(621056K)
[5858.667s][info ][gc,metaspace   ] GC(128) Metaspace: 111784K(113152K)->111784K(113152K) NonClass: 95168K(95936K)->95168K(95936K) Class: 16616K(17216K)->16616K(17216K)
[5858.667s][info ][gc             ] GC(128) Pause Young (Allocation Failure) 2599M->623M(2637M) 25.453ms
[5858.667s][info ][gc,cpu         ] GC(128) User=0.08s Sys=0.01s Real=0.02s
[5858.667s][info ][safepoint      ] Safepoint "ParallelGCFailedAllocation", Time since last: 1125824461 ns, Reaching safepoint: 10500 ns, Cleanup: 4700 ns, At safepoint: 25551858 ns, Total: 25567058 ns
[5860.667s][info ][safepoint      ] Safepoint "Cleanup", Time since last: 2000169584 ns, Reaching safepoint: 8100 ns, Cleanup: 11300 ns, At safepoint: 2500 ns, Total: 21900 ns
[5865.667s][info ][safepoint      ] Safepoint "Cleanup", Time since last: 5000396971 ns, Reaching safepoint: 8000 ns, Cleanup: 12000 ns, At safepoint: 2800 ns, Total: 22800 ns
[5866.667s][info ][safepoint      ] Safepoint "Cleanup", Time since last: 1000117471 ns, Reaching safepoint: 8800 ns, Cleanup: 13801 ns, At safepoint: 2600 ns, Total: 25201 ns
[5868.668s][info ][safepoint      ] Safepoint "Cleanup", Time since last: 2000188941 ns, Reaching safepoint: 8100 ns, Cleanup: 10100 ns, At safepoint: 2900 ns, Total: 21100 ns
[5870.668s][info ][safepoint      ] Safepoint "Cleanup", Time since last: 2000202742 ns, Reaching safepoint: 8900 ns, Cleanup: 10000 ns, At safepoint: 3000 ns, Total: 21900 ns
[5874.668s][info ][safepoint      ] Safepoint "Cleanup", Time since last: 4000313249 ns, Reaching safepoint: 7600 ns, Cleanup: 14100 ns, At safepoint: 2600 ns, Total: 24300 ns
[5875.668s][info ][safepoint      ] Safepoint "Cleanup", Time since last: 1000104965 ns, Reaching safepoint: 8900 ns, Cleanup: 12200 ns, At safepoint: 2800 ns, Total: 23900 ns
[5877.668s][info ][safepoint      ] Safepoint "Cleanup", Time since last: 2000185031 ns, Reaching safepoint: 8100 ns, Cleanup: 10800 ns, At safepoint: 2700 ns, Total: 21600 ns
[5883.304s][info ][gc,start       ] GC(129) Pause Young (Allocation Failure)
[5883.315s][debug][gc,phases      ] GC(129) Scavenge 10.818ms
[5883.315s][debug][gc,ref         ] GC(129) ReferenceProcessor::execute queues: 1, RefProcThreadModel::Single, marks_oops_alive: false
[5883.315s][debug][gc,ref         ] GC(129) Skipped KeepAliveFinalRefsPhase of Reference Processing: no references
[5883.315s][debug][gc,ref         ] GC(129) ReferenceProcessor::execute queues: 1, RefProcThreadModel::Single, marks_oops_alive: false
[5883.315s][debug][gc,phases      ] GC(129) Reference Processing 0.119ms
[5883.315s][debug][gc,phases      ] GC(129)   VM Weak                        Min:  0.0, Avg:  0.0, Max:  0.0, Diff:  0.0, Sum:  0.0, Workers: 4
[5883.315s][debug][gc,phases      ] GC(129)     Dead                           Min: 0, Avg:  0.0, Max: 0, Diff: 0, Sum: 0, Workers: 4
[5883.315s][debug][gc,phases      ] GC(129)     Total                          Min: 0, Avg: 260.2, Max: 529, Diff: 529, Sum: 1041, Workers: 4
[5883.315s][debug][gc,phases      ] GC(129)   ObjectSynchronizer Weak        Min:  0.0, Avg:  0.0, Max:  0.0, Diff:  0.0, Sum:  0.0, Workers: 4
[5883.315s][debug][gc,phases      ] GC(129)     Dead                           Min: 0, Avg:  0.0, Max: 0, Diff: 0, Sum: 0, Workers: 4
[5883.315s][debug][gc,phases      ] GC(129)     Total                          Min: 0, Avg:  1.0, Max: 4, Diff: 4, Sum: 4, Workers: 4
[5883.315s][debug][gc,phases      ] GC(129)   JVMTI Tag Weak OopStorage      Min:  0.0, Avg:  0.0, Max:  0.0, Diff:  0.0, Sum:  0.0, Workers: 4
[5883.315s][debug][gc,phases      ] GC(129)     Dead                           Min: 0, Avg:  0.0, Max: 0, Diff: 0, Sum: 0, Workers: 4
[5883.315s][debug][gc,phases      ] GC(129)     Total                          Min: 0, Avg:  0.0, Max: 0, Diff: 0, Sum: 0, Workers: 4
[5883.315s][debug][gc,phases      ] GC(129)   StringTable Weak               Min:  0.0, Avg:  0.1, Max:  0.2, Diff:  0.2, Sum:  0.5, Workers: 4
[5883.315s][debug][gc,phases      ] GC(129)     Dead                           Min: 0, Avg:  0.0, Max: 0, Diff: 0, Sum: 0, Workers: 4
[5883.315s][debug][gc,phases      ] GC(129)     Total                          Min: 0, Avg: 11984.5, Max: 16640, Diff: 16640, Sum: 47938, Workers: 4
[5883.315s][debug][gc,phases      ] GC(129)   ResolvedMethodTable Weak       Min:  0.0, Avg:  0.0, Max:  0.1, Diff:  0.1, Sum:  0.2, Workers: 4
[5883.316s][debug][gc,phases      ] GC(129)     Dead                           Min: 0, Avg:  4.0, Max: 16, Diff: 16, Sum: 16, Workers: 4
[5883.316s][debug][gc,phases      ] GC(129)     Total                          Min: 0, Avg: 3938.0, Max: 5860, Diff: 5860, Sum: 15752, Workers: 4
[5883.316s][debug][gc,phases      ] GC(129)   JNI Weak                       Min:  0.0, Avg:  0.0, Max:  0.0, Diff:  0.0, Sum:  0.0, Workers: 4
[5883.316s][debug][gc,phases      ] GC(129)     Dead                           Min: 0, Avg:  0.0, Max: 0, Diff: 0, Sum: 0, Workers: 4
[5883.316s][debug][gc,phases      ] GC(129)     Total                          Min: 0, Avg: 13.0, Max: 52, Diff: 52, Sum: 52, Workers: 4
[5883.316s][debug][gc,phases      ] GC(129)   StringDedup Table Weak         Min:  0.0, Avg:  0.0, Max:  0.0, Diff:  0.0, Sum:  0.0, Workers: 4
[5883.316s][debug][gc,phases      ] GC(129)     Dead                           Min: 0, Avg:  0.0, Max: 0, Diff: 0, Sum: 0, Workers: 4
[5883.316s][debug][gc,phases      ] GC(129)     Total                          Min: 0, Avg:  0.0, Max: 0, Diff: 0, Sum: 0, Workers: 4
[5883.316s][debug][gc,phases      ] GC(129)   StringDedup Requests0 Weak     Min:  0.0, Avg:  0.0, Max:  0.0, Diff:  0.0, Sum:  0.0, Workers: 4
[5883.316s][debug][gc,phases      ] GC(129)     Dead                           Min: 0, Avg:  0.0, Max: 0, Diff: 0, Sum: 0, Workers: 4
[5883.316s][debug][gc,phases      ] GC(129)     Total                          Min: 0, Avg:  0.0, Max: 0, Diff: 0, Sum: 0, Workers: 4
[5883.316s][debug][gc,phases      ] GC(129)   StringDedup Requests1 Weak     Min:  0.0, Avg:  0.0, Max:  0.0, Diff:  0.0, Sum:  0.0, Workers: 4
[5883.316s][debug][gc,phases      ] GC(129)     Dead                           Min: 0, Avg:  0.0, Max: 0, Diff: 0, Sum: 0, Workers: 4
[5883.316s][debug][gc,phases      ] GC(129)     Total                          Min: 0, Avg:  0.0, Max: 0, Diff: 0, Sum: 0, Workers: 4
[5883.316s][debug][gc,phases      ] GC(129)   Weak JFR Old Object Samples    Min:  0.0, Avg:  0.0, Max:  0.0, Diff:  0.0, Sum:  0.0, Workers: 4
[5883.316s][debug][gc,phases      ] GC(129)     Dead                           Min: 0, Avg:  0.0, Max: 0, Diff: 0, Sum: 0, Workers: 4
[5883.316s][debug][gc,phases      ] GC(129)     Total                          Min: 0, Avg:  0.0, Max: 0, Diff: 0, Sum: 0, Workers: 4
[5883.316s][debug][gc,phases      ] GC(129) Weak Processing 0.479ms
[5883.316s][debug][gc,age         ] GC(129) Desired survivor size 31981568 bytes, new threshold 1 (max threshold 15)
[5883.316s][info ][gc,heap        ] GC(129) PSYoungGen: 2079712K(2079744K)->5472K(2052096K) Eden: 2062336K(2062336K)->0K(2034688K) From: 17376K(17408K)->5472K(17408K)
[5883.316s][info ][gc,heap        ] GC(129) ParOldGen: 620796K(621056K)->637860K(637952K)
[5883.316s][info ][gc,metaspace   ] GC(129) Metaspace: 111789K(113152K)->111789K(113152K) NonClass: 95172K(95936K)->95172K(95936K) Class: 16616K(17216K)->16616K(17216K)
[5883.316s][info ][gc             ] GC(129) Pause Young (Allocation Failure) 2637M->628M(2627M) 11.587ms
[5883.316s][info ][gc,cpu         ] GC(129) User=0.04s Sys=0.00s Real=0.01s
[5883.316s][info ][safepoint      ] Safepoint "ParallelGCFailedAllocation", Time since last: 5635514073 ns, Reaching safepoint: 79601 ns, Cleanup: 4600 ns, At safepoint: 11711615 ns, Total: 11795816 ns
[5884.316s][info ][safepoint      ] Safepoint "Cleanup", Time since last: 1000090502 ns, Reaching safepoint: 86301 ns, Cleanup: 9600 ns, At safepoint: 12100 ns, Total: 108001 ns
[5885.316s][info ][safepoint      ] Safepoint "Cleanup", Time since last: 1000117703 ns, Reaching safepoint: 8900 ns, Cleanup: 12300 ns, At safepoint: 2800 ns, Total: 24000 ns
[5905.318s][info ][safepoint      ] Safepoint "Cleanup", Time since last: 20001920277 ns, Reaching safepoint: 8700 ns, Cleanup: 15200 ns, At safepoint: 2900 ns, Total: 26800 ns
[5910.654s][info ][gc,start       ] GC(130) Pause Young (Allocation Failure)
[5910.660s][debug][gc,phases      ] GC(130) Scavenge 6.582ms
[5910.661s][debug][gc,ref         ] GC(130) ReferenceProcessor::execute queues: 1, RefProcThreadModel::Single, marks_oops_alive: false
[5910.661s][debug][gc,ref         ] GC(130) Skipped KeepAliveFinalRefsPhase of Reference Processing: no references
[5910.661s][debug][gc,ref         ] GC(130) Skipped PhantomRefsPhase of Reference Processing: no references
[5910.661s][debug][gc,phases      ] GC(130) Reference Processing 0.111ms
[5910.661s][debug][gc,phases      ] GC(130)   VM Weak                        Min:  0.0, Avg:  0.0, Max:  0.0, Diff:  0.0, Sum:  0.0, Workers: 4
[5910.661s][debug][gc,phases      ] GC(130)     Dead                           Min: 0, Avg:  0.0, Max: 0, Diff: 0, Sum: 0, Workers: 4
[5910.661s][debug][gc,phases      ] GC(130)     Total                          Min: 0, Avg: 260.2, Max: 529, Diff: 529, Sum: 1041, Workers: 4
[5910.661s][debug][gc,phases      ] GC(130)   ObjectSynchronizer Weak        Min:  0.0, Avg:  0.0, Max:  0.0, Diff:  0.0, Sum:  0.0, Workers: 4
[5910.661s][debug][gc,phases      ] GC(130)     Dead                           Min: 0, Avg:  0.0, Max: 0, Diff: 0, Sum: 0, Workers: 4
[5910.661s][debug][gc,phases      ] GC(130)     Total                          Min: 0, Avg:  1.0, Max: 4, Diff: 4, Sum: 4, Workers: 4
[5910.661s][debug][gc,phases      ] GC(130)   JVMTI Tag Weak OopStorage      Min:  0.0, Avg:  0.0, Max:  0.0, Diff:  0.0, Sum:  0.0, Workers: 4
[5910.661s][debug][gc,phases      ] GC(130)     Dead                           Min: 0, Avg:  0.0, Max: 0, Diff: 0, Sum: 0, Workers: 4
[5910.661s][debug][gc,phases      ] GC(130)     Total                          Min: 0, Avg:  0.0, Max: 0, Diff: 0, Sum: 0, Workers: 4
[5910.661s][debug][gc,phases      ] GC(130)   StringTable Weak               Min:  0.0, Avg:  0.1, Max:  0.2, Diff:  0.2, Sum:  0.5, Workers: 4
[5910.661s][debug][gc,phases      ] GC(130)     Dead                           Min: 0, Avg:  0.0, Max: 0, Diff: 0, Sum: 0, Workers: 4
[5910.661s][debug][gc,phases      ] GC(130)     Total                          Min: 0, Avg: 11984.5, Max: 16512, Diff: 16512, Sum: 47938, Workers: 4
[5910.661s][debug][gc,phases      ] GC(130)   ResolvedMethodTable Weak       Min:  0.0, Avg:  0.0, Max:  0.1, Diff:  0.1, Sum:  0.2, Workers: 4
[5910.661s][debug][gc,phases      ] GC(130)     Dead                           Min: 0, Avg:  4.0, Max: 16, Diff: 16, Sum: 16, Workers: 4
[5910.661s][debug][gc,phases      ] GC(130)     Total                          Min: 0, Avg: 3938.0, Max: 5598, Diff: 5598, Sum: 15752, Workers: 4
[5910.661s][debug][gc,phases      ] GC(130)   JNI Weak                       Min:  0.0, Avg:  0.0, Max:  0.0, Diff:  0.0, Sum:  0.0, Workers: 4
[5910.661s][debug][gc,phases      ] GC(130)     Dead                           Min: 0, Avg:  0.0, Max: 0, Diff: 0, Sum: 0, Workers: 4
[5910.661s][debug][gc,phases      ] GC(130)     Total                          Min: 0, Avg: 13.0, Max: 52, Diff: 52, Sum: 52, Workers: 4
[5910.661s][debug][gc,phases      ] GC(130)   StringDedup Table Weak         Min:  0.0, Avg:  0.0, Max:  0.0, Diff:  0.0, Sum:  0.0, Workers: 4
[5910.661s][debug][gc,phases      ] GC(130)     Dead                           Min: 0, Avg:  0.0, Max: 0, Diff: 0, Sum: 0, Workers: 4
[5910.661s][debug][gc,phases      ] GC(130)     Total                          Min: 0, Avg:  0.0, Max: 0, Diff: 0, Sum: 0, Workers: 4
[5910.661s][debug][gc,phases      ] GC(130)   StringDedup Requests0 Weak     Min:  0.0, Avg:  0.0, Max:  0.0, Diff:  0.0, Sum:  0.0, Workers: 4
[5910.661s][debug][gc,phases      ] GC(130)     Dead                           Min: 0, Avg:  0.0, Max: 0, Diff: 0, Sum: 0, Workers: 4
[5910.661s][debug][gc,phases      ] GC(130)     Total                          Min: 0, Avg:  0.0, Max: 0, Diff: 0, Sum: 0, Workers: 4
[5910.661s][debug][gc,phases      ] GC(130)   StringDedup Requests1 Weak     Min:  0.0, Avg:  0.0, Max:  0.0, Diff:  0.0, Sum:  0.0, Workers: 4
[5910.661s][debug][gc,phases      ] GC(130)     Dead                           Min: 0, Avg:  0.0, Max: 0, Diff: 0, Sum: 0, Workers: 4
[5910.661s][debug][gc,phases      ] GC(130)     Total                          Min: 0, Avg:  0.0, Max: 0, Diff: 0, Sum: 0, Workers: 4
[5910.661s][debug][gc,phases      ] GC(130)   Weak JFR Old Object Samples    Min:  0.0, Avg:  0.0, Max:  0.0, Diff:  0.0, Sum:  0.0, Workers: 4
[5910.661s][debug][gc,phases      ] GC(130)     Dead                           Min: 0, Avg:  0.0, Max: 0, Diff: 0, Sum: 0, Workers: 4
[5910.661s][debug][gc,phases      ] GC(130)     Total                          Min: 0, Avg:  0.0, Max: 0, Diff: 0, Sum: 0, Workers: 4
[5910.661s][debug][gc,phases      ] GC(130) Weak Processing 0.451ms
[5910.661s][debug][gc,age         ] GC(130) Desired survivor size 30932992 bytes, new threshold 1 (max threshold 15)
[5910.661s][info ][gc,heap        ] GC(130) PSYoungGen: 2040160K(2052096K)->4480K(2065920K) Eden: 2034688K(2034688K)->0K(2034688K) From: 5472K(17408K)->4480K(31232K)
[5910.661s][info ][gc,heap        ] GC(130) ParOldGen: 637860K(637952K)->640705K(641024K)
[5910.661s][info ][gc,metaspace   ] GC(130) Metaspace: 111794K(113152K)->111794K(113152K) NonClass: 95178K(95936K)->95178K(95936K) Class: 16616K(17216K)->16616K(17216K)
[5910.661s][info ][gc             ] GC(130) Pause Young (Allocation Failure) 2615M->630M(2643M) 7.290ms
[5910.661s][info ][gc,cpu         ] GC(130) User=0.01s Sys=0.00s Real=0.01s
[5910.661s][info ][safepoint      ] Safepoint "ParallelGCFailedAllocation", Time since last: 5335665356 ns, Reaching safepoint: 80201 ns, Cleanup: 4500 ns, At safepoint: 7389874 ns, Total: 7474575 ns
[5923.662s][info ][safepoint      ] Safepoint "Cleanup", Time since last: 13000982796 ns, Reaching safepoint: 85800 ns, Cleanup: 9601 ns, At safepoint: 6200 ns, Total: 101601 ns
[5928.663s][info ][safepoint      ] Safepoint "Cleanup", Time since last: 5000406863 ns, Reaching safepoint: 5906 ns, Cleanup: 29828 ns, At safepoint: 2603 ns, Total: 38337 ns
[5929.663s][info ][safepoint      ] Safepoint "Cleanup", Time since last: 1000112159 ns, Reaching safepoint: 83901 ns, Cleanup: 7400 ns, At safepoint: 6600 ns, Total: 97901 ns
[5930.663s][info ][safepoint      ] Safepoint "Cleanup", Time since last: 1000107560 ns, Reaching safepoint: 7900 ns, Cleanup: 10900 ns, At safepoint: 2300 ns, Total: 21100 ns
[5932.663s][info ][safepoint      ] Safepoint "Cleanup", Time since last: 2000180719 ns, Reaching safepoint: 7400 ns, Cleanup: 11400 ns, At safepoint: 2600 ns, Total: 21400 ns
[5934.663s][info ][safepoint      ] Safepoint "Cleanup", Time since last: 2000174819 ns, Reaching safepoint: 7500 ns, Cleanup: 9800 ns, At safepoint: 2700 ns, Total: 20000 ns
[5940.101s][info ][gc,start       ] GC(131) Pause Young (Allocation Failure)
[5940.105s][debug][gc,phases      ] GC(131) Scavenge 4.464ms
[5940.106s][debug][gc,ref         ] GC(131) ReferenceProcessor::execute queues: 1, RefProcThreadModel::Single, marks_oops_alive: false
[5940.106s][debug][gc,ref         ] GC(131) Skipped KeepAliveFinalRefsPhase of Reference Processing: no references
[5940.106s][debug][gc,ref         ] GC(131) Skipped PhantomRefsPhase of Reference Processing: no references
[5940.106s][debug][gc,phases      ] GC(131) Reference Processing 0.117ms
[5940.106s][debug][gc,phases      ] GC(131)   VM Weak                        Min:  0.0, Avg:  0.0, Max:  0.0, Diff:  0.0, Sum:  0.0, Workers: 4
[5940.106s][debug][gc,phases      ] GC(131)     Dead                           Min: 0, Avg:  0.0, Max: 0, Diff: 0, Sum: 0, Workers: 4
[5940.106s][debug][gc,phases      ] GC(131)     Total                          Min: 0, Avg: 260.2, Max: 657, Diff: 657, Sum: 1041, Workers: 4
[5940.106s][debug][gc,phases      ] GC(131)   ObjectSynchronizer Weak        Min:  0.0, Avg:  0.0, Max:  0.0, Diff:  0.0, Sum:  0.0, Workers: 4
[5940.106s][debug][gc,phases      ] GC(131)     Dead                           Min: 0, Avg:  0.0, Max: 0, Diff: 0, Sum: 0, Workers: 4
[5940.106s][debug][gc,phases      ] GC(131)     Total                          Min: 0, Avg:  1.0, Max: 4, Diff: 4, Sum: 4, Workers: 4
[5940.106s][debug][gc,phases      ] GC(131)   JVMTI Tag Weak OopStorage      Min:  0.0, Avg:  0.0, Max:  0.0, Diff:  0.0, Sum:  0.0, Workers: 4
[5940.106s][debug][gc,phases      ] GC(131)     Dead                           Min: 0, Avg:  0.0, Max: 0, Diff: 0, Sum: 0, Workers: 4
[5940.106s][debug][gc,phases      ] GC(131)     Total                          Min: 0, Avg:  0.0, Max: 0, Diff: 0, Sum: 0, Workers: 4
[5940.106s][debug][gc,phases      ] GC(131)   StringTable Weak               Min:  0.0, Avg:  0.1, Max:  0.2, Diff:  0.2, Sum:  0.5, Workers: 4
[5940.106s][debug][gc,phases      ] GC(131)     Dead                           Min: 0, Avg:  0.0, Max: 0, Diff: 0, Sum: 0, Workers: 4
[5940.106s][debug][gc,phases      ] GC(131)     Total                          Min: 0, Avg: 11984.5, Max: 16384, Diff: 16384, Sum: 47938, Workers: 4
[5940.106s][debug][gc,phases      ] GC(131)   ResolvedMethodTable Weak       Min:  0.0, Avg:  0.0, Max:  0.1, Diff:  0.1, Sum:  0.2, Workers: 4
[5940.106s][debug][gc,phases      ] GC(131)     Dead                           Min: 0, Avg:  4.0, Max: 16, Diff: 16, Sum: 16, Workers: 4
[5940.106s][debug][gc,phases      ] GC(131)     Total                          Min: 0, Avg: 3938.0, Max: 5289, Diff: 5289, Sum: 15752, Workers: 4
[5940.106s][debug][gc,phases      ] GC(131)   JNI Weak                       Min:  0.0, Avg:  0.0, Max:  0.0, Diff:  0.0, Sum:  0.0, Workers: 4
[5940.106s][debug][gc,phases      ] GC(131)     Dead                           Min: 0, Avg:  0.0, Max: 0, Diff: 0, Sum: 0, Workers: 4
[5940.106s][debug][gc,phases      ] GC(131)     Total                          Min: 0, Avg: 13.0, Max: 52, Diff: 52, Sum: 52, Workers: 4
[5940.106s][debug][gc,phases      ] GC(131)   StringDedup Table Weak         Min:  0.0, Avg:  0.0, Max:  0.0, Diff:  0.0, Sum:  0.0, Workers: 4
[5940.106s][debug][gc,phases      ] GC(131)     Dead                           Min: 0, Avg:  0.0, Max: 0, Diff: 0, Sum: 0, Workers: 4
[5940.106s][debug][gc,phases      ] GC(131)     Total                          Min: 0, Avg:  0.0, Max: 0, Diff: 0, Sum: 0, Workers: 4
[5940.106s][debug][gc,phases      ] GC(131)   StringDedup Requests0 Weak     Min:  0.0, Avg:  0.0, Max:  0.0, Diff:  0.0, Sum:  0.0, Workers: 4
[5940.106s][debug][gc,phases      ] GC(131)     Dead                           Min: 0, Avg:  0.0, Max: 0, Diff: 0, Sum: 0, Workers: 4
[5940.106s][debug][gc,phases      ] GC(131)     Total                          Min: 0, Avg:  0.0, Max: 0, Diff: 0, Sum: 0, Workers: 4
[5940.106s][debug][gc,phases      ] GC(131)   StringDedup Requests1 Weak     Min:  0.0, Avg:  0.0, Max:  0.0, Diff:  0.0, Sum:  0.0, Workers: 4
[5940.106s][debug][gc,phases      ] GC(131)     Dead                           Min: 0, Avg:  0.0, Max: 0, Diff: 0, Sum: 0, Workers: 4
[5940.106s][debug][gc,phases      ] GC(131)     Total                          Min: 0, Avg:  0.0, Max: 0, Diff: 0, Sum: 0, Workers: 4
[5940.106s][debug][gc,phases      ] GC(131)   Weak JFR Old Object Samples    Min:  0.0, Avg:  0.0, Max:  0.0, Diff:  0.0, Sum:  0.0, Workers: 4
[5940.106s][debug][gc,phases      ] GC(131)     Dead                           Min: 0, Avg:  0.0, Max: 0, Diff: 0, Sum: 0, Workers: 4
[5940.106s][debug][gc,phases      ] GC(131)     Total                          Min: 0, Avg:  0.0, Max: 0, Diff: 0, Sum: 0, Workers: 4
[5940.106s][debug][gc,phases      ] GC(131) Weak Processing 0.465ms
[5940.106s][debug][gc,age         ] GC(131) Desired survivor size 29884416 bytes, new threshold 1 (max threshold 15)
[5940.106s][info ][gc,heap        ] GC(131) PSYoungGen: 2039168K(2065920K)->4208K(2067968K) Eden: 2034688K(2034688K)->0K(2037760K) From: 4480K(31232K)->4208K(30208K)
[5940.106s][info ][gc,heap        ] GC(131) ParOldGen: 640705K(641024K)->642537K(642560K)
[5940.106s][info ][gc,metaspace   ] GC(131) Metaspace: 111810K(113152K)->111810K(113152K) NonClass: 95194K(95936K)->95194K(95936K) Class: 16616K(17216K)->16616K(17216K)
[5940.106s][info ][gc             ] GC(131) Pause Young (Allocation Failure) 2617M->631M(2647M) 5.297ms
[5940.106s][info ][gc,cpu         ] GC(131) User=0.02s Sys=0.00s Real=0.00s
[5940.106s][info ][safepoint      ] Safepoint "ParallelGCFailedAllocation", Time since last: 5437275931 ns, Reaching safepoint: 8401 ns, Cleanup: 10301 ns, At safepoint: 5380628 ns, Total: 5399330 ns
[5948.086s][info ][safepoint      ] Safepoint "Cleanup", Time since last: 7979652417 ns, Reaching safepoint: 10901 ns, Cleanup: 17201 ns, At safepoint: 3700 ns, Total: 31802 ns
[5971.102s][info ][gc,start       ] GC(132) Pause Young (Allocation Failure)
[5971.107s][debug][gc,phases      ] GC(132) Scavenge 4.372ms
[5971.107s][debug][gc,ref         ] GC(132) ReferenceProcessor::execute queues: 1, RefProcThreadModel::Single, marks_oops_alive: false
[5971.107s][debug][gc,ref         ] GC(132) Skipped KeepAliveFinalRefsPhase of Reference Processing: no references
[5971.107s][debug][gc,ref         ] GC(132) Skipped PhantomRefsPhase of Reference Processing: no references
[5971.107s][debug][gc,phases      ] GC(132) Reference Processing 0.119ms
[5971.107s][debug][gc,phases      ] GC(132)   VM Weak                        Min:  0.0, Avg:  0.0, Max:  0.0, Diff:  0.0, Sum:  0.0, Workers: 4
[5971.107s][debug][gc,phases      ] GC(132)     Dead                           Min: 0, Avg:  0.0, Max: 0, Diff: 0, Sum: 0, Workers: 4
[5971.107s][debug][gc,phases      ] GC(132)     Total                          Min: 0, Avg: 260.2, Max: 1024, Diff: 1024, Sum: 1041, Workers: 4
[5971.107s][debug][gc,phases      ] GC(132)   ObjectSynchronizer Weak        Min:  0.0, Avg:  0.0, Max:  0.0, Diff:  0.0, Sum:  0.0, Workers: 4
[5971.107s][debug][gc,phases      ] GC(132)     Dead                           Min: 0, Avg:  0.0, Max: 0, Diff: 0, Sum: 0, Workers: 4
[5971.107s][debug][gc,phases      ] GC(132)     Total                          Min: 0, Avg:  1.0, Max: 4, Diff: 4, Sum: 4, Workers: 4
[5971.107s][debug][gc,phases      ] GC(132)   JVMTI Tag Weak OopStorage      Min:  0.0, Avg:  0.0, Max:  0.0, Diff:  0.0, Sum:  0.0, Workers: 4
[5971.107s][debug][gc,phases      ] GC(132)     Dead                           Min: 0, Avg:  0.0, Max: 0, Diff: 0, Sum: 0, Workers: 4
[5971.107s][debug][gc,phases      ] GC(132)     Total                          Min: 0, Avg:  0.0, Max: 0, Diff: 0, Sum: 0, Workers: 4
[5971.107s][debug][gc,phases      ] GC(132)   StringTable Weak               Min:  0.0, Avg:  0.1, Max:  0.2, Diff:  0.2, Sum:  0.5, Workers: 4
[5971.107s][debug][gc,phases      ] GC(132)     Dead                           Min: 0, Avg:  0.0, Max: 0, Diff: 0, Sum: 0, Workers: 4
[5971.107s][debug][gc,phases      ] GC(132)     Total                          Min: 0, Avg: 11984.5, Max: 16258, Diff: 16258, Sum: 47938, Workers: 4
[5971.107s][debug][gc,phases      ] GC(132)   ResolvedMethodTable Weak       Min:  0.0, Avg:  0.0, Max:  0.1, Diff:  0.1, Sum:  0.2, Workers: 4
[5971.107s][debug][gc,phases      ] GC(132)     Dead                           Min: 0, Avg:  4.0, Max: 16, Diff: 16, Sum: 16, Workers: 4
[5971.107s][debug][gc,phases      ] GC(132)     Total                          Min: 0, Avg: 3938.0, Max: 5482, Diff: 5482, Sum: 15752, Workers: 4
[5971.107s][debug][gc,phases      ] GC(132)   JNI Weak                       Min:  0.0, Avg:  0.0, Max:  0.0, Diff:  0.0, Sum:  0.0, Workers: 4
[5971.107s][debug][gc,phases      ] GC(132)     Dead                           Min: 0, Avg:  0.0, Max: 0, Diff: 0, Sum: 0, Workers: 4
[5971.107s][debug][gc,phases      ] GC(132)     Total                          Min: 0, Avg: 13.0, Max: 52, Diff: 52, Sum: 52, Workers: 4
[5971.107s][debug][gc,phases      ] GC(132)   StringDedup Table Weak         Min:  0.0, Avg:  0.0, Max:  0.0, Diff:  0.0, Sum:  0.0, Workers: 4
[5971.107s][debug][gc,phases      ] GC(132)     Dead                           Min: 0, Avg:  0.0, Max: 0, Diff: 0, Sum: 0, Workers: 4
[5971.107s][debug][gc,phases      ] GC(132)     Total                          Min: 0, Avg:  0.0, Max: 0, Diff: 0, Sum: 0, Workers: 4
[5971.107s][debug][gc,phases      ] GC(132)   StringDedup Requests0 Weak     Min:  0.0, Avg:  0.0, Max:  0.0, Diff:  0.0, Sum:  0.0, Workers: 4
[5971.107s][debug][gc,phases      ] GC(132)     Dead                           Min: 0, Avg:  0.0, Max: 0, Diff: 0, Sum: 0, Workers: 4
[5971.107s][debug][gc,phases      ] GC(132)     Total                          Min: 0, Avg:  0.0, Max: 0, Diff: 0, Sum: 0, Workers: 4
[5971.108s][debug][gc,phases      ] GC(132)   StringDedup Requests1 Weak     Min:  0.0, Avg:  0.0, Max:  0.0, Diff:  0.0, Sum:  0.0, Workers: 4
[5971.108s][debug][gc,phases      ] GC(132)     Dead                           Min: 0, Avg:  0.0, Max: 0, Diff: 0, Sum: 0, Workers: 4
[5971.108s][debug][gc,phases      ] GC(132)     Total                          Min: 0, Avg:  0.0, Max: 0, Diff: 0, Sum: 0, Workers: 4
[5971.108s][debug][gc,phases      ] GC(132)   Weak JFR Old Object Samples    Min:  0.0, Avg:  0.0, Max:  0.0, Diff:  0.0, Sum:  0.0, Workers: 4
[5971.108s][debug][gc,phases      ] GC(132)     Dead                           Min: 0, Avg:  0.0, Max: 0, Diff: 0, Sum: 0, Workers: 4
[5971.108s][debug][gc,phases      ] GC(132)     Total                          Min: 0, Avg:  0.0, Max: 0, Diff: 0, Sum: 0, Workers: 4
[5971.108s][debug][gc,phases      ] GC(132) Weak Processing 0.473ms
[5971.108s][debug][gc,age         ] GC(132) Desired survivor size 28835840 bytes, new threshold 1 (max threshold 15)
[5971.108s][info ][gc,heap        ] GC(132) PSYoungGen: 2041968K(2067968K)->4784K(2066944K) Eden: 2037760K(2037760K)->0K(2037760K) From: 4208K(30208K)->4784K(29184K)
[5971.108s][info ][gc,heap        ] GC(132) ParOldGen: 642537K(642560K)->643874K(644096K)
[5971.108s][info ][gc,metaspace   ] GC(132) Metaspace: 111812K(113152K)->111812K(113152K) NonClass: 95195K(95936K)->95195K(95936K) Class: 16616K(17216K)->16616K(17216K)
[5971.108s][info ][gc             ] GC(132) Pause Young (Allocation Failure) 2621M->633M(2647M) 5.105ms
[5971.108s][info ][gc,cpu         ] GC(132) User=0.02s Sys=0.00s Real=0.00s
[5971.108s][info ][safepoint      ] Safepoint "ParallelGCFailedAllocation", Time since last: 23016618312 ns, Reaching safepoint: 7300 ns, Cleanup: 4600 ns, At safepoint: 5212319 ns, Total: 5224219 ns
[5974.108s][info ][safepoint      ] Safepoint "Cleanup", Time since last: 3000221700 ns, Reaching safepoint: 80906 ns, Cleanup: 8701 ns, At safepoint: 9901 ns, Total: 99508 ns
[5982.109s][info ][safepoint      ] Safepoint "Cleanup", Time since last: 8000638047 ns, Reaching safepoint: 85606 ns, Cleanup: 10001 ns, At safepoint: 7600 ns, Total: 103207 ns
[5983.109s][info ][safepoint      ] Safepoint "Cleanup", Time since last: 1000139189 ns, Reaching safepoint: 83006 ns, Cleanup: 15401 ns, At safepoint: 7100 ns, Total: 105507 ns
[5993.110s][info ][safepoint      ] Safepoint "Cleanup", Time since last: 10000804628 ns, Reaching safepoint: 79403 ns, Cleanup: 9700 ns, At safepoint: 5800 ns, Total: 94903 ns
[5997.673s][info ][gc,start       ] GC(133) Pause Young (Allocation Failure)
[5997.680s][debug][gc,phases      ] GC(133) Scavenge 6.187ms
[5997.680s][debug][gc,ref         ] GC(133) ReferenceProcessor::execute queues: 1, RefProcThreadModel::Single, marks_oops_alive: false
[5997.680s][debug][gc,ref         ] GC(133) Skipped KeepAliveFinalRefsPhase of Reference Processing: no references
[5997.680s][debug][gc,ref         ] GC(133) Skipped PhantomRefsPhase of Reference Processing: no references
[5997.680s][debug][gc,phases      ] GC(133) Reference Processing 0.119ms
[5997.680s][debug][gc,phases      ] GC(133)   VM Weak                        Min:  0.0, Avg:  0.0, Max:  0.0, Diff:  0.0, Sum:  0.0, Workers: 4
[5997.680s][debug][gc,phases      ] GC(133)     Dead                           Min: 0, Avg:  0.0, Max: 0, Diff: 0, Sum: 0, Workers: 4
[5997.680s][debug][gc,phases      ] GC(133)     Total                          Min: 0, Avg: 260.2, Max: 785, Diff: 785, Sum: 1041, Workers: 4
[5997.680s][debug][gc,phases      ] GC(133)   ObjectSynchronizer Weak        Min:  0.0, Avg:  0.0, Max:  0.0, Diff:  0.0, Sum:  0.0, Workers: 4
[5997.680s][debug][gc,phases      ] GC(133)     Dead                           Min: 0, Avg:  0.0, Max: 0, Diff: 0, Sum: 0, Workers: 4
[5997.680s][debug][gc,phases      ] GC(133)     Total                          Min: 0, Avg:  1.0, Max: 4, Diff: 4, Sum: 4, Workers: 4
[5997.680s][debug][gc,phases      ] GC(133)   JVMTI Tag Weak OopStorage      Min:  0.0, Avg:  0.0, Max:  0.0, Diff:  0.0, Sum:  0.0, Workers: 4
[5997.680s][debug][gc,phases      ] GC(133)     Dead                           Min: 0, Avg:  0.0, Max: 0, Diff: 0, Sum: 0, Workers: 4
[5997.680s][debug][gc,phases      ] GC(133)     Total                          Min: 0, Avg:  0.0, Max: 0, Diff: 0, Sum: 0, Workers: 4
[5997.680s][debug][gc,phases      ] GC(133)   StringTable Weak               Min:  0.0, Avg:  0.1, Max:  0.2, Diff:  0.2, Sum:  0.5, Workers: 4
[5997.680s][debug][gc,phases      ] GC(133)     Dead                           Min: 0, Avg:  0.0, Max: 0, Diff: 0, Sum: 0, Workers: 4
[5997.680s][debug][gc,phases      ] GC(133)     Total                          Min: 0, Avg: 11984.5, Max: 16512, Diff: 16512, Sum: 47938, Workers: 4
[5997.680s][debug][gc,phases      ] GC(133)   ResolvedMethodTable Weak       Min:  0.0, Avg:  0.0, Max:  0.1, Diff:  0.1, Sum:  0.2, Workers: 4
[5997.680s][debug][gc,phases      ] GC(133)     Dead                           Min: 0, Avg:  4.0, Max: 16, Diff: 16, Sum: 16, Workers: 4
[5997.680s][debug][gc,phases      ] GC(133)     Total                          Min: 0, Avg: 3938.0, Max: 5787, Diff: 5787, Sum: 15752, Workers: 4
[5997.680s][debug][gc,phases      ] GC(133)   JNI Weak                       Min:  0.0, Avg:  0.0, Max:  0.0, Diff:  0.0, Sum:  0.0, Workers: 4
[5997.680s][debug][gc,phases      ] GC(133)     Dead                           Min: 0, Avg:  0.0, Max: 0, Diff: 0, Sum: 0, Workers: 4
[5997.680s][debug][gc,phases      ] GC(133)     Total                          Min: 0, Avg: 13.0, Max: 52, Diff: 52, Sum: 52, Workers: 4
[5997.680s][debug][gc,phases      ] GC(133)   StringDedup Table Weak         Min:  0.0, Avg:  0.0, Max:  0.0, Diff:  0.0, Sum:  0.0, Workers: 4
[5997.680s][debug][gc,phases      ] GC(133)     Dead                           Min: 0, Avg:  0.0, Max: 0, Diff: 0, Sum: 0, Workers: 4
[5997.680s][debug][gc,phases      ] GC(133)     Total                          Min: 0, Avg:  0.0, Max: 0, Diff: 0, Sum: 0, Workers: 4
[5997.680s][debug][gc,phases      ] GC(133)   StringDedup Requests0 Weak     Min:  0.0, Avg:  0.0, Max:  0.0, Diff:  0.0, Sum:  0.0, Workers: 4
[5997.680s][debug][gc,phases      ] GC(133)     Dead                           Min: 0, Avg:  0.0, Max: 0, Diff: 0, Sum: 0, Workers: 4
[5997.680s][debug][gc,phases      ] GC(133)     Total                          Min: 0, Avg:  0.0, Max: 0, Diff: 0, Sum: 0, Workers: 4
[5997.680s][debug][gc,phases      ] GC(133)   StringDedup Requests1 Weak     Min:  0.0, Avg:  0.0, Max:  0.0, Diff:  0.0, Sum:  0.0, Workers: 4
[5997.680s][debug][gc,phases      ] GC(133)     Dead                           Min: 0, Avg:  0.0, Max: 0, Diff: 0, Sum: 0, Workers: 4
[5997.680s][debug][gc,phases      ] GC(133)     Total                          Min: 0, Avg:  0.0, Max: 0, Diff: 0, Sum: 0, Workers: 4
[5997.680s][debug][gc,phases      ] GC(133)   Weak JFR Old Object Samples    Min:  0.0, Avg:  0.0, Max:  0.0, Diff:  0.0, Sum:  0.0, Workers: 4
[5997.680s][debug][gc,phases      ] GC(133)     Dead                           Min: 0, Avg:  0.0, Max: 0, Diff: 0, Sum: 0, Workers: 4
[5997.680s][debug][gc,phases      ] GC(133)     Total                          Min: 0, Avg:  0.0, Max: 0, Diff: 0, Sum: 0, Workers: 4
[5997.680s][debug][gc,phases      ] GC(133) Weak Processing 0.453ms
[5997.680s][debug][gc,age         ] GC(133) Desired survivor size 27262976 bytes, new threshold 1 (max threshold 15)
[5997.680s][info ][gc,heap        ] GC(133) PSYoungGen: 2042544K(2066944K)->5712K(2070528K) Eden: 2037760K(2037760K)->0K(2042368K) From: 4784K(29184K)->5712K(28160K)
[5997.680s][info ][gc,heap        ] GC(133) ParOldGen: 643874K(644096K)->645402K(645632K)
[5997.680s][info ][gc,metaspace   ] GC(133) Metaspace: 111820K(113152K)->111820K(113152K) NonClass: 95204K(95936K)->95204K(95936K) Class: 16616K(17216K)->16616K(17216K)
[5997.680s][info ][gc             ] GC(133) Pause Young (Allocation Failure) 2623M->635M(2652M) 6.931ms
[5997.680s][info ][gc,cpu         ] GC(133) User=0.01s Sys=0.01s Real=0.01s
[5997.680s][info ][safepoint      ] Safepoint "ParallelGCFailedAllocation", Time since last: 4563545833 ns, Reaching safepoint: 9400 ns, Cleanup: 3901 ns, At safepoint: 7019869 ns, Total: 7033170 ns
[5999.681s][info ][safepoint      ] Safepoint "Cleanup", Time since last: 2000180159 ns, Reaching safepoint: 80705 ns, Cleanup: 11501 ns, At safepoint: 8501 ns, Total: 100707 ns
[6008.108s][info ][safepoint      ] Safepoint "Cleanup", Time since last: 8426924770 ns, Reaching safepoint: 126607 ns, Cleanup: 14000 ns, At safepoint: 10401 ns, Total: 151008 ns
[6014.108s][info ][safepoint      ] Safepoint "Cleanup", Time since last: 6000550200 ns, Reaching safepoint: 86405 ns, Cleanup: 14001 ns, At safepoint: 8101 ns, Total: 108507 ns
[6015.109s][info ][safepoint      ] Safepoint "Cleanup", Time since last: 1000141424 ns, Reaching safepoint: 87105 ns, Cleanup: 12001 ns, At safepoint: 7901 ns, Total: 107007 ns
[6017.678s][info ][gc,start       ] GC(134) Pause Young (Allocation Failure)
[6017.689s][debug][gc,phases      ] GC(134) Scavenge 11.264ms
[6017.689s][debug][gc,ref         ] GC(134) ReferenceProcessor::execute queues: 1, RefProcThreadModel::Single, marks_oops_alive: false
[6017.689s][debug][gc,ref         ] GC(134) Skipped KeepAliveFinalRefsPhase of Reference Processing: no references
[6017.689s][debug][gc,ref         ] GC(134) ReferenceProcessor::execute queues: 1, RefProcThreadModel::Single, marks_oops_alive: false
[6017.689s][debug][gc,phases      ] GC(134) Reference Processing 0.119ms
[6017.690s][debug][gc,phases      ] GC(134)   VM Weak                        Min:  0.0, Avg:  0.0, Max:  0.0, Diff:  0.0, Sum:  0.0, Workers: 4
[6017.690s][debug][gc,phases      ] GC(134)     Dead                           Min: 0, Avg:  0.0, Max: 0, Diff: 0, Sum: 0, Workers: 4
[6017.690s][debug][gc,phases      ] GC(134)     Total                          Min: 0, Avg: 260.2, Max: 704, Diff: 704, Sum: 1041, Workers: 4
[6017.690s][debug][gc,phases      ] GC(134)   ObjectSynchronizer Weak        Min:  0.0, Avg:  0.0, Max:  0.0, Diff:  0.0, Sum:  0.0, Workers: 4
[6017.690s][debug][gc,phases      ] GC(134)     Dead                           Min: 0, Avg:  0.0, Max: 0, Diff: 0, Sum: 0, Workers: 4
[6017.690s][debug][gc,phases      ] GC(134)     Total                          Min: 0, Avg:  1.0, Max: 4, Diff: 4, Sum: 4, Workers: 4
[6017.690s][debug][gc,phases      ] GC(134)   JVMTI Tag Weak OopStorage      Min:  0.0, Avg:  0.0, Max:  0.0, Diff:  0.0, Sum:  0.0, Workers: 4
[6017.690s][debug][gc,phases      ] GC(134)     Dead                           Min: 0, Avg:  0.0, Max: 0, Diff: 0, Sum: 0, Workers: 4
[6017.690s][debug][gc,phases      ] GC(134)     Total                          Min: 0, Avg:  0.0, Max: 0, Diff: 0, Sum: 0, Workers: 4
[6017.690s][debug][gc,phases      ] GC(134)   StringTable Weak               Min:  0.0, Avg:  0.1, Max:  0.2, Diff:  0.2, Sum:  0.5, Workers: 4
[6017.690s][debug][gc,phases      ] GC(134)     Dead                           Min: 0, Avg:  0.0, Max: 0, Diff: 0, Sum: 0, Workers: 4
[6017.690s][debug][gc,phases      ] GC(134)     Total                          Min: 0, Avg: 11984.5, Max: 16320, Diff: 16320, Sum: 47938, Workers: 4
[6017.690s][debug][gc,phases      ] GC(134)   ResolvedMethodTable Weak       Min:  0.0, Avg:  0.0, Max:  0.1, Diff:  0.1, Sum:  0.2, Workers: 4
[6017.690s][debug][gc,phases      ] GC(134)     Dead                           Min: 0, Avg:  4.0, Max: 16, Diff: 16, Sum: 16, Workers: 4
[6017.690s][debug][gc,phases      ] GC(134)     Total                          Min: 0, Avg: 3938.0, Max: 5641, Diff: 5641, Sum: 15752, Workers: 4
[6017.690s][debug][gc,phases      ] GC(134)   JNI Weak                       Min:  0.0, Avg:  0.0, Max:  0.0, Diff:  0.0, Sum:  0.0, Workers: 4
[6017.690s][debug][gc,phases      ] GC(134)     Dead                           Min: 0, Avg:  0.0, Max: 0, Diff: 0, Sum: 0, Workers: 4
[6017.690s][debug][gc,phases      ] GC(134)     Total                          Min: 0, Avg: 13.0, Max: 52, Diff: 52, Sum: 52, Workers: 4
[6017.690s][debug][gc,phases      ] GC(134)   StringDedup Table Weak         Min:  0.0, Avg:  0.0, Max:  0.0, Diff:  0.0, Sum:  0.0, Workers: 4
[6017.690s][debug][gc,phases      ] GC(134)     Dead                           Min: 0, Avg:  0.0, Max: 0, Diff: 0, Sum: 0, Workers: 4
[6017.690s][debug][gc,phases      ] GC(134)     Total                          Min: 0, Avg:  0.0, Max: 0, Diff: 0, Sum: 0, Workers: 4
[6017.690s][debug][gc,phases      ] GC(134)   StringDedup Requests0 Weak     Min:  0.0, Avg:  0.0, Max:  0.0, Diff:  0.0, Sum:  0.0, Workers: 4
[6017.690s][debug][gc,phases      ] GC(134)     Dead                           Min: 0, Avg:  0.0, Max: 0, Diff: 0, Sum: 0, Workers: 4
[6017.690s][debug][gc,phases      ] GC(134)     Total                          Min: 0, Avg:  0.0, Max: 0, Diff: 0, Sum: 0, Workers: 4
[6017.690s][debug][gc,phases      ] GC(134)   StringDedup Requests1 Weak     Min:  0.0, Avg:  0.0, Max:  0.0, Diff:  0.0, Sum:  0.0, Workers: 4
[6017.690s][debug][gc,phases      ] GC(134)     Dead                           Min: 0, Avg:  0.0, Max: 0, Diff: 0, Sum: 0, Workers: 4
[6017.690s][debug][gc,phases      ] GC(134)     Total                          Min: 0, Avg:  0.0, Max: 0, Diff: 0, Sum: 0, Workers: 4
[6017.690s][debug][gc,phases      ] GC(134)   Weak JFR Old Object Samples    Min:  0.0, Avg:  0.0, Max:  0.0, Diff:  0.0, Sum:  0.0, Workers: 4
[6017.690s][debug][gc,phases      ] GC(134)     Dead                           Min: 0, Avg:  0.0, Max: 0, Diff: 0, Sum: 0, Workers: 4
[6017.690s][debug][gc,phases      ] GC(134)     Total                          Min: 0, Avg:  0.0, Max: 0, Diff: 0, Sum: 0, Workers: 4
[6017.690s][debug][gc,phases      ] GC(134) Weak Processing 0.465ms
[6017.690s][debug][gc,age         ] GC(134) Desired survivor size 29360128 bytes, new threshold 1 (max threshold 15)
[6017.690s][info ][gc,heap        ] GC(134) PSYoungGen: 2048080K(2070528K)->18336K(2060800K) Eden: 2042368K(2042368K)->0K(2042368K) From: 5712K(28160K)->18336K(18432K)
[6017.690s][info ][gc,heap        ] GC(134) ParOldGen: 645402K(645632K)->647678K(647680K)
[6017.690s][info ][gc,metaspace   ] GC(134) Metaspace: 111839K(113216K)->111839K(113216K) NonClass: 95222K(96000K)->95222K(96000K) Class: 16616K(17216K)->16616K(17216K)
[6017.690s][info ][gc             ] GC(134) Pause Young (Allocation Failure) 2630M->650M(2645M) 11.992ms
[6017.690s][info ][gc,cpu         ] GC(134) User=0.04s Sys=0.00s Real=0.01s
[6017.690s][info ][safepoint      ] Safepoint "ParallelGCFailedAllocation", Time since last: 2569140559 ns, Reaching safepoint: 8401 ns, Cleanup: 4100 ns, At safepoint: 12083098 ns, Total: 12095599 ns
[6022.690s][info ][safepoint      ] Safepoint "Cleanup", Time since last: 5000367914 ns, Reaching safepoint: 8900 ns, Cleanup: 11001 ns, At safepoint: 2600 ns, Total: 22501 ns
[6026.691s][info ][safepoint      ] Safepoint "Cleanup", Time since last: 4000319748 ns, Reaching safepoint: 10600 ns, Cleanup: 11601 ns, At safepoint: 3300 ns, Total: 25501 ns
[6027.691s][info ][safepoint      ] Safepoint "Cleanup", Time since last: 1000118472 ns, Reaching safepoint: 8101 ns, Cleanup: 11000 ns, At safepoint: 2900 ns, Total: 22001 ns
[6030.691s][info ][safepoint      ] Safepoint "Cleanup", Time since last: 3000263403 ns, Reaching safepoint: 9400 ns, Cleanup: 11401 ns, At safepoint: 2700 ns, Total: 23501 ns
[6033.691s][info ][safepoint      ] Safepoint "Cleanup", Time since last: 3000270893 ns, Reaching safepoint: 7600 ns, Cleanup: 8801 ns, At safepoint: 3000 ns, Total: 19401 ns
[6040.692s][info ][safepoint      ] Safepoint "Cleanup", Time since last: 7000506507 ns, Reaching safepoint: 7900 ns, Cleanup: 9601 ns, At safepoint: 2500 ns, Total: 20001 ns
[6042.432s][info ][gc,start       ] GC(135) Pause Young (Allocation Failure)
[6042.446s][debug][gc,phases      ] GC(135) Scavenge 13.438ms
[6042.446s][debug][gc,ref         ] GC(135) ReferenceProcessor::execute queues: 1, RefProcThreadModel::Single, marks_oops_alive: false
[6042.446s][debug][gc,ref         ] GC(135) Skipped KeepAliveFinalRefsPhase of Reference Processing: no references
[6042.446s][debug][gc,ref         ] GC(135) ReferenceProcessor::execute queues: 1, RefProcThreadModel::Single, marks_oops_alive: false
[6042.446s][debug][gc,phases      ] GC(135) Reference Processing 0.119ms
[6042.446s][debug][gc,phases      ] GC(135)   VM Weak                        Min:  0.0, Avg:  0.0, Max:  0.0, Diff:  0.0, Sum:  0.0, Workers: 4
[6042.446s][debug][gc,phases      ] GC(135)     Dead                           Min: 0, Avg:  0.0, Max: 0, Diff: 0, Sum: 0, Workers: 4
[6042.446s][debug][gc,phases      ] GC(135)     Total                          Min: 0, Avg: 260.2, Max: 576, Diff: 576, Sum: 1041, Workers: 4
[6042.446s][debug][gc,phases      ] GC(135)   ObjectSynchronizer Weak        Min:  0.0, Avg:  0.0, Max:  0.0, Diff:  0.0, Sum:  0.0, Workers: 4
[6042.446s][debug][gc,phases      ] GC(135)     Dead                           Min: 0, Avg:  0.0, Max: 0, Diff: 0, Sum: 0, Workers: 4
[6042.446s][debug][gc,phases      ] GC(135)     Total                          Min: 0, Avg:  1.0, Max: 4, Diff: 4, Sum: 4, Workers: 4
[6042.446s][debug][gc,phases      ] GC(135)   JVMTI Tag Weak OopStorage      Min:  0.0, Avg:  0.0, Max:  0.0, Diff:  0.0, Sum:  0.0, Workers: 4
[6042.446s][debug][gc,phases      ] GC(135)     Dead                           Min: 0, Avg:  0.0, Max: 0, Diff: 0, Sum: 0, Workers: 4
[6042.446s][debug][gc,phases      ] GC(135)     Total                          Min: 0, Avg:  0.0, Max: 0, Diff: 0, Sum: 0, Workers: 4
[6042.446s][debug][gc,phases      ] GC(135)   StringTable Weak               Min:  0.0, Avg:  0.1, Max:  0.2, Diff:  0.2, Sum:  0.5, Workers: 4
[6042.446s][debug][gc,phases      ] GC(135)     Dead                           Min: 0, Avg:  0.0, Max: 0, Diff: 0, Sum: 0, Workers: 4
[6042.446s][debug][gc,phases      ] GC(135)     Total                          Min: 0, Avg: 11984.5, Max: 16642, Diff: 16642, Sum: 47938, Workers: 4
[6042.446s][debug][gc,phases      ] GC(135)   ResolvedMethodTable Weak       Min:  0.0, Avg:  0.0, Max:  0.1, Diff:  0.1, Sum:  0.2, Workers: 4
[6042.446s][debug][gc,phases      ] GC(135)     Dead                           Min: 0, Avg:  4.0, Max: 16, Diff: 16, Sum: 16, Workers: 4
[6042.446s][debug][gc,phases      ] GC(135)     Total                          Min: 0, Avg: 3938.0, Max: 5850, Diff: 5850, Sum: 15752, Workers: 4
[6042.446s][debug][gc,phases      ] GC(135)   JNI Weak                       Min:  0.0, Avg:  0.0, Max:  0.0, Diff:  0.0, Sum:  0.0, Workers: 4
[6042.446s][debug][gc,phases      ] GC(135)     Dead                           Min: 0, Avg:  0.0, Max: 0, Diff: 0, Sum: 0, Workers: 4
[6042.446s][debug][gc,phases      ] GC(135)     Total                          Min: 0, Avg: 13.0, Max: 52, Diff: 52, Sum: 52, Workers: 4
[6042.446s][debug][gc,phases      ] GC(135)   StringDedup Table Weak         Min:  0.0, Avg:  0.0, Max:  0.0, Diff:  0.0, Sum:  0.0, Workers: 4
[6042.446s][debug][gc,phases      ] GC(135)     Dead                           Min: 0, Avg:  0.0, Max: 0, Diff: 0, Sum: 0, Workers: 4
[6042.446s][debug][gc,phases      ] GC(135)     Total                          Min: 0, Avg:  0.0, Max: 0, Diff: 0, Sum: 0, Workers: 4
[6042.446s][debug][gc,phases      ] GC(135)   StringDedup Requests0 Weak     Min:  0.0, Avg:  0.0, Max:  0.0, Diff:  0.0, Sum:  0.0, Workers: 4
[6042.446s][debug][gc,phases      ] GC(135)     Dead                           Min: 0, Avg:  0.0, Max: 0, Diff: 0, Sum: 0, Workers: 4
[6042.446s][debug][gc,phases      ] GC(135)     Total                          Min: 0, Avg:  0.0, Max: 0, Diff: 0, Sum: 0, Workers: 4
[6042.446s][debug][gc,phases      ] GC(135)   StringDedup Requests1 Weak     Min:  0.0, Avg:  0.0, Max:  0.0, Diff:  0.0, Sum:  0.0, Workers: 4
[6042.446s][debug][gc,phases      ] GC(135)     Dead                           Min: 0, Avg:  0.0, Max: 0, Diff: 0, Sum: 0, Workers: 4
[6042.446s][debug][gc,phases      ] GC(135)     Total                          Min: 0, Avg:  0.0, Max: 0, Diff: 0, Sum: 0, Workers: 4
[6042.446s][debug][gc,phases      ] GC(135)   Weak JFR Old Object Samples    Min:  0.0, Avg:  0.0, Max:  0.0, Diff:  0.0, Sum:  0.0, Workers: 4
[6042.446s][debug][gc,phases      ] GC(135)     Dead                           Min: 0, Avg:  0.0, Max: 0, Diff: 0, Sum: 0, Workers: 4
[6042.446s][debug][gc,phases      ] GC(135)     Total                          Min: 0, Avg:  0.0, Max: 0, Diff: 0, Sum: 0, Workers: 4
[6042.446s][debug][gc,phases      ] GC(135) Weak Processing 0.452ms
[6042.446s][debug][gc,age         ] GC(135) Desired survivor size 28311552 bytes, new threshold 1 (max threshold 15)
[6042.446s][info ][gc,heap        ] GC(135) PSYoungGen: 2060704K(2060800K)->4720K(2069504K) Eden: 2042368K(2042368K)->0K(2040832K) From: 18336K(18432K)->4720K(28672K)
[6042.446s][info ][gc,heap        ] GC(135) ParOldGen: 647678K(647680K)->664355K(664576K)
[6042.446s][info ][gc,metaspace   ] GC(135) Metaspace: 111848K(113216K)->111848K(113216K) NonClass: 95231K(96000K)->95231K(96000K) Class: 16616K(17216K)->16616K(17216K)
[6042.446s][info ][gc             ] GC(135) Pause Young (Allocation Failure) 2644M->653M(2670M) 14.168ms
[6042.447s][info ][gc,cpu         ] GC(135) User=0.04s Sys=0.00s Real=0.01s
[6042.447s][info ][safepoint      ] Safepoint "ParallelGCFailedAllocation", Time since last: 1740378005 ns, Reaching safepoint: 7200 ns, Cleanup: 4000 ns, At safepoint: 14255298 ns, Total: 14266498 ns
[6043.447s][info ][safepoint      ] Safepoint "Cleanup", Time since last: 1000088862 ns, Reaching safepoint: 8600 ns, Cleanup: 10601 ns, At safepoint: 2700 ns, Total: 21901 ns
[6048.447s][info ][safepoint      ] Safepoint "Cleanup", Time since last: 5000399894 ns, Reaching safepoint: 7800 ns, Cleanup: 10201 ns, At safepoint: 2400 ns, Total: 20401 ns
[6050.447s][info ][safepoint      ] Safepoint "Cleanup", Time since last: 2000188532 ns, Reaching safepoint: 9201 ns, Cleanup: 10300 ns, At safepoint: 2600 ns, Total: 22101 ns
[6068.960s][info ][gc,start       ] GC(136) Pause Young (Allocation Failure)
[6068.965s][debug][gc,phases      ] GC(136) Scavenge 4.726ms
[6068.965s][debug][gc,ref         ] GC(136) ReferenceProcessor::execute queues: 1, RefProcThreadModel::Single, marks_oops_alive: false
[6068.965s][debug][gc,ref         ] GC(136) Skipped KeepAliveFinalRefsPhase of Reference Processing: no references
[6068.965s][debug][gc,ref         ] GC(136) Skipped PhantomRefsPhase of Reference Processing: no references
[6068.965s][debug][gc,phases      ] GC(136) Reference Processing 0.115ms
[6068.965s][debug][gc,phases      ] GC(136)   VM Weak                        Min:  0.0, Avg:  0.0, Max:  0.0, Diff:  0.0, Sum:  0.0, Workers: 4
[6068.965s][debug][gc,phases      ] GC(136)     Dead                           Min: 0, Avg:  0.0, Max: 0, Diff: 0, Sum: 0, Workers: 4
[6068.965s][debug][gc,phases      ] GC(136)     Total                          Min: 0, Avg: 260.2, Max: 849, Diff: 849, Sum: 1041, Workers: 4
[6068.965s][debug][gc,phases      ] GC(136)   ObjectSynchronizer Weak        Min:  0.0, Avg:  0.0, Max:  0.0, Diff:  0.0, Sum:  0.0, Workers: 4
[6068.965s][debug][gc,phases      ] GC(136)     Dead                           Min: 0, Avg:  0.0, Max: 0, Diff: 0, Sum: 0, Workers: 4
[6068.965s][debug][gc,phases      ] GC(136)     Total                          Min: 0, Avg:  1.0, Max: 4, Diff: 4, Sum: 4, Workers: 4
[6068.965s][debug][gc,phases      ] GC(136)   JVMTI Tag Weak OopStorage      Min:  0.0, Avg:  0.0, Max:  0.0, Diff:  0.0, Sum:  0.0, Workers: 4
[6068.965s][debug][gc,phases      ] GC(136)     Dead                           Min: 0, Avg:  0.0, Max: 0, Diff: 0, Sum: 0, Workers: 4
[6068.965s][debug][gc,phases      ] GC(136)     Total                          Min: 0, Avg:  0.0, Max: 0, Diff: 0, Sum: 0, Workers: 4
[6068.965s][debug][gc,phases      ] GC(136)   StringTable Weak               Min:  0.0, Avg:  0.1, Max:  0.2, Diff:  0.2, Sum:  0.5, Workers: 4
[6068.966s][debug][gc,phases      ] GC(136)     Dead                           Min: 0, Avg:  0.0, Max: 0, Diff: 0, Sum: 0, Workers: 4
[6068.966s][debug][gc,phases      ] GC(136)     Total                          Min: 0, Avg: 11984.5, Max: 16576, Diff: 16576, Sum: 47938, Workers: 4
[6068.966s][debug][gc,phases      ] GC(136)   ResolvedMethodTable Weak       Min:  0.0, Avg:  0.0, Max:  0.1, Diff:  0.1, Sum:  0.2, Workers: 4
[6068.966s][debug][gc,phases      ] GC(136)     Dead                           Min: 0, Avg:  4.0, Max: 16, Diff: 16, Sum: 16, Workers: 4
[6068.966s][debug][gc,phases      ] GC(136)     Total                          Min: 0, Avg: 3938.0, Max: 5719, Diff: 5719, Sum: 15752, Workers: 4
[6068.966s][debug][gc,phases      ] GC(136)   JNI Weak                       Min:  0.0, Avg:  0.0, Max:  0.0, Diff:  0.0, Sum:  0.0, Workers: 4
[6068.966s][debug][gc,phases      ] GC(136)     Dead                           Min: 0, Avg:  0.0, Max: 0, Diff: 0, Sum: 0, Workers: 4
[6068.966s][debug][gc,phases      ] GC(136)     Total                          Min: 0, Avg: 13.0, Max: 52, Diff: 52, Sum: 52, Workers: 4
[6068.966s][debug][gc,phases      ] GC(136)   StringDedup Table Weak         Min:  0.0, Avg:  0.0, Max:  0.0, Diff:  0.0, Sum:  0.0, Workers: 4
[6068.966s][debug][gc,phases      ] GC(136)     Dead                           Min: 0, Avg:  0.0, Max: 0, Diff: 0, Sum: 0, Workers: 4
[6068.966s][debug][gc,phases      ] GC(136)     Total                          Min: 0, Avg:  0.0, Max: 0, Diff: 0, Sum: 0, Workers: 4
[6068.966s][debug][gc,phases      ] GC(136)   StringDedup Requests0 Weak     Min:  0.0, Avg:  0.0, Max:  0.0, Diff:  0.0, Sum:  0.0, Workers: 4
[6068.966s][debug][gc,phases      ] GC(136)     Dead                           Min: 0, Avg:  0.0, Max: 0, Diff: 0, Sum: 0, Workers: 4
[6068.966s][debug][gc,phases      ] GC(136)     Total                          Min: 0, Avg:  0.0, Max: 0, Diff: 0, Sum: 0, Workers: 4
[6068.966s][debug][gc,phases      ] GC(136)   StringDedup Requests1 Weak     Min:  0.0, Avg:  0.0, Max:  0.0, Diff:  0.0, Sum:  0.0, Workers: 4
[6068.966s][debug][gc,phases      ] GC(136)     Dead                           Min: 0, Avg:  0.0, Max: 0, Diff: 0, Sum: 0, Workers: 4
[6068.966s][debug][gc,phases      ] GC(136)     Total                          Min: 0, Avg:  0.0, Max: 0, Diff: 0, Sum: 0, Workers: 4
[6068.966s][debug][gc,phases      ] GC(136)   Weak JFR Old Object Samples    Min:  0.0, Avg:  0.0, Max:  0.0, Diff:  0.0, Sum:  0.0, Workers: 4
[6068.966s][debug][gc,phases      ] GC(136)     Dead                           Min: 0, Avg:  0.0, Max: 0, Diff: 0, Sum: 0, Workers: 4
[6068.966s][debug][gc,phases      ] GC(136)     Total                          Min: 0, Avg:  0.0, Max: 0, Diff: 0, Sum: 0, Workers: 4
[6068.966s][debug][gc,phases      ] GC(136) Weak Processing 0.457ms
[6068.966s][debug][gc,age         ] GC(136) Desired survivor size 27262976 bytes, new threshold 1 (max threshold 15)
[6068.966s][info ][gc,heap        ] GC(136) PSYoungGen: 2045552K(2069504K)->4232K(2068480K) Eden: 2040832K(2040832K)->0K(2040832K) From: 4720K(28672K)->4232K(27648K)
[6068.966s][info ][gc,heap        ] GC(136) ParOldGen: 664355K(664576K)->666179K(666624K)
[6068.966s][info ][gc,metaspace   ] GC(136) Metaspace: 111850K(113216K)->111850K(113216K) NonClass: 95233K(96000K)->95233K(96000K) Class: 16616K(17216K)->16616K(17216K)
[6068.966s][info ][gc             ] GC(136) Pause Young (Allocation Failure) 2646M->654M(2671M) 5.461ms
[6068.966s][info ][gc,cpu         ] GC(136) User=0.01s Sys=0.00s Real=0.00s
[6068.966s][info ][safepoint      ] Safepoint "ParallelGCFailedAllocation", Time since last: 18512874187 ns, Reaching safepoint: 9801 ns, Cleanup: 4900 ns, At safepoint: 5547192 ns, Total: 5561893 ns
[6074.966s][info ][safepoint      ] Safepoint "Cleanup", Time since last: 6000445446 ns, Reaching safepoint: 6600 ns, Cleanup: 10801 ns, At safepoint: 2600 ns, Total: 20001 ns
[6083.967s][info ][safepoint      ] Safepoint "Cleanup", Time since last: 9000698765 ns, Reaching safepoint: 6400 ns, Cleanup: 11100 ns, At safepoint: 2600 ns, Total: 20100 ns
[6087.967s][info ][safepoint      ] Safepoint "Cleanup", Time since last: 4000334604 ns, Reaching safepoint: 9700 ns, Cleanup: 17901 ns, At safepoint: 2900 ns, Total: 30501 ns
[6088.967s][info ][safepoint      ] Safepoint "Cleanup", Time since last: 1000116366 ns, Reaching safepoint: 8700 ns, Cleanup: 11500 ns, At safepoint: 2700 ns, Total: 22900 ns
[6089.968s][info ][safepoint      ] Safepoint "Cleanup", Time since last: 1000120194 ns, Reaching safepoint: 7200 ns, Cleanup: 11601 ns, At safepoint: 2700 ns, Total: 21501 ns
[6090.968s][info ][safepoint      ] Safepoint "Cleanup", Time since last: 1000136994 ns, Reaching safepoint: 7500 ns, Cleanup: 25501 ns, At safepoint: 3100 ns, Total: 36101 ns
[6092.968s][info ][safepoint      ] Safepoint "Cleanup", Time since last: 2000195822 ns, Reaching safepoint: 9001 ns, Cleanup: 12300 ns, At safepoint: 29302 ns, Total: 50603 ns
[6094.602s][info ][gc,start       ] GC(137) Pause Young (Allocation Failure)
[6094.608s][debug][gc,phases      ] GC(137) Scavenge 5.868ms
[6094.608s][debug][gc,ref         ] GC(137) ReferenceProcessor::execute queues: 1, RefProcThreadModel::Single, marks_oops_alive: false
[6094.608s][debug][gc,ref         ] GC(137) Skipped KeepAliveFinalRefsPhase of Reference Processing: no references
[6094.608s][debug][gc,ref         ] GC(137) ReferenceProcessor::execute queues: 1, RefProcThreadModel::Single, marks_oops_alive: false
[6094.608s][debug][gc,phases      ] GC(137) Reference Processing 0.116ms
[6094.609s][debug][gc,phases      ] GC(137)   VM Weak                        Min:  0.0, Avg:  0.0, Max:  0.0, Diff:  0.0, Sum:  0.0, Workers: 4
[6094.609s][debug][gc,phases      ] GC(137)     Dead                           Min: 0, Avg:  0.0, Max: 0, Diff: 0, Sum: 0, Workers: 4
[6094.609s][debug][gc,phases      ] GC(137)     Total                          Min: 0, Avg: 260.2, Max: 529, Diff: 529, Sum: 1041, Workers: 4
[6094.609s][debug][gc,phases      ] GC(137)   ObjectSynchronizer Weak        Min:  0.0, Avg:  0.0, Max:  0.0, Diff:  0.0, Sum:  0.0, Workers: 4
[6094.609s][debug][gc,phases      ] GC(137)     Dead                           Min: 0, Avg:  0.0, Max: 0, Diff: 0, Sum: 0, Workers: 4
[6094.609s][debug][gc,phases      ] GC(137)     Total                          Min: 0, Avg:  1.0, Max: 4, Diff: 4, Sum: 4, Workers: 4
[6094.609s][debug][gc,phases      ] GC(137)   JVMTI Tag Weak OopStorage      Min:  0.0, Avg:  0.0, Max:  0.0, Diff:  0.0, Sum:  0.0, Workers: 4
[6094.609s][debug][gc,phases      ] GC(137)     Dead                           Min: 0, Avg:  0.0, Max: 0, Diff: 0, Sum: 0, Workers: 4
[6094.609s][debug][gc,phases      ] GC(137)     Total                          Min: 0, Avg:  0.0, Max: 0, Diff: 0, Sum: 0, Workers: 4
[6094.609s][debug][gc,phases      ] GC(137)   StringTable Weak               Min:  0.0, Avg:  0.1, Max:  0.2, Diff:  0.2, Sum:  0.5, Workers: 4
[6094.609s][debug][gc,phases      ] GC(137)     Dead                           Min: 0, Avg:  0.0, Max: 0, Diff: 0, Sum: 0, Workers: 4
[6094.609s][debug][gc,phases      ] GC(137)     Total                          Min: 0, Avg: 11984.5, Max: 16320, Diff: 16320, Sum: 47938, Workers: 4
[6094.609s][debug][gc,phases      ] GC(137)   ResolvedMethodTable Weak       Min:  0.0, Avg:  0.0, Max:  0.1, Diff:  0.1, Sum:  0.2, Workers: 4
[6094.609s][debug][gc,phases      ] GC(137)     Dead                           Min: 0, Avg:  4.0, Max: 16, Diff: 16, Sum: 16, Workers: 4
[6094.609s][debug][gc,phases      ] GC(137)     Total                          Min: 0, Avg: 3938.0, Max: 5688, Diff: 5688, Sum: 15752, Workers: 4
[6094.609s][debug][gc,phases      ] GC(137)   JNI Weak                       Min:  0.0, Avg:  0.0, Max:  0.0, Diff:  0.0, Sum:  0.0, Workers: 4
[6094.609s][debug][gc,phases      ] GC(137)     Dead                           Min: 0, Avg:  0.0, Max: 0, Diff: 0, Sum: 0, Workers: 4
[6094.609s][debug][gc,phases      ] GC(137)     Total                          Min: 0, Avg: 13.0, Max: 52, Diff: 52, Sum: 52, Workers: 4
[6094.609s][debug][gc,phases      ] GC(137)   StringDedup Table Weak         Min:  0.0, Avg:  0.0, Max:  0.0, Diff:  0.0, Sum:  0.0, Workers: 4
[6094.609s][debug][gc,phases      ] GC(137)     Dead                           Min: 0, Avg:  0.0, Max: 0, Diff: 0, Sum: 0, Workers: 4
[6094.609s][debug][gc,phases      ] GC(137)     Total                          Min: 0, Avg:  0.0, Max: 0, Diff: 0, Sum: 0, Workers: 4
[6094.609s][debug][gc,phases      ] GC(137)   StringDedup Requests0 Weak     Min:  0.0, Avg:  0.0, Max:  0.0, Diff:  0.0, Sum:  0.0, Workers: 4
[6094.609s][debug][gc,phases      ] GC(137)     Dead                           Min: 0, Avg:  0.0, Max: 0, Diff: 0, Sum: 0, Workers: 4
[6094.609s][debug][gc,phases      ] GC(137)     Total                          Min: 0, Avg:  0.0, Max: 0, Diff: 0, Sum: 0, Workers: 4
[6094.609s][debug][gc,phases      ] GC(137)   StringDedup Requests1 Weak     Min:  0.0, Avg:  0.0, Max:  0.0, Diff:  0.0, Sum:  0.0, Workers: 4
[6094.609s][debug][gc,phases      ] GC(137)     Dead                           Min: 0, Avg:  0.0, Max: 0, Diff: 0, Sum: 0, Workers: 4
[6094.609s][debug][gc,phases      ] GC(137)     Total                          Min: 0, Avg:  0.0, Max: 0, Diff: 0, Sum: 0, Workers: 4
[6094.609s][debug][gc,phases      ] GC(137)   Weak JFR Old Object Samples    Min:  0.0, Avg:  0.0, Max:  0.0, Diff:  0.0, Sum:  0.0, Workers: 4
[6094.609s][debug][gc,phases      ] GC(137)     Dead                           Min: 0, Avg:  0.0, Max: 0, Diff: 0, Sum: 0, Workers: 4
[6094.609s][debug][gc,phases      ] GC(137)     Total                          Min: 0, Avg:  0.0, Max: 0, Diff: 0, Sum: 0, Workers: 4
[6094.609s][debug][gc,phases      ] GC(137) Weak Processing 0.449ms
[6094.609s][debug][gc,age         ] GC(137) Desired survivor size 25690112 bytes, new threshold 1 (max threshold 15)
[6094.609s][info ][gc,heap        ] GC(137) PSYoungGen: 2045064K(2068480K)->6554K(2072064K) Eden: 2040832K(2040832K)->0K(2045440K) From: 4232K(27648K)->6554K(26624K)
[6094.609s][info ][gc,heap        ] GC(137) ParOldGen: 666179K(666624K)->667308K(667648K)
[6094.609s][info ][gc,metaspace   ] GC(137) Metaspace: 111852K(113216K)->111852K(113216K) NonClass: 95236K(96000K)->95236K(96000K) Class: 16616K(17216K)->16616K(17216K)
[6094.609s][info ][gc             ] GC(137) Pause Young (Allocation Failure) 2647M->658M(2675M) 6.579ms
[6094.609s][info ][gc,cpu         ] GC(137) User=0.02s Sys=0.00s Real=0.00s
[6094.609s][info ][safepoint      ] Safepoint "ParallelGCFailedAllocation", Time since last: 1634243954 ns, Reaching safepoint: 82004 ns, Cleanup: 4300 ns, At safepoint: 6669221 ns, Total: 6755525 ns
[6096.609s][info ][safepoint      ] Safepoint "Cleanup", Time since last: 2000155981 ns, Reaching safepoint: 80504 ns, Cleanup: 10500 ns, At safepoint: 6500 ns, Total: 97504 ns
[6102.610s][info ][safepoint      ] Safepoint "Cleanup", Time since last: 6000508045 ns, Reaching safepoint: 87505 ns, Cleanup: 10800 ns, At safepoint: 7500 ns, Total: 105805 ns
[6103.610s][info ][safepoint      ] Safepoint "Cleanup", Time since last: 1000126251 ns, Reaching safepoint: 80904 ns, Cleanup: 9000 ns, At safepoint: 7000 ns, Total: 96904 ns
[6114.611s][info ][safepoint      ] Safepoint "Cleanup", Time since last: 11000854164 ns, Reaching safepoint: 80604 ns, Cleanup: 10200 ns, At safepoint: 6800 ns, Total: 97604 ns
[6123.262s][info ][gc,start       ] GC(138) Pause Young (Allocation Failure)
[6123.268s][debug][gc,phases      ] GC(138) Scavenge 6.023ms
[6123.268s][debug][gc,ref         ] GC(138) ReferenceProcessor::execute queues: 1, RefProcThreadModel::Single, marks_oops_alive: false
[6123.268s][debug][gc,ref         ] GC(138) Skipped KeepAliveFinalRefsPhase of Reference Processing: no references
[6123.268s][debug][gc,ref         ] GC(138) ReferenceProcessor::execute queues: 1, RefProcThreadModel::Single, marks_oops_alive: false
[6123.268s][debug][gc,phases      ] GC(138) Reference Processing 0.119ms
[6123.268s][debug][gc,phases      ] GC(138)   VM Weak                        Min:  0.0, Avg:  0.0, Max:  0.0, Diff:  0.0, Sum:  0.0, Workers: 4
[6123.268s][debug][gc,phases      ] GC(138)     Dead                           Min: 0, Avg:  0.0, Max: 0, Diff: 0, Sum: 0, Workers: 4
[6123.268s][debug][gc,phases      ] GC(138)     Total                          Min: 0, Avg: 260.2, Max: 785, Diff: 785, Sum: 1041, Workers: 4
[6123.268s][debug][gc,phases      ] GC(138)   ObjectSynchronizer Weak        Min:  0.0, Avg:  0.0, Max:  0.0, Diff:  0.0, Sum:  0.0, Workers: 4
[6123.268s][debug][gc,phases      ] GC(138)     Dead                           Min: 0, Avg:  0.0, Max: 0, Diff: 0, Sum: 0, Workers: 4
[6123.268s][debug][gc,phases      ] GC(138)     Total                          Min: 0, Avg:  1.0, Max: 4, Diff: 4, Sum: 4, Workers: 4
[6123.268s][debug][gc,phases      ] GC(138)   JVMTI Tag Weak OopStorage      Min:  0.0, Avg:  0.0, Max:  0.0, Diff:  0.0, Sum:  0.0, Workers: 4
[6123.268s][debug][gc,phases      ] GC(138)     Dead                           Min: 0, Avg:  0.0, Max: 0, Diff: 0, Sum: 0, Workers: 4
[6123.268s][debug][gc,phases      ] GC(138)     Total                          Min: 0, Avg:  0.0, Max: 0, Diff: 0, Sum: 0, Workers: 4
[6123.268s][debug][gc,phases      ] GC(138)   StringTable Weak               Min:  0.0, Avg:  0.1, Max:  0.2, Diff:  0.2, Sum:  0.5, Workers: 4
[6123.268s][debug][gc,phases      ] GC(138)     Dead                           Min: 0, Avg:  0.0, Max: 0, Diff: 0, Sum: 0, Workers: 4
[6123.268s][debug][gc,phases      ] GC(138)     Total                          Min: 0, Avg: 11984.5, Max: 16960, Diff: 16960, Sum: 47938, Workers: 4
[6123.268s][debug][gc,phases      ] GC(138)   ResolvedMethodTable Weak       Min:  0.0, Avg:  0.0, Max:  0.1, Diff:  0.1, Sum:  0.2, Workers: 4
[6123.268s][debug][gc,phases      ] GC(138)     Dead                           Min: 0, Avg:  4.0, Max: 16, Diff: 16, Sum: 16, Workers: 4
[6123.268s][debug][gc,phases      ] GC(138)     Total                          Min: 0, Avg: 3938.0, Max: 5401, Diff: 5401, Sum: 15752, Workers: 4
[6123.268s][debug][gc,phases      ] GC(138)   JNI Weak                       Min:  0.0, Avg:  0.0, Max:  0.0, Diff:  0.0, Sum:  0.0, Workers: 4
[6123.268s][debug][gc,phases      ] GC(138)     Dead                           Min: 0, Avg:  0.0, Max: 0, Diff: 0, Sum: 0, Workers: 4
[6123.268s][debug][gc,phases      ] GC(138)     Total                          Min: 0, Avg: 13.0, Max: 52, Diff: 52, Sum: 52, Workers: 4
[6123.268s][debug][gc,phases      ] GC(138)   StringDedup Table Weak         Min:  0.0, Avg:  0.0, Max:  0.0, Diff:  0.0, Sum:  0.0, Workers: 4
[6123.268s][debug][gc,phases      ] GC(138)     Dead                           Min: 0, Avg:  0.0, Max: 0, Diff: 0, Sum: 0, Workers: 4
[6123.268s][debug][gc,phases      ] GC(138)     Total                          Min: 0, Avg:  0.0, Max: 0, Diff: 0, Sum: 0, Workers: 4
[6123.268s][debug][gc,phases      ] GC(138)   StringDedup Requests0 Weak     Min:  0.0, Avg:  0.0, Max:  0.0, Diff:  0.0, Sum:  0.0, Workers: 4
[6123.268s][debug][gc,phases      ] GC(138)     Dead                           Min: 0, Avg:  0.0, Max: 0, Diff: 0, Sum: 0, Workers: 4
[6123.268s][debug][gc,phases      ] GC(138)     Total                          Min: 0, Avg:  0.0, Max: 0, Diff: 0, Sum: 0, Workers: 4
[6123.268s][debug][gc,phases      ] GC(138)   StringDedup Requests1 Weak     Min:  0.0, Avg:  0.0, Max:  0.0, Diff:  0.0, Sum:  0.0, Workers: 4
[6123.268s][debug][gc,phases      ] GC(138)     Dead                           Min: 0, Avg:  0.0, Max: 0, Diff: 0, Sum: 0, Workers: 4
[6123.268s][debug][gc,phases      ] GC(138)     Total                          Min: 0, Avg:  0.0, Max: 0, Diff: 0, Sum: 0, Workers: 4
[6123.268s][debug][gc,phases      ] GC(138)   Weak JFR Old Object Samples    Min:  0.0, Avg:  0.0, Max:  0.0, Diff:  0.0, Sum:  0.0, Workers: 4
[6123.268s][debug][gc,phases      ] GC(138)     Dead                           Min: 0, Avg:  0.0, Max: 0, Diff: 0, Sum: 0, Workers: 4
[6123.268s][debug][gc,phases      ] GC(138)     Total                          Min: 0, Avg:  0.0, Max: 0, Diff: 0, Sum: 0, Workers: 4
[6123.268s][debug][gc,phases      ] GC(138) Weak Processing 0.465ms
[6123.268s][debug][gc,age         ] GC(138) Desired survivor size 24641536 bytes, new threshold 1 (max threshold 15)
[6123.268s][info ][gc,heap        ] GC(138) PSYoungGen: 2051994K(2072064K)->5104K(2070528K) Eden: 2045440K(2045440K)->0K(2045440K) From: 6554K(26624K)->5104K(25088K)
[6123.268s][info ][gc,heap        ] GC(138) ParOldGen: 667308K(667648K)->670226K(670720K)
[6123.268s][info ][gc,metaspace   ] GC(138) Metaspace: 111855K(113216K)->111855K(113216K) NonClass: 95239K(96000K)->95239K(96000K) Class: 16616K(17216K)->16616K(17216K)
[6123.268s][info ][gc             ] GC(138) Pause Young (Allocation Failure) 2655M->659M(2677M) 6.750ms
[6123.268s][info ][gc,cpu         ] GC(138) User=0.02s Sys=0.00s Real=0.00s
[6123.268s][info ][safepoint      ] Safepoint "ParallelGCFailedAllocation", Time since last: 8650562172 ns, Reaching safepoint: 9900 ns, Cleanup: 5100 ns, At safepoint: 6870621 ns, Total: 6885621 ns
[6130.269s][info ][safepoint      ] Safepoint "Cleanup", Time since last: 7000517175 ns, Reaching safepoint: 7901 ns, Cleanup: 8100 ns, At safepoint: 2900 ns, Total: 18901 ns
[6139.270s][info ][safepoint      ] Safepoint "Cleanup", Time since last: 9000699179 ns, Reaching safepoint: 7901 ns, Cleanup: 10000 ns, At safepoint: 2600 ns, Total: 20501 ns
[6150.202s][info ][gc,start       ] GC(139) Pause Young (Allocation Failure)
[6150.209s][debug][gc,phases      ] GC(139) Scavenge 6.740ms
[6150.209s][debug][gc,ref         ] GC(139) ReferenceProcessor::execute queues: 1, RefProcThreadModel::Single, marks_oops_alive: false
[6150.209s][debug][gc,ref         ] GC(139) Skipped KeepAliveFinalRefsPhase of Reference Processing: no references
[6150.209s][debug][gc,ref         ] GC(139) ReferenceProcessor::execute queues: 1, RefProcThreadModel::Single, marks_oops_alive: false
[6150.209s][debug][gc,phases      ] GC(139) Reference Processing 0.117ms
[6150.209s][debug][gc,phases      ] GC(139)   VM Weak                        Min:  0.0, Avg:  0.0, Max:  0.0, Diff:  0.0, Sum:  0.0, Workers: 4
[6150.209s][debug][gc,phases      ] GC(139)     Dead                           Min: 0, Avg:  0.0, Max: 0, Diff: 0, Sum: 0, Workers: 4
[6150.209s][debug][gc,phases      ] GC(139)     Total                          Min: 0, Avg: 260.2, Max: 849, Diff: 849, Sum: 1041, Workers: 4
[6150.209s][debug][gc,phases      ] GC(139)   ObjectSynchronizer Weak        Min:  0.0, Avg:  0.0, Max:  0.0, Diff:  0.0, Sum:  0.0, Workers: 4
[6150.209s][debug][gc,phases      ] GC(139)     Dead                           Min: 0, Avg:  0.0, Max: 0, Diff: 0, Sum: 0, Workers: 4
[6150.209s][debug][gc,phases      ] GC(139)     Total                          Min: 0, Avg:  1.0, Max: 4, Diff: 4, Sum: 4, Workers: 4
[6150.209s][debug][gc,phases      ] GC(139)   JVMTI Tag Weak OopStorage      Min:  0.0, Avg:  0.0, Max:  0.0, Diff:  0.0, Sum:  0.0, Workers: 4
[6150.209s][debug][gc,phases      ] GC(139)     Dead                           Min: 0, Avg:  0.0, Max: 0, Diff: 0, Sum: 0, Workers: 4
[6150.209s][debug][gc,phases      ] GC(139)     Total                          Min: 0, Avg:  0.0, Max: 0, Diff: 0, Sum: 0, Workers: 4
[6150.209s][debug][gc,phases      ] GC(139)   StringTable Weak               Min:  0.0, Avg:  0.1, Max:  0.1, Diff:  0.1, Sum:  0.4, Workers: 4
[6150.209s][debug][gc,phases      ] GC(139)     Dead                           Min: 0, Avg:  0.0, Max: 0, Diff: 0, Sum: 0, Workers: 4
[6150.209s][debug][gc,phases      ] GC(139)     Total                          Min: 0, Avg: 11984.5, Max: 17794, Diff: 17794, Sum: 47938, Workers: 4
[6150.209s][debug][gc,phases      ] GC(139)   ResolvedMethodTable Weak       Min:  0.0, Avg:  0.0, Max:  0.1, Diff:  0.1, Sum:  0.2, Workers: 4
[6150.209s][debug][gc,phases      ] GC(139)     Dead                           Min: 0, Avg:  4.0, Max: 16, Diff: 16, Sum: 16, Workers: 4
[6150.209s][debug][gc,phases      ] GC(139)     Total                          Min: 0, Avg: 3938.0, Max: 5718, Diff: 5718, Sum: 15752, Workers: 4
[6150.209s][debug][gc,phases      ] GC(139)   JNI Weak                       Min:  0.0, Avg:  0.0, Max:  0.0, Diff:  0.0, Sum:  0.0, Workers: 4
[6150.209s][debug][gc,phases      ] GC(139)     Dead                           Min: 0, Avg:  0.0, Max: 0, Diff: 0, Sum: 0, Workers: 4
[6150.209s][debug][gc,phases      ] GC(139)     Total                          Min: 0, Avg: 13.0, Max: 52, Diff: 52, Sum: 52, Workers: 4
[6150.209s][debug][gc,phases      ] GC(139)   StringDedup Table Weak         Min:  0.0, Avg:  0.0, Max:  0.0, Diff:  0.0, Sum:  0.0, Workers: 4
[6150.209s][debug][gc,phases      ] GC(139)     Dead                           Min: 0, Avg:  0.0, Max: 0, Diff: 0, Sum: 0, Workers: 4
[6150.209s][debug][gc,phases      ] GC(139)     Total                          Min: 0, Avg:  0.0, Max: 0, Diff: 0, Sum: 0, Workers: 4
[6150.209s][debug][gc,phases      ] GC(139)   StringDedup Requests0 Weak     Min:  0.0, Avg:  0.0, Max:  0.0, Diff:  0.0, Sum:  0.0, Workers: 4
[6150.209s][debug][gc,phases      ] GC(139)     Dead                           Min: 0, Avg:  0.0, Max: 0, Diff: 0, Sum: 0, Workers: 4
[6150.209s][debug][gc,phases      ] GC(139)     Total                          Min: 0, Avg:  0.0, Max: 0, Diff: 0, Sum: 0, Workers: 4
[6150.209s][debug][gc,phases      ] GC(139)   StringDedup Requests1 Weak     Min:  0.0, Avg:  0.0, Max:  0.0, Diff:  0.0, Sum:  0.0, Workers: 4
[6150.209s][debug][gc,phases      ] GC(139)     Dead                           Min: 0, Avg:  0.0, Max: 0, Diff: 0, Sum: 0, Workers: 4
[6150.209s][debug][gc,phases      ] GC(139)     Total                          Min: 0, Avg:  0.0, Max: 0, Diff: 0, Sum: 0, Workers: 4
[6150.209s][debug][gc,phases      ] GC(139)   Weak JFR Old Object Samples    Min:  0.0, Avg:  0.0, Max:  0.0, Diff:  0.0, Sum:  0.0, Workers: 4
[6150.209s][debug][gc,phases      ] GC(139)     Dead                           Min: 0, Avg:  0.0, Max: 0, Diff: 0, Sum: 0, Workers: 4
[6150.209s][debug][gc,phases      ] GC(139)     Total                          Min: 0, Avg:  0.0, Max: 0, Diff: 0, Sum: 0, Workers: 4
[6150.209s][debug][gc,phases      ] GC(139) Weak Processing 0.453ms
[6150.209s][debug][gc,age         ] GC(139) Desired survivor size 23068672 bytes, new threshold 1 (max threshold 15)
[6150.209s][info ][gc,heap        ] GC(139) PSYoungGen: 2050544K(2070528K)->6400K(2074624K) Eden: 2045440K(2045440K)->0K(2050560K) From: 5104K(25088K)->6400K(24064K)
[6150.209s][info ][gc,heap        ] GC(139) ParOldGen: 670226K(670720K)->672146K(672256K)
[6150.209s][info ][gc,metaspace   ] GC(139) Metaspace: 111866K(113216K)->111866K(113216K) NonClass: 95250K(96000K)->95250K(96000K) Class: 16616K(17216K)->16616K(17216K)
[6150.209s][info ][gc             ] GC(139) Pause Young (Allocation Failure) 2657M->662M(2682M) 7.457ms
[6150.209s][info ][gc,cpu         ] GC(139) User=0.03s Sys=0.00s Real=0.00s
[6150.210s][info ][safepoint      ] Safepoint "ParallelGCFailedAllocation", Time since last: 10932166816 ns, Reaching safepoint: 81703 ns, Cleanup: 4401 ns, At safepoint: 7548808 ns, Total: 7634912 ns
[6179.212s][info ][safepoint      ] Safepoint "Cleanup", Time since last: 29002223182 ns, Reaching safepoint: 103704 ns, Cleanup: 29201 ns, At safepoint: 6301 ns, Total: 139206 ns
[6179.314s][info ][gc,start       ] GC(140) Pause Young (Allocation Failure)
[6179.319s][debug][gc,phases      ] GC(140) Scavenge 5.586ms
[6179.319s][debug][gc,ref         ] GC(140) ReferenceProcessor::execute queues: 1, RefProcThreadModel::Single, marks_oops_alive: false
[6179.319s][debug][gc,ref         ] GC(140) Skipped KeepAliveFinalRefsPhase of Reference Processing: no references
[6179.319s][debug][gc,ref         ] GC(140) Skipped PhantomRefsPhase of Reference Processing: no references
[6179.319s][debug][gc,phases      ] GC(140) Reference Processing 0.113ms
[6179.320s][debug][gc,phases      ] GC(140)   VM Weak                        Min:  0.0, Avg:  0.0, Max:  0.0, Diff:  0.0, Sum:  0.0, Workers: 4
[6179.320s][debug][gc,phases      ] GC(140)     Dead                           Min: 0, Avg:  0.0, Max: 0, Diff: 0, Sum: 0, Workers: 4
[6179.320s][debug][gc,phases      ] GC(140)     Total                          Min: 0, Avg: 260.2, Max: 448, Diff: 448, Sum: 1041, Workers: 4
[6179.320s][debug][gc,phases      ] GC(140)   ObjectSynchronizer Weak        Min:  0.0, Avg:  0.0, Max:  0.0, Diff:  0.0, Sum:  0.0, Workers: 4
[6179.320s][debug][gc,phases      ] GC(140)     Dead                           Min: 0, Avg:  0.0, Max: 0, Diff: 0, Sum: 0, Workers: 4
[6179.320s][debug][gc,phases      ] GC(140)     Total                          Min: 0, Avg:  1.0, Max: 4, Diff: 4, Sum: 4, Workers: 4
[6179.320s][debug][gc,phases      ] GC(140)   JVMTI Tag Weak OopStorage      Min:  0.0, Avg:  0.0, Max:  0.0, Diff:  0.0, Sum:  0.0, Workers: 4
[6179.320s][debug][gc,phases      ] GC(140)     Dead                           Min: 0, Avg:  0.0, Max: 0, Diff: 0, Sum: 0, Workers: 4
[6179.320s][debug][gc,phases      ] GC(140)     Total                          Min: 0, Avg:  0.0, Max: 0, Diff: 0, Sum: 0, Workers: 4
[6179.320s][debug][gc,phases      ] GC(140)   StringTable Weak               Min:  0.0, Avg:  0.1, Max:  0.1, Diff:  0.1, Sum:  0.4, Workers: 4
[6179.320s][debug][gc,phases      ] GC(140)     Dead                           Min: 0, Avg:  0.0, Max: 0, Diff: 0, Sum: 0, Workers: 4
[6179.320s][debug][gc,phases      ] GC(140)     Total                          Min: 0, Avg: 11984.5, Max: 16576, Diff: 16576, Sum: 47938, Workers: 4
[6179.320s][debug][gc,phases      ] GC(140)   ResolvedMethodTable Weak       Min:  0.0, Avg:  0.0, Max:  0.1, Diff:  0.1, Sum:  0.2, Workers: 4
[6179.320s][debug][gc,phases      ] GC(140)     Dead                           Min: 0, Avg:  4.0, Max: 16, Diff: 16, Sum: 16, Workers: 4
[6179.320s][debug][gc,phases      ] GC(140)     Total                          Min: 0, Avg: 3938.0, Max: 5679, Diff: 5679, Sum: 15752, Workers: 4
[6179.320s][debug][gc,phases      ] GC(140)   JNI Weak                       Min:  0.0, Avg:  0.0, Max:  0.0, Diff:  0.0, Sum:  0.0, Workers: 4
[6179.320s][debug][gc,phases      ] GC(140)     Dead                           Min: 0, Avg:  0.0, Max: 0, Diff: 0, Sum: 0, Workers: 4
[6179.320s][debug][gc,phases      ] GC(140)     Total                          Min: 0, Avg: 13.0, Max: 52, Diff: 52, Sum: 52, Workers: 4
[6179.320s][debug][gc,phases      ] GC(140)   StringDedup Table Weak         Min:  0.0, Avg:  0.0, Max:  0.0, Diff:  0.0, Sum:  0.0, Workers: 4
[6179.320s][debug][gc,phases      ] GC(140)     Dead                           Min: 0, Avg:  0.0, Max: 0, Diff: 0, Sum: 0, Workers: 4
[6179.320s][debug][gc,phases      ] GC(140)     Total                          Min: 0, Avg:  0.0, Max: 0, Diff: 0, Sum: 0, Workers: 4
[6179.320s][debug][gc,phases      ] GC(140)   StringDedup Requests0 Weak     Min:  0.0, Avg:  0.0, Max:  0.0, Diff:  0.0, Sum:  0.0, Workers: 4
[6179.320s][debug][gc,phases      ] GC(140)     Dead                           Min: 0, Avg:  0.0, Max: 0, Diff: 0, Sum: 0, Workers: 4
[6179.320s][debug][gc,phases      ] GC(140)     Total                          Min: 0, Avg:  0.0, Max: 0, Diff: 0, Sum: 0, Workers: 4
[6179.320s][debug][gc,phases      ] GC(140)   StringDedup Requests1 Weak     Min:  0.0, Avg:  0.0, Max:  0.0, Diff:  0.0, Sum:  0.0, Workers: 4
[6179.320s][debug][gc,phases      ] GC(140)     Dead                           Min: 0, Avg:  0.0, Max: 0, Diff: 0, Sum: 0, Workers: 4
[6179.320s][debug][gc,phases      ] GC(140)     Total                          Min: 0, Avg:  0.0, Max: 0, Diff: 0, Sum: 0, Workers: 4
[6179.320s][debug][gc,phases      ] GC(140)   Weak JFR Old Object Samples    Min:  0.0, Avg:  0.0, Max:  0.0, Diff:  0.0, Sum:  0.0, Workers: 4
[6179.320s][debug][gc,phases      ] GC(140)     Dead                           Min: 0, Avg:  0.0, Max: 0, Diff: 0, Sum: 0, Workers: 4
[6179.320s][debug][gc,phases      ] GC(140)     Total                          Min: 0, Avg:  0.0, Max: 0, Diff: 0, Sum: 0, Workers: 4
[6179.320s][debug][gc,phases      ] GC(140) Weak Processing 0.480ms
[6179.320s][debug][gc,age         ] GC(140) Desired survivor size 22020096 bytes, new threshold 1 (max threshold 15)
[6179.320s][info ][gc,heap        ] GC(140) PSYoungGen: 2056960K(2074624K)->5316K(2073088K) Eden: 2050560K(2050560K)->0K(2050560K) From: 6400K(24064K)->5316K(22528K)
[6179.320s][info ][gc,heap        ] GC(140) ParOldGen: 672146K(672256K)->674867K(675328K)
[6179.320s][info ][gc,metaspace   ] GC(140) Metaspace: 111874K(113216K)->111874K(113216K) NonClass: 95257K(96000K)->95257K(96000K) Class: 16616K(17216K)->16616K(17216K)
[6179.320s][info ][gc             ] GC(140) Pause Young (Allocation Failure) 2665M->664M(2684M) 6.323ms
[6179.320s][info ][gc,cpu         ] GC(140) User=0.02s Sys=0.01s Real=0.01s
[6179.320s][info ][safepoint      ] Safepoint "ParallelGCFailedAllocation", Time since last: 101642545 ns, Reaching safepoint: 8600 ns, Cleanup: 15301 ns, At safepoint: 6414336 ns, Total: 6438237 ns
[6180.320s][info ][safepoint      ] Safepoint "Cleanup", Time since last: 1000129152 ns, Reaching safepoint: 11000 ns, Cleanup: 17601 ns, At safepoint: 2900 ns, Total: 31501 ns
[6182.161s][info ][safepoint      ] Safepoint "Cleanup", Time since last: 1841152842 ns, Reaching safepoint: 78603 ns, Cleanup: 8600 ns, At safepoint: 7500 ns, Total: 94703 ns
[6183.162s][info ][safepoint      ] Safepoint "Cleanup", Time since last: 1000285858 ns, Reaching safepoint: 81103 ns, Cleanup: 18201 ns, At safepoint: 7400 ns, Total: 106704 ns
[6184.162s][info ][safepoint      ] Safepoint "Cleanup", Time since last: 1000130152 ns, Reaching safepoint: 79203 ns, Cleanup: 20401 ns, At safepoint: 7200 ns, Total: 106804 ns
[6185.162s][info ][safepoint      ] Safepoint "Cleanup", Time since last: 1000160904 ns, Reaching safepoint: 91203 ns, Cleanup: 26600 ns, At safepoint: 7201 ns, Total: 125004 ns
[6187.163s][info ][safepoint      ] Safepoint "Cleanup", Time since last: 2000214067 ns, Reaching safepoint: 8300 ns, Cleanup: 34301 ns, At safepoint: 2900 ns, Total: 45501 ns
[6188.163s][info ][safepoint      ] Safepoint "Cleanup", Time since last: 1000123684 ns, Reaching safepoint: 7801 ns, Cleanup: 11900 ns, At safepoint: 3000 ns, Total: 22701 ns
[6189.163s][info ][safepoint      ] Safepoint "Cleanup", Time since last: 1000137485 ns, Reaching safepoint: 10500 ns, Cleanup: 22701 ns, At safepoint: 3100 ns, Total: 36301 ns
[6190.164s][info ][safepoint      ] Safepoint "Cleanup", Time since last: 1001297118 ns, Reaching safepoint: 10600 ns, Cleanup: 11801 ns, At safepoint: 3100 ns, Total: 25501 ns
[6191.164s][info ][safepoint      ] Safepoint "Cleanup", Time since last: 1000125033 ns, Reaching safepoint: 7500 ns, Cleanup: 19701 ns, At safepoint: 3100 ns, Total: 30301 ns
[6194.165s][info ][safepoint      ] Safepoint "Cleanup", Time since last: 3000272132 ns, Reaching safepoint: 37101 ns, Cleanup: 10800 ns, At safepoint: 5600 ns, Total: 53501 ns
[6195.165s][info ][safepoint      ] Safepoint "Cleanup", Time since last: 1000105944 ns, Reaching safepoint: 8000 ns, Cleanup: 12701 ns, At safepoint: 3400 ns, Total: 24101 ns
[6196.165s][info ][safepoint      ] Safepoint "Cleanup", Time since last: 1000117044 ns, Reaching safepoint: 6900 ns, Cleanup: 9700 ns, At safepoint: 2901 ns, Total: 19501 ns
[6197.165s][info ][safepoint      ] Safepoint "Cleanup", Time since last: 1000125744 ns, Reaching safepoint: 7500 ns, Cleanup: 14301 ns, At safepoint: 2900 ns, Total: 24701 ns
[6202.166s][info ][safepoint      ] Safepoint "Cleanup", Time since last: 5000399654 ns, Reaching safepoint: 8000 ns, Cleanup: 17401 ns, At safepoint: 2600 ns, Total: 28001 ns
[6202.610s][info ][gc,start       ] GC(141) Pause Young (Allocation Failure)
[6202.615s][debug][gc,phases      ] GC(141) Scavenge 4.990ms
[6202.615s][debug][gc,ref         ] GC(141) ReferenceProcessor::execute queues: 1, RefProcThreadModel::Single, marks_oops_alive: false
[6202.615s][debug][gc,ref         ] GC(141) Skipped KeepAliveFinalRefsPhase of Reference Processing: no references
[6202.615s][debug][gc,ref         ] GC(141) ReferenceProcessor::execute queues: 1, RefProcThreadModel::Single, marks_oops_alive: false
[6202.615s][debug][gc,phases      ] GC(141) Reference Processing 0.118ms
[6202.615s][debug][gc,phases      ] GC(141)   VM Weak                        Min:  0.0, Avg:  0.0, Max:  0.0, Diff:  0.0, Sum:  0.0, Workers: 4
[6202.615s][debug][gc,phases      ] GC(141)     Dead                           Min: 0, Avg:  0.0, Max: 0, Diff: 0, Sum: 0, Workers: 4
[6202.615s][debug][gc,phases      ] GC(141)     Total                          Min: 0, Avg: 260.5, Max: 640, Diff: 640, Sum: 1042, Workers: 4
[6202.615s][debug][gc,phases      ] GC(141)   ObjectSynchronizer Weak        Min:  0.0, Avg:  0.0, Max:  0.0, Diff:  0.0, Sum:  0.0, Workers: 4
[6202.615s][debug][gc,phases      ] GC(141)     Dead                           Min: 0, Avg:  0.0, Max: 0, Diff: 0, Sum: 0, Workers: 4
[6202.615s][debug][gc,phases      ] GC(141)     Total                          Min: 0, Avg:  1.0, Max: 4, Diff: 4, Sum: 4, Workers: 4
[6202.615s][debug][gc,phases      ] GC(141)   JVMTI Tag Weak OopStorage      Min:  0.0, Avg:  0.0, Max:  0.0, Diff:  0.0, Sum:  0.0, Workers: 4
[6202.615s][debug][gc,phases      ] GC(141)     Dead                           Min: 0, Avg:  0.0, Max: 0, Diff: 0, Sum: 0, Workers: 4
[6202.615s][debug][gc,phases      ] GC(141)     Total                          Min: 0, Avg:  0.0, Max: 0, Diff: 0, Sum: 0, Workers: 4
[6202.615s][debug][gc,phases      ] GC(141)   StringTable Weak               Min:  0.0, Avg:  0.1, Max:  0.1, Diff:  0.1, Sum:  0.4, Workers: 4
[6202.615s][debug][gc,phases      ] GC(141)     Dead                           Min: 0, Avg:  0.5, Max: 2, Diff: 2, Sum: 2, Workers: 4
[6202.615s][debug][gc,phases      ] GC(141)     Total                          Min: 0, Avg: 11987.5, Max: 16703, Diff: 16703, Sum: 47950, Workers: 4
[6202.615s][debug][gc,phases      ] GC(141)   ResolvedMethodTable Weak       Min:  0.0, Avg:  0.0, Max:  0.1, Diff:  0.1, Sum:  0.2, Workers: 4
[6202.615s][debug][gc,phases      ] GC(141)     Dead                           Min: 0, Avg:  4.0, Max: 16, Diff: 16, Sum: 16, Workers: 4
[6202.615s][debug][gc,phases      ] GC(141)     Total                          Min: 0, Avg: 3939.2, Max: 5857, Diff: 5857, Sum: 15757, Workers: 4
[6202.615s][debug][gc,phases      ] GC(141)   JNI Weak                       Min:  0.0, Avg:  0.0, Max:  0.0, Diff:  0.0, Sum:  0.0, Workers: 4
[6202.615s][debug][gc,phases      ] GC(141)     Dead                           Min: 0, Avg:  0.0, Max: 0, Diff: 0, Sum: 0, Workers: 4
[6202.615s][debug][gc,phases      ] GC(141)     Total                          Min: 0, Avg: 13.0, Max: 52, Diff: 52, Sum: 52, Workers: 4
[6202.615s][debug][gc,phases      ] GC(141)   StringDedup Table Weak         Min:  0.0, Avg:  0.0, Max:  0.0, Diff:  0.0, Sum:  0.0, Workers: 4
[6202.615s][debug][gc,phases      ] GC(141)     Dead                           Min: 0, Avg:  0.0, Max: 0, Diff: 0, Sum: 0, Workers: 4
[6202.615s][debug][gc,phases      ] GC(141)     Total                          Min: 0, Avg:  0.0, Max: 0, Diff: 0, Sum: 0, Workers: 4
[6202.615s][debug][gc,phases      ] GC(141)   StringDedup Requests0 Weak     Min:  0.0, Avg:  0.0, Max:  0.0, Diff:  0.0, Sum:  0.0, Workers: 4
[6202.615s][debug][gc,phases      ] GC(141)     Dead                           Min: 0, Avg:  0.0, Max: 0, Diff: 0, Sum: 0, Workers: 4
[6202.615s][debug][gc,phases      ] GC(141)     Total                          Min: 0, Avg:  0.0, Max: 0, Diff: 0, Sum: 0, Workers: 4
[6202.615s][debug][gc,phases      ] GC(141)   StringDedup Requests1 Weak     Min:  0.0, Avg:  0.0, Max:  0.0, Diff:  0.0, Sum:  0.0, Workers: 4
[6202.615s][debug][gc,phases      ] GC(141)     Dead                           Min: 0, Avg:  0.0, Max: 0, Diff: 0, Sum: 0, Workers: 4
[6202.615s][debug][gc,phases      ] GC(141)     Total                          Min: 0, Avg:  0.0, Max: 0, Diff: 0, Sum: 0, Workers: 4
[6202.615s][debug][gc,phases      ] GC(141)   Weak JFR Old Object Samples    Min:  0.0, Avg:  0.0, Max:  0.0, Diff:  0.0, Sum:  0.0, Workers: 4
[6202.615s][debug][gc,phases      ] GC(141)     Dead                           Min: 0, Avg:  0.0, Max: 0, Diff: 0, Sum: 0, Workers: 4
[6202.615s][debug][gc,phases      ] GC(141)     Total                          Min: 0, Avg:  0.0, Max: 0, Diff: 0, Sum: 0, Workers: 4
[6202.615s][debug][gc,phases      ] GC(141) Weak Processing 0.450ms
[6202.615s][debug][gc,age         ] GC(141) Desired survivor size 21495808 bytes, new threshold 1 (max threshold 15)
[6202.615s][info ][gc,heap        ] GC(141) PSYoungGen: 2055876K(2073088K)->3904K(2076160K) Eden: 2050560K(2050560K)->0K(2054656K) From: 5316K(22528K)->3904K(21504K)
[6202.615s][info ][gc,heap        ] GC(141) ParOldGen: 674867K(675328K)->677308K(677376K)
[6202.615s][info ][gc,metaspace   ] GC(141) Metaspace: 111965K(113280K)->111965K(113280K) NonClass: 95344K(96064K)->95344K(96064K) Class: 16621K(17216K)->16621K(17216K)
[6202.615s][info ][gc             ] GC(141) Pause Young (Allocation Failure) 2666M->665M(2689M) 5.710ms
[6202.615s][info ][gc,cpu         ] GC(141) User=0.02s Sys=0.01s Real=0.01s
[6202.615s][info ][safepoint      ] Safepoint "ParallelGCFailedAllocation", Time since last: 444123431 ns, Reaching safepoint: 7600 ns, Cleanup: 4100 ns, At safepoint: 5797776 ns, Total: 5809476 ns
[6206.616s][info ][safepoint      ] Safepoint "Cleanup", Time since last: 4000308676 ns, Reaching safepoint: 7500 ns, Cleanup: 10401 ns, At safepoint: 3100 ns, Total: 21001 ns
[6208.616s][info ][safepoint      ] Safepoint "Cleanup", Time since last: 2000192415 ns, Reaching safepoint: 7800 ns, Cleanup: 12300 ns, At safepoint: 3200 ns, Total: 23300 ns
[6225.617s][info ][safepoint      ] Safepoint "Cleanup", Time since last: 17001256408 ns, Reaching safepoint: 8100 ns, Cleanup: 19000 ns, At safepoint: 33001 ns, Total: 60101 ns
[6230.264s][info ][gc,start       ] GC(142) Pause Young (Allocation Failure)
[6230.270s][debug][gc,phases      ] GC(142) Scavenge 5.730ms
[6230.270s][debug][gc,ref         ] GC(142) ReferenceProcessor::execute queues: 1, RefProcThreadModel::Single, marks_oops_alive: false
[6230.270s][debug][gc,ref         ] GC(142) Skipped KeepAliveFinalRefsPhase of Reference Processing: no references
[6230.270s][debug][gc,ref         ] GC(142) Skipped PhantomRefsPhase of Reference Processing: no references
[6230.270s][debug][gc,phases      ] GC(142) Reference Processing 0.120ms
[6230.270s][debug][gc,phases      ] GC(142)   VM Weak                        Min:  0.0, Avg:  0.0, Max:  0.0, Diff:  0.0, Sum:  0.0, Workers: 4
[6230.270s][debug][gc,phases      ] GC(142)     Dead                           Min: 0, Avg:  0.0, Max: 0, Diff: 0, Sum: 0, Workers: 4
[6230.270s][debug][gc,phases      ] GC(142)     Total                          Min: 0, Avg: 260.5, Max: 512, Diff: 512, Sum: 1042, Workers: 4
[6230.270s][debug][gc,phases      ] GC(142)   ObjectSynchronizer Weak        Min:  0.0, Avg:  0.0, Max:  0.0, Diff:  0.0, Sum:  0.0, Workers: 4
[6230.270s][debug][gc,phases      ] GC(142)     Dead                           Min: 0, Avg:  0.0, Max: 0, Diff: 0, Sum: 0, Workers: 4
[6230.270s][debug][gc,phases      ] GC(142)     Total                          Min: 0, Avg:  1.0, Max: 4, Diff: 4, Sum: 4, Workers: 4
[6230.270s][debug][gc,phases      ] GC(142)   JVMTI Tag Weak OopStorage      Min:  0.0, Avg:  0.0, Max:  0.0, Diff:  0.0, Sum:  0.0, Workers: 4
[6230.270s][debug][gc,phases      ] GC(142)     Dead                           Min: 0, Avg:  0.0, Max: 0, Diff: 0, Sum: 0, Workers: 4
[6230.270s][debug][gc,phases      ] GC(142)     Total                          Min: 0, Avg:  0.0, Max: 0, Diff: 0, Sum: 0, Workers: 4
[6230.270s][debug][gc,phases      ] GC(142)   StringTable Weak               Min:  0.1, Avg:  0.1, Max:  0.1, Diff:  0.0, Sum:  0.5, Workers: 4
[6230.270s][debug][gc,phases      ] GC(142)     Dead                           Min: 0, Avg:  0.0, Max: 0, Diff: 0, Sum: 0, Workers: 4
[6230.270s][debug][gc,phases      ] GC(142)     Total                          Min: 11456, Avg: 11987.5, Max: 12864, Diff: 1408, Sum: 47950, Workers: 4
[6230.270s][debug][gc,phases      ] GC(142)   ResolvedMethodTable Weak       Min:  0.0, Avg:  0.0, Max:  0.0, Diff:  0.0, Sum:  0.2, Workers: 4
[6230.270s][debug][gc,phases      ] GC(142)     Dead                           Min: 0, Avg:  0.0, Max: 0, Diff: 0, Sum: 0, Workers: 4
[6230.270s][debug][gc,phases      ] GC(142)     Total                          Min: 3596, Avg: 3939.2, Max: 4177, Diff: 581, Sum: 15757, Workers: 4
[6230.270s][debug][gc,phases      ] GC(142)   JNI Weak                       Min:  0.0, Avg:  0.0, Max:  0.0, Diff:  0.0, Sum:  0.0, Workers: 4
[6230.270s][debug][gc,phases      ] GC(142)     Dead                           Min: 0, Avg:  0.0, Max: 0, Diff: 0, Sum: 0, Workers: 4
[6230.270s][debug][gc,phases      ] GC(142)     Total                          Min: 0, Avg: 13.0, Max: 52, Diff: 52, Sum: 52, Workers: 4
[6230.270s][debug][gc,phases      ] GC(142)   StringDedup Table Weak         Min:  0.0, Avg:  0.0, Max:  0.0, Diff:  0.0, Sum:  0.0, Workers: 4
[6230.270s][debug][gc,phases      ] GC(142)     Dead                           Min: 0, Avg:  0.0, Max: 0, Diff: 0, Sum: 0, Workers: 4
[6230.270s][debug][gc,phases      ] GC(142)     Total                          Min: 0, Avg:  0.0, Max: 0, Diff: 0, Sum: 0, Workers: 4
[6230.270s][debug][gc,phases      ] GC(142)   StringDedup Requests0 Weak     Min:  0.0, Avg:  0.0, Max:  0.0, Diff:  0.0, Sum:  0.0, Workers: 4
[6230.270s][debug][gc,phases      ] GC(142)     Dead                           Min: 0, Avg:  0.0, Max: 0, Diff: 0, Sum: 0, Workers: 4
[6230.270s][debug][gc,phases      ] GC(142)     Total                          Min: 0, Avg:  0.0, Max: 0, Diff: 0, Sum: 0, Workers: 4
[6230.270s][debug][gc,phases      ] GC(142)   StringDedup Requests1 Weak     Min:  0.0, Avg:  0.0, Max:  0.0, Diff:  0.0, Sum:  0.0, Workers: 4
[6230.270s][debug][gc,phases      ] GC(142)     Dead                           Min: 0, Avg:  0.0, Max: 0, Diff: 0, Sum: 0, Workers: 4
[6230.270s][debug][gc,phases      ] GC(142)     Total                          Min: 0, Avg:  0.0, Max: 0, Diff: 0, Sum: 0, Workers: 4
[6230.270s][debug][gc,phases      ] GC(142)   Weak JFR Old Object Samples    Min:  0.0, Avg:  0.0, Max:  0.0, Diff:  0.0, Sum:  0.0, Workers: 4
[6230.270s][debug][gc,phases      ] GC(142)     Dead                           Min: 0, Avg:  0.0, Max: 0, Diff: 0, Sum: 0, Workers: 4
[6230.270s][debug][gc,phases      ] GC(142)     Total                          Min: 0, Avg:  0.0, Max: 0, Diff: 0, Sum: 0, Workers: 4
[6230.270s][debug][gc,phases      ] GC(142) Weak Processing 0.401ms
[6230.270s][debug][gc,age         ] GC(142) Desired survivor size 19922944 bytes, new threshold 1 (max threshold 15)
[6230.270s][info ][gc,heap        ] GC(142) PSYoungGen: 2058560K(2076160K)->5872K(2075648K) Eden: 2054656K(2054656K)->0K(2054656K) From: 3904K(21504K)->5872K(20992K)
[6230.270s][info ][gc,heap        ] GC(142) ParOldGen: 677308K(677376K)->678384K(678400K)
[6230.270s][info ][gc,metaspace   ] GC(142) Metaspace: 111966K(113280K)->111966K(113280K) NonClass: 95345K(96064K)->95345K(96064K) Class: 16621K(17216K)->16621K(17216K)
[6230.270s][info ][gc             ] GC(142) Pause Young (Allocation Failure) 2671M->668M(2689M) 6.401ms
[6230.270s][info ][gc,cpu         ] GC(142) User=0.02s Sys=0.00s Real=0.00s
[6230.270s][info ][safepoint      ] Safepoint "ParallelGCFailedAllocation", Time since last: 4646616260 ns, Reaching safepoint: 6200 ns, Cleanup: 4000 ns, At safepoint: 6483815 ns, Total: 6494015 ns
[6260.954s][info ][gc,start       ] GC(143) Pause Young (Allocation Failure)
[6260.960s][debug][gc,phases      ] GC(143) Scavenge 5.853ms
[6260.960s][debug][gc,ref         ] GC(143) ReferenceProcessor::execute queues: 1, RefProcThreadModel::Single, marks_oops_alive: false
[6260.960s][debug][gc,ref         ] GC(143) Skipped KeepAliveFinalRefsPhase of Reference Processing: no references
[6260.960s][debug][gc,ref         ] GC(143) ReferenceProcessor::execute queues: 1, RefProcThreadModel::Single, marks_oops_alive: false
[6260.960s][debug][gc,phases      ] GC(143) Reference Processing 0.143ms
[6260.960s][debug][gc,phases      ] GC(143)   VM Weak                        Min:  0.0, Avg:  0.0, Max:  0.0, Diff:  0.0, Sum:  0.0, Workers: 4
[6260.960s][debug][gc,phases      ] GC(143)     Dead                           Min: 0, Avg:  0.0, Max: 0, Diff: 0, Sum: 0, Workers: 4
[6260.960s][debug][gc,phases      ] GC(143)     Total                          Min: 0, Avg: 260.5, Max: 576, Diff: 576, Sum: 1042, Workers: 4
[6260.960s][debug][gc,phases      ] GC(143)   ObjectSynchronizer Weak        Min:  0.0, Avg:  0.0, Max:  0.0, Diff:  0.0, Sum:  0.0, Workers: 4
[6260.960s][debug][gc,phases      ] GC(143)     Dead                           Min: 0, Avg:  0.0, Max: 0, Diff: 0, Sum: 0, Workers: 4
[6260.960s][debug][gc,phases      ] GC(143)     Total                          Min: 0, Avg:  1.0, Max: 4, Diff: 4, Sum: 4, Workers: 4
[6260.960s][debug][gc,phases      ] GC(143)   JVMTI Tag Weak OopStorage      Min:  0.0, Avg:  0.0, Max:  0.0, Diff:  0.0, Sum:  0.0, Workers: 4
[6260.960s][debug][gc,phases      ] GC(143)     Dead                           Min: 0, Avg:  0.0, Max: 0, Diff: 0, Sum: 0, Workers: 4
[6260.960s][debug][gc,phases      ] GC(143)     Total                          Min: 0, Avg:  0.0, Max: 0, Diff: 0, Sum: 0, Workers: 4
[6260.960s][debug][gc,phases      ] GC(143)   StringTable Weak               Min:  0.0, Avg:  0.1, Max:  0.1, Diff:  0.1, Sum:  0.4, Workers: 4
[6260.960s][debug][gc,phases      ] GC(143)     Dead                           Min: 0, Avg:  0.0, Max: 0, Diff: 0, Sum: 0, Workers: 4
[6260.960s][debug][gc,phases      ] GC(143)     Total                          Min: 0, Avg: 11987.8, Max: 16529, Diff: 16529, Sum: 47951, Workers: 4
[6260.960s][debug][gc,phases      ] GC(143)   ResolvedMethodTable Weak       Min:  0.0, Avg:  0.0, Max:  0.1, Diff:  0.1, Sum:  0.2, Workers: 4
[6260.960s][debug][gc,phases      ] GC(143)     Dead                           Min: 0, Avg:  4.0, Max: 16, Diff: 16, Sum: 16, Workers: 4
[6260.960s][debug][gc,phases      ] GC(143)     Total                          Min: 0, Avg: 3939.2, Max: 5458, Diff: 5458, Sum: 15757, Workers: 4
[6260.960s][debug][gc,phases      ] GC(143)   JNI Weak                       Min:  0.0, Avg:  0.0, Max:  0.0, Diff:  0.0, Sum:  0.0, Workers: 4
[6260.960s][debug][gc,phases      ] GC(143)     Dead                           Min: 0, Avg:  0.0, Max: 0, Diff: 0, Sum: 0, Workers: 4
[6260.960s][debug][gc,phases      ] GC(143)     Total                          Min: 0, Avg: 13.0, Max: 52, Diff: 52, Sum: 52, Workers: 4
[6260.960s][debug][gc,phases      ] GC(143)   StringDedup Table Weak         Min:  0.0, Avg:  0.0, Max:  0.0, Diff:  0.0, Sum:  0.0, Workers: 4
[6260.960s][debug][gc,phases      ] GC(143)     Dead                           Min: 0, Avg:  0.0, Max: 0, Diff: 0, Sum: 0, Workers: 4
[6260.960s][debug][gc,phases      ] GC(143)     Total                          Min: 0, Avg:  0.0, Max: 0, Diff: 0, Sum: 0, Workers: 4
[6260.960s][debug][gc,phases      ] GC(143)   StringDedup Requests0 Weak     Min:  0.0, Avg:  0.0, Max:  0.0, Diff:  0.0, Sum:  0.0, Workers: 4
[6260.960s][debug][gc,phases      ] GC(143)     Dead                           Min: 0, Avg:  0.0, Max: 0, Diff: 0, Sum: 0, Workers: 4
[6260.960s][debug][gc,phases      ] GC(143)     Total                          Min: 0, Avg:  0.0, Max: 0, Diff: 0, Sum: 0, Workers: 4
[6260.960s][debug][gc,phases      ] GC(143)   StringDedup Requests1 Weak     Min:  0.0, Avg:  0.0, Max:  0.0, Diff:  0.0, Sum:  0.0, Workers: 4
[6260.960s][debug][gc,phases      ] GC(143)     Dead                           Min: 0, Avg:  0.0, Max: 0, Diff: 0, Sum: 0, Workers: 4
[6260.960s][debug][gc,phases      ] GC(143)     Total                          Min: 0, Avg:  0.0, Max: 0, Diff: 0, Sum: 0, Workers: 4
[6260.960s][debug][gc,phases      ] GC(143)   Weak JFR Old Object Samples    Min:  0.0, Avg:  0.0, Max:  0.0, Diff:  0.0, Sum:  0.0, Workers: 4
[6260.960s][debug][gc,phases      ] GC(143)     Dead                           Min: 0, Avg:  0.0, Max: 0, Diff: 0, Sum: 0, Workers: 4
[6260.960s][debug][gc,phases      ] GC(143)     Total                          Min: 0, Avg:  0.0, Max: 0, Diff: 0, Sum: 0, Workers: 4
[6260.960s][debug][gc,phases      ] GC(143) Weak Processing 0.445ms
[6260.960s][debug][gc,age         ] GC(143) Desired survivor size 19398656 bytes, new threshold 1 (max threshold 15)
[6260.960s][info ][gc,heap        ] GC(143) PSYoungGen: 2060528K(2075648K)->5061K(2078208K) Eden: 2054656K(2054656K)->0K(2058752K) From: 5872K(20992K)->5061K(19456K)
[6260.960s][info ][gc,heap        ] GC(143) ParOldGen: 678384K(678400K)->681156K(681472K)
[6260.960s][info ][gc,metaspace   ] GC(143) Metaspace: 111974K(113344K)->111974K(113344K) NonClass: 95353K(96128K)->95353K(96128K) Class: 16621K(17216K)->16621K(17216K)
[6260.960s][info ][gc             ] GC(143) Pause Young (Allocation Failure) 2674M->670M(2695M) 6.600ms
[6260.960s][info ][gc,cpu         ] GC(143) User=0.02s Sys=0.00s Real=0.01s
[6260.960s][info ][safepoint      ] Safepoint "ParallelGCFailedAllocation", Time since last: 30683177778 ns, Reaching safepoint: 78202 ns, Cleanup: 3900 ns, At safepoint: 6688286 ns, Total: 6770388 ns
[6265.961s][info ][safepoint      ] Safepoint "Cleanup", Time since last: 5000409891 ns, Reaching safepoint: 83602 ns, Cleanup: 21600 ns, At safepoint: 7001 ns, Total: 112203 ns
[6272.962s][info ][safepoint      ] Safepoint "Cleanup", Time since last: 7000600543 ns, Reaching safepoint: 80603 ns, Cleanup: 10200 ns, At safepoint: 8100 ns, Total: 98903 ns
[6275.962s][info ][safepoint      ] Safepoint "Cleanup", Time since last: 3000267959 ns, Reaching safepoint: 80702 ns, Cleanup: 9700 ns, At safepoint: 6400 ns, Total: 96802 ns
[6276.962s][info ][safepoint      ] Safepoint "Cleanup", Time since last: 1000118854 ns, Reaching safepoint: 79402 ns, Cleanup: 9500 ns, At safepoint: 7200 ns, Total: 96102 ns
[6282.963s][info ][safepoint      ] Safepoint "Cleanup", Time since last: 6000599670 ns, Reaching safepoint: 85502 ns, Cleanup: 33701 ns, At safepoint: 8300 ns, Total: 127503 ns
[6283.963s][info ][safepoint      ] Safepoint "Cleanup", Time since last: 1000141031 ns, Reaching safepoint: 80001 ns, Cleanup: 29901 ns, At safepoint: 7400 ns, Total: 117302 ns
[6284.963s][info ][safepoint      ] Safepoint "Cleanup", Time since last: 1000130331 ns, Reaching safepoint: 80702 ns, Cleanup: 11900 ns, At safepoint: 7900 ns, Total: 100502 ns
[6285.964s][info ][safepoint      ] Safepoint "Cleanup", Time since last: 1000119116 ns, Reaching safepoint: 7201 ns, Cleanup: 12600 ns, At safepoint: 3000 ns, Total: 22801 ns
[6289.052s][info ][gc,start       ] GC(144) Pause Young (Allocation Failure)
[6289.059s][debug][gc,phases      ] GC(144) Scavenge 6.270ms
[6289.059s][debug][gc,ref         ] GC(144) ReferenceProcessor::execute queues: 1, RefProcThreadModel::Single, marks_oops_alive: false
[6289.059s][debug][gc,ref         ] GC(144) Skipped KeepAliveFinalRefsPhase of Reference Processing: no references
[6289.059s][debug][gc,ref         ] GC(144) Skipped PhantomRefsPhase of Reference Processing: no references
[6289.059s][debug][gc,phases      ] GC(144) Reference Processing 0.119ms
[6289.059s][debug][gc,phases      ] GC(144)   VM Weak                        Min:  0.0, Avg:  0.0, Max:  0.0, Diff:  0.0, Sum:  0.0, Workers: 4
[6289.059s][debug][gc,phases      ] GC(144)     Dead                           Min: 0, Avg:  0.0, Max: 0, Diff: 0, Sum: 0, Workers: 4
[6289.059s][debug][gc,phases      ] GC(144)     Total                          Min: 0, Avg: 260.5, Max: 722, Diff: 722, Sum: 1042, Workers: 4
[6289.059s][debug][gc,phases      ] GC(144)   ObjectSynchronizer Weak        Min:  0.0, Avg:  0.0, Max:  0.0, Diff:  0.0, Sum:  0.0, Workers: 4
[6289.059s][debug][gc,phases      ] GC(144)     Dead                           Min: 0, Avg:  0.0, Max: 0, Diff: 0, Sum: 0, Workers: 4
[6289.059s][debug][gc,phases      ] GC(144)     Total                          Min: 0, Avg:  1.0, Max: 4, Diff: 4, Sum: 4, Workers: 4
[6289.059s][debug][gc,phases      ] GC(144)   JVMTI Tag Weak OopStorage      Min:  0.0, Avg:  0.0, Max:  0.0, Diff:  0.0, Sum:  0.0, Workers: 4
[6289.059s][debug][gc,phases      ] GC(144)     Dead                           Min: 0, Avg:  0.0, Max: 0, Diff: 0, Sum: 0, Workers: 4
[6289.059s][debug][gc,phases      ] GC(144)     Total                          Min: 0, Avg:  0.0, Max: 0, Diff: 0, Sum: 0, Workers: 4
[6289.059s][debug][gc,phases      ] GC(144)   StringTable Weak               Min:  0.0, Avg:  0.1, Max:  0.1, Diff:  0.1, Sum:  0.4, Workers: 4
[6289.059s][debug][gc,phases      ] GC(144)     Dead                           Min: 0, Avg:  0.0, Max: 0, Diff: 0, Sum: 0, Workers: 4
[6289.059s][debug][gc,phases      ] GC(144)     Total                          Min: 0, Avg: 11987.8, Max: 16511, Diff: 16511, Sum: 47951, Workers: 4
[6289.059s][debug][gc,phases      ] GC(144)   ResolvedMethodTable Weak       Min:  0.0, Avg:  0.0, Max:  0.0, Diff:  0.0, Sum:  0.1, Workers: 4
[6289.059s][debug][gc,phases      ] GC(144)     Dead                           Min: 0, Avg:  4.0, Max: 16, Diff: 16, Sum: 16, Workers: 4
[6289.059s][debug][gc,phases      ] GC(144)     Total                          Min: 0, Avg: 3939.2, Max: 5974, Diff: 5974, Sum: 15757, Workers: 4
[6289.059s][debug][gc,phases      ] GC(144)   JNI Weak                       Min:  0.0, Avg:  0.0, Max:  0.0, Diff:  0.0, Sum:  0.0, Workers: 4
[6289.059s][debug][gc,phases      ] GC(144)     Dead                           Min: 0, Avg:  0.0, Max: 0, Diff: 0, Sum: 0, Workers: 4
[6289.059s][debug][gc,phases      ] GC(144)     Total                          Min: 0, Avg: 13.0, Max: 52, Diff: 52, Sum: 52, Workers: 4
[6289.059s][debug][gc,phases      ] GC(144)   StringDedup Table Weak         Min:  0.0, Avg:  0.0, Max:  0.0, Diff:  0.0, Sum:  0.0, Workers: 4
[6289.059s][debug][gc,phases      ] GC(144)     Dead                           Min: 0, Avg:  0.0, Max: 0, Diff: 0, Sum: 0, Workers: 4
[6289.059s][debug][gc,phases      ] GC(144)     Total                          Min: 0, Avg:  0.0, Max: 0, Diff: 0, Sum: 0, Workers: 4
[6289.059s][debug][gc,phases      ] GC(144)   StringDedup Requests0 Weak     Min:  0.0, Avg:  0.0, Max:  0.0, Diff:  0.0, Sum:  0.0, Workers: 4
[6289.059s][debug][gc,phases      ] GC(144)     Dead                           Min: 0, Avg:  0.0, Max: 0, Diff: 0, Sum: 0, Workers: 4
[6289.059s][debug][gc,phases      ] GC(144)     Total                          Min: 0, Avg:  0.0, Max: 0, Diff: 0, Sum: 0, Workers: 4
[6289.059s][debug][gc,phases      ] GC(144)   StringDedup Requests1 Weak     Min:  0.0, Avg:  0.0, Max:  0.0, Diff:  0.0, Sum:  0.0, Workers: 4
[6289.059s][debug][gc,phases      ] GC(144)     Dead                           Min: 0, Avg:  0.0, Max: 0, Diff: 0, Sum: 0, Workers: 4
[6289.059s][debug][gc,phases      ] GC(144)     Total                          Min: 0, Avg:  0.0, Max: 0, Diff: 0, Sum: 0, Workers: 4
[6289.059s][debug][gc,phases      ] GC(144)   Weak JFR Old Object Samples    Min:  0.0, Avg:  0.0, Max:  0.0, Diff:  0.0, Sum:  0.0, Workers: 4
[6289.059s][debug][gc,phases      ] GC(144)     Dead                           Min: 0, Avg:  0.0, Max: 0, Diff: 0, Sum: 0, Workers: 4
[6289.059s][debug][gc,phases      ] GC(144)     Total                          Min: 0, Avg:  0.0, Max: 0, Diff: 0, Sum: 0, Workers: 4
[6289.059s][debug][gc,phases      ] GC(144) Weak Processing 0.440ms
[6289.059s][debug][gc,age         ] GC(144) Desired survivor size 18350080 bytes, new threshold 1 (max threshold 15)
[6289.059s][info ][gc,heap        ] GC(144) PSYoungGen: 2063813K(2078208K)->5520K(2077696K) Eden: 2058752K(2058752K)->0K(2058752K) From: 5061K(19456K)->5520K(18944K)
[6289.059s][info ][gc,heap        ] GC(144) ParOldGen: 681156K(681472K)->682921K(683008K)
[6289.059s][info ][gc,metaspace   ] GC(144) Metaspace: 111984K(113344K)->111984K(113344K) NonClass: 95363K(96128K)->95363K(96128K) Class: 16621K(17216K)->16621K(17216K)
[6289.059s][info ][gc             ] GC(144) Pause Young (Allocation Failure) 2680M->672M(2696M) 6.972ms
[6289.059s][info ][gc,cpu         ] GC(144) User=0.02s Sys=0.01s Real=0.00s
[6289.059s][info ][safepoint      ] Safepoint "ParallelGCFailedAllocation", Time since last: 3088578909 ns, Reaching safepoint: 80902 ns, Cleanup: 4500 ns, At safepoint: 7061958 ns, Total: 7147360 ns
[6302.060s][info ][safepoint      ] Safepoint "Cleanup", Time since last: 13000996526 ns, Reaching safepoint: 83902 ns, Cleanup: 17400 ns, At safepoint: 7400 ns, Total: 108702 ns
[6303.197s][info ][safepoint      ] Safepoint "Cleanup", Time since last: 1136494826 ns, Reaching safepoint: 7200 ns, Cleanup: 12500 ns, At safepoint: 2400 ns, Total: 22100 ns
[6304.197s][info ][safepoint      ] Safepoint "Cleanup", Time since last: 1000123396 ns, Reaching safepoint: 7001 ns, Cleanup: 11100 ns, At safepoint: 2700 ns, Total: 20801 ns
[6306.197s][info ][safepoint      ] Safepoint "Cleanup", Time since last: 2000200671 ns, Reaching safepoint: 6800 ns, Cleanup: 10300 ns, At safepoint: 3200 ns, Total: 20300 ns
[6309.198s][info ][safepoint      ] Safepoint "Cleanup", Time since last: 3000271923 ns, Reaching safepoint: 7300 ns, Cleanup: 10301 ns, At safepoint: 2800 ns, Total: 20401 ns
[6310.003s][info ][gc,start       ] GC(145) Pause Young (Allocation Failure)
[6310.009s][debug][gc,phases      ] GC(145) Scavenge 5.613ms
[6310.009s][debug][gc,ref         ] GC(145) ReferenceProcessor::execute queues: 1, RefProcThreadModel::Single, marks_oops_alive: false
[6310.009s][debug][gc,ref         ] GC(145) Skipped KeepAliveFinalRefsPhase of Reference Processing: no references
[6310.009s][debug][gc,ref         ] GC(145) ReferenceProcessor::execute queues: 1, RefProcThreadModel::Single, marks_oops_alive: false
[6310.009s][debug][gc,phases      ] GC(145) Reference Processing 0.147ms
[6310.010s][debug][gc,phases      ] GC(145)   VM Weak                        Min:  0.0, Avg:  0.0, Max:  0.0, Diff:  0.0, Sum:  0.0, Workers: 4
[6310.010s][debug][gc,phases      ] GC(145)     Dead                           Min: 0, Avg:  0.0, Max: 0, Diff: 0, Sum: 0, Workers: 4
[6310.010s][debug][gc,phases      ] GC(145)     Total                          Min: 0, Avg: 260.8, Max: 640, Diff: 640, Sum: 1043, Workers: 4
[6310.010s][debug][gc,phases      ] GC(145)   ObjectSynchronizer Weak        Min:  0.0, Avg:  0.0, Max:  0.0, Diff:  0.0, Sum:  0.0, Workers: 4
[6310.010s][debug][gc,phases      ] GC(145)     Dead                           Min: 0, Avg:  0.0, Max: 0, Diff: 0, Sum: 0, Workers: 4
[6310.010s][debug][gc,phases      ] GC(145)     Total                          Min: 0, Avg:  1.0, Max: 4, Diff: 4, Sum: 4, Workers: 4
[6310.010s][debug][gc,phases      ] GC(145)   JVMTI Tag Weak OopStorage      Min:  0.0, Avg:  0.0, Max:  0.0, Diff:  0.0, Sum:  0.0, Workers: 4
[6310.010s][debug][gc,phases      ] GC(145)     Dead                           Min: 0, Avg:  0.0, Max: 0, Diff: 0, Sum: 0, Workers: 4
[6310.010s][debug][gc,phases      ] GC(145)     Total                          Min: 0, Avg:  0.0, Max: 0, Diff: 0, Sum: 0, Workers: 4
[6310.010s][debug][gc,phases      ] GC(145)   StringTable Weak               Min:  0.0, Avg:  0.1, Max:  0.1, Diff:  0.1, Sum:  0.4, Workers: 4
[6310.010s][debug][gc,phases      ] GC(145)     Dead                           Min: 0, Avg:  0.0, Max: 0, Diff: 0, Sum: 0, Workers: 4
[6310.010s][debug][gc,phases      ] GC(145)     Total                          Min: 0, Avg: 11988.2, Max: 17427, Diff: 17427, Sum: 47953, Workers: 4
[6310.010s][debug][gc,phases      ] GC(145)   ResolvedMethodTable Weak       Min:  0.0, Avg:  0.0, Max:  0.1, Diff:  0.1, Sum:  0.2, Workers: 4
[6310.010s][debug][gc,phases      ] GC(145)     Dead                           Min: 0, Avg:  0.0, Max: 0, Diff: 0, Sum: 0, Workers: 4
[6310.010s][debug][gc,phases      ] GC(145)     Total                          Min: 0, Avg: 3940.0, Max: 5807, Diff: 5807, Sum: 15760, Workers: 4
[6310.010s][debug][gc,phases      ] GC(145)   JNI Weak                       Min:  0.0, Avg:  0.0, Max:  0.0, Diff:  0.0, Sum:  0.0, Workers: 4
[6310.010s][debug][gc,phases      ] GC(145)     Dead                           Min: 0, Avg:  0.0, Max: 0, Diff: 0, Sum: 0, Workers: 4
[6310.010s][debug][gc,phases      ] GC(145)     Total                          Min: 0, Avg: 13.0, Max: 52, Diff: 52, Sum: 52, Workers: 4
[6310.010s][debug][gc,phases      ] GC(145)   StringDedup Table Weak         Min:  0.0, Avg:  0.0, Max:  0.0, Diff:  0.0, Sum:  0.0, Workers: 4
[6310.010s][debug][gc,phases      ] GC(145)     Dead                           Min: 0, Avg:  0.0, Max: 0, Diff: 0, Sum: 0, Workers: 4
[6310.010s][debug][gc,phases      ] GC(145)     Total                          Min: 0, Avg:  0.0, Max: 0, Diff: 0, Sum: 0, Workers: 4
[6310.010s][debug][gc,phases      ] GC(145)   StringDedup Requests0 Weak     Min:  0.0, Avg:  0.0, Max:  0.0, Diff:  0.0, Sum:  0.0, Workers: 4
[6310.010s][debug][gc,phases      ] GC(145)     Dead                           Min: 0, Avg:  0.0, Max: 0, Diff: 0, Sum: 0, Workers: 4
[6310.010s][debug][gc,phases      ] GC(145)     Total                          Min: 0, Avg:  0.0, Max: 0, Diff: 0, Sum: 0, Workers: 4
[6310.010s][debug][gc,phases      ] GC(145)   StringDedup Requests1 Weak     Min:  0.0, Avg:  0.0, Max:  0.0, Diff:  0.0, Sum:  0.0, Workers: 4
[6310.010s][debug][gc,phases      ] GC(145)     Dead                           Min: 0, Avg:  0.0, Max: 0, Diff: 0, Sum: 0, Workers: 4
[6310.010s][debug][gc,phases      ] GC(145)     Total                          Min: 0, Avg:  0.0, Max: 0, Diff: 0, Sum: 0, Workers: 4
[6310.010s][debug][gc,phases      ] GC(145)   Weak JFR Old Object Samples    Min:  0.0, Avg:  0.0, Max:  0.0, Diff:  0.0, Sum:  0.0, Workers: 4
[6310.010s][debug][gc,phases      ] GC(145)     Dead                           Min: 0, Avg:  0.0, Max: 0, Diff: 0, Sum: 0, Workers: 4
[6310.010s][debug][gc,phases      ] GC(145)     Total                          Min: 0, Avg:  0.0, Max: 0, Diff: 0, Sum: 0, Workers: 4
[6310.010s][debug][gc,phases      ] GC(145) Weak Processing 0.436ms
[6310.010s][debug][gc,age         ] GC(145) Desired survivor size 17301504 bytes, new threshold 1 (max threshold 15)
[6310.010s][info ][gc,heap        ] GC(145) PSYoungGen: 2064272K(2077696K)->5232K(2080256K) Eden: 2058752K(2058752K)->0K(2062336K) From: 5520K(18944K)->5232K(17920K)
[6310.010s][info ][gc,heap        ] GC(145) ParOldGen: 682921K(683008K)->685477K(685568K)
[6310.010s][info ][gc,metaspace   ] GC(145) Metaspace: 112002K(113344K)->112002K(113344K) NonClass: 95378K(96128K)->95378K(96128K) Class: 16623K(17216K)->16623K(17216K)
[6310.010s][info ][gc             ] GC(145) Pause Young (Allocation Failure) 2682M->674M(2701M) 6.338ms
[6310.010s][info ][gc,cpu         ] GC(145) User=0.02s Sys=0.00s Real=0.00s
[6310.010s][info ][safepoint      ] Safepoint "ParallelGCFailedAllocation", Time since last: 805742491 ns, Reaching safepoint: 88003 ns, Cleanup: 15600 ns, At safepoint: 6424664 ns, Total: 6528267 ns
[6314.010s][info ][safepoint      ] Safepoint "Cleanup", Time since last: 4000336164 ns, Reaching safepoint: 78502 ns, Cleanup: 11600 ns, At safepoint: 6900 ns, Total: 97002 ns
[6315.010s][info ][safepoint      ] Safepoint "Cleanup", Time since last: 1000136123 ns, Reaching safepoint: 83502 ns, Cleanup: 17100 ns, At safepoint: 7100 ns, Total: 107702 ns
[6317.011s][info ][safepoint      ] Safepoint "Cleanup", Time since last: 2000206043 ns, Reaching safepoint: 81002 ns, Cleanup: 21001 ns, At safepoint: 7300 ns, Total: 109303 ns
[6321.011s][info ][safepoint      ] Safepoint "Cleanup", Time since last: 4000354710 ns, Reaching safepoint: 80602 ns, Cleanup: 10800 ns, At safepoint: 7000 ns, Total: 98402 ns
[6323.012s][info ][safepoint      ] Safepoint "Cleanup", Time since last: 2000192436 ns, Reaching safepoint: 78501 ns, Cleanup: 9101 ns, At safepoint: 6500 ns, Total: 94102 ns
[6325.012s][info ][safepoint      ] Safepoint "Cleanup", Time since last: 2000209336 ns, Reaching safepoint: 85502 ns, Cleanup: 10700 ns, At safepoint: 8000 ns, Total: 104202 ns
[6328.012s][info ][safepoint      ] Safepoint "Cleanup", Time since last: 3000298125 ns, Reaching safepoint: 85302 ns, Cleanup: 11401 ns, At safepoint: 7500 ns, Total: 104203 ns
[6329.013s][info ][safepoint      ] Safepoint "Cleanup", Time since last: 1000143652 ns, Reaching safepoint: 85802 ns, Cleanup: 10100 ns, At safepoint: 7500 ns, Total: 103402 ns
[6329.365s][info ][safepoint      ] Safepoint "ParallelGCFailedAllocation", Time since last: 352274491 ns, Reaching safepoint: 6300 ns, Cleanup: 5100 ns, At safepoint: 31201 ns, Total: 42601 ns
[6329.365s][info ][gc,start       ] GC(146) Pause Young (GCLocker Initiated GC)
[6329.371s][debug][gc,phases      ] GC(146) Scavenge 5.311ms
[6329.371s][debug][gc,ref         ] GC(146) ReferenceProcessor::execute queues: 1, RefProcThreadModel::Single, marks_oops_alive: false
[6329.371s][debug][gc,ref         ] GC(146) Skipped KeepAliveFinalRefsPhase of Reference Processing: no references
[6329.371s][debug][gc,ref         ] GC(146) ReferenceProcessor::execute queues: 1, RefProcThreadModel::Single, marks_oops_alive: false
[6329.371s][debug][gc,phases      ] GC(146) Reference Processing 0.118ms
[6329.371s][debug][gc,phases      ] GC(146)   VM Weak                        Min:  0.0, Avg:  0.0, Max:  0.0, Diff:  0.0, Sum:  0.0, Workers: 4
[6329.371s][debug][gc,phases      ] GC(146)     Dead                           Min: 0, Avg:  0.0, Max: 0, Diff: 0, Sum: 0, Workers: 4
[6329.371s][debug][gc,phases      ] GC(146)     Total                          Min: 0, Avg: 260.8, Max: 787, Diff: 787, Sum: 1043, Workers: 4
[6329.371s][debug][gc,phases      ] GC(146)   ObjectSynchronizer Weak        Min:  0.0, Avg:  0.0, Max:  0.0, Diff:  0.0, Sum:  0.0, Workers: 4
[6329.371s][debug][gc,phases      ] GC(146)     Dead                           Min: 0, Avg:  0.0, Max: 0, Diff: 0, Sum: 0, Workers: 4
[6329.371s][debug][gc,phases      ] GC(146)     Total                          Min: 0, Avg:  1.0, Max: 4, Diff: 4, Sum: 4, Workers: 4
[6329.371s][debug][gc,phases      ] GC(146)   JVMTI Tag Weak OopStorage      Min:  0.0, Avg:  0.0, Max:  0.0, Diff:  0.0, Sum:  0.0, Workers: 4
[6329.371s][debug][gc,phases      ] GC(146)     Dead                           Min: 0, Avg:  0.0, Max: 0, Diff: 0, Sum: 0, Workers: 4
[6329.371s][debug][gc,phases      ] GC(146)     Total                          Min: 0, Avg:  0.0, Max: 0, Diff: 0, Sum: 0, Workers: 4
[6329.371s][debug][gc,phases      ] GC(146)   StringTable Weak               Min:  0.0, Avg:  0.1, Max:  0.1, Diff:  0.1, Sum:  0.4, Workers: 4
[6329.371s][debug][gc,phases      ] GC(146)     Dead                           Min: 0, Avg:  0.0, Max: 0, Diff: 0, Sum: 0, Workers: 4
[6329.371s][debug][gc,phases      ] GC(146)     Total                          Min: 0, Avg: 11988.2, Max: 18175, Diff: 18175, Sum: 47953, Workers: 4
[6329.371s][debug][gc,phases      ] GC(146)   ResolvedMethodTable Weak       Min:  0.0, Avg:  0.0, Max:  0.1, Diff:  0.1, Sum:  0.2, Workers: 4
[6329.371s][debug][gc,phases      ] GC(146)     Dead                           Min: 0, Avg:  4.0, Max: 16, Diff: 16, Sum: 16, Workers: 4
[6329.371s][debug][gc,phases      ] GC(146)     Total                          Min: 0, Avg: 3940.0, Max: 5886, Diff: 5886, Sum: 15760, Workers: 4
[6329.371s][debug][gc,phases      ] GC(146)   JNI Weak                       Min:  0.0, Avg:  0.0, Max:  0.0, Diff:  0.0, Sum:  0.0, Workers: 4
[6329.371s][debug][gc,phases      ] GC(146)     Dead                           Min: 0, Avg:  0.0, Max: 0, Diff: 0, Sum: 0, Workers: 4
[6329.371s][debug][gc,phases      ] GC(146)     Total                          Min: 0, Avg: 13.0, Max: 52, Diff: 52, Sum: 52, Workers: 4
[6329.371s][debug][gc,phases      ] GC(146)   StringDedup Table Weak         Min:  0.0, Avg:  0.0, Max:  0.0, Diff:  0.0, Sum:  0.0, Workers: 4
[6329.371s][debug][gc,phases      ] GC(146)     Dead                           Min: 0, Avg:  0.0, Max: 0, Diff: 0, Sum: 0, Workers: 4
[6329.371s][debug][gc,phases      ] GC(146)     Total                          Min: 0, Avg:  0.0, Max: 0, Diff: 0, Sum: 0, Workers: 4
[6329.371s][debug][gc,phases      ] GC(146)   StringDedup Requests0 Weak     Min:  0.0, Avg:  0.0, Max:  0.0, Diff:  0.0, Sum:  0.0, Workers: 4
[6329.371s][debug][gc,phases      ] GC(146)     Dead                           Min: 0, Avg:  0.0, Max: 0, Diff: 0, Sum: 0, Workers: 4
[6329.371s][debug][gc,phases      ] GC(146)     Total                          Min: 0, Avg:  0.0, Max: 0, Diff: 0, Sum: 0, Workers: 4
[6329.371s][debug][gc,phases      ] GC(146)   StringDedup Requests1 Weak     Min:  0.0, Avg:  0.0, Max:  0.0, Diff:  0.0, Sum:  0.0, Workers: 4
[6329.371s][debug][gc,phases      ] GC(146)     Dead                           Min: 0, Avg:  0.0, Max: 0, Diff: 0, Sum: 0, Workers: 4
[6329.371s][debug][gc,phases      ] GC(146)     Total                          Min: 0, Avg:  0.0, Max: 0, Diff: 0, Sum: 0, Workers: 4
[6329.371s][debug][gc,phases      ] GC(146)   Weak JFR Old Object Samples    Min:  0.0, Avg:  0.0, Max:  0.0, Diff:  0.0, Sum:  0.0, Workers: 4
[6329.371s][debug][gc,phases      ] GC(146)     Dead                           Min: 0, Avg:  0.0, Max: 0, Diff: 0, Sum: 0, Workers: 4
[6329.371s][debug][gc,phases      ] GC(146)     Total                          Min: 0, Avg:  0.0, Max: 0, Diff: 0, Sum: 0, Workers: 4
[6329.371s][debug][gc,phases      ] GC(146) Weak Processing 0.458ms
[6329.371s][debug][gc,age         ] GC(146) Desired survivor size 16777216 bytes, new threshold 1 (max threshold 15)
[6329.371s][info ][gc,heap        ] GC(146) PSYoungGen: 2067568K(2080256K)->5190K(2079232K) Eden: 2062336K(2062336K)->0K(2062336K) From: 5232K(17920K)->5190K(16896K)
[6329.371s][info ][gc,heap        ] GC(146) ParOldGen: 686245K(687104K)->688305K(688640K)
[6329.371s][info ][gc,metaspace   ] GC(146) Metaspace: 112012K(113344K)->112012K(113344K) NonClass: 95388K(96128K)->95388K(96128K) Class: 16623K(17216K)->16623K(17216K)
[6329.371s][info ][gc             ] GC(146) Pause Young (GCLocker Initiated GC) 2689M->677M(2703M) 6.013ms
[6329.371s][info ][gc,cpu         ] GC(146) User=0.02s Sys=0.00s Real=0.00s
[6329.372s][info ][safepoint      ] Safepoint "ParallelGCSystemGC", Time since last: 526310 ns, Reaching safepoint: 77501 ns, Cleanup: 1100 ns, At safepoint: 6089818 ns, Total: 6168419 ns
[6330.372s][info ][safepoint      ] Safepoint "Cleanup", Time since last: 1000092577 ns, Reaching safepoint: 7400 ns, Cleanup: 9800 ns, At safepoint: 2800 ns, Total: 20000 ns
[6333.372s][info ][safepoint      ] Safepoint "Cleanup", Time since last: 3000261929 ns, Reaching safepoint: 7500 ns, Cleanup: 13400 ns, At safepoint: 3100 ns, Total: 24000 ns
[6341.373s][info ][safepoint      ] Safepoint "Cleanup", Time since last: 8000748661 ns, Reaching safepoint: 7201 ns, Cleanup: 10600 ns, At safepoint: 2500 ns, Total: 20301 ns
[6343.373s][info ][safepoint      ] Safepoint "Cleanup", Time since last: 2000194038 ns, Reaching safepoint: 7300 ns, Cleanup: 10001 ns, At safepoint: 2600 ns, Total: 19901 ns
[6350.373s][info ][safepoint      ] Safepoint "Cleanup", Time since last: 7000549842 ns, Reaching safepoint: 7100 ns, Cleanup: 7800 ns, At safepoint: 2500 ns, Total: 17400 ns
[6352.503s][info ][gc,start       ] GC(147) Pause Young (Allocation Failure)
[6352.509s][debug][gc,phases      ] GC(147) Scavenge 5.804ms
[6352.509s][debug][gc,ref         ] GC(147) ReferenceProcessor::execute queues: 1, RefProcThreadModel::Single, marks_oops_alive: false
[6352.509s][debug][gc,ref         ] GC(147) Skipped KeepAliveFinalRefsPhase of Reference Processing: no references
[6352.509s][debug][gc,ref         ] GC(147) Skipped PhantomRefsPhase of Reference Processing: no references
[6352.509s][debug][gc,phases      ] GC(147) Reference Processing 0.120ms
[6352.509s][debug][gc,phases      ] GC(147)   VM Weak                        Min:  0.0, Avg:  0.0, Max:  0.0, Diff:  0.0, Sum:  0.0, Workers: 4
[6352.509s][debug][gc,phases      ] GC(147)     Dead                           Min: 0, Avg:  0.0, Max: 0, Diff: 0, Sum: 0, Workers: 4
[6352.509s][debug][gc,phases      ] GC(147)     Total                          Min: 0, Avg: 260.8, Max: 531, Diff: 531, Sum: 1043, Workers: 4
[6352.509s][debug][gc,phases      ] GC(147)   ObjectSynchronizer Weak        Min:  0.0, Avg:  0.0, Max:  0.0, Diff:  0.0, Sum:  0.0, Workers: 4
[6352.509s][debug][gc,phases      ] GC(147)     Dead                           Min: 0, Avg:  0.0, Max: 0, Diff: 0, Sum: 0, Workers: 4
[6352.509s][debug][gc,phases      ] GC(147)     Total                          Min: 0, Avg:  1.0, Max: 4, Diff: 4, Sum: 4, Workers: 4
[6352.509s][debug][gc,phases      ] GC(147)   JVMTI Tag Weak OopStorage      Min:  0.0, Avg:  0.0, Max:  0.0, Diff:  0.0, Sum:  0.0, Workers: 4
[6352.509s][debug][gc,phases      ] GC(147)     Dead                           Min: 0, Avg:  0.0, Max: 0, Diff: 0, Sum: 0, Workers: 4
[6352.509s][debug][gc,phases      ] GC(147)     Total                          Min: 0, Avg:  0.0, Max: 0, Diff: 0, Sum: 0, Workers: 4
[6352.509s][debug][gc,phases      ] GC(147)   StringTable Weak               Min:  0.0, Avg:  0.1, Max:  0.1, Diff:  0.1, Sum:  0.4, Workers: 4
[6352.509s][debug][gc,phases      ] GC(147)     Dead                           Min: 0, Avg:  0.0, Max: 0, Diff: 0, Sum: 0, Workers: 4
[6352.509s][debug][gc,phases      ] GC(147)     Total                          Min: 0, Avg: 11988.2, Max: 16210, Diff: 16210, Sum: 47953, Workers: 4
[6352.509s][debug][gc,phases      ] GC(147)   ResolvedMethodTable Weak       Min:  0.0, Avg:  0.0, Max:  0.1, Diff:  0.1, Sum:  0.2, Workers: 4
[6352.509s][debug][gc,phases      ] GC(147)     Dead                           Min: 0, Avg:  4.0, Max: 16, Diff: 16, Sum: 16, Workers: 4
[6352.509s][debug][gc,phases      ] GC(147)     Total                          Min: 0, Avg: 3940.0, Max: 5619, Diff: 5619, Sum: 15760, Workers: 4
[6352.509s][debug][gc,phases      ] GC(147)   JNI Weak                       Min:  0.0, Avg:  0.0, Max:  0.0, Diff:  0.0, Sum:  0.0, Workers: 4
[6352.509s][debug][gc,phases      ] GC(147)     Dead                           Min: 0, Avg:  0.0, Max: 0, Diff: 0, Sum: 0, Workers: 4
[6352.509s][debug][gc,phases      ] GC(147)     Total                          Min: 0, Avg: 13.0, Max: 52, Diff: 52, Sum: 52, Workers: 4
[6352.509s][debug][gc,phases      ] GC(147)   StringDedup Table Weak         Min:  0.0, Avg:  0.0, Max:  0.0, Diff:  0.0, Sum:  0.0, Workers: 4
[6352.509s][debug][gc,phases      ] GC(147)     Dead                           Min: 0, Avg:  0.0, Max: 0, Diff: 0, Sum: 0, Workers: 4
[6352.509s][debug][gc,phases      ] GC(147)     Total                          Min: 0, Avg:  0.0, Max: 0, Diff: 0, Sum: 0, Workers: 4
[6352.509s][debug][gc,phases      ] GC(147)   StringDedup Requests0 Weak     Min:  0.0, Avg:  0.0, Max:  0.0, Diff:  0.0, Sum:  0.0, Workers: 4
[6352.509s][debug][gc,phases      ] GC(147)     Dead                           Min: 0, Avg:  0.0, Max: 0, Diff: 0, Sum: 0, Workers: 4
[6352.509s][debug][gc,phases      ] GC(147)     Total                          Min: 0, Avg:  0.0, Max: 0, Diff: 0, Sum: 0, Workers: 4
[6352.509s][debug][gc,phases      ] GC(147)   StringDedup Requests1 Weak     Min:  0.0, Avg:  0.0, Max:  0.0, Diff:  0.0, Sum:  0.0, Workers: 4
[6352.509s][debug][gc,phases      ] GC(147)     Dead                           Min: 0, Avg:  0.0, Max: 0, Diff: 0, Sum: 0, Workers: 4
[6352.509s][debug][gc,phases      ] GC(147)     Total                          Min: 0, Avg:  0.0, Max: 0, Diff: 0, Sum: 0, Workers: 4
[6352.509s][debug][gc,phases      ] GC(147)   Weak JFR Old Object Samples    Min:  0.0, Avg:  0.0, Max:  0.0, Diff:  0.0, Sum:  0.0, Workers: 4
[6352.509s][debug][gc,phases      ] GC(147)     Dead                           Min: 0, Avg:  0.0, Max: 0, Diff: 0, Sum: 0, Workers: 4
[6352.509s][debug][gc,phases      ] GC(147)     Total                          Min: 0, Avg:  0.0, Max: 0, Diff: 0, Sum: 0, Workers: 4
[6352.509s][debug][gc,phases      ] GC(147) Weak Processing 0.474ms
[6352.509s][debug][gc,age         ] GC(147) Desired survivor size 15728640 bytes, new threshold 1 (max threshold 15)
[6352.509s][info ][gc,heap        ] GC(147) PSYoungGen: 2067526K(2079232K)->5216K(2081792K) Eden: 2062336K(2062336K)->0K(2065408K) From: 5190K(16896K)->5216K(16384K)
[6352.509s][info ][gc,heap        ] GC(147) ParOldGen: 688565K(688640K)->690653K(690688K)
[6352.509s][info ][gc,metaspace   ] GC(147) Metaspace: 112019K(113344K)->112019K(113344K) NonClass: 95395K(96128K)->95395K(96128K) Class: 16623K(17216K)->16623K(17216K)
[6352.509s][info ][gc             ] GC(147) Pause Young (Allocation Failure) 2691M->679M(2707M) 6.572ms
[6352.509s][info ][gc,cpu         ] GC(147) User=0.01s Sys=0.01s Real=0.00s
[6352.510s][info ][safepoint      ] Safepoint "ParallelGCFailedAllocation", Time since last: 2129314266 ns, Reaching safepoint: 82902 ns, Cleanup: 4500 ns, At safepoint: 6664250 ns, Total: 6751652 ns
[6369.215s][info ][safepoint      ] Safepoint "Cleanup", Time since last: 16705689357 ns, Reaching safepoint: 10501 ns, Cleanup: 14000 ns, At safepoint: 9800 ns, Total: 34301 ns
[6374.216s][info ][safepoint      ] Safepoint "Cleanup", Time since last: 5000412111 ns, Reaching safepoint: 6900 ns, Cleanup: 11300 ns, At safepoint: 2800 ns, Total: 21000 ns
[6375.290s][info ][gc,start       ] GC(148) Pause Young (Allocation Failure)
[6375.296s][debug][gc,phases      ] GC(148) Scavenge 5.621ms
[6375.296s][debug][gc,ref         ] GC(148) ReferenceProcessor::execute queues: 1, RefProcThreadModel::Single, marks_oops_alive: false
[6375.296s][debug][gc,ref         ] GC(148) Skipped KeepAliveFinalRefsPhase of Reference Processing: no references
[6375.296s][debug][gc,ref         ] GC(148) ReferenceProcessor::execute queues: 1, RefProcThreadModel::Single, marks_oops_alive: false
[6375.296s][debug][gc,phases      ] GC(148) Reference Processing 0.115ms
[6375.296s][debug][gc,phases      ] GC(148)   VM Weak                        Min:  0.0, Avg:  0.0, Max:  0.0, Diff:  0.0, Sum:  0.0, Workers: 4
[6375.296s][debug][gc,phases      ] GC(148)     Dead                           Min: 0, Avg:  0.0, Max: 0, Diff: 0, Sum: 0, Workers: 4
[6375.296s][debug][gc,phases      ] GC(148)     Total                          Min: 0, Avg: 260.8, Max: 768, Diff: 768, Sum: 1043, Workers: 4
[6375.296s][debug][gc,phases      ] GC(148)   ObjectSynchronizer Weak        Min:  0.0, Avg:  0.0, Max:  0.0, Diff:  0.0, Sum:  0.0, Workers: 4
[6375.296s][debug][gc,phases      ] GC(148)     Dead                           Min: 0, Avg:  0.0, Max: 0, Diff: 0, Sum: 0, Workers: 4
[6375.296s][debug][gc,phases      ] GC(148)     Total                          Min: 0, Avg:  1.0, Max: 4, Diff: 4, Sum: 4, Workers: 4
[6375.296s][debug][gc,phases      ] GC(148)   JVMTI Tag Weak OopStorage      Min:  0.0, Avg:  0.0, Max:  0.0, Diff:  0.0, Sum:  0.0, Workers: 4
[6375.296s][debug][gc,phases      ] GC(148)     Dead                           Min: 0, Avg:  0.0, Max: 0, Diff: 0, Sum: 0, Workers: 4
[6375.296s][debug][gc,phases      ] GC(148)     Total                          Min: 0, Avg:  0.0, Max: 0, Diff: 0, Sum: 0, Workers: 4
[6375.296s][debug][gc,phases      ] GC(148)   StringTable Weak               Min:  0.0, Avg:  0.1, Max:  0.2, Diff:  0.2, Sum:  0.5, Workers: 4
[6375.296s][debug][gc,phases      ] GC(148)     Dead                           Min: 0, Avg:  0.0, Max: 0, Diff: 0, Sum: 0, Workers: 4
[6375.296s][debug][gc,phases      ] GC(148)     Total                          Min: 0, Avg: 11988.2, Max: 16831, Diff: 16831, Sum: 47953, Workers: 4
[6375.296s][debug][gc,phases      ] GC(148)   ResolvedMethodTable Weak       Min:  0.0, Avg:  0.0, Max:  0.1, Diff:  0.1, Sum:  0.2, Workers: 4
[6375.296s][debug][gc,phases      ] GC(148)     Dead                           Min: 0, Avg:  0.0, Max: 0, Diff: 0, Sum: 0, Workers: 4
[6375.296s][debug][gc,phases      ] GC(148)     Total                          Min: 0, Avg: 3940.0, Max: 5836, Diff: 5836, Sum: 15760, Workers: 4
[6375.297s][debug][gc,phases      ] GC(148)   JNI Weak                       Min:  0.0, Avg:  0.0, Max:  0.0, Diff:  0.0, Sum:  0.0, Workers: 4
[6375.297s][debug][gc,phases      ] GC(148)     Dead                           Min: 0, Avg:  0.0, Max: 0, Diff: 0, Sum: 0, Workers: 4
[6375.297s][debug][gc,phases      ] GC(148)     Total                          Min: 0, Avg: 13.0, Max: 52, Diff: 52, Sum: 52, Workers: 4
[6375.297s][debug][gc,phases      ] GC(148)   StringDedup Table Weak         Min:  0.0, Avg:  0.0, Max:  0.0, Diff:  0.0, Sum:  0.0, Workers: 4
[6375.297s][debug][gc,phases      ] GC(148)     Dead                           Min: 0, Avg:  0.0, Max: 0, Diff: 0, Sum: 0, Workers: 4
[6375.297s][debug][gc,phases      ] GC(148)     Total                          Min: 0, Avg:  0.0, Max: 0, Diff: 0, Sum: 0, Workers: 4
[6375.297s][debug][gc,phases      ] GC(148)   StringDedup Requests0 Weak     Min:  0.0, Avg:  0.0, Max:  0.0, Diff:  0.0, Sum:  0.0, Workers: 4
[6375.297s][debug][gc,phases      ] GC(148)     Dead                           Min: 0, Avg:  0.0, Max: 0, Diff: 0, Sum: 0, Workers: 4
[6375.297s][debug][gc,phases      ] GC(148)     Total                          Min: 0, Avg:  0.0, Max: 0, Diff: 0, Sum: 0, Workers: 4
[6375.297s][debug][gc,phases      ] GC(148)   StringDedup Requests1 Weak     Min:  0.0, Avg:  0.0, Max:  0.0, Diff:  0.0, Sum:  0.0, Workers: 4
[6375.297s][debug][gc,phases      ] GC(148)     Dead                           Min: 0, Avg:  0.0, Max: 0, Diff: 0, Sum: 0, Workers: 4
[6375.297s][debug][gc,phases      ] GC(148)     Total                          Min: 0, Avg:  0.0, Max: 0, Diff: 0, Sum: 0, Workers: 4
[6375.297s][debug][gc,phases      ] GC(148)   Weak JFR Old Object Samples    Min:  0.0, Avg:  0.0, Max:  0.0, Diff:  0.0, Sum:  0.0, Workers: 4
[6375.297s][debug][gc,phases      ] GC(148)     Dead                           Min: 0, Avg:  0.0, Max: 0, Diff: 0, Sum: 0, Workers: 4
[6375.297s][debug][gc,phases      ] GC(148)     Total                          Min: 0, Avg:  0.0, Max: 0, Diff: 0, Sum: 0, Workers: 4
[6375.297s][debug][gc,phases      ] GC(148) Weak Processing 0.457ms
[6375.297s][debug][gc,age         ] GC(148) Desired survivor size 15204352 bytes, new threshold 1 (max threshold 15)
[6375.297s][info ][gc,heap        ] GC(148) PSYoungGen: 2070624K(2081792K)->4064K(2080768K) Eden: 2065408K(2065408K)->0K(2065408K) From: 5216K(16384K)->4064K(15360K)
[6375.297s][info ][gc,heap        ] GC(148) ParOldGen: 690653K(690688K)->692813K(693248K)
[6375.297s][info ][gc,metaspace   ] GC(148) Metaspace: 112020K(113344K)->112020K(113344K) NonClass: 95396K(96128K)->95396K(96128K) Class: 16623K(17216K)->16623K(17216K)
[6375.297s][info ][gc             ] GC(148) Pause Young (Allocation Failure) 2696M->680M(2709M) 6.341ms
[6375.297s][info ][gc,cpu         ] GC(148) User=0.02s Sys=0.00s Real=0.01s
[6375.297s][info ][safepoint      ] Safepoint "ParallelGCFailedAllocation", Time since last: 1074566327 ns, Reaching safepoint: 7300 ns, Cleanup: 4801 ns, At safepoint: 6428941 ns, Total: 6441042 ns
[6396.298s][info ][safepoint      ] Safepoint "Cleanup", Time since last: 21001482853 ns, Reaching safepoint: 10300 ns, Cleanup: 12700 ns, At safepoint: 12101 ns, Total: 35101 ns
[6403.519s][info ][gc,start       ] GC(149) Pause Young (Allocation Failure)
[6403.525s][debug][gc,phases      ] GC(149) Scavenge 6.136ms
[6403.525s][debug][gc,ref         ] GC(149) ReferenceProcessor::execute queues: 1, RefProcThreadModel::Single, marks_oops_alive: false
[6403.525s][debug][gc,ref         ] GC(149) Skipped KeepAliveFinalRefsPhase of Reference Processing: no references
[6403.525s][debug][gc,ref         ] GC(149) ReferenceProcessor::execute queues: 1, RefProcThreadModel::Single, marks_oops_alive: false
[6403.525s][debug][gc,phases      ] GC(149) Reference Processing 0.117ms
[6403.525s][debug][gc,phases      ] GC(149)   VM Weak                        Min:  0.0, Avg:  0.0, Max:  0.0, Diff:  0.0, Sum:  0.0, Workers: 4
[6403.525s][debug][gc,phases      ] GC(149)     Dead                           Min: 0, Avg:  0.0, Max: 0, Diff: 0, Sum: 0, Workers: 4
[6403.525s][debug][gc,phases      ] GC(149)     Total                          Min: 0, Avg: 260.8, Max: 723, Diff: 723, Sum: 1043, Workers: 4
[6403.525s][debug][gc,phases      ] GC(149)   ObjectSynchronizer Weak        Min:  0.0, Avg:  0.0, Max:  0.0, Diff:  0.0, Sum:  0.0, Workers: 4
[6403.525s][debug][gc,phases      ] GC(149)     Dead                           Min: 0, Avg:  0.0, Max: 0, Diff: 0, Sum: 0, Workers: 4
[6403.525s][debug][gc,phases      ] GC(149)     Total                          Min: 0, Avg:  1.0, Max: 4, Diff: 4, Sum: 4, Workers: 4
[6403.525s][debug][gc,phases      ] GC(149)   JVMTI Tag Weak OopStorage      Min:  0.0, Avg:  0.0, Max:  0.0, Diff:  0.0, Sum:  0.0, Workers: 4
[6403.525s][debug][gc,phases      ] GC(149)     Dead                           Min: 0, Avg:  0.0, Max: 0, Diff: 0, Sum: 0, Workers: 4
[6403.525s][debug][gc,phases      ] GC(149)     Total                          Min: 0, Avg:  0.0, Max: 0, Diff: 0, Sum: 0, Workers: 4
[6403.525s][debug][gc,phases      ] GC(149)   StringTable Weak               Min:  0.0, Avg:  0.1, Max:  0.1, Diff:  0.1, Sum:  0.4, Workers: 4
[6403.525s][debug][gc,phases      ] GC(149)     Dead                           Min: 0, Avg:  0.0, Max: 0, Diff: 0, Sum: 0, Workers: 4
[6403.525s][debug][gc,phases      ] GC(149)     Total                          Min: 0, Avg: 11988.2, Max: 17470, Diff: 17470, Sum: 47953, Workers: 4
[6403.526s][debug][gc,phases      ] GC(149)   ResolvedMethodTable Weak       Min:  0.0, Avg:  0.0, Max:  0.1, Diff:  0.1, Sum:  0.2, Workers: 4
[6403.526s][debug][gc,phases      ] GC(149)     Dead                           Min: 0, Avg:  4.0, Max: 16, Diff: 16, Sum: 16, Workers: 4
[6403.526s][debug][gc,phases      ] GC(149)     Total                          Min: 0, Avg: 3940.0, Max: 5718, Diff: 5718, Sum: 15760, Workers: 4
[6403.526s][debug][gc,phases      ] GC(149)   JNI Weak                       Min:  0.0, Avg:  0.0, Max:  0.0, Diff:  0.0, Sum:  0.0, Workers: 4
[6403.526s][debug][gc,phases      ] GC(149)     Dead                           Min: 0, Avg:  0.0, Max: 0, Diff: 0, Sum: 0, Workers: 4
[6403.526s][debug][gc,phases      ] GC(149)     Total                          Min: 0, Avg: 13.0, Max: 52, Diff: 52, Sum: 52, Workers: 4
[6403.526s][debug][gc,phases      ] GC(149)   StringDedup Table Weak         Min:  0.0, Avg:  0.0, Max:  0.0, Diff:  0.0, Sum:  0.0, Workers: 4
[6403.526s][debug][gc,phases      ] GC(149)     Dead                           Min: 0, Avg:  0.0, Max: 0, Diff: 0, Sum: 0, Workers: 4
[6403.526s][debug][gc,phases      ] GC(149)     Total                          Min: 0, Avg:  0.0, Max: 0, Diff: 0, Sum: 0, Workers: 4
[6403.526s][debug][gc,phases      ] GC(149)   StringDedup Requests0 Weak     Min:  0.0, Avg:  0.0, Max:  0.0, Diff:  0.0, Sum:  0.0, Workers: 4
[6403.526s][debug][gc,phases      ] GC(149)     Dead                           Min: 0, Avg:  0.0, Max: 0, Diff: 0, Sum: 0, Workers: 4
[6403.526s][debug][gc,phases      ] GC(149)     Total                          Min: 0, Avg:  0.0, Max: 0, Diff: 0, Sum: 0, Workers: 4
[6403.526s][debug][gc,phases      ] GC(149)   StringDedup Requests1 Weak     Min:  0.0, Avg:  0.0, Max:  0.0, Diff:  0.0, Sum:  0.0, Workers: 4
[6403.526s][debug][gc,phases      ] GC(149)     Dead                           Min: 0, Avg:  0.0, Max: 0, Diff: 0, Sum: 0, Workers: 4
[6403.526s][debug][gc,phases      ] GC(149)     Total                          Min: 0, Avg:  0.0, Max: 0, Diff: 0, Sum: 0, Workers: 4
[6403.526s][debug][gc,phases      ] GC(149)   Weak JFR Old Object Samples    Min:  0.0, Avg:  0.0, Max:  0.0, Diff:  0.0, Sum:  0.0, Workers: 4
[6403.526s][debug][gc,phases      ] GC(149)     Dead                           Min: 0, Avg:  0.0, Max: 0, Diff: 0, Sum: 0, Workers: 4
[6403.526s][debug][gc,phases      ] GC(149)     Total                          Min: 0, Avg:  0.0, Max: 0, Diff: 0, Sum: 0, Workers: 4
[6403.526s][debug][gc,phases      ] GC(149) Weak Processing 0.445ms
[6403.526s][debug][gc,age         ] GC(149) Desired survivor size 14680064 bytes, new threshold 1 (max threshold 15)
[6403.526s][info ][gc,heap        ] GC(149) PSYoungGen: 2069472K(2080768K)->5840K(2082816K) Eden: 2065408K(2065408K)->0K(2067968K) From: 4064K(15360K)->5840K(14848K)
[6403.526s][info ][gc,heap        ] GC(149) ParOldGen: 692813K(693248K)->693906K(694272K)
[6403.526s][info ][gc,metaspace   ] GC(149) Metaspace: 112020K(113344K)->112020K(113344K) NonClass: 95397K(96128K)->95397K(96128K) Class: 16623K(17216K)->16623K(17216K)
[6403.526s][info ][gc             ] GC(149) Pause Young (Allocation Failure) 2697M->683M(2712M) 6.848ms
[6403.526s][info ][gc,cpu         ] GC(149) User=0.02s Sys=0.00s Real=0.01s
[6403.526s][info ][safepoint      ] Safepoint "ParallelGCFailedAllocation", Time since last: 7220559945 ns, Reaching safepoint: 7300 ns, Cleanup: 3800 ns, At safepoint: 6931618 ns, Total: 6942718 ns
[6421.527s][info ][safepoint      ] Safepoint "Cleanup", Time since last: 18001268230 ns, Reaching safepoint: 5900 ns, Cleanup: 15600 ns, At safepoint: 2600 ns, Total: 24100 ns
[6427.232s][info ][safepoint      ] Safepoint "Cleanup", Time since last: 5705221101 ns, Reaching safepoint: 9000 ns, Cleanup: 12700 ns, At safepoint: 2900 ns, Total: 24600 ns
[6431.005s][info ][gc,start       ] GC(150) Pause Young (Allocation Failure)
[6431.012s][debug][gc,phases      ] GC(150) Scavenge 6.517ms
[6431.012s][debug][gc,ref         ] GC(150) ReferenceProcessor::execute queues: 1, RefProcThreadModel::Single, marks_oops_alive: false
[6431.012s][debug][gc,ref         ] GC(150) Skipped KeepAliveFinalRefsPhase of Reference Processing: no references
[6431.012s][debug][gc,ref         ] GC(150) ReferenceProcessor::execute queues: 1, RefProcThreadModel::Single, marks_oops_alive: false
[6431.012s][debug][gc,phases      ] GC(150) Reference Processing 0.114ms
[6431.012s][debug][gc,phases      ] GC(150)   VM Weak                        Min:  0.0, Avg:  0.0, Max:  0.0, Diff:  0.0, Sum:  0.0, Workers: 4
[6431.012s][debug][gc,phases      ] GC(150)     Dead                           Min: 0, Avg:  0.0, Max: 0, Diff: 0, Sum: 0, Workers: 4
[6431.012s][debug][gc,phases      ] GC(150)     Total                          Min: 0, Avg: 260.8, Max: 595, Diff: 595, Sum: 1043, Workers: 4
[6431.012s][debug][gc,phases      ] GC(150)   ObjectSynchronizer Weak        Min:  0.0, Avg:  0.0, Max:  0.0, Diff:  0.0, Sum:  0.0, Workers: 4
[6431.012s][debug][gc,phases      ] GC(150)     Dead                           Min: 0, Avg:  0.0, Max: 0, Diff: 0, Sum: 0, Workers: 4
[6431.012s][debug][gc,phases      ] GC(150)     Total                          Min: 0, Avg:  0.8, Max: 3, Diff: 3, Sum: 3, Workers: 4
[6431.012s][debug][gc,phases      ] GC(150)   JVMTI Tag Weak OopStorage      Min:  0.0, Avg:  0.0, Max:  0.0, Diff:  0.0, Sum:  0.0, Workers: 4
[6431.012s][debug][gc,phases      ] GC(150)     Dead                           Min: 0, Avg:  0.0, Max: 0, Diff: 0, Sum: 0, Workers: 4
[6431.012s][debug][gc,phases      ] GC(150)     Total                          Min: 0, Avg:  0.0, Max: 0, Diff: 0, Sum: 0, Workers: 4
[6431.012s][debug][gc,phases      ] GC(150)   StringTable Weak               Min:  0.0, Avg:  0.1, Max:  0.1, Diff:  0.1, Sum:  0.4, Workers: 4
[6431.012s][debug][gc,phases      ] GC(150)     Dead                           Min: 0, Avg:  0.0, Max: 0, Diff: 0, Sum: 0, Workers: 4
[6431.012s][debug][gc,phases      ] GC(150)     Total                          Min: 0, Avg: 11989.0, Max: 16575, Diff: 16575, Sum: 47956, Workers: 4
[6431.012s][debug][gc,phases      ] GC(150)   ResolvedMethodTable Weak       Min:  0.0, Avg:  0.0, Max:  0.1, Diff:  0.1, Sum:  0.2, Workers: 4
[6431.012s][debug][gc,phases      ] GC(150)     Dead                           Min: 0, Avg:  0.0, Max: 0, Diff: 0, Sum: 0, Workers: 4
[6431.012s][debug][gc,phases      ] GC(150)     Total                          Min: 0, Avg: 3941.2, Max: 5500, Diff: 5500, Sum: 15765, Workers: 4
[6431.012s][debug][gc,phases      ] GC(150)   JNI Weak                       Min:  0.0, Avg:  0.0, Max:  0.0, Diff:  0.0, Sum:  0.0, Workers: 4
[6431.012s][debug][gc,phases      ] GC(150)     Dead                           Min: 0, Avg:  0.0, Max: 0, Diff: 0, Sum: 0, Workers: 4
[6431.012s][debug][gc,phases      ] GC(150)     Total                          Min: 0, Avg: 13.0, Max: 52, Diff: 52, Sum: 52, Workers: 4
[6431.012s][debug][gc,phases      ] GC(150)   StringDedup Table Weak         Min:  0.0, Avg:  0.0, Max:  0.0, Diff:  0.0, Sum:  0.0, Workers: 4
[6431.012s][debug][gc,phases      ] GC(150)     Dead                           Min: 0, Avg:  0.0, Max: 0, Diff: 0, Sum: 0, Workers: 4
[6431.012s][debug][gc,phases      ] GC(150)     Total                          Min: 0, Avg:  0.0, Max: 0, Diff: 0, Sum: 0, Workers: 4
[6431.012s][debug][gc,phases      ] GC(150)   StringDedup Requests0 Weak     Min:  0.0, Avg:  0.0, Max:  0.0, Diff:  0.0, Sum:  0.0, Workers: 4
[6431.012s][debug][gc,phases      ] GC(150)     Dead                           Min: 0, Avg:  0.0, Max: 0, Diff: 0, Sum: 0, Workers: 4
[6431.012s][debug][gc,phases      ] GC(150)     Total                          Min: 0, Avg:  0.0, Max: 0, Diff: 0, Sum: 0, Workers: 4
[6431.012s][debug][gc,phases      ] GC(150)   StringDedup Requests1 Weak     Min:  0.0, Avg:  0.0, Max:  0.0, Diff:  0.0, Sum:  0.0, Workers: 4
[6431.012s][debug][gc,phases      ] GC(150)     Dead                           Min: 0, Avg:  0.0, Max: 0, Diff: 0, Sum: 0, Workers: 4
[6431.012s][debug][gc,phases      ] GC(150)     Total                          Min: 0, Avg:  0.0, Max: 0, Diff: 0, Sum: 0, Workers: 4
[6431.012s][debug][gc,phases      ] GC(150)   Weak JFR Old Object Samples    Min:  0.0, Avg:  0.0, Max:  0.0, Diff:  0.0, Sum:  0.0, Workers: 4
[6431.013s][debug][gc,phases      ] GC(150)     Dead                           Min: 0, Avg:  0.0, Max: 0, Diff: 0, Sum: 0, Workers: 4
[6431.013s][debug][gc,phases      ] GC(150)     Total                          Min: 0, Avg:  0.0, Max: 0, Diff: 0, Sum: 0, Workers: 4
[6431.013s][debug][gc,phases      ] GC(150) Weak Processing 0.445ms
[6431.013s][debug][gc,age         ] GC(150) Desired survivor size 13631488 bytes, new threshold 1 (max threshold 15)
[6431.013s][info ][gc,heap        ] GC(150) PSYoungGen: 2073808K(2082816K)->5744K(2082304K) Eden: 2067968K(2067968K)->0K(2067968K) From: 5840K(14848K)->5744K(14336K)
[6431.013s][info ][gc,heap        ] GC(150) ParOldGen: 693906K(694272K)->695454K(695808K)
[6431.013s][info ][gc,metaspace   ] GC(150) Metaspace: 112028K(113344K)->112028K(113344K) NonClass: 95402K(96128K)->95402K(96128K) Class: 16625K(17216K)->16625K(17216K)
[6431.013s][info ][gc             ] GC(150) Pause Young (Allocation Failure) 2702M->684M(2713M) 7.231ms
[6431.013s][info ][gc,cpu         ] GC(150) User=0.02s Sys=0.00s Real=0.01s
[6431.013s][info ][safepoint      ] Safepoint "ParallelGCFailedAllocation", Time since last: 3772929038 ns, Reaching safepoint: 79702 ns, Cleanup: 4000 ns, At safepoint: 7357838 ns, Total: 7441540 ns
[6432.013s][info ][safepoint      ] Safepoint "Cleanup", Time since last: 1000088383 ns, Reaching safepoint: 6200 ns, Cleanup: 11801 ns, At safepoint: 2700 ns, Total: 20701 ns
[6447.014s][info ][safepoint      ] Safepoint "Cleanup", Time since last: 15001245673 ns, Reaching safepoint: 6900 ns, Cleanup: 12500 ns, At safepoint: 2701 ns, Total: 22101 ns
[6448.014s][info ][safepoint      ] Safepoint "Cleanup", Time since last: 1000119694 ns, Reaching safepoint: 6400 ns, Cleanup: 9800 ns, At safepoint: 2500 ns, Total: 18700 ns
[6450.014s][info ][safepoint      ] Safepoint "Cleanup", Time since last: 2000180991 ns, Reaching safepoint: 6500 ns, Cleanup: 28001 ns, At safepoint: 2900 ns, Total: 37401 ns
[6453.015s][info ][safepoint      ] Safepoint "Cleanup", Time since last: 3000247585 ns, Reaching safepoint: 6000 ns, Cleanup: 14001 ns, At safepoint: 2700 ns, Total: 22701 ns
[6454.015s][info ][safepoint      ] Safepoint "Cleanup", Time since last: 1000112662 ns, Reaching safepoint: 5900 ns, Cleanup: 10000 ns, At safepoint: 2500 ns, Total: 18400 ns
[6459.780s][info ][gc,start       ] GC(151) Pause Young (Allocation Failure)
[6459.788s][debug][gc,phases      ] GC(151) Scavenge 8.046ms
[6459.788s][debug][gc,ref         ] GC(151) ReferenceProcessor::execute queues: 1, RefProcThreadModel::Single, marks_oops_alive: false
[6459.788s][debug][gc,ref         ] GC(151) Skipped KeepAliveFinalRefsPhase of Reference Processing: no references
[6459.788s][debug][gc,ref         ] GC(151) ReferenceProcessor::execute queues: 1, RefProcThreadModel::Single, marks_oops_alive: false
[6459.788s][debug][gc,phases      ] GC(151) Reference Processing 0.154ms
[6459.789s][debug][gc,phases      ] GC(151)   VM Weak                        Min:  0.0, Avg:  0.0, Max:  0.0, Diff:  0.0, Sum:  0.0, Workers: 4
[6459.789s][debug][gc,phases      ] GC(151)     Dead                           Min: 0, Avg:  0.0, Max: 0, Diff: 0, Sum: 0, Workers: 4
[6459.789s][debug][gc,phases      ] GC(151)     Total                          Min: 0, Avg: 260.8, Max: 768, Diff: 768, Sum: 1043, Workers: 4
[6459.789s][debug][gc,phases      ] GC(151)   ObjectSynchronizer Weak        Min:  0.0, Avg:  0.0, Max:  0.0, Diff:  0.0, Sum:  0.0, Workers: 4
[6459.789s][debug][gc,phases      ] GC(151)     Dead                           Min: 0, Avg:  0.0, Max: 0, Diff: 0, Sum: 0, Workers: 4
[6459.789s][debug][gc,phases      ] GC(151)     Total                          Min: 0, Avg:  1.0, Max: 4, Diff: 4, Sum: 4, Workers: 4
[6459.789s][debug][gc,phases      ] GC(151)   JVMTI Tag Weak OopStorage      Min:  0.0, Avg:  0.0, Max:  0.0, Diff:  0.0, Sum:  0.0, Workers: 4
[6459.789s][debug][gc,phases      ] GC(151)     Dead                           Min: 0, Avg:  0.0, Max: 0, Diff: 0, Sum: 0, Workers: 4
[6459.789s][debug][gc,phases      ] GC(151)     Total                          Min: 0, Avg:  0.0, Max: 0, Diff: 0, Sum: 0, Workers: 4
[6459.789s][debug][gc,phases      ] GC(151)   StringTable Weak               Min:  0.0, Avg:  0.1, Max:  0.2, Diff:  0.2, Sum:  0.5, Workers: 4
[6459.789s][debug][gc,phases      ] GC(151)     Dead                           Min: 0, Avg:  0.8, Max: 3, Diff: 3, Sum: 3, Workers: 4
[6459.789s][debug][gc,phases      ] GC(151)     Total                          Min: 0, Avg: 12007.0, Max: 25024, Diff: 25024, Sum: 48028, Workers: 4
[6459.789s][debug][gc,phases      ] GC(151)   ResolvedMethodTable Weak       Min:  0.0, Avg:  0.0, Max:  0.1, Diff:  0.1, Sum:  0.2, Workers: 4
[6459.789s][debug][gc,phases      ] GC(151)     Dead                           Min: 0, Avg: 12.5, Max: 34, Diff: 34, Sum: 50, Workers: 4
[6459.789s][debug][gc,phases      ] GC(151)     Total                          Min: 0, Avg: 3956.0, Max: 8566, Diff: 8566, Sum: 15824, Workers: 4
[6459.789s][debug][gc,phases      ] GC(151)   JNI Weak                       Min:  0.0, Avg:  0.0, Max:  0.0, Diff:  0.0, Sum:  0.0, Workers: 4
[6459.789s][debug][gc,phases      ] GC(151)     Dead                           Min: 0, Avg:  0.0, Max: 0, Diff: 0, Sum: 0, Workers: 4
[6459.789s][debug][gc,phases      ] GC(151)     Total                          Min: 0, Avg: 13.0, Max: 52, Diff: 52, Sum: 52, Workers: 4
[6459.789s][debug][gc,phases      ] GC(151)   StringDedup Table Weak         Min:  0.0, Avg:  0.0, Max:  0.0, Diff:  0.0, Sum:  0.0, Workers: 4
[6459.789s][debug][gc,phases      ] GC(151)     Dead                           Min: 0, Avg:  0.0, Max: 0, Diff: 0, Sum: 0, Workers: 4
[6459.789s][debug][gc,phases      ] GC(151)     Total                          Min: 0, Avg:  0.0, Max: 0, Diff: 0, Sum: 0, Workers: 4
[6459.789s][debug][gc,phases      ] GC(151)   StringDedup Requests0 Weak     Min:  0.0, Avg:  0.0, Max:  0.0, Diff:  0.0, Sum:  0.0, Workers: 4
[6459.789s][debug][gc,phases      ] GC(151)     Dead                           Min: 0, Avg:  0.0, Max: 0, Diff: 0, Sum: 0, Workers: 4
[6459.789s][debug][gc,phases      ] GC(151)     Total                          Min: 0, Avg:  0.0, Max: 0, Diff: 0, Sum: 0, Workers: 4
[6459.789s][debug][gc,phases      ] GC(151)   StringDedup Requests1 Weak     Min:  0.0, Avg:  0.0, Max:  0.0, Diff:  0.0, Sum:  0.0, Workers: 4
[6459.789s][debug][gc,phases      ] GC(151)     Dead                           Min: 0, Avg:  0.0, Max: 0, Diff: 0, Sum: 0, Workers: 4
[6459.789s][debug][gc,phases      ] GC(151)     Total                          Min: 0, Avg:  0.0, Max: 0, Diff: 0, Sum: 0, Workers: 4
[6459.789s][debug][gc,phases      ] GC(151)   Weak JFR Old Object Samples    Min:  0.0, Avg:  0.0, Max:  0.0, Diff:  0.0, Sum:  0.0, Workers: 4
[6459.789s][debug][gc,phases      ] GC(151)     Dead                           Min: 0, Avg:  0.0, Max: 0, Diff: 0, Sum: 0, Workers: 4
[6459.789s][debug][gc,phases      ] GC(151)     Total                          Min: 0, Avg:  0.0, Max: 0, Diff: 0, Sum: 0, Workers: 4
[6459.789s][debug][gc,phases      ] GC(151) Weak Processing 0.628ms
[6459.789s][debug][gc,age         ] GC(151) Desired survivor size 13107200 bytes, new threshold 1 (max threshold 15)
[6459.789s][info ][gc,heap        ] GC(151) PSYoungGen: 2073712K(2082304K)->5740K(2084352K) Eden: 2067968K(2067968K)->0K(2071040K) From: 5744K(14336K)->5740K(13312K)
[6459.789s][info ][gc,heap        ] GC(151) ParOldGen: 695454K(695808K)->698187K(698368K)
[6459.789s][info ][gc,metaspace   ] GC(151) Metaspace: 112147K(113536K)->112147K(113536K) NonClass: 95500K(96256K)->95500K(96256K) Class: 16646K(17280K)->16646K(17280K)
[6459.789s][info ][gc             ] GC(151) Pause Young (Allocation Failure) 2704M->687M(2717M) 8.988ms
[6459.789s][info ][gc,cpu         ] GC(151) User=0.02s Sys=0.00s Real=0.00s
[6459.789s][info ][safepoint      ] Safepoint "ParallelGCFailedAllocation", Time since last: 5765397388 ns, Reaching safepoint: 6400 ns, Cleanup: 4300 ns, At safepoint: 9079144 ns, Total: 9089844 ns
[6466.790s][info ][safepoint      ] Safepoint "Cleanup", Time since last: 7000525386 ns, Reaching safepoint: 11300 ns, Cleanup: 13500 ns, At safepoint: 3400 ns, Total: 28200 ns
[6477.791s][info ][safepoint      ] Safepoint "Cleanup", Time since last: 11000892930 ns, Reaching safepoint: 6600 ns, Cleanup: 12901 ns, At safepoint: 2600 ns, Total: 22101 ns
[6481.791s][info ][safepoint      ] Safepoint "Cleanup", Time since last: 4000336465 ns, Reaching safepoint: 6800 ns, Cleanup: 6000 ns, At safepoint: 2600 ns, Total: 15400 ns
[6483.560s][info ][gc,start       ] GC(152) Pause Young (Allocation Failure)
[6483.567s][debug][gc,phases      ] GC(152) Scavenge 7.115ms
[6483.568s][debug][gc,ref         ] GC(152) ReferenceProcessor::execute queues: 1, RefProcThreadModel::Single, marks_oops_alive: false
[6483.568s][debug][gc,ref         ] GC(152) Skipped KeepAliveFinalRefsPhase of Reference Processing: no references
[6483.568s][debug][gc,ref         ] GC(152) ReferenceProcessor::execute queues: 1, RefProcThreadModel::Single, marks_oops_alive: false
[6483.568s][debug][gc,phases      ] GC(152) Reference Processing 0.116ms
[6483.568s][debug][gc,phases      ] GC(152)   VM Weak                        Min:  0.0, Avg:  0.0, Max:  0.0, Diff:  0.0, Sum:  0.0, Workers: 4
[6483.568s][debug][gc,phases      ] GC(152)     Dead                           Min: 0, Avg:  0.0, Max: 0, Diff: 0, Sum: 0, Workers: 4
[6483.568s][debug][gc,phases      ] GC(152)     Total                          Min: 0, Avg: 260.8, Max: 787, Diff: 787, Sum: 1043, Workers: 4
[6483.568s][debug][gc,phases      ] GC(152)   ObjectSynchronizer Weak        Min:  0.0, Avg:  0.0, Max:  0.0, Diff:  0.0, Sum:  0.0, Workers: 4
[6483.568s][debug][gc,phases      ] GC(152)     Dead                           Min: 0, Avg:  0.0, Max: 0, Diff: 0, Sum: 0, Workers: 4
[6483.568s][debug][gc,phases      ] GC(152)     Total                          Min: 0, Avg:  0.8, Max: 3, Diff: 3, Sum: 3, Workers: 4
[6483.568s][debug][gc,phases      ] GC(152)   JVMTI Tag Weak OopStorage      Min:  0.0, Avg:  0.0, Max:  0.0, Diff:  0.0, Sum:  0.0, Workers: 4
[6483.568s][debug][gc,phases      ] GC(152)     Dead                           Min: 0, Avg:  0.0, Max: 0, Diff: 0, Sum: 0, Workers: 4
[6483.568s][debug][gc,phases      ] GC(152)     Total                          Min: 0, Avg:  0.0, Max: 0, Diff: 0, Sum: 0, Workers: 4
[6483.568s][debug][gc,phases      ] GC(152)   StringTable Weak               Min:  0.1, Avg:  0.1, Max:  0.1, Diff:  0.1, Sum:  0.5, Workers: 4
[6483.568s][debug][gc,phases      ] GC(152)     Dead                           Min: 0, Avg:  0.0, Max: 0, Diff: 0, Sum: 0, Workers: 4
[6483.568s][debug][gc,phases      ] GC(152)     Total                          Min: 8157, Avg: 12007.2, Max: 14080, Diff: 5923, Sum: 48029, Workers: 4
[6483.568s][debug][gc,phases      ] GC(152)   ResolvedMethodTable Weak       Min:  0.0, Avg:  0.0, Max:  0.0, Diff:  0.0, Sum:  0.2, Workers: 4
[6483.568s][debug][gc,phases      ] GC(152)     Dead                           Min: 0, Avg:  4.2, Max: 17, Diff: 17, Sum: 17, Workers: 4
[6483.568s][debug][gc,phases      ] GC(152)     Total                          Min: 3622, Avg: 3956.0, Max: 4238, Diff: 616, Sum: 15824, Workers: 4
[6483.568s][debug][gc,phases      ] GC(152)   JNI Weak                       Min:  0.0, Avg:  0.0, Max:  0.0, Diff:  0.0, Sum:  0.0, Workers: 4
[6483.568s][debug][gc,phases      ] GC(152)     Dead                           Min: 0, Avg:  0.0, Max: 0, Diff: 0, Sum: 0, Workers: 4
[6483.568s][debug][gc,phases      ] GC(152)     Total                          Min: 0, Avg: 13.0, Max: 52, Diff: 52, Sum: 52, Workers: 4
[6483.568s][debug][gc,phases      ] GC(152)   StringDedup Table Weak         Min:  0.0, Avg:  0.0, Max:  0.0, Diff:  0.0, Sum:  0.0, Workers: 4
[6483.568s][debug][gc,phases      ] GC(152)     Dead                           Min: 0, Avg:  0.0, Max: 0, Diff: 0, Sum: 0, Workers: 4
[6483.568s][debug][gc,phases      ] GC(152)     Total                          Min: 0, Avg:  0.0, Max: 0, Diff: 0, Sum: 0, Workers: 4
[6483.568s][debug][gc,phases      ] GC(152)   StringDedup Requests0 Weak     Min:  0.0, Avg:  0.0, Max:  0.0, Diff:  0.0, Sum:  0.0, Workers: 4
[6483.568s][debug][gc,phases      ] GC(152)     Dead                           Min: 0, Avg:  0.0, Max: 0, Diff: 0, Sum: 0, Workers: 4
[6483.568s][debug][gc,phases      ] GC(152)     Total                          Min: 0, Avg:  0.0, Max: 0, Diff: 0, Sum: 0, Workers: 4
[6483.568s][debug][gc,phases      ] GC(152)   StringDedup Requests1 Weak     Min:  0.0, Avg:  0.0, Max:  0.0, Diff:  0.0, Sum:  0.0, Workers: 4
[6483.568s][debug][gc,phases      ] GC(152)     Dead                           Min: 0, Avg:  0.0, Max: 0, Diff: 0, Sum: 0, Workers: 4
[6483.568s][debug][gc,phases      ] GC(152)     Total                          Min: 0, Avg:  0.0, Max: 0, Diff: 0, Sum: 0, Workers: 4
[6483.568s][debug][gc,phases      ] GC(152)   Weak JFR Old Object Samples    Min:  0.0, Avg:  0.0, Max:  0.0, Diff:  0.0, Sum:  0.0, Workers: 4
[6483.568s][debug][gc,phases      ] GC(152)     Dead                           Min: 0, Avg:  0.0, Max: 0, Diff: 0, Sum: 0, Workers: 4
[6483.568s][debug][gc,phases      ] GC(152)     Total                          Min: 0, Avg:  0.0, Max: 0, Diff: 0, Sum: 0, Workers: 4
[6483.568s][debug][gc,phases      ] GC(152) Weak Processing 0.424ms
[6483.568s][debug][gc,age         ] GC(152) Desired survivor size 12582912 bytes, new threshold 1 (max threshold 15)
[6483.568s][info ][gc,heap        ] GC(152) PSYoungGen: 2076780K(2084352K)->6336K(2083840K) Eden: 2071040K(2071040K)->0K(2071040K) From: 5740K(13312K)->6336K(12800K)
[6483.568s][info ][gc,heap        ] GC(152) ParOldGen: 698187K(698368K)->700974K(701440K)
[6483.568s][info ][gc,metaspace   ] GC(152) Metaspace: 112152K(113536K)->112152K(113536K) NonClass: 95505K(96256K)->95505K(96256K) Class: 16646K(17280K)->16646K(17280K)
[6483.568s][info ][gc             ] GC(152) Pause Young (Allocation Failure) 2709M->690M(2720M) 7.873ms
[6483.568s][info ][gc,cpu         ] GC(152) User=0.02s Sys=0.00s Real=0.00s
[6483.568s][info ][safepoint      ] Safepoint "ParallelGCFailedAllocation", Time since last: 1768959525 ns, Reaching safepoint: 190203 ns, Cleanup: 4900 ns, At safepoint: 7960122 ns, Total: 8155225 ns
[6484.568s][info ][safepoint      ] Safepoint "Cleanup", Time since last: 1000096135 ns, Reaching safepoint: 7200 ns, Cleanup: 11300 ns, At safepoint: 2700 ns, Total: 21200 ns
[6511.454s][info ][gc,start       ] GC(153) Pause Young (Allocation Failure)
[6511.460s][debug][gc,phases      ] GC(153) Scavenge 5.925ms
[6511.460s][debug][gc,ref         ] GC(153) ReferenceProcessor::execute queues: 1, RefProcThreadModel::Single, marks_oops_alive: false
[6511.460s][debug][gc,ref         ] GC(153) Skipped KeepAliveFinalRefsPhase of Reference Processing: no references
[6511.460s][debug][gc,ref         ] GC(153) ReferenceProcessor::execute queues: 1, RefProcThreadModel::Single, marks_oops_alive: false
[6511.460s][debug][gc,phases      ] GC(153) Reference Processing 0.156ms
[6511.460s][debug][gc,phases      ] GC(153)   VM Weak                        Min:  0.0, Avg:  0.0, Max:  0.0, Diff:  0.0, Sum:  0.0, Workers: 4
[6511.460s][debug][gc,phases      ] GC(153)     Dead                           Min: 0, Avg:  0.0, Max: 0, Diff: 0, Sum: 0, Workers: 4
[6511.460s][debug][gc,phases      ] GC(153)     Total                          Min: 0, Avg: 260.8, Max: 768, Diff: 768, Sum: 1043, Workers: 4
[6511.460s][debug][gc,phases      ] GC(153)   ObjectSynchronizer Weak        Min:  0.0, Avg:  0.0, Max:  0.0, Diff:  0.0, Sum:  0.0, Workers: 4
[6511.460s][debug][gc,phases      ] GC(153)     Dead                           Min: 0, Avg:  0.0, Max: 0, Diff: 0, Sum: 0, Workers: 4
[6511.460s][debug][gc,phases      ] GC(153)     Total                          Min: 0, Avg:  1.0, Max: 4, Diff: 4, Sum: 4, Workers: 4
[6511.460s][debug][gc,phases      ] GC(153)   JVMTI Tag Weak OopStorage      Min:  0.0, Avg:  0.0, Max:  0.0, Diff:  0.0, Sum:  0.0, Workers: 4
[6511.460s][debug][gc,phases      ] GC(153)     Dead                           Min: 0, Avg:  0.0, Max: 0, Diff: 0, Sum: 0, Workers: 4
[6511.460s][debug][gc,phases      ] GC(153)     Total                          Min: 0, Avg:  0.0, Max: 0, Diff: 0, Sum: 0, Workers: 4
[6511.460s][debug][gc,phases      ] GC(153)   StringTable Weak               Min:  0.0, Avg:  0.1, Max:  0.2, Diff:  0.2, Sum:  0.5, Workers: 4
[6511.460s][debug][gc,phases      ] GC(153)     Dead                           Min: 0, Avg:  0.0, Max: 0, Diff: 0, Sum: 0, Workers: 4
[6511.460s][debug][gc,phases      ] GC(153)     Total                          Min: 0, Avg: 12007.2, Max: 16640, Diff: 16640, Sum: 48029, Workers: 4
[6511.460s][debug][gc,phases      ] GC(153)   ResolvedMethodTable Weak       Min:  0.0, Avg:  0.0, Max:  0.1, Diff:  0.1, Sum:  0.2, Workers: 4
[6511.460s][debug][gc,phases      ] GC(153)     Dead                           Min: 0, Avg:  4.0, Max: 16, Diff: 16, Sum: 16, Workers: 4
[6511.460s][debug][gc,phases      ] GC(153)     Total                          Min: 0, Avg: 3956.0, Max: 5608, Diff: 5608, Sum: 15824, Workers: 4
[6511.460s][debug][gc,phases      ] GC(153)   JNI Weak                       Min:  0.0, Avg:  0.0, Max:  0.0, Diff:  0.0, Sum:  0.0, Workers: 4
[6511.460s][debug][gc,phases      ] GC(153)     Dead                           Min: 0, Avg:  0.0, Max: 0, Diff: 0, Sum: 0, Workers: 4
[6511.460s][debug][gc,phases      ] GC(153)     Total                          Min: 0, Avg: 13.0, Max: 52, Diff: 52, Sum: 52, Workers: 4
[6511.460s][debug][gc,phases      ] GC(153)   StringDedup Table Weak         Min:  0.0, Avg:  0.0, Max:  0.0, Diff:  0.0, Sum:  0.0, Workers: 4
[6511.460s][debug][gc,phases      ] GC(153)     Dead                           Min: 0, Avg:  0.0, Max: 0, Diff: 0, Sum: 0, Workers: 4
[6511.460s][debug][gc,phases      ] GC(153)     Total                          Min: 0, Avg:  0.0, Max: 0, Diff: 0, Sum: 0, Workers: 4
[6511.460s][debug][gc,phases      ] GC(153)   StringDedup Requests0 Weak     Min:  0.0, Avg:  0.0, Max:  0.0, Diff:  0.0, Sum:  0.0, Workers: 4
[6511.460s][debug][gc,phases      ] GC(153)     Dead                           Min: 0, Avg:  0.0, Max: 0, Diff: 0, Sum: 0, Workers: 4
[6511.460s][debug][gc,phases      ] GC(153)     Total                          Min: 0, Avg:  0.0, Max: 0, Diff: 0, Sum: 0, Workers: 4
[6511.460s][debug][gc,phases      ] GC(153)   StringDedup Requests1 Weak     Min:  0.0, Avg:  0.0, Max:  0.0, Diff:  0.0, Sum:  0.0, Workers: 4
[6511.460s][debug][gc,phases      ] GC(153)     Dead                           Min: 0, Avg:  0.0, Max: 0, Diff: 0, Sum: 0, Workers: 4
[6511.460s][debug][gc,phases      ] GC(153)     Total                          Min: 0, Avg:  0.0, Max: 0, Diff: 0, Sum: 0, Workers: 4
[6511.460s][debug][gc,phases      ] GC(153)   Weak JFR Old Object Samples    Min:  0.0, Avg:  0.0, Max:  0.0, Diff:  0.0, Sum:  0.0, Workers: 4
[6511.460s][debug][gc,phases      ] GC(153)     Dead                           Min: 0, Avg:  0.0, Max: 0, Diff: 0, Sum: 0, Workers: 4
[6511.460s][debug][gc,phases      ] GC(153)     Total                          Min: 0, Avg:  0.0, Max: 0, Diff: 0, Sum: 0, Workers: 4
[6511.460s][debug][gc,phases      ] GC(153) Weak Processing 0.447ms
[6511.460s][debug][gc,age         ] GC(153) Desired survivor size 12058624 bytes, new threshold 1 (max threshold 15)
[6511.460s][info ][gc,heap        ] GC(153) PSYoungGen: 2077376K(2083840K)->4288K(2085376K) Eden: 2071040K(2071040K)->0K(2073088K) From: 6336K(12800K)->4288K(12288K)
[6511.460s][info ][gc,heap        ] GC(153) ParOldGen: 700974K(701440K)->703735K(704000K)
[6511.460s][info ][gc,metaspace   ] GC(153) Metaspace: 112157K(113536K)->112157K(113536K) NonClass: 95510K(96256K)->95510K(96256K) Class: 16646K(17280K)->16646K(17280K)
[6511.460s][info ][gc             ] GC(153) Pause Young (Allocation Failure) 2713M->691M(2724M) 6.671ms
[6511.460s][info ][gc,cpu         ] GC(153) User=0.00s Sys=0.02s Real=0.01s
[6511.460s][info ][safepoint      ] Safepoint "ParallelGCFailedAllocation", Time since last: 26885205955 ns, Reaching safepoint: 6600 ns, Cleanup: 4800 ns, At safepoint: 6786604 ns, Total: 6798004 ns
[6532.462s][info ][safepoint      ] Safepoint "Cleanup", Time since last: 21001693620 ns, Reaching safepoint: 80901 ns, Cleanup: 9600 ns, At safepoint: 6600 ns, Total: 97101 ns
[6533.462s][info ][safepoint      ] Safepoint "Cleanup", Time since last: 1000127167 ns, Reaching safepoint: 6801 ns, Cleanup: 11700 ns, At safepoint: 2700 ns, Total: 21201 ns
[6534.462s][info ][safepoint      ] Safepoint "Cleanup", Time since last: 1000120501 ns, Reaching safepoint: 78501 ns, Cleanup: 10200 ns, At safepoint: 8000 ns, Total: 96701 ns
[6539.299s][info ][gc,start       ] GC(154) Pause Young (Allocation Failure)
[6539.305s][debug][gc,phases      ] GC(154) Scavenge 5.431ms
[6539.305s][debug][gc,ref         ] GC(154) ReferenceProcessor::execute queues: 1, RefProcThreadModel::Single, marks_oops_alive: false
[6539.305s][debug][gc,ref         ] GC(154) Skipped KeepAliveFinalRefsPhase of Reference Processing: no references
[6539.305s][debug][gc,ref         ] GC(154) Skipped PhantomRefsPhase of Reference Processing: no references
[6539.305s][debug][gc,phases      ] GC(154) Reference Processing 0.128ms
[6539.305s][debug][gc,phases      ] GC(154)   VM Weak                        Min:  0.0, Avg:  0.0, Max:  0.0, Diff:  0.0, Sum:  0.0, Workers: 4
[6539.305s][debug][gc,phases      ] GC(154)     Dead                           Min: 0, Avg:  0.0, Max: 0, Diff: 0, Sum: 0, Workers: 4
[6539.305s][debug][gc,phases      ] GC(154)     Total                          Min: 0, Avg: 260.8, Max: 704, Diff: 704, Sum: 1043, Workers: 4
[6539.305s][debug][gc,phases      ] GC(154)   ObjectSynchronizer Weak        Min:  0.0, Avg:  0.0, Max:  0.0, Diff:  0.0, Sum:  0.0, Workers: 4
[6539.305s][debug][gc,phases      ] GC(154)     Dead                           Min: 0, Avg:  0.0, Max: 0, Diff: 0, Sum: 0, Workers: 4
[6539.305s][debug][gc,phases      ] GC(154)     Total                          Min: 0, Avg:  1.0, Max: 4, Diff: 4, Sum: 4, Workers: 4
[6539.305s][debug][gc,phases      ] GC(154)   JVMTI Tag Weak OopStorage      Min:  0.0, Avg:  0.0, Max:  0.0, Diff:  0.0, Sum:  0.0, Workers: 4
[6539.305s][debug][gc,phases      ] GC(154)     Dead                           Min: 0, Avg:  0.0, Max: 0, Diff: 0, Sum: 0, Workers: 4
[6539.305s][debug][gc,phases      ] GC(154)     Total                          Min: 0, Avg:  0.0, Max: 0, Diff: 0, Sum: 0, Workers: 4
[6539.305s][debug][gc,phases      ] GC(154)   StringTable Weak               Min:  0.0, Avg:  0.1, Max:  0.2, Diff:  0.2, Sum:  0.4, Workers: 4
[6539.305s][debug][gc,phases      ] GC(154)     Dead                           Min: 0, Avg:  0.0, Max: 0, Diff: 0, Sum: 0, Workers: 4
[6539.305s][debug][gc,phases      ] GC(154)     Total                          Min: 0, Avg: 12007.2, Max: 16704, Diff: 16704, Sum: 48029, Workers: 4
[6539.305s][debug][gc,phases      ] GC(154)   ResolvedMethodTable Weak       Min:  0.0, Avg:  0.0, Max:  0.1, Diff:  0.1, Sum:  0.2, Workers: 4
[6539.305s][debug][gc,phases      ] GC(154)     Dead                           Min: 0, Avg:  4.0, Max: 16, Diff: 16, Sum: 16, Workers: 4
[6539.305s][debug][gc,phases      ] GC(154)     Total                          Min: 0, Avg: 3956.0, Max: 5543, Diff: 5543, Sum: 15824, Workers: 4
[6539.305s][debug][gc,phases      ] GC(154)   JNI Weak                       Min:  0.0, Avg:  0.0, Max:  0.0, Diff:  0.0, Sum:  0.0, Workers: 4
[6539.305s][debug][gc,phases      ] GC(154)     Dead                           Min: 0, Avg:  0.0, Max: 0, Diff: 0, Sum: 0, Workers: 4
[6539.305s][debug][gc,phases      ] GC(154)     Total                          Min: 0, Avg: 13.0, Max: 52, Diff: 52, Sum: 52, Workers: 4
[6539.305s][debug][gc,phases      ] GC(154)   StringDedup Table Weak         Min:  0.0, Avg:  0.0, Max:  0.0, Diff:  0.0, Sum:  0.0, Workers: 4
[6539.305s][debug][gc,phases      ] GC(154)     Dead                           Min: 0, Avg:  0.0, Max: 0, Diff: 0, Sum: 0, Workers: 4
[6539.305s][debug][gc,phases      ] GC(154)     Total                          Min: 0, Avg:  0.0, Max: 0, Diff: 0, Sum: 0, Workers: 4
[6539.305s][debug][gc,phases      ] GC(154)   StringDedup Requests0 Weak     Min:  0.0, Avg:  0.0, Max:  0.0, Diff:  0.0, Sum:  0.0, Workers: 4
[6539.305s][debug][gc,phases      ] GC(154)     Dead                           Min: 0, Avg:  0.0, Max: 0, Diff: 0, Sum: 0, Workers: 4
[6539.305s][debug][gc,phases      ] GC(154)     Total                          Min: 0, Avg:  0.0, Max: 0, Diff: 0, Sum: 0, Workers: 4
[6539.305s][debug][gc,phases      ] GC(154)   StringDedup Requests1 Weak     Min:  0.0, Avg:  0.0, Max:  0.0, Diff:  0.0, Sum:  0.0, Workers: 4
[6539.305s][debug][gc,phases      ] GC(154)     Dead                           Min: 0, Avg:  0.0, Max: 0, Diff: 0, Sum: 0, Workers: 4
[6539.305s][debug][gc,phases      ] GC(154)     Total                          Min: 0, Avg:  0.0, Max: 0, Diff: 0, Sum: 0, Workers: 4
[6539.305s][debug][gc,phases      ] GC(154)   Weak JFR Old Object Samples    Min:  0.0, Avg:  0.0, Max:  0.0, Diff:  0.0, Sum:  0.0, Workers: 4
[6539.305s][debug][gc,phases      ] GC(154)     Dead                           Min: 0, Avg:  0.0, Max: 0, Diff: 0, Sum: 0, Workers: 4
[6539.305s][debug][gc,phases      ] GC(154)     Total                          Min: 0, Avg:  0.0, Max: 0, Diff: 0, Sum: 0, Workers: 4
[6539.305s][debug][gc,phases      ] GC(154) Weak Processing 0.436ms
[6539.305s][debug][gc,age         ] GC(154) Desired survivor size 11534336 bytes, new threshold 1 (max threshold 15)
[6539.305s][info ][gc,heap        ] GC(154) PSYoungGen: 2077376K(2085376K)->5104K(2084864K) Eden: 2073088K(2073088K)->0K(2073088K) From: 4288K(12288K)->5104K(11776K)
[6539.305s][info ][gc,heap        ] GC(154) ParOldGen: 703735K(704000K)->704723K(705024K)
[6539.305s][info ][gc,metaspace   ] GC(154) Metaspace: 112157K(113536K)->112157K(113536K) NonClass: 95510K(96256K)->95510K(96256K) Class: 16646K(17280K)->16646K(17280K)
[6539.305s][info ][gc             ] GC(154) Pause Young (Allocation Failure) 2715M->693M(2724M) 6.134ms
[6539.305s][info ][gc,cpu         ] GC(154) User=0.02s Sys=0.00s Real=0.01s
[6539.305s][info ][safepoint      ] Safepoint "ParallelGCFailedAllocation", Time since last: 4836422644 ns, Reaching safepoint: 80901 ns, Cleanup: 5000 ns, At safepoint: 6239594 ns, Total: 6325495 ns
[6552.269s][info ][safepoint      ] Safepoint "Cleanup", Time since last: 12963615381 ns, Reaching safepoint: 8700 ns, Cleanup: 11900 ns, At safepoint: 2900 ns, Total: 23500 ns
[6561.270s][info ][safepoint      ] Safepoint "Cleanup", Time since last: 9000689876 ns, Reaching safepoint: 7700 ns, Cleanup: 14901 ns, At safepoint: 2800 ns, Total: 25401 ns
[6568.713s][info ][gc,start       ] GC(155) Pause Young (Allocation Failure)
[6568.718s][debug][gc,phases      ] GC(155) Scavenge 4.700ms
[6568.718s][debug][gc,ref         ] GC(155) ReferenceProcessor::execute queues: 1, RefProcThreadModel::Single, marks_oops_alive: false
[6568.718s][debug][gc,ref         ] GC(155) Skipped KeepAliveFinalRefsPhase of Reference Processing: no references
[6568.718s][debug][gc,ref         ] GC(155) Skipped PhantomRefsPhase of Reference Processing: no references
[6568.718s][debug][gc,phases      ] GC(155) Reference Processing 0.118ms
[6568.718s][debug][gc,phases      ] GC(155)   VM Weak                        Min:  0.0, Avg:  0.0, Max:  0.0, Diff:  0.0, Sum:  0.0, Workers: 4
[6568.718s][debug][gc,phases      ] GC(155)     Dead                           Min: 0, Avg:  0.0, Max: 0, Diff: 0, Sum: 0, Workers: 4
[6568.718s][debug][gc,phases      ] GC(155)     Total                          Min: 0, Avg: 260.8, Max: 640, Diff: 640, Sum: 1043, Workers: 4
[6568.718s][debug][gc,phases      ] GC(155)   ObjectSynchronizer Weak        Min:  0.0, Avg:  0.0, Max:  0.0, Diff:  0.0, Sum:  0.0, Workers: 4
[6568.718s][debug][gc,phases      ] GC(155)     Dead                           Min: 0, Avg:  0.0, Max: 0, Diff: 0, Sum: 0, Workers: 4
[6568.718s][debug][gc,phases      ] GC(155)     Total                          Min: 0, Avg:  1.0, Max: 4, Diff: 4, Sum: 4, Workers: 4
[6568.718s][debug][gc,phases      ] GC(155)   JVMTI Tag Weak OopStorage      Min:  0.0, Avg:  0.0, Max:  0.0, Diff:  0.0, Sum:  0.0, Workers: 4
[6568.718s][debug][gc,phases      ] GC(155)     Dead                           Min: 0, Avg:  0.0, Max: 0, Diff: 0, Sum: 0, Workers: 4
[6568.718s][debug][gc,phases      ] GC(155)     Total                          Min: 0, Avg:  0.0, Max: 0, Diff: 0, Sum: 0, Workers: 4
[6568.718s][debug][gc,phases      ] GC(155)   StringTable Weak               Min:  0.1, Avg:  0.1, Max:  0.1, Diff:  0.0, Sum:  0.5, Workers: 4
[6568.718s][debug][gc,phases      ] GC(155)     Dead                           Min: 0, Avg:  0.0, Max: 0, Diff: 0, Sum: 0, Workers: 4
[6568.718s][debug][gc,phases      ] GC(155)     Total                          Min: 11392, Avg: 12007.2, Max: 12317, Diff: 925, Sum: 48029, Workers: 4
[6568.718s][debug][gc,phases      ] GC(155)   ResolvedMethodTable Weak       Min:  0.0, Avg:  0.0, Max:  0.0, Diff:  0.0, Sum:  0.2, Workers: 4
[6568.718s][debug][gc,phases      ] GC(155)     Dead                           Min: 0, Avg:  4.0, Max: 16, Diff: 16, Sum: 16, Workers: 4
[6568.718s][debug][gc,phases      ] GC(155)     Total                          Min: 3809, Avg: 3956.0, Max: 4179, Diff: 370, Sum: 15824, Workers: 4
[6568.718s][debug][gc,phases      ] GC(155)   JNI Weak                       Min:  0.0, Avg:  0.0, Max:  0.0, Diff:  0.0, Sum:  0.0, Workers: 4
[6568.718s][debug][gc,phases      ] GC(155)     Dead                           Min: 0, Avg:  0.0, Max: 0, Diff: 0, Sum: 0, Workers: 4
[6568.718s][debug][gc,phases      ] GC(155)     Total                          Min: 0, Avg: 13.0, Max: 52, Diff: 52, Sum: 52, Workers: 4
[6568.718s][debug][gc,phases      ] GC(155)   StringDedup Table Weak         Min:  0.0, Avg:  0.0, Max:  0.0, Diff:  0.0, Sum:  0.0, Workers: 4
[6568.718s][debug][gc,phases      ] GC(155)     Dead                           Min: 0, Avg:  0.0, Max: 0, Diff: 0, Sum: 0, Workers: 4
[6568.718s][debug][gc,phases      ] GC(155)     Total                          Min: 0, Avg:  0.0, Max: 0, Diff: 0, Sum: 0, Workers: 4
[6568.718s][debug][gc,phases      ] GC(155)   StringDedup Requests0 Weak     Min:  0.0, Avg:  0.0, Max:  0.0, Diff:  0.0, Sum:  0.0, Workers: 4
[6568.718s][debug][gc,phases      ] GC(155)     Dead                           Min: 0, Avg:  0.0, Max: 0, Diff: 0, Sum: 0, Workers: 4
[6568.718s][debug][gc,phases      ] GC(155)     Total                          Min: 0, Avg:  0.0, Max: 0, Diff: 0, Sum: 0, Workers: 4
[6568.718s][debug][gc,phases      ] GC(155)   StringDedup Requests1 Weak     Min:  0.0, Avg:  0.0, Max:  0.0, Diff:  0.0, Sum:  0.0, Workers: 4
[6568.718s][debug][gc,phases      ] GC(155)     Dead                           Min: 0, Avg:  0.0, Max: 0, Diff: 0, Sum: 0, Workers: 4
[6568.718s][debug][gc,phases      ] GC(155)     Total                          Min: 0, Avg:  0.0, Max: 0, Diff: 0, Sum: 0, Workers: 4
[6568.718s][debug][gc,phases      ] GC(155)   Weak JFR Old Object Samples    Min:  0.0, Avg:  0.0, Max:  0.0, Diff:  0.0, Sum:  0.0, Workers: 4
[6568.718s][debug][gc,phases      ] GC(155)     Dead                           Min: 0, Avg:  0.0, Max: 0, Diff: 0, Sum: 0, Workers: 4
[6568.718s][debug][gc,phases      ] GC(155)     Total                          Min: 0, Avg:  0.0, Max: 0, Diff: 0, Sum: 0, Workers: 4
[6568.718s][debug][gc,phases      ] GC(155) Weak Processing 0.413ms
[6568.718s][debug][gc,age         ] GC(155) Desired survivor size 11534336 bytes, new threshold 1 (max threshold 15)
[6568.718s][info ][gc,heap        ] GC(155) PSYoungGen: 2078192K(2084864K)->4770K(2085888K) Eden: 2073088K(2073088K)->0K(2074624K) From: 5104K(11776K)->4770K(11264K)
[6568.718s][info ][gc,heap        ] GC(155) ParOldGen: 704723K(705024K)->706551K(706560K)
[6568.718s][info ][gc,metaspace   ] GC(155) Metaspace: 112157K(113536K)->112157K(113536K) NonClass: 95511K(96256K)->95511K(96256K) Class: 16646K(17280K)->16646K(17280K)
[6568.718s][info ][gc             ] GC(155) Pause Young (Allocation Failure) 2717M->694M(2727M) 5.382ms
[6568.718s][info ][gc,cpu         ] GC(155) User=0.02s Sys=0.00s Real=0.00s
[6568.718s][info ][safepoint      ] Safepoint "ParallelGCFailedAllocation", Time since last: 7443258509 ns, Reaching safepoint: 6000 ns, Cleanup: 4300 ns, At safepoint: 5473272 ns, Total: 5483572 ns
[6571.719s][info ][safepoint      ] Safepoint "Cleanup", Time since last: 3000242846 ns, Reaching safepoint: 6300 ns, Cleanup: 9400 ns, At safepoint: 3000 ns, Total: 18700 ns
[6575.719s][info ][safepoint      ] Safepoint "Cleanup", Time since last: 4000341163 ns, Reaching safepoint: 6400 ns, Cleanup: 9200 ns, At safepoint: 3000 ns, Total: 18600 ns
[6594.812s][info ][gc,start       ] GC(156) Pause Young (Allocation Failure)
[6594.817s][debug][gc,phases      ] GC(156) Scavenge 4.833ms
[6594.817s][debug][gc,ref         ] GC(156) ReferenceProcessor::execute queues: 1, RefProcThreadModel::Single, marks_oops_alive: false
[6594.817s][debug][gc,ref         ] GC(156) Skipped KeepAliveFinalRefsPhase of Reference Processing: no references
[6594.817s][debug][gc,ref         ] GC(156) Skipped PhantomRefsPhase of Reference Processing: no references
[6594.817s][debug][gc,phases      ] GC(156) Reference Processing 0.137ms
[6594.817s][debug][gc,phases      ] GC(156)   VM Weak                        Min:  0.0, Avg:  0.0, Max:  0.0, Diff:  0.0, Sum:  0.0, Workers: 4
[6594.817s][debug][gc,phases      ] GC(156)     Dead                           Min: 0, Avg:  0.0, Max: 0, Diff: 0, Sum: 0, Workers: 4
[6594.817s][debug][gc,phases      ] GC(156)     Total                          Min: 0, Avg: 260.8, Max: 576, Diff: 576, Sum: 1043, Workers: 4
[6594.817s][debug][gc,phases      ] GC(156)   ObjectSynchronizer Weak        Min:  0.0, Avg:  0.0, Max:  0.0, Diff:  0.0, Sum:  0.0, Workers: 4
[6594.817s][debug][gc,phases      ] GC(156)     Dead                           Min: 0, Avg:  0.0, Max: 0, Diff: 0, Sum: 0, Workers: 4
[6594.817s][debug][gc,phases      ] GC(156)     Total                          Min: 0, Avg:  1.0, Max: 4, Diff: 4, Sum: 4, Workers: 4
[6594.817s][debug][gc,phases      ] GC(156)   JVMTI Tag Weak OopStorage      Min:  0.0, Avg:  0.0, Max:  0.0, Diff:  0.0, Sum:  0.0, Workers: 4
[6594.817s][debug][gc,phases      ] GC(156)     Dead                           Min: 0, Avg:  0.0, Max: 0, Diff: 0, Sum: 0, Workers: 4
[6594.817s][debug][gc,phases      ] GC(156)     Total                          Min: 0, Avg:  0.0, Max: 0, Diff: 0, Sum: 0, Workers: 4
[6594.817s][debug][gc,phases      ] GC(156)   StringTable Weak               Min:  0.0, Avg:  0.1, Max:  0.2, Diff:  0.2, Sum:  0.5, Workers: 4
[6594.817s][debug][gc,phases      ] GC(156)     Dead                           Min: 0, Avg:  0.0, Max: 0, Diff: 0, Sum: 0, Workers: 4
[6594.817s][debug][gc,phases      ] GC(156)     Total                          Min: 0, Avg: 12007.5, Max: 16734, Diff: 16734, Sum: 48030, Workers: 4
[6594.817s][debug][gc,phases      ] GC(156)   ResolvedMethodTable Weak       Min:  0.0, Avg:  0.0, Max:  0.1, Diff:  0.1, Sum:  0.2, Workers: 4
[6594.817s][debug][gc,phases      ] GC(156)     Dead                           Min: 0, Avg:  4.0, Max: 16, Diff: 16, Sum: 16, Workers: 4
[6594.817s][debug][gc,phases      ] GC(156)     Total                          Min: 0, Avg: 3956.0, Max: 5877, Diff: 5877, Sum: 15824, Workers: 4
[6594.817s][debug][gc,phases      ] GC(156)   JNI Weak                       Min:  0.0, Avg:  0.0, Max:  0.0, Diff:  0.0, Sum:  0.0, Workers: 4
[6594.817s][debug][gc,phases      ] GC(156)     Dead                           Min: 0, Avg:  0.0, Max: 0, Diff: 0, Sum: 0, Workers: 4
[6594.817s][debug][gc,phases      ] GC(156)     Total                          Min: 0, Avg: 13.0, Max: 52, Diff: 52, Sum: 52, Workers: 4
[6594.817s][debug][gc,phases      ] GC(156)   StringDedup Table Weak         Min:  0.0, Avg:  0.0, Max:  0.0, Diff:  0.0, Sum:  0.0, Workers: 4
[6594.817s][debug][gc,phases      ] GC(156)     Dead                           Min: 0, Avg:  0.0, Max: 0, Diff: 0, Sum: 0, Workers: 4
[6594.817s][debug][gc,phases      ] GC(156)     Total                          Min: 0, Avg:  0.0, Max: 0, Diff: 0, Sum: 0, Workers: 4
[6594.817s][debug][gc,phases      ] GC(156)   StringDedup Requests0 Weak     Min:  0.0, Avg:  0.0, Max:  0.0, Diff:  0.0, Sum:  0.0, Workers: 4
[6594.817s][debug][gc,phases      ] GC(156)     Dead                           Min: 0, Avg:  0.0, Max: 0, Diff: 0, Sum: 0, Workers: 4
[6594.817s][debug][gc,phases      ] GC(156)     Total                          Min: 0, Avg:  0.0, Max: 0, Diff: 0, Sum: 0, Workers: 4
[6594.817s][debug][gc,phases      ] GC(156)   StringDedup Requests1 Weak     Min:  0.0, Avg:  0.0, Max:  0.0, Diff:  0.0, Sum:  0.0, Workers: 4
[6594.817s][debug][gc,phases      ] GC(156)     Dead                           Min: 0, Avg:  0.0, Max: 0, Diff: 0, Sum: 0, Workers: 4
[6594.817s][debug][gc,phases      ] GC(156)     Total                          Min: 0, Avg:  0.0, Max: 0, Diff: 0, Sum: 0, Workers: 4
[6594.817s][debug][gc,phases      ] GC(156)   Weak JFR Old Object Samples    Min:  0.0, Avg:  0.0, Max:  0.0, Diff:  0.0, Sum:  0.0, Workers: 4
[6594.817s][debug][gc,phases      ] GC(156)     Dead                           Min: 0, Avg:  0.0, Max: 0, Diff: 0, Sum: 0, Workers: 4
[6594.817s][debug][gc,phases      ] GC(156)     Total                          Min: 0, Avg:  0.0, Max: 0, Diff: 0, Sum: 0, Workers: 4
[6594.817s][debug][gc,phases      ] GC(156) Weak Processing 0.469ms
[6594.817s][debug][gc,age         ] GC(156) Desired survivor size 11010048 bytes, new threshold 1 (max threshold 15)
[6594.818s][info ][gc,heap        ] GC(156) PSYoungGen: 2079394K(2085888K)->4384K(2085888K) Eden: 2074624K(2074624K)->0K(2074624K) From: 4770K(11264K)->4384K(11264K)
[6594.818s][info ][gc,heap        ] GC(156) ParOldGen: 706551K(706560K)->708406K(708608K)
[6594.818s][info ][gc,metaspace   ] GC(156) Metaspace: 112161K(113536K)->112161K(113536K) NonClass: 95514K(96256K)->95514K(96256K) Class: 16646K(17280K)->16646K(17280K)
[6594.818s][info ][gc             ] GC(156) Pause Young (Allocation Failure) 2720M->696M(2729M) 5.588ms
[6594.818s][info ][gc,cpu         ] GC(156) User=0.02s Sys=0.00s Real=0.00s
[6594.818s][info ][safepoint      ] Safepoint "ParallelGCFailedAllocation", Time since last: 19092982364 ns, Reaching safepoint: 6000 ns, Cleanup: 4000 ns, At safepoint: 5671557 ns, Total: 5681557 ns
[6601.818s][info ][safepoint      ] Safepoint "Cleanup", Time since last: 7000511443 ns, Reaching safepoint: 6400 ns, Cleanup: 12400 ns, At safepoint: 2700 ns, Total: 21500 ns
[6603.286s][info ][safepoint      ] Safepoint "Cleanup", Time since last: 1467458407 ns, Reaching safepoint: 9000 ns, Cleanup: 12100 ns, At safepoint: 2800 ns, Total: 23900 ns
[6608.286s][info ][safepoint      ] Safepoint "Cleanup", Time since last: 5000454560 ns, Reaching safepoint: 10300 ns, Cleanup: 13001 ns, At safepoint: 31900 ns, Total: 55201 ns
[6614.287s][info ][safepoint      ] Safepoint "Cleanup", Time since last: 6000496733 ns, Reaching safepoint: 12300 ns, Cleanup: 15001 ns, At safepoint: 3600 ns, Total: 30901 ns
[6623.912s][info ][gc,start       ] GC(157) Pause Young (Allocation Failure)
[6623.917s][debug][gc,phases      ] GC(157) Scavenge 4.796ms
[6623.917s][debug][gc,ref         ] GC(157) ReferenceProcessor::execute queues: 1, RefProcThreadModel::Single, marks_oops_alive: false
[6623.917s][debug][gc,ref         ] GC(157) Skipped KeepAliveFinalRefsPhase of Reference Processing: no references
[6623.918s][debug][gc,ref         ] GC(157) ReferenceProcessor::execute queues: 1, RefProcThreadModel::Single, marks_oops_alive: false
[6623.918s][debug][gc,phases      ] GC(157) Reference Processing 0.132ms
[6623.918s][debug][gc,phases      ] GC(157)   VM Weak                        Min:  0.0, Avg:  0.0, Max:  0.0, Diff:  0.0, Sum:  0.0, Workers: 4
[6623.918s][debug][gc,phases      ] GC(157)     Dead                           Min: 0, Avg:  0.0, Max: 0, Diff: 0, Sum: 0, Workers: 4
[6623.918s][debug][gc,phases      ] GC(157)     Total                          Min: 0, Avg: 260.8, Max: 403, Diff: 403, Sum: 1043, Workers: 4
[6623.918s][debug][gc,phases      ] GC(157)   ObjectSynchronizer Weak        Min:  0.0, Avg:  0.0, Max:  0.0, Diff:  0.0, Sum:  0.0, Workers: 4
[6623.918s][debug][gc,phases      ] GC(157)     Dead                           Min: 0, Avg:  0.0, Max: 0, Diff: 0, Sum: 0, Workers: 4
[6623.918s][debug][gc,phases      ] GC(157)     Total                          Min: 0, Avg:  1.0, Max: 4, Diff: 4, Sum: 4, Workers: 4
[6623.918s][debug][gc,phases      ] GC(157)   JVMTI Tag Weak OopStorage      Min:  0.0, Avg:  0.0, Max:  0.0, Diff:  0.0, Sum:  0.0, Workers: 4
[6623.918s][debug][gc,phases      ] GC(157)     Dead                           Min: 0, Avg:  0.0, Max: 0, Diff: 0, Sum: 0, Workers: 4
[6623.918s][debug][gc,phases      ] GC(157)     Total                          Min: 0, Avg:  0.0, Max: 0, Diff: 0, Sum: 0, Workers: 4
[6623.918s][debug][gc,phases      ] GC(157)   StringTable Weak               Min:  0.0, Avg:  0.1, Max:  0.1, Diff:  0.1, Sum:  0.4, Workers: 4
[6623.918s][debug][gc,phases      ] GC(157)     Dead                           Min: 0, Avg:  0.0, Max: 0, Diff: 0, Sum: 0, Workers: 4
[6623.918s][debug][gc,phases      ] GC(157)     Total                          Min: 0, Avg: 12007.5, Max: 16222, Diff: 16222, Sum: 48030, Workers: 4
[6623.918s][debug][gc,phases      ] GC(157)   ResolvedMethodTable Weak       Min:  0.0, Avg:  0.0, Max:  0.1, Diff:  0.1, Sum:  0.2, Workers: 4
[6623.918s][debug][gc,phases      ] GC(157)     Dead                           Min: 0, Avg:  4.0, Max: 16, Diff: 16, Sum: 16, Workers: 4
[6623.918s][debug][gc,phases      ] GC(157)     Total                          Min: 0, Avg: 3956.0, Max: 5733, Diff: 5733, Sum: 15824, Workers: 4
[6623.918s][debug][gc,phases      ] GC(157)   JNI Weak                       Min:  0.0, Avg:  0.0, Max:  0.0, Diff:  0.0, Sum:  0.0, Workers: 4
[6623.918s][debug][gc,phases      ] GC(157)     Dead                           Min: 0, Avg:  0.0, Max: 0, Diff: 0, Sum: 0, Workers: 4
[6623.918s][debug][gc,phases      ] GC(157)     Total                          Min: 0, Avg: 13.0, Max: 52, Diff: 52, Sum: 52, Workers: 4
[6623.918s][debug][gc,phases      ] GC(157)   StringDedup Table Weak         Min:  0.0, Avg:  0.0, Max:  0.0, Diff:  0.0, Sum:  0.0, Workers: 4
[6623.918s][debug][gc,phases      ] GC(157)     Dead                           Min: 0, Avg:  0.0, Max: 0, Diff: 0, Sum: 0, Workers: 4
[6623.918s][debug][gc,phases      ] GC(157)     Total                          Min: 0, Avg:  0.0, Max: 0, Diff: 0, Sum: 0, Workers: 4
[6623.918s][debug][gc,phases      ] GC(157)   StringDedup Requests0 Weak     Min:  0.0, Avg:  0.0, Max:  0.0, Diff:  0.0, Sum:  0.0, Workers: 4
[6623.918s][debug][gc,phases      ] GC(157)     Dead                           Min: 0, Avg:  0.0, Max: 0, Diff: 0, Sum: 0, Workers: 4
[6623.918s][debug][gc,phases      ] GC(157)     Total                          Min: 0, Avg:  0.0, Max: 0, Diff: 0, Sum: 0, Workers: 4
[6623.918s][debug][gc,phases      ] GC(157)   StringDedup Requests1 Weak     Min:  0.0, Avg:  0.0, Max:  0.0, Diff:  0.0, Sum:  0.0, Workers: 4
[6623.918s][debug][gc,phases      ] GC(157)     Dead                           Min: 0, Avg:  0.0, Max: 0, Diff: 0, Sum: 0, Workers: 4
[6623.918s][debug][gc,phases      ] GC(157)     Total                          Min: 0, Avg:  0.0, Max: 0, Diff: 0, Sum: 0, Workers: 4
[6623.918s][debug][gc,phases      ] GC(157)   Weak JFR Old Object Samples    Min:  0.0, Avg:  0.0, Max:  0.0, Diff:  0.0, Sum:  0.0, Workers: 4
[6623.918s][debug][gc,phases      ] GC(157)     Dead                           Min: 0, Avg:  0.0, Max: 0, Diff: 0, Sum: 0, Workers: 4
[6623.918s][debug][gc,phases      ] GC(157)     Total                          Min: 0, Avg:  0.0, Max: 0, Diff: 0, Sum: 0, Workers: 4
[6623.918s][debug][gc,phases      ] GC(157) Weak Processing 0.485ms
[6623.918s][debug][gc,age         ] GC(157) Desired survivor size 10485760 bytes, new threshold 1 (max threshold 15)
[6623.918s][info ][gc,heap        ] GC(157) PSYoungGen: 2079008K(2085888K)->4688K(2086912K) Eden: 2074624K(2074624K)->0K(2076160K) From: 4384K(11264K)->4688K(10752K)
[6623.918s][info ][gc,heap        ] GC(157) ParOldGen: 708406K(708608K)->709850K(710144K)
[6623.918s][info ][gc,metaspace   ] GC(157) Metaspace: 112172K(113536K)->112172K(113536K) NonClass: 95526K(96256K)->95526K(96256K) Class: 16646K(17280K)->16646K(17280K)
[6623.918s][info ][gc             ] GC(157) Pause Young (Allocation Failure) 2722M->697M(2731M) 5.568ms
[6623.918s][info ][gc,cpu         ] GC(157) User=0.02s Sys=0.00s Real=0.00s
[6623.918s][info ][safepoint      ] Safepoint "ParallelGCFailedAllocation", Time since last: 9625801328 ns, Reaching safepoint: 7100 ns, Cleanup: 4300 ns, At safepoint: 5653072 ns, Total: 5664472 ns
[6629.919s][info ][safepoint      ] Safepoint "Cleanup", Time since last: 6000441063 ns, Reaching safepoint: 7600 ns, Cleanup: 11701 ns, At safepoint: 3300 ns, Total: 22601 ns
[6654.061s][info ][gc,start       ] GC(158) Pause Young (Allocation Failure)
[6654.066s][debug][gc,phases      ] GC(158) Scavenge 5.736ms
[6654.066s][debug][gc,ref         ] GC(158) ReferenceProcessor::execute queues: 1, RefProcThreadModel::Single, marks_oops_alive: false
[6654.066s][debug][gc,ref         ] GC(158) Skipped KeepAliveFinalRefsPhase of Reference Processing: no references
[6654.066s][debug][gc,ref         ] GC(158) ReferenceProcessor::execute queues: 1, RefProcThreadModel::Single, marks_oops_alive: false
[6654.067s][debug][gc,phases      ] GC(158) Reference Processing 0.131ms
[6654.067s][debug][gc,phases      ] GC(158)   VM Weak                        Min:  0.0, Avg:  0.0, Max:  0.0, Diff:  0.0, Sum:  0.0, Workers: 4
[6654.067s][debug][gc,phases      ] GC(158)     Dead                           Min: 0, Avg:  0.0, Max: 0, Diff: 0, Sum: 0, Workers: 4
[6654.067s][debug][gc,phases      ] GC(158)     Total                          Min: 0, Avg: 260.8, Max: 896, Diff: 896, Sum: 1043, Workers: 4
[6654.067s][debug][gc,phases      ] GC(158)   ObjectSynchronizer Weak        Min:  0.0, Avg:  0.0, Max:  0.0, Diff:  0.0, Sum:  0.0, Workers: 4
[6654.067s][debug][gc,phases      ] GC(158)     Dead                           Min: 0, Avg:  0.0, Max: 0, Diff: 0, Sum: 0, Workers: 4
[6654.067s][debug][gc,phases      ] GC(158)     Total                          Min: 0, Avg:  1.0, Max: 4, Diff: 4, Sum: 4, Workers: 4
[6654.067s][debug][gc,phases      ] GC(158)   JVMTI Tag Weak OopStorage      Min:  0.0, Avg:  0.0, Max:  0.0, Diff:  0.0, Sum:  0.0, Workers: 4
[6654.067s][debug][gc,phases      ] GC(158)     Dead                           Min: 0, Avg:  0.0, Max: 0, Diff: 0, Sum: 0, Workers: 4
[6654.067s][debug][gc,phases      ] GC(158)     Total                          Min: 0, Avg:  0.0, Max: 0, Diff: 0, Sum: 0, Workers: 4
[6654.067s][debug][gc,phases      ] GC(158)   StringTable Weak               Min:  0.1, Avg:  0.1, Max:  0.1, Diff:  0.0, Sum:  0.5, Workers: 4
[6654.067s][debug][gc,phases      ] GC(158)     Dead                           Min: 0, Avg:  0.0, Max: 0, Diff: 0, Sum: 0, Workers: 4
[6654.067s][debug][gc,phases      ] GC(158)     Total                          Min: 7680, Avg: 12007.5, Max: 14336, Diff: 6656, Sum: 48030, Workers: 4
[6654.067s][debug][gc,phases      ] GC(158)   ResolvedMethodTable Weak       Min:  0.0, Avg:  0.0, Max:  0.0, Diff:  0.0, Sum:  0.2, Workers: 4
[6654.067s][debug][gc,phases      ] GC(158)     Dead                           Min: 0, Avg:  4.0, Max: 16, Diff: 16, Sum: 16, Workers: 4
[6654.067s][debug][gc,phases      ] GC(158)     Total                          Min: 3440, Avg: 3956.0, Max: 4302, Diff: 862, Sum: 15824, Workers: 4
[6654.067s][debug][gc,phases      ] GC(158)   JNI Weak                       Min:  0.0, Avg:  0.0, Max:  0.0, Diff:  0.0, Sum:  0.0, Workers: 4
[6654.067s][debug][gc,phases      ] GC(158)     Dead                           Min: 0, Avg:  0.0, Max: 0, Diff: 0, Sum: 0, Workers: 4
[6654.067s][debug][gc,phases      ] GC(158)     Total                          Min: 0, Avg: 13.0, Max: 52, Diff: 52, Sum: 52, Workers: 4
[6654.067s][debug][gc,phases      ] GC(158)   StringDedup Table Weak         Min:  0.0, Avg:  0.0, Max:  0.0, Diff:  0.0, Sum:  0.0, Workers: 4
[6654.067s][debug][gc,phases      ] GC(158)     Dead                           Min: 0, Avg:  0.0, Max: 0, Diff: 0, Sum: 0, Workers: 4
[6654.067s][debug][gc,phases      ] GC(158)     Total                          Min: 0, Avg:  0.0, Max: 0, Diff: 0, Sum: 0, Workers: 4
[6654.067s][debug][gc,phases      ] GC(158)   StringDedup Requests0 Weak     Min:  0.0, Avg:  0.0, Max:  0.0, Diff:  0.0, Sum:  0.0, Workers: 4
[6654.067s][debug][gc,phases      ] GC(158)     Dead                           Min: 0, Avg:  0.0, Max: 0, Diff: 0, Sum: 0, Workers: 4
[6654.067s][debug][gc,phases      ] GC(158)     Total                          Min: 0, Avg:  0.0, Max: 0, Diff: 0, Sum: 0, Workers: 4
[6654.067s][debug][gc,phases      ] GC(158)   StringDedup Requests1 Weak     Min:  0.0, Avg:  0.0, Max:  0.0, Diff:  0.0, Sum:  0.0, Workers: 4
[6654.067s][debug][gc,phases      ] GC(158)     Dead                           Min: 0, Avg:  0.0, Max: 0, Diff: 0, Sum: 0, Workers: 4
[6654.067s][debug][gc,phases      ] GC(158)     Total                          Min: 0, Avg:  0.0, Max: 0, Diff: 0, Sum: 0, Workers: 4
[6654.067s][debug][gc,phases      ] GC(158)   Weak JFR Old Object Samples    Min:  0.0, Avg:  0.0, Max:  0.0, Diff:  0.0, Sum:  0.0, Workers: 4
[6654.067s][debug][gc,phases      ] GC(158)     Dead                           Min: 0, Avg:  0.0, Max: 0, Diff: 0, Sum: 0, Workers: 4
[6654.067s][debug][gc,phases      ] GC(158)     Total                          Min: 0, Avg:  0.0, Max: 0, Diff: 0, Sum: 0, Workers: 4
[6654.067s][debug][gc,phases      ] GC(158) Weak Processing 0.417ms
[6654.067s][debug][gc,age         ] GC(158) Desired survivor size 10485760 bytes, new threshold 1 (max threshold 15)
[6654.067s][info ][gc,heap        ] GC(158) PSYoungGen: 2080848K(2086912K)->5104K(2086400K) Eden: 2076160K(2076160K)->0K(2076160K) From: 4688K(10752K)->5104K(10240K)
[6654.067s][info ][gc,heap        ] GC(158) ParOldGen: 709850K(710144K)->711374K(711680K)
[6654.067s][info ][gc,metaspace   ] GC(158) Metaspace: 112173K(113536K)->112173K(113536K) NonClass: 95526K(96256K)->95526K(96256K) Class: 16646K(17280K)->16646K(17280K)
[6654.067s][info ][gc             ] GC(158) Pause Young (Allocation Failure) 2725M->699M(2732M) 6.436ms
[6654.067s][info ][gc,cpu         ] GC(158) User=0.02s Sys=0.00s Real=0.00s
[6654.067s][info ][safepoint      ] Safepoint "ParallelGCFailedAllocation", Time since last: 24141926966 ns, Reaching safepoint: 6400 ns, Cleanup: 4100 ns, At safepoint: 6519983 ns, Total: 6530483 ns
[6659.067s][info ][safepoint      ] Safepoint "Cleanup", Time since last: 5000363094 ns, Reaching safepoint: 6500 ns, Cleanup: 9400 ns, At safepoint: 2600 ns, Total: 18500 ns
[6666.618s][info ][safepoint      ] Safepoint "Cleanup", Time since last: 7550676511 ns, Reaching safepoint: 8700 ns, Cleanup: 15200 ns, At safepoint: 2800 ns, Total: 26700 ns
[6667.618s][info ][safepoint      ] Safepoint "Cleanup", Time since last: 1000130947 ns, Reaching safepoint: 7800 ns, Cleanup: 12800 ns, At safepoint: 3000 ns, Total: 23600 ns
[6668.618s][info ][safepoint      ] Safepoint "Cleanup", Time since last: 1000119947 ns, Reaching safepoint: 8800 ns, Cleanup: 12100 ns, At safepoint: 2900 ns, Total: 23800 ns
[6673.619s][info ][safepoint      ] Safepoint "Cleanup", Time since last: 5000409031 ns, Reaching safepoint: 7500 ns, Cleanup: 9800 ns, At safepoint: 2700 ns, Total: 20000 ns
[6680.619s][info ][safepoint      ] Safepoint "Cleanup", Time since last: 7000541142 ns, Reaching safepoint: 6800 ns, Cleanup: 10400 ns, At safepoint: 3100 ns, Total: 20300 ns
[6681.620s][info ][safepoint      ] Safepoint "Cleanup", Time since last: 1000115368 ns, Reaching safepoint: 6900 ns, Cleanup: 9800 ns, At safepoint: 2900 ns, Total: 19600 ns
[6682.620s][info ][safepoint      ] Safepoint "Cleanup", Time since last: 1000121448 ns, Reaching safepoint: 6900 ns, Cleanup: 12400 ns, At safepoint: 2800 ns, Total: 22100 ns
[6684.104s][info ][gc,start       ] GC(159) Pause Young (Allocation Failure)
[6684.108s][debug][gc,phases      ] GC(159) Scavenge 4.557ms
[6684.109s][debug][gc,ref         ] GC(159) ReferenceProcessor::execute queues: 1, RefProcThreadModel::Single, marks_oops_alive: false
[6684.109s][debug][gc,ref         ] GC(159) Skipped KeepAliveFinalRefsPhase of Reference Processing: no references
[6684.109s][debug][gc,ref         ] GC(159) ReferenceProcessor::execute queues: 1, RefProcThreadModel::Single, marks_oops_alive: false
[6684.109s][debug][gc,phases      ] GC(159) Reference Processing 0.140ms
[6684.109s][debug][gc,phases      ] GC(159)   VM Weak                        Min:  0.0, Avg:  0.0, Max:  0.0, Diff:  0.0, Sum:  0.0, Workers: 4
[6684.109s][debug][gc,phases      ] GC(159)     Dead                           Min: 0, Avg:  0.0, Max: 0, Diff: 0, Sum: 0, Workers: 4
[6684.109s][debug][gc,phases      ] GC(159)     Total                          Min: 0, Avg: 260.8, Max: 576, Diff: 576, Sum: 1043, Workers: 4
[6684.109s][debug][gc,phases      ] GC(159)   ObjectSynchronizer Weak        Min:  0.0, Avg:  0.0, Max:  0.0, Diff:  0.0, Sum:  0.0, Workers: 4
[6684.109s][debug][gc,phases      ] GC(159)     Dead                           Min: 0, Avg:  0.0, Max: 0, Diff: 0, Sum: 0, Workers: 4
[6684.109s][debug][gc,phases      ] GC(159)     Total                          Min: 0, Avg:  1.0, Max: 4, Diff: 4, Sum: 4, Workers: 4
[6684.109s][debug][gc,phases      ] GC(159)   JVMTI Tag Weak OopStorage      Min:  0.0, Avg:  0.0, Max:  0.0, Diff:  0.0, Sum:  0.0, Workers: 4
[6684.109s][debug][gc,phases      ] GC(159)     Dead                           Min: 0, Avg:  0.0, Max: 0, Diff: 0, Sum: 0, Workers: 4
[6684.109s][debug][gc,phases      ] GC(159)     Total                          Min: 0, Avg:  0.0, Max: 0, Diff: 0, Sum: 0, Workers: 4
[6684.109s][debug][gc,phases      ] GC(159)   StringTable Weak               Min:  0.0, Avg:  0.1, Max:  0.1, Diff:  0.1, Sum:  0.4, Workers: 4
[6684.109s][debug][gc,phases      ] GC(159)     Dead                           Min: 0, Avg:  0.2, Max: 1, Diff: 1, Sum: 1, Workers: 4
[6684.109s][debug][gc,phases      ] GC(159)     Total                          Min: 0, Avg: 12009.2, Max: 16384, Diff: 16384, Sum: 48037, Workers: 4
[6684.109s][debug][gc,phases      ] GC(159)   ResolvedMethodTable Weak       Min:  0.0, Avg:  0.0, Max:  0.0, Diff:  0.0, Sum:  0.1, Workers: 4
[6684.109s][debug][gc,phases      ] GC(159)     Dead                           Min: 0, Avg:  4.2, Max: 17, Diff: 17, Sum: 17, Workers: 4
[6684.109s][debug][gc,phases      ] GC(159)     Total                          Min: 0, Avg: 3956.8, Max: 6065, Diff: 6065, Sum: 15827, Workers: 4
[6684.109s][debug][gc,phases      ] GC(159)   JNI Weak                       Min:  0.0, Avg:  0.0, Max:  0.0, Diff:  0.0, Sum:  0.0, Workers: 4
[6684.109s][debug][gc,phases      ] GC(159)     Dead                           Min: 0, Avg:  0.0, Max: 0, Diff: 0, Sum: 0, Workers: 4
[6684.109s][debug][gc,phases      ] GC(159)     Total                          Min: 0, Avg: 13.0, Max: 52, Diff: 52, Sum: 52, Workers: 4
[6684.109s][debug][gc,phases      ] GC(159)   StringDedup Table Weak         Min:  0.0, Avg:  0.0, Max:  0.0, Diff:  0.0, Sum:  0.0, Workers: 4
[6684.109s][debug][gc,phases      ] GC(159)     Dead                           Min: 0, Avg:  0.0, Max: 0, Diff: 0, Sum: 0, Workers: 4
[6684.109s][debug][gc,phases      ] GC(159)     Total                          Min: 0, Avg:  0.0, Max: 0, Diff: 0, Sum: 0, Workers: 4
[6684.109s][debug][gc,phases      ] GC(159)   StringDedup Requests0 Weak     Min:  0.0, Avg:  0.0, Max:  0.0, Diff:  0.0, Sum:  0.0, Workers: 4
[6684.109s][debug][gc,phases      ] GC(159)     Dead                           Min: 0, Avg:  0.0, Max: 0, Diff: 0, Sum: 0, Workers: 4
[6684.109s][debug][gc,phases      ] GC(159)     Total                          Min: 0, Avg:  0.0, Max: 0, Diff: 0, Sum: 0, Workers: 4
[6684.109s][debug][gc,phases      ] GC(159)   StringDedup Requests1 Weak     Min:  0.0, Avg:  0.0, Max:  0.0, Diff:  0.0, Sum:  0.0, Workers: 4
[6684.109s][debug][gc,phases      ] GC(159)     Dead                           Min: 0, Avg:  0.0, Max: 0, Diff: 0, Sum: 0, Workers: 4
[6684.109s][debug][gc,phases      ] GC(159)     Total                          Min: 0, Avg:  0.0, Max: 0, Diff: 0, Sum: 0, Workers: 4
[6684.109s][debug][gc,phases      ] GC(159)   Weak JFR Old Object Samples    Min:  0.0, Avg:  0.0, Max:  0.0, Diff:  0.0, Sum:  0.0, Workers: 4
[6684.109s][debug][gc,phases      ] GC(159)     Dead                           Min: 0, Avg:  0.0, Max: 0, Diff: 0, Sum: 0, Workers: 4
[6684.109s][debug][gc,phases      ] GC(159)     Total                          Min: 0, Avg:  0.0, Max: 0, Diff: 0, Sum: 0, Workers: 4
[6684.109s][debug][gc,phases      ] GC(159) Weak Processing 0.430ms
[6684.109s][debug][gc,age         ] GC(159) Desired survivor size 9961472 bytes, new threshold 1 (max threshold 15)
[6684.109s][info ][gc,heap        ] GC(159) PSYoungGen: 2081264K(2086400K)->4096K(2087424K) Eden: 2076160K(2076160K)->0K(2077184K) From: 5104K(10240K)->4096K(10240K)
[6684.109s][info ][gc,heap        ] GC(159) ParOldGen: 711374K(711680K)->713179K(713216K)
[6684.109s][info ][gc,metaspace   ] GC(159) Metaspace: 112193K(113536K)->112193K(113536K) NonClass: 95544K(96256K)->95544K(96256K) Class: 16648K(17280K)->16648K(17280K)
[6684.109s][info ][gc             ] GC(159) Pause Young (Allocation Failure) 2727M->700M(2735M) 5.273ms
[6684.109s][info ][gc,cpu         ] GC(159) User=0.01s Sys=0.01s Real=0.00s
[6684.109s][info ][safepoint      ] Safepoint "ParallelGCFailedAllocation", Time since last: 1484057762 ns, Reaching safepoint: 81501 ns, Cleanup: 4300 ns, At safepoint: 5371853 ns, Total: 5457654 ns
[6695.110s][info ][safepoint      ] Safepoint "Cleanup", Time since last: 11000867403 ns, Reaching safepoint: 79400 ns, Cleanup: 11701 ns, At safepoint: 7200 ns, Total: 98301 ns
[6699.111s][info ][safepoint      ] Safepoint "Cleanup", Time since last: 4000333772 ns, Reaching safepoint: 80301 ns, Cleanup: 12200 ns, At safepoint: 6300 ns, Total: 98801 ns
[6701.111s][info ][safepoint      ] Safepoint "Cleanup", Time since last: 2000183255 ns, Reaching safepoint: 78900 ns, Cleanup: 11801 ns, At safepoint: 6200 ns, Total: 96901 ns
[6706.111s][info ][safepoint      ] Safepoint "Cleanup", Time since last: 5000407925 ns, Reaching safepoint: 82801 ns, Cleanup: 9300 ns, At safepoint: 7600 ns, Total: 99701 ns
[6711.513s][info ][gc,start       ] GC(160) Pause Young (Allocation Failure)
[6711.519s][debug][gc,phases      ] GC(160) Scavenge 6.224ms
[6711.519s][debug][gc,ref         ] GC(160) ReferenceProcessor::execute queues: 1, RefProcThreadModel::Single, marks_oops_alive: false
[6711.519s][debug][gc,ref         ] GC(160) Skipped KeepAliveFinalRefsPhase of Reference Processing: no references
[6711.519s][debug][gc,ref         ] GC(160) ReferenceProcessor::execute queues: 1, RefProcThreadModel::Single, marks_oops_alive: false
[6711.519s][debug][gc,phases      ] GC(160) Reference Processing 0.124ms
[6711.519s][debug][gc,phases      ] GC(160)   VM Weak                        Min:  0.0, Avg:  0.0, Max:  0.0, Diff:  0.0, Sum:  0.0, Workers: 4
[6711.519s][debug][gc,phases      ] GC(160)     Dead                           Min: 0, Avg:  0.0, Max: 0, Diff: 0, Sum: 0, Workers: 4
[6711.519s][debug][gc,phases      ] GC(160)     Total                          Min: 0, Avg: 260.8, Max: 467, Diff: 467, Sum: 1043, Workers: 4
[6711.519s][debug][gc,phases      ] GC(160)   ObjectSynchronizer Weak        Min:  0.0, Avg:  0.0, Max:  0.0, Diff:  0.0, Sum:  0.0, Workers: 4
[6711.519s][debug][gc,phases      ] GC(160)     Dead                           Min: 0, Avg:  0.0, Max: 0, Diff: 0, Sum: 0, Workers: 4
[6711.519s][debug][gc,phases      ] GC(160)     Total                          Min: 0, Avg:  1.0, Max: 4, Diff: 4, Sum: 4, Workers: 4
[6711.519s][debug][gc,phases      ] GC(160)   JVMTI Tag Weak OopStorage      Min:  0.0, Avg:  0.0, Max:  0.0, Diff:  0.0, Sum:  0.0, Workers: 4
[6711.519s][debug][gc,phases      ] GC(160)     Dead                           Min: 0, Avg:  0.0, Max: 0, Diff: 0, Sum: 0, Workers: 4
[6711.519s][debug][gc,phases      ] GC(160)     Total                          Min: 0, Avg:  0.0, Max: 0, Diff: 0, Sum: 0, Workers: 4
[6711.519s][debug][gc,phases      ] GC(160)   StringTable Weak               Min:  0.1, Avg:  0.1, Max:  0.1, Diff:  0.0, Sum:  0.5, Workers: 4
[6711.519s][debug][gc,phases      ] GC(160)     Dead                           Min: 0, Avg:  0.0, Max: 0, Diff: 0, Sum: 0, Workers: 4
[6711.519s][debug][gc,phases      ] GC(160)     Total                          Min: 10987, Avg: 12010.5, Max: 12928, Diff: 1941, Sum: 48042, Workers: 4
[6711.519s][debug][gc,phases      ] GC(160)   ResolvedMethodTable Weak       Min:  0.0, Avg:  0.0, Max:  0.0, Diff:  0.0, Sum:  0.2, Workers: 4
[6711.519s][debug][gc,phases      ] GC(160)     Dead                           Min: 0, Avg:  4.0, Max: 16, Diff: 16, Sum: 16, Workers: 4
[6711.519s][debug][gc,phases      ] GC(160)     Total                          Min: 3838, Avg: 3958.0, Max: 4222, Diff: 384, Sum: 15832, Workers: 4
[6711.519s][debug][gc,phases      ] GC(160)   JNI Weak                       Min:  0.0, Avg:  0.0, Max:  0.0, Diff:  0.0, Sum:  0.0, Workers: 4
[6711.519s][debug][gc,phases      ] GC(160)     Dead                           Min: 0, Avg:  0.0, Max: 0, Diff: 0, Sum: 0, Workers: 4
[6711.519s][debug][gc,phases      ] GC(160)     Total                          Min: 0, Avg: 13.0, Max: 52, Diff: 52, Sum: 52, Workers: 4
[6711.519s][debug][gc,phases      ] GC(160)   StringDedup Table Weak         Min:  0.0, Avg:  0.0, Max:  0.0, Diff:  0.0, Sum:  0.0, Workers: 4
[6711.519s][debug][gc,phases      ] GC(160)     Dead                           Min: 0, Avg:  0.0, Max: 0, Diff: 0, Sum: 0, Workers: 4
[6711.519s][debug][gc,phases      ] GC(160)     Total                          Min: 0, Avg:  0.0, Max: 0, Diff: 0, Sum: 0, Workers: 4
[6711.519s][debug][gc,phases      ] GC(160)   StringDedup Requests0 Weak     Min:  0.0, Avg:  0.0, Max:  0.0, Diff:  0.0, Sum:  0.0, Workers: 4
[6711.519s][debug][gc,phases      ] GC(160)     Dead                           Min: 0, Avg:  0.0, Max: 0, Diff: 0, Sum: 0, Workers: 4
[6711.519s][debug][gc,phases      ] GC(160)     Total                          Min: 0, Avg:  0.0, Max: 0, Diff: 0, Sum: 0, Workers: 4
[6711.519s][debug][gc,phases      ] GC(160)   StringDedup Requests1 Weak     Min:  0.0, Avg:  0.0, Max:  0.0, Diff:  0.0, Sum:  0.0, Workers: 4
[6711.519s][debug][gc,phases      ] GC(160)     Dead                           Min: 0, Avg:  0.0, Max: 0, Diff: 0, Sum: 0, Workers: 4
[6711.519s][debug][gc,phases      ] GC(160)     Total                          Min: 0, Avg:  0.0, Max: 0, Diff: 0, Sum: 0, Workers: 4
[6711.519s][debug][gc,phases      ] GC(160)   Weak JFR Old Object Samples    Min:  0.0, Avg:  0.0, Max:  0.0, Diff:  0.0, Sum:  0.0, Workers: 4
[6711.519s][debug][gc,phases      ] GC(160)     Dead                           Min: 0, Avg:  0.0, Max: 0, Diff: 0, Sum: 0, Workers: 4
[6711.519s][debug][gc,phases      ] GC(160)     Total                          Min: 0, Avg:  0.0, Max: 0, Diff: 0, Sum: 0, Workers: 4
[6711.519s][debug][gc,phases      ] GC(160) Weak Processing 0.414ms
[6711.519s][debug][gc,age         ] GC(160) Desired survivor size 10485760 bytes, new threshold 1 (max threshold 15)
[6711.519s][info ][gc,heap        ] GC(160) PSYoungGen: 2081280K(2087424K)->7616K(2086912K) Eden: 2077184K(2077184K)->0K(2077184K) From: 4096K(10240K)->7616K(9728K)
[6711.519s][info ][gc,heap        ] GC(160) ParOldGen: 713179K(713216K)->714619K(714752K)
[6711.519s][info ][gc,metaspace   ] GC(160) Metaspace: 112208K(113600K)->112208K(113600K) NonClass: 95557K(96320K)->95557K(96320K) Class: 16651K(17280K)->16651K(17280K)
[6711.519s][info ][gc             ] GC(160) Pause Young (Allocation Failure) 2728M->705M(2736M) 6.915ms
[6711.519s][info ][gc,cpu         ] GC(160) User=0.02s Sys=0.00s Real=0.00s
[6711.520s][info ][safepoint      ] Safepoint "ParallelGCFailedAllocation", Time since last: 5401119509 ns, Reaching safepoint: 6900 ns, Cleanup: 4600 ns, At safepoint: 7012676 ns, Total: 7024176 ns
[6712.520s][info ][safepoint      ] Safepoint "Cleanup", Time since last: 1000095516 ns, Reaching safepoint: 11100 ns, Cleanup: 19200 ns, At safepoint: 3300 ns, Total: 33600 ns
[6725.325s][info ][safepoint      ] Safepoint "Cleanup", Time since last: 12805724539 ns, Reaching safepoint: 9100 ns, Cleanup: 12201 ns, At safepoint: 3100 ns, Total: 24401 ns
[6726.326s][info ][safepoint      ] Safepoint "Cleanup", Time since last: 1000118321 ns, Reaching safepoint: 9300 ns, Cleanup: 11101 ns, At safepoint: 2600 ns, Total: 23001 ns
[6735.326s][info ][safepoint      ] Safepoint "Cleanup", Time since last: 9000706092 ns, Reaching safepoint: 7700 ns, Cleanup: 13201 ns, At safepoint: 3000 ns, Total: 23901 ns
[6738.255s][info ][gc,start       ] GC(161) Pause Young (Allocation Failure)
[6738.263s][debug][gc,phases      ] GC(161) Scavenge 8.280ms
[6738.263s][debug][gc,ref         ] GC(161) ReferenceProcessor::execute queues: 1, RefProcThreadModel::Single, marks_oops_alive: false
[6738.263s][debug][gc,ref         ] GC(161) Skipped KeepAliveFinalRefsPhase of Reference Processing: no references
[6738.263s][debug][gc,ref         ] GC(161) ReferenceProcessor::execute queues: 1, RefProcThreadModel::Single, marks_oops_alive: false
[6738.263s][debug][gc,phases      ] GC(161) Reference Processing 0.117ms
[6738.263s][debug][gc,phases      ] GC(161)   VM Weak                        Min:  0.0, Avg:  0.0, Max:  0.0, Diff:  0.0, Sum:  0.0, Workers: 4
[6738.264s][debug][gc,phases      ] GC(161)     Dead                           Min: 0, Avg:  0.0, Max: 0, Diff: 0, Sum: 0, Workers: 4
[6738.264s][debug][gc,phases      ] GC(161)     Total                          Min: 0, Avg: 260.8, Max: 595, Diff: 595, Sum: 1043, Workers: 4
[6738.264s][debug][gc,phases      ] GC(161)   ObjectSynchronizer Weak        Min:  0.0, Avg:  0.0, Max:  0.0, Diff:  0.0, Sum:  0.0, Workers: 4
[6738.264s][debug][gc,phases      ] GC(161)     Dead                           Min: 0, Avg:  0.0, Max: 0, Diff: 0, Sum: 0, Workers: 4
[6738.264s][debug][gc,phases      ] GC(161)     Total                          Min: 0, Avg:  1.0, Max: 4, Diff: 4, Sum: 4, Workers: 4
[6738.264s][debug][gc,phases      ] GC(161)   JVMTI Tag Weak OopStorage      Min:  0.0, Avg:  0.0, Max:  0.0, Diff:  0.0, Sum:  0.0, Workers: 4
[6738.264s][debug][gc,phases      ] GC(161)     Dead                           Min: 0, Avg:  0.0, Max: 0, Diff: 0, Sum: 0, Workers: 4
[6738.264s][debug][gc,phases      ] GC(161)     Total                          Min: 0, Avg:  0.0, Max: 0, Diff: 0, Sum: 0, Workers: 4
[6738.264s][debug][gc,phases      ] GC(161)   StringTable Weak               Min:  0.0, Avg:  0.1, Max:  0.1, Diff:  0.1, Sum:  0.4, Workers: 4
[6738.264s][debug][gc,phases      ] GC(161)     Dead                           Min: 0, Avg:  0.0, Max: 0, Diff: 0, Sum: 0, Workers: 4
[6738.264s][debug][gc,phases      ] GC(161)     Total                          Min: 0, Avg: 12010.5, Max: 17280, Diff: 17280, Sum: 48042, Workers: 4
[6738.264s][debug][gc,phases      ] GC(161)   ResolvedMethodTable Weak       Min:  0.0, Avg:  0.0, Max:  0.1, Diff:  0.1, Sum:  0.2, Workers: 4
[6738.264s][debug][gc,phases      ] GC(161)     Dead                           Min: 0, Avg:  4.0, Max: 16, Diff: 16, Sum: 16, Workers: 4
[6738.264s][debug][gc,phases      ] GC(161)     Total                          Min: 0, Avg: 3958.0, Max: 5644, Diff: 5644, Sum: 15832, Workers: 4
[6738.264s][debug][gc,phases      ] GC(161)   JNI Weak                       Min:  0.0, Avg:  0.0, Max:  0.0, Diff:  0.0, Sum:  0.0, Workers: 4
[6738.264s][debug][gc,phases      ] GC(161)     Dead                           Min: 0, Avg:  0.0, Max: 0, Diff: 0, Sum: 0, Workers: 4
[6738.264s][debug][gc,phases      ] GC(161)     Total                          Min: 0, Avg: 13.0, Max: 52, Diff: 52, Sum: 52, Workers: 4
[6738.264s][debug][gc,phases      ] GC(161)   StringDedup Table Weak         Min:  0.0, Avg:  0.0, Max:  0.0, Diff:  0.0, Sum:  0.0, Workers: 4
[6738.264s][debug][gc,phases      ] GC(161)     Dead                           Min: 0, Avg:  0.0, Max: 0, Diff: 0, Sum: 0, Workers: 4
[6738.264s][debug][gc,phases      ] GC(161)     Total                          Min: 0, Avg:  0.0, Max: 0, Diff: 0, Sum: 0, Workers: 4
[6738.264s][debug][gc,phases      ] GC(161)   StringDedup Requests0 Weak     Min:  0.0, Avg:  0.0, Max:  0.0, Diff:  0.0, Sum:  0.0, Workers: 4
[6738.264s][debug][gc,phases      ] GC(161)     Dead                           Min: 0, Avg:  0.0, Max: 0, Diff: 0, Sum: 0, Workers: 4
[6738.264s][debug][gc,phases      ] GC(161)     Total                          Min: 0, Avg:  0.0, Max: 0, Diff: 0, Sum: 0, Workers: 4
[6738.264s][debug][gc,phases      ] GC(161)   StringDedup Requests1 Weak     Min:  0.0, Avg:  0.0, Max:  0.0, Diff:  0.0, Sum:  0.0, Workers: 4
[6738.264s][debug][gc,phases      ] GC(161)     Dead                           Min: 0, Avg:  0.0, Max: 0, Diff: 0, Sum: 0, Workers: 4
[6738.264s][debug][gc,phases      ] GC(161)     Total                          Min: 0, Avg:  0.0, Max: 0, Diff: 0, Sum: 0, Workers: 4
[6738.264s][debug][gc,phases      ] GC(161)   Weak JFR Old Object Samples    Min:  0.0, Avg:  0.0, Max:  0.0, Diff:  0.0, Sum:  0.0, Workers: 4
[6738.264s][debug][gc,phases      ] GC(161)     Dead                           Min: 0, Avg:  0.0, Max: 0, Diff: 0, Sum: 0, Workers: 4
[6738.264s][debug][gc,phases      ] GC(161)     Total                          Min: 0, Avg:  0.0, Max: 0, Diff: 0, Sum: 0, Workers: 4
[6738.264s][debug][gc,phases      ] GC(161) Weak Processing 0.437ms
[6738.264s][debug][gc,age         ] GC(161) Desired survivor size 10485760 bytes, new threshold 1 (max threshold 15)
[6738.264s][info ][gc,heap        ] GC(161) PSYoungGen: 2084800K(2086912K)->7272K(2086912K) Eden: 2077184K(2077184K)->0K(2076672K) From: 7616K(9728K)->7272K(10240K)
[6738.264s][info ][gc,heap        ] GC(161) ParOldGen: 714619K(714752K)->719096K(719360K)
[6738.264s][info ][gc,metaspace   ] GC(161) Metaspace: 112209K(113600K)->112209K(113600K) NonClass: 95558K(96320K)->95558K(96320K) Class: 16651K(17280K)->16651K(17280K)
[6738.264s][info ][gc             ] GC(161) Pause Young (Allocation Failure) 2733M->709M(2740M) 9.016ms
[6738.264s][info ][gc,cpu         ] GC(161) User=0.03s Sys=0.00s Real=0.01s
[6738.264s][info ][safepoint      ] Safepoint "ParallelGCFailedAllocation", Time since last: 2928348519 ns, Reaching safepoint: 52000 ns, Cleanup: 5700 ns, At safepoint: 9137804 ns, Total: 9195504 ns
[6763.266s][info ][safepoint      ] Safepoint "Cleanup", Time since last: 25001804738 ns, Reaching safepoint: 8200 ns, Cleanup: 11600 ns, At safepoint: 2800 ns, Total: 22600 ns
[6766.703s][info ][gc,start       ] GC(162) Pause Young (Allocation Failure)
[6766.711s][debug][gc,phases      ] GC(162) Scavenge 7.967ms
[6766.711s][debug][gc,ref         ] GC(162) ReferenceProcessor::execute queues: 1, RefProcThreadModel::Single, marks_oops_alive: false
[6766.711s][debug][gc,ref         ] GC(162) Skipped KeepAliveFinalRefsPhase of Reference Processing: no references
[6766.711s][debug][gc,ref         ] GC(162) ReferenceProcessor::execute queues: 1, RefProcThreadModel::Single, marks_oops_alive: false
[6766.711s][debug][gc,phases      ] GC(162) Reference Processing 0.114ms
[6766.712s][debug][gc,phases      ] GC(162)   VM Weak                        Min:  0.0, Avg:  0.0, Max:  0.0, Diff:  0.0, Sum:  0.0, Workers: 4
[6766.712s][debug][gc,phases      ] GC(162)     Dead                           Min: 0, Avg:  0.0, Max: 0, Diff: 0, Sum: 0, Workers: 4
[6766.712s][debug][gc,phases      ] GC(162)     Total                          Min: 0, Avg: 260.8, Max: 896, Diff: 896, Sum: 1043, Workers: 4
[6766.712s][debug][gc,phases      ] GC(162)   ObjectSynchronizer Weak        Min:  0.0, Avg:  0.0, Max:  0.0, Diff:  0.0, Sum:  0.0, Workers: 4
[6766.712s][debug][gc,phases      ] GC(162)     Dead                           Min: 0, Avg:  0.0, Max: 0, Diff: 0, Sum: 0, Workers: 4
[6766.712s][debug][gc,phases      ] GC(162)     Total                          Min: 0, Avg:  1.0, Max: 4, Diff: 4, Sum: 4, Workers: 4
[6766.712s][debug][gc,phases      ] GC(162)   JVMTI Tag Weak OopStorage      Min:  0.0, Avg:  0.0, Max:  0.0, Diff:  0.0, Sum:  0.0, Workers: 4
[6766.712s][debug][gc,phases      ] GC(162)     Dead                           Min: 0, Avg:  0.0, Max: 0, Diff: 0, Sum: 0, Workers: 4
[6766.712s][debug][gc,phases      ] GC(162)     Total                          Min: 0, Avg:  0.0, Max: 0, Diff: 0, Sum: 0, Workers: 4
[6766.712s][debug][gc,phases      ] GC(162)   StringTable Weak               Min:  0.0, Avg:  0.1, Max:  0.1, Diff:  0.1, Sum:  0.4, Workers: 4
[6766.712s][debug][gc,phases      ] GC(162)     Dead                           Min: 0, Avg:  0.0, Max: 0, Diff: 0, Sum: 0, Workers: 4
[6766.712s][debug][gc,phases      ] GC(162)     Total                          Min: 0, Avg: 12013.2, Max: 17407, Diff: 17407, Sum: 48053, Workers: 4
[6766.712s][debug][gc,phases      ] GC(162)   ResolvedMethodTable Weak       Min:  0.0, Avg:  0.0, Max:  0.1, Diff:  0.1, Sum:  0.2, Workers: 4
[6766.712s][debug][gc,phases      ] GC(162)     Dead                           Min: 0, Avg:  4.0, Max: 16, Diff: 16, Sum: 16, Workers: 4
[6766.712s][debug][gc,phases      ] GC(162)     Total                          Min: 0, Avg: 3958.0, Max: 5385, Diff: 5385, Sum: 15832, Workers: 4
[6766.712s][debug][gc,phases      ] GC(162)   JNI Weak                       Min:  0.0, Avg:  0.0, Max:  0.0, Diff:  0.0, Sum:  0.0, Workers: 4
[6766.712s][debug][gc,phases      ] GC(162)     Dead                           Min: 0, Avg:  0.0, Max: 0, Diff: 0, Sum: 0, Workers: 4
[6766.712s][debug][gc,phases      ] GC(162)     Total                          Min: 0, Avg: 13.0, Max: 52, Diff: 52, Sum: 52, Workers: 4
[6766.712s][debug][gc,phases      ] GC(162)   StringDedup Table Weak         Min:  0.0, Avg:  0.0, Max:  0.0, Diff:  0.0, Sum:  0.0, Workers: 4
[6766.712s][debug][gc,phases      ] GC(162)     Dead                           Min: 0, Avg:  0.0, Max: 0, Diff: 0, Sum: 0, Workers: 4
[6766.712s][debug][gc,phases      ] GC(162)     Total                          Min: 0, Avg:  0.0, Max: 0, Diff: 0, Sum: 0, Workers: 4
[6766.712s][debug][gc,phases      ] GC(162)   StringDedup Requests0 Weak     Min:  0.0, Avg:  0.0, Max:  0.0, Diff:  0.0, Sum:  0.0, Workers: 4
[6766.712s][debug][gc,phases      ] GC(162)     Dead                           Min: 0, Avg:  0.0, Max: 0, Diff: 0, Sum: 0, Workers: 4
[6766.712s][debug][gc,phases      ] GC(162)     Total                          Min: 0, Avg:  0.0, Max: 0, Diff: 0, Sum: 0, Workers: 4
[6766.712s][debug][gc,phases      ] GC(162)   StringDedup Requests1 Weak     Min:  0.0, Avg:  0.0, Max:  0.0, Diff:  0.0, Sum:  0.0, Workers: 4
[6766.712s][debug][gc,phases      ] GC(162)     Dead                           Min: 0, Avg:  0.0, Max: 0, Diff: 0, Sum: 0, Workers: 4
[6766.712s][debug][gc,phases      ] GC(162)     Total                          Min: 0, Avg:  0.0, Max: 0, Diff: 0, Sum: 0, Workers: 4
[6766.712s][debug][gc,phases      ] GC(162)   Weak JFR Old Object Samples    Min:  0.0, Avg:  0.0, Max:  0.0, Diff:  0.0, Sum:  0.0, Workers: 4
[6766.712s][debug][gc,phases      ] GC(162)     Dead                           Min: 0, Avg:  0.0, Max: 0, Diff: 0, Sum: 0, Workers: 4
[6766.712s][debug][gc,phases      ] GC(162)     Total                          Min: 0, Avg:  0.0, Max: 0, Diff: 0, Sum: 0, Workers: 4
[6766.712s][debug][gc,phases      ] GC(162) Weak Processing 0.470ms
[6766.712s][debug][gc,age         ] GC(162) Desired survivor size 10485760 bytes, new threshold 1 (max threshold 15)
[6766.712s][info ][gc,heap        ] GC(162) PSYoungGen: 2083944K(2086912K)->4784K(2086912K) Eden: 2076672K(2076672K)->0K(2076672K) From: 7272K(10240K)->4784K(10240K)
[6766.712s][info ][gc,heap        ] GC(162) ParOldGen: 719096K(719360K)->723477K(723968K)
[6766.712s][info ][gc,metaspace   ] GC(162) Metaspace: 112210K(113600K)->112210K(113600K) NonClass: 95559K(96320K)->95559K(96320K) Class: 16651K(17280K)->16651K(17280K)
[6766.712s][info ][gc             ] GC(162) Pause Young (Allocation Failure) 2737M->711M(2745M) 8.708ms
[6766.712s][info ][gc,cpu         ] GC(162) User=0.02s Sys=0.00s Real=0.01s
[6766.712s][info ][safepoint      ] Safepoint "ParallelGCFailedAllocation", Time since last: 3437420952 ns, Reaching safepoint: 81101 ns, Cleanup: 4700 ns, At safepoint: 8800196 ns, Total: 8885997 ns
[6776.713s][info ][safepoint      ] Safepoint "Cleanup", Time since last: 10000747439 ns, Reaching safepoint: 79000 ns, Cleanup: 9200 ns, At safepoint: 6601 ns, Total: 94801 ns
[6796.352s][info ][gc,start       ] GC(163) Pause Young (Allocation Failure)
[6796.357s][debug][gc,phases      ] GC(163) Scavenge 4.825ms
[6796.357s][debug][gc,ref         ] GC(163) ReferenceProcessor::execute queues: 1, RefProcThreadModel::Single, marks_oops_alive: false
[6796.357s][debug][gc,ref         ] GC(163) Skipped KeepAliveFinalRefsPhase of Reference Processing: no references
[6796.357s][debug][gc,ref         ] GC(163) Skipped PhantomRefsPhase of Reference Processing: no references
[6796.357s][debug][gc,phases      ] GC(163) Reference Processing 0.115ms
[6796.357s][debug][gc,phases      ] GC(163)   VM Weak                        Min:  0.0, Avg:  0.0, Max:  0.0, Diff:  0.0, Sum:  0.0, Workers: 4
[6796.357s][debug][gc,phases      ] GC(163)     Dead                           Min: 0, Avg:  0.0, Max: 0, Diff: 0, Sum: 0, Workers: 4
[6796.357s][debug][gc,phases      ] GC(163)     Total                          Min: 0, Avg: 260.8, Max: 595, Diff: 595, Sum: 1043, Workers: 4
[6796.357s][debug][gc,phases      ] GC(163)   ObjectSynchronizer Weak        Min:  0.0, Avg:  0.0, Max:  0.0, Diff:  0.0, Sum:  0.0, Workers: 4
[6796.357s][debug][gc,phases      ] GC(163)     Dead                           Min: 0, Avg:  0.0, Max: 0, Diff: 0, Sum: 0, Workers: 4
[6796.357s][debug][gc,phases      ] GC(163)     Total                          Min: 0, Avg:  1.0, Max: 4, Diff: 4, Sum: 4, Workers: 4
[6796.357s][debug][gc,phases      ] GC(163)   JVMTI Tag Weak OopStorage      Min:  0.0, Avg:  0.0, Max:  0.0, Diff:  0.0, Sum:  0.0, Workers: 4
[6796.358s][debug][gc,phases      ] GC(163)     Dead                           Min: 0, Avg:  0.0, Max: 0, Diff: 0, Sum: 0, Workers: 4
[6796.358s][debug][gc,phases      ] GC(163)     Total                          Min: 0, Avg:  0.0, Max: 0, Diff: 0, Sum: 0, Workers: 4
[6796.358s][debug][gc,phases      ] GC(163)   StringTable Weak               Min:  0.0, Avg:  0.1, Max:  0.1, Diff:  0.1, Sum:  0.4, Workers: 4
[6796.358s][debug][gc,phases      ] GC(163)     Dead                           Min: 0, Avg:  0.0, Max: 0, Diff: 0, Sum: 0, Workers: 4
[6796.358s][debug][gc,phases      ] GC(163)     Total                          Min: 0, Avg: 12013.2, Max: 16118, Diff: 16118, Sum: 48053, Workers: 4
[6796.358s][debug][gc,phases      ] GC(163)   ResolvedMethodTable Weak       Min:  0.0, Avg:  0.0, Max:  0.1, Diff:  0.1, Sum:  0.2, Workers: 4
[6796.358s][debug][gc,phases      ] GC(163)     Dead                           Min: 0, Avg:  4.0, Max: 16, Diff: 16, Sum: 16, Workers: 4
[6796.358s][debug][gc,phases      ] GC(163)     Total                          Min: 0, Avg: 3958.0, Max: 5872, Diff: 5872, Sum: 15832, Workers: 4
[6796.358s][debug][gc,phases      ] GC(163)   JNI Weak                       Min:  0.0, Avg:  0.0, Max:  0.0, Diff:  0.0, Sum:  0.0, Workers: 4
[6796.358s][debug][gc,phases      ] GC(163)     Dead                           Min: 0, Avg:  0.0, Max: 0, Diff: 0, Sum: 0, Workers: 4
[6796.358s][debug][gc,phases      ] GC(163)     Total                          Min: 0, Avg: 13.0, Max: 52, Diff: 52, Sum: 52, Workers: 4
[6796.358s][debug][gc,phases      ] GC(163)   StringDedup Table Weak         Min:  0.0, Avg:  0.0, Max:  0.0, Diff:  0.0, Sum:  0.0, Workers: 4
[6796.358s][debug][gc,phases      ] GC(163)     Dead                           Min: 0, Avg:  0.0, Max: 0, Diff: 0, Sum: 0, Workers: 4
[6796.358s][debug][gc,phases      ] GC(163)     Total                          Min: 0, Avg:  0.0, Max: 0, Diff: 0, Sum: 0, Workers: 4
[6796.358s][debug][gc,phases      ] GC(163)   StringDedup Requests0 Weak     Min:  0.0, Avg:  0.0, Max:  0.0, Diff:  0.0, Sum:  0.0, Workers: 4
[6796.358s][debug][gc,phases      ] GC(163)     Dead                           Min: 0, Avg:  0.0, Max: 0, Diff: 0, Sum: 0, Workers: 4
[6796.358s][debug][gc,phases      ] GC(163)     Total                          Min: 0, Avg:  0.0, Max: 0, Diff: 0, Sum: 0, Workers: 4
[6796.358s][debug][gc,phases      ] GC(163)   StringDedup Requests1 Weak     Min:  0.0, Avg:  0.0, Max:  0.0, Diff:  0.0, Sum:  0.0, Workers: 4
[6796.358s][debug][gc,phases      ] GC(163)     Dead                           Min: 0, Avg:  0.0, Max: 0, Diff: 0, Sum: 0, Workers: 4
[6796.358s][debug][gc,phases      ] GC(163)     Total                          Min: 0, Avg:  0.0, Max: 0, Diff: 0, Sum: 0, Workers: 4
[6796.358s][debug][gc,phases      ] GC(163)   Weak JFR Old Object Samples    Min:  0.0, Avg:  0.0, Max:  0.0, Diff:  0.0, Sum:  0.0, Workers: 4
[6796.358s][debug][gc,phases      ] GC(163)     Dead                           Min: 0, Avg:  0.0, Max: 0, Diff: 0, Sum: 0, Workers: 4
[6796.358s][debug][gc,phases      ] GC(163)     Total                          Min: 0, Avg:  0.0, Max: 0, Diff: 0, Sum: 0, Workers: 4
[6796.358s][debug][gc,phases      ] GC(163) Weak Processing 0.437ms
[6796.358s][debug][gc,age         ] GC(163) Desired survivor size 9961472 bytes, new threshold 1 (max threshold 15)
[6796.358s][info ][gc,heap        ] GC(163) PSYoungGen: 2081456K(2086912K)->4400K(2087424K) Eden: 2076672K(2076672K)->0K(2077184K) From: 4784K(10240K)->4400K(10240K)
[6796.358s][info ][gc,heap        ] GC(163) ParOldGen: 723477K(723968K)->725093K(725504K)
[6796.358s][info ][gc,metaspace   ] GC(163) Metaspace: 112211K(113600K)->112211K(113600K) NonClass: 95559K(96320K)->95559K(96320K) Class: 16651K(17280K)->16651K(17280K)
[6796.358s][info ][gc             ] GC(163) Pause Young (Allocation Failure) 2739M->712M(2747M) 5.532ms
[6796.358s][info ][gc,cpu         ] GC(163) User=0.02s Sys=0.00s Real=0.00s
[6796.358s][info ][safepoint      ] Safepoint "ParallelGCFailedAllocation", Time since last: 19639234097 ns, Reaching safepoint: 85401 ns, Cleanup: 4200 ns, At safepoint: 5620961 ns, Total: 5710562 ns
[6816.359s][info ][safepoint      ] Safepoint "Cleanup", Time since last: 20001431998 ns, Reaching safepoint: 78700 ns, Cleanup: 19701 ns, At safepoint: 7000 ns, Total: 105401 ns
[6817.359s][info ][safepoint      ] Safepoint "Cleanup", Time since last: 1000119841 ns, Reaching safepoint: 78701 ns, Cleanup: 15300 ns, At safepoint: 7100 ns, Total: 101101 ns
[6818.360s][info ][safepoint      ] Safepoint "Cleanup", Time since last: 1000118347 ns, Reaching safepoint: 80900 ns, Cleanup: 9000 ns, At safepoint: 19801 ns, Total: 109701 ns
[6821.360s][info ][safepoint      ] Safepoint "Cleanup", Time since last: 3000260338 ns, Reaching safepoint: 78501 ns, Cleanup: 12100 ns, At safepoint: 6600 ns, Total: 97201 ns
[6822.360s][info ][safepoint      ] Safepoint "Cleanup", Time since last: 1000115147 ns, Reaching safepoint: 83701 ns, Cleanup: 17100 ns, At safepoint: 7000 ns, Total: 107801 ns
[6823.361s][info ][safepoint      ] Safepoint "Cleanup", Time since last: 1000129746 ns, Reaching safepoint: 82301 ns, Cleanup: 9300 ns, At safepoint: 7300 ns, Total: 98901 ns
[6823.412s][info ][gc,start       ] GC(164) Pause Young (Allocation Failure)
[6823.419s][debug][gc,phases      ] GC(164) Scavenge 6.570ms
[6823.419s][debug][gc,ref         ] GC(164) ReferenceProcessor::execute queues: 1, RefProcThreadModel::Single, marks_oops_alive: false
[6823.419s][debug][gc,ref         ] GC(164) Skipped KeepAliveFinalRefsPhase of Reference Processing: no references
[6823.419s][debug][gc,ref         ] GC(164) ReferenceProcessor::execute queues: 1, RefProcThreadModel::Single, marks_oops_alive: false
[6823.419s][debug][gc,phases      ] GC(164) Reference Processing 0.121ms
[6823.419s][debug][gc,phases      ] GC(164)   VM Weak                        Min:  0.0, Avg:  0.0, Max:  0.0, Diff:  0.0, Sum:  0.0, Workers: 4
[6823.419s][debug][gc,phases      ] GC(164)     Dead                           Min: 0, Avg:  0.0, Max: 0, Diff: 0, Sum: 0, Workers: 4
[6823.419s][debug][gc,phases      ] GC(164)     Total                          Min: 0, Avg: 260.8, Max: 531, Diff: 531, Sum: 1043, Workers: 4
[6823.419s][debug][gc,phases      ] GC(164)   ObjectSynchronizer Weak        Min:  0.0, Avg:  0.0, Max:  0.0, Diff:  0.0, Sum:  0.0, Workers: 4
[6823.419s][debug][gc,phases      ] GC(164)     Dead                           Min: 0, Avg:  0.0, Max: 0, Diff: 0, Sum: 0, Workers: 4
[6823.419s][debug][gc,phases      ] GC(164)     Total                          Min: 0, Avg:  1.0, Max: 4, Diff: 4, Sum: 4, Workers: 4
[6823.419s][debug][gc,phases      ] GC(164)   JVMTI Tag Weak OopStorage      Min:  0.0, Avg:  0.0, Max:  0.0, Diff:  0.0, Sum:  0.0, Workers: 4
[6823.419s][debug][gc,phases      ] GC(164)     Dead                           Min: 0, Avg:  0.0, Max: 0, Diff: 0, Sum: 0, Workers: 4
[6823.419s][debug][gc,phases      ] GC(164)     Total                          Min: 0, Avg:  0.0, Max: 0, Diff: 0, Sum: 0, Workers: 4
[6823.419s][debug][gc,phases      ] GC(164)   StringTable Weak               Min:  0.0, Avg:  0.1, Max:  0.1, Diff:  0.1, Sum:  0.4, Workers: 4
[6823.419s][debug][gc,phases      ] GC(164)     Dead                           Min: 0, Avg:  0.2, Max: 1, Diff: 1, Sum: 1, Workers: 4
[6823.419s][debug][gc,phases      ] GC(164)     Total                          Min: 0, Avg: 12018.0, Max: 16831, Diff: 16831, Sum: 48072, Workers: 4
[6823.419s][debug][gc,phases      ] GC(164)   ResolvedMethodTable Weak       Min:  0.0, Avg:  0.0, Max:  0.1, Diff:  0.1, Sum:  0.2, Workers: 4
[6823.419s][debug][gc,phases      ] GC(164)     Dead                           Min: 0, Avg:  4.0, Max: 16, Diff: 16, Sum: 16, Workers: 4
[6823.419s][debug][gc,phases      ] GC(164)     Total                          Min: 0, Avg: 3961.0, Max: 5790, Diff: 5790, Sum: 15844, Workers: 4
[6823.419s][debug][gc,phases      ] GC(164)   JNI Weak                       Min:  0.0, Avg:  0.0, Max:  0.0, Diff:  0.0, Sum:  0.0, Workers: 4
[6823.419s][debug][gc,phases      ] GC(164)     Dead                           Min: 0, Avg:  0.0, Max: 0, Diff: 0, Sum: 0, Workers: 4
[6823.419s][debug][gc,phases      ] GC(164)     Total                          Min: 0, Avg: 13.0, Max: 52, Diff: 52, Sum: 52, Workers: 4
[6823.419s][debug][gc,phases      ] GC(164)   StringDedup Table Weak         Min:  0.0, Avg:  0.0, Max:  0.0, Diff:  0.0, Sum:  0.0, Workers: 4
[6823.419s][debug][gc,phases      ] GC(164)     Dead                           Min: 0, Avg:  0.0, Max: 0, Diff: 0, Sum: 0, Workers: 4
[6823.419s][debug][gc,phases      ] GC(164)     Total                          Min: 0, Avg:  0.0, Max: 0, Diff: 0, Sum: 0, Workers: 4
[6823.419s][debug][gc,phases      ] GC(164)   StringDedup Requests0 Weak     Min:  0.0, Avg:  0.0, Max:  0.0, Diff:  0.0, Sum:  0.0, Workers: 4
[6823.419s][debug][gc,phases      ] GC(164)     Dead                           Min: 0, Avg:  0.0, Max: 0, Diff: 0, Sum: 0, Workers: 4
[6823.419s][debug][gc,phases      ] GC(164)     Total                          Min: 0, Avg:  0.0, Max: 0, Diff: 0, Sum: 0, Workers: 4
[6823.419s][debug][gc,phases      ] GC(164)   StringDedup Requests1 Weak     Min:  0.0, Avg:  0.0, Max:  0.0, Diff:  0.0, Sum:  0.0, Workers: 4
[6823.419s][debug][gc,phases      ] GC(164)     Dead                           Min: 0, Avg:  0.0, Max: 0, Diff: 0, Sum: 0, Workers: 4
[6823.419s][debug][gc,phases      ] GC(164)     Total                          Min: 0, Avg:  0.0, Max: 0, Diff: 0, Sum: 0, Workers: 4
[6823.419s][debug][gc,phases      ] GC(164)   Weak JFR Old Object Samples    Min:  0.0, Avg:  0.0, Max:  0.0, Diff:  0.0, Sum:  0.0, Workers: 4
[6823.419s][debug][gc,phases      ] GC(164)     Dead                           Min: 0, Avg:  0.0, Max: 0, Diff: 0, Sum: 0, Workers: 4
[6823.419s][debug][gc,phases      ] GC(164)     Total                          Min: 0, Avg:  0.0, Max: 0, Diff: 0, Sum: 0, Workers: 4
[6823.419s][debug][gc,phases      ] GC(164) Weak Processing 0.448ms
[6823.419s][debug][gc,age         ] GC(164) Desired survivor size 11010048 bytes, new threshold 1 (max threshold 15)
[6823.419s][info ][gc,heap        ] GC(164) PSYoungGen: 2081584K(2087424K)->8448K(2085888K) Eden: 2077184K(2077184K)->0K(2077184K) From: 4400K(10240K)->8448K(8704K)
[6823.419s][info ][gc,heap        ] GC(164) ParOldGen: 725093K(725504K)->726773K(727040K)
[6823.419s][info ][gc,metaspace   ] GC(164) Metaspace: 112251K(113600K)->112251K(113600K) NonClass: 95595K(96320K)->95595K(96320K) Class: 16656K(17280K)->16656K(17280K)
[6823.419s][info ][gc             ] GC(164) Pause Young (Allocation Failure) 2740M->717M(2747M) 7.283ms
[6823.419s][info ][gc,cpu         ] GC(164) User=0.02s Sys=0.00s Real=0.00s
[6823.419s][info ][safepoint      ] Safepoint "ParallelGCFailedAllocation", Time since last: 51301531 ns, Reaching safepoint: 7700 ns, Cleanup: 11100 ns, At safepoint: 7368077 ns, Total: 7386877 ns
[6826.419s][info ][safepoint      ] Safepoint "Cleanup", Time since last: 3000227584 ns, Reaching safepoint: 7600 ns, Cleanup: 10200 ns, At safepoint: 3000 ns, Total: 20800 ns
[6827.420s][info ][safepoint      ] Safepoint "Cleanup", Time since last: 1000115071 ns, Reaching safepoint: 80801 ns, Cleanup: 10700 ns, At safepoint: 11500 ns, Total: 103001 ns
[6828.420s][info ][safepoint      ] Safepoint "Cleanup", Time since last: 1000148171 ns, Reaching safepoint: 8401 ns, Cleanup: 13100 ns, At safepoint: 3000 ns, Total: 24501 ns
[6829.420s][info ][safepoint      ] Safepoint "Cleanup", Time since last: 1000120171 ns, Reaching safepoint: 8700 ns, Cleanup: 16900 ns, At safepoint: 28400 ns, Total: 54000 ns
[6831.420s][info ][safepoint      ] Safepoint "Cleanup", Time since last: 2000181156 ns, Reaching safepoint: 81301 ns, Cleanup: 10200 ns, At safepoint: 6500 ns, Total: 98001 ns
[6833.421s][info ][safepoint      ] Safepoint "Cleanup", Time since last: 2000200144 ns, Reaching safepoint: 6200 ns, Cleanup: 8300 ns, At safepoint: 2300 ns, Total: 16800 ns
[6835.421s][info ][safepoint      ] Safepoint "Cleanup", Time since last: 2000191595 ns, Reaching safepoint: 7800 ns, Cleanup: 9900 ns, At safepoint: 2700 ns, Total: 20400 ns
[6846.362s][info ][safepoint      ] Safepoint "Cleanup", Time since last: 10940993332 ns, Reaching safepoint: 78201 ns, Cleanup: 9600 ns, At safepoint: 7300 ns, Total: 95101 ns
[6847.362s][info ][safepoint      ] Safepoint "Cleanup", Time since last: 1000120901 ns, Reaching safepoint: 78700 ns, Cleanup: 11300 ns, At safepoint: 6901 ns, Total: 96901 ns
[6848.362s][info ][safepoint      ] Safepoint "Cleanup", Time since last: 1000120815 ns, Reaching safepoint: 8400 ns, Cleanup: 20201 ns, At safepoint: 3000 ns, Total: 31601 ns
[6848.703s][info ][gc,start       ] GC(165) Pause Young (Allocation Failure)
[6848.714s][debug][gc,phases      ] GC(165) Scavenge 11.016ms
[6848.714s][debug][gc,ref         ] GC(165) ReferenceProcessor::execute queues: 1, RefProcThreadModel::Single, marks_oops_alive: false
[6848.714s][debug][gc,ref         ] GC(165) Skipped KeepAliveFinalRefsPhase of Reference Processing: no references
[6848.714s][debug][gc,ref         ] GC(165) ReferenceProcessor::execute queues: 1, RefProcThreadModel::Single, marks_oops_alive: false
[6848.714s][debug][gc,phases      ] GC(165) Reference Processing 0.120ms
[6848.714s][debug][gc,phases      ] GC(165)   VM Weak                        Min:  0.0, Avg:  0.0, Max:  0.0, Diff:  0.0, Sum:  0.0, Workers: 4
[6848.714s][debug][gc,phases      ] GC(165)     Dead                           Min: 0, Avg:  0.0, Max: 0, Diff: 0, Sum: 0, Workers: 4
[6848.714s][debug][gc,phases      ] GC(165)     Total                          Min: 0, Avg: 260.8, Max: 704, Diff: 704, Sum: 1043, Workers: 4
[6848.714s][debug][gc,phases      ] GC(165)   ObjectSynchronizer Weak        Min:  0.0, Avg:  0.0, Max:  0.0, Diff:  0.0, Sum:  0.0, Workers: 4
[6848.714s][debug][gc,phases      ] GC(165)     Dead                           Min: 0, Avg:  0.0, Max: 0, Diff: 0, Sum: 0, Workers: 4
[6848.714s][debug][gc,phases      ] GC(165)     Total                          Min: 0, Avg:  1.0, Max: 4, Diff: 4, Sum: 4, Workers: 4
[6848.714s][debug][gc,phases      ] GC(165)   JVMTI Tag Weak OopStorage      Min:  0.0, Avg:  0.0, Max:  0.0, Diff:  0.0, Sum:  0.0, Workers: 4
[6848.714s][debug][gc,phases      ] GC(165)     Dead                           Min: 0, Avg:  0.0, Max: 0, Diff: 0, Sum: 0, Workers: 4
[6848.714s][debug][gc,phases      ] GC(165)     Total                          Min: 0, Avg:  0.0, Max: 0, Diff: 0, Sum: 0, Workers: 4
[6848.714s][debug][gc,phases      ] GC(165)   StringTable Weak               Min:  0.0, Avg:  0.1, Max:  0.2, Diff:  0.2, Sum:  0.5, Workers: 4
[6848.714s][debug][gc,phases      ] GC(165)     Dead                           Min: 0, Avg:  0.0, Max: 0, Diff: 0, Sum: 0, Workers: 4
[6848.714s][debug][gc,phases      ] GC(165)     Total                          Min: 0, Avg: 12018.2, Max: 16320, Diff: 16320, Sum: 48073, Workers: 4
[6848.714s][debug][gc,phases      ] GC(165)   ResolvedMethodTable Weak       Min:  0.0, Avg:  0.0, Max:  0.1, Diff:  0.1, Sum:  0.2, Workers: 4
[6848.714s][debug][gc,phases      ] GC(165)     Dead                           Min: 0, Avg:  4.0, Max: 16, Diff: 16, Sum: 16, Workers: 4
[6848.714s][debug][gc,phases      ] GC(165)     Total                          Min: 0, Avg: 3961.0, Max: 5846, Diff: 5846, Sum: 15844, Workers: 4
[6848.714s][debug][gc,phases      ] GC(165)   JNI Weak                       Min:  0.0, Avg:  0.0, Max:  0.0, Diff:  0.0, Sum:  0.0, Workers: 4
[6848.714s][debug][gc,phases      ] GC(165)     Dead                           Min: 0, Avg:  0.0, Max: 0, Diff: 0, Sum: 0, Workers: 4
[6848.714s][debug][gc,phases      ] GC(165)     Total                          Min: 0, Avg: 13.0, Max: 52, Diff: 52, Sum: 52, Workers: 4
[6848.714s][debug][gc,phases      ] GC(165)   StringDedup Table Weak         Min:  0.0, Avg:  0.0, Max:  0.0, Diff:  0.0, Sum:  0.0, Workers: 4
[6848.714s][debug][gc,phases      ] GC(165)     Dead                           Min: 0, Avg:  0.0, Max: 0, Diff: 0, Sum: 0, Workers: 4
[6848.714s][debug][gc,phases      ] GC(165)     Total                          Min: 0, Avg:  0.0, Max: 0, Diff: 0, Sum: 0, Workers: 4
[6848.714s][debug][gc,phases      ] GC(165)   StringDedup Requests0 Weak     Min:  0.0, Avg:  0.0, Max:  0.0, Diff:  0.0, Sum:  0.0, Workers: 4
[6848.714s][debug][gc,phases      ] GC(165)     Dead                           Min: 0, Avg:  0.0, Max: 0, Diff: 0, Sum: 0, Workers: 4
[6848.714s][debug][gc,phases      ] GC(165)     Total                          Min: 0, Avg:  0.0, Max: 0, Diff: 0, Sum: 0, Workers: 4
[6848.714s][debug][gc,phases      ] GC(165)   StringDedup Requests1 Weak     Min:  0.0, Avg:  0.0, Max:  0.0, Diff:  0.0, Sum:  0.0, Workers: 4
[6848.714s][debug][gc,phases      ] GC(165)     Dead                           Min: 0, Avg:  0.0, Max: 0, Diff: 0, Sum: 0, Workers: 4
[6848.714s][debug][gc,phases      ] GC(165)     Total                          Min: 0, Avg:  0.0, Max: 0, Diff: 0, Sum: 0, Workers: 4
[6848.714s][debug][gc,phases      ] GC(165)   Weak JFR Old Object Samples    Min:  0.0, Avg:  0.0, Max:  0.0, Diff:  0.0, Sum:  0.0, Workers: 4
[6848.714s][debug][gc,phases      ] GC(165)     Dead                           Min: 0, Avg:  0.0, Max: 0, Diff: 0, Sum: 0, Workers: 4
[6848.714s][debug][gc,phases      ] GC(165)     Total                          Min: 0, Avg:  0.0, Max: 0, Diff: 0, Sum: 0, Workers: 4
[6848.714s][debug][gc,phases      ] GC(165) Weak Processing 0.467ms
[6848.714s][debug][gc,age         ] GC(165) Desired survivor size 13631488 bytes, new threshold 1 (max threshold 15)
[6848.714s][info ][gc,heap        ] GC(165) PSYoungGen: 2085632K(2085888K)->10720K(2081280K) Eden: 2077184K(2077184K)->0K(2070528K) From: 8448K(8704K)->10720K(10752K)
[6848.714s][info ][gc,heap        ] GC(165) ParOldGen: 726773K(727040K)->730645K(731136K)
[6848.714s][info ][gc,metaspace   ] GC(165) Metaspace: 112252K(113600K)->112252K(113600K) NonClass: 95596K(96320K)->95596K(96320K) Class: 16656K(17280K)->16656K(17280K)
[6848.714s][info ][gc             ] GC(165) Pause Young (Allocation Failure) 2746M->723M(2746M) 11.753ms
[6848.714s][info ][gc,cpu         ] GC(165) User=0.04s Sys=0.01s Real=0.01s
[6848.714s][info ][safepoint      ] Safepoint "ParallelGCFailedAllocation", Time since last: 340357673 ns, Reaching safepoint: 81501 ns, Cleanup: 4500 ns, At safepoint: 11852121 ns, Total: 11938122 ns
[6854.715s][info ][safepoint      ] Safepoint "Cleanup", Time since last: 6000451766 ns, Reaching safepoint: 8200 ns, Cleanup: 19900 ns, At safepoint: 2500 ns, Total: 30600 ns
[6860.715s][info ][safepoint      ] Safepoint "Cleanup", Time since last: 6000476628 ns, Reaching safepoint: 7800 ns, Cleanup: 12200 ns, At safepoint: 2800 ns, Total: 22800 ns
[6873.717s][info ][safepoint      ] Safepoint "Cleanup", Time since last: 13000970370 ns, Reaching safepoint: 82601 ns, Cleanup: 9600 ns, At safepoint: 10300 ns, Total: 102501 ns
[6874.717s][info ][safepoint      ] Safepoint "Cleanup", Time since last: 1000103622 ns, Reaching safepoint: 6300 ns, Cleanup: 9700 ns, At safepoint: 2400 ns, Total: 18400 ns
[6875.103s][info ][gc,start       ] GC(166) Pause Young (Allocation Failure)
[6875.114s][debug][gc,phases      ] GC(166) Scavenge 10.955ms
[6875.114s][debug][gc,ref         ] GC(166) ReferenceProcessor::execute queues: 1, RefProcThreadModel::Single, marks_oops_alive: false
[6875.114s][debug][gc,ref         ] GC(166) Skipped KeepAliveFinalRefsPhase of Reference Processing: no references
[6875.114s][debug][gc,ref         ] GC(166) ReferenceProcessor::execute queues: 1, RefProcThreadModel::Single, marks_oops_alive: false
[6875.114s][debug][gc,phases      ] GC(166) Reference Processing 0.118ms
[6875.115s][debug][gc,phases      ] GC(166)   VM Weak                        Min:  0.0, Avg:  0.0, Max:  0.0, Diff:  0.0, Sum:  0.0, Workers: 4
[6875.115s][debug][gc,phases      ] GC(166)     Dead                           Min: 0, Avg:  0.0, Max: 0, Diff: 0, Sum: 0, Workers: 4
[6875.115s][debug][gc,phases      ] GC(166)     Total                          Min: 0, Avg: 260.8, Max: 595, Diff: 595, Sum: 1043, Workers: 4
[6875.115s][debug][gc,phases      ] GC(166)   ObjectSynchronizer Weak        Min:  0.0, Avg:  0.0, Max:  0.0, Diff:  0.0, Sum:  0.0, Workers: 4
[6875.115s][debug][gc,phases      ] GC(166)     Dead                           Min: 0, Avg:  0.0, Max: 0, Diff: 0, Sum: 0, Workers: 4
[6875.115s][debug][gc,phases      ] GC(166)     Total                          Min: 0, Avg:  1.0, Max: 4, Diff: 4, Sum: 4, Workers: 4
[6875.115s][debug][gc,phases      ] GC(166)   JVMTI Tag Weak OopStorage      Min:  0.0, Avg:  0.0, Max:  0.0, Diff:  0.0, Sum:  0.0, Workers: 4
[6875.115s][debug][gc,phases      ] GC(166)     Dead                           Min: 0, Avg:  0.0, Max: 0, Diff: 0, Sum: 0, Workers: 4
[6875.115s][debug][gc,phases      ] GC(166)     Total                          Min: 0, Avg:  0.0, Max: 0, Diff: 0, Sum: 0, Workers: 4
[6875.115s][debug][gc,phases      ] GC(166)   StringTable Weak               Min:  0.0, Avg:  0.1, Max:  0.1, Diff:  0.1, Sum:  0.4, Workers: 4
[6875.115s][debug][gc,phases      ] GC(166)     Dead                           Min: 0, Avg:  0.0, Max: 0, Diff: 0, Sum: 0, Workers: 4
[6875.115s][debug][gc,phases      ] GC(166)     Total                          Min: 0, Avg: 12018.5, Max: 16511, Diff: 16511, Sum: 48074, Workers: 4
[6875.115s][debug][gc,phases      ] GC(166)   ResolvedMethodTable Weak       Min:  0.0, Avg:  0.0, Max:  0.1, Diff:  0.1, Sum:  0.2, Workers: 4
[6875.115s][debug][gc,phases      ] GC(166)     Dead                           Min: 0, Avg:  4.0, Max: 16, Diff: 16, Sum: 16, Workers: 4
[6875.115s][debug][gc,phases      ] GC(166)     Total                          Min: 0, Avg: 3961.5, Max: 5756, Diff: 5756, Sum: 15846, Workers: 4
[6875.115s][debug][gc,phases      ] GC(166)   JNI Weak                       Min:  0.0, Avg:  0.0, Max:  0.0, Diff:  0.0, Sum:  0.0, Workers: 4
[6875.115s][debug][gc,phases      ] GC(166)     Dead                           Min: 0, Avg:  0.0, Max: 0, Diff: 0, Sum: 0, Workers: 4
[6875.115s][debug][gc,phases      ] GC(166)     Total                          Min: 0, Avg: 13.0, Max: 52, Diff: 52, Sum: 52, Workers: 4
[6875.115s][debug][gc,phases      ] GC(166)   StringDedup Table Weak         Min:  0.0, Avg:  0.0, Max:  0.0, Diff:  0.0, Sum:  0.0, Workers: 4
[6875.115s][debug][gc,phases      ] GC(166)     Dead                           Min: 0, Avg:  0.0, Max: 0, Diff: 0, Sum: 0, Workers: 4
[6875.115s][debug][gc,phases      ] GC(166)     Total                          Min: 0, Avg:  0.0, Max: 0, Diff: 0, Sum: 0, Workers: 4
[6875.115s][debug][gc,phases      ] GC(166)   StringDedup Requests0 Weak     Min:  0.0, Avg:  0.0, Max:  0.0, Diff:  0.0, Sum:  0.0, Workers: 4
[6875.115s][debug][gc,phases      ] GC(166)     Dead                           Min: 0, Avg:  0.0, Max: 0, Diff: 0, Sum: 0, Workers: 4
[6875.115s][debug][gc,phases      ] GC(166)     Total                          Min: 0, Avg:  0.0, Max: 0, Diff: 0, Sum: 0, Workers: 4
[6875.115s][debug][gc,phases      ] GC(166)   StringDedup Requests1 Weak     Min:  0.0, Avg:  0.0, Max:  0.0, Diff:  0.0, Sum:  0.0, Workers: 4
[6875.115s][debug][gc,phases      ] GC(166)     Dead                           Min: 0, Avg:  0.0, Max: 0, Diff: 0, Sum: 0, Workers: 4
[6875.115s][debug][gc,phases      ] GC(166)     Total                          Min: 0, Avg:  0.0, Max: 0, Diff: 0, Sum: 0, Workers: 4
[6875.115s][debug][gc,phases      ] GC(166)   Weak JFR Old Object Samples    Min:  0.0, Avg:  0.0, Max:  0.0, Diff:  0.0, Sum:  0.0, Workers: 4
[6875.115s][debug][gc,phases      ] GC(166)     Dead                           Min: 0, Avg:  0.0, Max: 0, Diff: 0, Sum: 0, Workers: 4
[6875.115s][debug][gc,phases      ] GC(166)     Total                          Min: 0, Avg:  0.0, Max: 0, Diff: 0, Sum: 0, Workers: 4
[6875.115s][debug][gc,phases      ] GC(166) Weak Processing 0.438ms
[6875.115s][debug][gc,age         ] GC(166) Desired survivor size 14680064 bytes, new threshold 1 (max threshold 15)
[6875.115s][info ][gc,heap        ] GC(166) PSYoungGen: 2081248K(2081280K)->11216K(2081792K) Eden: 2070528K(2070528K)->0K(2070528K) From: 10720K(10752K)->11216K(11264K)
[6875.115s][info ][gc,heap        ] GC(166) ParOldGen: 730645K(731136K)->737970K(738304K)
[6875.115s][info ][gc,metaspace   ] GC(166) Metaspace: 112260K(113600K)->112260K(113600K) NonClass: 95603K(96320K)->95603K(96320K) Class: 16656K(17280K)->16656K(17280K)
[6875.115s][info ][gc             ] GC(166) Pause Young (Allocation Failure) 2745M->731M(2754M) 11.665ms
[6875.115s][info ][gc,cpu         ] GC(166) User=0.03s Sys=0.01s Real=0.01s
[6875.115s][info ][safepoint      ] Safepoint "ParallelGCFailedAllocation", Time since last: 386505773 ns, Reaching safepoint: 75901 ns, Cleanup: 4900 ns, At safepoint: 11766418 ns, Total: 11847219 ns
[6887.116s][info ][safepoint      ] Safepoint "Cleanup", Time since last: 12000911987 ns, Reaching safepoint: 7000 ns, Cleanup: 15200 ns, At safepoint: 3000 ns, Total: 25200 ns
[6888.116s][info ][safepoint      ] Safepoint "Cleanup", Time since last: 1000121008 ns, Reaching safepoint: 7600 ns, Cleanup: 31200 ns, At safepoint: 2700 ns, Total: 41500 ns
[6891.116s][info ][safepoint      ] Safepoint "Cleanup", Time since last: 3000261007 ns, Reaching safepoint: 7701 ns, Cleanup: 10900 ns, At safepoint: 2500 ns, Total: 21101 ns
[6901.599s][info ][gc,start       ] GC(167) Pause Young (Allocation Failure)
[6901.609s][debug][gc,phases      ] GC(167) Scavenge 9.456ms
[6901.609s][debug][gc,ref         ] GC(167) ReferenceProcessor::execute queues: 1, RefProcThreadModel::Single, marks_oops_alive: false
[6901.609s][debug][gc,ref         ] GC(167) Skipped KeepAliveFinalRefsPhase of Reference Processing: no references
[6901.609s][debug][gc,ref         ] GC(167) ReferenceProcessor::execute queues: 1, RefProcThreadModel::Single, marks_oops_alive: false
[6901.609s][debug][gc,phases      ] GC(167) Reference Processing 0.124ms
[6901.609s][debug][gc,phases      ] GC(167)   VM Weak                        Min:  0.0, Avg:  0.0, Max:  0.0, Diff:  0.0, Sum:  0.0, Workers: 4
[6901.609s][debug][gc,phases      ] GC(167)     Dead                           Min: 0, Avg:  0.0, Max: 0, Diff: 0, Sum: 0, Workers: 4
[6901.609s][debug][gc,phases      ] GC(167)     Total                          Min: 0, Avg: 260.8, Max: 960, Diff: 960, Sum: 1043, Workers: 4
[6901.609s][debug][gc,phases      ] GC(167)   ObjectSynchronizer Weak        Min:  0.0, Avg:  0.0, Max:  0.0, Diff:  0.0, Sum:  0.0, Workers: 4
[6901.609s][debug][gc,phases      ] GC(167)     Dead                           Min: 0, Avg:  0.0, Max: 0, Diff: 0, Sum: 0, Workers: 4
[6901.609s][debug][gc,phases      ] GC(167)     Total                          Min: 0, Avg:  1.0, Max: 4, Diff: 4, Sum: 4, Workers: 4
[6901.609s][debug][gc,phases      ] GC(167)   JVMTI Tag Weak OopStorage      Min:  0.0, Avg:  0.0, Max:  0.0, Diff:  0.0, Sum:  0.0, Workers: 4
[6901.609s][debug][gc,phases      ] GC(167)     Dead                           Min: 0, Avg:  0.0, Max: 0, Diff: 0, Sum: 0, Workers: 4
[6901.609s][debug][gc,phases      ] GC(167)     Total                          Min: 0, Avg:  0.0, Max: 0, Diff: 0, Sum: 0, Workers: 4
[6901.609s][debug][gc,phases      ] GC(167)   StringTable Weak               Min:  0.0, Avg:  0.1, Max:  0.2, Diff:  0.2, Sum:  0.5, Workers: 4
[6901.609s][debug][gc,phases      ] GC(167)     Dead                           Min: 0, Avg:  0.2, Max: 1, Diff: 1, Sum: 1, Workers: 4
[6901.609s][debug][gc,phases      ] GC(167)     Total                          Min: 0, Avg: 12020.0, Max: 16064, Diff: 16064, Sum: 48080, Workers: 4
[6901.609s][debug][gc,phases      ] GC(167)   ResolvedMethodTable Weak       Min:  0.0, Avg:  0.0, Max:  0.1, Diff:  0.1, Sum:  0.2, Workers: 4
[6901.609s][debug][gc,phases      ] GC(167)     Dead                           Min: 0, Avg:  4.0, Max: 16, Diff: 16, Sum: 16, Workers: 4
[6901.609s][debug][gc,phases      ] GC(167)     Total                          Min: 0, Avg: 3964.2, Max: 6028, Diff: 6028, Sum: 15857, Workers: 4
[6901.609s][debug][gc,phases      ] GC(167)   JNI Weak                       Min:  0.0, Avg:  0.0, Max:  0.0, Diff:  0.0, Sum:  0.0, Workers: 4
[6901.609s][debug][gc,phases      ] GC(167)     Dead                           Min: 0, Avg:  0.0, Max: 0, Diff: 0, Sum: 0, Workers: 4
[6901.609s][debug][gc,phases      ] GC(167)     Total                          Min: 0, Avg: 13.0, Max: 52, Diff: 52, Sum: 52, Workers: 4
[6901.609s][debug][gc,phases      ] GC(167)   StringDedup Table Weak         Min:  0.0, Avg:  0.0, Max:  0.0, Diff:  0.0, Sum:  0.0, Workers: 4
[6901.609s][debug][gc,phases      ] GC(167)     Dead                           Min: 0, Avg:  0.0, Max: 0, Diff: 0, Sum: 0, Workers: 4
[6901.609s][debug][gc,phases      ] GC(167)     Total                          Min: 0, Avg:  0.0, Max: 0, Diff: 0, Sum: 0, Workers: 4
[6901.609s][debug][gc,phases      ] GC(167)   StringDedup Requests0 Weak     Min:  0.0, Avg:  0.0, Max:  0.0, Diff:  0.0, Sum:  0.0, Workers: 4
[6901.609s][debug][gc,phases      ] GC(167)     Dead                           Min: 0, Avg:  0.0, Max: 0, Diff: 0, Sum: 0, Workers: 4
[6901.609s][debug][gc,phases      ] GC(167)     Total                          Min: 0, Avg:  0.0, Max: 0, Diff: 0, Sum: 0, Workers: 4
[6901.609s][debug][gc,phases      ] GC(167)   StringDedup Requests1 Weak     Min:  0.0, Avg:  0.0, Max:  0.0, Diff:  0.0, Sum:  0.0, Workers: 4
[6901.609s][debug][gc,phases      ] GC(167)     Dead                           Min: 0, Avg:  0.0, Max: 0, Diff: 0, Sum: 0, Workers: 4
[6901.609s][debug][gc,phases      ] GC(167)     Total                          Min: 0, Avg:  0.0, Max: 0, Diff: 0, Sum: 0, Workers: 4
[6901.609s][debug][gc,phases      ] GC(167)   Weak JFR Old Object Samples    Min:  0.0, Avg:  0.0, Max:  0.0, Diff:  0.0, Sum:  0.0, Workers: 4
[6901.609s][debug][gc,phases      ] GC(167)     Dead                           Min: 0, Avg:  0.0, Max: 0, Diff: 0, Sum: 0, Workers: 4
[6901.609s][debug][gc,phases      ] GC(167)     Total                          Min: 0, Avg:  0.0, Max: 0, Diff: 0, Sum: 0, Workers: 4
[6901.609s][debug][gc,phases      ] GC(167) Weak Processing 0.463ms
[6901.609s][debug][gc,age         ] GC(167) Desired survivor size 14680064 bytes, new threshold 1 (max threshold 15)
[6901.609s][info ][gc,heap        ] GC(167) PSYoungGen: 2081744K(2081792K)->8160K(2082816K) Eden: 2070528K(2070528K)->0K(2068480K) From: 11216K(11264K)->8160K(14336K)
[6901.609s][info ][gc,heap        ] GC(167) ParOldGen: 737970K(738304K)->745205K(745472K)
[6901.609s][info ][gc,metaspace   ] GC(167) Metaspace: 112285K(113664K)->112285K(113664K) NonClass: 95625K(96384K)->95625K(96384K) Class: 16660K(17280K)->16660K(17280K)
[6901.609s][info ][gc             ] GC(167) Pause Young (Allocation Failure) 2753M->735M(2762M) 10.199ms
[6901.609s][info ][gc,cpu         ] GC(167) User=0.03s Sys=0.00s Real=0.01s
[6901.609s][info ][safepoint      ] Safepoint "ParallelGCFailedAllocation", Time since last: 10482664219 ns, Reaching safepoint: 7800 ns, Cleanup: 4100 ns, At safepoint: 10287698 ns, Total: 10299598 ns
[6904.379s][info ][safepoint      ] Safepoint "Cleanup", Time since last: 2770029070 ns, Reaching safepoint: 9200 ns, Cleanup: 11300 ns, At safepoint: 2900 ns, Total: 23400 ns
[6905.380s][info ][safepoint      ] Safepoint "Cleanup", Time since last: 1000108872 ns, Reaching safepoint: 8100 ns, Cleanup: 7500 ns, At safepoint: 2900 ns, Total: 18500 ns
[6911.380s][info ][safepoint      ] Safepoint "Cleanup", Time since last: 6000475489 ns, Reaching safepoint: 8000 ns, Cleanup: 11200 ns, At safepoint: 2400 ns, Total: 21600 ns
[6913.380s][info ][safepoint      ] Safepoint "Cleanup", Time since last: 2000169603 ns, Reaching safepoint: 6800 ns, Cleanup: 15700 ns, At safepoint: 6200 ns, Total: 28700 ns
[6914.380s][info ][safepoint      ] Safepoint "Cleanup", Time since last: 1000104919 ns, Reaching safepoint: 11701 ns, Cleanup: 15500 ns, At safepoint: 3500 ns, Total: 30701 ns
[6916.381s][info ][safepoint      ] Safepoint "Cleanup", Time since last: 2000174938 ns, Reaching safepoint: 80501 ns, Cleanup: 23500 ns, At safepoint: 35200 ns, Total: 139201 ns
[6917.381s][info ][safepoint      ] Safepoint "Cleanup", Time since last: 1000112920 ns, Reaching safepoint: 8200 ns, Cleanup: 11700 ns, At safepoint: 3000 ns, Total: 22900 ns
[6918.381s][info ][safepoint      ] Safepoint "Cleanup", Time since last: 1000121619 ns, Reaching safepoint: 7900 ns, Cleanup: 9200 ns, At safepoint: 2601 ns, Total: 19701 ns
[6919.203s][info ][gc,start       ] GC(168) Pause Young (Allocation Failure)
[6919.222s][debug][gc,phases      ] GC(168) Scavenge 18.721ms
[6919.222s][debug][gc,ref         ] GC(168) ReferenceProcessor::execute queues: 1, RefProcThreadModel::Single, marks_oops_alive: false
[6919.222s][debug][gc,ref         ] GC(168) Skipped KeepAliveFinalRefsPhase of Reference Processing: no references
[6919.222s][debug][gc,ref         ] GC(168) Skipped PhantomRefsPhase of Reference Processing: no references
[6919.222s][debug][gc,phases      ] GC(168) Reference Processing 0.116ms
[6919.222s][debug][gc,phases      ] GC(168)   VM Weak                        Min:  0.0, Avg:  0.0, Max:  0.0, Diff:  0.0, Sum:  0.0, Workers: 4
[6919.222s][debug][gc,phases      ] GC(168)     Dead                           Min: 0, Avg:  0.0, Max: 0, Diff: 0, Sum: 0, Workers: 4
[6919.222s][debug][gc,phases      ] GC(168)     Total                          Min: 0, Avg: 260.8, Max: 576, Diff: 576, Sum: 1043, Workers: 4
[6919.222s][debug][gc,phases      ] GC(168)   ObjectSynchronizer Weak        Min:  0.0, Avg:  0.0, Max:  0.0, Diff:  0.0, Sum:  0.0, Workers: 4
[6919.222s][debug][gc,phases      ] GC(168)     Dead                           Min: 0, Avg:  0.0, Max: 0, Diff: 0, Sum: 0, Workers: 4
[6919.222s][debug][gc,phases      ] GC(168)     Total                          Min: 0, Avg:  1.2, Max: 5, Diff: 5, Sum: 5, Workers: 4
[6919.222s][debug][gc,phases      ] GC(168)   JVMTI Tag Weak OopStorage      Min:  0.0, Avg:  0.0, Max:  0.0, Diff:  0.0, Sum:  0.0, Workers: 4
[6919.222s][debug][gc,phases      ] GC(168)     Dead                           Min: 0, Avg:  0.0, Max: 0, Diff: 0, Sum: 0, Workers: 4
[6919.222s][debug][gc,phases      ] GC(168)     Total                          Min: 0, Avg:  0.0, Max: 0, Diff: 0, Sum: 0, Workers: 4
[6919.222s][debug][gc,phases      ] GC(168)   StringTable Weak               Min:  0.0, Avg:  0.1, Max:  0.2, Diff:  0.1, Sum:  0.4, Workers: 4
[6919.222s][debug][gc,phases      ] GC(168)     Dead                           Min: 0, Avg:  0.0, Max: 0, Diff: 0, Sum: 0, Workers: 4
[6919.222s][debug][gc,phases      ] GC(168)     Total                          Min: 0, Avg: 12020.0, Max: 17809, Diff: 17809, Sum: 48080, Workers: 4
[6919.222s][debug][gc,phases      ] GC(168)   ResolvedMethodTable Weak       Min:  0.0, Avg:  0.0, Max:  0.1, Diff:  0.1, Sum:  0.2, Workers: 4
[6919.222s][debug][gc,phases      ] GC(168)     Dead                           Min: 0, Avg:  4.0, Max: 16, Diff: 16, Sum: 16, Workers: 4
[6919.222s][debug][gc,phases      ] GC(168)     Total                          Min: 0, Avg: 3964.2, Max: 6006, Diff: 6006, Sum: 15857, Workers: 4
[6919.222s][debug][gc,phases      ] GC(168)   JNI Weak                       Min:  0.0, Avg:  0.0, Max:  0.0, Diff:  0.0, Sum:  0.0, Workers: 4
[6919.222s][debug][gc,phases      ] GC(168)     Dead                           Min: 0, Avg:  0.0, Max: 0, Diff: 0, Sum: 0, Workers: 4
[6919.222s][debug][gc,phases      ] GC(168)     Total                          Min: 0, Avg: 13.0, Max: 52, Diff: 52, Sum: 52, Workers: 4
[6919.222s][debug][gc,phases      ] GC(168)   StringDedup Table Weak         Min:  0.0, Avg:  0.0, Max:  0.0, Diff:  0.0, Sum:  0.0, Workers: 4
[6919.222s][debug][gc,phases      ] GC(168)     Dead                           Min: 0, Avg:  0.0, Max: 0, Diff: 0, Sum: 0, Workers: 4
[6919.223s][debug][gc,phases      ] GC(168)     Total                          Min: 0, Avg:  0.0, Max: 0, Diff: 0, Sum: 0, Workers: 4
[6919.223s][debug][gc,phases      ] GC(168)   StringDedup Requests0 Weak     Min:  0.0, Avg:  0.0, Max:  0.0, Diff:  0.0, Sum:  0.0, Workers: 4
[6919.223s][debug][gc,phases      ] GC(168)     Dead                           Min: 0, Avg:  0.0, Max: 0, Diff: 0, Sum: 0, Workers: 4
[6919.223s][debug][gc,phases      ] GC(168)     Total                          Min: 0, Avg:  0.0, Max: 0, Diff: 0, Sum: 0, Workers: 4
[6919.223s][debug][gc,phases      ] GC(168)   StringDedup Requests1 Weak     Min:  0.0, Avg:  0.0, Max:  0.0, Diff:  0.0, Sum:  0.0, Workers: 4
[6919.223s][debug][gc,phases      ] GC(168)     Dead                           Min: 0, Avg:  0.0, Max: 0, Diff: 0, Sum: 0, Workers: 4
[6919.223s][debug][gc,phases      ] GC(168)     Total                          Min: 0, Avg:  0.0, Max: 0, Diff: 0, Sum: 0, Workers: 4
[6919.223s][debug][gc,phases      ] GC(168)   Weak JFR Old Object Samples    Min:  0.0, Avg:  0.0, Max:  0.0, Diff:  0.0, Sum:  0.0, Workers: 4
[6919.223s][debug][gc,phases      ] GC(168)     Dead                           Min: 0, Avg:  0.0, Max: 0, Diff: 0, Sum: 0, Workers: 4
[6919.223s][debug][gc,phases      ] GC(168)     Total                          Min: 0, Avg:  0.0, Max: 0, Diff: 0, Sum: 0, Workers: 4
[6919.223s][debug][gc,phases      ] GC(168) Weak Processing 0.477ms
[6919.223s][debug][gc,age         ] GC(168) Desired survivor size 24117248 bytes, new threshold 1 (max threshold 15)
[6919.223s][info ][gc,heap        ] GC(168) PSYoungGen: 2076143K(2082816K)->14304K(2082816K) Eden: 2067982K(2068480K)->0K(2068480K) From: 8160K(14336K)->14304K(14336K)
[6919.223s][info ][gc,heap        ] GC(168) ParOldGen: 745205K(745472K)->765051K(765440K)
[6919.223s][info ][gc,metaspace   ] GC(168) Metaspace: 112296K(113728K)->112296K(113728K) NonClass: 95636K(96448K)->95636K(96448K) Class: 16660K(17280K)->16660K(17280K)
[6919.223s][info ][gc             ] GC(168) Pause Young (Allocation Failure) 2755M->761M(2781M) 19.472ms
[6919.223s][info ][gc,cpu         ] GC(168) User=0.06s Sys=0.01s Real=0.02s
[6919.223s][info ][safepoint      ] Safepoint "ParallelGCFailedAllocation", Time since last: 822059153 ns, Reaching safepoint: 89801 ns, Cleanup: 5000 ns, At safepoint: 19582594 ns, Total: 19677395 ns
[6920.223s][info ][safepoint      ] Safepoint "Cleanup", Time since last: 1000099619 ns, Reaching safepoint: 9300 ns, Cleanup: 14100 ns, At safepoint: 4001 ns, Total: 27401 ns
[6925.223s][info ][safepoint      ] Safepoint "Cleanup", Time since last: 5000459649 ns, Reaching safepoint: 8000 ns, Cleanup: 10400 ns, At safepoint: 2600 ns, Total: 21000 ns
[6929.224s][info ][safepoint      ] Safepoint "Cleanup", Time since last: 4000327230 ns, Reaching safepoint: 8100 ns, Cleanup: 13200 ns, At safepoint: 2100 ns, Total: 23400 ns
[6935.224s][info ][safepoint      ] Safepoint "Cleanup", Time since last: 6000477176 ns, Reaching safepoint: 8000 ns, Cleanup: 10700 ns, At safepoint: 3300 ns, Total: 22000 ns
[6938.224s][info ][safepoint      ] Safepoint "Cleanup", Time since last: 3000264460 ns, Reaching safepoint: 9000 ns, Cleanup: 11800 ns, At safepoint: 2800 ns, Total: 23600 ns
[6939.603s][info ][gc,start       ] GC(169) Pause Young (Allocation Failure)
[6939.617s][debug][gc,phases      ] GC(169) Scavenge 13.991ms
[6939.617s][debug][gc,ref         ] GC(169) ReferenceProcessor::execute queues: 1, RefProcThreadModel::Single, marks_oops_alive: false
[6939.617s][debug][gc,ref         ] GC(169) Skipped KeepAliveFinalRefsPhase of Reference Processing: no references
[6939.617s][debug][gc,ref         ] GC(169) ReferenceProcessor::execute queues: 1, RefProcThreadModel::Single, marks_oops_alive: false
[6939.617s][debug][gc,phases      ] GC(169) Reference Processing 0.117ms
[6939.617s][debug][gc,phases      ] GC(169)   VM Weak                        Min:  0.0, Avg:  0.0, Max:  0.0, Diff:  0.0, Sum:  0.0, Workers: 4
[6939.617s][debug][gc,phases      ] GC(169)     Dead                           Min: 0, Avg:  0.0, Max: 0, Diff: 0, Sum: 0, Workers: 4
[6939.617s][debug][gc,phases      ] GC(169)     Total                          Min: 0, Avg: 260.8, Max: 576, Diff: 576, Sum: 1043, Workers: 4
[6939.617s][debug][gc,phases      ] GC(169)   ObjectSynchronizer Weak        Min:  0.0, Avg:  0.0, Max:  0.0, Diff:  0.0, Sum:  0.0, Workers: 4
[6939.617s][debug][gc,phases      ] GC(169)     Dead                           Min: 0, Avg:  0.0, Max: 0, Diff: 0, Sum: 0, Workers: 4
[6939.617s][debug][gc,phases      ] GC(169)     Total                          Min: 0, Avg:  1.2, Max: 5, Diff: 5, Sum: 5, Workers: 4
[6939.617s][debug][gc,phases      ] GC(169)   JVMTI Tag Weak OopStorage      Min:  0.0, Avg:  0.0, Max:  0.0, Diff:  0.0, Sum:  0.0, Workers: 4
[6939.617s][debug][gc,phases      ] GC(169)     Dead                           Min: 0, Avg:  0.0, Max: 0, Diff: 0, Sum: 0, Workers: 4
[6939.618s][debug][gc,phases      ] GC(169)     Total                          Min: 0, Avg:  0.0, Max: 0, Diff: 0, Sum: 0, Workers: 4
[6939.618s][debug][gc,phases      ] GC(169)   StringTable Weak               Min:  0.0, Avg:  0.1, Max:  0.2, Diff:  0.2, Sum:  0.5, Workers: 4
[6939.618s][debug][gc,phases      ] GC(169)     Dead                           Min: 0, Avg:  0.0, Max: 0, Diff: 0, Sum: 0, Workers: 4
[6939.618s][debug][gc,phases      ] GC(169)     Total                          Min: 0, Avg: 12020.0, Max: 17088, Diff: 17088, Sum: 48080, Workers: 4
[6939.618s][debug][gc,phases      ] GC(169)   ResolvedMethodTable Weak       Min:  0.0, Avg:  0.0, Max:  0.1, Diff:  0.1, Sum:  0.2, Workers: 4
[6939.618s][debug][gc,phases      ] GC(169)     Dead                           Min: 0, Avg:  4.0, Max: 16, Diff: 16, Sum: 16, Workers: 4
[6939.618s][debug][gc,phases      ] GC(169)     Total                          Min: 0, Avg: 3964.2, Max: 5853, Diff: 5853, Sum: 15857, Workers: 4
[6939.618s][debug][gc,phases      ] GC(169)   JNI Weak                       Min:  0.0, Avg:  0.0, Max:  0.0, Diff:  0.0, Sum:  0.0, Workers: 4
[6939.618s][debug][gc,phases      ] GC(169)     Dead                           Min: 0, Avg:  0.0, Max: 0, Diff: 0, Sum: 0, Workers: 4
[6939.618s][debug][gc,phases      ] GC(169)     Total                          Min: 0, Avg: 13.0, Max: 52, Diff: 52, Sum: 52, Workers: 4
[6939.618s][debug][gc,phases      ] GC(169)   StringDedup Table Weak         Min:  0.0, Avg:  0.0, Max:  0.0, Diff:  0.0, Sum:  0.0, Workers: 4
[6939.618s][debug][gc,phases      ] GC(169)     Dead                           Min: 0, Avg:  0.0, Max: 0, Diff: 0, Sum: 0, Workers: 4
[6939.618s][debug][gc,phases      ] GC(169)     Total                          Min: 0, Avg:  0.0, Max: 0, Diff: 0, Sum: 0, Workers: 4
[6939.618s][debug][gc,phases      ] GC(169)   StringDedup Requests0 Weak     Min:  0.0, Avg:  0.0, Max:  0.0, Diff:  0.0, Sum:  0.0, Workers: 4
[6939.618s][debug][gc,phases      ] GC(169)     Dead                           Min: 0, Avg:  0.0, Max: 0, Diff: 0, Sum: 0, Workers: 4
[6939.618s][debug][gc,phases      ] GC(169)     Total                          Min: 0, Avg:  0.0, Max: 0, Diff: 0, Sum: 0, Workers: 4
[6939.618s][debug][gc,phases      ] GC(169)   StringDedup Requests1 Weak     Min:  0.0, Avg:  0.0, Max:  0.0, Diff:  0.0, Sum:  0.0, Workers: 4
[6939.618s][debug][gc,phases      ] GC(169)     Dead                           Min: 0, Avg:  0.0, Max: 0, Diff: 0, Sum: 0, Workers: 4
[6939.618s][debug][gc,phases      ] GC(169)     Total                          Min: 0, Avg:  0.0, Max: 0, Diff: 0, Sum: 0, Workers: 4
[6939.618s][debug][gc,phases      ] GC(169)   Weak JFR Old Object Samples    Min:  0.0, Avg:  0.0, Max:  0.0, Diff:  0.0, Sum:  0.0, Workers: 4
[6939.618s][debug][gc,phases      ] GC(169)     Dead                           Min: 0, Avg:  0.0, Max: 0, Diff: 0, Sum: 0, Workers: 4
[6939.618s][debug][gc,phases      ] GC(169)     Total                          Min: 0, Avg:  0.0, Max: 0, Diff: 0, Sum: 0, Workers: 4
[6939.618s][debug][gc,phases      ] GC(169) Weak Processing 0.453ms
[6939.618s][debug][gc,age         ] GC(169) Desired survivor size 30408704 bytes, new threshold 1 (max threshold 15)
[6939.618s][info ][gc,heap        ] GC(169) PSYoungGen: 2082784K(2082816K)->14304K(2052096K) Eden: 2068480K(2068480K)->0K(2037760K) From: 14304K(14336K)->14304K(14336K)
[6939.618s][info ][gc,heap        ] GC(169) ParOldGen: 765051K(765440K)->781428K(781824K)
[6939.618s][info ][gc,metaspace   ] GC(169) Metaspace: 112297K(113728K)->112297K(113728K) NonClass: 95637K(96448K)->95637K(96448K) Class: 16660K(17280K)->16660K(17280K)
[6939.618s][info ][gc             ] GC(169) Pause Young (Allocation Failure) 2781M->777M(2767M) 14.715ms
[6939.618s][info ][gc,cpu         ] GC(169) User=0.05s Sys=0.00s Real=0.01s
[6939.618s][info ][safepoint      ] Safepoint "ParallelGCFailedAllocation", Time since last: 1378379934 ns, Reaching safepoint: 84601 ns, Cleanup: 4400 ns, At safepoint: 14819648 ns, Total: 14908649 ns
[6940.618s][info ][safepoint      ] Safepoint "Cleanup", Time since last: 1000091464 ns, Reaching safepoint: 8000 ns, Cleanup: 9300 ns, At safepoint: 3000 ns, Total: 20300 ns
[6941.618s][info ][safepoint      ] Safepoint "Cleanup", Time since last: 1000106465 ns, Reaching safepoint: 8400 ns, Cleanup: 10300 ns, At safepoint: 2900 ns, Total: 21600 ns
[6943.618s][info ][safepoint      ] Safepoint "Cleanup", Time since last: 2000193130 ns, Reaching safepoint: 7200 ns, Cleanup: 14200 ns, At safepoint: 2700 ns, Total: 24100 ns
[6944.618s][info ][safepoint      ] Safepoint "Cleanup", Time since last: 1000114165 ns, Reaching safepoint: 11100 ns, Cleanup: 15700 ns, At safepoint: 2900 ns, Total: 29700 ns
[6946.619s][info ][safepoint      ] Safepoint "Cleanup", Time since last: 2000202333 ns, Reaching safepoint: 7900 ns, Cleanup: 31700 ns, At safepoint: 3400 ns, Total: 43000 ns
[6947.619s][info ][safepoint      ] Safepoint "Cleanup", Time since last: 1000126067 ns, Reaching safepoint: 9100 ns, Cleanup: 11401 ns, At safepoint: 2800 ns, Total: 23301 ns
[6951.619s][info ][safepoint      ] Safepoint "Cleanup", Time since last: 4000319766 ns, Reaching safepoint: 7900 ns, Cleanup: 11700 ns, At safepoint: 2800 ns, Total: 22400 ns
[6959.620s][info ][safepoint      ] Safepoint "Cleanup", Time since last: 8000643199 ns, Reaching safepoint: 8200 ns, Cleanup: 11000 ns, At safepoint: 2300 ns, Total: 21500 ns
[6962.892s][info ][gc,start       ] GC(170) Pause Young (Allocation Failure)
[6962.905s][debug][gc,phases      ] GC(170) Scavenge 12.992ms
[6962.905s][debug][gc,ref         ] GC(170) ReferenceProcessor::execute queues: 1, RefProcThreadModel::Single, marks_oops_alive: false
[6962.905s][debug][gc,ref         ] GC(170) Skipped KeepAliveFinalRefsPhase of Reference Processing: no references
[6962.905s][debug][gc,ref         ] GC(170) ReferenceProcessor::execute queues: 1, RefProcThreadModel::Single, marks_oops_alive: false
[6962.905s][debug][gc,phases      ] GC(170) Reference Processing 0.118ms
[6962.905s][debug][gc,phases      ] GC(170)   VM Weak                        Min:  0.0, Avg:  0.0, Max:  0.0, Diff:  0.0, Sum:  0.0, Workers: 4
[6962.905s][debug][gc,phases      ] GC(170)     Dead                           Min: 0, Avg:  0.0, Max: 0, Diff: 0, Sum: 0, Workers: 4
[6962.905s][debug][gc,phases      ] GC(170)     Total                          Min: 0, Avg: 260.8, Max: 896, Diff: 896, Sum: 1043, Workers: 4
[6962.905s][debug][gc,phases      ] GC(170)   ObjectSynchronizer Weak        Min:  0.0, Avg:  0.0, Max:  0.0, Diff:  0.0, Sum:  0.0, Workers: 4
[6962.905s][debug][gc,phases      ] GC(170)     Dead                           Min: 0, Avg:  0.0, Max: 0, Diff: 0, Sum: 0, Workers: 4
[6962.905s][debug][gc,phases      ] GC(170)     Total                          Min: 0, Avg:  0.8, Max: 3, Diff: 3, Sum: 3, Workers: 4
[6962.905s][debug][gc,phases      ] GC(170)   JVMTI Tag Weak OopStorage      Min:  0.0, Avg:  0.0, Max:  0.0, Diff:  0.0, Sum:  0.0, Workers: 4
[6962.905s][debug][gc,phases      ] GC(170)     Dead                           Min: 0, Avg:  0.0, Max: 0, Diff: 0, Sum: 0, Workers: 4
[6962.905s][debug][gc,phases      ] GC(170)     Total                          Min: 0, Avg:  0.0, Max: 0, Diff: 0, Sum: 0, Workers: 4
[6962.905s][debug][gc,phases      ] GC(170)   StringTable Weak               Min:  0.0, Avg:  0.1, Max:  0.2, Diff:  0.2, Sum:  0.5, Workers: 4
[6962.905s][debug][gc,phases      ] GC(170)     Dead                           Min: 0, Avg:  0.5, Max: 2, Diff: 2, Sum: 2, Workers: 4
[6962.905s][debug][gc,phases      ] GC(170)     Total                          Min: 0, Avg: 12023.0, Max: 18014, Diff: 18014, Sum: 48092, Workers: 4
[6962.905s][debug][gc,phases      ] GC(170)   ResolvedMethodTable Weak       Min:  0.0, Avg:  0.0, Max:  0.1, Diff:  0.1, Sum:  0.2, Workers: 4
[6962.905s][debug][gc,phases      ] GC(170)     Dead                           Min: 0, Avg:  4.5, Max: 18, Diff: 18, Sum: 18, Workers: 4
[6962.905s][debug][gc,phases      ] GC(170)     Total                          Min: 0, Avg: 3966.2, Max: 5878, Diff: 5878, Sum: 15865, Workers: 4
[6962.905s][debug][gc,phases      ] GC(170)   JNI Weak                       Min:  0.0, Avg:  0.0, Max:  0.0, Diff:  0.0, Sum:  0.0, Workers: 4
[6962.905s][debug][gc,phases      ] GC(170)     Dead                           Min: 0, Avg:  0.0, Max: 0, Diff: 0, Sum: 0, Workers: 4
[6962.905s][debug][gc,phases      ] GC(170)     Total                          Min: 0, Avg: 13.0, Max: 52, Diff: 52, Sum: 52, Workers: 4
[6962.905s][debug][gc,phases      ] GC(170)   StringDedup Table Weak         Min:  0.0, Avg:  0.0, Max:  0.0, Diff:  0.0, Sum:  0.0, Workers: 4
[6962.905s][debug][gc,phases      ] GC(170)     Dead                           Min: 0, Avg:  0.0, Max: 0, Diff: 0, Sum: 0, Workers: 4
[6962.905s][debug][gc,phases      ] GC(170)     Total                          Min: 0, Avg:  0.0, Max: 0, Diff: 0, Sum: 0, Workers: 4
[6962.905s][debug][gc,phases      ] GC(170)   StringDedup Requests0 Weak     Min:  0.0, Avg:  0.0, Max:  0.0, Diff:  0.0, Sum:  0.0, Workers: 4
[6962.905s][debug][gc,phases      ] GC(170)     Dead                           Min: 0, Avg:  0.0, Max: 0, Diff: 0, Sum: 0, Workers: 4
[6962.905s][debug][gc,phases      ] GC(170)     Total                          Min: 0, Avg:  0.0, Max: 0, Diff: 0, Sum: 0, Workers: 4
[6962.905s][debug][gc,phases      ] GC(170)   StringDedup Requests1 Weak     Min:  0.0, Avg:  0.0, Max:  0.0, Diff:  0.0, Sum:  0.0, Workers: 4
[6962.905s][debug][gc,phases      ] GC(170)     Dead                           Min: 0, Avg:  0.0, Max: 0, Diff: 0, Sum: 0, Workers: 4
[6962.905s][debug][gc,phases      ] GC(170)     Total                          Min: 0, Avg:  0.0, Max: 0, Diff: 0, Sum: 0, Workers: 4
[6962.905s][debug][gc,phases      ] GC(170)   Weak JFR Old Object Samples    Min:  0.0, Avg:  0.0, Max:  0.0, Diff:  0.0, Sum:  0.0, Workers: 4
[6962.905s][debug][gc,phases      ] GC(170)     Dead                           Min: 0, Avg:  0.0, Max: 0, Diff: 0, Sum: 0, Workers: 4
[6962.905s][debug][gc,phases      ] GC(170)     Total                          Min: 0, Avg:  0.0, Max: 0, Diff: 0, Sum: 0, Workers: 4
[6962.905s][debug][gc,phases      ] GC(170) Weak Processing 0.451ms
[6962.905s][debug][gc,age         ] GC(170) Desired survivor size 29360128 bytes, new threshold 1 (max threshold 15)
[6962.905s][info ][gc,heap        ] GC(170) PSYoungGen: 2052064K(2052096K)->14032K(2067456K) Eden: 2037760K(2037760K)->0K(2037760K) From: 14304K(14336K)->14032K(29696K)
[6962.905s][info ][gc,heap        ] GC(170) ParOldGen: 781428K(781824K)->794796K(795136K)
[6962.905s][info ][gc,metaspace   ] GC(170) Metaspace: 112329K(113728K)->112329K(113728K) NonClass: 95664K(96448K)->95664K(96448K) Class: 16665K(17280K)->16665K(17280K)
[6962.905s][info ][gc             ] GC(170) Pause Young (Allocation Failure) 2767M->789M(2795M) 13.708ms
[6962.905s][info ][gc,cpu         ] GC(170) User=0.04s Sys=0.00s Real=0.02s
[6962.905s][info ][safepoint      ] Safepoint "ParallelGCFailedAllocation", Time since last: 3271755194 ns, Reaching safepoint: 8500 ns, Cleanup: 4000 ns, At safepoint: 13803913 ns, Total: 13816413 ns
[6969.906s][info ][safepoint      ] Safepoint "Cleanup", Time since last: 7000603463 ns, Reaching safepoint: 87007 ns, Cleanup: 10101 ns, At safepoint: 7301 ns, Total: 104409 ns
[6975.907s][info ][safepoint      ] Safepoint "Cleanup", Time since last: 6000499624 ns, Reaching safepoint: 86807 ns, Cleanup: 11001 ns, At safepoint: 7801 ns, Total: 105609 ns
[6978.907s][info ][safepoint      ] Safepoint "Cleanup", Time since last: 3000301062 ns, Reaching safepoint: 85606 ns, Cleanup: 13401 ns, At safepoint: 30102 ns, Total: 129109 ns
[6980.907s][info ][safepoint      ] Safepoint "Cleanup", Time since last: 2000208953 ns, Reaching safepoint: 85106 ns, Cleanup: 7900 ns, At safepoint: 7701 ns, Total: 100707 ns
[6982.908s][info ][safepoint      ] Safepoint "Cleanup", Time since last: 2000235054 ns, Reaching safepoint: 86406 ns, Cleanup: 8901 ns, At safepoint: 23902 ns, Total: 119209 ns
[6983.908s][info ][safepoint      ] Safepoint "Cleanup", Time since last: 1000140029 ns, Reaching safepoint: 88206 ns, Cleanup: 32902 ns, At safepoint: 7801 ns, Total: 128909 ns
[6984.908s][info ][safepoint      ] Safepoint "Cleanup", Time since last: 1000165071 ns, Reaching safepoint: 91807 ns, Cleanup: 10301 ns, At safepoint: 10201 ns, Total: 112309 ns
[6986.909s][info ][safepoint      ] Safepoint "Cleanup", Time since last: 2000199398 ns, Reaching safepoint: 79804 ns, Cleanup: 11400 ns, At safepoint: 6800 ns, Total: 98004 ns
[6988.765s][info ][safepoint      ] Safepoint "Cleanup", Time since last: 1856516947 ns, Reaching safepoint: 7500 ns, Cleanup: 59203 ns, At safepoint: 2800 ns, Total: 69503 ns
[6989.765s][info ][safepoint      ] Safepoint "Cleanup", Time since last: 1000115497 ns, Reaching safepoint: 7301 ns, Cleanup: 22802 ns, At safepoint: 2800 ns, Total: 32903 ns
[6990.765s][info ][safepoint      ] Safepoint "Cleanup", Time since last: 1000116781 ns, Reaching safepoint: 6700 ns, Cleanup: 9701 ns, At safepoint: 2500 ns, Total: 18901 ns
[6991.052s][info ][gc,start       ] GC(171) Pause Young (Allocation Failure)
[6991.061s][debug][gc,phases      ] GC(171) Scavenge 9.148ms
[6991.062s][debug][gc,ref         ] GC(171) ReferenceProcessor::execute queues: 1, RefProcThreadModel::Single, marks_oops_alive: false
[6991.062s][debug][gc,ref         ] GC(171) Skipped KeepAliveFinalRefsPhase of Reference Processing: no references
[6991.062s][debug][gc,ref         ] GC(171) ReferenceProcessor::execute queues: 1, RefProcThreadModel::Single, marks_oops_alive: false
[6991.062s][debug][gc,phases      ] GC(171) Reference Processing 0.117ms
[6991.062s][debug][gc,phases      ] GC(171)   VM Weak                        Min:  0.0, Avg:  0.0, Max:  0.0, Diff:  0.0, Sum:  0.0, Workers: 4
[6991.062s][debug][gc,phases      ] GC(171)     Dead                           Min: 0, Avg:  0.0, Max: 0, Diff: 0, Sum: 0, Workers: 4
[6991.062s][debug][gc,phases      ] GC(171)     Total                          Min: 0, Avg: 262.2, Max: 857, Diff: 857, Sum: 1049, Workers: 4
[6991.062s][debug][gc,phases      ] GC(171)   ObjectSynchronizer Weak        Min:  0.0, Avg:  0.0, Max:  0.0, Diff:  0.0, Sum:  0.0, Workers: 4
[6991.062s][debug][gc,phases      ] GC(171)     Dead                           Min: 0, Avg:  0.0, Max: 0, Diff: 0, Sum: 0, Workers: 4
[6991.062s][debug][gc,phases      ] GC(171)     Total                          Min: 0, Avg:  1.0, Max: 4, Diff: 4, Sum: 4, Workers: 4
[6991.062s][debug][gc,phases      ] GC(171)   JVMTI Tag Weak OopStorage      Min:  0.0, Avg:  0.0, Max:  0.0, Diff:  0.0, Sum:  0.0, Workers: 4
[6991.062s][debug][gc,phases      ] GC(171)     Dead                           Min: 0, Avg:  0.0, Max: 0, Diff: 0, Sum: 0, Workers: 4
[6991.062s][debug][gc,phases      ] GC(171)     Total                          Min: 0, Avg:  0.0, Max: 0, Diff: 0, Sum: 0, Workers: 4
[6991.062s][debug][gc,phases      ] GC(171)   StringTable Weak               Min:  0.0, Avg:  0.1, Max:  0.2, Diff:  0.2, Sum:  0.4, Workers: 4
[6991.062s][debug][gc,phases      ] GC(171)     Dead                           Min: 0, Avg:  0.5, Max: 2, Diff: 2, Sum: 2, Workers: 4
[6991.062s][debug][gc,phases      ] GC(171)     Total                          Min: 0, Avg: 12028.5, Max: 16768, Diff: 16768, Sum: 48114, Workers: 4
[6991.062s][debug][gc,phases      ] GC(171)   ResolvedMethodTable Weak       Min:  0.0, Avg:  0.0, Max:  0.1, Diff:  0.1, Sum:  0.2, Workers: 4
[6991.062s][debug][gc,phases      ] GC(171)     Dead                           Min: 0, Avg:  4.5, Max: 16, Diff: 16, Sum: 18, Workers: 4
[6991.062s][debug][gc,phases      ] GC(171)     Total                          Min: 0, Avg: 3976.5, Max: 5606, Diff: 5606, Sum: 15906, Workers: 4
[6991.062s][debug][gc,phases      ] GC(171)   JNI Weak                       Min:  0.0, Avg:  0.0, Max:  0.0, Diff:  0.0, Sum:  0.0, Workers: 4
[6991.062s][debug][gc,phases      ] GC(171)     Dead                           Min: 0, Avg:  0.0, Max: 0, Diff: 0, Sum: 0, Workers: 4
[6991.062s][debug][gc,phases      ] GC(171)     Total                          Min: 0, Avg: 13.0, Max: 52, Diff: 52, Sum: 52, Workers: 4
[6991.062s][debug][gc,phases      ] GC(171)   StringDedup Table Weak         Min:  0.0, Avg:  0.0, Max:  0.0, Diff:  0.0, Sum:  0.0, Workers: 4
[6991.062s][debug][gc,phases      ] GC(171)     Dead                           Min: 0, Avg:  0.0, Max: 0, Diff: 0, Sum: 0, Workers: 4
[6991.062s][debug][gc,phases      ] GC(171)     Total                          Min: 0, Avg:  0.0, Max: 0, Diff: 0, Sum: 0, Workers: 4
[6991.062s][debug][gc,phases      ] GC(171)   StringDedup Requests0 Weak     Min:  0.0, Avg:  0.0, Max:  0.0, Diff:  0.0, Sum:  0.0, Workers: 4
[6991.062s][debug][gc,phases      ] GC(171)     Dead                           Min: 0, Avg:  0.0, Max: 0, Diff: 0, Sum: 0, Workers: 4
[6991.062s][debug][gc,phases      ] GC(171)     Total                          Min: 0, Avg:  0.0, Max: 0, Diff: 0, Sum: 0, Workers: 4
[6991.062s][debug][gc,phases      ] GC(171)   StringDedup Requests1 Weak     Min:  0.0, Avg:  0.0, Max:  0.0, Diff:  0.0, Sum:  0.0, Workers: 4
[6991.062s][debug][gc,phases      ] GC(171)     Dead                           Min: 0, Avg:  0.0, Max: 0, Diff: 0, Sum: 0, Workers: 4
[6991.062s][debug][gc,phases      ] GC(171)     Total                          Min: 0, Avg:  0.0, Max: 0, Diff: 0, Sum: 0, Workers: 4
[6991.062s][debug][gc,phases      ] GC(171)   Weak JFR Old Object Samples    Min:  0.0, Avg:  0.0, Max:  0.0, Diff:  0.0, Sum:  0.0, Workers: 4
[6991.062s][debug][gc,phases      ] GC(171)     Dead                           Min: 0, Avg:  0.0, Max: 0, Diff: 0, Sum: 0, Workers: 4
[6991.062s][debug][gc,phases      ] GC(171)     Total                          Min: 0, Avg:  0.0, Max: 0, Diff: 0, Sum: 0, Workers: 4
[6991.062s][debug][gc,phases      ] GC(171) Weak Processing 0.445ms
[6991.062s][debug][gc,age         ] GC(171) Desired survivor size 29360128 bytes, new threshold 1 (max threshold 15)
[6991.062s][info ][gc,heap        ] GC(171) PSYoungGen: 2051792K(2067456K)->4400K(2068480K) Eden: 2037760K(2037760K)->0K(2039808K) From: 14032K(29696K)->4400K(28672K)
[6991.062s][info ][gc,heap        ] GC(171) ParOldGen: 794796K(795136K)->806028K(806400K)
[6991.062s][info ][gc,metaspace   ] GC(171) Metaspace: 112407K(113792K)->112407K(113792K) NonClass: 95727K(96512K)->95727K(96512K) Class: 16679K(17280K)->16679K(17280K)
[6991.062s][info ][gc             ] GC(171) Pause Young (Allocation Failure) 2779M->791M(2807M) 9.857ms
[6991.062s][info ][gc,cpu         ] GC(171) User=0.03s Sys=0.01s Real=0.01s
[6991.062s][info ][safepoint      ] Safepoint "ParallelGCFailedAllocation", Time since last: 286652463 ns, Reaching safepoint: 83406 ns, Cleanup: 4901 ns, At safepoint: 9950852 ns, Total: 10039159 ns
[6995.063s][info ][safepoint      ] Safepoint "Cleanup", Time since last: 4000326670 ns, Reaching safepoint: 80904 ns, Cleanup: 10201 ns, At safepoint: 6800 ns, Total: 97905 ns
[6997.063s][info ][safepoint      ] Safepoint "Cleanup", Time since last: 2000192879 ns, Reaching safepoint: 7201 ns, Cleanup: 14601 ns, At safepoint: 2700 ns, Total: 24502 ns
[6998.063s][info ][safepoint      ] Safepoint "Cleanup", Time since last: 1000118809 ns, Reaching safepoint: 7601 ns, Cleanup: 8900 ns, At safepoint: 3001 ns, Total: 19502 ns
[7000.063s][info ][safepoint      ] Safepoint "Cleanup", Time since last: 2000193315 ns, Reaching safepoint: 7400 ns, Cleanup: 11101 ns, At safepoint: 2500 ns, Total: 21001 ns
[7002.063s][info ][safepoint      ] Safepoint "Cleanup", Time since last: 2000199357 ns, Reaching safepoint: 84905 ns, Cleanup: 27002 ns, At safepoint: 7500 ns, Total: 119407 ns
[7003.064s][info ][safepoint      ] Safepoint "Cleanup", Time since last: 1000121488 ns, Reaching safepoint: 7000 ns, Cleanup: 9901 ns, At safepoint: 2400 ns, Total: 19301 ns
[7004.064s][info ][safepoint      ] Safepoint "Cleanup", Time since last: 1000133388 ns, Reaching safepoint: 7200 ns, Cleanup: 10501 ns, At safepoint: 2800 ns, Total: 20501 ns
[7005.064s][info ][safepoint      ] Safepoint "Cleanup", Time since last: 1000131788 ns, Reaching safepoint: 6401 ns, Cleanup: 16601 ns, At safepoint: 2500 ns, Total: 25502 ns
[7012.064s][info ][safepoint      ] Safepoint "Cleanup", Time since last: 7000552576 ns, Reaching safepoint: 7601 ns, Cleanup: 14300 ns, At safepoint: 3001 ns, Total: 24902 ns
[7016.065s][info ][safepoint      ] Safepoint "Cleanup", Time since last: 4000336264 ns, Reaching safepoint: 83706 ns, Cleanup: 9201 ns, At safepoint: 6200 ns, Total: 99107 ns
[7017.855s][info ][gc,start       ] GC(172) Pause Young (Allocation Failure)
[7017.861s][debug][gc,phases      ] GC(172) Scavenge 6.131ms
[7017.861s][debug][gc,ref         ] GC(172) ReferenceProcessor::execute queues: 1, RefProcThreadModel::Single, marks_oops_alive: false
[7017.861s][debug][gc,ref         ] GC(172) Skipped KeepAliveFinalRefsPhase of Reference Processing: no references
[7017.861s][debug][gc,ref         ] GC(172) Skipped PhantomRefsPhase of Reference Processing: no references
[7017.861s][debug][gc,phases      ] GC(172) Reference Processing 0.130ms
[7017.862s][debug][gc,phases      ] GC(172)   VM Weak                        Min:  0.0, Avg:  0.0, Max:  0.0, Diff:  0.0, Sum:  0.0, Workers: 4
[7017.862s][debug][gc,phases      ] GC(172)     Dead                           Min: 0, Avg:  0.0, Max: 0, Diff: 0, Sum: 0, Workers: 4
[7017.862s][debug][gc,phases      ] GC(172)     Total                          Min: 0, Avg: 262.2, Max: 537, Diff: 537, Sum: 1049, Workers: 4
[7017.862s][debug][gc,phases      ] GC(172)   ObjectSynchronizer Weak        Min:  0.0, Avg:  0.0, Max:  0.0, Diff:  0.0, Sum:  0.0, Workers: 4
[7017.862s][debug][gc,phases      ] GC(172)     Dead                           Min: 0, Avg:  0.0, Max: 0, Diff: 0, Sum: 0, Workers: 4
[7017.862s][debug][gc,phases      ] GC(172)     Total                          Min: 0, Avg:  1.0, Max: 4, Diff: 4, Sum: 4, Workers: 4
[7017.862s][debug][gc,phases      ] GC(172)   JVMTI Tag Weak OopStorage      Min:  0.0, Avg:  0.0, Max:  0.0, Diff:  0.0, Sum:  0.0, Workers: 4
[7017.862s][debug][gc,phases      ] GC(172)     Dead                           Min: 0, Avg:  0.0, Max: 0, Diff: 0, Sum: 0, Workers: 4
[7017.862s][debug][gc,phases      ] GC(172)     Total                          Min: 0, Avg:  0.0, Max: 0, Diff: 0, Sum: 0, Workers: 4
[7017.862s][debug][gc,phases      ] GC(172)   StringTable Weak               Min:  0.0, Avg:  0.1, Max:  0.1, Diff:  0.1, Sum:  0.4, Workers: 4
[7017.862s][debug][gc,phases      ] GC(172)     Dead                           Min: 0, Avg:  0.0, Max: 0, Diff: 0, Sum: 0, Workers: 4
[7017.862s][debug][gc,phases      ] GC(172)     Total                          Min: 0, Avg: 12029.0, Max: 17022, Diff: 17022, Sum: 48116, Workers: 4
[7017.862s][debug][gc,phases      ] GC(172)   ResolvedMethodTable Weak       Min:  0.0, Avg:  0.0, Max:  0.1, Diff:  0.1, Sum:  0.2, Workers: 4
[7017.862s][debug][gc,phases      ] GC(172)     Dead                           Min: 0, Avg:  4.0, Max: 11, Diff: 11, Sum: 16, Workers: 4
[7017.862s][debug][gc,phases      ] GC(172)     Total                          Min: 0, Avg: 3976.5, Max: 5914, Diff: 5914, Sum: 15906, Workers: 4
[7017.862s][debug][gc,phases      ] GC(172)   JNI Weak                       Min:  0.0, Avg:  0.0, Max:  0.0, Diff:  0.0, Sum:  0.0, Workers: 4
[7017.862s][debug][gc,phases      ] GC(172)     Dead                           Min: 0, Avg:  0.0, Max: 0, Diff: 0, Sum: 0, Workers: 4
[7017.862s][debug][gc,phases      ] GC(172)     Total                          Min: 0, Avg: 13.0, Max: 52, Diff: 52, Sum: 52, Workers: 4
[7017.862s][debug][gc,phases      ] GC(172)   StringDedup Table Weak         Min:  0.0, Avg:  0.0, Max:  0.0, Diff:  0.0, Sum:  0.0, Workers: 4
[7017.862s][debug][gc,phases      ] GC(172)     Dead                           Min: 0, Avg:  0.0, Max: 0, Diff: 0, Sum: 0, Workers: 4
[7017.862s][debug][gc,phases      ] GC(172)     Total                          Min: 0, Avg:  0.0, Max: 0, Diff: 0, Sum: 0, Workers: 4
[7017.862s][debug][gc,phases      ] GC(172)   StringDedup Requests0 Weak     Min:  0.0, Avg:  0.0, Max:  0.0, Diff:  0.0, Sum:  0.0, Workers: 4
[7017.862s][debug][gc,phases      ] GC(172)     Dead                           Min: 0, Avg:  0.0, Max: 0, Diff: 0, Sum: 0, Workers: 4
[7017.862s][debug][gc,phases      ] GC(172)     Total                          Min: 0, Avg:  0.0, Max: 0, Diff: 0, Sum: 0, Workers: 4
[7017.862s][debug][gc,phases      ] GC(172)   StringDedup Requests1 Weak     Min:  0.0, Avg:  0.0, Max:  0.0, Diff:  0.0, Sum:  0.0, Workers: 4
[7017.862s][debug][gc,phases      ] GC(172)     Dead                           Min: 0, Avg:  0.0, Max: 0, Diff: 0, Sum: 0, Workers: 4
[7017.862s][debug][gc,phases      ] GC(172)     Total                          Min: 0, Avg:  0.0, Max: 0, Diff: 0, Sum: 0, Workers: 4
[7017.862s][debug][gc,phases      ] GC(172)   Weak JFR Old Object Samples    Min:  0.0, Avg:  0.0, Max:  0.0, Diff:  0.0, Sum:  0.0, Workers: 4
[7017.862s][debug][gc,phases      ] GC(172)     Dead                           Min: 0, Avg:  0.0, Max: 0, Diff: 0, Sum: 0, Workers: 4
[7017.862s][debug][gc,phases      ] GC(172)     Total                          Min: 0, Avg:  0.0, Max: 0, Diff: 0, Sum: 0, Workers: 4
[7017.862s][debug][gc,phases      ] GC(172) Weak Processing 0.445ms
[7017.862s][debug][gc,age         ] GC(172) Desired survivor size 28311552 bytes, new threshold 1 (max threshold 15)
[7017.862s][info ][gc,heap        ] GC(172) PSYoungGen: 2044208K(2068480K)->5584K(2068480K) Eden: 2039808K(2039808K)->0K(2039808K) From: 4400K(28672K)->5584K(28672K)
[7017.862s][info ][gc,heap        ] GC(172) ParOldGen: 806028K(806400K)->807552K(807936K)
[7017.862s][info ][gc,metaspace   ] GC(172) Metaspace: 112429K(113792K)->112429K(113792K) NonClass: 95749K(96512K)->95749K(96512K) Class: 16679K(17280K)->16679K(17280K)
[7017.862s][info ][gc             ] GC(172) Pause Young (Allocation Failure) 2783M->794M(2809M) 6.859ms
[7017.862s][info ][gc,cpu         ] GC(172) User=0.02s Sys=0.00s Real=0.01s
[7017.862s][info ][safepoint      ] Safepoint "ParallelGCFailedAllocation", Time since last: 1789975965 ns, Reaching safepoint: 80305 ns, Cleanup: 4300 ns, At safepoint: 6947502 ns, Total: 7032107 ns
[7024.416s][info ][safepoint      ] Safepoint "Cleanup", Time since last: 6554181278 ns, Reaching safepoint: 80905 ns, Cleanup: 12601 ns, At safepoint: 7900 ns, Total: 101406 ns
[7025.416s][info ][safepoint      ] Safepoint "Cleanup", Time since last: 1000126959 ns, Reaching safepoint: 10301 ns, Cleanup: 11600 ns, At safepoint: 7901 ns, Total: 29802 ns
[7026.417s][info ][safepoint      ] Safepoint "Cleanup", Time since last: 1000131221 ns, Reaching safepoint: 79804 ns, Cleanup: 12500 ns, At safepoint: 6901 ns, Total: 99205 ns
[7028.417s][info ][safepoint      ] Safepoint "Cleanup", Time since last: 2000188638 ns, Reaching safepoint: 7300 ns, Cleanup: 12801 ns, At safepoint: 2600 ns, Total: 22701 ns
[7029.417s][info ][safepoint      ] Safepoint "Cleanup", Time since last: 1000120820 ns, Reaching safepoint: 7201 ns, Cleanup: 9900 ns, At safepoint: 3000 ns, Total: 20101 ns
[7030.417s][info ][safepoint      ] Safepoint "Cleanup", Time since last: 1000127730 ns, Reaching safepoint: 7501 ns, Cleanup: 13701 ns, At safepoint: 2800 ns, Total: 24002 ns
[7031.417s][info ][safepoint      ] Safepoint "Cleanup", Time since last: 1000122499 ns, Reaching safepoint: 8001 ns, Cleanup: 12801 ns, At safepoint: 2800 ns, Total: 23602 ns
[7032.417s][info ][safepoint      ] Safepoint "Cleanup", Time since last: 1000134100 ns, Reaching safepoint: 86005 ns, Cleanup: 29802 ns, At safepoint: 11601 ns, Total: 127408 ns
[7033.418s][info ][safepoint      ] Safepoint "Cleanup", Time since last: 1000145801 ns, Reaching safepoint: 83204 ns, Cleanup: 16901 ns, At safepoint: 7001 ns, Total: 107106 ns
[7033.470s][info ][gc,start       ] GC(173) Pause Young (CodeCache GC Threshold)
[7033.476s][debug][gc,phases      ] GC(173) Scavenge 5.557ms
[7033.476s][debug][gc,ref         ] GC(173) ReferenceProcessor::execute queues: 1, RefProcThreadModel::Single, marks_oops_alive: false
[7033.476s][debug][gc,ref         ] GC(173) Skipped KeepAliveFinalRefsPhase of Reference Processing: no references
[7033.476s][debug][gc,ref         ] GC(173) Skipped PhantomRefsPhase of Reference Processing: no references
[7033.476s][debug][gc,phases      ] GC(173) Reference Processing 0.156ms
[7033.476s][debug][gc,phases      ] GC(173)   VM Weak                        Min:  0.0, Avg:  0.0, Max:  0.0, Diff:  0.0, Sum:  0.0, Workers: 4
[7033.476s][debug][gc,phases      ] GC(173)     Dead                           Min: 0, Avg:  0.0, Max: 0, Diff: 0, Sum: 0, Workers: 4
[7033.476s][debug][gc,phases      ] GC(173)     Total                          Min: 0, Avg: 262.5, Max: 768, Diff: 768, Sum: 1050, Workers: 4
[7033.476s][debug][gc,phases      ] GC(173)   ObjectSynchronizer Weak        Min:  0.0, Avg:  0.0, Max:  0.0, Diff:  0.0, Sum:  0.0, Workers: 4
[7033.476s][debug][gc,phases      ] GC(173)     Dead                           Min: 0, Avg:  0.0, Max: 0, Diff: 0, Sum: 0, Workers: 4
[7033.476s][debug][gc,phases      ] GC(173)     Total                          Min: 0, Avg:  1.0, Max: 4, Diff: 4, Sum: 4, Workers: 4
[7033.476s][debug][gc,phases      ] GC(173)   JVMTI Tag Weak OopStorage      Min:  0.0, Avg:  0.0, Max:  0.0, Diff:  0.0, Sum:  0.0, Workers: 4
[7033.476s][debug][gc,phases      ] GC(173)     Dead                           Min: 0, Avg:  0.0, Max: 0, Diff: 0, Sum: 0, Workers: 4
[7033.476s][debug][gc,phases      ] GC(173)     Total                          Min: 0, Avg:  0.0, Max: 0, Diff: 0, Sum: 0, Workers: 4
[7033.476s][debug][gc,phases      ] GC(173)   StringTable Weak               Min:  0.0, Avg:  0.1, Max:  0.2, Diff:  0.2, Sum:  0.5, Workers: 4
[7033.476s][debug][gc,phases      ] GC(173)     Dead                           Min: 0, Avg:  0.0, Max: 0, Diff: 0, Sum: 0, Workers: 4
[7033.476s][debug][gc,phases      ] GC(173)     Total                          Min: 0, Avg: 12029.2, Max: 16832, Diff: 16832, Sum: 48117, Workers: 4
[7033.476s][debug][gc,phases      ] GC(173)   ResolvedMethodTable Weak       Min:  0.0, Avg:  0.0, Max:  0.1, Diff:  0.1, Sum:  0.2, Workers: 4
[7033.476s][debug][gc,phases      ] GC(173)     Dead                           Min: 0, Avg:  0.0, Max: 0, Diff: 0, Sum: 0, Workers: 4
[7033.476s][debug][gc,phases      ] GC(173)     Total                          Min: 0, Avg: 3976.8, Max: 5622, Diff: 5622, Sum: 15907, Workers: 4
[7033.476s][debug][gc,phases      ] GC(173)   JNI Weak                       Min:  0.0, Avg:  0.0, Max:  0.0, Diff:  0.0, Sum:  0.0, Workers: 4
[7033.476s][debug][gc,phases      ] GC(173)     Dead                           Min: 0, Avg:  0.0, Max: 0, Diff: 0, Sum: 0, Workers: 4
[7033.476s][debug][gc,phases      ] GC(173)     Total                          Min: 0, Avg: 13.0, Max: 52, Diff: 52, Sum: 52, Workers: 4
[7033.476s][debug][gc,phases      ] GC(173)   StringDedup Table Weak         Min:  0.0, Avg:  0.0, Max:  0.0, Diff:  0.0, Sum:  0.0, Workers: 4
[7033.476s][debug][gc,phases      ] GC(173)     Dead                           Min: 0, Avg:  0.0, Max: 0, Diff: 0, Sum: 0, Workers: 4
[7033.476s][debug][gc,phases      ] GC(173)     Total                          Min: 0, Avg:  0.0, Max: 0, Diff: 0, Sum: 0, Workers: 4
[7033.476s][debug][gc,phases      ] GC(173)   StringDedup Requests0 Weak     Min:  0.0, Avg:  0.0, Max:  0.0, Diff:  0.0, Sum:  0.0, Workers: 4
[7033.476s][debug][gc,phases      ] GC(173)     Dead                           Min: 0, Avg:  0.0, Max: 0, Diff: 0, Sum: 0, Workers: 4
[7033.476s][debug][gc,phases      ] GC(173)     Total                          Min: 0, Avg:  0.0, Max: 0, Diff: 0, Sum: 0, Workers: 4
[7033.476s][debug][gc,phases      ] GC(173)   StringDedup Requests1 Weak     Min:  0.0, Avg:  0.0, Max:  0.0, Diff:  0.0, Sum:  0.0, Workers: 4
[7033.476s][debug][gc,phases      ] GC(173)     Dead                           Min: 0, Avg:  0.0, Max: 0, Diff: 0, Sum: 0, Workers: 4
[7033.476s][debug][gc,phases      ] GC(173)     Total                          Min: 0, Avg:  0.0, Max: 0, Diff: 0, Sum: 0, Workers: 4
[7033.476s][debug][gc,phases      ] GC(173)   Weak JFR Old Object Samples    Min:  0.0, Avg:  0.0, Max:  0.0, Diff:  0.0, Sum:  0.0, Workers: 4
[7033.476s][debug][gc,phases      ] GC(173)     Dead                           Min: 0, Avg:  0.0, Max: 0, Diff: 0, Sum: 0, Workers: 4
[7033.476s][debug][gc,phases      ] GC(173)     Total                          Min: 0, Avg:  0.0, Max: 0, Diff: 0, Sum: 0, Workers: 4
[7033.476s][debug][gc,phases      ] GC(173) Weak Processing 0.449ms
[7033.476s][debug][gc,age         ] GC(173) Desired survivor size 27787264 bytes, new threshold 1 (max threshold 15)
[7033.476s][info ][gc,heap        ] GC(173) PSYoungGen: 1351445K(2068480K)->5047K(2070016K) Eden: 1345861K(2039808K)->0K(2042368K) From: 5584K(28672K)->5047K(27648K)
[7033.476s][info ][gc,heap        ] GC(173) ParOldGen: 807552K(807936K)->810364K(810496K)
[7033.476s][info ][gc,metaspace   ] GC(173) Metaspace: 112436K(113856K)->112436K(113856K) NonClass: 95755K(96576K)->95755K(96576K) Class: 16680K(17280K)->16680K(17280K)
[7033.476s][info ][gc             ] GC(173) Pause Young (CodeCache GC Threshold) 2108M->796M(2813M) 6.304ms
[7033.476s][info ][gc,cpu         ] GC(173) User=0.02s Sys=0.01s Real=0.01s
[7033.476s][debug][gc,phases      ] GC(174) Pre Compact 0.008ms
[7033.476s][info ][gc,start       ] GC(174) Pause Full (CodeCache GC Threshold)
[7033.476s][info ][gc,phases,start] GC(174) Marking Phase
[7033.612s][debug][gc,phases      ] GC(174) Par Mark 136.027ms
[7033.613s][debug][gc,ref         ] GC(174) ReferenceProcessor::execute queues: 4, RefProcThreadModel::Multi, marks_oops_alive: false
[7033.614s][debug][gc,ref         ] GC(174) ReferenceProcessor::execute queues: 4, RefProcThreadModel::Multi, marks_oops_alive: true
[7033.614s][debug][gc,ref         ] GC(174) ReferenceProcessor::execute queues: 1, RefProcThreadModel::Single, marks_oops_alive: false
[7033.614s][debug][gc,phases      ] GC(174) Reference Processing 1.721ms
[7033.614s][debug][gc,phases      ] GC(174)   VM Weak                        Min:  0.0, Avg:  0.0, Max:  0.0, Diff:  0.0, Sum:  0.0, Workers: 4
[7033.614s][debug][gc,phases      ] GC(174)     Dead                           Min: 0, Avg: 40.2, Max: 99, Diff: 99, Sum: 161, Workers: 4
[7033.615s][debug][gc,phases      ] GC(174)     Total                          Min: 0, Avg: 262.5, Max: 512, Diff: 512, Sum: 1050, Workers: 4
[7033.615s][debug][gc,phases      ] GC(174)   ObjectSynchronizer Weak        Min:  0.0, Avg:  0.0, Max:  0.0, Diff:  0.0, Sum:  0.0, Workers: 4
[7033.615s][debug][gc,phases      ] GC(174)     Dead                           Min: 0, Avg:  0.0, Max: 0, Diff: 0, Sum: 0, Workers: 4
[7033.615s][debug][gc,phases      ] GC(174)     Total                          Min: 0, Avg:  1.0, Max: 4, Diff: 4, Sum: 4, Workers: 4
[7033.615s][debug][gc,phases      ] GC(174)   JVMTI Tag Weak OopStorage      Min:  0.0, Avg:  0.0, Max:  0.0, Diff:  0.0, Sum:  0.0, Workers: 4
[7033.615s][debug][gc,phases      ] GC(174)     Dead                           Min: 0, Avg:  0.0, Max: 0, Diff: 0, Sum: 0, Workers: 4
[7033.615s][debug][gc,phases      ] GC(174)     Total                          Min: 0, Avg:  0.0, Max: 0, Diff: 0, Sum: 0, Workers: 4
[7033.615s][debug][gc,phases      ] GC(174)   StringTable Weak               Min:  0.2, Avg:  0.2, Max:  0.2, Diff:  0.0, Sum:  0.8, Workers: 4
[7033.615s][debug][gc,phases      ] GC(174)     Dead                           Min: 35, Avg: 281.0, Max: 534, Diff: 499, Sum: 1124, Workers: 4
[7033.615s][debug][gc,phases      ] GC(174)     Total                          Min: 11902, Avg: 12029.2, Max: 12152, Diff: 250, Sum: 48117, Workers: 4
[7033.615s][debug][gc,phases      ] GC(174)   ResolvedMethodTable Weak       Min:  0.1, Avg:  0.1, Max:  0.1, Diff:  0.0, Sum:  0.2, Workers: 4
[7033.615s][debug][gc,phases      ] GC(174)     Dead                           Min: 52, Avg: 96.5, Max: 181, Diff: 129, Sum: 386, Workers: 4
[7033.615s][debug][gc,phases      ] GC(174)     Total                          Min: 3725, Avg: 3976.8, Max: 4175, Diff: 450, Sum: 15907, Workers: 4
[7033.615s][debug][gc,phases      ] GC(174)   JNI Weak                       Min:  0.0, Avg:  0.0, Max:  0.0, Diff:  0.0, Sum:  0.0, Workers: 4
[7033.615s][debug][gc,phases      ] GC(174)     Dead                           Min: 0, Avg:  0.0, Max: 0, Diff: 0, Sum: 0, Workers: 4
[7033.615s][debug][gc,phases      ] GC(174)     Total                          Min: 0, Avg: 13.0, Max: 52, Diff: 52, Sum: 52, Workers: 4
[7033.615s][debug][gc,phases      ] GC(174)   StringDedup Table Weak         Min:  0.0, Avg:  0.0, Max:  0.0, Diff:  0.0, Sum:  0.0, Workers: 4
[7033.615s][debug][gc,phases      ] GC(174)     Dead                           Min: 0, Avg:  0.0, Max: 0, Diff: 0, Sum: 0, Workers: 4
[7033.615s][debug][gc,phases      ] GC(174)     Total                          Min: 0, Avg:  0.0, Max: 0, Diff: 0, Sum: 0, Workers: 4
[7033.615s][debug][gc,phases      ] GC(174)   StringDedup Requests0 Weak     Min:  0.0, Avg:  0.0, Max:  0.0, Diff:  0.0, Sum:  0.0, Workers: 4
[7033.615s][debug][gc,phases      ] GC(174)     Dead                           Min: 0, Avg:  0.0, Max: 0, Diff: 0, Sum: 0, Workers: 4
[7033.615s][debug][gc,phases      ] GC(174)     Total                          Min: 0, Avg:  0.0, Max: 0, Diff: 0, Sum: 0, Workers: 4
[7033.615s][debug][gc,phases      ] GC(174)   StringDedup Requests1 Weak     Min:  0.0, Avg:  0.0, Max:  0.0, Diff:  0.0, Sum:  0.0, Workers: 4
[7033.615s][debug][gc,phases      ] GC(174)     Dead                           Min: 0, Avg:  0.0, Max: 0, Diff: 0, Sum: 0, Workers: 4
[7033.615s][debug][gc,phases      ] GC(174)     Total                          Min: 0, Avg:  0.0, Max: 0, Diff: 0, Sum: 0, Workers: 4
[7033.615s][debug][gc,phases      ] GC(174)   Weak JFR Old Object Samples    Min:  0.0, Avg:  0.0, Max:  0.0, Diff:  0.0, Sum:  0.0, Workers: 4
[7033.615s][debug][gc,phases      ] GC(174)     Dead                           Min: 0, Avg:  0.0, Max: 0, Diff: 0, Sum: 0, Workers: 4
[7033.615s][debug][gc,phases      ] GC(174)     Total                          Min: 0, Avg:  0.0, Max: 0, Diff: 0, Sum: 0, Workers: 4
[7033.615s][debug][gc,phases      ] GC(174) Weak Processing 0.510ms
[7033.615s][debug][gc,phases      ] GC(174) ClassLoaderData 0.323ms
[7033.615s][debug][gc,phases      ] GC(174) Trigger cleanups 0.008ms
[7033.680s][debug][gc,phases      ] GC(174) Purge Unlinked NMethods 2.720ms
[7033.680s][debug][gc,phases      ] GC(174) Unregister NMethods 0.001ms
[7033.680s][debug][gc,phases      ] GC(174) Free Code Blobs 0.303ms
[7033.694s][debug][gc,phases      ] GC(174) Class Unloading 79.067ms
[7033.694s][debug][gc,phases      ] GC(174) Report Object Count 0.002ms
[7033.694s][info ][gc,phases      ] GC(174) Marking Phase 217.452ms
[7033.694s][info ][gc,phases,start] GC(174) Summary Phase
[7033.694s][info ][gc,phases      ] GC(174) Summary Phase 0.028ms
[7033.694s][info ][gc,phases,start] GC(174) Adjust Roots
[7033.716s][info ][gc,phases      ] GC(174) Adjust Roots 22.205ms
[7033.716s][info ][gc,phases,start] GC(174) Compaction Phase
[7033.870s][info ][gc,phases      ] GC(174) Compaction Phase 153.630ms
[7033.870s][info ][gc,phases,start] GC(174) Post Compact
[7033.875s][debug][gc,phases      ] GC(174) Purge Class Loader Data 1.064ms
[7033.875s][info ][gc,phases      ] GC(174) Post Compact 5.266ms
[7033.875s][info ][gc,heap        ] GC(174) PSYoungGen: 5047K(2070016K)->0K(2070016K) Eden: 0K(2042368K)->0K(2042368K) From: 5047K(27648K)->0K(27648K)
[7033.875s][info ][gc,heap        ] GC(174) ParOldGen: 810364K(810496K)->379842K(810496K)
[7033.875s][info ][gc,metaspace   ] GC(174) Metaspace: 112436K(113856K)->112140K(113856K) NonClass: 95755K(96576K)->95538K(96576K) Class: 16680K(17280K)->16601K(17280K)
[7033.875s][info ][gc             ] GC(174) Pause Full (CodeCache GC Threshold) 796M->370M(2813M) 398.745ms
[7033.875s][info ][gc,cpu         ] GC(174) User=1.15s Sys=0.01s Real=0.40s
[7033.875s][info ][safepoint      ] Safepoint "ParallelGCSystemGC", Time since last: 52112910 ns, Reaching safepoint: 85905 ns, Cleanup: 3600 ns, At safepoint: 405212128 ns, Total: 405301633 ns
[7034.875s][info ][safepoint      ] Safepoint "Cleanup", Time since last: 1000110548 ns, Reaching safepoint: 7201 ns, Cleanup: 83304 ns, At safepoint: 2900 ns, Total: 93405 ns
[7036.876s][info ][safepoint      ] Safepoint "Cleanup", Time since last: 2000205997 ns, Reaching safepoint: 7600 ns, Cleanup: 14201 ns, At safepoint: 2500 ns, Total: 24301 ns
[7039.876s][info ][safepoint      ] Safepoint "Cleanup", Time since last: 3000215862 ns, Reaching safepoint: 6200 ns, Cleanup: 12101 ns, At safepoint: 2800 ns, Total: 21101 ns
[7040.876s][info ][safepoint      ] Safepoint "Cleanup", Time since last: 1000107470 ns, Reaching safepoint: 6700 ns, Cleanup: 10301 ns, At safepoint: 2800 ns, Total: 19801 ns
[7044.876s][info ][safepoint      ] Safepoint "Cleanup", Time since last: 4000334165 ns, Reaching safepoint: 7300 ns, Cleanup: 18401 ns, At safepoint: 2900 ns, Total: 28601 ns
[7046.877s][info ][safepoint      ] Safepoint "Cleanup", Time since last: 2000167398 ns, Reaching safepoint: 7301 ns, Cleanup: 10400 ns, At safepoint: 2900 ns, Total: 20601 ns
[7047.877s][info ][safepoint      ] Safepoint "Cleanup", Time since last: 1000110090 ns, Reaching safepoint: 5800 ns, Cleanup: 10501 ns, At safepoint: 2600 ns, Total: 18901 ns
[7048.877s][info ][safepoint      ] Safepoint "Cleanup", Time since last: 1000122763 ns, Reaching safepoint: 7500 ns, Cleanup: 13101 ns, At safepoint: 2300 ns, Total: 22901 ns
[7049.877s][info ][safepoint      ] Safepoint "Cleanup", Time since last: 1000117087 ns, Reaching safepoint: 6901 ns, Cleanup: 17000 ns, At safepoint: 2401 ns, Total: 26302 ns
[7051.877s][info ][safepoint      ] Safepoint "Cleanup", Time since last: 2000180978 ns, Reaching safepoint: 6801 ns, Cleanup: 10900 ns, At safepoint: 2800 ns, Total: 20501 ns
[7052.877s][info ][safepoint      ] Safepoint "Cleanup", Time since last: 1000112991 ns, Reaching safepoint: 7200 ns, Cleanup: 14901 ns, At safepoint: 2500 ns, Total: 24601 ns
[7053.877s][info ][safepoint      ] Safepoint "Cleanup", Time since last: 1000114390 ns, Reaching safepoint: 6701 ns, Cleanup: 11800 ns, At safepoint: 2700 ns, Total: 21201 ns
[7054.878s][info ][safepoint      ] Safepoint "Cleanup", Time since last: 1000132682 ns, Reaching safepoint: 6600 ns, Cleanup: 13101 ns, At safepoint: 2700 ns, Total: 22401 ns
[7055.878s][info ][safepoint      ] Safepoint "Cleanup", Time since last: 1000115320 ns, Reaching safepoint: 6201 ns, Cleanup: 7500 ns, At safepoint: 2600 ns, Total: 16301 ns
[7056.878s][info ][safepoint      ] Safepoint "Cleanup", Time since last: 1000111520 ns, Reaching safepoint: 6701 ns, Cleanup: 10000 ns, At safepoint: 2600 ns, Total: 19301 ns
[7057.102s][info ][gc,start       ] GC(175) Pause Young (Allocation Failure)
[7057.107s][debug][gc,phases      ] GC(175) Scavenge 4.789ms
[7057.107s][debug][gc,ref         ] GC(175) ReferenceProcessor::execute queues: 1, RefProcThreadModel::Single, marks_oops_alive: false
[7057.107s][debug][gc,ref         ] GC(175) Skipped KeepAliveFinalRefsPhase of Reference Processing: no references
[7057.107s][debug][gc,ref         ] GC(175) ReferenceProcessor::execute queues: 1, RefProcThreadModel::Single, marks_oops_alive: false
[7057.107s][debug][gc,phases      ] GC(175) Reference Processing 0.131ms
[7057.107s][debug][gc,phases      ] GC(175)   VM Weak                        Min:  0.0, Avg:  0.0, Max:  0.0, Diff:  0.0, Sum:  0.0, Workers: 4
[7057.107s][debug][gc,phases      ] GC(175)     Dead                           Min: 0, Avg:  0.0, Max: 0, Diff: 0, Sum: 0, Workers: 4
[7057.107s][debug][gc,phases      ] GC(175)     Total                          Min: 0, Avg: 222.2, Max: 808, Diff: 808, Sum: 889, Workers: 4
[7057.107s][debug][gc,phases      ] GC(175)   ObjectSynchronizer Weak        Min:  0.0, Avg:  0.0, Max:  0.0, Diff:  0.0, Sum:  0.0, Workers: 4
[7057.107s][debug][gc,phases      ] GC(175)     Dead                           Min: 0, Avg:  0.0, Max: 0, Diff: 0, Sum: 0, Workers: 4
[7057.107s][debug][gc,phases      ] GC(175)     Total                          Min: 0, Avg:  1.0, Max: 4, Diff: 4, Sum: 4, Workers: 4
[7057.107s][debug][gc,phases      ] GC(175)   JVMTI Tag Weak OopStorage      Min:  0.0, Avg:  0.0, Max:  0.0, Diff:  0.0, Sum:  0.0, Workers: 4
[7057.107s][debug][gc,phases      ] GC(175)     Dead                           Min: 0, Avg:  0.0, Max: 0, Diff: 0, Sum: 0, Workers: 4
[7057.107s][debug][gc,phases      ] GC(175)     Total                          Min: 0, Avg:  0.0, Max: 0, Diff: 0, Sum: 0, Workers: 4
[7057.107s][debug][gc,phases      ] GC(175)   StringTable Weak               Min:  0.0, Avg:  0.1, Max:  0.2, Diff:  0.2, Sum:  0.5, Workers: 4
[7057.107s][debug][gc,phases      ] GC(175)     Dead                           Min: 0, Avg:  0.2, Max: 1, Diff: 1, Sum: 1, Workers: 4
[7057.107s][debug][gc,phases      ] GC(175)     Total                          Min: 0, Avg: 12030.2, Max: 18106, Diff: 18106, Sum: 48121, Workers: 4
[7057.107s][debug][gc,phases      ] GC(175)   ResolvedMethodTable Weak       Min:  0.0, Avg:  0.0, Max:  0.0, Diff:  0.0, Sum:  0.1, Workers: 4
[7057.107s][debug][gc,phases      ] GC(175)     Dead                           Min: 0, Avg:  4.8, Max: 13, Diff: 13, Sum: 19, Workers: 4
[7057.107s][debug][gc,phases      ] GC(175)     Total                          Min: 0, Avg: 3978.2, Max: 5994, Diff: 5994, Sum: 15913, Workers: 4
[7057.107s][debug][gc,phases      ] GC(175)   JNI Weak                       Min:  0.0, Avg:  0.0, Max:  0.0, Diff:  0.0, Sum:  0.0, Workers: 4
[7057.107s][debug][gc,phases      ] GC(175)     Dead                           Min: 0, Avg:  0.0, Max: 0, Diff: 0, Sum: 0, Workers: 4
[7057.107s][debug][gc,phases      ] GC(175)     Total                          Min: 0, Avg: 13.0, Max: 52, Diff: 52, Sum: 52, Workers: 4
[7057.107s][debug][gc,phases      ] GC(175)   StringDedup Table Weak         Min:  0.0, Avg:  0.0, Max:  0.0, Diff:  0.0, Sum:  0.0, Workers: 4
[7057.107s][debug][gc,phases      ] GC(175)     Dead                           Min: 0, Avg:  0.0, Max: 0, Diff: 0, Sum: 0, Workers: 4
[7057.107s][debug][gc,phases      ] GC(175)     Total                          Min: 0, Avg:  0.0, Max: 0, Diff: 0, Sum: 0, Workers: 4
[7057.107s][debug][gc,phases      ] GC(175)   StringDedup Requests0 Weak     Min:  0.0, Avg:  0.0, Max:  0.0, Diff:  0.0, Sum:  0.0, Workers: 4
[7057.107s][debug][gc,phases      ] GC(175)     Dead                           Min: 0, Avg:  0.0, Max: 0, Diff: 0, Sum: 0, Workers: 4
[7057.107s][debug][gc,phases      ] GC(175)     Total                          Min: 0, Avg:  0.0, Max: 0, Diff: 0, Sum: 0, Workers: 4
[7057.107s][debug][gc,phases      ] GC(175)   StringDedup Requests1 Weak     Min:  0.0, Avg:  0.0, Max:  0.0, Diff:  0.0, Sum:  0.0, Workers: 4
[7057.107s][debug][gc,phases      ] GC(175)     Dead                           Min: 0, Avg:  0.0, Max: 0, Diff: 0, Sum: 0, Workers: 4
[7057.107s][debug][gc,phases      ] GC(175)     Total                          Min: 0, Avg:  0.0, Max: 0, Diff: 0, Sum: 0, Workers: 4
[7057.107s][debug][gc,phases      ] GC(175)   Weak JFR Old Object Samples    Min:  0.0, Avg:  0.0, Max:  0.0, Diff:  0.0, Sum:  0.0, Workers: 4
[7057.107s][debug][gc,phases      ] GC(175)     Dead                           Min: 0, Avg:  0.0, Max: 0, Diff: 0, Sum: 0, Workers: 4
[7057.107s][debug][gc,phases      ] GC(175)     Total                          Min: 0, Avg:  0.0, Max: 0, Diff: 0, Sum: 0, Workers: 4
[7057.107s][debug][gc,phases      ] GC(175) Weak Processing 0.461ms
[7057.107s][debug][gc,age         ] GC(175) Desired survivor size 26738688 bytes, new threshold 1 (max threshold 15)
[7057.107s][info ][gc,heap        ] GC(175) PSYoungGen: 2042368K(2070016K)->6400K(2069504K) Eden: 2042368K(2042368K)->0K(2042368K) From: 0K(27648K)->6400K(27136K)
[7057.107s][info ][gc,heap        ] GC(175) ParOldGen: 379842K(810496K)->379842K(810496K)
[7057.107s][info ][gc,metaspace   ] GC(175) Metaspace: 112148K(113856K)->112148K(113856K) NonClass: 95544K(96576K)->95544K(96576K) Class: 16603K(17280K)->16603K(17280K)
[7057.107s][info ][gc             ] GC(175) Pause Young (Allocation Failure) 2365M->377M(2812M) 5.539ms
[7057.108s][info ][gc,cpu         ] GC(175) User=0.02s Sys=0.00s Real=0.00s
[7057.108s][info ][safepoint      ] Safepoint "ParallelGCFailedAllocation", Time since last: 223965828 ns, Reaching safepoint: 93705 ns, Cleanup: 16901 ns, At safepoint: 5639931 ns, Total: 5750537 ns
[7058.108s][info ][safepoint      ] Safepoint "Cleanup", Time since last: 1000113125 ns, Reaching safepoint: 85505 ns, Cleanup: 10600 ns, At safepoint: 7501 ns, Total: 103606 ns
[7067.109s][info ][safepoint      ] Safepoint "Cleanup", Time since last: 9000720791 ns, Reaching safepoint: 84203 ns, Cleanup: 12201 ns, At safepoint: 8100 ns, Total: 104504 ns
[7073.109s][info ][safepoint      ] Safepoint "Cleanup", Time since last: 6000479717 ns, Reaching safepoint: 78805 ns, Cleanup: 9900 ns, At safepoint: 7301 ns, Total: 96006 ns
[7079.110s][info ][safepoint      ] Safepoint "Cleanup", Time since last: 6000489540 ns, Reaching safepoint: 77304 ns, Cleanup: 24901 ns, At safepoint: 7501 ns, Total: 109706 ns
[7081.502s][info ][gc,start       ] GC(176) Pause Young (Allocation Failure)
[7081.506s][debug][gc,phases      ] GC(176) Scavenge 3.746ms
[7081.506s][debug][gc,ref         ] GC(176) ReferenceProcessor::execute queues: 1, RefProcThreadModel::Single, marks_oops_alive: false
[7081.506s][debug][gc,ref         ] GC(176) Skipped KeepAliveFinalRefsPhase of Reference Processing: no references
[7081.506s][debug][gc,ref         ] GC(176) ReferenceProcessor::execute queues: 1, RefProcThreadModel::Single, marks_oops_alive: false
[7081.506s][debug][gc,phases      ] GC(176) Reference Processing 0.125ms
[7081.506s][debug][gc,phases      ] GC(176)   VM Weak                        Min:  0.0, Avg:  0.0, Max:  0.0, Diff:  0.0, Sum:  0.0, Workers: 4
[7081.506s][debug][gc,phases      ] GC(176)     Dead                           Min: 0, Avg:  0.0, Max: 0, Diff: 0, Sum: 0, Workers: 4
[7081.506s][debug][gc,phases      ] GC(176)     Total                          Min: 0, Avg: 222.2, Max: 746, Diff: 746, Sum: 889, Workers: 4
[7081.506s][debug][gc,phases      ] GC(176)   ObjectSynchronizer Weak        Min:  0.0, Avg:  0.0, Max:  0.0, Diff:  0.0, Sum:  0.0, Workers: 4
[7081.506s][debug][gc,phases      ] GC(176)     Dead                           Min: 0, Avg:  0.0, Max: 0, Diff: 0, Sum: 0, Workers: 4
[7081.506s][debug][gc,phases      ] GC(176)     Total                          Min: 0, Avg:  1.0, Max: 4, Diff: 4, Sum: 4, Workers: 4
[7081.506s][debug][gc,phases      ] GC(176)   JVMTI Tag Weak OopStorage      Min:  0.0, Avg:  0.0, Max:  0.0, Diff:  0.0, Sum:  0.0, Workers: 4
[7081.506s][debug][gc,phases      ] GC(176)     Dead                           Min: 0, Avg:  0.0, Max: 0, Diff: 0, Sum: 0, Workers: 4
[7081.506s][debug][gc,phases      ] GC(176)     Total                          Min: 0, Avg:  0.0, Max: 0, Diff: 0, Sum: 0, Workers: 4
[7081.506s][debug][gc,phases      ] GC(176)   StringTable Weak               Min:  0.0, Avg:  0.1, Max:  0.1, Diff:  0.1, Sum:  0.4, Workers: 4
[7081.506s][debug][gc,phases      ] GC(176)     Dead                           Min: 0, Avg:  0.0, Max: 0, Diff: 0, Sum: 0, Workers: 4
[7081.506s][debug][gc,phases      ] GC(176)     Total                          Min: 0, Avg: 12031.0, Max: 16573, Diff: 16573, Sum: 48124, Workers: 4
[7081.506s][debug][gc,phases      ] GC(176)   ResolvedMethodTable Weak       Min:  0.0, Avg:  0.0, Max:  0.1, Diff:  0.1, Sum:  0.2, Workers: 4
[7081.506s][debug][gc,phases      ] GC(176)     Dead                           Min: 0, Avg:  4.2, Max: 17, Diff: 17, Sum: 17, Workers: 4
[7081.506s][debug][gc,phases      ] GC(176)     Total                          Min: 0, Avg: 3978.8, Max: 5873, Diff: 5873, Sum: 15915, Workers: 4
[7081.506s][debug][gc,phases      ] GC(176)   JNI Weak                       Min:  0.0, Avg:  0.0, Max:  0.0, Diff:  0.0, Sum:  0.0, Workers: 4
[7081.506s][debug][gc,phases      ] GC(176)     Dead                           Min: 0, Avg:  0.0, Max: 0, Diff: 0, Sum: 0, Workers: 4
[7081.506s][debug][gc,phases      ] GC(176)     Total                          Min: 0, Avg: 13.0, Max: 52, Diff: 52, Sum: 52, Workers: 4
[7081.506s][debug][gc,phases      ] GC(176)   StringDedup Table Weak         Min:  0.0, Avg:  0.0, Max:  0.0, Diff:  0.0, Sum:  0.0, Workers: 4
[7081.506s][debug][gc,phases      ] GC(176)     Dead                           Min: 0, Avg:  0.0, Max: 0, Diff: 0, Sum: 0, Workers: 4
[7081.506s][debug][gc,phases      ] GC(176)     Total                          Min: 0, Avg:  0.0, Max: 0, Diff: 0, Sum: 0, Workers: 4
[7081.506s][debug][gc,phases      ] GC(176)   StringDedup Requests0 Weak     Min:  0.0, Avg:  0.0, Max:  0.0, Diff:  0.0, Sum:  0.0, Workers: 4
[7081.506s][debug][gc,phases      ] GC(176)     Dead                           Min: 0, Avg:  0.0, Max: 0, Diff: 0, Sum: 0, Workers: 4
[7081.506s][debug][gc,phases      ] GC(176)     Total                          Min: 0, Avg:  0.0, Max: 0, Diff: 0, Sum: 0, Workers: 4
[7081.506s][debug][gc,phases      ] GC(176)   StringDedup Requests1 Weak     Min:  0.0, Avg:  0.0, Max:  0.0, Diff:  0.0, Sum:  0.0, Workers: 4
[7081.506s][debug][gc,phases      ] GC(176)     Dead                           Min: 0, Avg:  0.0, Max: 0, Diff: 0, Sum: 0, Workers: 4
[7081.506s][debug][gc,phases      ] GC(176)     Total                          Min: 0, Avg:  0.0, Max: 0, Diff: 0, Sum: 0, Workers: 4
[7081.506s][debug][gc,phases      ] GC(176)   Weak JFR Old Object Samples    Min:  0.0, Avg:  0.0, Max:  0.0, Diff:  0.0, Sum:  0.0, Workers: 4
[7081.506s][debug][gc,phases      ] GC(176)     Dead                           Min: 0, Avg:  0.0, Max: 0, Diff: 0, Sum: 0, Workers: 4
[7081.506s][debug][gc,phases      ] GC(176)     Total                          Min: 0, Avg:  0.0, Max: 0, Diff: 0, Sum: 0, Workers: 4
[7081.506s][debug][gc,phases      ] GC(176) Weak Processing 0.446ms
[7081.506s][debug][gc,age         ] GC(176) Desired survivor size 26214400 bytes, new threshold 1 (max threshold 15)
[7081.506s][info ][gc,heap        ] GC(176) PSYoungGen: 2048768K(2069504K)->3776K(2071552K) Eden: 2042368K(2042368K)->0K(2045440K) From: 6400K(27136K)->3776K(26112K)
[7081.506s][info ][gc,heap        ] GC(176) ParOldGen: 379842K(810496K)->383611K(810496K)
[7081.506s][info ][gc,metaspace   ] GC(176) Metaspace: 112155K(113856K)->112155K(113856K) NonClass: 95550K(96576K)->95550K(96576K) Class: 16604K(17280K)->16604K(17280K)
[7081.506s][info ][gc             ] GC(176) Pause Young (Allocation Failure) 2371M->378M(2814M) 4.464ms
[7081.506s][info ][gc,cpu         ] GC(176) User=0.02s Sys=0.00s Real=0.00s
[7081.506s][info ][safepoint      ] Safepoint "ParallelGCFailedAllocation", Time since last: 2391916086 ns, Reaching safepoint: 9600 ns, Cleanup: 4700 ns, At safepoint: 4560671 ns, Total: 4574971 ns
[7083.434s][info ][safepoint      ] Safepoint "Cleanup", Time since last: 1927235820 ns, Reaching safepoint: 8300 ns, Cleanup: 15601 ns, At safepoint: 3000 ns, Total: 26901 ns
[7084.434s][info ][safepoint      ] Safepoint "Cleanup", Time since last: 1000125529 ns, Reaching safepoint: 83904 ns, Cleanup: 23701 ns, At safepoint: 7200 ns, Total: 114805 ns
[7085.434s][info ][safepoint      ] Safepoint "Cleanup", Time since last: 1000131864 ns, Reaching safepoint: 223712 ns, Cleanup: 80704 ns, At safepoint: 8800 ns, Total: 313216 ns
[7086.434s][info ][safepoint      ] Safepoint "Cleanup", Time since last: 1000135577 ns, Reaching safepoint: 10601 ns, Cleanup: 15801 ns, At safepoint: 3100 ns, Total: 29502 ns
[7087.435s][info ][safepoint      ] Safepoint "Cleanup", Time since last: 1000123976 ns, Reaching safepoint: 7701 ns, Cleanup: 13800 ns, At safepoint: 2701 ns, Total: 24202 ns
[7088.435s][info ][safepoint      ] Safepoint "Cleanup", Time since last: 1000115575 ns, Reaching safepoint: 9001 ns, Cleanup: 20601 ns, At safepoint: 2200 ns, Total: 31802 ns
[7089.219s][info ][gc,start       ] GC(177) Pause Young (Allocation Failure)
[7089.244s][debug][gc,phases      ] GC(177) Scavenge 25.000ms
[7089.244s][debug][gc,ref         ] GC(177) ReferenceProcessor::execute queues: 1, RefProcThreadModel::Single, marks_oops_alive: false
[7089.244s][debug][gc,ref         ] GC(177) Skipped KeepAliveFinalRefsPhase of Reference Processing: no references
[7089.244s][debug][gc,ref         ] GC(177) ReferenceProcessor::execute queues: 1, RefProcThreadModel::Single, marks_oops_alive: false
[7089.244s][debug][gc,phases      ] GC(177) Reference Processing 0.130ms
[7089.244s][debug][gc,phases      ] GC(177)   VM Weak                        Min:  0.0, Avg:  0.0, Max:  0.0, Diff:  0.0, Sum:  0.0, Workers: 4
[7089.244s][debug][gc,phases      ] GC(177)     Dead                           Min: 0, Avg:  0.0, Max: 0, Diff: 0, Sum: 0, Workers: 4
[7089.244s][debug][gc,phases      ] GC(177)     Total                          Min: 0, Avg: 222.2, Max: 658, Diff: 658, Sum: 889, Workers: 4
[7089.244s][debug][gc,phases      ] GC(177)   ObjectSynchronizer Weak        Min:  0.0, Avg:  0.0, Max:  0.0, Diff:  0.0, Sum:  0.0, Workers: 4
[7089.244s][debug][gc,phases      ] GC(177)     Dead                           Min: 0, Avg:  0.5, Max: 2, Diff: 2, Sum: 2, Workers: 4
[7089.244s][debug][gc,phases      ] GC(177)     Total                          Min: 0, Avg:  1.5, Max: 6, Diff: 6, Sum: 6, Workers: 4
[7089.244s][debug][gc,phases      ] GC(177)   JVMTI Tag Weak OopStorage      Min:  0.0, Avg:  0.0, Max:  0.0, Diff:  0.0, Sum:  0.0, Workers: 4
[7089.244s][debug][gc,phases      ] GC(177)     Dead                           Min: 0, Avg:  0.0, Max: 0, Diff: 0, Sum: 0, Workers: 4
[7089.244s][debug][gc,phases      ] GC(177)     Total                          Min: 0, Avg:  0.0, Max: 0, Diff: 0, Sum: 0, Workers: 4
[7089.244s][debug][gc,phases      ] GC(177)   StringTable Weak               Min:  0.0, Avg:  0.1, Max:  0.2, Diff:  0.2, Sum:  0.5, Workers: 4
[7089.244s][debug][gc,phases      ] GC(177)     Dead                           Min: 0, Avg:  0.0, Max: 0, Diff: 0, Sum: 0, Workers: 4
[7089.244s][debug][gc,phases      ] GC(177)     Total                          Min: 0, Avg: 12031.5, Max: 16831, Diff: 16831, Sum: 48126, Workers: 4
[7089.244s][debug][gc,phases      ] GC(177)   ResolvedMethodTable Weak       Min:  0.0, Avg:  0.0, Max:  0.1, Diff:  0.1, Sum:  0.2, Workers: 4
[7089.244s][debug][gc,phases      ] GC(177)     Dead                           Min: 0, Avg:  9.2, Max: 30, Diff: 30, Sum: 37, Workers: 4
[7089.244s][debug][gc,phases      ] GC(177)     Total                          Min: 0, Avg: 3978.5, Max: 5697, Diff: 5697, Sum: 15914, Workers: 4
[7089.244s][debug][gc,phases      ] GC(177)   JNI Weak                       Min:  0.0, Avg:  0.0, Max:  0.0, Diff:  0.0, Sum:  0.0, Workers: 4
[7089.244s][debug][gc,phases      ] GC(177)     Dead                           Min: 0, Avg:  0.0, Max: 0, Diff: 0, Sum: 0, Workers: 4
[7089.245s][debug][gc,phases      ] GC(177)     Total                          Min: 0, Avg: 13.0, Max: 52, Diff: 52, Sum: 52, Workers: 4
[7089.245s][debug][gc,phases      ] GC(177)   StringDedup Table Weak         Min:  0.0, Avg:  0.0, Max:  0.0, Diff:  0.0, Sum:  0.0, Workers: 4
[7089.245s][debug][gc,phases      ] GC(177)     Dead                           Min: 0, Avg:  0.0, Max: 0, Diff: 0, Sum: 0, Workers: 4
[7089.245s][debug][gc,phases      ] GC(177)     Total                          Min: 0, Avg:  0.0, Max: 0, Diff: 0, Sum: 0, Workers: 4
[7089.245s][debug][gc,phases      ] GC(177)   StringDedup Requests0 Weak     Min:  0.0, Avg:  0.0, Max:  0.0, Diff:  0.0, Sum:  0.0, Workers: 4
[7089.245s][debug][gc,phases      ] GC(177)     Dead                           Min: 0, Avg:  0.0, Max: 0, Diff: 0, Sum: 0, Workers: 4
[7089.245s][debug][gc,phases      ] GC(177)     Total                          Min: 0, Avg:  0.0, Max: 0, Diff: 0, Sum: 0, Workers: 4
[7089.245s][debug][gc,phases      ] GC(177)   StringDedup Requests1 Weak     Min:  0.0, Avg:  0.0, Max:  0.0, Diff:  0.0, Sum:  0.0, Workers: 4
[7089.245s][debug][gc,phases      ] GC(177)     Dead                           Min: 0, Avg:  0.0, Max: 0, Diff: 0, Sum: 0, Workers: 4
[7089.245s][debug][gc,phases      ] GC(177)     Total                          Min: 0, Avg:  0.0, Max: 0, Diff: 0, Sum: 0, Workers: 4
[7089.245s][debug][gc,phases      ] GC(177)   Weak JFR Old Object Samples    Min:  0.0, Avg:  0.0, Max:  0.0, Diff:  0.0, Sum:  0.0, Workers: 4
[7089.245s][debug][gc,phases      ] GC(177)     Dead                           Min: 0, Avg:  0.0, Max: 0, Diff: 0, Sum: 0, Workers: 4
[7089.245s][debug][gc,phases      ] GC(177)     Total                          Min: 0, Avg:  0.0, Max: 0, Diff: 0, Sum: 0, Workers: 4
[7089.245s][debug][gc,phases      ] GC(177) Weak Processing 0.471ms
[7089.245s][debug][gc,age         ] GC(177) Desired survivor size 43515904 bytes, new threshold 1 (max threshold 15)
[7089.245s][info ][gc,heap        ] GC(177) PSYoungGen: 2049216K(2071552K)->25596K(2071040K) Eden: 2045440K(2045440K)->0K(2045440K) From: 3776K(26112K)->25596K(25600K)
[7089.245s][info ][gc,heap        ] GC(177) ParOldGen: 383611K(810496K)->417335K(810496K)
[7089.245s][info ][gc,metaspace   ] GC(177) Metaspace: 112191K(113856K)->112191K(113856K) NonClass: 95586K(96576K)->95586K(96576K) Class: 16604K(17280K)->16604K(17280K)
[7089.245s][info ][gc             ] GC(177) Pause Young (Allocation Failure) 2375M->432M(2814M) 25.762ms
[7089.245s][info ][gc,cpu         ] GC(177) User=0.09s Sys=0.00s Real=0.03s
[7089.245s][info ][safepoint      ] Safepoint "ParallelGCFailedAllocation", Time since last: 784168451 ns, Reaching safepoint: 7000 ns, Cleanup: 4001 ns, At safepoint: 25848279 ns, Total: 25859280 ns
[7090.245s][info ][safepoint      ] Safepoint "Cleanup", Time since last: 1000094967 ns, Reaching safepoint: 9800 ns, Cleanup: 24101 ns, At safepoint: 2701 ns, Total: 36602 ns
[7091.245s][info ][safepoint      ] Safepoint "Cleanup", Time since last: 1000122918 ns, Reaching safepoint: 13401 ns, Cleanup: 13201 ns, At safepoint: 2700 ns, Total: 29302 ns
[7092.245s][info ][safepoint      ] Safepoint "Cleanup", Time since last: 1000115118 ns, Reaching safepoint: 8501 ns, Cleanup: 14200 ns, At safepoint: 2300 ns, Total: 25001 ns
[7093.245s][info ][safepoint      ] Safepoint "Cleanup", Time since last: 1000125519 ns, Reaching safepoint: 9101 ns, Cleanup: 15100 ns, At safepoint: 2400 ns, Total: 26601 ns
[7095.245s][info ][safepoint      ] Safepoint "Cleanup", Time since last: 2000196386 ns, Reaching safepoint: 7400 ns, Cleanup: 16401 ns, At safepoint: 2800 ns, Total: 26601 ns
[7096.246s][info ][safepoint      ] Safepoint "Cleanup", Time since last: 1000114267 ns, Reaching safepoint: 9200 ns, Cleanup: 16401 ns, At safepoint: 2800 ns, Total: 28401 ns
[7098.246s][info ][safepoint      ] Safepoint "Cleanup", Time since last: 2000189536 ns, Reaching safepoint: 8801 ns, Cleanup: 12500 ns, At safepoint: 3300 ns, Total: 24601 ns
[7110.247s][info ][safepoint      ] Safepoint "Cleanup", Time since last: 12000922097 ns, Reaching safepoint: 8600 ns, Cleanup: 20401 ns, At safepoint: 2800 ns, Total: 31801 ns
[7111.247s][info ][safepoint      ] Safepoint "Cleanup", Time since last: 1000112540 ns, Reaching safepoint: 8001 ns, Cleanup: 14100 ns, At safepoint: 3400 ns, Total: 25501 ns
[7112.922s][info ][gc,start       ] GC(178) Pause Young (Allocation Failure)
[7112.930s][debug][gc,phases      ] GC(178) Scavenge 7.212ms
[7112.930s][debug][gc,ref         ] GC(178) ReferenceProcessor::execute queues: 1, RefProcThreadModel::Single, marks_oops_alive: false
[7112.930s][debug][gc,ref         ] GC(178) Skipped KeepAliveFinalRefsPhase of Reference Processing: no references
[7112.930s][debug][gc,ref         ] GC(178) ReferenceProcessor::execute queues: 1, RefProcThreadModel::Single, marks_oops_alive: false
[7112.930s][debug][gc,phases      ] GC(178) Reference Processing 0.122ms
[7112.930s][debug][gc,phases      ] GC(178)   VM Weak                        Min:  0.0, Avg:  0.0, Max:  0.0, Diff:  0.0, Sum:  0.0, Workers: 4
[7112.930s][debug][gc,phases      ] GC(178)     Dead                           Min: 0, Avg:  0.0, Max: 0, Diff: 0, Sum: 0, Workers: 4
[7112.930s][debug][gc,phases      ] GC(178)     Total                          Min: 0, Avg: 222.5, Max: 890, Diff: 890, Sum: 890, Workers: 4
[7112.930s][debug][gc,phases      ] GC(178)   ObjectSynchronizer Weak        Min:  0.0, Avg:  0.0, Max:  0.0, Diff:  0.0, Sum:  0.0, Workers: 4
[7112.930s][debug][gc,phases      ] GC(178)     Dead                           Min: 0, Avg:  0.0, Max: 0, Diff: 0, Sum: 0, Workers: 4
[7112.930s][debug][gc,phases      ] GC(178)     Total                          Min: 0, Avg:  1.5, Max: 6, Diff: 6, Sum: 6, Workers: 4
[7112.930s][debug][gc,phases      ] GC(178)   JVMTI Tag Weak OopStorage      Min:  0.0, Avg:  0.0, Max:  0.0, Diff:  0.0, Sum:  0.0, Workers: 4
[7112.930s][debug][gc,phases      ] GC(178)     Dead                           Min: 0, Avg:  0.0, Max: 0, Diff: 0, Sum: 0, Workers: 4
[7112.930s][debug][gc,phases      ] GC(178)     Total                          Min: 0, Avg:  0.0, Max: 0, Diff: 0, Sum: 0, Workers: 4
[7112.930s][debug][gc,phases      ] GC(178)   StringTable Weak               Min:  0.0, Avg:  0.1, Max:  0.1, Diff:  0.1, Sum:  0.4, Workers: 4
[7112.930s][debug][gc,phases      ] GC(178)     Dead                           Min: 0, Avg:  0.2, Max: 1, Diff: 1, Sum: 1, Workers: 4
[7112.930s][debug][gc,phases      ] GC(178)     Total                          Min: 0, Avg: 12034.5, Max: 17546, Diff: 17546, Sum: 48138, Workers: 4
[7112.930s][debug][gc,phases      ] GC(178)   ResolvedMethodTable Weak       Min:  0.0, Avg:  0.0, Max:  0.1, Diff:  0.1, Sum:  0.2, Workers: 4
[7112.930s][debug][gc,phases      ] GC(178)     Dead                           Min: 0, Avg:  4.0, Max: 15, Diff: 15, Sum: 16, Workers: 4
[7112.930s][debug][gc,phases      ] GC(178)     Total                          Min: 0, Avg: 3979.8, Max: 5756, Diff: 5756, Sum: 15919, Workers: 4
[7112.930s][debug][gc,phases      ] GC(178)   JNI Weak                       Min:  0.0, Avg:  0.0, Max:  0.0, Diff:  0.0, Sum:  0.0, Workers: 4
[7112.930s][debug][gc,phases      ] GC(178)     Dead                           Min: 0, Avg:  0.0, Max: 0, Diff: 0, Sum: 0, Workers: 4
[7112.930s][debug][gc,phases      ] GC(178)     Total                          Min: 0, Avg: 13.0, Max: 52, Diff: 52, Sum: 52, Workers: 4
[7112.930s][debug][gc,phases      ] GC(178)   StringDedup Table Weak         Min:  0.0, Avg:  0.0, Max:  0.0, Diff:  0.0, Sum:  0.0, Workers: 4
[7112.930s][debug][gc,phases      ] GC(178)     Dead                           Min: 0, Avg:  0.0, Max: 0, Diff: 0, Sum: 0, Workers: 4
[7112.930s][debug][gc,phases      ] GC(178)     Total                          Min: 0, Avg:  0.0, Max: 0, Diff: 0, Sum: 0, Workers: 4
[7112.930s][debug][gc,phases      ] GC(178)   StringDedup Requests0 Weak     Min:  0.0, Avg:  0.0, Max:  0.0, Diff:  0.0, Sum:  0.0, Workers: 4
[7112.930s][debug][gc,phases      ] GC(178)     Dead                           Min: 0, Avg:  0.0, Max: 0, Diff: 0, Sum: 0, Workers: 4
[7112.930s][debug][gc,phases      ] GC(178)     Total                          Min: 0, Avg:  0.0, Max: 0, Diff: 0, Sum: 0, Workers: 4
[7112.930s][debug][gc,phases      ] GC(178)   StringDedup Requests1 Weak     Min:  0.0, Avg:  0.0, Max:  0.0, Diff:  0.0, Sum:  0.0, Workers: 4
[7112.930s][debug][gc,phases      ] GC(178)     Dead                           Min: 0, Avg:  0.0, Max: 0, Diff: 0, Sum: 0, Workers: 4
[7112.930s][debug][gc,phases      ] GC(178)     Total                          Min: 0, Avg:  0.0, Max: 0, Diff: 0, Sum: 0, Workers: 4
[7112.930s][debug][gc,phases      ] GC(178)   Weak JFR Old Object Samples    Min:  0.0, Avg:  0.0, Max:  0.0, Diff:  0.0, Sum:  0.0, Workers: 4
[7112.930s][debug][gc,phases      ] GC(178)     Dead                           Min: 0, Avg:  0.0, Max: 0, Diff: 0, Sum: 0, Workers: 4
[7112.930s][debug][gc,phases      ] GC(178)     Total                          Min: 0, Avg:  0.0, Max: 0, Diff: 0, Sum: 0, Workers: 4
[7112.930s][debug][gc,phases      ] GC(178) Weak Processing 0.437ms
[7112.930s][debug][gc,age         ] GC(178) Desired survivor size 42467328 bytes, new threshold 1 (max threshold 15)
[7112.930s][info ][gc,heap        ] GC(178) PSYoungGen: 2071036K(2071040K)->3760K(2040320K) Eden: 2045440K(2045440K)->0K(2014208K) From: 25596K(25600K)->3760K(26112K)
[7112.930s][info ][gc,heap        ] GC(178) ParOldGen: 417335K(810496K)->443613K(810496K)
[7112.930s][info ][gc,metaspace   ] GC(178) Metaspace: 112253K(113856K)->112253K(113856K) NonClass: 95642K(96576K)->95642K(96576K) Class: 16611K(17280K)->16611K(17280K)
[7112.930s][info ][gc             ] GC(178) Pause Young (Allocation Failure) 2430M->436M(2784M) 7.917ms
[7112.930s][info ][gc,cpu         ] GC(178) User=0.03s Sys=0.00s Real=0.00s
[7112.930s][info ][safepoint      ] Safepoint "ParallelGCFailedAllocation", Time since last: 1675291147 ns, Reaching safepoint: 7600 ns, Cleanup: 4001 ns, At safepoint: 7999992 ns, Total: 8011593 ns
[7114.930s][info ][safepoint      ] Safepoint "Cleanup", Time since last: 2000165100 ns, Reaching safepoint: 7200 ns, Cleanup: 9001 ns, At safepoint: 2500 ns, Total: 18701 ns
[7117.931s][info ][safepoint      ] Safepoint "Cleanup", Time since last: 3000234825 ns, Reaching safepoint: 6400 ns, Cleanup: 8601 ns, At safepoint: 2400 ns, Total: 17401 ns
[7124.931s][info ][safepoint      ] Safepoint "Cleanup", Time since last: 7000526244 ns, Reaching safepoint: 7500 ns, Cleanup: 11000 ns, At safepoint: 2300 ns, Total: 20800 ns
[7127.931s][info ][safepoint      ] Safepoint "Cleanup", Time since last: 3000248045 ns, Reaching safepoint: 7400 ns, Cleanup: 9401 ns, At safepoint: 2500 ns, Total: 19301 ns
[7135.220s][info ][safepoint      ] Safepoint "ParallelGCFailedAllocation", Time since last: 7288403256 ns, Reaching safepoint: 84504 ns, Cleanup: 4100 ns, At safepoint: 24601 ns, Total: 113205 ns
[7135.220s][info ][gc,start       ] GC(179) Pause Young (GCLocker Initiated GC)
[7135.225s][debug][gc,phases      ] GC(179) Scavenge 5.113ms
[7135.225s][debug][gc,ref         ] GC(179) ReferenceProcessor::execute queues: 1, RefProcThreadModel::Single, marks_oops_alive: false
[7135.225s][debug][gc,ref         ] GC(179) Skipped KeepAliveFinalRefsPhase of Reference Processing: no references
[7135.225s][debug][gc,ref         ] GC(179) ReferenceProcessor::execute queues: 1, RefProcThreadModel::Single, marks_oops_alive: false
[7135.225s][debug][gc,phases      ] GC(179) Reference Processing 0.122ms
[7135.226s][debug][gc,phases      ] GC(179)   VM Weak                        Min:  0.0, Avg:  0.0, Max:  0.0, Diff:  0.0, Sum:  0.0, Workers: 4
[7135.226s][debug][gc,phases      ] GC(179)     Dead                           Min: 0, Avg:  0.0, Max: 0, Diff: 0, Sum: 0, Workers: 4
[7135.226s][debug][gc,phases      ] GC(179)     Total                          Min: 0, Avg: 222.5, Max: 659, Diff: 659, Sum: 890, Workers: 4
[7135.226s][debug][gc,phases      ] GC(179)   ObjectSynchronizer Weak        Min:  0.0, Avg:  0.0, Max:  0.0, Diff:  0.0, Sum:  0.0, Workers: 4
[7135.226s][debug][gc,phases      ] GC(179)     Dead                           Min: 0, Avg:  0.0, Max: 0, Diff: 0, Sum: 0, Workers: 4
[7135.226s][debug][gc,phases      ] GC(179)     Total                          Min: 0, Avg:  1.5, Max: 6, Diff: 6, Sum: 6, Workers: 4
[7135.226s][debug][gc,phases      ] GC(179)   JVMTI Tag Weak OopStorage      Min:  0.0, Avg:  0.0, Max:  0.0, Diff:  0.0, Sum:  0.0, Workers: 4
[7135.226s][debug][gc,phases      ] GC(179)     Dead                           Min: 0, Avg:  0.0, Max: 0, Diff: 0, Sum: 0, Workers: 4
[7135.226s][debug][gc,phases      ] GC(179)     Total                          Min: 0, Avg:  0.0, Max: 0, Diff: 0, Sum: 0, Workers: 4
[7135.226s][debug][gc,phases      ] GC(179)   StringTable Weak               Min:  0.0, Avg:  0.1, Max:  0.1, Diff:  0.1, Sum:  0.4, Workers: 4
[7135.226s][debug][gc,phases      ] GC(179)     Dead                           Min: 0, Avg:  0.0, Max: 0, Diff: 0, Sum: 0, Workers: 4
[7135.226s][debug][gc,phases      ] GC(179)     Total                          Min: 0, Avg: 12034.5, Max: 18112, Diff: 18112, Sum: 48138, Workers: 4
[7135.226s][debug][gc,phases      ] GC(179)   ResolvedMethodTable Weak       Min:  0.0, Avg:  0.0, Max:  0.1, Diff:  0.1, Sum:  0.2, Workers: 4
[7135.226s][debug][gc,phases      ] GC(179)     Dead                           Min: 0, Avg:  4.0, Max: 15, Diff: 15, Sum: 16, Workers: 4
[7135.226s][debug][gc,phases      ] GC(179)     Total                          Min: 0, Avg: 3979.8, Max: 5790, Diff: 5790, Sum: 15919, Workers: 4
[7135.226s][debug][gc,phases      ] GC(179)   JNI Weak                       Min:  0.0, Avg:  0.0, Max:  0.0, Diff:  0.0, Sum:  0.0, Workers: 4
[7135.226s][debug][gc,phases      ] GC(179)     Dead                           Min: 0, Avg:  0.0, Max: 0, Diff: 0, Sum: 0, Workers: 4
[7135.226s][debug][gc,phases      ] GC(179)     Total                          Min: 0, Avg: 13.0, Max: 52, Diff: 52, Sum: 52, Workers: 4
[7135.226s][debug][gc,phases      ] GC(179)   StringDedup Table Weak         Min:  0.0, Avg:  0.0, Max:  0.0, Diff:  0.0, Sum:  0.0, Workers: 4
[7135.226s][debug][gc,phases      ] GC(179)     Dead                           Min: 0, Avg:  0.0, Max: 0, Diff: 0, Sum: 0, Workers: 4
[7135.226s][debug][gc,phases      ] GC(179)     Total                          Min: 0, Avg:  0.0, Max: 0, Diff: 0, Sum: 0, Workers: 4
[7135.226s][debug][gc,phases      ] GC(179)   StringDedup Requests0 Weak     Min:  0.0, Avg:  0.0, Max:  0.0, Diff:  0.0, Sum:  0.0, Workers: 4
[7135.226s][debug][gc,phases      ] GC(179)     Dead                           Min: 0, Avg:  0.0, Max: 0, Diff: 0, Sum: 0, Workers: 4
[7135.226s][debug][gc,phases      ] GC(179)     Total                          Min: 0, Avg:  0.0, Max: 0, Diff: 0, Sum: 0, Workers: 4
[7135.226s][debug][gc,phases      ] GC(179)   StringDedup Requests1 Weak     Min:  0.0, Avg:  0.0, Max:  0.0, Diff:  0.0, Sum:  0.0, Workers: 4
[7135.226s][debug][gc,phases      ] GC(179)     Dead                           Min: 0, Avg:  0.0, Max: 0, Diff: 0, Sum: 0, Workers: 4
[7135.226s][debug][gc,phases      ] GC(179)     Total                          Min: 0, Avg:  0.0, Max: 0, Diff: 0, Sum: 0, Workers: 4
[7135.226s][debug][gc,phases      ] GC(179)   Weak JFR Old Object Samples    Min:  0.0, Avg:  0.0, Max:  0.0, Diff:  0.0, Sum:  0.0, Workers: 4
[7135.226s][debug][gc,phases      ] GC(179)     Dead                           Min: 0, Avg:  0.0, Max: 0, Diff: 0, Sum: 0, Workers: 4
[7135.226s][debug][gc,phases      ] GC(179)     Total                          Min: 0, Avg:  0.0, Max: 0, Diff: 0, Sum: 0, Workers: 4
[7135.226s][debug][gc,phases      ] GC(179) Weak Processing 0.442ms
[7135.226s][debug][gc,age         ] GC(179) Desired survivor size 40370176 bytes, new threshold 1 (max threshold 15)
[7135.226s][info ][gc,heap        ] GC(179) PSYoungGen: 2017797K(2040320K)->8531K(2055680K) Eden: 2014036K(2014208K)->0K(2014208K) From: 3760K(26112K)->8531K(41472K)
[7135.226s][info ][gc,heap        ] GC(179) ParOldGen: 443869K(810496K)->444889K(810496K)
[7135.226s][info ][gc,metaspace   ] GC(179) Metaspace: 112257K(113856K)->112257K(113856K) NonClass: 95645K(96576K)->95645K(96576K) Class: 16611K(17280K)->16611K(17280K)
[7135.226s][info ][gc             ] GC(179) Pause Young (GCLocker Initiated GC) 2403M->442M(2799M) 5.798ms
[7135.226s][info ][gc,cpu         ] GC(179) User=0.02s Sys=0.00s Real=0.00s
[7135.226s][info ][safepoint      ] Safepoint "ParallelGCSystemGC", Time since last: 83604 ns, Reaching safepoint: 74304 ns, Cleanup: 900 ns, At safepoint: 5879368 ns, Total: 5954572 ns
[7136.226s][info ][safepoint      ] Safepoint "Cleanup", Time since last: 1000088473 ns, Reaching safepoint: 85603 ns, Cleanup: 9501 ns, At safepoint: 19401 ns, Total: 114505 ns
[7151.452s][info ][safepoint      ] Safepoint "Cleanup", Time since last: 15225883559 ns, Reaching safepoint: 87904 ns, Cleanup: 11600 ns, At safepoint: 14301 ns, Total: 113805 ns
[7159.453s][info ][safepoint      ] Safepoint "Cleanup", Time since last: 8000657577 ns, Reaching safepoint: 79904 ns, Cleanup: 13900 ns, At safepoint: 6501 ns, Total: 100305 ns
[7159.806s][info ][gc,start       ] GC(180) Pause Young (Allocation Failure)
[7159.813s][debug][gc,phases      ] GC(180) Scavenge 6.502ms
[7159.813s][debug][gc,ref         ] GC(180) ReferenceProcessor::execute queues: 1, RefProcThreadModel::Single, marks_oops_alive: false
[7159.813s][debug][gc,ref         ] GC(180) Skipped KeepAliveFinalRefsPhase of Reference Processing: no references
[7159.813s][debug][gc,ref         ] GC(180) Skipped PhantomRefsPhase of Reference Processing: no references
[7159.813s][debug][gc,phases      ] GC(180) Reference Processing 0.133ms
[7159.813s][debug][gc,phases      ] GC(180)   VM Weak                        Min:  0.0, Avg:  0.0, Max:  0.0, Diff:  0.0, Sum:  0.0, Workers: 4
[7159.813s][debug][gc,phases      ] GC(180)     Dead                           Min: 0, Avg:  0.0, Max: 0, Diff: 0, Sum: 0, Workers: 4
[7159.813s][debug][gc,phases      ] GC(180)     Total                          Min: 0, Avg: 222.5, Max: 642, Diff: 642, Sum: 890, Workers: 4
[7159.813s][debug][gc,phases      ] GC(180)   ObjectSynchronizer Weak        Min:  0.0, Avg:  0.0, Max:  0.0, Diff:  0.0, Sum:  0.0, Workers: 4
[7159.813s][debug][gc,phases      ] GC(180)     Dead                           Min: 0, Avg:  0.0, Max: 0, Diff: 0, Sum: 0, Workers: 4
[7159.813s][debug][gc,phases      ] GC(180)     Total                          Min: 0, Avg:  1.0, Max: 4, Diff: 4, Sum: 4, Workers: 4
[7159.813s][debug][gc,phases      ] GC(180)   JVMTI Tag Weak OopStorage      Min:  0.0, Avg:  0.0, Max:  0.0, Diff:  0.0, Sum:  0.0, Workers: 4
[7159.813s][debug][gc,phases      ] GC(180)     Dead                           Min: 0, Avg:  0.0, Max: 0, Diff: 0, Sum: 0, Workers: 4
[7159.813s][debug][gc,phases      ] GC(180)     Total                          Min: 0, Avg:  0.0, Max: 0, Diff: 0, Sum: 0, Workers: 4
[7159.813s][debug][gc,phases      ] GC(180)   StringTable Weak               Min:  0.0, Avg:  0.1, Max:  0.1, Diff:  0.1, Sum:  0.4, Workers: 4
[7159.813s][debug][gc,phases      ] GC(180)     Dead                           Min: 0, Avg:  0.0, Max: 0, Diff: 0, Sum: 0, Workers: 4
[7159.813s][debug][gc,phases      ] GC(180)     Total                          Min: 0, Avg: 12034.5, Max: 16842, Diff: 16842, Sum: 48138, Workers: 4
[7159.813s][debug][gc,phases      ] GC(180)   ResolvedMethodTable Weak       Min:  0.0, Avg:  0.0, Max:  0.1, Diff:  0.1, Sum:  0.2, Workers: 4
[7159.813s][debug][gc,phases      ] GC(180)     Dead                           Min: 0, Avg:  4.0, Max: 9, Diff: 9, Sum: 16, Workers: 4
[7159.813s][debug][gc,phases      ] GC(180)     Total                          Min: 0, Avg: 3979.8, Max: 6173, Diff: 6173, Sum: 15919, Workers: 4
[7159.813s][debug][gc,phases      ] GC(180)   JNI Weak                       Min:  0.0, Avg:  0.0, Max:  0.0, Diff:  0.0, Sum:  0.0, Workers: 4
[7159.813s][debug][gc,phases      ] GC(180)     Dead                           Min: 0, Avg:  0.0, Max: 0, Diff: 0, Sum: 0, Workers: 4
[7159.813s][debug][gc,phases      ] GC(180)     Total                          Min: 0, Avg: 13.0, Max: 52, Diff: 52, Sum: 52, Workers: 4
[7159.813s][debug][gc,phases      ] GC(180)   StringDedup Table Weak         Min:  0.0, Avg:  0.0, Max:  0.0, Diff:  0.0, Sum:  0.0, Workers: 4
[7159.813s][debug][gc,phases      ] GC(180)     Dead                           Min: 0, Avg:  0.0, Max: 0, Diff: 0, Sum: 0, Workers: 4
[7159.813s][debug][gc,phases      ] GC(180)     Total                          Min: 0, Avg:  0.0, Max: 0, Diff: 0, Sum: 0, Workers: 4
[7159.813s][debug][gc,phases      ] GC(180)   StringDedup Requests0 Weak     Min:  0.0, Avg:  0.0, Max:  0.0, Diff:  0.0, Sum:  0.0, Workers: 4
[7159.813s][debug][gc,phases      ] GC(180)     Dead                           Min: 0, Avg:  0.0, Max: 0, Diff: 0, Sum: 0, Workers: 4
[7159.813s][debug][gc,phases      ] GC(180)     Total                          Min: 0, Avg:  0.0, Max: 0, Diff: 0, Sum: 0, Workers: 4
[7159.813s][debug][gc,phases      ] GC(180)   StringDedup Requests1 Weak     Min:  0.0, Avg:  0.0, Max:  0.0, Diff:  0.0, Sum:  0.0, Workers: 4
[7159.813s][debug][gc,phases      ] GC(180)     Dead                           Min: 0, Avg:  0.0, Max: 0, Diff: 0, Sum: 0, Workers: 4
[7159.813s][debug][gc,phases      ] GC(180)     Total                          Min: 0, Avg:  0.0, Max: 0, Diff: 0, Sum: 0, Workers: 4
[7159.813s][debug][gc,phases      ] GC(180)   Weak JFR Old Object Samples    Min:  0.0, Avg:  0.0, Max:  0.0, Diff:  0.0, Sum:  0.0, Workers: 4
[7159.813s][debug][gc,phases      ] GC(180)     Dead                           Min: 0, Avg:  0.0, Max: 0, Diff: 0, Sum: 0, Workers: 4
[7159.813s][debug][gc,phases      ] GC(180)     Total                          Min: 0, Avg:  0.0, Max: 0, Diff: 0, Sum: 0, Workers: 4
[7159.813s][debug][gc,phases      ] GC(180) Weak Processing 0.461ms
[7159.813s][debug][gc,age         ] GC(180) Desired survivor size 38797312 bytes, new threshold 1 (max threshold 15)
[7159.813s][info ][gc,heap        ] GC(180) PSYoungGen: 2022739K(2055680K)->7072K(2059264K) Eden: 2014208K(2014208K)->0K(2019840K) From: 8531K(41472K)->7072K(39424K)
[7159.813s][info ][gc,heap        ] GC(180) ParOldGen: 444891K(810496K)->449024K(810496K)
[7159.813s][info ][gc,metaspace   ] GC(180) Metaspace: 112259K(113856K)->112259K(113856K) NonClass: 95647K(96576K)->95647K(96576K) Class: 16611K(17280K)->16611K(17280K)
[7159.813s][info ][gc             ] GC(180) Pause Young (Allocation Failure) 2409M->445M(2802M) 7.250ms
[7159.814s][info ][gc,cpu         ] GC(180) User=0.02s Sys=0.00s Real=0.01s
[7159.814s][info ][safepoint      ] Safepoint "ParallelGCFailedAllocation", Time since last: 353185358 ns, Reaching safepoint: 7901 ns, Cleanup: 4700 ns, At safepoint: 7335606 ns, Total: 7348207 ns
[7168.814s][info ][safepoint      ] Safepoint "Cleanup", Time since last: 9000666247 ns, Reaching safepoint: 8200 ns, Cleanup: 13801 ns, At safepoint: 2500 ns, Total: 24501 ns
[7170.814s][info ][safepoint      ] Safepoint "Cleanup", Time since last: 2000189304 ns, Reaching safepoint: 8100 ns, Cleanup: 13601 ns, At safepoint: 2700 ns, Total: 24401 ns
[7174.815s][info ][safepoint      ] Safepoint "Cleanup", Time since last: 4000324656 ns, Reaching safepoint: 8301 ns, Cleanup: 12200 ns, At safepoint: 3000 ns, Total: 23501 ns
[7175.815s][info ][safepoint      ] Safepoint "Cleanup", Time since last: 1000125076 ns, Reaching safepoint: 85403 ns, Cleanup: 9601 ns, At safepoint: 9700 ns, Total: 104704 ns
[7176.815s][info ][safepoint      ] Safepoint "Cleanup", Time since last: 1000106375 ns, Reaching safepoint: 8300 ns, Cleanup: 9800 ns, At safepoint: 3401 ns, Total: 21501 ns
[7178.815s][info ][safepoint      ] Safepoint "Cleanup", Time since last: 2000215355 ns, Reaching safepoint: 7901 ns, Cleanup: 17900 ns, At safepoint: 30301 ns, Total: 56102 ns
[7179.662s][info ][gc,start       ] GC(181) Pause Young (Allocation Failure)
[7179.676s][debug][gc,phases      ] GC(181) Scavenge 13.598ms
[7179.676s][debug][gc,ref         ] GC(181) ReferenceProcessor::execute queues: 1, RefProcThreadModel::Single, marks_oops_alive: false
[7179.676s][debug][gc,ref         ] GC(181) Skipped KeepAliveFinalRefsPhase of Reference Processing: no references
[7179.676s][debug][gc,ref         ] GC(181) ReferenceProcessor::execute queues: 1, RefProcThreadModel::Single, marks_oops_alive: false
[7179.676s][debug][gc,phases      ] GC(181) Reference Processing 0.136ms
[7179.676s][debug][gc,phases      ] GC(181)   VM Weak                        Min:  0.0, Avg:  0.0, Max:  0.0, Diff:  0.0, Sum:  0.0, Workers: 4
[7179.676s][debug][gc,phases      ] GC(181)     Dead                           Min: 0, Avg:  0.0, Max: 0, Diff: 0, Sum: 0, Workers: 4
[7179.676s][debug][gc,phases      ] GC(181)     Total                          Min: 0, Avg: 223.0, Max: 425, Diff: 425, Sum: 892, Workers: 4
[7179.676s][debug][gc,phases      ] GC(181)   ObjectSynchronizer Weak        Min:  0.0, Avg:  0.0, Max:  0.0, Diff:  0.0, Sum:  0.0, Workers: 4
[7179.676s][debug][gc,phases      ] GC(181)     Dead                           Min: 0, Avg:  0.0, Max: 0, Diff: 0, Sum: 0, Workers: 4
[7179.676s][debug][gc,phases      ] GC(181)     Total                          Min: 0, Avg:  1.5, Max: 6, Diff: 6, Sum: 6, Workers: 4
[7179.676s][debug][gc,phases      ] GC(181)   JVMTI Tag Weak OopStorage      Min:  0.0, Avg:  0.0, Max:  0.0, Diff:  0.0, Sum:  0.0, Workers: 4
[7179.676s][debug][gc,phases      ] GC(181)     Dead                           Min: 0, Avg:  0.0, Max: 0, Diff: 0, Sum: 0, Workers: 4
[7179.676s][debug][gc,phases      ] GC(181)     Total                          Min: 0, Avg:  0.0, Max: 0, Diff: 0, Sum: 0, Workers: 4
[7179.676s][debug][gc,phases      ] GC(181)   StringTable Weak               Min:  0.0, Avg:  0.1, Max:  0.1, Diff:  0.1, Sum:  0.4, Workers: 4
[7179.676s][debug][gc,phases      ] GC(181)     Dead                           Min: 0, Avg:  0.2, Max: 1, Diff: 1, Sum: 1, Workers: 4
[7179.676s][debug][gc,phases      ] GC(181)     Total                          Min: 0, Avg: 12037.2, Max: 17023, Diff: 17023, Sum: 48149, Workers: 4
[7179.676s][debug][gc,phases      ] GC(181)   ResolvedMethodTable Weak       Min:  0.0, Avg:  0.0, Max:  0.1, Diff:  0.1, Sum:  0.2, Workers: 4
[7179.676s][debug][gc,phases      ] GC(181)     Dead                           Min: 0, Avg:  0.5, Max: 2, Diff: 2, Sum: 2, Workers: 4
[7179.676s][debug][gc,phases      ] GC(181)     Total                          Min: 0, Avg: 3985.2, Max: 5563, Diff: 5563, Sum: 15941, Workers: 4
[7179.676s][debug][gc,phases      ] GC(181)   JNI Weak                       Min:  0.0, Avg:  0.0, Max:  0.0, Diff:  0.0, Sum:  0.0, Workers: 4
[7179.676s][debug][gc,phases      ] GC(181)     Dead                           Min: 0, Avg:  0.0, Max: 0, Diff: 0, Sum: 0, Workers: 4
[7179.676s][debug][gc,phases      ] GC(181)     Total                          Min: 0, Avg: 13.0, Max: 52, Diff: 52, Sum: 52, Workers: 4
[7179.676s][debug][gc,phases      ] GC(181)   StringDedup Table Weak         Min:  0.0, Avg:  0.0, Max:  0.0, Diff:  0.0, Sum:  0.0, Workers: 4
[7179.676s][debug][gc,phases      ] GC(181)     Dead                           Min: 0, Avg:  0.0, Max: 0, Diff: 0, Sum: 0, Workers: 4
[7179.676s][debug][gc,phases      ] GC(181)     Total                          Min: 0, Avg:  0.0, Max: 0, Diff: 0, Sum: 0, Workers: 4
[7179.676s][debug][gc,phases      ] GC(181)   StringDedup Requests0 Weak     Min:  0.0, Avg:  0.0, Max:  0.0, Diff:  0.0, Sum:  0.0, Workers: 4
[7179.676s][debug][gc,phases      ] GC(181)     Dead                           Min: 0, Avg:  0.0, Max: 0, Diff: 0, Sum: 0, Workers: 4
[7179.676s][debug][gc,phases      ] GC(181)     Total                          Min: 0, Avg:  0.0, Max: 0, Diff: 0, Sum: 0, Workers: 4
[7179.676s][debug][gc,phases      ] GC(181)   StringDedup Requests1 Weak     Min:  0.0, Avg:  0.0, Max:  0.0, Diff:  0.0, Sum:  0.0, Workers: 4
[7179.676s][debug][gc,phases      ] GC(181)     Dead                           Min: 0, Avg:  0.0, Max: 0, Diff: 0, Sum: 0, Workers: 4
[7179.676s][debug][gc,phases      ] GC(181)     Total                          Min: 0, Avg:  0.0, Max: 0, Diff: 0, Sum: 0, Workers: 4
[7179.676s][debug][gc,phases      ] GC(181)   Weak JFR Old Object Samples    Min:  0.0, Avg:  0.0, Max:  0.0, Diff:  0.0, Sum:  0.0, Workers: 4
[7179.676s][debug][gc,phases      ] GC(181)     Dead                           Min: 0, Avg:  0.0, Max: 0, Diff: 0, Sum: 0, Workers: 4
[7179.676s][debug][gc,phases      ] GC(181)     Total                          Min: 0, Avg:  0.0, Max: 0, Diff: 0, Sum: 0, Workers: 4
[7179.676s][debug][gc,phases      ] GC(181) Weak Processing 0.450ms
[7179.676s][debug][gc,age         ] GC(181) Desired survivor size 38797312 bytes, new threshold 1 (max threshold 15)
[7179.676s][info ][gc,heap        ] GC(181) PSYoungGen: 2026912K(2059264K)->19904K(2057728K) Eden: 2019840K(2019840K)->0K(2019840K) From: 7072K(39424K)->19904K(37888K)
[7179.676s][info ][gc,heap        ] GC(181) ParOldGen: 449024K(810496K)->452652K(810496K)
[7179.676s][info ][gc,metaspace   ] GC(181) Metaspace: 112306K(113856K)->112306K(113856K) NonClass: 95686K(96576K)->95686K(96576K) Class: 16619K(17280K)->16619K(17280K)
[7179.676s][info ][gc             ] GC(181) Pause Young (Allocation Failure) 2417M->461M(2801M) 14.374ms
[7179.676s][info ][gc,cpu         ] GC(181) User=0.05s Sys=0.00s Real=0.01s
[7179.676s][info ][safepoint      ] Safepoint "ParallelGCFailedAllocation", Time since last: 846548092 ns, Reaching safepoint: 7800 ns, Cleanup: 4700 ns, At safepoint: 14463614 ns, Total: 14476114 ns
[7180.677s][info ][safepoint      ] Safepoint "Cleanup", Time since last: 1000087249 ns, Reaching safepoint: 7601 ns, Cleanup: 30301 ns, At safepoint: 2900 ns, Total: 40802 ns
[7184.421s][info ][safepoint      ] Safepoint "Cleanup", Time since last: 3744566885 ns, Reaching safepoint: 4800 ns, Cleanup: 14601 ns, At safepoint: 6000 ns, Total: 25401 ns
[7185.353s][info ][safepoint      ] Safepoint "ICBufferFull", Time since last: 931864590 ns, Reaching safepoint: 7200 ns, Cleanup: 170407 ns, At safepoint: 3300 ns, Total: 180907 ns
[7186.353s][info ][safepoint      ] Safepoint "Cleanup", Time since last: 1000125377 ns, Reaching safepoint: 83903 ns, Cleanup: 74902 ns, At safepoint: 7400 ns, Total: 166205 ns
[7187.354s][info ][safepoint      ] Safepoint "Cleanup", Time since last: 1000147326 ns, Reaching safepoint: 81502 ns, Cleanup: 29101 ns, At safepoint: 7500 ns, Total: 118103 ns
[7188.354s][info ][safepoint      ] Safepoint "Cleanup", Time since last: 1000116025 ns, Reaching safepoint: 79902 ns, Cleanup: 33901 ns, At safepoint: 7501 ns, Total: 121304 ns
[7189.354s][info ][safepoint      ] Safepoint "Cleanup", Time since last: 1000119525 ns, Reaching safepoint: 81602 ns, Cleanup: 14500 ns, At safepoint: 7300 ns, Total: 103402 ns
[7190.354s][info ][safepoint      ] Safepoint "Cleanup", Time since last: 1000124065 ns, Reaching safepoint: 84003 ns, Cleanup: 15001 ns, At safepoint: 6700 ns, Total: 105704 ns
[7191.355s][info ][safepoint      ] Safepoint "Cleanup", Time since last: 1000127857 ns, Reaching safepoint: 81403 ns, Cleanup: 16901 ns, At safepoint: 7500 ns, Total: 105804 ns
[7192.355s][info ][safepoint      ] Safepoint "Cleanup", Time since last: 1000143658 ns, Reaching safepoint: 88403 ns, Cleanup: 16401 ns, At safepoint: 7600 ns, Total: 112404 ns
[7195.355s][info ][safepoint      ] Safepoint "Cleanup", Time since last: 3000292392 ns, Reaching safepoint: 81103 ns, Cleanup: 10600 ns, At safepoint: 6400 ns, Total: 98103 ns
[7196.356s][info ][safepoint      ] Safepoint "Cleanup", Time since last: 1000121855 ns, Reaching safepoint: 80703 ns, Cleanup: 13801 ns, At safepoint: 6900 ns, Total: 101404 ns
[7197.356s][info ][safepoint      ] Safepoint "Cleanup", Time since last: 1000128355 ns, Reaching safepoint: 86203 ns, Cleanup: 17901 ns, At safepoint: 7300 ns, Total: 111404 ns
[7199.939s][info ][gc,start       ] GC(182) Pause Young (Allocation Failure)
[7199.965s][debug][gc,phases      ] GC(182) Scavenge 25.900ms
[7199.965s][debug][gc,ref         ] GC(182) ReferenceProcessor::execute queues: 1, RefProcThreadModel::Single, marks_oops_alive: false
[7199.965s][debug][gc,ref         ] GC(182) Skipped KeepAliveFinalRefsPhase of Reference Processing: no references
[7199.965s][debug][gc,ref         ] GC(182) ReferenceProcessor::execute queues: 1, RefProcThreadModel::Single, marks_oops_alive: false
[7199.965s][debug][gc,phases      ] GC(182) Reference Processing 0.161ms
[7199.966s][debug][gc,phases      ] GC(182)   VM Weak                        Min:  0.0, Avg:  0.0, Max:  0.0, Diff:  0.0, Sum:  0.0, Workers: 4
[7199.966s][debug][gc,phases      ] GC(182)     Dead                           Min: 0, Avg:  0.0, Max: 0, Diff: 0, Sum: 0, Workers: 4
[7199.966s][debug][gc,phases      ] GC(182)     Total                          Min: 0, Avg: 226.5, Max: 489, Diff: 489, Sum: 906, Workers: 4
[7199.966s][debug][gc,phases      ] GC(182)   ObjectSynchronizer Weak        Min:  0.0, Avg:  0.0, Max:  0.0, Diff:  0.0, Sum:  0.0, Workers: 4
[7199.966s][debug][gc,phases      ] GC(182)     Dead                           Min: 0, Avg:  0.0, Max: 0, Diff: 0, Sum: 0, Workers: 4
[7199.966s][debug][gc,phases      ] GC(182)     Total                          Min: 0, Avg:  2.0, Max: 8, Diff: 8, Sum: 8, Workers: 4
[7199.966s][debug][gc,phases      ] GC(182)   JVMTI Tag Weak OopStorage      Min:  0.0, Avg:  0.0, Max:  0.0, Diff:  0.0, Sum:  0.0, Workers: 4
[7199.966s][debug][gc,phases      ] GC(182)     Dead                           Min: 0, Avg:  0.0, Max: 0, Diff: 0, Sum: 0, Workers: 4
[7199.966s][debug][gc,phases      ] GC(182)     Total                          Min: 0, Avg:  0.0, Max: 0, Diff: 0, Sum: 0, Workers: 4
[7199.966s][debug][gc,phases      ] GC(182)   StringTable Weak               Min:  0.1, Avg:  0.1, Max:  0.1, Diff:  0.0, Sum:  0.5, Workers: 4
[7199.966s][debug][gc,phases      ] GC(182)     Dead                           Min: 0, Avg:  1.0, Max: 4, Diff: 4, Sum: 4, Workers: 4
[7199.966s][debug][gc,phases      ] GC(182)     Total                          Min: 11245, Avg: 12075.2, Max: 12480, Diff: 1235, Sum: 48301, Workers: 4
[7199.966s][debug][gc,phases      ] GC(182)   ResolvedMethodTable Weak       Min:  0.0, Avg:  0.0, Max:  0.1, Diff:  0.0, Sum:  0.2, Workers: 4
[7199.966s][debug][gc,phases      ] GC(182)     Dead                           Min: 3, Avg: 15.2, Max: 26, Diff: 23, Sum: 61, Workers: 4
[7199.966s][debug][gc,phases      ] GC(182)     Total                          Min: 3802, Avg: 4036.5, Max: 4233, Diff: 431, Sum: 16146, Workers: 4
[7199.966s][debug][gc,phases      ] GC(182)   JNI Weak                       Min:  0.0, Avg:  0.0, Max:  0.0, Diff:  0.0, Sum:  0.0, Workers: 4
[7199.966s][debug][gc,phases      ] GC(182)     Dead                           Min: 0, Avg:  0.0, Max: 0, Diff: 0, Sum: 0, Workers: 4
[7199.966s][debug][gc,phases      ] GC(182)     Total                          Min: 0, Avg: 13.0, Max: 52, Diff: 52, Sum: 52, Workers: 4
[7199.966s][debug][gc,phases      ] GC(182)   StringDedup Table Weak         Min:  0.0, Avg:  0.0, Max:  0.0, Diff:  0.0, Sum:  0.0, Workers: 4
[7199.966s][debug][gc,phases      ] GC(182)     Dead                           Min: 0, Avg:  0.0, Max: 0, Diff: 0, Sum: 0, Workers: 4
[7199.966s][debug][gc,phases      ] GC(182)     Total                          Min: 0, Avg:  0.0, Max: 0, Diff: 0, Sum: 0, Workers: 4
[7199.966s][debug][gc,phases      ] GC(182)   StringDedup Requests0 Weak     Min:  0.0, Avg:  0.0, Max:  0.0, Diff:  0.0, Sum:  0.0, Workers: 4
[7199.966s][debug][gc,phases      ] GC(182)     Dead                           Min: 0, Avg:  0.0, Max: 0, Diff: 0, Sum: 0, Workers: 4
[7199.966s][debug][gc,phases      ] GC(182)     Total                          Min: 0, Avg:  0.0, Max: 0, Diff: 0, Sum: 0, Workers: 4
[7199.966s][debug][gc,phases      ] GC(182)   StringDedup Requests1 Weak     Min:  0.0, Avg:  0.0, Max:  0.0, Diff:  0.0, Sum:  0.0, Workers: 4
[7199.966s][debug][gc,phases      ] GC(182)     Dead                           Min: 0, Avg:  0.0, Max: 0, Diff: 0, Sum: 0, Workers: 4
[7199.966s][debug][gc,phases      ] GC(182)     Total                          Min: 0, Avg:  0.0, Max: 0, Diff: 0, Sum: 0, Workers: 4
[7199.966s][debug][gc,phases      ] GC(182)   Weak JFR Old Object Samples    Min:  0.0, Avg:  0.0, Max:  0.0, Diff:  0.0, Sum:  0.0, Workers: 4
[7199.966s][debug][gc,phases      ] GC(182)     Dead                           Min: 0, Avg:  0.0, Max: 0, Diff: 0, Sum: 0, Workers: 4
[7199.966s][debug][gc,phases      ] GC(182)     Total                          Min: 0, Avg:  0.0, Max: 0, Diff: 0, Sum: 0, Workers: 4
[7199.966s][debug][gc,phases      ] GC(182) Weak Processing 0.434ms
[7199.966s][debug][gc,age         ] GC(182) Desired survivor size 59244544 bytes, new threshold 1 (max threshold 15)
[7199.966s][info ][gc,heap        ] GC(182) PSYoungGen: 2039744K(2057728K)->37857K(2019328K) Eden: 2019840K(2019840K)->0K(1981440K) From: 19904K(37888K)->37857K(37888K)
[7199.966s][info ][gc,heap        ] GC(182) ParOldGen: 452652K(810496K)->488516K(810496K)
[7199.966s][info ][gc,metaspace   ] GC(182) Metaspace: 112761K(113984K)->112761K(113984K) NonClass: 96032K(96704K)->96032K(96704K) Class: 16729K(17280K)->16729K(17280K)
[7199.966s][info ][gc             ] GC(182) Pause Young (Allocation Failure) 2433M->514M(2763M) 26.646ms
[7199.966s][info ][gc,cpu         ] GC(182) User=0.10s Sys=0.00s Real=0.03s
[7199.966s][info ][safepoint      ] Safepoint "ParallelGCFailedAllocation", Time since last: 2583390183 ns, Reaching safepoint: 12601 ns, Cleanup: 15200 ns, At safepoint: 26745880 ns, Total: 26773681 ns
[7200.966s][info ][safepoint      ] Safepoint "Cleanup", Time since last: 1000087054 ns, Reaching safepoint: 9501 ns, Cleanup: 12400 ns, At safepoint: 2500 ns, Total: 24401 ns
[7201.966s][info ][safepoint      ] Safepoint "Cleanup", Time since last: 1000127944 ns, Reaching safepoint: 8101 ns, Cleanup: 15400 ns, At safepoint: 2400 ns, Total: 25901 ns
[7203.470s][info ][safepoint      ] Safepoint "Cleanup", Time since last: 1503367193 ns, Reaching safepoint: 7000 ns, Cleanup: 13001 ns, At safepoint: 2600 ns, Total: 22601 ns
[7205.470s][info ][safepoint      ] Safepoint "Cleanup", Time since last: 2000177826 ns, Reaching safepoint: 8301 ns, Cleanup: 9600 ns, At safepoint: 3000 ns, Total: 20901 ns
[7209.470s][info ][safepoint      ] Safepoint "Cleanup", Time since last: 4000326777 ns, Reaching safepoint: 8000 ns, Cleanup: 14601 ns, At safepoint: 2800 ns, Total: 25401 ns
[7210.470s][info ][safepoint      ] Safepoint "Cleanup", Time since last: 1000146892 ns, Reaching safepoint: 96603 ns, Cleanup: 48701 ns, At safepoint: 16200 ns, Total: 161504 ns
[7211.471s][info ][safepoint      ] Safepoint "Cleanup", Time since last: 1000133892 ns, Reaching safepoint: 82802 ns, Cleanup: 13101 ns, At safepoint: 10400 ns, Total: 106303 ns
[7212.471s][info ][safepoint      ] Safepoint "Cleanup", Time since last: 1000114591 ns, Reaching safepoint: 7800 ns, Cleanup: 14801 ns, At safepoint: 2900 ns, Total: 25501 ns
[7213.471s][info ][safepoint      ] Safepoint "Cleanup", Time since last: 1000118991 ns, Reaching safepoint: 83002 ns, Cleanup: 20601 ns, At safepoint: 6800 ns, Total: 110403 ns
[7214.471s][info ][safepoint      ] Safepoint "Cleanup", Time since last: 1000109222 ns, Reaching safepoint: 8500 ns, Cleanup: 23301 ns, At safepoint: 2700 ns, Total: 34501 ns
[7215.471s][info ][safepoint      ] Safepoint "Cleanup", Time since last: 1000113036 ns, Reaching safepoint: 6901 ns, Cleanup: 12800 ns, At safepoint: 2800 ns, Total: 22501 ns
[7216.471s][info ][safepoint      ] Safepoint "Cleanup", Time since last: 1000105237 ns, Reaching safepoint: 7700 ns, Cleanup: 16700 ns, At safepoint: 3001 ns, Total: 27401 ns
[7217.472s][info ][safepoint      ] Safepoint "Cleanup", Time since last: 1000116508 ns, Reaching safepoint: 8601 ns, Cleanup: 19400 ns, At safepoint: 2800 ns, Total: 30801 ns
[7219.472s][info ][safepoint      ] Safepoint "Cleanup", Time since last: 2000185890 ns, Reaching safepoint: 8400 ns, Cleanup: 10100 ns, At safepoint: 2900 ns, Total: 21400 ns
[7220.472s][info ][safepoint      ] Safepoint "Cleanup", Time since last: 1000121646 ns, Reaching safepoint: 7500 ns, Cleanup: 9601 ns, At safepoint: 2800 ns, Total: 19901 ns
[7221.472s][info ][safepoint      ] Safepoint "Cleanup", Time since last: 1000114045 ns, Reaching safepoint: 80403 ns, Cleanup: 9800 ns, At safepoint: 6400 ns, Total: 96603 ns
[7222.157s][info ][gc,start       ] GC(183) Pause Young (Allocation Failure)
[7222.178s][debug][gc,phases      ] GC(183) Scavenge 20.515ms
[7222.178s][debug][gc,ref         ] GC(183) ReferenceProcessor::execute queues: 1, RefProcThreadModel::Single, marks_oops_alive: false
[7222.178s][debug][gc,ref         ] GC(183) Skipped KeepAliveFinalRefsPhase of Reference Processing: no references
[7222.178s][debug][gc,ref         ] GC(183) Skipped PhantomRefsPhase of Reference Processing: no references
[7222.178s][debug][gc,phases      ] GC(183) Reference Processing 0.137ms
[7222.178s][debug][gc,phases      ] GC(183)   VM Weak                        Min:  0.0, Avg:  0.0, Max:  0.0, Diff:  0.0, Sum:  0.0, Workers: 4
[7222.178s][debug][gc,phases      ] GC(183)     Dead                           Min: 0, Avg:  0.0, Max: 0, Diff: 0, Sum: 0, Workers: 4
[7222.178s][debug][gc,phases      ] GC(183)     Total                          Min: 0, Avg: 226.5, Max: 489, Diff: 489, Sum: 906, Workers: 4
[7222.178s][debug][gc,phases      ] GC(183)   ObjectSynchronizer Weak        Min:  0.0, Avg:  0.0, Max:  0.0, Diff:  0.0, Sum:  0.0, Workers: 4
[7222.178s][debug][gc,phases      ] GC(183)     Dead                           Min: 0, Avg:  0.0, Max: 0, Diff: 0, Sum: 0, Workers: 4
[7222.178s][debug][gc,phases      ] GC(183)     Total                          Min: 0, Avg:  1.5, Max: 6, Diff: 6, Sum: 6, Workers: 4
[7222.178s][debug][gc,phases      ] GC(183)   JVMTI Tag Weak OopStorage      Min:  0.0, Avg:  0.0, Max:  0.0, Diff:  0.0, Sum:  0.0, Workers: 4
[7222.178s][debug][gc,phases      ] GC(183)     Dead                           Min: 0, Avg:  0.0, Max: 0, Diff: 0, Sum: 0, Workers: 4
[7222.178s][debug][gc,phases      ] GC(183)     Total                          Min: 0, Avg:  0.0, Max: 0, Diff: 0, Sum: 0, Workers: 4
[7222.178s][debug][gc,phases      ] GC(183)   StringTable Weak               Min:  0.0, Avg:  0.1, Max:  0.2, Diff:  0.2, Sum:  0.5, Workers: 4
[7222.178s][debug][gc,phases      ] GC(183)     Dead                           Min: 0, Avg:  0.0, Max: 0, Diff: 0, Sum: 0, Workers: 4
[7222.178s][debug][gc,phases      ] GC(183)     Total                          Min: 0, Avg: 12076.0, Max: 16512, Diff: 16512, Sum: 48304, Workers: 4
[7222.178s][debug][gc,phases      ] GC(183)   ResolvedMethodTable Weak       Min:  0.0, Avg:  0.0, Max:  0.1, Diff:  0.1, Sum:  0.2, Workers: 4
[7222.178s][debug][gc,phases      ] GC(183)     Dead                           Min: 0, Avg:  0.0, Max: 0, Diff: 0, Sum: 0, Workers: 4
[7222.178s][debug][gc,phases      ] GC(183)     Total                          Min: 0, Avg: 4036.5, Max: 6053, Diff: 6053, Sum: 16146, Workers: 4
[7222.178s][debug][gc,phases      ] GC(183)   JNI Weak                       Min:  0.0, Avg:  0.0, Max:  0.0, Diff:  0.0, Sum:  0.0, Workers: 4
[7222.178s][debug][gc,phases      ] GC(183)     Dead                           Min: 0, Avg:  0.0, Max: 0, Diff: 0, Sum: 0, Workers: 4
[7222.178s][debug][gc,phases      ] GC(183)     Total                          Min: 0, Avg: 13.0, Max: 52, Diff: 52, Sum: 52, Workers: 4
[7222.178s][debug][gc,phases      ] GC(183)   StringDedup Table Weak         Min:  0.0, Avg:  0.0, Max:  0.0, Diff:  0.0, Sum:  0.0, Workers: 4
[7222.178s][debug][gc,phases      ] GC(183)     Dead                           Min: 0, Avg:  0.0, Max: 0, Diff: 0, Sum: 0, Workers: 4
[7222.178s][debug][gc,phases      ] GC(183)     Total                          Min: 0, Avg:  0.0, Max: 0, Diff: 0, Sum: 0, Workers: 4
[7222.178s][debug][gc,phases      ] GC(183)   StringDedup Requests0 Weak     Min:  0.0, Avg:  0.0, Max:  0.0, Diff:  0.0, Sum:  0.0, Workers: 4
[7222.178s][debug][gc,phases      ] GC(183)     Dead                           Min: 0, Avg:  0.0, Max: 0, Diff: 0, Sum: 0, Workers: 4
[7222.178s][debug][gc,phases      ] GC(183)     Total                          Min: 0, Avg:  0.0, Max: 0, Diff: 0, Sum: 0, Workers: 4
[7222.178s][debug][gc,phases      ] GC(183)   StringDedup Requests1 Weak     Min:  0.0, Avg:  0.0, Max:  0.0, Diff:  0.0, Sum:  0.0, Workers: 4
[7222.178s][debug][gc,phases      ] GC(183)     Dead                           Min: 0, Avg:  0.0, Max: 0, Diff: 0, Sum: 0, Workers: 4
[7222.179s][debug][gc,phases      ] GC(183)     Total                          Min: 0, Avg:  0.0, Max: 0, Diff: 0, Sum: 0, Workers: 4
[7222.179s][debug][gc,phases      ] GC(183)   Weak JFR Old Object Samples    Min:  0.0, Avg:  0.0, Max:  0.0, Diff:  0.0, Sum:  0.0, Workers: 4
[7222.179s][debug][gc,phases      ] GC(183)     Dead                           Min: 0, Avg:  0.0, Max: 0, Diff: 0, Sum: 0, Workers: 4
[7222.179s][debug][gc,phases      ] GC(183)     Total                          Min: 0, Avg:  0.0, Max: 0, Diff: 0, Sum: 0, Workers: 4
[7222.179s][debug][gc,phases      ] GC(183) Weak Processing 0.472ms
[7222.179s][debug][gc,age         ] GC(183) Desired survivor size 56623104 bytes, new threshold 1 (max threshold 15)
[7222.179s][info ][gc,heap        ] GC(183) PSYoungGen: 2019297K(2019328K)->22336K(2039296K) Eden: 1981440K(1981440K)->0K(1981440K) From: 37857K(37888K)->22336K(57856K)
[7222.179s][info ][gc,heap        ] GC(183) ParOldGen: 488516K(810496K)->510406K(810496K)
[7222.179s][info ][gc,metaspace   ] GC(183) Metaspace: 112797K(113984K)->112797K(113984K) NonClass: 96068K(96704K)->96068K(96704K) Class: 16729K(17280K)->16729K(17280K)
[7222.179s][info ][gc             ] GC(183) Pause Young (Allocation Failure) 2449M->520M(2783M) 21.287ms
[7222.179s][info ][gc,cpu         ] GC(183) User=0.08s Sys=0.00s Real=0.02s
[7222.179s][info ][safepoint      ] Safepoint "ParallelGCFailedAllocation", Time since last: 685040982 ns, Reaching safepoint: 8600 ns, Cleanup: 4900 ns, At safepoint: 21383583 ns, Total: 21397083 ns
[7223.179s][info ][safepoint      ] Safepoint "Cleanup", Time since last: 1000095945 ns, Reaching safepoint: 83803 ns, Cleanup: 11000 ns, At safepoint: 10700 ns, Total: 105503 ns
[7224.179s][info ][safepoint      ] Safepoint "Cleanup", Time since last: 1000126746 ns, Reaching safepoint: 9000 ns, Cleanup: 19801 ns, At safepoint: 2700 ns, Total: 31501 ns
[7225.179s][info ][safepoint      ] Safepoint "Cleanup", Time since last: 1000121463 ns, Reaching safepoint: 8601 ns, Cleanup: 11400 ns, At safepoint: 3000 ns, Total: 23001 ns
[7226.179s][info ][safepoint      ] Safepoint "Cleanup", Time since last: 1000138319 ns, Reaching safepoint: 8200 ns, Cleanup: 15000 ns, At safepoint: 2700 ns, Total: 25900 ns
[7227.179s][info ][safepoint      ] Safepoint "Cleanup", Time since last: 1000119688 ns, Reaching safepoint: 9101 ns, Cleanup: 24800 ns, At safepoint: 2600 ns, Total: 36501 ns
[7228.180s][info ][safepoint      ] Safepoint "Cleanup", Time since last: 1000118388 ns, Reaching safepoint: 8000 ns, Cleanup: 12601 ns, At safepoint: 2800 ns, Total: 23401 ns
[7229.180s][info ][safepoint      ] Safepoint "Cleanup", Time since last: 1000121687 ns, Reaching safepoint: 8701 ns, Cleanup: 14500 ns, At safepoint: 3000 ns, Total: 26201 ns
[7230.180s][info ][safepoint      ] Safepoint "Cleanup", Time since last: 1000117388 ns, Reaching safepoint: 8500 ns, Cleanup: 12901 ns, At safepoint: 2500 ns, Total: 23901 ns
[7230.239s][info ][gc,start       ] GC(184) Pause Young (Allocation Failure)
[7230.261s][debug][gc,phases      ] GC(184) Scavenge 22.357ms
[7230.261s][debug][gc,ref         ] GC(184) ReferenceProcessor::execute queues: 1, RefProcThreadModel::Single, marks_oops_alive: false
[7230.261s][debug][gc,ref         ] GC(184) Skipped KeepAliveFinalRefsPhase of Reference Processing: no references
[7230.261s][debug][gc,ref         ] GC(184) ReferenceProcessor::execute queues: 1, RefProcThreadModel::Single, marks_oops_alive: false
[7230.261s][debug][gc,phases      ] GC(184) Reference Processing 0.124ms
[7230.262s][debug][gc,phases      ] GC(184)   VM Weak                        Min:  0.0, Avg:  0.0, Max:  0.0, Diff:  0.0, Sum:  0.0, Workers: 4
[7230.262s][debug][gc,phases      ] GC(184)     Dead                           Min: 0, Avg:  0.0, Max: 0, Diff: 0, Sum: 0, Workers: 4
[7230.262s][debug][gc,phases      ] GC(184)     Total                          Min: 0, Avg: 226.5, Max: 906, Diff: 906, Sum: 906, Workers: 4
[7230.262s][debug][gc,phases      ] GC(184)   ObjectSynchronizer Weak        Min:  0.0, Avg:  0.0, Max:  0.0, Diff:  0.0, Sum:  0.0, Workers: 4
[7230.262s][debug][gc,phases      ] GC(184)     Dead                           Min: 0, Avg:  0.0, Max: 0, Diff: 0, Sum: 0, Workers: 4
[7230.262s][debug][gc,phases      ] GC(184)     Total                          Min: 0, Avg:  1.5, Max: 6, Diff: 6, Sum: 6, Workers: 4
[7230.262s][debug][gc,phases      ] GC(184)   JVMTI Tag Weak OopStorage      Min:  0.0, Avg:  0.0, Max:  0.0, Diff:  0.0, Sum:  0.0, Workers: 4
[7230.262s][debug][gc,phases      ] GC(184)     Dead                           Min: 0, Avg:  0.0, Max: 0, Diff: 0, Sum: 0, Workers: 4
[7230.262s][debug][gc,phases      ] GC(184)     Total                          Min: 0, Avg:  0.0, Max: 0, Diff: 0, Sum: 0, Workers: 4
[7230.262s][debug][gc,phases      ] GC(184)   StringTable Weak               Min:  0.0, Avg:  0.1, Max:  0.3, Diff:  0.3, Sum:  0.4, Workers: 4
[7230.262s][debug][gc,phases      ] GC(184)     Dead                           Min: 0, Avg:  0.0, Max: 0, Diff: 0, Sum: 0, Workers: 4
[7230.262s][debug][gc,phases      ] GC(184)     Total                          Min: 0, Avg: 12076.0, Max: 38976, Diff: 38976, Sum: 48304, Workers: 4
[7230.262s][debug][gc,phases      ] GC(184)   ResolvedMethodTable Weak       Min:  0.0, Avg:  0.0, Max:  0.1, Diff:  0.1, Sum:  0.2, Workers: 4
[7230.262s][debug][gc,phases      ] GC(184)     Dead                           Min: 0, Avg:  4.0, Max: 12, Diff: 12, Sum: 16, Workers: 4
[7230.262s][debug][gc,phases      ] GC(184)     Total                          Min: 0, Avg: 4036.5, Max: 5610, Diff: 5610, Sum: 16146, Workers: 4
[7230.262s][debug][gc,phases      ] GC(184)   JNI Weak                       Min:  0.0, Avg:  0.0, Max:  0.0, Diff:  0.0, Sum:  0.0, Workers: 4
[7230.262s][debug][gc,phases      ] GC(184)     Dead                           Min: 0, Avg:  0.0, Max: 0, Diff: 0, Sum: 0, Workers: 4
[7230.262s][debug][gc,phases      ] GC(184)     Total                          Min: 0, Avg: 13.0, Max: 52, Diff: 52, Sum: 52, Workers: 4
[7230.262s][debug][gc,phases      ] GC(184)   StringDedup Table Weak         Min:  0.0, Avg:  0.0, Max:  0.0, Diff:  0.0, Sum:  0.0, Workers: 4
[7230.262s][debug][gc,phases      ] GC(184)     Dead                           Min: 0, Avg:  0.0, Max: 0, Diff: 0, Sum: 0, Workers: 4
[7230.262s][debug][gc,phases      ] GC(184)     Total                          Min: 0, Avg:  0.0, Max: 0, Diff: 0, Sum: 0, Workers: 4
[7230.262s][debug][gc,phases      ] GC(184)   StringDedup Requests0 Weak     Min:  0.0, Avg:  0.0, Max:  0.0, Diff:  0.0, Sum:  0.0, Workers: 4
[7230.262s][debug][gc,phases      ] GC(184)     Dead                           Min: 0, Avg:  0.0, Max: 0, Diff: 0, Sum: 0, Workers: 4
[7230.262s][debug][gc,phases      ] GC(184)     Total                          Min: 0, Avg:  0.0, Max: 0, Diff: 0, Sum: 0, Workers: 4
[7230.262s][debug][gc,phases      ] GC(184)   StringDedup Requests1 Weak     Min:  0.0, Avg:  0.0, Max:  0.0, Diff:  0.0, Sum:  0.0, Workers: 4
[7230.262s][debug][gc,phases      ] GC(184)     Dead                           Min: 0, Avg:  0.0, Max: 0, Diff: 0, Sum: 0, Workers: 4
[7230.262s][debug][gc,phases      ] GC(184)     Total                          Min: 0, Avg:  0.0, Max: 0, Diff: 0, Sum: 0, Workers: 4
[7230.262s][debug][gc,phases      ] GC(184)   Weak JFR Old Object Samples    Min:  0.0, Avg:  0.0, Max:  0.0, Diff:  0.0, Sum:  0.0, Workers: 4
[7230.262s][debug][gc,phases      ] GC(184)     Dead                           Min: 0, Avg:  0.0, Max: 0, Diff: 0, Sum: 0, Workers: 4
[7230.262s][debug][gc,phases      ] GC(184)     Total                          Min: 0, Avg:  0.0, Max: 0, Diff: 0, Sum: 0, Workers: 4
[7230.262s][debug][gc,phases      ] GC(184) Weak Processing 0.660ms
[7230.262s][debug][gc,age         ] GC(184) Desired survivor size 62390272 bytes, new threshold 1 (max threshold 15)
[7230.262s][info ][gc,heap        ] GC(184) PSYoungGen: 2003776K(2039296K)->43904K(2030592K) Eden: 1981440K(1981440K)->0K(1975296K) From: 22336K(57856K)->43904K(55296K)
[7230.262s][info ][gc,heap        ] GC(184) ParOldGen: 510406K(810496K)->527740K(810496K)
[7230.262s][info ][gc,metaspace   ] GC(184) Metaspace: 112863K(114048K)->112863K(114048K) NonClass: 96134K(96768K)->96134K(96768K) Class: 16729K(17280K)->16729K(17280K)
[7230.262s][info ][gc             ] GC(184) Pause Young (Allocation Failure) 2455M->558M(2774M) 23.307ms
[7230.262s][info ][gc,cpu         ] GC(184) User=0.08s Sys=0.00s Real=0.03s
[7230.262s][info ][safepoint      ] Safepoint "ParallelGCFailedAllocation", Time since last: 58474154 ns, Reaching safepoint: 95203 ns, Cleanup: 4600 ns, At safepoint: 23415422 ns, Total: 23515225 ns
[7231.262s][info ][safepoint      ] Safepoint "Cleanup", Time since last: 1000119562 ns, Reaching safepoint: 86903 ns, Cleanup: 12201 ns, At safepoint: 8400 ns, Total: 107504 ns
[7232.262s][info ][safepoint      ] Safepoint "Cleanup", Time since last: 1000111266 ns, Reaching safepoint: 85903 ns, Cleanup: 12101 ns, At safepoint: 9000 ns, Total: 107004 ns
[7233.263s][info ][safepoint      ] Safepoint "Cleanup", Time since last: 1000127267 ns, Reaching safepoint: 82803 ns, Cleanup: 9900 ns, At safepoint: 7100 ns, Total: 99803 ns
[7235.263s][info ][safepoint      ] Safepoint "Cleanup", Time since last: 2000187265 ns, Reaching safepoint: 82103 ns, Cleanup: 10700 ns, At safepoint: 7001 ns, Total: 99804 ns
[7237.263s][info ][safepoint      ] Safepoint "Cleanup", Time since last: 2000211360 ns, Reaching safepoint: 86502 ns, Cleanup: 12501 ns, At safepoint: 7100 ns, Total: 106103 ns
[7238.263s][info ][safepoint      ] Safepoint "Cleanup", Time since last: 1000129981 ns, Reaching safepoint: 10900 ns, Cleanup: 12001 ns, At safepoint: 4000 ns, Total: 26901 ns
[7240.264s][info ][safepoint      ] Safepoint "Cleanup", Time since last: 2000192459 ns, Reaching safepoint: 8400 ns, Cleanup: 13501 ns, At safepoint: 2700 ns, Total: 24601 ns
[7241.264s][info ][safepoint      ] Safepoint "Cleanup", Time since last: 1000121980 ns, Reaching safepoint: 8201 ns, Cleanup: 12300 ns, At safepoint: 3000 ns, Total: 23501 ns
[7242.264s][info ][safepoint      ] Safepoint "Cleanup", Time since last: 1000139504 ns, Reaching safepoint: 79802 ns, Cleanup: 15801 ns, At safepoint: 7600 ns, Total: 103203 ns
[7243.264s][info ][safepoint      ] Safepoint "Cleanup", Time since last: 1000138016 ns, Reaching safepoint: 81302 ns, Cleanup: 16900 ns, At safepoint: 7600 ns, Total: 105802 ns
[7244.264s][info ][safepoint      ] Safepoint "Cleanup", Time since last: 1000157017 ns, Reaching safepoint: 86602 ns, Cleanup: 13601 ns, At safepoint: 8400 ns, Total: 108603 ns
[7246.265s][info ][safepoint      ] Safepoint "Cleanup", Time since last: 2000190483 ns, Reaching safepoint: 8300 ns, Cleanup: 12501 ns, At safepoint: 2600 ns, Total: 23401 ns
[7248.265s][info ][safepoint      ] Safepoint "Cleanup", Time since last: 2000190475 ns, Reaching safepoint: 7700 ns, Cleanup: 10400 ns, At safepoint: 3100 ns, Total: 21200 ns
[7248.456s][info ][gc,start       ] GC(185) Pause Young (Allocation Failure)
[7248.473s][debug][gc,phases      ] GC(185) Scavenge 16.877ms
[7248.474s][debug][gc,ref         ] GC(185) ReferenceProcessor::execute queues: 1, RefProcThreadModel::Single, marks_oops_alive: false
[7248.474s][debug][gc,ref         ] GC(185) Skipped KeepAliveFinalRefsPhase of Reference Processing: no references
[7248.474s][debug][gc,ref         ] GC(185) ReferenceProcessor::execute queues: 1, RefProcThreadModel::Single, marks_oops_alive: false
[7248.474s][debug][gc,phases      ] GC(185) Reference Processing 0.141ms
[7248.474s][debug][gc,phases      ] GC(185)   VM Weak                        Min:  0.0, Avg:  0.0, Max:  0.0, Diff:  0.0, Sum:  0.0, Workers: 4
[7248.474s][debug][gc,phases      ] GC(185)     Dead                           Min: 0, Avg:  0.0, Max: 0, Diff: 0, Sum: 0, Workers: 4
[7248.474s][debug][gc,phases      ] GC(185)     Total                          Min: 0, Avg: 226.5, Max: 763, Diff: 763, Sum: 906, Workers: 4
[7248.474s][debug][gc,phases      ] GC(185)   ObjectSynchronizer Weak        Min:  0.0, Avg:  0.0, Max:  0.0, Diff:  0.0, Sum:  0.0, Workers: 4
[7248.474s][debug][gc,phases      ] GC(185)     Dead                           Min: 0, Avg:  0.0, Max: 0, Diff: 0, Sum: 0, Workers: 4
[7248.474s][debug][gc,phases      ] GC(185)     Total                          Min: 0, Avg:  1.5, Max: 6, Diff: 6, Sum: 6, Workers: 4
[7248.474s][debug][gc,phases      ] GC(185)   JVMTI Tag Weak OopStorage      Min:  0.0, Avg:  0.0, Max:  0.0, Diff:  0.0, Sum:  0.0, Workers: 4
[7248.474s][debug][gc,phases      ] GC(185)     Dead                           Min: 0, Avg:  0.0, Max: 0, Diff: 0, Sum: 0, Workers: 4
[7248.474s][debug][gc,phases      ] GC(185)     Total                          Min: 0, Avg:  0.0, Max: 0, Diff: 0, Sum: 0, Workers: 4
[7248.474s][debug][gc,phases      ] GC(185)   StringTable Weak               Min:  0.0, Avg:  0.1, Max:  0.1, Diff:  0.1, Sum:  0.4, Workers: 4
[7248.474s][debug][gc,phases      ] GC(185)     Dead                           Min: 0, Avg:  0.0, Max: 0, Diff: 0, Sum: 0, Workers: 4
[7248.474s][debug][gc,phases      ] GC(185)     Total                          Min: 0, Avg: 12076.0, Max: 17584, Diff: 17584, Sum: 48304, Workers: 4
[7248.474s][debug][gc,phases      ] GC(185)   ResolvedMethodTable Weak       Min:  0.0, Avg:  0.0, Max:  0.1, Diff:  0.1, Sum:  0.2, Workers: 4
[7248.474s][debug][gc,phases      ] GC(185)     Dead                           Min: 0, Avg:  0.0, Max: 0, Diff: 0, Sum: 0, Workers: 4
[7248.474s][debug][gc,phases      ] GC(185)     Total                          Min: 0, Avg: 4036.5, Max: 6024, Diff: 6024, Sum: 16146, Workers: 4
[7248.474s][debug][gc,phases      ] GC(185)   JNI Weak                       Min:  0.0, Avg:  0.0, Max:  0.0, Diff:  0.0, Sum:  0.0, Workers: 4
[7248.474s][debug][gc,phases      ] GC(185)     Dead                           Min: 0, Avg:  0.0, Max: 0, Diff: 0, Sum: 0, Workers: 4
[7248.474s][debug][gc,phases      ] GC(185)     Total                          Min: 0, Avg: 13.0, Max: 52, Diff: 52, Sum: 52, Workers: 4
[7248.474s][debug][gc,phases      ] GC(185)   StringDedup Table Weak         Min:  0.0, Avg:  0.0, Max:  0.0, Diff:  0.0, Sum:  0.0, Workers: 4
[7248.474s][debug][gc,phases      ] GC(185)     Dead                           Min: 0, Avg:  0.0, Max: 0, Diff: 0, Sum: 0, Workers: 4
[7248.474s][debug][gc,phases      ] GC(185)     Total                          Min: 0, Avg:  0.0, Max: 0, Diff: 0, Sum: 0, Workers: 4
[7248.474s][debug][gc,phases      ] GC(185)   StringDedup Requests0 Weak     Min:  0.0, Avg:  0.0, Max:  0.0, Diff:  0.0, Sum:  0.0, Workers: 4
[7248.474s][debug][gc,phases      ] GC(185)     Dead                           Min: 0, Avg:  0.0, Max: 0, Diff: 0, Sum: 0, Workers: 4
[7248.474s][debug][gc,phases      ] GC(185)     Total                          Min: 0, Avg:  0.0, Max: 0, Diff: 0, Sum: 0, Workers: 4
[7248.474s][debug][gc,phases      ] GC(185)   StringDedup Requests1 Weak     Min:  0.0, Avg:  0.0, Max:  0.0, Diff:  0.0, Sum:  0.0, Workers: 4
[7248.474s][debug][gc,phases      ] GC(185)     Dead                           Min: 0, Avg:  0.0, Max: 0, Diff: 0, Sum: 0, Workers: 4
[7248.474s][debug][gc,phases      ] GC(185)     Total                          Min: 0, Avg:  0.0, Max: 0, Diff: 0, Sum: 0, Workers: 4
[7248.474s][debug][gc,phases      ] GC(185)   Weak JFR Old Object Samples    Min:  0.0, Avg:  0.0, Max:  0.0, Diff:  0.0, Sum:  0.0, Workers: 4
[7248.474s][debug][gc,phases      ] GC(185)     Dead                           Min: 0, Avg:  0.0, Max: 0, Diff: 0, Sum: 0, Workers: 4
[7248.474s][debug][gc,phases      ] GC(185)     Total                          Min: 0, Avg:  0.0, Max: 0, Diff: 0, Sum: 0, Workers: 4
[7248.474s][debug][gc,phases      ] GC(185) Weak Processing 0.451ms
[7248.474s][debug][gc,age         ] GC(185) Desired survivor size 59768832 bytes, new threshold 1 (max threshold 15)
[7248.474s][info ][gc,heap        ] GC(185) PSYoungGen: 2019200K(2030592K)->13712K(2036224K) Eden: 1975296K(1975296K)->0K(1975296K) From: 43904K(55296K)->13712K(60928K)
[7248.474s][info ][gc,heap        ] GC(185) ParOldGen: 527740K(810496K)->571220K(810496K)
[7248.474s][info ][gc,metaspace   ] GC(185) Metaspace: 112863K(114048K)->112863K(114048K) NonClass: 96134K(96768K)->96134K(96768K) Class: 16729K(17280K)->16729K(17280K)
[7248.474s][info ][gc             ] GC(185) Pause Young (Allocation Failure) 2487M->571M(2780M) 17.623ms
[7248.474s][info ][gc,cpu         ] GC(185) User=0.06s Sys=0.00s Real=0.02s
[7248.474s][info ][safepoint      ] Safepoint "ParallelGCFailedAllocation", Time since last: 191530103 ns, Reaching safepoint: 8300 ns, Cleanup: 4600 ns, At safepoint: 17716574 ns, Total: 17729474 ns
[7249.474s][info ][safepoint      ] Safepoint "Cleanup", Time since last: 1000087406 ns, Reaching safepoint: 7500 ns, Cleanup: 13200 ns, At safepoint: 2600 ns, Total: 23300 ns
[7256.475s][info ][safepoint      ] Safepoint "Cleanup", Time since last: 7000540755 ns, Reaching safepoint: 8400 ns, Cleanup: 17401 ns, At safepoint: 2700 ns, Total: 28501 ns
[7257.475s][info ][safepoint      ] Safepoint "Cleanup", Time since last: 1000118469 ns, Reaching safepoint: 10000 ns, Cleanup: 12601 ns, At safepoint: 2700 ns, Total: 25301 ns
[7259.475s][info ][safepoint      ] Safepoint "Cleanup", Time since last: 2000263014 ns, Reaching safepoint: 13200 ns, Cleanup: 16401 ns, At safepoint: 3300 ns, Total: 32901 ns
[7265.487s][info ][safepoint      ] Safepoint "Cleanup", Time since last: 6011479070 ns, Reaching safepoint: 9600 ns, Cleanup: 14801 ns, At safepoint: 2700 ns, Total: 27101 ns
[7271.490s][info ][safepoint      ] Safepoint "Cleanup", Time since last: 6002940152 ns, Reaching safepoint: 167505 ns, Cleanup: 14900 ns, At safepoint: 6101 ns, Total: 188506 ns
[7272.554s][info ][gc,start       ] GC(186) Pause Young (Allocation Failure)
[7272.565s][debug][gc,phases      ] GC(186) Scavenge 10.378ms
[7272.565s][debug][gc,ref         ] GC(186) ReferenceProcessor::execute queues: 1, RefProcThreadModel::Single, marks_oops_alive: false
[7272.565s][debug][gc,ref         ] GC(186) Skipped KeepAliveFinalRefsPhase of Reference Processing: no references
[7272.565s][debug][gc,ref         ] GC(186) ReferenceProcessor::execute queues: 1, RefProcThreadModel::Single, marks_oops_alive: false
[7272.565s][debug][gc,phases      ] GC(186) Reference Processing 0.146ms
[7272.566s][debug][gc,phases      ] GC(186)   VM Weak                        Min:  0.0, Avg:  0.0, Max:  0.0, Diff:  0.0, Sum:  0.0, Workers: 4
[7272.566s][debug][gc,phases      ] GC(186)     Dead                           Min: 0, Avg:  0.0, Max: 0, Diff: 0, Sum: 0, Workers: 4
[7272.566s][debug][gc,phases      ] GC(186)     Total                          Min: 0, Avg: 226.5, Max: 906, Diff: 906, Sum: 906, Workers: 4
[7272.566s][debug][gc,phases      ] GC(186)   ObjectSynchronizer Weak        Min:  0.0, Avg:  0.0, Max:  0.0, Diff:  0.0, Sum:  0.0, Workers: 4
[7272.566s][debug][gc,phases      ] GC(186)     Dead                           Min: 0, Avg:  0.0, Max: 0, Diff: 0, Sum: 0, Workers: 4
[7272.566s][debug][gc,phases      ] GC(186)     Total                          Min: 0, Avg:  0.8, Max: 3, Diff: 3, Sum: 3, Workers: 4
[7272.566s][debug][gc,phases      ] GC(186)   JVMTI Tag Weak OopStorage      Min:  0.0, Avg:  0.0, Max:  0.0, Diff:  0.0, Sum:  0.0, Workers: 4
[7272.566s][debug][gc,phases      ] GC(186)     Dead                           Min: 0, Avg:  0.0, Max: 0, Diff: 0, Sum: 0, Workers: 4
[7272.566s][debug][gc,phases      ] GC(186)     Total                          Min: 0, Avg:  0.0, Max: 0, Diff: 0, Sum: 0, Workers: 4
[7272.566s][debug][gc,phases      ] GC(186)   StringTable Weak               Min:  0.0, Avg:  0.1, Max:  0.4, Diff:  0.4, Sum:  0.4, Workers: 4
[7272.566s][debug][gc,phases      ] GC(186)     Dead                           Min: 0, Avg:  0.0, Max: 0, Diff: 0, Sum: 0, Workers: 4
[7272.566s][debug][gc,phases      ] GC(186)     Total                          Min: 0, Avg: 12076.0, Max: 48304, Diff: 48304, Sum: 48304, Workers: 4
[7272.566s][debug][gc,phases      ] GC(186)   ResolvedMethodTable Weak       Min:  0.0, Avg:  0.0, Max:  0.2, Diff:  0.2, Sum:  0.2, Workers: 4
[7272.566s][debug][gc,phases      ] GC(186)     Dead                           Min: 0, Avg:  5.5, Max: 22, Diff: 22, Sum: 22, Workers: 4
[7272.566s][debug][gc,phases      ] GC(186)     Total                          Min: 0, Avg: 4036.0, Max: 16144, Diff: 16144, Sum: 16144, Workers: 4
[7272.566s][debug][gc,phases      ] GC(186)   JNI Weak                       Min:  0.0, Avg:  0.0, Max:  0.0, Diff:  0.0, Sum:  0.0, Workers: 4
[7272.566s][debug][gc,phases      ] GC(186)     Dead                           Min: 0, Avg:  0.0, Max: 0, Diff: 0, Sum: 0, Workers: 4
[7272.566s][debug][gc,phases      ] GC(186)     Total                          Min: 0, Avg: 13.0, Max: 52, Diff: 52, Sum: 52, Workers: 4
[7272.566s][debug][gc,phases      ] GC(186)   StringDedup Table Weak         Min:  0.0, Avg:  0.0, Max:  0.0, Diff:  0.0, Sum:  0.0, Workers: 4
[7272.566s][debug][gc,phases      ] GC(186)     Dead                           Min: 0, Avg:  0.0, Max: 0, Diff: 0, Sum: 0, Workers: 4
[7272.566s][debug][gc,phases      ] GC(186)     Total                          Min: 0, Avg:  0.0, Max: 0, Diff: 0, Sum: 0, Workers: 4
[7272.566s][debug][gc,phases      ] GC(186)   StringDedup Requests0 Weak     Min:  0.0, Avg:  0.0, Max:  0.0, Diff:  0.0, Sum:  0.0, Workers: 4
[7272.566s][debug][gc,phases      ] GC(186)     Dead                           Min: 0, Avg:  0.0, Max: 0, Diff: 0, Sum: 0, Workers: 4
[7272.566s][debug][gc,phases      ] GC(186)     Total                          Min: 0, Avg:  0.0, Max: 0, Diff: 0, Sum: 0, Workers: 4
[7272.566s][debug][gc,phases      ] GC(186)   StringDedup Requests1 Weak     Min:  0.0, Avg:  0.0, Max:  0.0, Diff:  0.0, Sum:  0.0, Workers: 4
[7272.566s][debug][gc,phases      ] GC(186)     Dead                           Min: 0, Avg:  0.0, Max: 0, Diff: 0, Sum: 0, Workers: 4
[7272.566s][debug][gc,phases      ] GC(186)     Total                          Min: 0, Avg:  0.0, Max: 0, Diff: 0, Sum: 0, Workers: 4
[7272.566s][debug][gc,phases      ] GC(186)   Weak JFR Old Object Samples    Min:  0.0, Avg:  0.0, Max:  0.0, Diff:  0.0, Sum:  0.0, Workers: 4
[7272.566s][debug][gc,phases      ] GC(186)     Dead                           Min: 0, Avg:  0.0, Max: 0, Diff: 0, Sum: 0, Workers: 4
[7272.566s][debug][gc,phases      ] GC(186)     Total                          Min: 0, Avg:  0.0, Max: 0, Diff: 0, Sum: 0, Workers: 4
[7272.566s][debug][gc,phases      ] GC(186) Weak Processing 0.845ms
[7272.566s][debug][gc,age         ] GC(186) Desired survivor size 58720256 bytes, new threshold 1 (max threshold 15)
[7272.566s][info ][gc,heap        ] GC(186) PSYoungGen: 1989008K(2036224K)->4016K(2039808K) Eden: 1975296K(1975296K)->0K(1981440K) From: 13712K(60928K)->4016K(58368K)
[7272.566s][info ][gc,heap        ] GC(186) ParOldGen: 571220K(810496K)->582677K(810496K)
[7272.566s][info ][gc,metaspace   ] GC(186) Metaspace: 112871K(114112K)->112871K(114112K) NonClass: 96142K(96832K)->96142K(96832K) Class: 16729K(17280K)->16729K(17280K)
[7272.566s][info ][gc             ] GC(186) Pause Young (Allocation Failure) 2500M->572M(2783M) 11.526ms
[7272.566s][info ][gc,cpu         ] GC(186) User=0.02s Sys=0.00s Real=0.01s
[7272.566s][info ][safepoint      ] Safepoint "ParallelGCFailedAllocation", Time since last: 1064334105 ns, Reaching safepoint: 82903 ns, Cleanup: 5500 ns, At safepoint: 11634550 ns, Total: 11722953 ns
[7273.566s][info ][safepoint      ] Safepoint "Cleanup", Time since last: 1000093157 ns, Reaching safepoint: 82002 ns, Cleanup: 12200 ns, At safepoint: 5800 ns, Total: 100002 ns
[7274.566s][info ][safepoint      ] Safepoint "Cleanup", Time since last: 1000115283 ns, Reaching safepoint: 83003 ns, Cleanup: 11300 ns, At safepoint: 5900 ns, Total: 100203 ns
[7278.571s][info ][safepoint      ] Safepoint "Cleanup", Time since last: 4000319528 ns, Reaching safepoint: 4521331 ns, Cleanup: 11600 ns, At safepoint: 6500 ns, Total: 4539431 ns
[7280.571s][info ][safepoint      ] Safepoint "Cleanup", Time since last: 2000184365 ns, Reaching safepoint: 83002 ns, Cleanup: 13101 ns, At safepoint: 5900 ns, Total: 102003 ns
[7282.572s][info ][safepoint      ] Safepoint "Cleanup", Time since last: 2000177955 ns, Reaching safepoint: 59101 ns, Cleanup: 17801 ns, At safepoint: 7600 ns, Total: 84502 ns
[7283.572s][info ][safepoint      ] Safepoint "Cleanup", Time since last: 1000123745 ns, Reaching safepoint: 11000 ns, Cleanup: 11500 ns, At safepoint: 2800 ns, Total: 25300 ns
[7284.573s][info ][safepoint      ] Safepoint "Cleanup", Time since last: 1000617757 ns, Reaching safepoint: 11500 ns, Cleanup: 12100 ns, At safepoint: 2800 ns, Total: 26400 ns
[7285.573s][info ][safepoint      ] Safepoint "Cleanup", Time since last: 1000346850 ns, Reaching safepoint: 8200 ns, Cleanup: 13001 ns, At safepoint: 2700 ns, Total: 23901 ns
[7294.574s][info ][safepoint      ] Safepoint "Cleanup", Time since last: 9000676042 ns, Reaching safepoint: 83703 ns, Cleanup: 10000 ns, At safepoint: 8500 ns, Total: 102203 ns
[7295.959s][info ][gc,start       ] GC(187) Pause Young (Allocation Failure)
[7295.965s][debug][gc,phases      ] GC(187) Scavenge 5.986ms
[7295.966s][debug][gc,ref         ] GC(187) ReferenceProcessor::execute queues: 1, RefProcThreadModel::Single, marks_oops_alive: false
[7295.966s][debug][gc,ref         ] GC(187) Skipped KeepAliveFinalRefsPhase of Reference Processing: no references
[7295.966s][debug][gc,ref         ] GC(187) ReferenceProcessor::execute queues: 1, RefProcThreadModel::Single, marks_oops_alive: false
[7295.966s][debug][gc,phases      ] GC(187) Reference Processing 0.124ms
[7295.966s][debug][gc,phases      ] GC(187)   VM Weak                        Min:  0.0, Avg:  0.0, Max:  0.0, Diff:  0.0, Sum:  0.0, Workers: 4
[7295.966s][debug][gc,phases      ] GC(187)     Dead                           Min: 0, Avg:  0.0, Max: 0, Diff: 0, Sum: 0, Workers: 4
[7295.966s][debug][gc,phases      ] GC(187)     Total                          Min: 0, Avg: 226.5, Max: 451, Diff: 451, Sum: 906, Workers: 4
[7295.966s][debug][gc,phases      ] GC(187)   ObjectSynchronizer Weak        Min:  0.0, Avg:  0.0, Max:  0.0, Diff:  0.0, Sum:  0.0, Workers: 4
[7295.966s][debug][gc,phases      ] GC(187)     Dead                           Min: 0, Avg:  0.0, Max: 0, Diff: 0, Sum: 0, Workers: 4
[7295.966s][debug][gc,phases      ] GC(187)     Total                          Min: 0, Avg:  1.0, Max: 4, Diff: 4, Sum: 4, Workers: 4
[7295.966s][debug][gc,phases      ] GC(187)   JVMTI Tag Weak OopStorage      Min:  0.0, Avg:  0.0, Max:  0.0, Diff:  0.0, Sum:  0.0, Workers: 4
[7295.966s][debug][gc,phases      ] GC(187)     Dead                           Min: 0, Avg:  0.0, Max: 0, Diff: 0, Sum: 0, Workers: 4
[7295.966s][debug][gc,phases      ] GC(187)     Total                          Min: 0, Avg:  0.0, Max: 0, Diff: 0, Sum: 0, Workers: 4
[7295.966s][debug][gc,phases      ] GC(187)   StringTable Weak               Min:  0.0, Avg:  0.1, Max:  0.1, Diff:  0.1, Sum:  0.4, Workers: 4
[7295.966s][debug][gc,phases      ] GC(187)     Dead                           Min: 0, Avg:  0.0, Max: 0, Diff: 0, Sum: 0, Workers: 4
[7295.966s][debug][gc,phases      ] GC(187)     Total                          Min: 0, Avg: 12076.0, Max: 17584, Diff: 17584, Sum: 48304, Workers: 4
[7295.966s][debug][gc,phases      ] GC(187)   ResolvedMethodTable Weak       Min:  0.0, Avg:  0.0, Max:  0.1, Diff:  0.1, Sum:  0.2, Workers: 4
[7295.966s][debug][gc,phases      ] GC(187)     Dead                           Min: 0, Avg:  4.5, Max: 17, Diff: 17, Sum: 18, Workers: 4
[7295.966s][debug][gc,phases      ] GC(187)     Total                          Min: 0, Avg: 4036.0, Max: 5603, Diff: 5603, Sum: 16144, Workers: 4
[7295.966s][debug][gc,phases      ] GC(187)   JNI Weak                       Min:  0.0, Avg:  0.0, Max:  0.0, Diff:  0.0, Sum:  0.0, Workers: 4
[7295.966s][debug][gc,phases      ] GC(187)     Dead                           Min: 0, Avg:  0.0, Max: 0, Diff: 0, Sum: 0, Workers: 4
[7295.966s][debug][gc,phases      ] GC(187)     Total                          Min: 0, Avg: 13.0, Max: 52, Diff: 52, Sum: 52, Workers: 4
[7295.966s][debug][gc,phases      ] GC(187)   StringDedup Table Weak         Min:  0.0, Avg:  0.0, Max:  0.0, Diff:  0.0, Sum:  0.0, Workers: 4
[7295.966s][debug][gc,phases      ] GC(187)     Dead                           Min: 0, Avg:  0.0, Max: 0, Diff: 0, Sum: 0, Workers: 4
[7295.966s][debug][gc,phases      ] GC(187)     Total                          Min: 0, Avg:  0.0, Max: 0, Diff: 0, Sum: 0, Workers: 4
[7295.966s][debug][gc,phases      ] GC(187)   StringDedup Requests0 Weak     Min:  0.0, Avg:  0.0, Max:  0.0, Diff:  0.0, Sum:  0.0, Workers: 4
[7295.966s][debug][gc,phases      ] GC(187)     Dead                           Min: 0, Avg:  0.0, Max: 0, Diff: 0, Sum: 0, Workers: 4
[7295.966s][debug][gc,phases      ] GC(187)     Total                          Min: 0, Avg:  0.0, Max: 0, Diff: 0, Sum: 0, Workers: 4
[7295.966s][debug][gc,phases      ] GC(187)   StringDedup Requests1 Weak     Min:  0.0, Avg:  0.0, Max:  0.0, Diff:  0.0, Sum:  0.0, Workers: 4
[7295.966s][debug][gc,phases      ] GC(187)     Dead                           Min: 0, Avg:  0.0, Max: 0, Diff: 0, Sum: 0, Workers: 4
[7295.966s][debug][gc,phases      ] GC(187)     Total                          Min: 0, Avg:  0.0, Max: 0, Diff: 0, Sum: 0, Workers: 4
[7295.966s][debug][gc,phases      ] GC(187)   Weak JFR Old Object Samples    Min:  0.0, Avg:  0.0, Max:  0.0, Diff:  0.0, Sum:  0.0, Workers: 4
[7295.966s][debug][gc,phases      ] GC(187)     Dead                           Min: 0, Avg:  0.0, Max: 0, Diff: 0, Sum: 0, Workers: 4
[7295.966s][debug][gc,phases      ] GC(187)     Total                          Min: 0, Avg:  0.0, Max: 0, Diff: 0, Sum: 0, Workers: 4
[7295.966s][debug][gc,phases      ] GC(187) Weak Processing 0.441ms
[7295.966s][debug][gc,age         ] GC(187) Desired survivor size 57147392 bytes, new threshold 1 (max threshold 15)
[7295.966s][info ][gc,heap        ] GC(187) PSYoungGen: 1985456K(2039808K)->6528K(2038784K) Eden: 1981440K(1981440K)->0K(1981440K) From: 4016K(58368K)->6528K(57344K)
[7295.966s][info ][gc,heap        ] GC(187) ParOldGen: 582677K(810496K)->583894K(810496K)
[7295.966s][info ][gc,metaspace   ] GC(187) Metaspace: 112872K(114112K)->112872K(114112K) NonClass: 96143K(96832K)->96143K(96832K) Class: 16729K(17280K)->16729K(17280K)
[7295.966s][info ][gc             ] GC(187) Pause Young (Allocation Failure) 2507M->576M(2782M) 6.695ms
[7295.966s][info ][gc,cpu         ] GC(187) User=0.03s Sys=0.00s Real=0.01s
[7295.966s][info ][safepoint      ] Safepoint "ParallelGCFailedAllocation", Time since last: 1385533800 ns, Reaching safepoint: 81003 ns, Cleanup: 3900 ns, At safepoint: 6788391 ns, Total: 6873294 ns
[7296.966s][info ][safepoint      ] Safepoint "Cleanup", Time since last: 1000093350 ns, Reaching safepoint: 7201 ns, Cleanup: 10400 ns, At safepoint: 2800 ns, Total: 20401 ns
[7298.966s][info ][safepoint      ] Safepoint "Cleanup", Time since last: 2000191529 ns, Reaching safepoint: 7800 ns, Cleanup: 8900 ns, At safepoint: 2701 ns, Total: 19401 ns
[7305.967s][info ][safepoint      ] Safepoint "Cleanup", Time since last: 7000531677 ns, Reaching safepoint: 7300 ns, Cleanup: 11000 ns, At safepoint: 2700 ns, Total: 21000 ns
[7312.968s][info ][safepoint      ] Safepoint "Cleanup", Time since last: 7000533820 ns, Reaching safepoint: 7300 ns, Cleanup: 8801 ns, At safepoint: 2800 ns, Total: 18901 ns
[7313.968s][info ][safepoint      ] Safepoint "Cleanup", Time since last: 1000112093 ns, Reaching safepoint: 84902 ns, Cleanup: 8800 ns, At safepoint: 7100 ns, Total: 100802 ns
[7314.968s][info ][safepoint      ] Safepoint "Cleanup", Time since last: 1000114178 ns, Reaching safepoint: 8200 ns, Cleanup: 10201 ns, At safepoint: 2400 ns, Total: 20801 ns
[7321.208s][info ][gc,start       ] GC(188) Pause Young (Allocation Failure)
[7321.215s][debug][gc,phases      ] GC(188) Scavenge 7.423ms
[7321.216s][debug][gc,ref         ] GC(188) ReferenceProcessor::execute queues: 1, RefProcThreadModel::Single, marks_oops_alive: false
[7321.216s][debug][gc,ref         ] GC(188) Skipped KeepAliveFinalRefsPhase of Reference Processing: no references
[7321.216s][debug][gc,ref         ] GC(188) Skipped PhantomRefsPhase of Reference Processing: no references
[7321.216s][debug][gc,phases      ] GC(188) Reference Processing 0.120ms
[7321.216s][debug][gc,phases      ] GC(188)   VM Weak                        Min:  0.0, Avg:  0.0, Max:  0.0, Diff:  0.0, Sum:  0.0, Workers: 4
[7321.216s][debug][gc,phases      ] GC(188)     Dead                           Min: 0, Avg:  0.0, Max: 0, Diff: 0, Sum: 0, Workers: 4
[7321.216s][debug][gc,phases      ] GC(188)     Total                          Min: 0, Avg: 226.5, Max: 386, Diff: 386, Sum: 906, Workers: 4
[7321.216s][debug][gc,phases      ] GC(188)   ObjectSynchronizer Weak        Min:  0.0, Avg:  0.0, Max:  0.0, Diff:  0.0, Sum:  0.0, Workers: 4
[7321.216s][debug][gc,phases      ] GC(188)     Dead                           Min: 0, Avg:  0.0, Max: 0, Diff: 0, Sum: 0, Workers: 4
[7321.216s][debug][gc,phases      ] GC(188)     Total                          Min: 0, Avg:  1.0, Max: 4, Diff: 4, Sum: 4, Workers: 4
[7321.216s][debug][gc,phases      ] GC(188)   JVMTI Tag Weak OopStorage      Min:  0.0, Avg:  0.0, Max:  0.0, Diff:  0.0, Sum:  0.0, Workers: 4
[7321.216s][debug][gc,phases      ] GC(188)     Dead                           Min: 0, Avg:  0.0, Max: 0, Diff: 0, Sum: 0, Workers: 4
[7321.216s][debug][gc,phases      ] GC(188)     Total                          Min: 0, Avg:  0.0, Max: 0, Diff: 0, Sum: 0, Workers: 4
[7321.216s][debug][gc,phases      ] GC(188)   StringTable Weak               Min:  0.0, Avg:  0.1, Max:  0.2, Diff:  0.2, Sum:  0.5, Workers: 4
[7321.216s][debug][gc,phases      ] GC(188)     Dead                           Min: 0, Avg:  0.0, Max: 0, Diff: 0, Sum: 0, Workers: 4
[7321.216s][debug][gc,phases      ] GC(188)     Total                          Min: 0, Avg: 12076.0, Max: 16496, Diff: 16496, Sum: 48304, Workers: 4
[7321.216s][debug][gc,phases      ] GC(188)   ResolvedMethodTable Weak       Min:  0.0, Avg:  0.0, Max:  0.1, Diff:  0.1, Sum:  0.2, Workers: 4
[7321.216s][debug][gc,phases      ] GC(188)     Dead                           Min: 0, Avg:  4.0, Max: 9, Diff: 9, Sum: 16, Workers: 4
[7321.216s][debug][gc,phases      ] GC(188)     Total                          Min: 0, Avg: 4036.0, Max: 5989, Diff: 5989, Sum: 16144, Workers: 4
[7321.216s][debug][gc,phases      ] GC(188)   JNI Weak                       Min:  0.0, Avg:  0.0, Max:  0.0, Diff:  0.0, Sum:  0.0, Workers: 4
[7321.216s][debug][gc,phases      ] GC(188)     Dead                           Min: 0, Avg:  0.0, Max: 0, Diff: 0, Sum: 0, Workers: 4
[7321.216s][debug][gc,phases      ] GC(188)     Total                          Min: 0, Avg: 13.0, Max: 52, Diff: 52, Sum: 52, Workers: 4
[7321.216s][debug][gc,phases      ] GC(188)   StringDedup Table Weak         Min:  0.0, Avg:  0.0, Max:  0.0, Diff:  0.0, Sum:  0.0, Workers: 4
[7321.216s][debug][gc,phases      ] GC(188)     Dead                           Min: 0, Avg:  0.0, Max: 0, Diff: 0, Sum: 0, Workers: 4
[7321.216s][debug][gc,phases      ] GC(188)     Total                          Min: 0, Avg:  0.0, Max: 0, Diff: 0, Sum: 0, Workers: 4
[7321.216s][debug][gc,phases      ] GC(188)   StringDedup Requests0 Weak     Min:  0.0, Avg:  0.0, Max:  0.0, Diff:  0.0, Sum:  0.0, Workers: 4
[7321.216s][debug][gc,phases      ] GC(188)     Dead                           Min: 0, Avg:  0.0, Max: 0, Diff: 0, Sum: 0, Workers: 4
[7321.216s][debug][gc,phases      ] GC(188)     Total                          Min: 0, Avg:  0.0, Max: 0, Diff: 0, Sum: 0, Workers: 4
[7321.216s][debug][gc,phases      ] GC(188)   StringDedup Requests1 Weak     Min:  0.0, Avg:  0.0, Max:  0.0, Diff:  0.0, Sum:  0.0, Workers: 4
[7321.216s][debug][gc,phases      ] GC(188)     Dead                           Min: 0, Avg:  0.0, Max: 0, Diff: 0, Sum: 0, Workers: 4
[7321.216s][debug][gc,phases      ] GC(188)     Total                          Min: 0, Avg:  0.0, Max: 0, Diff: 0, Sum: 0, Workers: 4
[7321.216s][debug][gc,phases      ] GC(188)   Weak JFR Old Object Samples    Min:  0.0, Avg:  0.0, Max:  0.0, Diff:  0.0, Sum:  0.0, Workers: 4
[7321.216s][debug][gc,phases      ] GC(188)     Dead                           Min: 0, Avg:  0.0, Max: 0, Diff: 0, Sum: 0, Workers: 4
[7321.216s][debug][gc,phases      ] GC(188)     Total                          Min: 0, Avg:  0.0, Max: 0, Diff: 0, Sum: 0, Workers: 4
[7321.216s][debug][gc,phases      ] GC(188) Weak Processing 0.622ms
[7321.216s][debug][gc,age         ] GC(188) Desired survivor size 55050240 bytes, new threshold 1 (max threshold 15)
[7321.216s][info ][gc,heap        ] GC(188) PSYoungGen: 1987968K(2038784K)->8448K(2043392K) Eden: 1981440K(1981440K)->0K(1987584K) From: 6528K(57344K)->8448K(55808K)
[7321.216s][info ][gc,heap        ] GC(188) ParOldGen: 583894K(810496K)->587530K(810496K)
[7321.216s][info ][gc,metaspace   ] GC(188) Metaspace: 112875K(114112K)->112875K(114112K) NonClass: 96146K(96832K)->96146K(96832K) Class: 16729K(17280K)->16729K(17280K)
[7321.216s][info ][gc             ] GC(188) Pause Young (Allocation Failure) 2511M->582M(2787M) 8.332ms
[7321.216s][info ][gc,cpu         ] GC(188) User=0.02s Sys=0.00s Real=0.01s
[7321.216s][info ][safepoint      ] Safepoint "ParallelGCFailedAllocation", Time since last: 6240032357 ns, Reaching safepoint: 8500 ns, Cleanup: 4900 ns, At safepoint: 8425817 ns, Total: 8439217 ns
[7324.507s][info ][safepoint      ] Safepoint "Cleanup", Time since last: 3290844751 ns, Reaching safepoint: 81902 ns, Cleanup: 12000 ns, At safepoint: 9001 ns, Total: 102903 ns
[7329.508s][info ][safepoint      ] Safepoint "Cleanup", Time since last: 5000455723 ns, Reaching safepoint: 83902 ns, Cleanup: 10000 ns, At safepoint: 7300 ns, Total: 101202 ns
[7333.508s][info ][safepoint      ] Safepoint "Cleanup", Time since last: 4000376445 ns, Reaching safepoint: 83202 ns, Cleanup: 10500 ns, At safepoint: 8001 ns, Total: 101703 ns
[7334.509s][info ][safepoint      ] Safepoint "Cleanup", Time since last: 1000147160 ns, Reaching safepoint: 84502 ns, Cleanup: 11301 ns, At safepoint: 8800 ns, Total: 104603 ns
[7339.509s][info ][safepoint      ] Safepoint "Cleanup", Time since last: 5000454847 ns, Reaching safepoint: 86802 ns, Cleanup: 13700 ns, At safepoint: 7400 ns, Total: 107902 ns
[7340.509s][info ][safepoint      ] Safepoint "Cleanup", Time since last: 1000132432 ns, Reaching safepoint: 80501 ns, Cleanup: 10401 ns, At safepoint: 7300 ns, Total: 98202 ns
[7344.510s][info ][safepoint      ] Safepoint "Cleanup", Time since last: 4000361530 ns, Reaching safepoint: 78302 ns, Cleanup: 12700 ns, At safepoint: 6600 ns, Total: 97602 ns
[7347.510s][info ][safepoint      ] Safepoint "Cleanup", Time since last: 3000278979 ns, Reaching safepoint: 80402 ns, Cleanup: 10200 ns, At safepoint: 7800 ns, Total: 98402 ns
[7347.924s][info ][safepoint      ] Safepoint "ParallelGCFailedAllocation", Time since last: 413871576 ns, Reaching safepoint: 83102 ns, Cleanup: 3800 ns, At safepoint: 18500 ns, Total: 105402 ns
[7347.925s][info ][gc,start       ] GC(189) Pause Young (GCLocker Initiated GC)
[7347.932s][debug][gc,phases      ] GC(189) Scavenge 7.658ms
[7347.933s][debug][gc,ref         ] GC(189) ReferenceProcessor::execute queues: 1, RefProcThreadModel::Single, marks_oops_alive: false
[7347.933s][debug][gc,ref         ] GC(189) Skipped KeepAliveFinalRefsPhase of Reference Processing: no references
[7347.933s][debug][gc,ref         ] GC(189) ReferenceProcessor::execute queues: 1, RefProcThreadModel::Single, marks_oops_alive: false
[7347.933s][debug][gc,phases      ] GC(189) Reference Processing 0.125ms
[7347.933s][debug][gc,phases      ] GC(189)   VM Weak                        Min:  0.0, Avg:  0.0, Max:  0.0, Diff:  0.0, Sum:  0.0, Workers: 4
[7347.933s][debug][gc,phases      ] GC(189)     Dead                           Min: 0, Avg:  0.0, Max: 0, Diff: 0, Sum: 0, Workers: 4
[7347.933s][debug][gc,phases      ] GC(189)     Total                          Min: 0, Avg: 226.5, Max: 787, Diff: 787, Sum: 906, Workers: 4
[7347.933s][debug][gc,phases      ] GC(189)   ObjectSynchronizer Weak        Min:  0.0, Avg:  0.0, Max:  0.0, Diff:  0.0, Sum:  0.0, Workers: 4
[7347.933s][debug][gc,phases      ] GC(189)     Dead                           Min: 0, Avg:  0.0, Max: 0, Diff: 0, Sum: 0, Workers: 4
[7347.933s][debug][gc,phases      ] GC(189)     Total                          Min: 0, Avg:  1.0, Max: 4, Diff: 4, Sum: 4, Workers: 4
[7347.933s][debug][gc,phases      ] GC(189)   JVMTI Tag Weak OopStorage      Min:  0.0, Avg:  0.0, Max:  0.0, Diff:  0.0, Sum:  0.0, Workers: 4
[7347.933s][debug][gc,phases      ] GC(189)     Dead                           Min: 0, Avg:  0.0, Max: 0, Diff: 0, Sum: 0, Workers: 4
[7347.933s][debug][gc,phases      ] GC(189)     Total                          Min: 0, Avg:  0.0, Max: 0, Diff: 0, Sum: 0, Workers: 4
[7347.933s][debug][gc,phases      ] GC(189)   StringTable Weak               Min:  0.0, Avg:  0.1, Max:  0.1, Diff:  0.1, Sum:  0.4, Workers: 4
[7347.933s][debug][gc,phases      ] GC(189)     Dead                           Min: 0, Avg:  0.0, Max: 0, Diff: 0, Sum: 0, Workers: 4
[7347.933s][debug][gc,phases      ] GC(189)     Total                          Min: 0, Avg: 12076.5, Max: 17152, Diff: 17152, Sum: 48306, Workers: 4
[7347.933s][debug][gc,phases      ] GC(189)   ResolvedMethodTable Weak       Min:  0.0, Avg:  0.0, Max:  0.1, Diff:  0.1, Sum:  0.2, Workers: 4
[7347.933s][debug][gc,phases      ] GC(189)     Dead                           Min: 0, Avg:  4.0, Max: 12, Diff: 12, Sum: 16, Workers: 4
[7347.933s][debug][gc,phases      ] GC(189)     Total                          Min: 0, Avg: 4036.0, Max: 6047, Diff: 6047, Sum: 16144, Workers: 4
[7347.933s][debug][gc,phases      ] GC(189)   JNI Weak                       Min:  0.0, Avg:  0.0, Max:  0.0, Diff:  0.0, Sum:  0.0, Workers: 4
[7347.933s][debug][gc,phases      ] GC(189)     Dead                           Min: 0, Avg:  0.0, Max: 0, Diff: 0, Sum: 0, Workers: 4
[7347.933s][debug][gc,phases      ] GC(189)     Total                          Min: 0, Avg: 13.0, Max: 52, Diff: 52, Sum: 52, Workers: 4
[7347.933s][debug][gc,phases      ] GC(189)   StringDedup Table Weak         Min:  0.0, Avg:  0.0, Max:  0.0, Diff:  0.0, Sum:  0.0, Workers: 4
[7347.933s][debug][gc,phases      ] GC(189)     Dead                           Min: 0, Avg:  0.0, Max: 0, Diff: 0, Sum: 0, Workers: 4
[7347.933s][debug][gc,phases      ] GC(189)     Total                          Min: 0, Avg:  0.0, Max: 0, Diff: 0, Sum: 0, Workers: 4
[7347.933s][debug][gc,phases      ] GC(189)   StringDedup Requests0 Weak     Min:  0.0, Avg:  0.0, Max:  0.0, Diff:  0.0, Sum:  0.0, Workers: 4
[7347.933s][debug][gc,phases      ] GC(189)     Dead                           Min: 0, Avg:  0.0, Max: 0, Diff: 0, Sum: 0, Workers: 4
[7347.933s][debug][gc,phases      ] GC(189)     Total                          Min: 0, Avg:  0.0, Max: 0, Diff: 0, Sum: 0, Workers: 4
[7347.933s][debug][gc,phases      ] GC(189)   StringDedup Requests1 Weak     Min:  0.0, Avg:  0.0, Max:  0.0, Diff:  0.0, Sum:  0.0, Workers: 4
[7347.933s][debug][gc,phases      ] GC(189)     Dead                           Min: 0, Avg:  0.0, Max: 0, Diff: 0, Sum: 0, Workers: 4
[7347.933s][debug][gc,phases      ] GC(189)     Total                          Min: 0, Avg:  0.0, Max: 0, Diff: 0, Sum: 0, Workers: 4
[7347.933s][debug][gc,phases      ] GC(189)   Weak JFR Old Object Samples    Min:  0.0, Avg:  0.0, Max:  0.0, Diff:  0.0, Sum:  0.0, Workers: 4
[7347.933s][debug][gc,phases      ] GC(189)     Dead                           Min: 0, Avg:  0.0, Max: 0, Diff: 0, Sum: 0, Workers: 4
[7347.933s][debug][gc,phases      ] GC(189)     Total                          Min: 0, Avg:  0.0, Max: 0, Diff: 0, Sum: 0, Workers: 4
[7347.933s][debug][gc,phases      ] GC(189) Weak Processing 0.432ms
[7347.933s][debug][gc,age         ] GC(189) Desired survivor size 52953088 bytes, new threshold 1 (max threshold 15)
[7347.933s][info ][gc,heap        ] GC(189) PSYoungGen: 1995838K(2043392K)->8016K(2041344K) Eden: 1987390K(1987584K)->0K(1987584K) From: 8448K(55808K)->8016K(53760K)
[7347.933s][info ][gc,heap        ] GC(189) ParOldGen: 587786K(810496K)->592057K(810496K)
[7347.933s][info ][gc,metaspace   ] GC(189) Metaspace: 112875K(114112K)->112875K(114112K) NonClass: 96146K(96832K)->96146K(96832K) Class: 16729K(17280K)->16729K(17280K)
[7347.933s][info ][gc             ] GC(189) Pause Young (GCLocker Initiated GC) 2523M->586M(2785M) 8.331ms
[7347.933s][info ][gc,cpu         ] GC(189) User=0.03s Sys=0.00s Real=0.01s
[7347.933s][info ][safepoint      ] Safepoint "ParallelGCSystemGC", Time since last: 432509 ns, Reaching safepoint: 74001 ns, Cleanup: 900 ns, At safepoint: 8417573 ns, Total: 8492474 ns
[7350.933s][info ][safepoint      ] Safepoint "Cleanup", Time since last: 3000241441 ns, Reaching safepoint: 7400 ns, Cleanup: 9800 ns, At safepoint: 2700 ns, Total: 19900 ns
[7351.934s][info ][safepoint      ] Safepoint "Cleanup", Time since last: 1000113231 ns, Reaching safepoint: 7900 ns, Cleanup: 10000 ns, At safepoint: 3100 ns, Total: 21000 ns
[7352.934s][info ][safepoint      ] Safepoint "Cleanup", Time since last: 1000120382 ns, Reaching safepoint: 7700 ns, Cleanup: 12001 ns, At safepoint: 2600 ns, Total: 22301 ns
[7355.934s][info ][safepoint      ] Safepoint "Cleanup", Time since last: 3000253838 ns, Reaching safepoint: 7300 ns, Cleanup: 12300 ns, At safepoint: 2800 ns, Total: 22400 ns
[7356.934s][info ][safepoint      ] Safepoint "Cleanup", Time since last: 1000119980 ns, Reaching safepoint: 7600 ns, Cleanup: 18401 ns, At safepoint: 2400 ns, Total: 28401 ns
[7357.934s][info ][safepoint      ] Safepoint "Cleanup", Time since last: 1000114280 ns, Reaching safepoint: 8000 ns, Cleanup: 14100 ns, At safepoint: 2500 ns, Total: 24600 ns
[7358.934s][info ][safepoint      ] Safepoint "Cleanup", Time since last: 1000121680 ns, Reaching safepoint: 7801 ns, Cleanup: 13100 ns, At safepoint: 2700 ns, Total: 23601 ns
[7360.935s][info ][safepoint      ] Safepoint "Cleanup", Time since last: 2000211362 ns, Reaching safepoint: 10901 ns, Cleanup: 11400 ns, At safepoint: 3200 ns, Total: 25501 ns
[7361.935s][info ][safepoint      ] Safepoint "Cleanup", Time since last: 1000142993 ns, Reaching safepoint: 11300 ns, Cleanup: 15100 ns, At safepoint: 3101 ns, Total: 29501 ns
[7362.935s][info ][safepoint      ] Safepoint "Cleanup", Time since last: 1000124808 ns, Reaching safepoint: 10401 ns, Cleanup: 26300 ns, At safepoint: 3900 ns, Total: 40601 ns
[7363.230s][info ][gc,start       ] GC(190) Pause Young (Allocation Failure)
[7363.255s][debug][gc,phases      ] GC(190) Scavenge 25.002ms
[7363.255s][debug][gc,ref         ] GC(190) ReferenceProcessor::execute queues: 1, RefProcThreadModel::Single, marks_oops_alive: false
[7363.255s][debug][gc,ref         ] GC(190) Skipped KeepAliveFinalRefsPhase of Reference Processing: no references
[7363.255s][debug][gc,ref         ] GC(190) ReferenceProcessor::execute queues: 1, RefProcThreadModel::Single, marks_oops_alive: false
[7363.255s][debug][gc,phases      ] GC(190) Reference Processing 0.155ms
[7363.256s][debug][gc,phases      ] GC(190)   VM Weak                        Min:  0.0, Avg:  0.0, Max:  0.0, Diff:  0.0, Sum:  0.0, Workers: 4
[7363.256s][debug][gc,phases      ] GC(190)     Dead                           Min: 0, Avg:  0.0, Max: 0, Diff: 0, Sum: 0, Workers: 4
[7363.256s][debug][gc,phases      ] GC(190)     Total                          Min: 0, Avg: 226.5, Max: 708, Diff: 708, Sum: 906, Workers: 4
[7363.256s][debug][gc,phases      ] GC(190)   ObjectSynchronizer Weak        Min:  0.0, Avg:  0.0, Max:  0.0, Diff:  0.0, Sum:  0.0, Workers: 4
[7363.256s][debug][gc,phases      ] GC(190)     Dead                           Min: 0, Avg:  0.0, Max: 0, Diff: 0, Sum: 0, Workers: 4
[7363.256s][debug][gc,phases      ] GC(190)     Total                          Min: 0, Avg:  1.2, Max: 5, Diff: 5, Sum: 5, Workers: 4
[7363.256s][debug][gc,phases      ] GC(190)   JVMTI Tag Weak OopStorage      Min:  0.0, Avg:  0.0, Max:  0.0, Diff:  0.0, Sum:  0.0, Workers: 4
[7363.256s][debug][gc,phases      ] GC(190)     Dead                           Min: 0, Avg:  0.0, Max: 0, Diff: 0, Sum: 0, Workers: 4
[7363.256s][debug][gc,phases      ] GC(190)     Total                          Min: 0, Avg:  0.0, Max: 0, Diff: 0, Sum: 0, Workers: 4
[7363.256s][debug][gc,phases      ] GC(190)   StringTable Weak               Min:  0.0, Avg:  0.1, Max:  0.2, Diff:  0.2, Sum:  0.4, Workers: 4
[7363.256s][debug][gc,phases      ] GC(190)     Dead                           Min: 0, Avg:  0.2, Max: 1, Diff: 1, Sum: 1, Workers: 4
[7363.256s][debug][gc,phases      ] GC(190)     Total                          Min: 0, Avg: 12082.8, Max: 17611, Diff: 17611, Sum: 48331, Workers: 4
[7363.256s][debug][gc,phases      ] GC(190)   ResolvedMethodTable Weak       Min:  0.0, Avg:  0.1, Max:  0.1, Diff:  0.1, Sum:  0.3, Workers: 4
[7363.256s][debug][gc,phases      ] GC(190)     Dead                           Min: 0, Avg:  8.0, Max: 22, Diff: 22, Sum: 32, Workers: 4
[7363.256s][debug][gc,phases      ] GC(190)     Total                          Min: 0, Avg: 4045.0, Max: 5796, Diff: 5796, Sum: 16180, Workers: 4
[7363.256s][debug][gc,phases      ] GC(190)   JNI Weak                       Min:  0.0, Avg:  0.0, Max:  0.0, Diff:  0.0, Sum:  0.0, Workers: 4
[7363.256s][debug][gc,phases      ] GC(190)     Dead                           Min: 0, Avg:  0.0, Max: 0, Diff: 0, Sum: 0, Workers: 4
[7363.256s][debug][gc,phases      ] GC(190)     Total                          Min: 0, Avg: 13.0, Max: 52, Diff: 52, Sum: 52, Workers: 4
[7363.256s][debug][gc,phases      ] GC(190)   StringDedup Table Weak         Min:  0.0, Avg:  0.0, Max:  0.0, Diff:  0.0, Sum:  0.0, Workers: 4
[7363.256s][debug][gc,phases      ] GC(190)     Dead                           Min: 0, Avg:  0.0, Max: 0, Diff: 0, Sum: 0, Workers: 4
[7363.256s][debug][gc,phases      ] GC(190)     Total                          Min: 0, Avg:  0.0, Max: 0, Diff: 0, Sum: 0, Workers: 4
[7363.256s][debug][gc,phases      ] GC(190)   StringDedup Requests0 Weak     Min:  0.0, Avg:  0.0, Max:  0.0, Diff:  0.0, Sum:  0.0, Workers: 4
[7363.256s][debug][gc,phases      ] GC(190)     Dead                           Min: 0, Avg:  0.0, Max: 0, Diff: 0, Sum: 0, Workers: 4
[7363.256s][debug][gc,phases      ] GC(190)     Total                          Min: 0, Avg:  0.0, Max: 0, Diff: 0, Sum: 0, Workers: 4
[7363.256s][debug][gc,phases      ] GC(190)   StringDedup Requests1 Weak     Min:  0.0, Avg:  0.0, Max:  0.0, Diff:  0.0, Sum:  0.0, Workers: 4
[7363.256s][debug][gc,phases      ] GC(190)     Dead                           Min: 0, Avg:  0.0, Max: 0, Diff: 0, Sum: 0, Workers: 4
[7363.256s][debug][gc,phases      ] GC(190)     Total                          Min: 0, Avg:  0.0, Max: 0, Diff: 0, Sum: 0, Workers: 4
[7363.256s][debug][gc,phases      ] GC(190)   Weak JFR Old Object Samples    Min:  0.0, Avg:  0.0, Max:  0.0, Diff:  0.0, Sum:  0.0, Workers: 4
[7363.256s][debug][gc,phases      ] GC(190)     Dead                           Min: 0, Avg:  0.0, Max: 0, Diff: 0, Sum: 0, Workers: 4
[7363.256s][debug][gc,phases      ] GC(190)     Total                          Min: 0, Avg:  0.0, Max: 0, Diff: 0, Sum: 0, Workers: 4
[7363.256s][debug][gc,phases      ] GC(190) Weak Processing 0.491ms
[7363.256s][debug][gc,age         ] GC(190) Desired survivor size 68681728 bytes, new threshold 1 (max threshold 15)
[7363.256s][info ][gc,heap        ] GC(190) PSYoungGen: 1995600K(2041344K)->51696K(2014720K) Eden: 1987584K(1987584K)->0K(1963008K) From: 8016K(53760K)->51696K(51712K)
[7363.256s][info ][gc,heap        ] GC(190) ParOldGen: 592100K(810496K)->607037K(810496K)
[7363.256s][info ][gc,metaspace   ] GC(190) Metaspace: 112935K(114112K)->112935K(114112K) NonClass: 96184K(96832K)->96184K(96832K) Class: 16751K(17280K)->16751K(17280K)
[7363.256s][info ][gc             ] GC(190) Pause Young (Allocation Failure) 2527M->643M(2759M) 25.791ms
[7363.256s][info ][gc,cpu         ] GC(190) User=0.09s Sys=0.00s Real=0.03s
[7363.256s][info ][safepoint      ] Safepoint "ParallelGCFailedAllocation", Time since last: 295246746 ns, Reaching safepoint: 5800 ns, Cleanup: 3500 ns, At safepoint: 25882069 ns, Total: 25891369 ns
[7364.256s][info ][safepoint      ] Safepoint "Cleanup", Time since last: 1000096408 ns, Reaching safepoint: 85102 ns, Cleanup: 13600 ns, At safepoint: 6400 ns, Total: 105102 ns
[7366.257s][info ][safepoint      ] Safepoint "Cleanup", Time since last: 2000214643 ns, Reaching safepoint: 92002 ns, Cleanup: 13200 ns, At safepoint: 6500 ns, Total: 111702 ns
[7367.257s][info ][safepoint      ] Safepoint "Cleanup", Time since last: 1000131187 ns, Reaching safepoint: 85902 ns, Cleanup: 13400 ns, At safepoint: 7601 ns, Total: 106903 ns
[7368.257s][info ][safepoint      ] Safepoint "Cleanup", Time since last: 1000126886 ns, Reaching safepoint: 80902 ns, Cleanup: 10801 ns, At safepoint: 6900 ns, Total: 98603 ns
[7369.257s][info ][safepoint      ] Safepoint "Cleanup", Time since last: 1000115986 ns, Reaching safepoint: 78402 ns, Cleanup: 13600 ns, At safepoint: 6101 ns, Total: 98103 ns
[7371.258s][info ][safepoint      ] Safepoint "Cleanup", Time since last: 2000193919 ns, Reaching safepoint: 81802 ns, Cleanup: 11100 ns, At safepoint: 7500 ns, Total: 100402 ns
[7372.258s][info ][safepoint      ] Safepoint "Cleanup", Time since last: 1000132997 ns, Reaching safepoint: 82302 ns, Cleanup: 10001 ns, At safepoint: 6600 ns, Total: 98903 ns
[7375.258s][info ][safepoint      ] Safepoint "Cleanup", Time since last: 3000271289 ns, Reaching safepoint: 80102 ns, Cleanup: 9900 ns, At safepoint: 6601 ns, Total: 96603 ns
[7376.258s][info ][safepoint      ] Safepoint "Cleanup", Time since last: 1000114797 ns, Reaching safepoint: 78801 ns, Cleanup: 9701 ns, At safepoint: 7500 ns, Total: 96002 ns
[7378.259s][info ][safepoint      ] Safepoint "Cleanup", Time since last: 2000210399 ns, Reaching safepoint: 86602 ns, Cleanup: 12400 ns, At safepoint: 8400 ns, Total: 107402 ns
[7380.259s][info ][safepoint      ] Safepoint "Cleanup", Time since last: 2000202311 ns, Reaching safepoint: 85502 ns, Cleanup: 14100 ns, At safepoint: 10900 ns, Total: 110502 ns
[7382.969s][info ][gc,start       ] GC(191) Pause Young (Allocation Failure)
[7382.996s][debug][gc,phases      ] GC(191) Scavenge 26.856ms
[7382.996s][debug][gc,ref         ] GC(191) ReferenceProcessor::execute queues: 1, RefProcThreadModel::Single, marks_oops_alive: false
[7382.996s][debug][gc,ref         ] GC(191) Skipped KeepAliveFinalRefsPhase of Reference Processing: no references
[7382.996s][debug][gc,ref         ] GC(191) ReferenceProcessor::execute queues: 1, RefProcThreadModel::Single, marks_oops_alive: false
[7382.996s][debug][gc,phases      ] GC(191) Reference Processing 0.125ms
[7382.996s][debug][gc,phases      ] GC(191)   VM Weak                        Min:  0.0, Avg:  0.0, Max:  0.0, Diff:  0.0, Sum:  0.0, Workers: 4
[7382.996s][debug][gc,phases      ] GC(191)     Dead                           Min: 0, Avg:  0.0, Max: 0, Diff: 0, Sum: 0, Workers: 4
[7382.996s][debug][gc,phases      ] GC(191)     Total                          Min: 0, Avg: 226.5, Max: 544, Diff: 544, Sum: 906, Workers: 4
[7382.996s][debug][gc,phases      ] GC(191)   ObjectSynchronizer Weak        Min:  0.0, Avg:  0.0, Max:  0.0, Diff:  0.0, Sum:  0.0, Workers: 4
[7382.996s][debug][gc,phases      ] GC(191)     Dead                           Min: 0, Avg:  0.0, Max: 0, Diff: 0, Sum: 0, Workers: 4
[7382.996s][debug][gc,phases      ] GC(191)     Total                          Min: 0, Avg:  1.0, Max: 4, Diff: 4, Sum: 4, Workers: 4
[7382.996s][debug][gc,phases      ] GC(191)   JVMTI Tag Weak OopStorage      Min:  0.0, Avg:  0.0, Max:  0.0, Diff:  0.0, Sum:  0.0, Workers: 4
[7382.996s][debug][gc,phases      ] GC(191)     Dead                           Min: 0, Avg:  0.0, Max: 0, Diff: 0, Sum: 0, Workers: 4
[7382.996s][debug][gc,phases      ] GC(191)     Total                          Min: 0, Avg:  0.0, Max: 0, Diff: 0, Sum: 0, Workers: 4
[7382.996s][debug][gc,phases      ] GC(191)   StringTable Weak               Min:  0.0, Avg:  0.1, Max:  0.1, Diff:  0.1, Sum:  0.4, Workers: 4
[7382.996s][debug][gc,phases      ] GC(191)     Dead                           Min: 0, Avg:  0.0, Max: 0, Diff: 0, Sum: 0, Workers: 4
[7382.996s][debug][gc,phases      ] GC(191)     Total                          Min: 0, Avg: 12082.8, Max: 16960, Diff: 16960, Sum: 48331, Workers: 4
[7382.996s][debug][gc,phases      ] GC(191)   ResolvedMethodTable Weak       Min:  0.0, Avg:  0.0, Max:  0.1, Diff:  0.1, Sum:  0.1, Workers: 4
[7382.996s][debug][gc,phases      ] GC(191)     Dead                           Min: 0, Avg:  4.0, Max: 10, Diff: 10, Sum: 16, Workers: 4
[7382.996s][debug][gc,phases      ] GC(191)     Total                          Min: 0, Avg: 4045.0, Max: 5538, Diff: 5538, Sum: 16180, Workers: 4
[7382.996s][debug][gc,phases      ] GC(191)   JNI Weak                       Min:  0.0, Avg:  0.0, Max:  0.0, Diff:  0.0, Sum:  0.0, Workers: 4
[7382.996s][debug][gc,phases      ] GC(191)     Dead                           Min: 0, Avg:  0.0, Max: 0, Diff: 0, Sum: 0, Workers: 4
[7382.996s][debug][gc,phases      ] GC(191)     Total                          Min: 0, Avg: 13.0, Max: 52, Diff: 52, Sum: 52, Workers: 4
[7382.996s][debug][gc,phases      ] GC(191)   StringDedup Table Weak         Min:  0.0, Avg:  0.0, Max:  0.0, Diff:  0.0, Sum:  0.0, Workers: 4
[7382.996s][debug][gc,phases      ] GC(191)     Dead                           Min: 0, Avg:  0.0, Max: 0, Diff: 0, Sum: 0, Workers: 4
[7382.996s][debug][gc,phases      ] GC(191)     Total                          Min: 0, Avg:  0.0, Max: 0, Diff: 0, Sum: 0, Workers: 4
[7382.996s][debug][gc,phases      ] GC(191)   StringDedup Requests0 Weak     Min:  0.0, Avg:  0.0, Max:  0.0, Diff:  0.0, Sum:  0.0, Workers: 4
[7382.996s][debug][gc,phases      ] GC(191)     Dead                           Min: 0, Avg:  0.0, Max: 0, Diff: 0, Sum: 0, Workers: 4
[7382.996s][debug][gc,phases      ] GC(191)     Total                          Min: 0, Avg:  0.0, Max: 0, Diff: 0, Sum: 0, Workers: 4
[7382.996s][debug][gc,phases      ] GC(191)   StringDedup Requests1 Weak     Min:  0.0, Avg:  0.0, Max:  0.0, Diff:  0.0, Sum:  0.0, Workers: 4
[7382.996s][debug][gc,phases      ] GC(191)     Dead                           Min: 0, Avg:  0.0, Max: 0, Diff: 0, Sum: 0, Workers: 4
[7382.996s][debug][gc,phases      ] GC(191)     Total                          Min: 0, Avg:  0.0, Max: 0, Diff: 0, Sum: 0, Workers: 4
[7382.996s][debug][gc,phases      ] GC(191)   Weak JFR Old Object Samples    Min:  0.0, Avg:  0.0, Max:  0.0, Diff:  0.0, Sum:  0.0, Workers: 4
[7382.996s][debug][gc,phases      ] GC(191)     Dead                           Min: 0, Avg:  0.0, Max: 0, Diff: 0, Sum: 0, Workers: 4
[7382.996s][debug][gc,phases      ] GC(191)     Total                          Min: 0, Avg:  0.0, Max: 0, Diff: 0, Sum: 0, Workers: 4
[7382.996s][debug][gc,phases      ] GC(191) Weak Processing 0.442ms
[7382.996s][debug][gc,age         ] GC(191) Desired survivor size 64487424 bytes, new threshold 1 (max threshold 15)
[7382.997s][info ][gc,heap        ] GC(191) PSYoungGen: 2014704K(2014720K)->18577K(2030080K) Eden: 1963008K(1963008K)->0K(1963008K) From: 51696K(51712K)->18577K(67072K)
[7382.997s][info ][gc,heap        ] GC(191) ParOldGen: 607037K(810496K)->646150K(810496K)
[7382.997s][info ][gc,metaspace   ] GC(191) Metaspace: 112947K(114112K)->112947K(114112K) NonClass: 96196K(96832K)->96196K(96832K) Class: 16751K(17280K)->16751K(17280K)
[7382.997s][info ][gc             ] GC(191) Pause Young (Allocation Failure) 2560M->649M(2774M) 27.588ms
[7382.997s][info ][gc,cpu         ] GC(191) User=0.10s Sys=0.00s Real=0.03s
[7382.997s][info ][safepoint      ] Safepoint "ParallelGCFailedAllocation", Time since last: 2709889875 ns, Reaching safepoint: 7300 ns, Cleanup: 3800 ns, At safepoint: 27682919 ns, Total: 27694019 ns
[7385.997s][info ][safepoint      ] Safepoint "Cleanup", Time since last: 3000243200 ns, Reaching safepoint: 10000 ns, Cleanup: 14100 ns, At safepoint: 2300 ns, Total: 26400 ns
[7388.997s][info ][safepoint      ] Safepoint "Cleanup", Time since last: 3000274296 ns, Reaching safepoint: 11001 ns, Cleanup: 12100 ns, At safepoint: 3100 ns, Total: 26201 ns
[7390.997s][info ][safepoint      ] Safepoint "Cleanup", Time since last: 2000214778 ns, Reaching safepoint: 9800 ns, Cleanup: 15400 ns, At safepoint: 3500 ns, Total: 28700 ns
[7391.998s][info ][safepoint      ] Safepoint "Cleanup", Time since last: 1000129576 ns, Reaching safepoint: 10700 ns, Cleanup: 12801 ns, At safepoint: 2700 ns, Total: 26201 ns
[7393.998s][info ][safepoint      ] Safepoint "Cleanup", Time since last: 2000193519 ns, Reaching safepoint: 6800 ns, Cleanup: 14601 ns, At safepoint: 2700 ns, Total: 24101 ns
[7394.588s][info ][gc,start       ] GC(192) Pause Young (Allocation Failure)
[7394.612s][debug][gc,phases      ] GC(192) Scavenge 23.369ms
[7394.612s][debug][gc,ref         ] GC(192) ReferenceProcessor::execute queues: 1, RefProcThreadModel::Single, marks_oops_alive: false
[7394.612s][debug][gc,ref         ] GC(192) Skipped KeepAliveFinalRefsPhase of Reference Processing: no references
[7394.612s][debug][gc,ref         ] GC(192) ReferenceProcessor::execute queues: 1, RefProcThreadModel::Single, marks_oops_alive: false
[7394.612s][debug][gc,phases      ] GC(192) Reference Processing 0.152ms
[7394.612s][debug][gc,phases      ] GC(192)   VM Weak                        Min:  0.0, Avg:  0.0, Max:  0.0, Diff:  0.0, Sum:  0.0, Workers: 4
[7394.612s][debug][gc,phases      ] GC(192)     Dead                           Min: 0, Avg:  0.0, Max: 0, Diff: 0, Sum: 0, Workers: 4
[7394.612s][debug][gc,phases      ] GC(192)     Total                          Min: 0, Avg: 226.5, Max: 544, Diff: 544, Sum: 906, Workers: 4
[7394.612s][debug][gc,phases      ] GC(192)   ObjectSynchronizer Weak        Min:  0.0, Avg:  0.0, Max:  0.0, Diff:  0.0, Sum:  0.0, Workers: 4
[7394.612s][debug][gc,phases      ] GC(192)     Dead                           Min: 0, Avg:  0.0, Max: 0, Diff: 0, Sum: 0, Workers: 4
[7394.612s][debug][gc,phases      ] GC(192)     Total                          Min: 0, Avg:  1.0, Max: 4, Diff: 4, Sum: 4, Workers: 4
[7394.612s][debug][gc,phases      ] GC(192)   JVMTI Tag Weak OopStorage      Min:  0.0, Avg:  0.0, Max:  0.0, Diff:  0.0, Sum:  0.0, Workers: 4
[7394.612s][debug][gc,phases      ] GC(192)     Dead                           Min: 0, Avg:  0.0, Max: 0, Diff: 0, Sum: 0, Workers: 4
[7394.612s][debug][gc,phases      ] GC(192)     Total                          Min: 0, Avg:  0.0, Max: 0, Diff: 0, Sum: 0, Workers: 4
[7394.612s][debug][gc,phases      ] GC(192)   StringTable Weak               Min:  0.0, Avg:  0.1, Max:  0.1, Diff:  0.1, Sum:  0.4, Workers: 4
[7394.612s][debug][gc,phases      ] GC(192)     Dead                           Min: 0, Avg:  0.0, Max: 0, Diff: 0, Sum: 0, Workers: 4
[7394.612s][debug][gc,phases      ] GC(192)     Total                          Min: 0, Avg: 12082.8, Max: 17536, Diff: 17536, Sum: 48331, Workers: 4
[7394.612s][debug][gc,phases      ] GC(192)   ResolvedMethodTable Weak       Min:  0.0, Avg:  0.0, Max:  0.0, Diff:  0.0, Sum:  0.1, Workers: 4
[7394.612s][debug][gc,phases      ] GC(192)     Dead                           Min: 0, Avg:  0.0, Max: 0, Diff: 0, Sum: 0, Workers: 4
[7394.612s][debug][gc,phases      ] GC(192)     Total                          Min: 0, Avg: 4045.0, Max: 5934, Diff: 5934, Sum: 16180, Workers: 4
[7394.612s][debug][gc,phases      ] GC(192)   JNI Weak                       Min:  0.0, Avg:  0.0, Max:  0.0, Diff:  0.0, Sum:  0.0, Workers: 4
[7394.612s][debug][gc,phases      ] GC(192)     Dead                           Min: 0, Avg:  0.0, Max: 0, Diff: 0, Sum: 0, Workers: 4
[7394.612s][debug][gc,phases      ] GC(192)     Total                          Min: 0, Avg: 13.0, Max: 52, Diff: 52, Sum: 52, Workers: 4
[7394.612s][debug][gc,phases      ] GC(192)   StringDedup Table Weak         Min:  0.0, Avg:  0.0, Max:  0.0, Diff:  0.0, Sum:  0.0, Workers: 4
[7394.612s][debug][gc,phases      ] GC(192)     Dead                           Min: 0, Avg:  0.0, Max: 0, Diff: 0, Sum: 0, Workers: 4
[7394.612s][debug][gc,phases      ] GC(192)     Total                          Min: 0, Avg:  0.0, Max: 0, Diff: 0, Sum: 0, Workers: 4
[7394.612s][debug][gc,phases      ] GC(192)   StringDedup Requests0 Weak     Min:  0.0, Avg:  0.0, Max:  0.0, Diff:  0.0, Sum:  0.0, Workers: 4
[7394.612s][debug][gc,phases      ] GC(192)     Dead                           Min: 0, Avg:  0.0, Max: 0, Diff: 0, Sum: 0, Workers: 4
[7394.612s][debug][gc,phases      ] GC(192)     Total                          Min: 0, Avg:  0.0, Max: 0, Diff: 0, Sum: 0, Workers: 4
[7394.612s][debug][gc,phases      ] GC(192)   StringDedup Requests1 Weak     Min:  0.0, Avg:  0.0, Max:  0.0, Diff:  0.0, Sum:  0.0, Workers: 4
[7394.612s][debug][gc,phases      ] GC(192)     Dead                           Min: 0, Avg:  0.0, Max: 0, Diff: 0, Sum: 0, Workers: 4
[7394.612s][debug][gc,phases      ] GC(192)     Total                          Min: 0, Avg:  0.0, Max: 0, Diff: 0, Sum: 0, Workers: 4
[7394.612s][debug][gc,phases      ] GC(192)   Weak JFR Old Object Samples    Min:  0.0, Avg:  0.0, Max:  0.0, Diff:  0.0, Sum:  0.0, Workers: 4
[7394.612s][debug][gc,phases      ] GC(192)     Dead                           Min: 0, Avg:  0.0, Max: 0, Diff: 0, Sum: 0, Workers: 4
[7394.612s][debug][gc,phases      ] GC(192)     Total                          Min: 0, Avg:  0.0, Max: 0, Diff: 0, Sum: 0, Workers: 4
[7394.612s][debug][gc,phases      ] GC(192) Weak Processing 0.427ms
[7394.612s][debug][gc,age         ] GC(192) Desired survivor size 66060288 bytes, new threshold 1 (max threshold 15)
[7394.612s][info ][gc,heap        ] GC(192) PSYoungGen: 1981585K(2030080K)->36368K(2031104K) Eden: 1963008K(1963008K)->0K(1968128K) From: 18577K(67072K)->36368K(62976K)
[7394.612s][info ][gc,heap        ] GC(192) ParOldGen: 646150K(810496K)->659940K(810496K)
[7394.612s][info ][gc,metaspace   ] GC(192) Metaspace: 112950K(114112K)->112950K(114112K) NonClass: 96199K(96832K)->96199K(96832K) Class: 16751K(17280K)->16751K(17280K)
[7394.612s][info ][gc             ] GC(192) Pause Young (Allocation Failure) 2566M->679M(2775M) 24.109ms
[7394.612s][info ][gc,cpu         ] GC(192) User=0.07s Sys=0.01s Real=0.03s
[7394.612s][info ][safepoint      ] Safepoint "ParallelGCFailedAllocation", Time since last: 590196939 ns, Reaching safepoint: 89702 ns, Cleanup: 4100 ns, At safepoint: 24217281 ns, Total: 24311083 ns
[7399.613s][info ][safepoint      ] Safepoint "Cleanup", Time since last: 5000373959 ns, Reaching safepoint: 7600 ns, Cleanup: 10100 ns, At safepoint: 2600 ns, Total: 20300 ns
[7403.613s][info ][safepoint      ] Safepoint "Cleanup", Time since last: 4000334020 ns, Reaching safepoint: 9000 ns, Cleanup: 14700 ns, At safepoint: 3000 ns, Total: 26700 ns
[7404.613s][info ][safepoint      ] Safepoint "Cleanup", Time since last: 1000119055 ns, Reaching safepoint: 9300 ns, Cleanup: 10500 ns, At safepoint: 3300 ns, Total: 23100 ns
[7407.614s][info ][safepoint      ] Safepoint "Cleanup", Time since last: 3000255500 ns, Reaching safepoint: 86302 ns, Cleanup: 13101 ns, At safepoint: 8800 ns, Total: 108203 ns
[7409.614s][info ][safepoint      ] Safepoint "Cleanup", Time since last: 2000143018 ns, Reaching safepoint: 9300 ns, Cleanup: 12900 ns, At safepoint: 2700 ns, Total: 24900 ns
[7411.614s][info ][safepoint      ] Safepoint "Cleanup", Time since last: 2000196767 ns, Reaching safepoint: 9400 ns, Cleanup: 13500 ns, At safepoint: 2700 ns, Total: 25600 ns
[7412.614s][info ][safepoint      ] Safepoint "Cleanup", Time since last: 1000116423 ns, Reaching safepoint: 8801 ns, Cleanup: 10800 ns, At safepoint: 2900 ns, Total: 22501 ns
[7415.358s][info ][gc,start       ] GC(193) Pause Young (Allocation Failure)
[7415.374s][debug][gc,phases      ] GC(193) Scavenge 16.006ms
[7415.374s][debug][gc,ref         ] GC(193) ReferenceProcessor::execute queues: 1, RefProcThreadModel::Single, marks_oops_alive: false
[7415.374s][debug][gc,ref         ] GC(193) Skipped KeepAliveFinalRefsPhase of Reference Processing: no references
[7415.374s][debug][gc,ref         ] GC(193) ReferenceProcessor::execute queues: 1, RefProcThreadModel::Single, marks_oops_alive: false
[7415.374s][debug][gc,phases      ] GC(193) Reference Processing 0.122ms
[7415.374s][debug][gc,phases      ] GC(193)   VM Weak                        Min:  0.0, Avg:  0.0, Max:  0.0, Diff:  0.0, Sum:  0.0, Workers: 4
[7415.374s][debug][gc,phases      ] GC(193)     Dead                           Min: 0, Avg:  0.0, Max: 0, Diff: 0, Sum: 0, Workers: 4
[7415.374s][debug][gc,phases      ] GC(193)     Total                          Min: 0, Avg: 226.5, Max: 675, Diff: 675, Sum: 906, Workers: 4
[7415.374s][debug][gc,phases      ] GC(193)   ObjectSynchronizer Weak        Min:  0.0, Avg:  0.0, Max:  0.0, Diff:  0.0, Sum:  0.0, Workers: 4
[7415.374s][debug][gc,phases      ] GC(193)     Dead                           Min: 0, Avg:  0.0, Max: 0, Diff: 0, Sum: 0, Workers: 4
[7415.374s][debug][gc,phases      ] GC(193)     Total                          Min: 0, Avg:  1.0, Max: 4, Diff: 4, Sum: 4, Workers: 4
[7415.374s][debug][gc,phases      ] GC(193)   JVMTI Tag Weak OopStorage      Min:  0.0, Avg:  0.0, Max:  0.0, Diff:  0.0, Sum:  0.0, Workers: 4
[7415.374s][debug][gc,phases      ] GC(193)     Dead                           Min: 0, Avg:  0.0, Max: 0, Diff: 0, Sum: 0, Workers: 4
[7415.374s][debug][gc,phases      ] GC(193)     Total                          Min: 0, Avg:  0.0, Max: 0, Diff: 0, Sum: 0, Workers: 4
[7415.374s][debug][gc,phases      ] GC(193)   StringTable Weak               Min:  0.1, Avg:  0.1, Max:  0.1, Diff:  0.0, Sum:  0.4, Workers: 4
[7415.374s][debug][gc,phases      ] GC(193)     Dead                           Min: 0, Avg:  0.0, Max: 0, Diff: 0, Sum: 0, Workers: 4
[7415.374s][debug][gc,phases      ] GC(193)     Total                          Min: 10752, Avg: 12083.0, Max: 12864, Diff: 2112, Sum: 48332, Workers: 4
[7415.374s][debug][gc,phases      ] GC(193)   ResolvedMethodTable Weak       Min:  0.0, Avg:  0.0, Max:  0.0, Diff:  0.0, Sum:  0.2, Workers: 4
[7415.374s][debug][gc,phases      ] GC(193)     Dead                           Min: 0, Avg:  4.0, Max: 13, Diff: 13, Sum: 16, Workers: 4
[7415.374s][debug][gc,phases      ] GC(193)     Total                          Min: 3618, Avg: 4045.5, Max: 4667, Diff: 1049, Sum: 16182, Workers: 4
[7415.374s][debug][gc,phases      ] GC(193)   JNI Weak                       Min:  0.0, Avg:  0.0, Max:  0.0, Diff:  0.0, Sum:  0.0, Workers: 4
[7415.374s][debug][gc,phases      ] GC(193)     Dead                           Min: 0, Avg:  0.0, Max: 0, Diff: 0, Sum: 0, Workers: 4
[7415.374s][debug][gc,phases      ] GC(193)     Total                          Min: 0, Avg: 13.0, Max: 52, Diff: 52, Sum: 52, Workers: 4
[7415.374s][debug][gc,phases      ] GC(193)   StringDedup Table Weak         Min:  0.0, Avg:  0.0, Max:  0.0, Diff:  0.0, Sum:  0.0, Workers: 4
[7415.374s][debug][gc,phases      ] GC(193)     Dead                           Min: 0, Avg:  0.0, Max: 0, Diff: 0, Sum: 0, Workers: 4
[7415.374s][debug][gc,phases      ] GC(193)     Total                          Min: 0, Avg:  0.0, Max: 0, Diff: 0, Sum: 0, Workers: 4
[7415.374s][debug][gc,phases      ] GC(193)   StringDedup Requests0 Weak     Min:  0.0, Avg:  0.0, Max:  0.0, Diff:  0.0, Sum:  0.0, Workers: 4
[7415.374s][debug][gc,phases      ] GC(193)     Dead                           Min: 0, Avg:  0.0, Max: 0, Diff: 0, Sum: 0, Workers: 4
[7415.374s][debug][gc,phases      ] GC(193)     Total                          Min: 0, Avg:  0.0, Max: 0, Diff: 0, Sum: 0, Workers: 4
[7415.374s][debug][gc,phases      ] GC(193)   StringDedup Requests1 Weak     Min:  0.0, Avg:  0.0, Max:  0.0, Diff:  0.0, Sum:  0.0, Workers: 4
[7415.374s][debug][gc,phases      ] GC(193)     Dead                           Min: 0, Avg:  0.0, Max: 0, Diff: 0, Sum: 0, Workers: 4
[7415.374s][debug][gc,phases      ] GC(193)     Total                          Min: 0, Avg:  0.0, Max: 0, Diff: 0, Sum: 0, Workers: 4
[7415.374s][debug][gc,phases      ] GC(193)   Weak JFR Old Object Samples    Min:  0.0, Avg:  0.0, Max:  0.0, Diff:  0.0, Sum:  0.0, Workers: 4
[7415.374s][debug][gc,phases      ] GC(193)     Dead                           Min: 0, Avg:  0.0, Max: 0, Diff: 0, Sum: 0, Workers: 4
[7415.374s][debug][gc,phases      ] GC(193)     Total                          Min: 0, Avg:  0.0, Max: 0, Diff: 0, Sum: 0, Workers: 4
[7415.374s][debug][gc,phases      ] GC(193) Weak Processing 0.404ms
[7415.374s][debug][gc,age         ] GC(193) Desired survivor size 62914560 bytes, new threshold 1 (max threshold 15)
[7415.374s][info ][gc,heap        ] GC(193) PSYoungGen: 2004496K(2031104K)->15040K(2032640K) Eden: 1968128K(1968128K)->0K(1968128K) From: 36368K(62976K)->15040K(64512K)
[7415.374s][info ][gc,heap        ] GC(193) ParOldGen: 659940K(810496K)->694833K(810496K)
[7415.374s][info ][gc,metaspace   ] GC(193) Metaspace: 112958K(114176K)->112958K(114176K) NonClass: 96206K(96896K)->96206K(96896K) Class: 16751K(17280K)->16751K(17280K)
[7415.374s][info ][gc             ] GC(193) Pause Young (Allocation Failure) 2601M->693M(2776M) 16.693ms
[7415.374s][info ][gc,cpu         ] GC(193) User=0.06s Sys=0.00s Real=0.02s
[7415.374s][info ][safepoint      ] Safepoint "ParallelGCFailedAllocation", Time since last: 2743570809 ns, Reaching safepoint: 8001 ns, Cleanup: 5000 ns, At safepoint: 16785542 ns, Total: 16798543 ns
[7432.376s][info ][safepoint      ] Safepoint "Cleanup", Time since last: 17001207552 ns, Reaching safepoint: 82901 ns, Cleanup: 10601 ns, At safepoint: 6200 ns, Total: 99702 ns
[7438.376s][info ][safepoint      ] Safepoint "Cleanup", Time since last: 6000492407 ns, Reaching safepoint: 7301 ns, Cleanup: 14400 ns, At safepoint: 2400 ns, Total: 24101 ns
[7447.010s][info ][gc,start       ] GC(194) Pause Young (Allocation Failure)
[7447.022s][debug][gc,phases      ] GC(194) Scavenge 11.965ms
[7447.022s][debug][gc,ref         ] GC(194) ReferenceProcessor::execute queues: 1, RefProcThreadModel::Single, marks_oops_alive: false
[7447.022s][debug][gc,ref         ] GC(194) Skipped KeepAliveFinalRefsPhase of Reference Processing: no references
[7447.022s][debug][gc,ref         ] GC(194) Skipped PhantomRefsPhase of Reference Processing: no references
[7447.022s][debug][gc,phases      ] GC(194) Reference Processing 0.127ms
[7447.023s][debug][gc,phases      ] GC(194)   VM Weak                        Min:  0.0, Avg:  0.0, Max:  0.0, Diff:  0.0, Sum:  0.0, Workers: 4
[7447.023s][debug][gc,phases      ] GC(194)     Dead                           Min: 0, Avg:  0.0, Max: 0, Diff: 0, Sum: 0, Workers: 4
[7447.023s][debug][gc,phases      ] GC(194)     Total                          Min: 0, Avg: 226.5, Max: 906, Diff: 906, Sum: 906, Workers: 4
[7447.023s][debug][gc,phases      ] GC(194)   ObjectSynchronizer Weak        Min:  0.0, Avg:  0.0, Max:  0.0, Diff:  0.0, Sum:  0.0, Workers: 4
[7447.023s][debug][gc,phases      ] GC(194)     Dead                           Min: 0, Avg:  0.0, Max: 0, Diff: 0, Sum: 0, Workers: 4
[7447.023s][debug][gc,phases      ] GC(194)     Total                          Min: 0, Avg:  0.8, Max: 3, Diff: 3, Sum: 3, Workers: 4
[7447.023s][debug][gc,phases      ] GC(194)   JVMTI Tag Weak OopStorage      Min:  0.0, Avg:  0.0, Max:  0.0, Diff:  0.0, Sum:  0.0, Workers: 4
[7447.023s][debug][gc,phases      ] GC(194)     Dead                           Min: 0, Avg:  0.0, Max: 0, Diff: 0, Sum: 0, Workers: 4
[7447.023s][debug][gc,phases      ] GC(194)     Total                          Min: 0, Avg:  0.0, Max: 0, Diff: 0, Sum: 0, Workers: 4
[7447.023s][debug][gc,phases      ] GC(194)   StringTable Weak               Min:  0.0, Avg:  0.1, Max:  0.4, Diff:  0.4, Sum:  0.4, Workers: 4
[7447.023s][debug][gc,phases      ] GC(194)     Dead                           Min: 0, Avg:  0.0, Max: 0, Diff: 0, Sum: 0, Workers: 4
[7447.023s][debug][gc,phases      ] GC(194)     Total                          Min: 0, Avg: 12083.0, Max: 48332, Diff: 48332, Sum: 48332, Workers: 4
[7447.023s][debug][gc,phases      ] GC(194)   ResolvedMethodTable Weak       Min:  0.0, Avg:  0.0, Max:  0.2, Diff:  0.2, Sum:  0.2, Workers: 4
[7447.023s][debug][gc,phases      ] GC(194)     Dead                           Min: 0, Avg:  4.0, Max: 16, Diff: 16, Sum: 16, Workers: 4
[7447.023s][debug][gc,phases      ] GC(194)     Total                          Min: 0, Avg: 4045.5, Max: 16182, Diff: 16182, Sum: 16182, Workers: 4
[7447.023s][debug][gc,phases      ] GC(194)   JNI Weak                       Min:  0.0, Avg:  0.0, Max:  0.0, Diff:  0.0, Sum:  0.0, Workers: 4
[7447.023s][debug][gc,phases      ] GC(194)     Dead                           Min: 0, Avg:  0.0, Max: 0, Diff: 0, Sum: 0, Workers: 4
[7447.023s][debug][gc,phases      ] GC(194)     Total                          Min: 0, Avg: 13.0, Max: 52, Diff: 52, Sum: 52, Workers: 4
[7447.023s][debug][gc,phases      ] GC(194)   StringDedup Table Weak         Min:  0.0, Avg:  0.0, Max:  0.0, Diff:  0.0, Sum:  0.0, Workers: 4
[7447.023s][debug][gc,phases      ] GC(194)     Dead                           Min: 0, Avg:  0.0, Max: 0, Diff: 0, Sum: 0, Workers: 4
[7447.023s][debug][gc,phases      ] GC(194)     Total                          Min: 0, Avg:  0.0, Max: 0, Diff: 0, Sum: 0, Workers: 4
[7447.023s][debug][gc,phases      ] GC(194)   StringDedup Requests0 Weak     Min:  0.0, Avg:  0.0, Max:  0.0, Diff:  0.0, Sum:  0.0, Workers: 4
[7447.023s][debug][gc,phases      ] GC(194)     Dead                           Min: 0, Avg:  0.0, Max: 0, Diff: 0, Sum: 0, Workers: 4
[7447.023s][debug][gc,phases      ] GC(194)     Total                          Min: 0, Avg:  0.0, Max: 0, Diff: 0, Sum: 0, Workers: 4
[7447.023s][debug][gc,phases      ] GC(194)   StringDedup Requests1 Weak     Min:  0.0, Avg:  0.0, Max:  0.0, Diff:  0.0, Sum:  0.0, Workers: 4
[7447.023s][debug][gc,phases      ] GC(194)     Dead                           Min: 0, Avg:  0.0, Max: 0, Diff: 0, Sum: 0, Workers: 4
[7447.023s][debug][gc,phases      ] GC(194)     Total                          Min: 0, Avg:  0.0, Max: 0, Diff: 0, Sum: 0, Workers: 4
[7447.023s][debug][gc,phases      ] GC(194)   Weak JFR Old Object Samples    Min:  0.0, Avg:  0.0, Max:  0.0, Diff:  0.0, Sum:  0.0, Workers: 4
[7447.023s][debug][gc,phases      ] GC(194)     Dead                           Min: 0, Avg:  0.0, Max: 0, Diff: 0, Sum: 0, Workers: 4
[7447.023s][debug][gc,phases      ] GC(194)     Total                          Min: 0, Avg:  0.0, Max: 0, Diff: 0, Sum: 0, Workers: 4
[7447.023s][debug][gc,phases      ] GC(194) Weak Processing 0.856ms
[7447.023s][debug][gc,age         ] GC(194) Desired survivor size 61865984 bytes, new threshold 1 (max threshold 15)
[7447.023s][info ][gc,heap        ] GC(194) PSYoungGen: 1983168K(2032640K)->4384K(2036736K) Eden: 1968128K(1968128K)->0K(1975296K) From: 15040K(64512K)->4384K(61440K)
[7447.023s][info ][gc,heap        ] GC(194) ParOldGen: 694833K(810496K)->708118K(810496K)
[7447.023s][info ][gc,metaspace   ] GC(194) Metaspace: 112962K(114176K)->112962K(114176K) NonClass: 96210K(96896K)->96210K(96896K) Class: 16751K(17280K)->16751K(17280K)
[7447.023s][info ][gc             ] GC(194) Pause Young (Allocation Failure) 2615M->695M(2780M) 13.103ms
[7447.023s][info ][gc,cpu         ] GC(194) User=0.05s Sys=0.00s Real=0.02s
[7447.023s][info ][safepoint      ] Safepoint "ParallelGCFailedAllocation", Time since last: 8633452127 ns, Reaching safepoint: 84702 ns, Cleanup: 3900 ns, At safepoint: 13209256 ns, Total: 13297858 ns
[7450.023s][info ][safepoint      ] Safepoint "Cleanup", Time since last: 3000234079 ns, Reaching safepoint: 8000 ns, Cleanup: 8900 ns, At safepoint: 2701 ns, Total: 19601 ns
[7453.024s][info ][safepoint      ] Safepoint "Cleanup", Time since last: 3000244401 ns, Reaching safepoint: 6400 ns, Cleanup: 5700 ns, At safepoint: 2200 ns, Total: 14300 ns
[7457.024s][info ][safepoint      ] Safepoint "Cleanup", Time since last: 4000303495 ns, Reaching safepoint: 6600 ns, Cleanup: 9601 ns, At safepoint: 2700 ns, Total: 18901 ns
[7461.024s][info ][safepoint      ] Safepoint "Cleanup", Time since last: 4000318414 ns, Reaching safepoint: 6300 ns, Cleanup: 14700 ns, At safepoint: 2900 ns, Total: 23900 ns
[7462.024s][info ][safepoint      ] Safepoint "Cleanup", Time since last: 1000109804 ns, Reaching safepoint: 6500 ns, Cleanup: 9600 ns, At safepoint: 2800 ns, Total: 18900 ns
[7472.025s][info ][safepoint      ] Safepoint "Cleanup", Time since last: 10000725228 ns, Reaching safepoint: 7900 ns, Cleanup: 15900 ns, At safepoint: 2600 ns, Total: 26400 ns
[7473.775s][info ][gc,start       ] GC(195) Pause Young (Allocation Failure)
[7473.780s][debug][gc,phases      ] GC(195) Scavenge 5.024ms
[7473.780s][debug][gc,ref         ] GC(195) ReferenceProcessor::execute queues: 1, RefProcThreadModel::Single, marks_oops_alive: false
[7473.780s][debug][gc,ref         ] GC(195) Skipped KeepAliveFinalRefsPhase of Reference Processing: no references
[7473.780s][debug][gc,ref         ] GC(195) Skipped PhantomRefsPhase of Reference Processing: no references
[7473.780s][debug][gc,phases      ] GC(195) Reference Processing 0.118ms
[7473.781s][debug][gc,phases      ] GC(195)   VM Weak                        Min:  0.0, Avg:  0.0, Max:  0.0, Diff:  0.0, Sum:  0.0, Workers: 4
[7473.781s][debug][gc,phases      ] GC(195)     Dead                           Min: 0, Avg:  0.0, Max: 0, Diff: 0, Sum: 0, Workers: 4
[7473.781s][debug][gc,phases      ] GC(195)     Total                          Min: 0, Avg: 226.5, Max: 842, Diff: 842, Sum: 906, Workers: 4
[7473.781s][debug][gc,phases      ] GC(195)   ObjectSynchronizer Weak        Min:  0.0, Avg:  0.0, Max:  0.0, Diff:  0.0, Sum:  0.0, Workers: 4
[7473.781s][debug][gc,phases      ] GC(195)     Dead                           Min: 0, Avg:  0.0, Max: 0, Diff: 0, Sum: 0, Workers: 4
[7473.781s][debug][gc,phases      ] GC(195)     Total                          Min: 0, Avg:  1.0, Max: 4, Diff: 4, Sum: 4, Workers: 4
[7473.781s][debug][gc,phases      ] GC(195)   JVMTI Tag Weak OopStorage      Min:  0.0, Avg:  0.0, Max:  0.0, Diff:  0.0, Sum:  0.0, Workers: 4
[7473.781s][debug][gc,phases      ] GC(195)     Dead                           Min: 0, Avg:  0.0, Max: 0, Diff: 0, Sum: 0, Workers: 4
[7473.781s][debug][gc,phases      ] GC(195)     Total                          Min: 0, Avg:  0.0, Max: 0, Diff: 0, Sum: 0, Workers: 4
[7473.781s][debug][gc,phases      ] GC(195)   StringTable Weak               Min:  0.0, Avg:  0.1, Max:  0.1, Diff:  0.1, Sum:  0.4, Workers: 4
[7473.781s][debug][gc,phases      ] GC(195)     Dead                           Min: 0, Avg:  0.0, Max: 0, Diff: 0, Sum: 0, Workers: 4
[7473.781s][debug][gc,phases      ] GC(195)     Total                          Min: 0, Avg: 12083.0, Max: 17344, Diff: 17344, Sum: 48332, Workers: 4
[7473.781s][debug][gc,phases      ] GC(195)   ResolvedMethodTable Weak       Min:  0.0, Avg:  0.0, Max:  0.1, Diff:  0.1, Sum:  0.2, Workers: 4
[7473.781s][debug][gc,phases      ] GC(195)     Dead                           Min: 0, Avg:  4.0, Max: 11, Diff: 11, Sum: 16, Workers: 4
[7473.781s][debug][gc,phases      ] GC(195)     Total                          Min: 0, Avg: 4045.5, Max: 6078, Diff: 6078, Sum: 16182, Workers: 4
[7473.781s][debug][gc,phases      ] GC(195)   JNI Weak                       Min:  0.0, Avg:  0.0, Max:  0.0, Diff:  0.0, Sum:  0.0, Workers: 4
[7473.781s][debug][gc,phases      ] GC(195)     Dead                           Min: 0, Avg:  0.0, Max: 0, Diff: 0, Sum: 0, Workers: 4
[7473.781s][debug][gc,phases      ] GC(195)     Total                          Min: 0, Avg: 13.0, Max: 52, Diff: 52, Sum: 52, Workers: 4
[7473.781s][debug][gc,phases      ] GC(195)   StringDedup Table Weak         Min:  0.0, Avg:  0.0, Max:  0.0, Diff:  0.0, Sum:  0.0, Workers: 4
[7473.781s][debug][gc,phases      ] GC(195)     Dead                           Min: 0, Avg:  0.0, Max: 0, Diff: 0, Sum: 0, Workers: 4
[7473.781s][debug][gc,phases      ] GC(195)     Total                          Min: 0, Avg:  0.0, Max: 0, Diff: 0, Sum: 0, Workers: 4
[7473.781s][debug][gc,phases      ] GC(195)   StringDedup Requests0 Weak     Min:  0.0, Avg:  0.0, Max:  0.0, Diff:  0.0, Sum:  0.0, Workers: 4
[7473.781s][debug][gc,phases      ] GC(195)     Dead                           Min: 0, Avg:  0.0, Max: 0, Diff: 0, Sum: 0, Workers: 4
[7473.781s][debug][gc,phases      ] GC(195)     Total                          Min: 0, Avg:  0.0, Max: 0, Diff: 0, Sum: 0, Workers: 4
[7473.781s][debug][gc,phases      ] GC(195)   StringDedup Requests1 Weak     Min:  0.0, Avg:  0.0, Max:  0.0, Diff:  0.0, Sum:  0.0, Workers: 4
[7473.781s][debug][gc,phases      ] GC(195)     Dead                           Min: 0, Avg:  0.0, Max: 0, Diff: 0, Sum: 0, Workers: 4
[7473.781s][debug][gc,phases      ] GC(195)     Total                          Min: 0, Avg:  0.0, Max: 0, Diff: 0, Sum: 0, Workers: 4
[7473.781s][debug][gc,phases      ] GC(195)   Weak JFR Old Object Samples    Min:  0.0, Avg:  0.0, Max:  0.0, Diff:  0.0, Sum:  0.0, Workers: 4
[7473.781s][debug][gc,phases      ] GC(195)     Dead                           Min: 0, Avg:  0.0, Max: 0, Diff: 0, Sum: 0, Workers: 4
[7473.781s][debug][gc,phases      ] GC(195)     Total                          Min: 0, Avg:  0.0, Max: 0, Diff: 0, Sum: 0, Workers: 4
[7473.781s][debug][gc,phases      ] GC(195) Weak Processing 0.439ms
[7473.781s][debug][gc,age         ] GC(195) Desired survivor size 60293120 bytes, new threshold 1 (max threshold 15)
[7473.781s][info ][gc,heap        ] GC(195) PSYoungGen: 1979680K(2036736K)->5344K(2035712K) Eden: 1975296K(1975296K)->0K(1975296K) From: 4384K(61440K)->5344K(60416K)
[7473.781s][info ][gc,heap        ] GC(195) ParOldGen: 708118K(810496K)->709626K(810496K)
[7473.781s][info ][gc,metaspace   ] GC(195) Metaspace: 112972K(114176K)->112972K(114176K) NonClass: 96220K(96896K)->96220K(96896K) Class: 16751K(17280K)->16751K(17280K)
[7473.781s][info ][gc             ] GC(195) Pause Young (Allocation Failure) 2624M->698M(2779M) 5.719ms
[7473.781s][info ][gc,cpu         ] GC(195) User=0.02s Sys=0.00s Real=0.01s
[7473.781s][info ][safepoint      ] Safepoint "ParallelGCFailedAllocation", Time since last: 1749997301 ns, Reaching safepoint: 7401 ns, Cleanup: 4400 ns, At safepoint: 5802086 ns, Total: 5813887 ns
[7480.781s][info ][safepoint      ] Safepoint "Cleanup", Time since last: 7000499975 ns, Reaching safepoint: 7500 ns, Cleanup: 9700 ns, At safepoint: 2700 ns, Total: 19900 ns
[7494.782s][info ][safepoint      ] Safepoint "Cleanup", Time since last: 14001016099 ns, Reaching safepoint: 10900 ns, Cleanup: 12800 ns, At safepoint: 20900 ns, Total: 44600 ns
[7501.801s][info ][gc,start       ] GC(196) Pause Young (Allocation Failure)
[7501.809s][debug][gc,phases      ] GC(196) Scavenge 8.500ms
[7501.810s][debug][gc,ref         ] GC(196) ReferenceProcessor::execute queues: 1, RefProcThreadModel::Single, marks_oops_alive: false
[7501.810s][debug][gc,ref         ] GC(196) Skipped KeepAliveFinalRefsPhase of Reference Processing: no references
[7501.810s][debug][gc,ref         ] GC(196) Skipped PhantomRefsPhase of Reference Processing: no references
[7501.810s][debug][gc,phases      ] GC(196) Reference Processing 0.123ms
[7501.810s][debug][gc,phases      ] GC(196)   VM Weak                        Min:  0.0, Avg:  0.0, Max:  0.0, Diff:  0.0, Sum:  0.0, Workers: 4
[7501.810s][debug][gc,phases      ] GC(196)     Dead                           Min: 0, Avg:  0.0, Max: 0, Diff: 0, Sum: 0, Workers: 4
[7501.810s][debug][gc,phases      ] GC(196)     Total                          Min: 0, Avg: 226.5, Max: 456, Diff: 456, Sum: 906, Workers: 4
[7501.810s][debug][gc,phases      ] GC(196)   ObjectSynchronizer Weak        Min:  0.0, Avg:  0.0, Max:  0.0, Diff:  0.0, Sum:  0.0, Workers: 4
[7501.810s][debug][gc,phases      ] GC(196)     Dead                           Min: 0, Avg:  0.0, Max: 0, Diff: 0, Sum: 0, Workers: 4
[7501.810s][debug][gc,phases      ] GC(196)     Total                          Min: 0, Avg:  1.0, Max: 4, Diff: 4, Sum: 4, Workers: 4
[7501.810s][debug][gc,phases      ] GC(196)   JVMTI Tag Weak OopStorage      Min:  0.0, Avg:  0.0, Max:  0.0, Diff:  0.0, Sum:  0.0, Workers: 4
[7501.810s][debug][gc,phases      ] GC(196)     Dead                           Min: 0, Avg:  0.0, Max: 0, Diff: 0, Sum: 0, Workers: 4
[7501.810s][debug][gc,phases      ] GC(196)     Total                          Min: 0, Avg:  0.0, Max: 0, Diff: 0, Sum: 0, Workers: 4
[7501.810s][debug][gc,phases      ] GC(196)   StringTable Weak               Min:  0.0, Avg:  0.1, Max:  0.1, Diff:  0.1, Sum:  0.4, Workers: 4
[7501.810s][debug][gc,phases      ] GC(196)     Dead                           Min: 0, Avg:  0.0, Max: 0, Diff: 0, Sum: 0, Workers: 4
[7501.810s][debug][gc,phases      ] GC(196)     Total                          Min: 0, Avg: 12083.0, Max: 17280, Diff: 17280, Sum: 48332, Workers: 4
[7501.810s][debug][gc,phases      ] GC(196)   ResolvedMethodTable Weak       Min:  0.0, Avg:  0.0, Max:  0.1, Diff:  0.1, Sum:  0.2, Workers: 4
[7501.810s][debug][gc,phases      ] GC(196)     Dead                           Min: 0, Avg:  4.0, Max: 11, Diff: 11, Sum: 16, Workers: 4
[7501.810s][debug][gc,phases      ] GC(196)     Total                          Min: 0, Avg: 4045.5, Max: 5890, Diff: 5890, Sum: 16182, Workers: 4
[7501.810s][debug][gc,phases      ] GC(196)   JNI Weak                       Min:  0.0, Avg:  0.0, Max:  0.0, Diff:  0.0, Sum:  0.0, Workers: 4
[7501.810s][debug][gc,phases      ] GC(196)     Dead                           Min: 0, Avg:  0.0, Max: 0, Diff: 0, Sum: 0, Workers: 4
[7501.810s][debug][gc,phases      ] GC(196)     Total                          Min: 0, Avg: 13.0, Max: 52, Diff: 52, Sum: 52, Workers: 4
[7501.810s][debug][gc,phases      ] GC(196)   StringDedup Table Weak         Min:  0.0, Avg:  0.0, Max:  0.0, Diff:  0.0, Sum:  0.0, Workers: 4
[7501.810s][debug][gc,phases      ] GC(196)     Dead                           Min: 0, Avg:  0.0, Max: 0, Diff: 0, Sum: 0, Workers: 4
[7501.810s][debug][gc,phases      ] GC(196)     Total                          Min: 0, Avg:  0.0, Max: 0, Diff: 0, Sum: 0, Workers: 4
[7501.810s][debug][gc,phases      ] GC(196)   StringDedup Requests0 Weak     Min:  0.0, Avg:  0.0, Max:  0.0, Diff:  0.0, Sum:  0.0, Workers: 4
[7501.810s][debug][gc,phases      ] GC(196)     Dead                           Min: 0, Avg:  0.0, Max: 0, Diff: 0, Sum: 0, Workers: 4
[7501.810s][debug][gc,phases      ] GC(196)     Total                          Min: 0, Avg:  0.0, Max: 0, Diff: 0, Sum: 0, Workers: 4
[7501.810s][debug][gc,phases      ] GC(196)   StringDedup Requests1 Weak     Min:  0.0, Avg:  0.0, Max:  0.0, Diff:  0.0, Sum:  0.0, Workers: 4
[7501.810s][debug][gc,phases      ] GC(196)     Dead                           Min: 0, Avg:  0.0, Max: 0, Diff: 0, Sum: 0, Workers: 4
[7501.810s][debug][gc,phases      ] GC(196)     Total                          Min: 0, Avg:  0.0, Max: 0, Diff: 0, Sum: 0, Workers: 4
[7501.810s][debug][gc,phases      ] GC(196)   Weak JFR Old Object Samples    Min:  0.0, Avg:  0.0, Max:  0.0, Diff:  0.0, Sum:  0.0, Workers: 4
[7501.810s][debug][gc,phases      ] GC(196)     Dead                           Min: 0, Avg:  0.0, Max: 0, Diff: 0, Sum: 0, Workers: 4
[7501.810s][debug][gc,phases      ] GC(196)     Total                          Min: 0, Avg:  0.0, Max: 0, Diff: 0, Sum: 0, Workers: 4
[7501.810s][debug][gc,phases      ] GC(196) Weak Processing 0.440ms
[7501.810s][debug][gc,age         ] GC(196) Desired survivor size 58195968 bytes, new threshold 1 (max threshold 15)
[7501.810s][info ][gc,heap        ] GC(196) PSYoungGen: 1980640K(2035712K)->6352K(2040320K) Eden: 1975296K(1975296K)->0K(1981440K) From: 5344K(60416K)->6352K(58880K)
[7501.810s][info ][gc,heap        ] GC(196) ParOldGen: 709626K(810496K)->710758K(810496K)
[7501.810s][info ][gc,metaspace   ] GC(196) Metaspace: 112974K(114176K)->112974K(114176K) NonClass: 96222K(96896K)->96222K(96896K) Class: 16751K(17280K)->16751K(17280K)
[7501.810s][info ][gc             ] GC(196) Pause Young (Allocation Failure) 2627M->700M(2784M) 9.224ms
[7501.810s][info ][gc,cpu         ] GC(196) User=0.03s Sys=0.00s Real=0.00s
[7501.810s][info ][safepoint      ] Safepoint "ParallelGCFailedAllocation", Time since last: 7018233648 ns, Reaching safepoint: 82102 ns, Cleanup: 4200 ns, At safepoint: 9313055 ns, Total: 9399357 ns
[7505.560s][info ][safepoint      ] Safepoint "Cleanup", Time since last: 3750182417 ns, Reaching safepoint: 7700 ns, Cleanup: 11201 ns, At safepoint: 2600 ns, Total: 21501 ns
[7508.561s][info ][safepoint      ] Safepoint "Cleanup", Time since last: 3000260833 ns, Reaching safepoint: 8101 ns, Cleanup: 12400 ns, At safepoint: 2800 ns, Total: 23301 ns
[7513.561s][info ][safepoint      ] Safepoint "Cleanup", Time since last: 5000405840 ns, Reaching safepoint: 9400 ns, Cleanup: 11101 ns, At safepoint: 2500 ns, Total: 23001 ns
[7524.562s][info ][safepoint      ] Safepoint "Cleanup", Time since last: 11000824514 ns, Reaching safepoint: 7700 ns, Cleanup: 9800 ns, At safepoint: 2700 ns, Total: 20200 ns
[7533.563s][info ][safepoint      ] Safepoint "Cleanup", Time since last: 9000679236 ns, Reaching safepoint: 8700 ns, Cleanup: 14001 ns, At safepoint: 2800 ns, Total: 25501 ns
[7535.563s][info ][safepoint      ] Safepoint "Cleanup", Time since last: 2000201550 ns, Reaching safepoint: 8500 ns, Cleanup: 14200 ns, At safepoint: 3000 ns, Total: 25700 ns
[7540.706s][info ][gc,start       ] GC(197) Pause Young (Allocation Failure)
[7540.711s][debug][gc,phases      ] GC(197) Scavenge 5.147ms
[7540.711s][debug][gc,ref         ] GC(197) ReferenceProcessor::execute queues: 1, RefProcThreadModel::Single, marks_oops_alive: false
[7540.711s][debug][gc,ref         ] GC(197) Skipped KeepAliveFinalRefsPhase of Reference Processing: no references
[7540.711s][debug][gc,ref         ] GC(197) ReferenceProcessor::execute queues: 1, RefProcThreadModel::Single, marks_oops_alive: false
[7540.711s][debug][gc,phases      ] GC(197) Reference Processing 0.120ms
[7540.712s][debug][gc,phases      ] GC(197)   VM Weak                        Min:  0.0, Avg:  0.0, Max:  0.0, Diff:  0.0, Sum:  0.0, Workers: 4
[7540.712s][debug][gc,phases      ] GC(197)     Dead                           Min: 0, Avg:  0.0, Max: 0, Diff: 0, Sum: 0, Workers: 4
[7540.712s][debug][gc,phases      ] GC(197)     Total                          Min: 0, Avg: 226.5, Max: 658, Diff: 658, Sum: 906, Workers: 4
[7540.712s][debug][gc,phases      ] GC(197)   ObjectSynchronizer Weak        Min:  0.0, Avg:  0.0, Max:  0.0, Diff:  0.0, Sum:  0.0, Workers: 4
[7540.712s][debug][gc,phases      ] GC(197)     Dead                           Min: 0, Avg:  0.0, Max: 0, Diff: 0, Sum: 0, Workers: 4
[7540.712s][debug][gc,phases      ] GC(197)     Total                          Min: 0, Avg:  1.0, Max: 4, Diff: 4, Sum: 4, Workers: 4
[7540.712s][debug][gc,phases      ] GC(197)   JVMTI Tag Weak OopStorage      Min:  0.0, Avg:  0.0, Max:  0.0, Diff:  0.0, Sum:  0.0, Workers: 4
[7540.712s][debug][gc,phases      ] GC(197)     Dead                           Min: 0, Avg:  0.0, Max: 0, Diff: 0, Sum: 0, Workers: 4
[7540.712s][debug][gc,phases      ] GC(197)     Total                          Min: 0, Avg:  0.0, Max: 0, Diff: 0, Sum: 0, Workers: 4
[7540.712s][debug][gc,phases      ] GC(197)   StringTable Weak               Min:  0.1, Avg:  0.1, Max:  0.1, Diff:  0.0, Sum:  0.5, Workers: 4
[7540.712s][debug][gc,phases      ] GC(197)     Dead                           Min: 0, Avg:  0.0, Max: 0, Diff: 0, Sum: 0, Workers: 4
[7540.712s][debug][gc,phases      ] GC(197)     Total                          Min: 11392, Avg: 12083.2, Max: 13120, Diff: 1728, Sum: 48333, Workers: 4
[7540.712s][debug][gc,phases      ] GC(197)   ResolvedMethodTable Weak       Min:  0.0, Avg:  0.0, Max:  0.0, Diff:  0.0, Sum:  0.2, Workers: 4
[7540.712s][debug][gc,phases      ] GC(197)     Dead                           Min: 0, Avg:  4.0, Max: 10, Diff: 10, Sum: 16, Workers: 4
[7540.712s][debug][gc,phases      ] GC(197)     Total                          Min: 3883, Avg: 4045.5, Max: 4377, Diff: 494, Sum: 16182, Workers: 4
[7540.712s][debug][gc,phases      ] GC(197)   JNI Weak                       Min:  0.0, Avg:  0.0, Max:  0.0, Diff:  0.0, Sum:  0.0, Workers: 4
[7540.712s][debug][gc,phases      ] GC(197)     Dead                           Min: 0, Avg:  0.0, Max: 0, Diff: 0, Sum: 0, Workers: 4
[7540.712s][debug][gc,phases      ] GC(197)     Total                          Min: 0, Avg: 13.0, Max: 52, Diff: 52, Sum: 52, Workers: 4
[7540.712s][debug][gc,phases      ] GC(197)   StringDedup Table Weak         Min:  0.0, Avg:  0.0, Max:  0.0, Diff:  0.0, Sum:  0.0, Workers: 4
[7540.712s][debug][gc,phases      ] GC(197)     Dead                           Min: 0, Avg:  0.0, Max: 0, Diff: 0, Sum: 0, Workers: 4
[7540.712s][debug][gc,phases      ] GC(197)     Total                          Min: 0, Avg:  0.0, Max: 0, Diff: 0, Sum: 0, Workers: 4
[7540.712s][debug][gc,phases      ] GC(197)   StringDedup Requests0 Weak     Min:  0.0, Avg:  0.0, Max:  0.0, Diff:  0.0, Sum:  0.0, Workers: 4
[7540.712s][debug][gc,phases      ] GC(197)     Dead                           Min: 0, Avg:  0.0, Max: 0, Diff: 0, Sum: 0, Workers: 4
[7540.712s][debug][gc,phases      ] GC(197)     Total                          Min: 0, Avg:  0.0, Max: 0, Diff: 0, Sum: 0, Workers: 4
[7540.712s][debug][gc,phases      ] GC(197)   StringDedup Requests1 Weak     Min:  0.0, Avg:  0.0, Max:  0.0, Diff:  0.0, Sum:  0.0, Workers: 4
[7540.712s][debug][gc,phases      ] GC(197)     Dead                           Min: 0, Avg:  0.0, Max: 0, Diff: 0, Sum: 0, Workers: 4
[7540.712s][debug][gc,phases      ] GC(197)     Total                          Min: 0, Avg:  0.0, Max: 0, Diff: 0, Sum: 0, Workers: 4
[7540.712s][debug][gc,phases      ] GC(197)   Weak JFR Old Object Samples    Min:  0.0, Avg:  0.0, Max:  0.0, Diff:  0.0, Sum:  0.0, Workers: 4
[7540.712s][debug][gc,phases      ] GC(197)     Dead                           Min: 0, Avg:  0.0, Max: 0, Diff: 0, Sum: 0, Workers: 4
[7540.712s][debug][gc,phases      ] GC(197)     Total                          Min: 0, Avg:  0.0, Max: 0, Diff: 0, Sum: 0, Workers: 4
[7540.712s][debug][gc,phases      ] GC(197) Weak Processing 0.520ms
[7540.712s][debug][gc,age         ] GC(197) Desired survivor size 56623104 bytes, new threshold 1 (max threshold 15)
[7540.712s][info ][gc,heap        ] GC(197) PSYoungGen: 1987792K(2040320K)->4273K(2038272K) Eden: 1981440K(1981440K)->0K(1981440K) From: 6352K(58880K)->4273K(56832K)
[7540.712s][info ][gc,heap        ] GC(197) ParOldGen: 710758K(810496K)->714553K(810496K)
[7540.712s][info ][gc,metaspace   ] GC(197) Metaspace: 112987K(114176K)->112987K(114176K) NonClass: 96234K(96896K)->96234K(96896K) Class: 16752K(17280K)->16752K(17280K)
[7540.712s][info ][gc             ] GC(197) Pause Young (Allocation Failure) 2635M->701M(2782M) 5.950ms
[7540.712s][info ][gc,cpu         ] GC(197) User=0.02s Sys=0.00s Real=0.01s
[7540.712s][info ][safepoint      ] Safepoint "ParallelGCFailedAllocation", Time since last: 5143079551 ns, Reaching safepoint: 8500 ns, Cleanup: 4800 ns, At safepoint: 6038991 ns, Total: 6052291 ns
[7541.712s][info ][safepoint      ] Safepoint "Cleanup", Time since last: 1000093293 ns, Reaching safepoint: 8601 ns, Cleanup: 12000 ns, At safepoint: 2800 ns, Total: 23401 ns
[7543.712s][info ][safepoint      ] Safepoint "Cleanup", Time since last: 2000205186 ns, Reaching safepoint: 8501 ns, Cleanup: 11000 ns, At safepoint: 2800 ns, Total: 22301 ns
[7550.713s][info ][safepoint      ] Safepoint "Cleanup", Time since last: 7000551236 ns, Reaching safepoint: 7700 ns, Cleanup: 11401 ns, At safepoint: 2900 ns, Total: 22001 ns
[7554.713s][info ][safepoint      ] Safepoint "Cleanup", Time since last: 4000338452 ns, Reaching safepoint: 8300 ns, Cleanup: 10100 ns, At safepoint: 3200 ns, Total: 21600 ns
[7575.578s][info ][safepoint      ] Safepoint "Cleanup", Time since last: 20865199947 ns, Reaching safepoint: 6600 ns, Cleanup: 11700 ns, At safepoint: 3200 ns, Total: 21500 ns
[7577.037s][info ][gc,start       ] GC(198) Pause Young (Allocation Failure)
[7577.041s][debug][gc,phases      ] GC(198) Scavenge 4.403ms
[7577.041s][debug][gc,ref         ] GC(198) ReferenceProcessor::execute queues: 1, RefProcThreadModel::Single, marks_oops_alive: false
[7577.041s][debug][gc,ref         ] GC(198) Skipped KeepAliveFinalRefsPhase of Reference Processing: no references
[7577.041s][debug][gc,ref         ] GC(198) Skipped PhantomRefsPhase of Reference Processing: no references
[7577.041s][debug][gc,phases      ] GC(198) Reference Processing 0.125ms
[7577.042s][debug][gc,phases      ] GC(198)   VM Weak                        Min:  0.0, Avg:  0.0, Max:  0.0, Diff:  0.0, Sum:  0.0, Workers: 4
[7577.042s][debug][gc,phases      ] GC(198)     Dead                           Min: 0, Avg:  0.0, Max: 0, Diff: 0, Sum: 0, Workers: 4
[7577.042s][debug][gc,phases      ] GC(198)     Total                          Min: 0, Avg: 226.5, Max: 825, Diff: 825, Sum: 906, Workers: 4
[7577.042s][debug][gc,phases      ] GC(198)   ObjectSynchronizer Weak        Min:  0.0, Avg:  0.0, Max:  0.0, Diff:  0.0, Sum:  0.0, Workers: 4
[7577.042s][debug][gc,phases      ] GC(198)     Dead                           Min: 0, Avg:  0.0, Max: 0, Diff: 0, Sum: 0, Workers: 4
[7577.042s][debug][gc,phases      ] GC(198)     Total                          Min: 0, Avg:  1.0, Max: 4, Diff: 4, Sum: 4, Workers: 4
[7577.042s][debug][gc,phases      ] GC(198)   JVMTI Tag Weak OopStorage      Min:  0.0, Avg:  0.0, Max:  0.0, Diff:  0.0, Sum:  0.0, Workers: 4
[7577.042s][debug][gc,phases      ] GC(198)     Dead                           Min: 0, Avg:  0.0, Max: 0, Diff: 0, Sum: 0, Workers: 4
[7577.042s][debug][gc,phases      ] GC(198)     Total                          Min: 0, Avg:  0.0, Max: 0, Diff: 0, Sum: 0, Workers: 4
[7577.042s][debug][gc,phases      ] GC(198)   StringTable Weak               Min:  0.0, Avg:  0.1, Max:  0.2, Diff:  0.2, Sum:  0.4, Workers: 4
[7577.042s][debug][gc,phases      ] GC(198)     Dead                           Min: 0, Avg:  0.0, Max: 0, Diff: 0, Sum: 0, Workers: 4
[7577.042s][debug][gc,phases      ] GC(198)     Total                          Min: 0, Avg: 12083.2, Max: 24781, Diff: 24781, Sum: 48333, Workers: 4
[7577.042s][debug][gc,phases      ] GC(198)   ResolvedMethodTable Weak       Min:  0.0, Avg:  0.0, Max:  0.1, Diff:  0.1, Sum:  0.1, Workers: 4
[7577.042s][debug][gc,phases      ] GC(198)     Dead                           Min: 0, Avg:  4.0, Max: 16, Diff: 16, Sum: 16, Workers: 4
[7577.042s][debug][gc,phases      ] GC(198)     Total                          Min: 0, Avg: 4045.5, Max: 8159, Diff: 8159, Sum: 16182, Workers: 4
[7577.042s][debug][gc,phases      ] GC(198)   JNI Weak                       Min:  0.0, Avg:  0.0, Max:  0.0, Diff:  0.0, Sum:  0.0, Workers: 4
[7577.042s][debug][gc,phases      ] GC(198)     Dead                           Min: 0, Avg:  0.0, Max: 0, Diff: 0, Sum: 0, Workers: 4
[7577.042s][debug][gc,phases      ] GC(198)     Total                          Min: 0, Avg: 13.0, Max: 52, Diff: 52, Sum: 52, Workers: 4
[7577.042s][debug][gc,phases      ] GC(198)   StringDedup Table Weak         Min:  0.0, Avg:  0.0, Max:  0.0, Diff:  0.0, Sum:  0.0, Workers: 4
[7577.042s][debug][gc,phases      ] GC(198)     Dead                           Min: 0, Avg:  0.0, Max: 0, Diff: 0, Sum: 0, Workers: 4
[7577.042s][debug][gc,phases      ] GC(198)     Total                          Min: 0, Avg:  0.0, Max: 0, Diff: 0, Sum: 0, Workers: 4
[7577.042s][debug][gc,phases      ] GC(198)   StringDedup Requests0 Weak     Min:  0.0, Avg:  0.0, Max:  0.0, Diff:  0.0, Sum:  0.0, Workers: 4
[7577.042s][debug][gc,phases      ] GC(198)     Dead                           Min: 0, Avg:  0.0, Max: 0, Diff: 0, Sum: 0, Workers: 4
[7577.042s][debug][gc,phases      ] GC(198)     Total                          Min: 0, Avg:  0.0, Max: 0, Diff: 0, Sum: 0, Workers: 4
[7577.042s][debug][gc,phases      ] GC(198)   StringDedup Requests1 Weak     Min:  0.0, Avg:  0.0, Max:  0.0, Diff:  0.0, Sum:  0.0, Workers: 4
[7577.042s][debug][gc,phases      ] GC(198)     Dead                           Min: 0, Avg:  0.0, Max: 0, Diff: 0, Sum: 0, Workers: 4
[7577.042s][debug][gc,phases      ] GC(198)     Total                          Min: 0, Avg:  0.0, Max: 0, Diff: 0, Sum: 0, Workers: 4
[7577.042s][debug][gc,phases      ] GC(198)   Weak JFR Old Object Samples    Min:  0.0, Avg:  0.0, Max:  0.0, Diff:  0.0, Sum:  0.0, Workers: 4
[7577.042s][debug][gc,phases      ] GC(198)     Dead                           Min: 0, Avg:  0.0, Max: 0, Diff: 0, Sum: 0, Workers: 4
[7577.042s][debug][gc,phases      ] GC(198)     Total                          Min: 0, Avg:  0.0, Max: 0, Diff: 0, Sum: 0, Workers: 4
[7577.042s][debug][gc,phases      ] GC(198) Weak Processing 0.521ms
[7577.042s][debug][gc,age         ] GC(198) Desired survivor size 54525952 bytes, new threshold 1 (max threshold 15)
[7577.042s][info ][gc,heap        ] GC(198) PSYoungGen: 1985713K(2038272K)->3760K(2043904K) Eden: 1981440K(1981440K)->0K(1988608K) From: 4273K(56832K)->3760K(55296K)
[7577.042s][info ][gc,heap        ] GC(198) ParOldGen: 714553K(810496K)->716435K(810496K)
[7577.042s][info ][gc,metaspace   ] GC(198) Metaspace: 112995K(114176K)->112995K(114176K) NonClass: 96242K(96896K)->96242K(96896K) Class: 16752K(17280K)->16752K(17280K)
[7577.042s][info ][gc             ] GC(198) Pause Young (Allocation Failure) 2636M->703M(2787M) 5.194ms
[7577.042s][info ][gc,cpu         ] GC(198) User=0.02s Sys=0.00s Real=0.01s
[7577.042s][info ][safepoint      ] Safepoint "ParallelGCFailedAllocation", Time since last: 1458230937 ns, Reaching safepoint: 7600 ns, Cleanup: 4000 ns, At safepoint: 5279878 ns, Total: 5291478 ns
[7599.044s][info ][safepoint      ] Safepoint "Cleanup", Time since last: 22001545333 ns, Reaching safepoint: 7100 ns, Cleanup: 9400 ns, At safepoint: 2601 ns, Total: 19101 ns
[7602.044s][info ][safepoint      ] Safepoint "Cleanup", Time since last: 3000244807 ns, Reaching safepoint: 7200 ns, Cleanup: 10300 ns, At safepoint: 2800 ns, Total: 20300 ns
[7606.044s][info ][safepoint      ] Safepoint "Cleanup", Time since last: 4000312616 ns, Reaching safepoint: 7500 ns, Cleanup: 12200 ns, At safepoint: 2800 ns, Total: 22500 ns
[7613.854s][info ][gc,start       ] GC(199) Pause Young (Allocation Failure)
[7613.859s][debug][gc,phases      ] GC(199) Scavenge 4.523ms
[7613.859s][debug][gc,ref         ] GC(199) ReferenceProcessor::execute queues: 1, RefProcThreadModel::Single, marks_oops_alive: false
[7613.859s][debug][gc,ref         ] GC(199) Skipped KeepAliveFinalRefsPhase of Reference Processing: no references
[7613.859s][debug][gc,ref         ] GC(199) ReferenceProcessor::execute queues: 1, RefProcThreadModel::Single, marks_oops_alive: false
[7613.859s][debug][gc,phases      ] GC(199) Reference Processing 0.122ms
[7613.859s][debug][gc,phases      ] GC(199)   VM Weak                        Min:  0.0, Avg:  0.0, Max:  0.0, Diff:  0.0, Sum:  0.0, Workers: 4
[7613.859s][debug][gc,phases      ] GC(199)     Dead                           Min: 0, Avg:  0.0, Max: 0, Diff: 0, Sum: 0, Workers: 4
[7613.859s][debug][gc,phases      ] GC(199)     Total                          Min: 0, Avg: 226.5, Max: 451, Diff: 451, Sum: 906, Workers: 4
[7613.859s][debug][gc,phases      ] GC(199)   ObjectSynchronizer Weak        Min:  0.0, Avg:  0.0, Max:  0.0, Diff:  0.0, Sum:  0.0, Workers: 4
[7613.859s][debug][gc,phases      ] GC(199)     Dead                           Min: 0, Avg:  0.0, Max: 0, Diff: 0, Sum: 0, Workers: 4
[7613.859s][debug][gc,phases      ] GC(199)     Total                          Min: 0, Avg:  1.0, Max: 4, Diff: 4, Sum: 4, Workers: 4
[7613.859s][debug][gc,phases      ] GC(199)   JVMTI Tag Weak OopStorage      Min:  0.0, Avg:  0.0, Max:  0.0, Diff:  0.0, Sum:  0.0, Workers: 4
[7613.859s][debug][gc,phases      ] GC(199)     Dead                           Min: 0, Avg:  0.0, Max: 0, Diff: 0, Sum: 0, Workers: 4
[7613.859s][debug][gc,phases      ] GC(199)     Total                          Min: 0, Avg:  0.0, Max: 0, Diff: 0, Sum: 0, Workers: 4
[7613.859s][debug][gc,phases      ] GC(199)   StringTable Weak               Min:  0.0, Avg:  0.1, Max:  0.1, Diff:  0.1, Sum:  0.4, Workers: 4
[7613.859s][debug][gc,phases      ] GC(199)     Dead                           Min: 0, Avg:  0.0, Max: 0, Diff: 0, Sum: 0, Workers: 4
[7613.859s][debug][gc,phases      ] GC(199)     Total                          Min: 0, Avg: 12083.2, Max: 16704, Diff: 16704, Sum: 48333, Workers: 4
[7613.859s][debug][gc,phases      ] GC(199)   ResolvedMethodTable Weak       Min:  0.0, Avg:  0.0, Max:  0.1, Diff:  0.1, Sum:  0.2, Workers: 4
[7613.859s][debug][gc,phases      ] GC(199)     Dead                           Min: 0, Avg:  4.0, Max: 16, Diff: 16, Sum: 16, Workers: 4
[7613.859s][debug][gc,phases      ] GC(199)     Total                          Min: 0, Avg: 4045.5, Max: 5702, Diff: 5702, Sum: 16182, Workers: 4
[7613.859s][debug][gc,phases      ] GC(199)   JNI Weak                       Min:  0.0, Avg:  0.0, Max:  0.0, Diff:  0.0, Sum:  0.0, Workers: 4
[7613.859s][debug][gc,phases      ] GC(199)     Dead                           Min: 0, Avg:  0.0, Max: 0, Diff: 0, Sum: 0, Workers: 4
[7613.859s][debug][gc,phases      ] GC(199)     Total                          Min: 0, Avg: 13.0, Max: 52, Diff: 52, Sum: 52, Workers: 4
[7613.859s][debug][gc,phases      ] GC(199)   StringDedup Table Weak         Min:  0.0, Avg:  0.0, Max:  0.0, Diff:  0.0, Sum:  0.0, Workers: 4
[7613.859s][debug][gc,phases      ] GC(199)     Dead                           Min: 0, Avg:  0.0, Max: 0, Diff: 0, Sum: 0, Workers: 4
[7613.859s][debug][gc,phases      ] GC(199)     Total                          Min: 0, Avg:  0.0, Max: 0, Diff: 0, Sum: 0, Workers: 4
[7613.859s][debug][gc,phases      ] GC(199)   StringDedup Requests0 Weak     Min:  0.0, Avg:  0.0, Max:  0.0, Diff:  0.0, Sum:  0.0, Workers: 4
[7613.859s][debug][gc,phases      ] GC(199)     Dead                           Min: 0, Avg:  0.0, Max: 0, Diff: 0, Sum: 0, Workers: 4
[7613.859s][debug][gc,phases      ] GC(199)     Total                          Min: 0, Avg:  0.0, Max: 0, Diff: 0, Sum: 0, Workers: 4
[7613.859s][debug][gc,phases      ] GC(199)   StringDedup Requests1 Weak     Min:  0.0, Avg:  0.0, Max:  0.0, Diff:  0.0, Sum:  0.0, Workers: 4
[7613.859s][debug][gc,phases      ] GC(199)     Dead                           Min: 0, Avg:  0.0, Max: 0, Diff: 0, Sum: 0, Workers: 4
[7613.859s][debug][gc,phases      ] GC(199)     Total                          Min: 0, Avg:  0.0, Max: 0, Diff: 0, Sum: 0, Workers: 4
[7613.859s][debug][gc,phases      ] GC(199)   Weak JFR Old Object Samples    Min:  0.0, Avg:  0.0, Max:  0.0, Diff:  0.0, Sum:  0.0, Workers: 4
[7613.859s][debug][gc,phases      ] GC(199)     Dead                           Min: 0, Avg:  0.0, Max: 0, Diff: 0, Sum: 0, Workers: 4
[7613.859s][debug][gc,phases      ] GC(199)     Total                          Min: 0, Avg:  0.0, Max: 0, Diff: 0, Sum: 0, Workers: 4
[7613.859s][debug][gc,phases      ] GC(199) Weak Processing 0.448ms
[7613.859s][debug][gc,age         ] GC(199) Desired survivor size 52428800 bytes, new threshold 1 (max threshold 15)
[7613.859s][info ][gc,heap        ] GC(199) PSYoungGen: 1992368K(2043904K)->4160K(2041856K) Eden: 1988608K(1988608K)->0K(1988608K) From: 3760K(55296K)->4160K(53248K)
[7613.859s][info ][gc,heap        ] GC(199) ParOldGen: 716435K(810496K)->717411K(810496K)
[7613.859s][info ][gc,metaspace   ] GC(199) Metaspace: 113003K(114176K)->113003K(114176K) NonClass: 96250K(96896K)->96250K(96896K) Class: 16752K(17280K)->16752K(17280K)
[7613.859s][info ][gc             ] GC(199) Pause Young (Allocation Failure) 2645M->704M(2785M) 5.240ms
[7613.859s][info ][gc,cpu         ] GC(199) User=0.01s Sys=0.00s Real=0.00s
[7613.859s][info ][safepoint      ] Safepoint "ParallelGCFailedAllocation", Time since last: 7809802927 ns, Reaching safepoint: 8201 ns, Cleanup: 4700 ns, At safepoint: 5349873 ns, Total: 5362774 ns
[7636.596s][info ][safepoint      ] Safepoint "Cleanup", Time since last: 22736301409 ns, Reaching safepoint: 8600 ns, Cleanup: 11500 ns, At safepoint: 2700 ns, Total: 22800 ns
[7642.596s][info ][safepoint      ] Safepoint "Cleanup", Time since last: 6000492285 ns, Reaching safepoint: 8600 ns, Cleanup: 11600 ns, At safepoint: 2400 ns, Total: 22600 ns
[7649.597s][info ][safepoint      ] Safepoint "Cleanup", Time since last: 7000557495 ns, Reaching safepoint: 7801 ns, Cleanup: 7800 ns, At safepoint: 25000 ns, Total: 40601 ns
[7650.597s][info ][safepoint      ] Safepoint "Cleanup", Time since last: 1000112552 ns, Reaching safepoint: 8500 ns, Cleanup: 15800 ns, At safepoint: 2800 ns, Total: 27100 ns
[7651.710s][info ][gc,start       ] GC(200) Pause Young (Allocation Failure)
[7651.714s][debug][gc,phases      ] GC(200) Scavenge 3.772ms
[7651.714s][debug][gc,ref         ] GC(200) ReferenceProcessor::execute queues: 1, RefProcThreadModel::Single, marks_oops_alive: false
[7651.714s][debug][gc,ref         ] GC(200) Skipped KeepAliveFinalRefsPhase of Reference Processing: no references
[7651.714s][debug][gc,ref         ] GC(200) ReferenceProcessor::execute queues: 1, RefProcThreadModel::Single, marks_oops_alive: false
[7651.714s][debug][gc,phases      ] GC(200) Reference Processing 0.128ms
[7651.714s][debug][gc,phases      ] GC(200)   VM Weak                        Min:  0.0, Avg:  0.0, Max:  0.0, Diff:  0.0, Sum:  0.0, Workers: 4
[7651.714s][debug][gc,phases      ] GC(200)     Dead                           Min: 0, Avg:  0.0, Max: 0, Diff: 0, Sum: 0, Workers: 4
[7651.714s][debug][gc,phases      ] GC(200)     Total                          Min: 0, Avg: 226.5, Max: 489, Diff: 489, Sum: 906, Workers: 4
[7651.714s][debug][gc,phases      ] GC(200)   ObjectSynchronizer Weak        Min:  0.0, Avg:  0.0, Max:  0.0, Diff:  0.0, Sum:  0.0, Workers: 4
[7651.714s][debug][gc,phases      ] GC(200)     Dead                           Min: 0, Avg:  0.0, Max: 0, Diff: 0, Sum: 0, Workers: 4
[7651.714s][debug][gc,phases      ] GC(200)     Total                          Min: 0, Avg:  1.0, Max: 4, Diff: 4, Sum: 4, Workers: 4
[7651.714s][debug][gc,phases      ] GC(200)   JVMTI Tag Weak OopStorage      Min:  0.0, Avg:  0.0, Max:  0.0, Diff:  0.0, Sum:  0.0, Workers: 4
[7651.714s][debug][gc,phases      ] GC(200)     Dead                           Min: 0, Avg:  0.0, Max: 0, Diff: 0, Sum: 0, Workers: 4
[7651.714s][debug][gc,phases      ] GC(200)     Total                          Min: 0, Avg:  0.0, Max: 0, Diff: 0, Sum: 0, Workers: 4
[7651.714s][debug][gc,phases      ] GC(200)   StringTable Weak               Min:  0.0, Avg:  0.1, Max:  0.1, Diff:  0.1, Sum:  0.4, Workers: 4
[7651.714s][debug][gc,phases      ] GC(200)     Dead                           Min: 0, Avg:  0.0, Max: 0, Diff: 0, Sum: 0, Workers: 4
[7651.714s][debug][gc,phases      ] GC(200)     Total                          Min: 0, Avg: 12083.2, Max: 17600, Diff: 17600, Sum: 48333, Workers: 4
[7651.714s][debug][gc,phases      ] GC(200)   ResolvedMethodTable Weak       Min:  0.0, Avg:  0.0, Max:  0.1, Diff:  0.1, Sum:  0.2, Workers: 4
[7651.714s][debug][gc,phases      ] GC(200)     Dead                           Min: 0, Avg:  7.8, Max: 30, Diff: 30, Sum: 31, Workers: 4
[7651.714s][debug][gc,phases      ] GC(200)     Total                          Min: 0, Avg: 4045.8, Max: 5576, Diff: 5576, Sum: 16183, Workers: 4
[7651.714s][debug][gc,phases      ] GC(200)   JNI Weak                       Min:  0.0, Avg:  0.0, Max:  0.0, Diff:  0.0, Sum:  0.0, Workers: 4
[7651.714s][debug][gc,phases      ] GC(200)     Dead                           Min: 0, Avg:  0.0, Max: 0, Diff: 0, Sum: 0, Workers: 4
[7651.714s][debug][gc,phases      ] GC(200)     Total                          Min: 0, Avg: 13.0, Max: 52, Diff: 52, Sum: 52, Workers: 4
[7651.714s][debug][gc,phases      ] GC(200)   StringDedup Table Weak         Min:  0.0, Avg:  0.0, Max:  0.0, Diff:  0.0, Sum:  0.0, Workers: 4
[7651.714s][debug][gc,phases      ] GC(200)     Dead                           Min: 0, Avg:  0.0, Max: 0, Diff: 0, Sum: 0, Workers: 4
[7651.714s][debug][gc,phases      ] GC(200)     Total                          Min: 0, Avg:  0.0, Max: 0, Diff: 0, Sum: 0, Workers: 4
[7651.714s][debug][gc,phases      ] GC(200)   StringDedup Requests0 Weak     Min:  0.0, Avg:  0.0, Max:  0.0, Diff:  0.0, Sum:  0.0, Workers: 4
[7651.714s][debug][gc,phases      ] GC(200)     Dead                           Min: 0, Avg:  0.0, Max: 0, Diff: 0, Sum: 0, Workers: 4
[7651.714s][debug][gc,phases      ] GC(200)     Total                          Min: 0, Avg:  0.0, Max: 0, Diff: 0, Sum: 0, Workers: 4
[7651.714s][debug][gc,phases      ] GC(200)   StringDedup Requests1 Weak     Min:  0.0, Avg:  0.0, Max:  0.0, Diff:  0.0, Sum:  0.0, Workers: 4
[7651.714s][debug][gc,phases      ] GC(200)     Dead                           Min: 0, Avg:  0.0, Max: 0, Diff: 0, Sum: 0, Workers: 4
[7651.714s][debug][gc,phases      ] GC(200)     Total                          Min: 0, Avg:  0.0, Max: 0, Diff: 0, Sum: 0, Workers: 4
[7651.714s][debug][gc,phases      ] GC(200)   Weak JFR Old Object Samples    Min:  0.0, Avg:  0.0, Max:  0.0, Diff:  0.0, Sum:  0.0, Workers: 4
[7651.714s][debug][gc,phases      ] GC(200)     Dead                           Min: 0, Avg:  0.0, Max: 0, Diff: 0, Sum: 0, Workers: 4
[7651.714s][debug][gc,phases      ] GC(200)     Total                          Min: 0, Avg:  0.0, Max: 0, Diff: 0, Sum: 0, Workers: 4
[7651.714s][debug][gc,phases      ] GC(200) Weak Processing 0.458ms
[7651.714s][debug][gc,age         ] GC(200) Desired survivor size 50331648 bytes, new threshold 1 (max threshold 15)
[7651.714s][info ][gc,heap        ] GC(200) PSYoungGen: 1992768K(2041856K)->3760K(2048000K) Eden: 1988608K(1988608K)->0K(1996800K) From: 4160K(53248K)->3760K(51200K)
[7651.714s][info ][gc,heap        ] GC(200) ParOldGen: 717411K(810496K)->718628K(810496K)
[7651.714s][info ][gc,metaspace   ] GC(200) Metaspace: 113005K(114176K)->113005K(114176K) NonClass: 96252K(96896K)->96252K(96896K) Class: 16752K(17280K)->16752K(17280K)
[7651.714s][info ][gc             ] GC(200) Pause Young (Allocation Failure) 2646M->705M(2791M) 4.509ms
[7651.714s][info ][gc,cpu         ] GC(200) User=0.01s Sys=0.00s Real=0.01s
[7651.714s][info ][safepoint      ] Safepoint "ParallelGCFailedAllocation", Time since last: 1112814254 ns, Reaching safepoint: 87001 ns, Cleanup: 4800 ns, At safepoint: 4597060 ns, Total: 4688861 ns
[7652.714s][info ][safepoint      ] Safepoint "Cleanup", Time since last: 1000093979 ns, Reaching safepoint: 6600 ns, Cleanup: 11401 ns, At safepoint: 3400 ns, Total: 21401 ns
[7653.715s][info ][safepoint      ] Safepoint "Cleanup", Time since last: 1000117679 ns, Reaching safepoint: 8500 ns, Cleanup: 15801 ns, At safepoint: 2700 ns, Total: 27001 ns
[7654.715s][info ][safepoint      ] Safepoint "Cleanup", Time since last: 1000123479 ns, Reaching safepoint: 8600 ns, Cleanup: 13401 ns, At safepoint: 3300 ns, Total: 25301 ns
[7661.715s][info ][safepoint      ] Safepoint "Cleanup", Time since last: 7000551615 ns, Reaching safepoint: 8100 ns, Cleanup: 11101 ns, At safepoint: 3800 ns, Total: 23001 ns
[7683.613s][info ][safepoint      ] Safepoint "Cleanup", Time since last: 21897505208 ns, Reaching safepoint: 8801 ns, Cleanup: 12500 ns, At safepoint: 3000 ns, Total: 24301 ns
[7686.613s][info ][safepoint      ] Safepoint "Cleanup", Time since last: 3000265815 ns, Reaching safepoint: 8200 ns, Cleanup: 11500 ns, At safepoint: 2900 ns, Total: 22600 ns
[7698.060s][info ][gc,start       ] GC(201) Pause Young (Allocation Failure)
[7698.064s][debug][gc,phases      ] GC(201) Scavenge 3.140ms
[7698.064s][debug][gc,ref         ] GC(201) ReferenceProcessor::execute queues: 1, RefProcThreadModel::Single, marks_oops_alive: false
[7698.064s][debug][gc,ref         ] GC(201) Skipped KeepAliveFinalRefsPhase of Reference Processing: no references
[7698.064s][debug][gc,ref         ] GC(201) ReferenceProcessor::execute queues: 1, RefProcThreadModel::Single, marks_oops_alive: false
[7698.064s][debug][gc,phases      ] GC(201) Reference Processing 0.120ms
[7698.064s][debug][gc,phases      ] GC(201)   VM Weak                        Min:  0.0, Avg:  0.0, Max:  0.0, Diff:  0.0, Sum:  0.0, Workers: 4
[7698.064s][debug][gc,phases      ] GC(201)     Dead                           Min: 0, Avg:  0.0, Max: 0, Diff: 0, Sum: 0, Workers: 4
[7698.064s][debug][gc,phases      ] GC(201)     Total                          Min: 0, Avg: 226.5, Max: 477, Diff: 477, Sum: 906, Workers: 4
[7698.064s][debug][gc,phases      ] GC(201)   ObjectSynchronizer Weak        Min:  0.0, Avg:  0.0, Max:  0.0, Diff:  0.0, Sum:  0.0, Workers: 4
[7698.064s][debug][gc,phases      ] GC(201)     Dead                           Min: 0, Avg:  0.0, Max: 0, Diff: 0, Sum: 0, Workers: 4
[7698.064s][debug][gc,phases      ] GC(201)     Total                          Min: 0, Avg:  1.0, Max: 4, Diff: 4, Sum: 4, Workers: 4
[7698.064s][debug][gc,phases      ] GC(201)   JVMTI Tag Weak OopStorage      Min:  0.0, Avg:  0.0, Max:  0.0, Diff:  0.0, Sum:  0.0, Workers: 4
[7698.064s][debug][gc,phases      ] GC(201)     Dead                           Min: 0, Avg:  0.0, Max: 0, Diff: 0, Sum: 0, Workers: 4
[7698.064s][debug][gc,phases      ] GC(201)     Total                          Min: 0, Avg:  0.0, Max: 0, Diff: 0, Sum: 0, Workers: 4
[7698.064s][debug][gc,phases      ] GC(201)   StringTable Weak               Min:  0.0, Avg:  0.1, Max:  0.1, Diff:  0.1, Sum:  0.4, Workers: 4
[7698.064s][debug][gc,phases      ] GC(201)     Dead                           Min: 0, Avg:  0.0, Max: 0, Diff: 0, Sum: 0, Workers: 4
[7698.064s][debug][gc,phases      ] GC(201)     Total                          Min: 0, Avg: 12083.2, Max: 16205, Diff: 16205, Sum: 48333, Workers: 4
[7698.064s][debug][gc,phases      ] GC(201)   ResolvedMethodTable Weak       Min:  0.0, Avg:  0.0, Max:  0.1, Diff:  0.1, Sum:  0.2, Workers: 4
[7698.064s][debug][gc,phases      ] GC(201)     Dead                           Min: 0, Avg:  4.0, Max: 11, Diff: 11, Sum: 16, Workers: 4
[7698.064s][debug][gc,phases      ] GC(201)     Total                          Min: 0, Avg: 4045.8, Max: 5535, Diff: 5535, Sum: 16183, Workers: 4
[7698.064s][debug][gc,phases      ] GC(201)   JNI Weak                       Min:  0.0, Avg:  0.0, Max:  0.0, Diff:  0.0, Sum:  0.0, Workers: 4
[7698.064s][debug][gc,phases      ] GC(201)     Dead                           Min: 0, Avg:  0.0, Max: 0, Diff: 0, Sum: 0, Workers: 4
[7698.064s][debug][gc,phases      ] GC(201)     Total                          Min: 0, Avg: 13.0, Max: 52, Diff: 52, Sum: 52, Workers: 4
[7698.064s][debug][gc,phases      ] GC(201)   StringDedup Table Weak         Min:  0.0, Avg:  0.0, Max:  0.0, Diff:  0.0, Sum:  0.0, Workers: 4
[7698.064s][debug][gc,phases      ] GC(201)     Dead                           Min: 0, Avg:  0.0, Max: 0, Diff: 0, Sum: 0, Workers: 4
[7698.064s][debug][gc,phases      ] GC(201)     Total                          Min: 0, Avg:  0.0, Max: 0, Diff: 0, Sum: 0, Workers: 4
[7698.064s][debug][gc,phases      ] GC(201)   StringDedup Requests0 Weak     Min:  0.0, Avg:  0.0, Max:  0.0, Diff:  0.0, Sum:  0.0, Workers: 4
[7698.064s][debug][gc,phases      ] GC(201)     Dead                           Min: 0, Avg:  0.0, Max: 0, Diff: 0, Sum: 0, Workers: 4
[7698.064s][debug][gc,phases      ] GC(201)     Total                          Min: 0, Avg:  0.0, Max: 0, Diff: 0, Sum: 0, Workers: 4
[7698.064s][debug][gc,phases      ] GC(201)   StringDedup Requests1 Weak     Min:  0.0, Avg:  0.0, Max:  0.0, Diff:  0.0, Sum:  0.0, Workers: 4
[7698.064s][debug][gc,phases      ] GC(201)     Dead                           Min: 0, Avg:  0.0, Max: 0, Diff: 0, Sum: 0, Workers: 4
[7698.064s][debug][gc,phases      ] GC(201)     Total                          Min: 0, Avg:  0.0, Max: 0, Diff: 0, Sum: 0, Workers: 4
[7698.064s][debug][gc,phases      ] GC(201)   Weak JFR Old Object Samples    Min:  0.0, Avg:  0.0, Max:  0.0, Diff:  0.0, Sum:  0.0, Workers: 4
[7698.064s][debug][gc,phases      ] GC(201)     Dead                           Min: 0, Avg:  0.0, Max: 0, Diff: 0, Sum: 0, Workers: 4
[7698.064s][debug][gc,phases      ] GC(201)     Total                          Min: 0, Avg:  0.0, Max: 0, Diff: 0, Sum: 0, Workers: 4
[7698.064s][debug][gc,phases      ] GC(201) Weak Processing 0.558ms
[7698.064s][debug][gc,age         ] GC(201) Desired survivor size 48758784 bytes, new threshold 1 (max threshold 15)
[7698.064s][info ][gc,heap        ] GC(201) PSYoungGen: 2000560K(2048000K)->2640K(2045952K) Eden: 1996800K(1996800K)->0K(1996800K) From: 3760K(51200K)->2640K(49152K)
[7698.064s][info ][gc,heap        ] GC(201) ParOldGen: 718628K(810496K)->720524K(810496K)
[7698.064s][info ][gc,metaspace   ] GC(201) Metaspace: 113005K(114176K)->113005K(114176K) NonClass: 96252K(96896K)->96252K(96896K) Class: 16752K(17280K)->16752K(17280K)
[7698.064s][info ][gc             ] GC(201) Pause Young (Allocation Failure) 2655M->706M(2789M) 3.958ms
[7698.064s][info ][gc,cpu         ] GC(201) User=0.00s Sys=0.01s Real=0.00s
[7698.064s][info ][safepoint      ] Safepoint "ParallelGCFailedAllocation", Time since last: 11447100356 ns, Reaching safepoint: 8200 ns, Cleanup: 4700 ns, At safepoint: 4046250 ns, Total: 4059150 ns
[7699.064s][info ][safepoint      ] Safepoint "Cleanup", Time since last: 1000092815 ns, Reaching safepoint: 8000 ns, Cleanup: 16300 ns, At safepoint: 3000 ns, Total: 27300 ns
[7733.067s][info ][safepoint      ] Safepoint "Cleanup", Time since last: 34002375907 ns, Reaching safepoint: 7800 ns, Cleanup: 9500 ns, At safepoint: 5500 ns, Total: 22800 ns
[7744.630s][info ][safepoint      ] Safepoint "Cleanup", Time since last: 11563444787 ns, Reaching safepoint: 10600 ns, Cleanup: 12900 ns, At safepoint: 3200 ns, Total: 26700 ns
[7749.700s][info ][gc,start       ] GC(202) Pause Young (Allocation Failure)
[7749.703s][debug][gc,phases      ] GC(202) Scavenge 3.128ms
[7749.703s][debug][gc,ref         ] GC(202) ReferenceProcessor::execute queues: 1, RefProcThreadModel::Single, marks_oops_alive: false
[7749.703s][debug][gc,ref         ] GC(202) Skipped KeepAliveFinalRefsPhase of Reference Processing: no references
[7749.703s][debug][gc,ref         ] GC(202) Skipped PhantomRefsPhase of Reference Processing: no references
[7749.703s][debug][gc,phases      ] GC(202) Reference Processing 0.121ms
[7749.703s][debug][gc,phases      ] GC(202)   VM Weak                        Min:  0.0, Avg:  0.0, Max:  0.0, Diff:  0.0, Sum:  0.0, Workers: 4
[7749.703s][debug][gc,phases      ] GC(202)     Dead                           Min: 0, Avg:  0.0, Max: 0, Diff: 0, Sum: 0, Workers: 4
[7749.703s][debug][gc,phases      ] GC(202)     Total                          Min: 0, Avg: 226.5, Max: 713, Diff: 713, Sum: 906, Workers: 4
[7749.703s][debug][gc,phases      ] GC(202)   ObjectSynchronizer Weak        Min:  0.0, Avg:  0.0, Max:  0.0, Diff:  0.0, Sum:  0.0, Workers: 4
[7749.703s][debug][gc,phases      ] GC(202)     Dead                           Min: 0, Avg:  0.0, Max: 0, Diff: 0, Sum: 0, Workers: 4
[7749.703s][debug][gc,phases      ] GC(202)     Total                          Min: 0, Avg:  1.0, Max: 4, Diff: 4, Sum: 4, Workers: 4
[7749.703s][debug][gc,phases      ] GC(202)   JVMTI Tag Weak OopStorage      Min:  0.0, Avg:  0.0, Max:  0.0, Diff:  0.0, Sum:  0.0, Workers: 4
[7749.703s][debug][gc,phases      ] GC(202)     Dead                           Min: 0, Avg:  0.0, Max: 0, Diff: 0, Sum: 0, Workers: 4
[7749.703s][debug][gc,phases      ] GC(202)     Total                          Min: 0, Avg:  0.0, Max: 0, Diff: 0, Sum: 0, Workers: 4
[7749.703s][debug][gc,phases      ] GC(202)   StringTable Weak               Min:  0.0, Avg:  0.1, Max:  0.2, Diff:  0.2, Sum:  0.5, Workers: 4
[7749.703s][debug][gc,phases      ] GC(202)     Dead                           Min: 0, Avg:  0.0, Max: 0, Diff: 0, Sum: 0, Workers: 4
[7749.703s][debug][gc,phases      ] GC(202)     Total                          Min: 0, Avg: 12083.2, Max: 16704, Diff: 16704, Sum: 48333, Workers: 4
[7749.703s][debug][gc,phases      ] GC(202)   ResolvedMethodTable Weak       Min:  0.0, Avg:  0.0, Max:  0.1, Diff:  0.1, Sum:  0.2, Workers: 4
[7749.703s][debug][gc,phases      ] GC(202)     Dead                           Min: 0, Avg:  4.0, Max: 16, Diff: 16, Sum: 16, Workers: 4
[7749.703s][debug][gc,phases      ] GC(202)     Total                          Min: 0, Avg: 4045.8, Max: 5650, Diff: 5650, Sum: 16183, Workers: 4
[7749.703s][debug][gc,phases      ] GC(202)   JNI Weak                       Min:  0.0, Avg:  0.0, Max:  0.0, Diff:  0.0, Sum:  0.0, Workers: 4
[7749.703s][debug][gc,phases      ] GC(202)     Dead                           Min: 0, Avg:  0.0, Max: 0, Diff: 0, Sum: 0, Workers: 4
[7749.703s][debug][gc,phases      ] GC(202)     Total                          Min: 0, Avg: 13.0, Max: 52, Diff: 52, Sum: 52, Workers: 4
[7749.703s][debug][gc,phases      ] GC(202)   StringDedup Table Weak         Min:  0.0, Avg:  0.0, Max:  0.0, Diff:  0.0, Sum:  0.0, Workers: 4
[7749.703s][debug][gc,phases      ] GC(202)     Dead                           Min: 0, Avg:  0.0, Max: 0, Diff: 0, Sum: 0, Workers: 4
[7749.703s][debug][gc,phases      ] GC(202)     Total                          Min: 0, Avg:  0.0, Max: 0, Diff: 0, Sum: 0, Workers: 4
[7749.703s][debug][gc,phases      ] GC(202)   StringDedup Requests0 Weak     Min:  0.0, Avg:  0.0, Max:  0.0, Diff:  0.0, Sum:  0.0, Workers: 4
[7749.703s][debug][gc,phases      ] GC(202)     Dead                           Min: 0, Avg:  0.0, Max: 0, Diff: 0, Sum: 0, Workers: 4
[7749.703s][debug][gc,phases      ] GC(202)     Total                          Min: 0, Avg:  0.0, Max: 0, Diff: 0, Sum: 0, Workers: 4
[7749.703s][debug][gc,phases      ] GC(202)   StringDedup Requests1 Weak     Min:  0.0, Avg:  0.0, Max:  0.0, Diff:  0.0, Sum:  0.0, Workers: 4
[7749.703s][debug][gc,phases      ] GC(202)     Dead                           Min: 0, Avg:  0.0, Max: 0, Diff: 0, Sum: 0, Workers: 4
[7749.703s][debug][gc,phases      ] GC(202)     Total                          Min: 0, Avg:  0.0, Max: 0, Diff: 0, Sum: 0, Workers: 4
[7749.703s][debug][gc,phases      ] GC(202)   Weak JFR Old Object Samples    Min:  0.0, Avg:  0.0, Max:  0.0, Diff:  0.0, Sum:  0.0, Workers: 4
[7749.703s][debug][gc,phases      ] GC(202)     Dead                           Min: 0, Avg:  0.0, Max: 0, Diff: 0, Sum: 0, Workers: 4
[7749.703s][debug][gc,phases      ] GC(202)     Total                          Min: 0, Avg:  0.0, Max: 0, Diff: 0, Sum: 0, Workers: 4
[7749.703s][debug][gc,phases      ] GC(202) Weak Processing 0.458ms
[7749.703s][debug][gc,age         ] GC(202) Desired survivor size 46661632 bytes, new threshold 1 (max threshold 15)
[7749.703s][info ][gc,heap        ] GC(202) PSYoungGen: 1999440K(2045952K)->2944K(2051584K) Eden: 1996800K(1996800K)->0K(2003968K) From: 2640K(49152K)->2944K(47616K)
[7749.704s][info ][gc,heap        ] GC(202) ParOldGen: 720524K(810496K)->721264K(810496K)
[7749.704s][info ][gc,metaspace   ] GC(202) Metaspace: 113005K(114176K)->113005K(114176K) NonClass: 96252K(96896K)->96252K(96896K) Class: 16752K(17280K)->16752K(17280K)
[7749.704s][info ][gc             ] GC(202) Pause Young (Allocation Failure) 2656M->707M(2795M) 3.863ms
[7749.704s][info ][gc,cpu         ] GC(202) User=0.02s Sys=0.00s Real=0.01s
[7749.704s][info ][safepoint      ] Safepoint "ParallelGCFailedAllocation", Time since last: 5069289874 ns, Reaching safepoint: 8100 ns, Cleanup: 4600 ns, At safepoint: 3946744 ns, Total: 3959444 ns
[7764.705s][info ][safepoint      ] Safepoint "Cleanup", Time since last: 15001145461 ns, Reaching safepoint: 84601 ns, Cleanup: 13000 ns, At safepoint: 8100 ns, Total: 105701 ns
[7767.705s][info ][safepoint      ] Safepoint "Cleanup", Time since last: 3000264397 ns, Reaching safepoint: 80201 ns, Cleanup: 11400 ns, At safepoint: 7200 ns, Total: 98801 ns
[7780.706s][info ][safepoint      ] Safepoint "Cleanup", Time since last: 13001061823 ns, Reaching safepoint: 7400 ns, Cleanup: 11600 ns, At safepoint: 3000 ns, Total: 22000 ns
[7796.001s][info ][gc,start       ] GC(203) Pause Young (Allocation Failure)
[7796.004s][debug][gc,phases      ] GC(203) Scavenge 3.390ms
[7796.004s][debug][gc,ref         ] GC(203) ReferenceProcessor::execute queues: 1, RefProcThreadModel::Single, marks_oops_alive: false
[7796.004s][debug][gc,ref         ] GC(203) Skipped KeepAliveFinalRefsPhase of Reference Processing: no references
[7796.004s][debug][gc,ref         ] GC(203) ReferenceProcessor::execute queues: 1, RefProcThreadModel::Single, marks_oops_alive: false
[7796.004s][debug][gc,phases      ] GC(203) Reference Processing 0.140ms
[7796.005s][debug][gc,phases      ] GC(203)   VM Weak                        Min:  0.0, Avg:  0.0, Max:  0.0, Diff:  0.0, Sum:  0.0, Workers: 4
[7796.005s][debug][gc,phases      ] GC(203)     Dead                           Min: 0, Avg:  0.0, Max: 0, Diff: 0, Sum: 0, Workers: 4
[7796.005s][debug][gc,phases      ] GC(203)     Total                          Min: 0, Avg: 226.5, Max: 532, Diff: 532, Sum: 906, Workers: 4
[7796.005s][debug][gc,phases      ] GC(203)   ObjectSynchronizer Weak        Min:  0.0, Avg:  0.0, Max:  0.0, Diff:  0.0, Sum:  0.0, Workers: 4
[7796.005s][debug][gc,phases      ] GC(203)     Dead                           Min: 0, Avg:  0.0, Max: 0, Diff: 0, Sum: 0, Workers: 4
[7796.005s][debug][gc,phases      ] GC(203)     Total                          Min: 0, Avg:  1.0, Max: 4, Diff: 4, Sum: 4, Workers: 4
[7796.005s][debug][gc,phases      ] GC(203)   JVMTI Tag Weak OopStorage      Min:  0.0, Avg:  0.0, Max:  0.0, Diff:  0.0, Sum:  0.0, Workers: 4
[7796.005s][debug][gc,phases      ] GC(203)     Dead                           Min: 0, Avg:  0.0, Max: 0, Diff: 0, Sum: 0, Workers: 4
[7796.005s][debug][gc,phases      ] GC(203)     Total                          Min: 0, Avg:  0.0, Max: 0, Diff: 0, Sum: 0, Workers: 4
[7796.005s][debug][gc,phases      ] GC(203)   StringTable Weak               Min:  0.0, Avg:  0.1, Max:  0.1, Diff:  0.1, Sum:  0.4, Workers: 4
[7796.005s][debug][gc,phases      ] GC(203)     Dead                           Min: 0, Avg:  0.0, Max: 0, Diff: 0, Sum: 0, Workers: 4
[7796.005s][debug][gc,phases      ] GC(203)     Total                          Min: 0, Avg: 12083.2, Max: 16512, Diff: 16512, Sum: 48333, Workers: 4
[7796.005s][debug][gc,phases      ] GC(203)   ResolvedMethodTable Weak       Min:  0.0, Avg:  0.0, Max:  0.1, Diff:  0.1, Sum:  0.2, Workers: 4
[7796.005s][debug][gc,phases      ] GC(203)     Dead                           Min: 0, Avg:  4.0, Max: 16, Diff: 16, Sum: 16, Workers: 4
[7796.005s][debug][gc,phases      ] GC(203)     Total                          Min: 0, Avg: 4045.8, Max: 5748, Diff: 5748, Sum: 16183, Workers: 4
[7796.005s][debug][gc,phases      ] GC(203)   JNI Weak                       Min:  0.0, Avg:  0.0, Max:  0.0, Diff:  0.0, Sum:  0.0, Workers: 4
[7796.005s][debug][gc,phases      ] GC(203)     Dead                           Min: 0, Avg:  0.0, Max: 0, Diff: 0, Sum: 0, Workers: 4
[7796.005s][debug][gc,phases      ] GC(203)     Total                          Min: 0, Avg: 13.0, Max: 52, Diff: 52, Sum: 52, Workers: 4
[7796.005s][debug][gc,phases      ] GC(203)   StringDedup Table Weak         Min:  0.0, Avg:  0.0, Max:  0.0, Diff:  0.0, Sum:  0.0, Workers: 4
[7796.005s][debug][gc,phases      ] GC(203)     Dead                           Min: 0, Avg:  0.0, Max: 0, Diff: 0, Sum: 0, Workers: 4
[7796.005s][debug][gc,phases      ] GC(203)     Total                          Min: 0, Avg:  0.0, Max: 0, Diff: 0, Sum: 0, Workers: 4
[7796.005s][debug][gc,phases      ] GC(203)   StringDedup Requests0 Weak     Min:  0.0, Avg:  0.0, Max:  0.0, Diff:  0.0, Sum:  0.0, Workers: 4
[7796.005s][debug][gc,phases      ] GC(203)     Dead                           Min: 0, Avg:  0.0, Max: 0, Diff: 0, Sum: 0, Workers: 4
[7796.005s][debug][gc,phases      ] GC(203)     Total                          Min: 0, Avg:  0.0, Max: 0, Diff: 0, Sum: 0, Workers: 4
[7796.005s][debug][gc,phases      ] GC(203)   StringDedup Requests1 Weak     Min:  0.0, Avg:  0.0, Max:  0.0, Diff:  0.0, Sum:  0.0, Workers: 4
[7796.005s][debug][gc,phases      ] GC(203)     Dead                           Min: 0, Avg:  0.0, Max: 0, Diff: 0, Sum: 0, Workers: 4
[7796.005s][debug][gc,phases      ] GC(203)     Total                          Min: 0, Avg:  0.0, Max: 0, Diff: 0, Sum: 0, Workers: 4
[7796.005s][debug][gc,phases      ] GC(203)   Weak JFR Old Object Samples    Min:  0.0, Avg:  0.0, Max:  0.0, Diff:  0.0, Sum:  0.0, Workers: 4
[7796.005s][debug][gc,phases      ] GC(203)     Dead                           Min: 0, Avg:  0.0, Max: 0, Diff: 0, Sum: 0, Workers: 4
[7796.005s][debug][gc,phases      ] GC(203)     Total                          Min: 0, Avg:  0.0, Max: 0, Diff: 0, Sum: 0, Workers: 4
[7796.005s][debug][gc,phases      ] GC(203) Weak Processing 0.472ms
[7796.005s][debug][gc,age         ] GC(203) Desired survivor size 44040192 bytes, new threshold 1 (max threshold 15)
[7796.005s][info ][gc,heap        ] GC(203) PSYoungGen: 2006912K(2051584K)->3312K(2049536K) Eden: 2003968K(2003968K)->0K(2003968K) From: 2944K(47616K)->3312K(45568K)
[7796.005s][info ][gc,heap        ] GC(203) ParOldGen: 721264K(810496K)->722205K(810496K)
[7796.005s][info ][gc,metaspace   ] GC(203) Metaspace: 113007K(114176K)->113007K(114176K) NonClass: 96254K(96896K)->96254K(96896K) Class: 16752K(17280K)->16752K(17280K)
[7796.005s][info ][gc             ] GC(203) Pause Young (Allocation Failure) 2664M->708M(2793M) 4.153ms
[7796.005s][info ][gc,cpu         ] GC(203) User=0.01s Sys=0.00s Real=0.00s
[7796.005s][info ][safepoint      ] Safepoint "ParallelGCFailedAllocation", Time since last: 15294377563 ns, Reaching safepoint: 79201 ns, Cleanup: 4100 ns, At safepoint: 4241443 ns, Total: 4324744 ns
[7815.649s][info ][safepoint      ] Safepoint "Cleanup", Time since last: 19644017359 ns, Reaching safepoint: 81401 ns, Cleanup: 11100 ns, At safepoint: 6400 ns, Total: 98901 ns
[7817.649s][info ][safepoint      ] Safepoint "Cleanup", Time since last: 2000191942 ns, Reaching safepoint: 82101 ns, Cleanup: 9800 ns, At safepoint: 6601 ns, Total: 98502 ns
[7849.091s][info ][gc,start       ] GC(204) Pause Young (Allocation Failure)
[7849.095s][debug][gc,phases      ] GC(204) Scavenge 3.266ms
[7849.095s][debug][gc,ref         ] GC(204) ReferenceProcessor::execute queues: 1, RefProcThreadModel::Single, marks_oops_alive: false
[7849.095s][debug][gc,ref         ] GC(204) Skipped KeepAliveFinalRefsPhase of Reference Processing: no references
[7849.095s][debug][gc,ref         ] GC(204) ReferenceProcessor::execute queues: 1, RefProcThreadModel::Single, marks_oops_alive: false
[7849.095s][debug][gc,phases      ] GC(204) Reference Processing 0.121ms
[7849.095s][debug][gc,phases      ] GC(204)   VM Weak                        Min:  0.0, Avg:  0.0, Max:  0.0, Diff:  0.0, Sum:  0.0, Workers: 4
[7849.095s][debug][gc,phases      ] GC(204)     Dead                           Min: 0, Avg:  0.0, Max: 0, Diff: 0, Sum: 0, Workers: 4
[7849.095s][debug][gc,phases      ] GC(204)     Total                          Min: 0, Avg: 226.5, Max: 542, Diff: 542, Sum: 906, Workers: 4
[7849.095s][debug][gc,phases      ] GC(204)   ObjectSynchronizer Weak        Min:  0.0, Avg:  0.0, Max:  0.0, Diff:  0.0, Sum:  0.0, Workers: 4
[7849.095s][debug][gc,phases      ] GC(204)     Dead                           Min: 0, Avg:  0.0, Max: 0, Diff: 0, Sum: 0, Workers: 4
[7849.095s][debug][gc,phases      ] GC(204)     Total                          Min: 0, Avg:  1.0, Max: 4, Diff: 4, Sum: 4, Workers: 4
[7849.095s][debug][gc,phases      ] GC(204)   JVMTI Tag Weak OopStorage      Min:  0.0, Avg:  0.0, Max:  0.0, Diff:  0.0, Sum:  0.0, Workers: 4
[7849.095s][debug][gc,phases      ] GC(204)     Dead                           Min: 0, Avg:  0.0, Max: 0, Diff: 0, Sum: 0, Workers: 4
[7849.095s][debug][gc,phases      ] GC(204)     Total                          Min: 0, Avg:  0.0, Max: 0, Diff: 0, Sum: 0, Workers: 4
[7849.095s][debug][gc,phases      ] GC(204)   StringTable Weak               Min:  0.0, Avg:  0.1, Max:  0.1, Diff:  0.1, Sum:  0.4, Workers: 4
[7849.095s][debug][gc,phases      ] GC(204)     Dead                           Min: 0, Avg:  0.0, Max: 0, Diff: 0, Sum: 0, Workers: 4
[7849.095s][debug][gc,phases      ] GC(204)     Total                          Min: 0, Avg: 12083.2, Max: 16576, Diff: 16576, Sum: 48333, Workers: 4
[7849.095s][debug][gc,phases      ] GC(204)   ResolvedMethodTable Weak       Min:  0.0, Avg:  0.0, Max:  0.1, Diff:  0.1, Sum:  0.2, Workers: 4
[7849.095s][debug][gc,phases      ] GC(204)     Dead                           Min: 0, Avg:  4.0, Max: 16, Diff: 16, Sum: 16, Workers: 4
[7849.095s][debug][gc,phases      ] GC(204)     Total                          Min: 0, Avg: 4045.8, Max: 5898, Diff: 5898, Sum: 16183, Workers: 4
[7849.095s][debug][gc,phases      ] GC(204)   JNI Weak                       Min:  0.0, Avg:  0.0, Max:  0.0, Diff:  0.0, Sum:  0.0, Workers: 4
[7849.095s][debug][gc,phases      ] GC(204)     Dead                           Min: 0, Avg:  0.0, Max: 0, Diff: 0, Sum: 0, Workers: 4
[7849.095s][debug][gc,phases      ] GC(204)     Total                          Min: 0, Avg: 13.0, Max: 52, Diff: 52, Sum: 52, Workers: 4
[7849.095s][debug][gc,phases      ] GC(204)   StringDedup Table Weak         Min:  0.0, Avg:  0.0, Max:  0.0, Diff:  0.0, Sum:  0.0, Workers: 4
[7849.095s][debug][gc,phases      ] GC(204)     Dead                           Min: 0, Avg:  0.0, Max: 0, Diff: 0, Sum: 0, Workers: 4
[7849.095s][debug][gc,phases      ] GC(204)     Total                          Min: 0, Avg:  0.0, Max: 0, Diff: 0, Sum: 0, Workers: 4
[7849.095s][debug][gc,phases      ] GC(204)   StringDedup Requests0 Weak     Min:  0.0, Avg:  0.0, Max:  0.0, Diff:  0.0, Sum:  0.0, Workers: 4
[7849.095s][debug][gc,phases      ] GC(204)     Dead                           Min: 0, Avg:  0.0, Max: 0, Diff: 0, Sum: 0, Workers: 4
[7849.095s][debug][gc,phases      ] GC(204)     Total                          Min: 0, Avg:  0.0, Max: 0, Diff: 0, Sum: 0, Workers: 4
[7849.095s][debug][gc,phases      ] GC(204)   StringDedup Requests1 Weak     Min:  0.0, Avg:  0.0, Max:  0.0, Diff:  0.0, Sum:  0.0, Workers: 4
[7849.095s][debug][gc,phases      ] GC(204)     Dead                           Min: 0, Avg:  0.0, Max: 0, Diff: 0, Sum: 0, Workers: 4
[7849.095s][debug][gc,phases      ] GC(204)     Total                          Min: 0, Avg:  0.0, Max: 0, Diff: 0, Sum: 0, Workers: 4
[7849.095s][debug][gc,phases      ] GC(204)   Weak JFR Old Object Samples    Min:  0.0, Avg:  0.0, Max:  0.0, Diff:  0.0, Sum:  0.0, Workers: 4
[7849.095s][debug][gc,phases      ] GC(204)     Dead                           Min: 0, Avg:  0.0, Max: 0, Diff: 0, Sum: 0, Workers: 4
[7849.095s][debug][gc,phases      ] GC(204)     Total                          Min: 0, Avg:  0.0, Max: 0, Diff: 0, Sum: 0, Workers: 4
[7849.095s][debug][gc,phases      ] GC(204) Weak Processing 0.448ms
[7849.095s][debug][gc,age         ] GC(204) Desired survivor size 41943040 bytes, new threshold 1 (max threshold 15)
[7849.095s][info ][gc,heap        ] GC(204) PSYoungGen: 2007280K(2049536K)->2784K(2056192K) Eden: 2003968K(2003968K)->0K(2013184K) From: 3312K(45568K)->2784K(43008K)
[7849.095s][info ][gc,heap        ] GC(204) ParOldGen: 722205K(810496K)->723577K(810496K)
[7849.095s][info ][gc,metaspace   ] GC(204) Metaspace: 113008K(114176K)->113008K(114176K) NonClass: 96255K(96896K)->96255K(96896K) Class: 16752K(17280K)->16752K(17280K)
[7849.095s][info ][gc             ] GC(204) Pause Young (Allocation Failure) 2665M->709M(2799M) 3.978ms
[7849.095s][info ][gc,cpu         ] GC(204) User=0.01s Sys=0.00s Real=0.01s
[7849.095s][info ][safepoint      ] Safepoint "ParallelGCFailedAllocation", Time since last: 31441884828 ns, Reaching safepoint: 8900 ns, Cleanup: 4000 ns, At safepoint: 4068242 ns, Total: 4081142 ns
[7866.666s][info ][safepoint      ] Safepoint "Cleanup", Time since last: 17570515629 ns, Reaching safepoint: 9201 ns, Cleanup: 13700 ns, At safepoint: 3000 ns, Total: 25901 ns
[7867.666s][info ][safepoint      ] Safepoint "Cleanup", Time since last: 1000143197 ns, Reaching safepoint: 9700 ns, Cleanup: 13700 ns, At safepoint: 3500 ns, Total: 26900 ns
[7872.666s][info ][safepoint      ] Safepoint "Cleanup", Time since last: 5000414781 ns, Reaching safepoint: 9000 ns, Cleanup: 13600 ns, At safepoint: 2700 ns, Total: 25300 ns
[7874.667s][info ][safepoint      ] Safepoint "Cleanup", Time since last: 2000204122 ns, Reaching safepoint: 8000 ns, Cleanup: 11600 ns, At safepoint: 2600 ns, Total: 22200 ns
[7875.667s][info ][safepoint      ] Safepoint "Cleanup", Time since last: 1000122254 ns, Reaching safepoint: 7600 ns, Cleanup: 11100 ns, At safepoint: 2600 ns, Total: 21300 ns
[7877.667s][info ][safepoint      ] Safepoint "Cleanup", Time since last: 2000185907 ns, Reaching safepoint: 7900 ns, Cleanup: 10900 ns, At safepoint: 3200 ns, Total: 22000 ns
[7878.667s][info ][safepoint      ] Safepoint "Cleanup", Time since last: 1000144255 ns, Reaching safepoint: 8000 ns, Cleanup: 10400 ns, At safepoint: 2500 ns, Total: 20900 ns
[7880.667s][info ][safepoint      ] Safepoint "Cleanup", Time since last: 2000190907 ns, Reaching safepoint: 8000 ns, Cleanup: 14700 ns, At safepoint: 2500 ns, Total: 25200 ns
[7881.900s][info ][safepoint      ] Safepoint "ParallelGCFailedAllocation", Time since last: 1231972277 ns, Reaching safepoint: 83701 ns, Cleanup: 4600 ns, At safepoint: 21201 ns, Total: 109502 ns
[7881.900s][info ][gc,start       ] GC(205) Pause Young (GCLocker Initiated GC)
[7881.914s][debug][gc,phases      ] GC(205) Scavenge 14.245ms
[7881.914s][debug][gc,ref         ] GC(205) ReferenceProcessor::execute queues: 1, RefProcThreadModel::Single, marks_oops_alive: false
[7881.914s][debug][gc,ref         ] GC(205) Skipped KeepAliveFinalRefsPhase of Reference Processing: no references
[7881.914s][debug][gc,ref         ] GC(205) ReferenceProcessor::execute queues: 1, RefProcThreadModel::Single, marks_oops_alive: false
[7881.914s][debug][gc,phases      ] GC(205) Reference Processing 0.123ms
[7881.915s][debug][gc,phases      ] GC(205)   VM Weak                        Min:  0.0, Avg:  0.0, Max:  0.0, Diff:  0.0, Sum:  0.0, Workers: 4
[7881.915s][debug][gc,phases      ] GC(205)     Dead                           Min: 0, Avg:  0.0, Max: 0, Diff: 0, Sum: 0, Workers: 4
[7881.915s][debug][gc,phases      ] GC(205)     Total                          Min: 0, Avg: 226.5, Max: 880, Diff: 880, Sum: 906, Workers: 4
[7881.915s][debug][gc,phases      ] GC(205)   ObjectSynchronizer Weak        Min:  0.0, Avg:  0.0, Max:  0.0, Diff:  0.0, Sum:  0.0, Workers: 4
[7881.915s][debug][gc,phases      ] GC(205)     Dead                           Min: 0, Avg:  0.0, Max: 0, Diff: 0, Sum: 0, Workers: 4
[7881.915s][debug][gc,phases      ] GC(205)     Total                          Min: 0, Avg:  1.0, Max: 4, Diff: 4, Sum: 4, Workers: 4
[7881.915s][debug][gc,phases      ] GC(205)   JVMTI Tag Weak OopStorage      Min:  0.0, Avg:  0.0, Max:  0.0, Diff:  0.0, Sum:  0.0, Workers: 4
[7881.915s][debug][gc,phases      ] GC(205)     Dead                           Min: 0, Avg:  0.0, Max: 0, Diff: 0, Sum: 0, Workers: 4
[7881.915s][debug][gc,phases      ] GC(205)     Total                          Min: 0, Avg:  0.0, Max: 0, Diff: 0, Sum: 0, Workers: 4
[7881.915s][debug][gc,phases      ] GC(205)   StringTable Weak               Min:  0.0, Avg:  0.1, Max:  0.1, Diff:  0.1, Sum:  0.4, Workers: 4
[7881.915s][debug][gc,phases      ] GC(205)     Dead                           Min: 0, Avg:  0.0, Max: 0, Diff: 0, Sum: 0, Workers: 4
[7881.915s][debug][gc,phases      ] GC(205)     Total                          Min: 0, Avg: 12083.2, Max: 17805, Diff: 17805, Sum: 48333, Workers: 4
[7881.915s][debug][gc,phases      ] GC(205)   ResolvedMethodTable Weak       Min:  0.0, Avg:  0.0, Max:  0.1, Diff:  0.1, Sum:  0.2, Workers: 4
[7881.915s][debug][gc,phases      ] GC(205)     Dead                           Min: 0, Avg:  0.0, Max: 0, Diff: 0, Sum: 0, Workers: 4
[7881.915s][debug][gc,phases      ] GC(205)     Total                          Min: 0, Avg: 4045.8, Max: 6207, Diff: 6207, Sum: 16183, Workers: 4
[7881.915s][debug][gc,phases      ] GC(205)   JNI Weak                       Min:  0.0, Avg:  0.0, Max:  0.0, Diff:  0.0, Sum:  0.0, Workers: 4
[7881.915s][debug][gc,phases      ] GC(205)     Dead                           Min: 0, Avg:  0.0, Max: 0, Diff: 0, Sum: 0, Workers: 4
[7881.915s][debug][gc,phases      ] GC(205)     Total                          Min: 0, Avg: 13.0, Max: 52, Diff: 52, Sum: 52, Workers: 4
[7881.915s][debug][gc,phases      ] GC(205)   StringDedup Table Weak         Min:  0.0, Avg:  0.0, Max:  0.0, Diff:  0.0, Sum:  0.0, Workers: 4
[7881.915s][debug][gc,phases      ] GC(205)     Dead                           Min: 0, Avg:  0.0, Max: 0, Diff: 0, Sum: 0, Workers: 4
[7881.915s][debug][gc,phases      ] GC(205)     Total                          Min: 0, Avg:  0.0, Max: 0, Diff: 0, Sum: 0, Workers: 4
[7881.915s][debug][gc,phases      ] GC(205)   StringDedup Requests0 Weak     Min:  0.0, Avg:  0.0, Max:  0.0, Diff:  0.0, Sum:  0.0, Workers: 4
[7881.915s][debug][gc,phases      ] GC(205)     Dead                           Min: 0, Avg:  0.0, Max: 0, Diff: 0, Sum: 0, Workers: 4
[7881.915s][debug][gc,phases      ] GC(205)     Total                          Min: 0, Avg:  0.0, Max: 0, Diff: 0, Sum: 0, Workers: 4
[7881.915s][debug][gc,phases      ] GC(205)   StringDedup Requests1 Weak     Min:  0.0, Avg:  0.0, Max:  0.0, Diff:  0.0, Sum:  0.0, Workers: 4
[7881.915s][debug][gc,phases      ] GC(205)     Dead                           Min: 0, Avg:  0.0, Max: 0, Diff: 0, Sum: 0, Workers: 4
[7881.915s][debug][gc,phases      ] GC(205)     Total                          Min: 0, Avg:  0.0, Max: 0, Diff: 0, Sum: 0, Workers: 4
[7881.915s][debug][gc,phases      ] GC(205)   Weak JFR Old Object Samples    Min:  0.0, Avg:  0.0, Max:  0.0, Diff:  0.0, Sum:  0.0, Workers: 4
[7881.915s][debug][gc,phases      ] GC(205)     Dead                           Min: 0, Avg:  0.0, Max: 0, Diff: 0, Sum: 0, Workers: 4
[7881.915s][debug][gc,phases      ] GC(205)     Total                          Min: 0, Avg:  0.0, Max: 0, Diff: 0, Sum: 0, Workers: 4
[7881.915s][debug][gc,phases      ] GC(205) Weak Processing 0.451ms
[7881.915s][debug][gc,age         ] GC(205) Desired survivor size 44564480 bytes, new threshold 1 (max threshold 15)
[7881.915s][info ][gc,heap        ] GC(205) PSYoungGen: 2015968K(2056192K)->24160K(2037760K) Eden: 2013184K(2013184K)->0K(2013184K) From: 2784K(43008K)->24160K(24576K)
[7881.915s][info ][gc,heap        ] GC(205) ParOldGen: 724089K(810496K)->724381K(810496K)
[7881.915s][info ][gc,metaspace   ] GC(205) Metaspace: 113026K(114176K)->113026K(114176K) NonClass: 96273K(96896K)->96273K(96896K) Class: 16752K(17280K)->16752K(17280K)
[7881.915s][info ][gc             ] GC(205) Pause Young (GCLocker Initiated GC) 2675M->730M(2781M) 14.943ms
[7881.915s][info ][gc,cpu         ] GC(205) User=0.05s Sys=0.00s Real=0.01s
[7881.915s][info ][safepoint      ] Safepoint "ParallelGCSystemGC", Time since last: 402804 ns, Reaching safepoint: 75401 ns, Cleanup: 1000 ns, At safepoint: 15025357 ns, Total: 15101758 ns
[7887.916s][info ][safepoint      ] Safepoint "Cleanup", Time since last: 6000445594 ns, Reaching safepoint: 8700 ns, Cleanup: 12100 ns, At safepoint: 2800 ns, Total: 23600 ns
[7888.916s][info ][safepoint      ] Safepoint "Cleanup", Time since last: 1000116819 ns, Reaching safepoint: 80200 ns, Cleanup: 26201 ns, At safepoint: 6400 ns, Total: 112801 ns
[7890.916s][info ][safepoint      ] Safepoint "Cleanup", Time since last: 2000174383 ns, Reaching safepoint: 7400 ns, Cleanup: 7700 ns, At safepoint: 2500 ns, Total: 17600 ns
[7891.916s][info ][safepoint      ] Safepoint "Cleanup", Time since last: 1000113375 ns, Reaching safepoint: 8300 ns, Cleanup: 12100 ns, At safepoint: 2700 ns, Total: 23100 ns
[7892.916s][info ][safepoint      ] Safepoint "Cleanup", Time since last: 1000114174 ns, Reaching safepoint: 7801 ns, Cleanup: 73700 ns, At safepoint: 2700 ns, Total: 84201 ns
[7893.916s][info ][safepoint      ] Safepoint "Cleanup", Time since last: 1000117375 ns, Reaching safepoint: 7900 ns, Cleanup: 13000 ns, At safepoint: 2900 ns, Total: 23800 ns
[7894.917s][info ][safepoint      ] Safepoint "Cleanup", Time since last: 1000114175 ns, Reaching safepoint: 9000 ns, Cleanup: 63500 ns, At safepoint: 2500 ns, Total: 75000 ns
[7895.917s][info ][safepoint      ] Safepoint "Cleanup", Time since last: 1000115775 ns, Reaching safepoint: 7600 ns, Cleanup: 14500 ns, At safepoint: 2600 ns, Total: 24700 ns
[7905.918s][info ][safepoint      ] Safepoint "Cleanup", Time since last: 10000789392 ns, Reaching safepoint: 7300 ns, Cleanup: 16100 ns, At safepoint: 2900 ns, Total: 26300 ns
[7906.918s][info ][safepoint      ] Safepoint "Cleanup", Time since last: 1000120700 ns, Reaching safepoint: 7300 ns, Cleanup: 10000 ns, At safepoint: 2900 ns, Total: 20200 ns
[7910.803s][info ][gc,start       ] GC(206) Pause Young (Allocation Failure)
[7910.822s][debug][gc,phases      ] GC(206) Scavenge 18.140ms
[7910.822s][debug][gc,ref         ] GC(206) ReferenceProcessor::execute queues: 1, RefProcThreadModel::Single, marks_oops_alive: false
[7910.822s][debug][gc,ref         ] GC(206) Skipped KeepAliveFinalRefsPhase of Reference Processing: no references
[7910.822s][debug][gc,ref         ] GC(206) ReferenceProcessor::execute queues: 1, RefProcThreadModel::Single, marks_oops_alive: false
[7910.822s][debug][gc,phases      ] GC(206) Reference Processing 0.122ms
[7910.822s][debug][gc,phases      ] GC(206)   VM Weak                        Min:  0.0, Avg:  0.0, Max:  0.0, Diff:  0.0, Sum:  0.0, Workers: 4
[7910.822s][debug][gc,phases      ] GC(206)     Dead                           Min: 0, Avg:  0.0, Max: 0, Diff: 0, Sum: 0, Workers: 4
[7910.822s][debug][gc,phases      ] GC(206)     Total                          Min: 0, Avg: 226.5, Max: 675, Diff: 675, Sum: 906, Workers: 4
[7910.822s][debug][gc,phases      ] GC(206)   ObjectSynchronizer Weak        Min:  0.0, Avg:  0.0, Max:  0.0, Diff:  0.0, Sum:  0.0, Workers: 4
[7910.822s][debug][gc,phases      ] GC(206)     Dead                           Min: 0, Avg:  0.0, Max: 0, Diff: 0, Sum: 0, Workers: 4
[7910.822s][debug][gc,phases      ] GC(206)     Total                          Min: 0, Avg:  1.0, Max: 4, Diff: 4, Sum: 4, Workers: 4
[7910.822s][debug][gc,phases      ] GC(206)   JVMTI Tag Weak OopStorage      Min:  0.0, Avg:  0.0, Max:  0.0, Diff:  0.0, Sum:  0.0, Workers: 4
[7910.822s][debug][gc,phases      ] GC(206)     Dead                           Min: 0, Avg:  0.0, Max: 0, Diff: 0, Sum: 0, Workers: 4
[7910.822s][debug][gc,phases      ] GC(206)     Total                          Min: 0, Avg:  0.0, Max: 0, Diff: 0, Sum: 0, Workers: 4
[7910.822s][debug][gc,phases      ] GC(206)   StringTable Weak               Min:  0.1, Avg:  0.1, Max:  0.1, Diff:  0.0, Sum:  0.4, Workers: 4
[7910.822s][debug][gc,phases      ] GC(206)     Dead                           Min: 0, Avg:  0.0, Max: 0, Diff: 0, Sum: 0, Workers: 4
[7910.822s][debug][gc,phases      ] GC(206)     Total                          Min: 11264, Avg: 12083.5, Max: 13248, Diff: 1984, Sum: 48334, Workers: 4
[7910.822s][debug][gc,phases      ] GC(206)   ResolvedMethodTable Weak       Min:  0.0, Avg:  0.0, Max:  0.0, Diff:  0.0, Sum:  0.2, Workers: 4
[7910.822s][debug][gc,phases      ] GC(206)     Dead                           Min: 0, Avg:  4.0, Max: 16, Diff: 16, Sum: 16, Workers: 4
[7910.822s][debug][gc,phases      ] GC(206)     Total                          Min: 3578, Avg: 4046.0, Max: 4517, Diff: 939, Sum: 16184, Workers: 4
[7910.822s][debug][gc,phases      ] GC(206)   JNI Weak                       Min:  0.0, Avg:  0.0, Max:  0.0, Diff:  0.0, Sum:  0.0, Workers: 4
[7910.822s][debug][gc,phases      ] GC(206)     Dead                           Min: 0, Avg:  0.0, Max: 0, Diff: 0, Sum: 0, Workers: 4
[7910.822s][debug][gc,phases      ] GC(206)     Total                          Min: 0, Avg: 13.0, Max: 52, Diff: 52, Sum: 52, Workers: 4
[7910.822s][debug][gc,phases      ] GC(206)   StringDedup Table Weak         Min:  0.0, Avg:  0.0, Max:  0.0, Diff:  0.0, Sum:  0.0, Workers: 4
[7910.822s][debug][gc,phases      ] GC(206)     Dead                           Min: 0, Avg:  0.0, Max: 0, Diff: 0, Sum: 0, Workers: 4
[7910.822s][debug][gc,phases      ] GC(206)     Total                          Min: 0, Avg:  0.0, Max: 0, Diff: 0, Sum: 0, Workers: 4
[7910.822s][debug][gc,phases      ] GC(206)   StringDedup Requests0 Weak     Min:  0.0, Avg:  0.0, Max:  0.0, Diff:  0.0, Sum:  0.0, Workers: 4
[7910.822s][debug][gc,phases      ] GC(206)     Dead                           Min: 0, Avg:  0.0, Max: 0, Diff: 0, Sum: 0, Workers: 4
[7910.822s][debug][gc,phases      ] GC(206)     Total                          Min: 0, Avg:  0.0, Max: 0, Diff: 0, Sum: 0, Workers: 4
[7910.822s][debug][gc,phases      ] GC(206)   StringDedup Requests1 Weak     Min:  0.0, Avg:  0.0, Max:  0.0, Diff:  0.0, Sum:  0.0, Workers: 4
[7910.822s][debug][gc,phases      ] GC(206)     Dead                           Min: 0, Avg:  0.0, Max: 0, Diff: 0, Sum: 0, Workers: 4
[7910.822s][debug][gc,phases      ] GC(206)     Total                          Min: 0, Avg:  0.0, Max: 0, Diff: 0, Sum: 0, Workers: 4
[7910.822s][debug][gc,phases      ] GC(206)   Weak JFR Old Object Samples    Min:  0.0, Avg:  0.0, Max:  0.0, Diff:  0.0, Sum:  0.0, Workers: 4
[7910.822s][debug][gc,phases      ] GC(206)     Dead                           Min: 0, Avg:  0.0, Max: 0, Diff: 0, Sum: 0, Workers: 4
[7910.822s][debug][gc,phases      ] GC(206)     Total                          Min: 0, Avg:  0.0, Max: 0, Diff: 0, Sum: 0, Workers: 4
[7910.822s][debug][gc,phases      ] GC(206) Weak Processing 0.403ms
[7910.822s][debug][gc,age         ] GC(206) Desired survivor size 48758784 bytes, new threshold 1 (max threshold 15)
[7910.822s][info ][gc,heap        ] GC(206) PSYoungGen: 2037344K(2037760K)->30128K(2045440K) Eden: 2013184K(2013184K)->0K(2001920K) From: 24160K(24576K)->30128K(43520K)
[7910.822s][info ][gc,heap        ] GC(206) ParOldGen: 724385K(810496K)->745861K(810496K)
[7910.822s][info ][gc,metaspace   ] GC(206) Metaspace: 113036K(114240K)->113036K(114240K) NonClass: 96282K(96960K)->96282K(96960K) Class: 16753K(17280K)->16753K(17280K)
[7910.822s][info ][gc             ] GC(206) Pause Young (Allocation Failure) 2697M->757M(2789M) 18.825ms
[7910.822s][info ][gc,cpu         ] GC(206) User=0.08s Sys=0.00s Real=0.02s
[7910.822s][info ][safepoint      ] Safepoint "ParallelGCFailedAllocation", Time since last: 3885590341 ns, Reaching safepoint: 87901 ns, Cleanup: 9300 ns, At safepoint: 18919295 ns, Total: 19016496 ns
[7912.822s][info ][safepoint      ] Safepoint "Cleanup", Time since last: 2000161138 ns, Reaching safepoint: 7200 ns, Cleanup: 15600 ns, At safepoint: 2400 ns, Total: 25200 ns
[7914.823s][info ][safepoint      ] Safepoint "Cleanup", Time since last: 2000201480 ns, Reaching safepoint: 7600 ns, Cleanup: 12900 ns, At safepoint: 2800 ns, Total: 23300 ns
[7915.823s][info ][safepoint      ] Safepoint "Cleanup", Time since last: 1000103898 ns, Reaching safepoint: 7600 ns, Cleanup: 25601 ns, At safepoint: 2400 ns, Total: 35601 ns
[7920.823s][info ][safepoint      ] Safepoint "Cleanup", Time since last: 5000393590 ns, Reaching safepoint: 7300 ns, Cleanup: 11500 ns, At safepoint: 2600 ns, Total: 21400 ns
[7930.683s][info ][safepoint      ] Safepoint "Cleanup", Time since last: 9859843713 ns, Reaching safepoint: 7000 ns, Cleanup: 9500 ns, At safepoint: 27600 ns, Total: 44100 ns
[7931.683s][info ][safepoint      ] Safepoint "Cleanup", Time since last: 1000108486 ns, Reaching safepoint: 7200 ns, Cleanup: 39300 ns, At safepoint: 2500 ns, Total: 49000 ns
[7932.683s][info ][safepoint      ] Safepoint "Cleanup", Time since last: 1000129886 ns, Reaching safepoint: 11200 ns, Cleanup: 41501 ns, At safepoint: 4400 ns, Total: 57101 ns
[7935.684s][info ][safepoint      ] Safepoint "Cleanup", Time since last: 3000271156 ns, Reaching safepoint: 10000 ns, Cleanup: 14800 ns, At safepoint: 3300 ns, Total: 28100 ns
[7936.684s][info ][safepoint      ] Safepoint "Cleanup", Time since last: 1000143686 ns, Reaching safepoint: 7200 ns, Cleanup: 13200 ns, At safepoint: 3000 ns, Total: 23400 ns
[7937.684s][info ][safepoint      ] Safepoint "Cleanup", Time since last: 1000115686 ns, Reaching safepoint: 6600 ns, Cleanup: 19300 ns, At safepoint: 2900 ns, Total: 28800 ns
[7938.684s][info ][safepoint      ] Safepoint "Cleanup", Time since last: 1000117321 ns, Reaching safepoint: 8700 ns, Cleanup: 15100 ns, At safepoint: 3000 ns, Total: 26800 ns
[7941.685s][info ][safepoint      ] Safepoint "Cleanup", Time since last: 3000258990 ns, Reaching safepoint: 7300 ns, Cleanup: 11500 ns, At safepoint: 2700 ns, Total: 21500 ns
[7944.685s][info ][safepoint      ] Safepoint "Cleanup", Time since last: 3000253489 ns, Reaching safepoint: 7500 ns, Cleanup: 11200 ns, At safepoint: 2800 ns, Total: 21500 ns
[7959.686s][info ][safepoint      ] Safepoint "Cleanup", Time since last: 15001251912 ns, Reaching safepoint: 7000 ns, Cleanup: 15400 ns, At safepoint: 2600 ns, Total: 25000 ns
[7962.450s][info ][gc,start       ] GC(207) Pause Young (Allocation Failure)
[7962.461s][debug][gc,phases      ] GC(207) Scavenge 10.389ms
[7962.461s][debug][gc,ref         ] GC(207) ReferenceProcessor::execute queues: 1, RefProcThreadModel::Single, marks_oops_alive: false
[7962.461s][debug][gc,ref         ] GC(207) Skipped KeepAliveFinalRefsPhase of Reference Processing: no references
[7962.461s][debug][gc,ref         ] GC(207) ReferenceProcessor::execute queues: 1, RefProcThreadModel::Single, marks_oops_alive: false
[7962.461s][debug][gc,phases      ] GC(207) Reference Processing 0.121ms
[7962.461s][debug][gc,phases      ] GC(207)   VM Weak                        Min:  0.0, Avg:  0.0, Max:  0.0, Diff:  0.0, Sum:  0.0, Workers: 4
[7962.461s][debug][gc,phases      ] GC(207)     Dead                           Min: 0, Avg:  0.0, Max: 0, Diff: 0, Sum: 0, Workers: 4
[7962.461s][debug][gc,phases      ] GC(207)     Total                          Min: 0, Avg: 226.5, Max: 450, Diff: 450, Sum: 906, Workers: 4
[7962.461s][debug][gc,phases      ] GC(207)   ObjectSynchronizer Weak        Min:  0.0, Avg:  0.0, Max:  0.0, Diff:  0.0, Sum:  0.0, Workers: 4
[7962.461s][debug][gc,phases      ] GC(207)     Dead                           Min: 0, Avg:  0.0, Max: 0, Diff: 0, Sum: 0, Workers: 4
[7962.461s][debug][gc,phases      ] GC(207)     Total                          Min: 0, Avg:  1.0, Max: 4, Diff: 4, Sum: 4, Workers: 4
[7962.461s][debug][gc,phases      ] GC(207)   JVMTI Tag Weak OopStorage      Min:  0.0, Avg:  0.0, Max:  0.0, Diff:  0.0, Sum:  0.0, Workers: 4
[7962.461s][debug][gc,phases      ] GC(207)     Dead                           Min: 0, Avg:  0.0, Max: 0, Diff: 0, Sum: 0, Workers: 4
[7962.461s][debug][gc,phases      ] GC(207)     Total                          Min: 0, Avg:  0.0, Max: 0, Diff: 0, Sum: 0, Workers: 4
[7962.461s][debug][gc,phases      ] GC(207)   StringTable Weak               Min:  0.0, Avg:  0.1, Max:  0.2, Diff:  0.2, Sum:  0.5, Workers: 4
[7962.461s][debug][gc,phases      ] GC(207)     Dead                           Min: 0, Avg:  0.5, Max: 2, Diff: 2, Sum: 2, Workers: 4
[7962.461s][debug][gc,phases      ] GC(207)     Total                          Min: 0, Avg: 12088.2, Max: 17216, Diff: 17216, Sum: 48353, Workers: 4
[7962.461s][debug][gc,phases      ] GC(207)   ResolvedMethodTable Weak       Min:  0.0, Avg:  0.0, Max:  0.1, Diff:  0.1, Sum:  0.2, Workers: 4
[7962.461s][debug][gc,phases      ] GC(207)     Dead                           Min: 0, Avg:  4.2, Max: 17, Diff: 17, Sum: 17, Workers: 4
[7962.461s][debug][gc,phases      ] GC(207)     Total                          Min: 0, Avg: 4051.0, Max: 5988, Diff: 5988, Sum: 16204, Workers: 4
[7962.461s][debug][gc,phases      ] GC(207)   JNI Weak                       Min:  0.0, Avg:  0.0, Max:  0.0, Diff:  0.0, Sum:  0.0, Workers: 4
[7962.461s][debug][gc,phases      ] GC(207)     Dead                           Min: 0, Avg:  0.0, Max: 0, Diff: 0, Sum: 0, Workers: 4
[7962.461s][debug][gc,phases      ] GC(207)     Total                          Min: 0, Avg: 13.0, Max: 52, Diff: 52, Sum: 52, Workers: 4
[7962.461s][debug][gc,phases      ] GC(207)   StringDedup Table Weak         Min:  0.0, Avg:  0.0, Max:  0.0, Diff:  0.0, Sum:  0.0, Workers: 4
[7962.461s][debug][gc,phases      ] GC(207)     Dead                           Min: 0, Avg:  0.0, Max: 0, Diff: 0, Sum: 0, Workers: 4
[7962.461s][debug][gc,phases      ] GC(207)     Total                          Min: 0, Avg:  0.0, Max: 0, Diff: 0, Sum: 0, Workers: 4
[7962.461s][debug][gc,phases      ] GC(207)   StringDedup Requests0 Weak     Min:  0.0, Avg:  0.0, Max:  0.0, Diff:  0.0, Sum:  0.0, Workers: 4
[7962.461s][debug][gc,phases      ] GC(207)     Dead                           Min: 0, Avg:  0.0, Max: 0, Diff: 0, Sum: 0, Workers: 4
[7962.461s][debug][gc,phases      ] GC(207)     Total                          Min: 0, Avg:  0.0, Max: 0, Diff: 0, Sum: 0, Workers: 4
[7962.461s][debug][gc,phases      ] GC(207)   StringDedup Requests1 Weak     Min:  0.0, Avg:  0.0, Max:  0.0, Diff:  0.0, Sum:  0.0, Workers: 4
[7962.461s][debug][gc,phases      ] GC(207)     Dead                           Min: 0, Avg:  0.0, Max: 0, Diff: 0, Sum: 0, Workers: 4
[7962.461s][debug][gc,phases      ] GC(207)     Total                          Min: 0, Avg:  0.0, Max: 0, Diff: 0, Sum: 0, Workers: 4
[7962.461s][debug][gc,phases      ] GC(207)   Weak JFR Old Object Samples    Min:  0.0, Avg:  0.0, Max:  0.0, Diff:  0.0, Sum:  0.0, Workers: 4
[7962.461s][debug][gc,phases      ] GC(207)     Dead                           Min: 0, Avg:  0.0, Max: 0, Diff: 0, Sum: 0, Workers: 4
[7962.461s][debug][gc,phases      ] GC(207)     Total                          Min: 0, Avg:  0.0, Max: 0, Diff: 0, Sum: 0, Workers: 4
[7962.461s][debug][gc,phases      ] GC(207) Weak Processing 0.474ms
[7962.461s][debug][gc,age         ] GC(207) Desired survivor size 46661632 bytes, new threshold 1 (max threshold 15)
[7962.461s][info ][gc,heap        ] GC(207) PSYoungGen: 2032048K(2045440K)->2800K(2049536K) Eden: 2001920K(2001920K)->0K(2001920K) From: 30128K(43520K)->2800K(47616K)
[7962.461s][info ][gc,heap        ] GC(207) ParOldGen: 745861K(810496K)->774306K(810496K)
[7962.461s][info ][gc,metaspace   ] GC(207) Metaspace: 113088K(114240K)->113088K(114240K) NonClass: 96321K(96960K)->96321K(96960K) Class: 16766K(17280K)->16766K(17280K)
[7962.461s][info ][gc             ] GC(207) Pause Young (Allocation Failure) 2712M->758M(2793M) 11.135ms
[7962.461s][info ][gc,cpu         ] GC(207) User=0.04s Sys=0.00s Real=0.02s
[7962.461s][info ][safepoint      ] Safepoint "ParallelGCFailedAllocation", Time since last: 2764034010 ns, Reaching safepoint: 87014 ns, Cleanup: 14819 ns, At safepoint: 11225540 ns, Total: 11327373 ns
[7969.462s][info ][safepoint      ] Safepoint "Cleanup", Time since last: 7000529047 ns, Reaching safepoint: 7700 ns, Cleanup: 11500 ns, At safepoint: 29001 ns, Total: 48201 ns
[7975.463s][info ][safepoint      ] Safepoint "Cleanup", Time since last: 6000468732 ns, Reaching safepoint: 6300 ns, Cleanup: 9800 ns, At safepoint: 2900 ns, Total: 19000 ns
[7983.700s][info ][safepoint      ] Safepoint "Cleanup", Time since last: 8237777728 ns, Reaching safepoint: 8000 ns, Cleanup: 10001 ns, At safepoint: 3401 ns, Total: 21402 ns
[8103.056s][info ][safepoint      ] Safepoint "JFRCheckpoint", Time since last: 119354885062 ns, Reaching safepoint: 783239 ns, Cleanup: 19001 ns, At safepoint: 23801 ns, Total: 826041 ns
[8103.061s][info ][gc,heap,exit   ] Heap
[8103.061s][info ][gc,heap,exit   ]  PSYoungGen      total 2049536K, used 978426K [0x0000000780000000, 0x0000000800000000, 0x0000000800000000)
[8103.061s][info ][gc,heap,exit   ]   eden space 2001920K, 48% used [0x0000000780000000,0x00000007bb8c27a8,0x00000007fa300000)
[8103.061s][info ][gc,heap,exit   ]   from space 47616K, 5% used [0x00000007fa300000,0x00000007fa5bc108,0x00000007fd180000)
[8103.061s][info ][gc,heap,exit   ]   to   space 45568K, 0% used [0x00000007fd380000,0x00000007fd380000,0x0000000800000000)
[8103.061s][info ][gc,heap,exit   ]  ParOldGen       total 810496K, used 774306K [0x00000006c0000000, 0x00000006f1780000, 0x0000000780000000)
[8103.061s][info ][gc,heap,exit   ]   object space 810496K, 95% used [0x00000006c0000000,0x00000006ef428980,0x00000006f1780000)
[8103.061s][info ][gc,heap,exit   ]  Metaspace       used 113175K, committed 114432K, reserved 1179648K
[8103.061s][info ][gc,heap,exit   ]   class space    used 16780K, committed 17344K, reserved 1048576K
