[0.005s][info][gc,init] CardTable entry size: 512
[0.005s][info][gc     ] Using Parallel
[0.006s][info][gc,init] Version: 21.0.6+7-LTS (release)
[0.006s][info][gc,init] CPUs: 4 total, 4 available
[0.006s][info][gc,init] Memory: 15991M
[0.006s][info][gc,init] Large Page Support: Disabled
[0.006s][info][gc,init] NUMA Support: Disabled
[0.006s][info][gc,init] Compressed Oops: Enabled (Zero based)
[0.006s][info][gc,init] Alignments: Space 512K, Generation 512K, Heap 2M
[0.006s][info][gc,init] Heap Min Capacity: 2054M
[0.006s][info][gc,init] Heap Initial Capacity: 2054M
[0.006s][info][gc,init] Heap Max Capacity: 5G
[0.006s][info][gc,init] Pre-touch: Disabled
[0.006s][info][gc,init] Parallel Workers: 4
[0.017s][info][gc,metaspace] CDS archive(s) mapped at: [0x00007fba69000000-0x00007fba69c97000-0x00007fba69c97000), size 13201408, SharedBaseAddress: 0x00007fba69000000, ArchiveRelocationMode: 1.
[0.017s][info][gc,metaspace] Compressed class space mapped at: 0x00007fba6a000000-0x00007fbaaa000000, reserved size: 1073741824
[0.017s][info][gc,metaspace] Narrow klass base: 0x00007fba69000000, Narrow klass shift: 0, Narrow klass range: 0x100000000
[0.263s][info][safepoint   ] Safepoint "ICBufferFull", Time since last: 238380612 ns, Reaching safepoint: 4401 ns, Cleanup: 104506 ns, At safepoint: 2100 ns, Total: 111007 ns
[0.517s][info][safepoint   ] Safepoint "RedefineClasses", Time since last: 246794721 ns, Reaching safepoint: 3800 ns, Cleanup: 220813 ns, At safepoint: 6862915 ns, Total: 7087528 ns
[0.602s][info][safepoint   ] Safepoint "JFRCheckpoint", Time since last: 85004639 ns, Reaching safepoint: 79205 ns, Cleanup: 52403 ns, At safepoint: 11601 ns, Total: 143209 ns
[1.353s][info][safepoint   ] Safepoint "ICBufferFull", Time since last: 751087309 ns, Reaching safepoint: 3100 ns, Cleanup: 114007 ns, At safepoint: 12900 ns, Total: 130007 ns
[1.888s][info][safepoint   ] Safepoint "ICBufferFull", Time since last: 535059949 ns, Reaching safepoint: 3500 ns, Cleanup: 132908 ns, At safepoint: 2500 ns, Total: 138908 ns
[2.080s][info][gc,start    ] GC(0) Pause Young (Metadata GC Threshold)
[2.101s][debug][gc,phases   ] GC(0) Scavenge 20.689ms
[2.101s][debug][gc,ref      ] GC(0) ReferenceProcessor::execute queues: 2, RefProcThreadModel::Multi, marks_oops_alive: false
[2.101s][debug][gc,ref      ] GC(0) ReferenceProcessor::execute queues: 4, RefProcThreadModel::Multi, marks_oops_alive: true
[2.102s][debug][gc,ref      ] GC(0) ReferenceProcessor::execute queues: 1, RefProcThreadModel::Single, marks_oops_alive: false
[2.102s][debug][gc,phases   ] GC(0) Reference Processing 0.783ms
[2.102s][debug][gc,phases   ] GC(0)   VM Weak                        Min:  0.0, Avg:  0.0, Max:  0.0, Diff:  0.0, Sum:  0.0, Workers: 4
[2.102s][debug][gc,phases   ] GC(0)     Dead                           Min: 0, Avg:  0.0, Max: 0, Diff: 0, Sum: 0, Workers: 4
[2.102s][debug][gc,phases   ] GC(0)     Total                          Min: 0, Avg: 60.0, Max: 176, Diff: 176, Sum: 240, Workers: 4
[2.102s][debug][gc,phases   ] GC(0)   ObjectSynchronizer Weak        Min:  0.0, Avg:  0.0, Max:  0.0, Diff:  0.0, Sum:  0.0, Workers: 4
[2.102s][debug][gc,phases   ] GC(0)     Dead                           Min: 0, Avg:  0.8, Max: 3, Diff: 3, Sum: 3, Workers: 4
[2.102s][debug][gc,phases   ] GC(0)     Total                          Min: 0, Avg:  2.2, Max: 9, Diff: 9, Sum: 9, Workers: 4
[2.102s][debug][gc,phases   ] GC(0)   JVMTI Tag Weak OopStorage      Min:  0.0, Avg:  0.0, Max:  0.0, Diff:  0.0, Sum:  0.0, Workers: 4
[2.102s][debug][gc,phases   ] GC(0)     Dead                           Min: 0, Avg:  0.0, Max: 0, Diff: 0, Sum: 0, Workers: 4
[2.102s][debug][gc,phases   ] GC(0)     Total                          Min: 0, Avg:  0.0, Max: 0, Diff: 0, Sum: 0, Workers: 4
[2.102s][debug][gc,phases   ] GC(0)   StringTable Weak               Min:  0.0, Avg:  0.1, Max:  0.1, Diff:  0.1, Sum:  0.3, Workers: 4
[2.102s][debug][gc,phases   ] GC(0)     Dead                           Min: 0, Avg:  7.5, Max: 19, Diff: 19, Sum: 30, Workers: 4
[2.102s][debug][gc,phases   ] GC(0)     Total                          Min: 0, Avg: 1999.8, Max: 2880, Diff: 2880, Sum: 7999, Workers: 4
[2.102s][debug][gc,phases   ] GC(0)   ResolvedMethodTable Weak       Min:  0.0, Avg:  0.0, Max:  0.0, Diff:  0.0, Sum:  0.1, Workers: 4
[2.102s][debug][gc,phases   ] GC(0)     Dead                           Min: 0, Avg: 102.5, Max: 189, Diff: 189, Sum: 410, Workers: 4
[2.102s][debug][gc,phases   ] GC(0)     Total                          Min: 0, Avg: 482.5, Max: 650, Diff: 650, Sum: 1930, Workers: 4
[2.102s][debug][gc,phases   ] GC(0)   JNI Weak                       Min:  0.0, Avg:  0.0, Max:  0.0, Diff:  0.0, Sum:  0.0, Workers: 4
[2.102s][debug][gc,phases   ] GC(0)     Dead                           Min: 0, Avg:  0.0, Max: 0, Diff: 0, Sum: 0, Workers: 4
[2.102s][debug][gc,phases   ] GC(0)     Total                          Min: 0, Avg: 12.0, Max: 48, Diff: 48, Sum: 48, Workers: 4
[2.102s][debug][gc,phases   ] GC(0)   StringDedup Table Weak         Min:  0.0, Avg:  0.0, Max:  0.0, Diff:  0.0, Sum:  0.0, Workers: 4
[2.102s][debug][gc,phases   ] GC(0)     Dead                           Min: 0, Avg:  0.0, Max: 0, Diff: 0, Sum: 0, Workers: 4
[2.102s][debug][gc,phases   ] GC(0)     Total                          Min: 0, Avg:  0.0, Max: 0, Diff: 0, Sum: 0, Workers: 4
[2.102s][debug][gc,phases   ] GC(0)   StringDedup Requests0 Weak     Min:  0.0, Avg:  0.0, Max:  0.0, Diff:  0.0, Sum:  0.0, Workers: 4
[2.102s][debug][gc,phases   ] GC(0)     Dead                           Min: 0, Avg:  0.0, Max: 0, Diff: 0, Sum: 0, Workers: 4
[2.102s][debug][gc,phases   ] GC(0)     Total                          Min: 0, Avg:  0.0, Max: 0, Diff: 0, Sum: 0, Workers: 4
[2.102s][debug][gc,phases   ] GC(0)   StringDedup Requests1 Weak     Min:  0.0, Avg:  0.0, Max:  0.0, Diff:  0.0, Sum:  0.0, Workers: 4
[2.102s][debug][gc,phases   ] GC(0)     Dead                           Min: 0, Avg:  0.0, Max: 0, Diff: 0, Sum: 0, Workers: 4
[2.102s][debug][gc,phases   ] GC(0)     Total                          Min: 0, Avg:  0.0, Max: 0, Diff: 0, Sum: 0, Workers: 4
[2.102s][debug][gc,phases   ] GC(0)   Weak JFR Old Object Samples    Min:  0.0, Avg:  0.0, Max:  0.0, Diff:  0.0, Sum:  0.0, Workers: 4
[2.102s][debug][gc,phases   ] GC(0)     Dead                           Min: 0, Avg:  0.0, Max: 0, Diff: 0, Sum: 0, Workers: 4
[2.102s][debug][gc,phases   ] GC(0)     Total                          Min: 0, Avg:  0.0, Max: 0, Diff: 0, Sum: 0, Workers: 4
[2.102s][debug][gc,phases   ] GC(0) Weak Processing 0.374ms
[2.102s][debug][gc,age      ] GC(0) Desired survivor size 536870912 bytes, new threshold 7 (max threshold 15)
[2.102s][info ][gc,heap     ] GC(0) PSYoungGen: 372084K(1572864K)->37899K(1572864K) Eden: 372084K(1048576K)->0K(1048576K) From: 0K(524288K)->37899K(524288K)
[2.102s][info ][gc,heap     ] GC(0) ParOldGen: 1073K(6144K)->1153K(6144K)
[2.102s][info ][gc,metaspace] GC(0) Metaspace: 21139K(21504K)->21139K(21504K) NonClass: 18800K(19008K)->18800K(19008K) Class: 2339K(2496K)->2339K(2496K)
[2.102s][info ][gc          ] GC(0) Pause Young (Metadata GC Threshold) 364M->38M(1542M) 22.267ms
[2.102s][info ][gc,cpu      ] GC(0) User=0.08s Sys=0.01s Real=0.02s
[2.102s][debug][gc,phases   ] GC(1) Pre Compact 0.009ms
[2.102s][info ][gc,start    ] GC(1) Pause Full (Metadata GC Threshold)
[2.102s][info ][gc,phases,start] GC(1) Marking Phase
[2.118s][debug][gc,phases      ] GC(1) Par Mark 15.575ms
[2.118s][debug][gc,ref         ] GC(1) ReferenceProcessor::execute queues: 1, RefProcThreadModel::Single, marks_oops_alive: false
[2.118s][debug][gc,ref         ] GC(1) ReferenceProcessor::execute queues: 4, RefProcThreadModel::Multi, marks_oops_alive: true
[2.118s][debug][gc,ref         ] GC(1) ReferenceProcessor::execute queues: 1, RefProcThreadModel::Single, marks_oops_alive: false
[2.118s][debug][gc,phases      ] GC(1) Reference Processing 0.158ms
[2.118s][debug][gc,phases      ] GC(1)   VM Weak                        Min:  0.0, Avg:  0.0, Max:  0.0, Diff:  0.0, Sum:  0.0, Workers: 4
[2.118s][debug][gc,phases      ] GC(1)     Dead                           Min: 0, Avg:  0.0, Max: 0, Diff: 0, Sum: 0, Workers: 4
[2.118s][debug][gc,phases      ] GC(1)     Total                          Min: 0, Avg: 60.0, Max: 240, Diff: 240, Sum: 240, Workers: 4
[2.118s][debug][gc,phases      ] GC(1)   ObjectSynchronizer Weak        Min:  0.0, Avg:  0.0, Max:  0.0, Diff:  0.0, Sum:  0.0, Workers: 4
[2.118s][debug][gc,phases      ] GC(1)     Dead                           Min: 0, Avg:  0.0, Max: 0, Diff: 0, Sum: 0, Workers: 4
[2.118s][debug][gc,phases      ] GC(1)     Total                          Min: 0, Avg:  2.2, Max: 9, Diff: 9, Sum: 9, Workers: 4
[2.118s][debug][gc,phases      ] GC(1)   JVMTI Tag Weak OopStorage      Min:  0.0, Avg:  0.0, Max:  0.0, Diff:  0.0, Sum:  0.0, Workers: 4
[2.118s][debug][gc,phases      ] GC(1)     Dead                           Min: 0, Avg:  0.0, Max: 0, Diff: 0, Sum: 0, Workers: 4
[2.118s][debug][gc,phases      ] GC(1)     Total                          Min: 0, Avg:  0.0, Max: 0, Diff: 0, Sum: 0, Workers: 4
[2.118s][debug][gc,phases      ] GC(1)   StringTable Weak               Min:  0.0, Avg:  0.0, Max:  0.0, Diff:  0.0, Sum:  0.1, Workers: 4
[2.118s][debug][gc,phases      ] GC(1)     Dead                           Min: 0, Avg:  0.0, Max: 0, Diff: 0, Sum: 0, Workers: 4
[2.118s][debug][gc,phases      ] GC(1)     Total                          Min: 0, Avg: 1999.8, Max: 2944, Diff: 2944, Sum: 7999, Workers: 4
[2.118s][debug][gc,phases      ] GC(1)   ResolvedMethodTable Weak       Min:  0.0, Avg:  0.0, Max:  0.0, Diff:  0.0, Sum:  0.0, Workers: 4
[2.118s][debug][gc,phases      ] GC(1)     Dead                           Min: 0, Avg:  0.0, Max: 0, Diff: 0, Sum: 0, Workers: 4
[2.118s][debug][gc,phases      ] GC(1)     Total                          Min: 0, Avg: 482.5, Max: 650, Diff: 650, Sum: 1930, Workers: 4
[2.118s][debug][gc,phases      ] GC(1)   JNI Weak                       Min:  0.0, Avg:  0.0, Max:  0.0, Diff:  0.0, Sum:  0.0, Workers: 4
[2.118s][debug][gc,phases      ] GC(1)     Dead                           Min: 0, Avg:  0.0, Max: 0, Diff: 0, Sum: 0, Workers: 4
[2.118s][debug][gc,phases      ] GC(1)     Total                          Min: 0, Avg: 12.0, Max: 48, Diff: 48, Sum: 48, Workers: 4
[2.118s][debug][gc,phases      ] GC(1)   StringDedup Table Weak         Min:  0.0, Avg:  0.0, Max:  0.0, Diff:  0.0, Sum:  0.0, Workers: 4
[2.118s][debug][gc,phases      ] GC(1)     Dead                           Min: 0, Avg:  0.0, Max: 0, Diff: 0, Sum: 0, Workers: 4
[2.118s][debug][gc,phases      ] GC(1)     Total                          Min: 0, Avg:  0.0, Max: 0, Diff: 0, Sum: 0, Workers: 4
[2.118s][debug][gc,phases      ] GC(1)   StringDedup Requests0 Weak     Min:  0.0, Avg:  0.0, Max:  0.0, Diff:  0.0, Sum:  0.0, Workers: 4
[2.118s][debug][gc,phases      ] GC(1)     Dead                           Min: 0, Avg:  0.0, Max: 0, Diff: 0, Sum: 0, Workers: 4
[2.118s][debug][gc,phases      ] GC(1)     Total                          Min: 0, Avg:  0.0, Max: 0, Diff: 0, Sum: 0, Workers: 4
[2.119s][debug][gc,phases      ] GC(1)   StringDedup Requests1 Weak     Min:  0.0, Avg:  0.0, Max:  0.0, Diff:  0.0, Sum:  0.0, Workers: 4
[2.119s][debug][gc,phases      ] GC(1)     Dead                           Min: 0, Avg:  0.0, Max: 0, Diff: 0, Sum: 0, Workers: 4
[2.119s][debug][gc,phases      ] GC(1)     Total                          Min: 0, Avg:  0.0, Max: 0, Diff: 0, Sum: 0, Workers: 4
[2.119s][debug][gc,phases      ] GC(1)   Weak JFR Old Object Samples    Min:  0.0, Avg:  0.0, Max:  0.0, Diff:  0.0, Sum:  0.0, Workers: 4
[2.119s][debug][gc,phases      ] GC(1)     Dead                           Min: 0, Avg:  0.0, Max: 0, Diff: 0, Sum: 0, Workers: 4
[2.119s][debug][gc,phases      ] GC(1)     Total                          Min: 0, Avg:  0.0, Max: 0, Diff: 0, Sum: 0, Workers: 4
[2.119s][debug][gc,phases      ] GC(1) Weak Processing 0.339ms
[2.119s][debug][gc,phases      ] GC(1) ClassLoaderData 0.029ms
[2.119s][debug][gc,phases      ] GC(1) Trigger cleanups 0.000ms
[2.125s][debug][gc,phases      ] GC(1) Purge Unlinked NMethods 0.003ms
[2.125s][debug][gc,phases      ] GC(1) Unregister NMethods 0.019ms
[2.125s][debug][gc,phases      ] GC(1) Free Code Blobs 0.001ms
[2.125s][debug][gc,phases      ] GC(1) Class Unloading 6.719ms
[2.125s][debug][gc,phases      ] GC(1) Report Object Count 0.005ms
[2.125s][info ][gc,phases      ] GC(1) Marking Phase 22.880ms
[2.125s][info ][gc,phases,start] GC(1) Summary Phase
[2.125s][info ][gc,phases      ] GC(1) Summary Phase 0.007ms
[2.125s][info ][gc,phases,start] GC(1) Adjust Roots
[2.130s][info ][gc,phases      ] GC(1) Adjust Roots 4.662ms
[2.130s][info ][gc,phases,start] GC(1) Compaction Phase
[2.152s][info ][gc,phases      ] GC(1) Compaction Phase 21.773ms
[2.152s][info ][gc,phases,start] GC(1) Post Compact
[2.153s][debug][gc,phases      ] GC(1) Purge Class Loader Data 0.919ms
[2.154s][info ][gc,phases      ] GC(1) Post Compact 1.853ms
[2.154s][info ][gc,heap        ] GC(1) PSYoungGen: 37899K(1572864K)->32601K(1572864K) Eden: 0K(1048576K)->0K(1048576K) From: 37899K(524288K)->32601K(524288K)
[2.154s][info ][gc,heap        ] GC(1) ParOldGen: 1153K(6144K)->6107K(6144K)
[2.154s][info ][gc,metaspace   ] GC(1) Metaspace: 21139K(21504K)->21139K(21504K) NonClass: 18800K(19008K)->18800K(19008K) Class: 2339K(2496K)->2339K(2496K)
[2.154s][info ][gc             ] GC(1) Pause Full (Metadata GC Threshold) 38M->37M(1542M) 51.341ms
[2.154s][info ][gc,cpu         ] GC(1) User=0.13s Sys=0.01s Real=0.05s
[2.154s][info ][safepoint      ] Safepoint "CollectForMetadataAllocation", Time since last: 191684289 ns, Reaching safepoint: 77004 ns, Cleanup: 67105 ns, At safepoint: 73730357 ns, Total: 73874466 ns
[2.589s][info ][safepoint      ] Safepoint "ICBufferFull", Time since last: 434637077 ns, Reaching safepoint: 4200 ns, Cleanup: 122508 ns, At safepoint: 3000 ns, Total: 129708 ns
[2.874s][info ][safepoint      ] Safepoint "ICBufferFull", Time since last: 284928026 ns, Reaching safepoint: 5300 ns, Cleanup: 128608 ns, At safepoint: 2900 ns, Total: 136808 ns
[3.007s][info ][safepoint      ] Safepoint "ICBufferFull", Time since last: 132886734 ns, Reaching safepoint: 3800 ns, Cleanup: 119308 ns, At safepoint: 2800 ns, Total: 125908 ns
[3.198s][info ][safepoint      ] Safepoint "ICBufferFull", Time since last: 191208560 ns, Reaching safepoint: 4100 ns, Cleanup: 127608 ns, At safepoint: 2800 ns, Total: 134508 ns
[3.630s][info ][gc,start       ] GC(2) Pause Young (Metadata GC Threshold)
[3.667s][debug][gc,phases      ] GC(2) Scavenge 37.921ms
[3.668s][debug][gc,ref         ] GC(2) ReferenceProcessor::execute queues: 4, RefProcThreadModel::Multi, marks_oops_alive: false
[3.668s][debug][gc,ref         ] GC(2) ReferenceProcessor::execute queues: 4, RefProcThreadModel::Multi, marks_oops_alive: true
[3.668s][debug][gc,ref         ] GC(2) ReferenceProcessor::execute queues: 2, RefProcThreadModel::Multi, marks_oops_alive: false
[3.669s][debug][gc,phases      ] GC(2) Reference Processing 1.035ms
[3.669s][debug][gc,phases      ] GC(2)   VM Weak                        Min:  0.0, Avg:  0.0, Max:  0.0, Diff:  0.0, Sum:  0.0, Workers: 4
[3.669s][debug][gc,phases      ] GC(2)     Dead                           Min: 0, Avg:  0.0, Max: 0, Diff: 0, Sum: 0, Workers: 4
[3.669s][debug][gc,phases      ] GC(2)     Total                          Min: 0, Avg: 72.8, Max: 163, Diff: 163, Sum: 291, Workers: 4
[3.669s][debug][gc,phases      ] GC(2)   ObjectSynchronizer Weak        Min:  0.0, Avg:  0.0, Max:  0.0, Diff:  0.0, Sum:  0.0, Workers: 4
[3.669s][debug][gc,phases      ] GC(2)     Dead                           Min: 0, Avg:  0.0, Max: 0, Diff: 0, Sum: 0, Workers: 4
[3.669s][debug][gc,phases      ] GC(2)     Total                          Min: 0, Avg:  2.2, Max: 9, Diff: 9, Sum: 9, Workers: 4
[3.669s][debug][gc,phases      ] GC(2)   JVMTI Tag Weak OopStorage      Min:  0.0, Avg:  0.0, Max:  0.0, Diff:  0.0, Sum:  0.0, Workers: 4
[3.669s][debug][gc,phases      ] GC(2)     Dead                           Min: 0, Avg:  0.0, Max: 0, Diff: 0, Sum: 0, Workers: 4
[3.669s][debug][gc,phases      ] GC(2)     Total                          Min: 0, Avg:  0.0, Max: 0, Diff: 0, Sum: 0, Workers: 4
[3.669s][debug][gc,phases      ] GC(2)   StringTable Weak               Min:  0.0, Avg:  0.1, Max:  0.2, Diff:  0.2, Sum:  0.6, Workers: 4
[3.669s][debug][gc,phases      ] GC(2)     Dead                           Min: 0, Avg:  2.8, Max: 5, Diff: 5, Sum: 11, Workers: 4
[3.669s][debug][gc,phases      ] GC(2)     Total                          Min: 0, Avg: 3675.2, Max: 5184, Diff: 5184, Sum: 14701, Workers: 4
[3.669s][debug][gc,phases      ] GC(2)   ResolvedMethodTable Weak       Min:  0.0, Avg:  0.0, Max:  0.1, Diff:  0.1, Sum:  0.2, Workers: 4
[3.669s][debug][gc,phases      ] GC(2)     Dead                           Min: 0, Avg: 432.8, Max: 634, Diff: 634, Sum: 1731, Workers: 4
[3.669s][debug][gc,phases      ] GC(2)     Total                          Min: 0, Avg: 1191.8, Max: 1728, Diff: 1728, Sum: 4767, Workers: 4
[3.669s][debug][gc,phases      ] GC(2)   JNI Weak                       Min:  0.0, Avg:  0.0, Max:  0.0, Diff:  0.0, Sum:  0.0, Workers: 4
[3.669s][debug][gc,phases      ] GC(2)     Dead                           Min: 0, Avg:  0.0, Max: 0, Diff: 0, Sum: 0, Workers: 4
[3.669s][debug][gc,phases      ] GC(2)     Total                          Min: 0, Avg: 13.2, Max: 50, Diff: 50, Sum: 53, Workers: 4
[3.669s][debug][gc,phases      ] GC(2)   StringDedup Table Weak         Min:  0.0, Avg:  0.0, Max:  0.0, Diff:  0.0, Sum:  0.0, Workers: 4
[3.669s][debug][gc,phases      ] GC(2)     Dead                           Min: 0, Avg:  0.0, Max: 0, Diff: 0, Sum: 0, Workers: 4
[3.669s][debug][gc,phases      ] GC(2)     Total                          Min: 0, Avg:  0.0, Max: 0, Diff: 0, Sum: 0, Workers: 4
[3.669s][debug][gc,phases      ] GC(2)   StringDedup Requests0 Weak     Min:  0.0, Avg:  0.0, Max:  0.0, Diff:  0.0, Sum:  0.0, Workers: 4
[3.669s][debug][gc,phases      ] GC(2)     Dead                           Min: 0, Avg:  0.0, Max: 0, Diff: 0, Sum: 0, Workers: 4
[3.669s][debug][gc,phases      ] GC(2)     Total                          Min: 0, Avg:  0.0, Max: 0, Diff: 0, Sum: 0, Workers: 4
[3.669s][debug][gc,phases      ] GC(2)   StringDedup Requests1 Weak     Min:  0.0, Avg:  0.0, Max:  0.0, Diff:  0.0, Sum:  0.0, Workers: 4
[3.669s][debug][gc,phases      ] GC(2)     Dead                           Min: 0, Avg:  0.0, Max: 0, Diff: 0, Sum: 0, Workers: 4
[3.669s][debug][gc,phases      ] GC(2)     Total                          Min: 0, Avg:  0.0, Max: 0, Diff: 0, Sum: 0, Workers: 4
[3.669s][debug][gc,phases      ] GC(2)   Weak JFR Old Object Samples    Min:  0.0, Avg:  0.0, Max:  0.0, Diff:  0.0, Sum:  0.0, Workers: 4
[3.669s][debug][gc,phases      ] GC(2)     Dead                           Min: 0, Avg:  0.0, Max: 0, Diff: 0, Sum: 0, Workers: 4
[3.669s][debug][gc,phases      ] GC(2)     Total                          Min: 0, Avg:  0.0, Max: 0, Diff: 0, Sum: 0, Workers: 4
[3.669s][debug][gc,phases      ] GC(2) Weak Processing 0.493ms
[3.669s][debug][gc,age         ] GC(2) Desired survivor size 536870912 bytes, new threshold 7 (max threshold 15)
[3.669s][info ][gc,heap        ] GC(2) PSYoungGen: 557016K(1572864K)->55406K(1572864K) Eden: 524415K(1048576K)->0K(1048576K) From: 32601K(524288K)->55406K(524288K)
[3.669s][info ][gc,heap        ] GC(2) ParOldGen: 6107K(6144K)->6115K(6144K)
[3.669s][info ][gc,metaspace   ] GC(2) Metaspace: 35397K(35840K)->35397K(35840K) NonClass: 30854K(31104K)->30854K(31104K) Class: 4543K(4736K)->4543K(4736K)
[3.669s][info ][gc             ] GC(2) Pause Young (Metadata GC Threshold) 549M->60M(1542M) 39.598ms
[3.669s][info ][gc,cpu         ] GC(2) User=0.09s Sys=0.04s Real=0.03s
[3.669s][debug][gc,phases      ] GC(3) Pre Compact 0.009ms
[3.669s][info ][gc,start       ] GC(3) Pause Full (Metadata GC Threshold)
[3.669s][info ][gc,phases,start] GC(3) Marking Phase
[3.693s][debug][gc,phases      ] GC(3) Par Mark 24.305ms
[3.694s][debug][gc,ref         ] GC(3) ReferenceProcessor::execute queues: 3, RefProcThreadModel::Multi, marks_oops_alive: false
[3.694s][debug][gc,ref         ] GC(3) ReferenceProcessor::execute queues: 4, RefProcThreadModel::Multi, marks_oops_alive: true
[3.694s][debug][gc,ref         ] GC(3) ReferenceProcessor::execute queues: 1, RefProcThreadModel::Single, marks_oops_alive: false
[3.694s][debug][gc,phases      ] GC(3) Reference Processing 0.351ms
[3.694s][debug][gc,phases      ] GC(3)   VM Weak                        Min:  0.0, Avg:  0.0, Max:  0.0, Diff:  0.0, Sum:  0.0, Workers: 4
[3.694s][debug][gc,phases      ] GC(3)     Dead                           Min: 0, Avg:  0.0, Max: 0, Diff: 0, Sum: 0, Workers: 4
[3.694s][debug][gc,phases      ] GC(3)     Total                          Min: 0, Avg: 72.8, Max: 256, Diff: 256, Sum: 291, Workers: 4
[3.694s][debug][gc,phases      ] GC(3)   ObjectSynchronizer Weak        Min:  0.0, Avg:  0.0, Max:  0.0, Diff:  0.0, Sum:  0.0, Workers: 4
[3.694s][debug][gc,phases      ] GC(3)     Dead                           Min: 0, Avg:  0.0, Max: 0, Diff: 0, Sum: 0, Workers: 4
[3.694s][debug][gc,phases      ] GC(3)     Total                          Min: 0, Avg:  2.2, Max: 9, Diff: 9, Sum: 9, Workers: 4
[3.694s][debug][gc,phases      ] GC(3)   JVMTI Tag Weak OopStorage      Min:  0.0, Avg:  0.0, Max:  0.0, Diff:  0.0, Sum:  0.0, Workers: 4
[3.694s][debug][gc,phases      ] GC(3)     Dead                           Min: 0, Avg:  0.0, Max: 0, Diff: 0, Sum: 0, Workers: 4
[3.694s][debug][gc,phases      ] GC(3)     Total                          Min: 0, Avg:  0.0, Max: 0, Diff: 0, Sum: 0, Workers: 4
[3.694s][debug][gc,phases      ] GC(3)   StringTable Weak               Min:  0.1, Avg:  0.1, Max:  0.1, Diff:  0.0, Sum:  0.2, Workers: 4
[3.694s][debug][gc,phases      ] GC(3)     Dead                           Min: 0, Avg:  0.0, Max: 0, Diff: 0, Sum: 0, Workers: 4
[3.694s][debug][gc,phases      ] GC(3)     Total                          Min: 3456, Avg: 3675.2, Max: 3904, Diff: 448, Sum: 14701, Workers: 4
[3.694s][debug][gc,phases      ] GC(3)   ResolvedMethodTable Weak       Min:  0.0, Avg:  0.0, Max:  0.0, Diff:  0.0, Sum:  0.1, Workers: 4
[3.694s][debug][gc,phases      ] GC(3)     Dead                           Min: 0, Avg:  0.0, Max: 0, Diff: 0, Sum: 0, Workers: 4
[3.694s][debug][gc,phases      ] GC(3)     Total                          Min: 1088, Avg: 1191.8, Max: 1280, Diff: 192, Sum: 4767, Workers: 4
[3.694s][debug][gc,phases      ] GC(3)   JNI Weak                       Min:  0.0, Avg:  0.0, Max:  0.0, Diff:  0.0, Sum:  0.0, Workers: 4
[3.694s][debug][gc,phases      ] GC(3)     Dead                           Min: 0, Avg:  0.0, Max: 0, Diff: 0, Sum: 0, Workers: 4
[3.694s][debug][gc,phases      ] GC(3)     Total                          Min: 0, Avg: 13.2, Max: 50, Diff: 50, Sum: 53, Workers: 4
[3.694s][debug][gc,phases      ] GC(3)   StringDedup Table Weak         Min:  0.0, Avg:  0.0, Max:  0.0, Diff:  0.0, Sum:  0.0, Workers: 4
[3.694s][debug][gc,phases      ] GC(3)     Dead                           Min: 0, Avg:  0.0, Max: 0, Diff: 0, Sum: 0, Workers: 4
[3.694s][debug][gc,phases      ] GC(3)     Total                          Min: 0, Avg:  0.0, Max: 0, Diff: 0, Sum: 0, Workers: 4
[3.694s][debug][gc,phases      ] GC(3)   StringDedup Requests0 Weak     Min:  0.0, Avg:  0.0, Max:  0.0, Diff:  0.0, Sum:  0.0, Workers: 4
[3.694s][debug][gc,phases      ] GC(3)     Dead                           Min: 0, Avg:  0.0, Max: 0, Diff: 0, Sum: 0, Workers: 4
[3.694s][debug][gc,phases      ] GC(3)     Total                          Min: 0, Avg:  0.0, Max: 0, Diff: 0, Sum: 0, Workers: 4
[3.694s][debug][gc,phases      ] GC(3)   StringDedup Requests1 Weak     Min:  0.0, Avg:  0.0, Max:  0.0, Diff:  0.0, Sum:  0.0, Workers: 4
[3.694s][debug][gc,phases      ] GC(3)     Dead                           Min: 0, Avg:  0.0, Max: 0, Diff: 0, Sum: 0, Workers: 4
[3.694s][debug][gc,phases      ] GC(3)     Total                          Min: 0, Avg:  0.0, Max: 0, Diff: 0, Sum: 0, Workers: 4
[3.694s][debug][gc,phases      ] GC(3)   Weak JFR Old Object Samples    Min:  0.0, Avg:  0.0, Max:  0.0, Diff:  0.0, Sum:  0.0, Workers: 4
[3.694s][debug][gc,phases      ] GC(3)     Dead                           Min: 0, Avg:  0.0, Max: 0, Diff: 0, Sum: 0, Workers: 4
[3.694s][debug][gc,phases      ] GC(3)     Total                          Min: 0, Avg:  0.0, Max: 0, Diff: 0, Sum: 0, Workers: 4
[3.694s][debug][gc,phases      ] GC(3) Weak Processing 0.309ms
[3.694s][debug][gc,phases      ] GC(3) ClassLoaderData 0.041ms
[3.694s][debug][gc,phases      ] GC(3) Trigger cleanups 0.000ms
[3.703s][debug][gc,phases      ] GC(3) Purge Unlinked NMethods 0.696ms
[3.703s][debug][gc,phases      ] GC(3) Unregister NMethods 0.051ms
[3.703s][debug][gc,phases      ] GC(3) Free Code Blobs 0.142ms
[3.703s][debug][gc,phases      ] GC(3) Class Unloading 8.904ms
[3.703s][debug][gc,phases      ] GC(3) Report Object Count 0.001ms
[3.703s][info ][gc,phases      ] GC(3) Marking Phase 33.951ms
[3.703s][info ][gc,phases,start] GC(3) Summary Phase
[3.703s][info ][gc,phases      ] GC(3) Summary Phase 0.008ms
[3.703s][info ][gc,phases,start] GC(3) Adjust Roots
[3.708s][info ][gc,phases      ] GC(3) Adjust Roots 5.289ms
[3.708s][info ][gc,phases,start] GC(3) Compaction Phase
[3.899s][info ][gc,phases      ] GC(3) Compaction Phase 190.261ms
[3.899s][info ][gc,phases,start] GC(3) Post Compact
[3.901s][debug][gc,phases      ] GC(3) Purge Class Loader Data 1.315ms
[3.901s][info ][gc,phases      ] GC(3) Post Compact 2.313ms
[3.901s][info ][gc,heap        ] GC(3) PSYoungGen: 55406K(1572864K)->55197K(1572864K) Eden: 0K(1048576K)->0K(1048576K) From: 55406K(524288K)->55197K(524288K)
[3.901s][info ][gc,heap        ] GC(3) ParOldGen: 6115K(6144K)->6084K(6144K)
[3.901s][info ][gc,metaspace   ] GC(3) Metaspace: 35397K(35840K)->35397K(35840K) NonClass: 30854K(31104K)->30854K(31104K) Class: 4543K(4736K)->4543K(4736K)
[3.901s][info ][gc             ] GC(3) Pause Full (Metadata GC Threshold) 60M->59M(1542M) 231.972ms
[3.901s][info ][gc,cpu         ] GC(3) User=0.47s Sys=0.03s Real=0.24s
[3.901s][info ][safepoint      ] Safepoint "CollectForMetadataAllocation", Time since last: 431335477 ns, Reaching safepoint: 3900 ns, Cleanup: 100006 ns, At safepoint: 271761930 ns, Total: 271865836 ns
[4.052s][info ][safepoint      ] Safepoint "ICBufferFull", Time since last: 151081734 ns, Reaching safepoint: 4501 ns, Cleanup: 133708 ns, At safepoint: 5400 ns, Total: 143609 ns
[4.244s][info ][safepoint      ] Safepoint "ICBufferFull", Time since last: 191008548 ns, Reaching safepoint: 78205 ns, Cleanup: 144108 ns, At safepoint: 5701 ns, Total: 228014 ns
[4.388s][info ][safepoint      ] Safepoint "ICBufferFull", Time since last: 144070410 ns, Reaching safepoint: 4500 ns, Cleanup: 118907 ns, At safepoint: 5401 ns, Total: 128808 ns
[4.874s][info ][safepoint      ] Safepoint "ICBufferFull", Time since last: 486115422 ns, Reaching safepoint: 3800 ns, Cleanup: 136708 ns, At safepoint: 2400 ns, Total: 142908 ns
[4.995s][info ][safepoint      ] Safepoint "ICBufferFull", Time since last: 120579300 ns, Reaching safepoint: 4500 ns, Cleanup: 116507 ns, At safepoint: 10801 ns, Total: 131808 ns
[5.125s][info ][safepoint      ] Safepoint "ICBufferFull", Time since last: 129994761 ns, Reaching safepoint: 4501 ns, Cleanup: 153809 ns, At safepoint: 2500 ns, Total: 160810 ns
[5.405s][info ][safepoint      ] Safepoint "ICBufferFull", Time since last: 280024919 ns, Reaching safepoint: 4001 ns, Cleanup: 131707 ns, At safepoint: 2101 ns, Total: 137809 ns
[5.841s][info ][safepoint      ] Safepoint "ICBufferFull", Time since last: 435816121 ns, Reaching safepoint: 4900 ns, Cleanup: 151309 ns, At safepoint: 2700 ns, Total: 158909 ns
[6.271s][info ][gc,start       ] GC(4) Pause Young (Metadata GC Threshold)
[6.324s][debug][gc,phases      ] GC(4) Scavenge 52.504ms
[6.324s][debug][gc,ref         ] GC(4) ReferenceProcessor::execute queues: 4, RefProcThreadModel::Multi, marks_oops_alive: false
[6.325s][debug][gc,ref         ] GC(4) Skipped KeepAliveFinalRefsPhase of Reference Processing: no references
[6.325s][debug][gc,ref         ] GC(4) ReferenceProcessor::execute queues: 4, RefProcThreadModel::Multi, marks_oops_alive: false
[6.325s][debug][gc,phases      ] GC(4) Reference Processing 1.289ms
[6.327s][debug][gc,phases      ] GC(4)   VM Weak                        Min:  0.0, Avg:  0.0, Max:  0.0, Diff:  0.0, Sum:  0.0, Workers: 4
[6.327s][debug][gc,phases      ] GC(4)     Dead                           Min: 0, Avg:  0.0, Max: 0, Diff: 0, Sum: 0, Workers: 4
[6.327s][debug][gc,phases      ] GC(4)     Total                          Min: 0, Avg: 116.2, Max: 337, Diff: 337, Sum: 465, Workers: 4
[6.327s][debug][gc,phases      ] GC(4)   ObjectSynchronizer Weak        Min:  0.0, Avg:  0.0, Max:  0.0, Diff:  0.0, Sum:  0.0, Workers: 4
[6.327s][debug][gc,phases      ] GC(4)     Dead                           Min: 0, Avg:  0.0, Max: 0, Diff: 0, Sum: 0, Workers: 4
[6.327s][debug][gc,phases      ] GC(4)     Total                          Min: 0, Avg:  2.5, Max: 10, Diff: 10, Sum: 10, Workers: 4
[6.327s][debug][gc,phases      ] GC(4)   JVMTI Tag Weak OopStorage      Min:  0.0, Avg:  0.0, Max:  0.0, Diff:  0.0, Sum:  0.0, Workers: 4
[6.327s][debug][gc,phases      ] GC(4)     Dead                           Min: 0, Avg:  0.0, Max: 0, Diff: 0, Sum: 0, Workers: 4
[6.327s][debug][gc,phases      ] GC(4)     Total                          Min: 0, Avg:  0.0, Max: 0, Diff: 0, Sum: 0, Workers: 4
[6.327s][debug][gc,phases      ] GC(4)   StringTable Weak               Min:  0.0, Avg:  0.7, Max:  1.3, Diff:  1.3, Sum:  2.6, Workers: 4
[6.327s][debug][gc,phases      ] GC(4)     Dead                           Min: 0, Avg:  3.8, Max: 10, Diff: 10, Sum: 15, Workers: 4
[6.327s][debug][gc,phases      ] GC(4)     Total                          Min: 0, Avg: 6950.8, Max: 17435, Diff: 17435, Sum: 27803, Workers: 4
[6.327s][debug][gc,phases      ] GC(4)   ResolvedMethodTable Weak       Min:  0.0, Avg:  0.1, Max:  0.2, Diff:  0.2, Sum:  0.4, Workers: 4
[6.327s][debug][gc,phases      ] GC(4)     Dead                           Min: 0, Avg: 980.0, Max: 1981, Diff: 1981, Sum: 3920, Workers: 4
[6.327s][debug][gc,phases      ] GC(4)     Total                          Min: 0, Avg: 2864.2, Max: 5953, Diff: 5953, Sum: 11457, Workers: 4
[6.327s][debug][gc,phases      ] GC(4)   JNI Weak                       Min:  0.0, Avg:  0.0, Max:  0.0, Diff:  0.0, Sum:  0.0, Workers: 4
[6.327s][debug][gc,phases      ] GC(4)     Dead                           Min: 0, Avg:  0.0, Max: 0, Diff: 0, Sum: 0, Workers: 4
[6.327s][debug][gc,phases      ] GC(4)     Total                          Min: 0, Avg: 12.0, Max: 48, Diff: 48, Sum: 48, Workers: 4
[6.327s][debug][gc,phases      ] GC(4)   StringDedup Table Weak         Min:  0.0, Avg:  0.0, Max:  0.0, Diff:  0.0, Sum:  0.0, Workers: 4
[6.327s][debug][gc,phases      ] GC(4)     Dead                           Min: 0, Avg:  0.0, Max: 0, Diff: 0, Sum: 0, Workers: 4
[6.327s][debug][gc,phases      ] GC(4)     Total                          Min: 0, Avg:  0.0, Max: 0, Diff: 0, Sum: 0, Workers: 4
[6.327s][debug][gc,phases      ] GC(4)   StringDedup Requests0 Weak     Min:  0.0, Avg:  0.0, Max:  0.0, Diff:  0.0, Sum:  0.0, Workers: 4
[6.327s][debug][gc,phases      ] GC(4)     Dead                           Min: 0, Avg:  0.0, Max: 0, Diff: 0, Sum: 0, Workers: 4
[6.327s][debug][gc,phases      ] GC(4)     Total                          Min: 0, Avg:  0.0, Max: 0, Diff: 0, Sum: 0, Workers: 4
[6.327s][debug][gc,phases      ] GC(4)   StringDedup Requests1 Weak     Min:  0.0, Avg:  0.0, Max:  0.0, Diff:  0.0, Sum:  0.0, Workers: 4
[6.327s][debug][gc,phases      ] GC(4)     Dead                           Min: 0, Avg:  0.0, Max: 0, Diff: 0, Sum: 0, Workers: 4
[6.327s][debug][gc,phases      ] GC(4)     Total                          Min: 0, Avg:  0.0, Max: 0, Diff: 0, Sum: 0, Workers: 4
[6.327s][debug][gc,phases      ] GC(4)   Weak JFR Old Object Samples    Min:  0.0, Avg:  0.0, Max:  0.0, Diff:  0.0, Sum:  0.0, Workers: 4
[6.327s][debug][gc,phases      ] GC(4)     Dead                           Min: 0, Avg:  0.0, Max: 0, Diff: 0, Sum: 0, Workers: 4
[6.327s][debug][gc,phases      ] GC(4)     Total                          Min: 0, Avg:  0.0, Max: 0, Diff: 0, Sum: 0, Workers: 4
[6.327s][debug][gc,phases      ] GC(4) Weak Processing 1.577ms
[6.327s][debug][gc,age         ] GC(4) Desired survivor size 536870912 bytes, new threshold 7 (max threshold 15)
[6.327s][info ][gc,heap        ] GC(4) PSYoungGen: 439802K(1572864K)->77190K(1572864K) Eden: 384605K(1048576K)->0K(1048576K) From: 55197K(524288K)->77190K(524288K)
[6.327s][info ][gc,heap        ] GC(4) ParOldGen: 6084K(6144K)->6108K(6144K)
[6.327s][info ][gc,metaspace   ] GC(4) Metaspace: 59124K(59776K)->59124K(59776K) NonClass: 49679K(50048K)->49679K(50048K) Class: 9445K(9728K)->9445K(9728K)
[6.327s][info ][gc             ] GC(4) Pause Young (Metadata GC Threshold) 435M->81M(1542M) 55.507ms
[6.327s][info ][gc,cpu         ] GC(4) User=0.16s Sys=0.00s Real=0.05s
[6.327s][debug][gc,phases      ] GC(5) Pre Compact 0.010ms
[6.327s][info ][gc,start       ] GC(5) Pause Full (Metadata GC Threshold)
[6.327s][info ][gc,phases,start] GC(5) Marking Phase
[6.370s][debug][gc,phases      ] GC(5) Par Mark 42.572ms
[6.370s][debug][gc,ref         ] GC(5) ReferenceProcessor::execute queues: 4, RefProcThreadModel::Multi, marks_oops_alive: false
[6.370s][debug][gc,ref         ] GC(5) ReferenceProcessor::execute queues: 4, RefProcThreadModel::Multi, marks_oops_alive: true
[6.370s][debug][gc,ref         ] GC(5) ReferenceProcessor::execute queues: 1, RefProcThreadModel::Single, marks_oops_alive: false
[6.370s][debug][gc,phases      ] GC(5) Reference Processing 0.593ms
[6.370s][debug][gc,phases      ] GC(5)   VM Weak                        Min:  0.0, Avg:  0.0, Max:  0.0, Diff:  0.0, Sum:  0.0, Workers: 4
[6.370s][debug][gc,phases      ] GC(5)     Dead                           Min: 0, Avg:  0.0, Max: 0, Diff: 0, Sum: 0, Workers: 4
[6.370s][debug][gc,phases      ] GC(5)     Total                          Min: 0, Avg: 116.2, Max: 209, Diff: 209, Sum: 465, Workers: 4
[6.370s][debug][gc,phases      ] GC(5)   ObjectSynchronizer Weak        Min:  0.0, Avg:  0.0, Max:  0.0, Diff:  0.0, Sum:  0.0, Workers: 4
[6.370s][debug][gc,phases      ] GC(5)     Dead                           Min: 0, Avg:  0.0, Max: 0, Diff: 0, Sum: 0, Workers: 4
[6.370s][debug][gc,phases      ] GC(5)     Total                          Min: 0, Avg:  2.5, Max: 10, Diff: 10, Sum: 10, Workers: 4
[6.371s][debug][gc,phases      ] GC(5)   JVMTI Tag Weak OopStorage      Min:  0.0, Avg:  0.0, Max:  0.0, Diff:  0.0, Sum:  0.0, Workers: 4
[6.371s][debug][gc,phases      ] GC(5)     Dead                           Min: 0, Avg:  0.0, Max: 0, Diff: 0, Sum: 0, Workers: 4
[6.371s][debug][gc,phases      ] GC(5)     Total                          Min: 0, Avg:  0.0, Max: 0, Diff: 0, Sum: 0, Workers: 4
[6.371s][debug][gc,phases      ] GC(5)   StringTable Weak               Min:  0.0, Avg:  0.1, Max:  0.1, Diff:  0.1, Sum:  0.4, Workers: 4
[6.371s][debug][gc,phases      ] GC(5)     Dead                           Min: 0, Avg:  0.0, Max: 0, Diff: 0, Sum: 0, Workers: 4
[6.371s][debug][gc,phases      ] GC(5)     Total                          Min: 0, Avg: 6950.8, Max: 9563, Diff: 9563, Sum: 27803, Workers: 4
[6.371s][debug][gc,phases      ] GC(5)   ResolvedMethodTable Weak       Min:  0.0, Avg:  0.0, Max:  0.1, Diff:  0.0, Sum:  0.1, Workers: 4
[6.371s][debug][gc,phases      ] GC(5)     Dead                           Min: 0, Avg:  0.0, Max: 0, Diff: 0, Sum: 0, Workers: 4
[6.371s][debug][gc,phases      ] GC(5)     Total                          Min: 0, Avg: 2864.2, Max: 3841, Diff: 3841, Sum: 11457, Workers: 4
[6.371s][debug][gc,phases      ] GC(5)   JNI Weak                       Min:  0.0, Avg:  0.0, Max:  0.0, Diff:  0.0, Sum:  0.0, Workers: 4
[6.371s][debug][gc,phases      ] GC(5)     Dead                           Min: 0, Avg:  0.0, Max: 0, Diff: 0, Sum: 0, Workers: 4
[6.371s][debug][gc,phases      ] GC(5)     Total                          Min: 0, Avg: 12.0, Max: 48, Diff: 48, Sum: 48, Workers: 4
[6.371s][debug][gc,phases      ] GC(5)   StringDedup Table Weak         Min:  0.0, Avg:  0.0, Max:  0.0, Diff:  0.0, Sum:  0.0, Workers: 4
[6.371s][debug][gc,phases      ] GC(5)     Dead                           Min: 0, Avg:  0.0, Max: 0, Diff: 0, Sum: 0, Workers: 4
[6.371s][debug][gc,phases      ] GC(5)     Total                          Min: 0, Avg:  0.0, Max: 0, Diff: 0, Sum: 0, Workers: 4
[6.371s][debug][gc,phases      ] GC(5)   StringDedup Requests0 Weak     Min:  0.0, Avg:  0.0, Max:  0.0, Diff:  0.0, Sum:  0.0, Workers: 4
[6.371s][debug][gc,phases      ] GC(5)     Dead                           Min: 0, Avg:  0.0, Max: 0, Diff: 0, Sum: 0, Workers: 4
[6.371s][debug][gc,phases      ] GC(5)     Total                          Min: 0, Avg:  0.0, Max: 0, Diff: 0, Sum: 0, Workers: 4
[6.371s][debug][gc,phases      ] GC(5)   StringDedup Requests1 Weak     Min:  0.0, Avg:  0.0, Max:  0.0, Diff:  0.0, Sum:  0.0, Workers: 4
[6.371s][debug][gc,phases      ] GC(5)     Dead                           Min: 0, Avg:  0.0, Max: 0, Diff: 0, Sum: 0, Workers: 4
[6.371s][debug][gc,phases      ] GC(5)     Total                          Min: 0, Avg:  0.0, Max: 0, Diff: 0, Sum: 0, Workers: 4
[6.371s][debug][gc,phases      ] GC(5)   Weak JFR Old Object Samples    Min:  0.0, Avg:  0.0, Max:  0.0, Diff:  0.0, Sum:  0.0, Workers: 4
[6.371s][debug][gc,phases      ] GC(5)     Dead                           Min: 0, Avg:  0.0, Max: 0, Diff: 0, Sum: 0, Workers: 4
[6.371s][debug][gc,phases      ] GC(5)     Total                          Min: 0, Avg:  0.0, Max: 0, Diff: 0, Sum: 0, Workers: 4
[6.371s][debug][gc,phases      ] GC(5) Weak Processing 0.430ms
[6.371s][debug][gc,phases      ] GC(5) ClassLoaderData 0.072ms
[6.371s][debug][gc,phases      ] GC(5) Trigger cleanups 0.000ms
[6.380s][debug][gc,phases      ] GC(5) Purge Unlinked NMethods 0.198ms
[6.380s][debug][gc,phases      ] GC(5) Unregister NMethods 0.123ms
[6.380s][debug][gc,phases      ] GC(5) Free Code Blobs 0.046ms
[6.380s][debug][gc,phases      ] GC(5) Class Unloading 9.505ms
[6.380s][debug][gc,phases      ] GC(5) Report Object Count 0.001ms
[6.380s][info ][gc,phases      ] GC(5) Marking Phase 53.179ms
[6.380s][info ][gc,phases,start] GC(5) Summary Phase
[6.380s][info ][gc,phases      ] GC(5) Summary Phase 0.008ms
[6.380s][info ][gc,phases,start] GC(5) Adjust Roots
[6.388s][info ][gc,phases      ] GC(5) Adjust Roots 7.741ms
[6.388s][info ][gc,phases,start] GC(5) Compaction Phase
[6.721s][info ][gc,phases      ] GC(5) Compaction Phase 333.473ms
[6.721s][info ][gc,phases,start] GC(5) Post Compact
[6.722s][debug][gc,phases      ] GC(5) Purge Class Loader Data 0.304ms
[6.723s][info ][gc,phases      ] GC(5) Post Compact 1.773ms
[6.723s][info ][gc,heap        ] GC(5) PSYoungGen: 77190K(1572864K)->76982K(1572864K) Eden: 0K(1048576K)->0K(1048576K) From: 77190K(524288K)->76982K(524288K)
[6.723s][info ][gc,heap        ] GC(5) ParOldGen: 6108K(6144K)->6074K(6144K)
[6.723s][info ][gc,metaspace   ] GC(5) Metaspace: 59124K(59776K)->59124K(59776K) NonClass: 49679K(50048K)->49679K(50048K) Class: 9445K(9728K)->9445K(9728K)
[6.723s][info ][gc             ] GC(5) Pause Full (Metadata GC Threshold) 81M->81M(1542M) 396.303ms
[6.723s][info ][gc,cpu         ] GC(5) User=0.83s Sys=0.00s Real=0.40s
[6.723s][info ][safepoint      ] Safepoint "CollectForMetadataAllocation", Time since last: 430168085 ns, Reaching safepoint: 3300 ns, Cleanup: 121507 ns, At safepoint: 451954185 ns, Total: 452078992 ns
[7.182s][info ][safepoint      ] Safepoint "ICBufferFull", Time since last: 458822395 ns, Reaching safepoint: 2500 ns, Cleanup: 137608 ns, At safepoint: 2000 ns, Total: 142108 ns
[7.290s][info ][safepoint      ] Safepoint "ICBufferFull", Time since last: 107898043 ns, Reaching safepoint: 54103 ns, Cleanup: 104806 ns, At safepoint: 7801 ns, Total: 166710 ns
[7.424s][info ][safepoint      ] Safepoint "ICBufferFull", Time since last: 133593076 ns, Reaching safepoint: 85405 ns, Cleanup: 137008 ns, At safepoint: 12201 ns, Total: 234614 ns
[7.596s][info ][safepoint      ] Safepoint "ICBufferFull", Time since last: 171145519 ns, Reaching safepoint: 81404 ns, Cleanup: 119408 ns, At safepoint: 9100 ns, Total: 209912 ns
[7.736s][info ][safepoint      ] Safepoint "ICBufferFull", Time since last: 139905153 ns, Reaching safepoint: 5501 ns, Cleanup: 116807 ns, At safepoint: 6200 ns, Total: 128508 ns
[7.982s][info ][safepoint      ] Safepoint "ICBufferFull", Time since last: 245909383 ns, Reaching safepoint: 5300 ns, Cleanup: 131808 ns, At safepoint: 2400 ns, Total: 139508 ns
[8.236s][info ][safepoint      ] Safepoint "ICBufferFull", Time since last: 254108372 ns, Reaching safepoint: 5000 ns, Cleanup: 135309 ns, At safepoint: 5500 ns, Total: 145809 ns
[8.573s][info ][safepoint      ] Safepoint "ICBufferFull", Time since last: 333456510 ns, Reaching safepoint: 3498508 ns, Cleanup: 142209 ns, At safepoint: 26502 ns, Total: 3667219 ns
[8.864s][info ][safepoint      ] Safepoint "ICBufferFull", Time since last: 291028276 ns, Reaching safepoint: 83605 ns, Cleanup: 138908 ns, At safepoint: 5801 ns, Total: 228314 ns
[9.511s][info ][safepoint      ] Safepoint "ICBufferFull", Time since last: 646972428 ns, Reaching safepoint: 5301 ns, Cleanup: 141508 ns, At safepoint: 2400 ns, Total: 149209 ns
[9.610s][info ][safepoint      ] Safepoint "ICBufferFull", Time since last: 97875144 ns, Reaching safepoint: 6201 ns, Cleanup: 320619 ns, At safepoint: 8900 ns, Total: 335720 ns
[10.178s][info ][safepoint      ] Safepoint "ICBufferFull", Time since last: 567981213 ns, Reaching safepoint: 5900 ns, Cleanup: 133808 ns, At safepoint: 3100 ns, Total: 142808 ns
[10.178s][info ][safepoint      ] Safepoint "ICBufferFull", Time since last: 510231 ns, Reaching safepoint: 81105 ns, Cleanup: 1600 ns, At safepoint: 9500 ns, Total: 92205 ns
[10.180s][info ][safepoint      ] Safepoint "ICBufferFull", Time since last: 2020321 ns, Reaching safepoint: 79605 ns, Cleanup: 2200 ns, At safepoint: 10000 ns, Total: 91805 ns
[11.181s][info ][safepoint      ] Safepoint "Cleanup", Time since last: 1000106314 ns, Reaching safepoint: 81805 ns, Cleanup: 44502 ns, At safepoint: 11801 ns, Total: 138108 ns
[12.181s][info ][safepoint      ] Safepoint "Cleanup", Time since last: 1000124215 ns, Reaching safepoint: 87305 ns, Cleanup: 14601 ns, At safepoint: 14201 ns, Total: 116107 ns
[13.181s][info ][safepoint      ] Safepoint "Cleanup", Time since last: 1000124137 ns, Reaching safepoint: 84705 ns, Cleanup: 9300 ns, At safepoint: 12001 ns, Total: 106006 ns
[13.456s][info ][safepoint      ] Safepoint "ICBufferFull", Time since last: 274294593 ns, Reaching safepoint: 87506 ns, Cleanup: 115606 ns, At safepoint: 11701 ns, Total: 214813 ns
[13.660s][info ][safepoint      ] Safepoint "ICBufferFull", Time since last: 204227906 ns, Reaching safepoint: 5100 ns, Cleanup: 113907 ns, At safepoint: 2200 ns, Total: 121207 ns
[13.907s][info ][safepoint      ] Safepoint "ICBufferFull", Time since last: 246305621 ns, Reaching safepoint: 6900 ns, Cleanup: 159710 ns, At safepoint: 8200 ns, Total: 174810 ns
[14.053s][info ][safepoint      ] Safepoint "ICBufferFull", Time since last: 146122533 ns, Reaching safepoint: 85105 ns, Cleanup: 125508 ns, At safepoint: 11600 ns, Total: 222213 ns
[14.384s][info ][safepoint      ] Safepoint "ICBufferFull", Time since last: 331471811 ns, Reaching safepoint: 6800 ns, Cleanup: 119007 ns, At safepoint: 5701 ns, Total: 131508 ns
[14.937s][info ][safepoint      ] Safepoint "ICBufferFull", Time since last: 552355712 ns, Reaching safepoint: 5400 ns, Cleanup: 116107 ns, At safepoint: 5900 ns, Total: 127407 ns
[15.839s][info ][safepoint      ] Safepoint "ICBufferFull", Time since last: 901673289 ns, Reaching safepoint: 81105 ns, Cleanup: 140008 ns, At safepoint: 8001 ns, Total: 229114 ns
[16.458s][info ][safepoint      ] Safepoint "ICBufferFull", Time since last: 618939591 ns, Reaching safepoint: 7900 ns, Cleanup: 158110 ns, At safepoint: 9500 ns, Total: 175510 ns
[16.906s][info ][safepoint      ] Safepoint "ICBufferFull", Time since last: 448323094 ns, Reaching safepoint: 8101 ns, Cleanup: 136208 ns, At safepoint: 2800 ns, Total: 147109 ns
[17.003s][info ][safepoint      ] Safepoint "ICBufferFull", Time since last: 96682578 ns, Reaching safepoint: 88006 ns, Cleanup: 128907 ns, At safepoint: 8601 ns, Total: 225514 ns
[17.089s][info ][safepoint      ] Safepoint "ICBufferFull", Time since last: 85498410 ns, Reaching safepoint: 85605 ns, Cleanup: 130008 ns, At safepoint: 8700 ns, Total: 224313 ns
[17.234s][info ][gc,start       ] GC(6) Pause Young (Metadata GC Threshold)
[17.307s][debug][gc,phases      ] GC(6) Scavenge 72.717ms
[17.307s][debug][gc,ref         ] GC(6) ReferenceProcessor::execute queues: 4, RefProcThreadModel::Multi, marks_oops_alive: false
[17.308s][debug][gc,ref         ] GC(6) Skipped KeepAliveFinalRefsPhase of Reference Processing: no references
[17.308s][debug][gc,ref         ] GC(6) ReferenceProcessor::execute queues: 4, RefProcThreadModel::Multi, marks_oops_alive: false
[17.309s][debug][gc,phases      ] GC(6) Reference Processing 1.994ms
[17.310s][debug][gc,phases      ] GC(6)   VM Weak                        Min:  0.0, Avg:  0.0, Max:  0.0, Diff:  0.0, Sum:  0.0, Workers: 4
[17.310s][debug][gc,phases      ] GC(6)     Dead                           Min: 0, Avg:  0.0, Max: 0, Diff: 0, Sum: 0, Workers: 4
[17.310s][debug][gc,phases      ] GC(6)     Total                          Min: 0, Avg: 229.0, Max: 448, Diff: 448, Sum: 916, Workers: 4
[17.310s][debug][gc,phases      ] GC(6)   ObjectSynchronizer Weak        Min:  0.0, Avg:  0.0, Max:  0.0, Diff:  0.0, Sum:  0.0, Workers: 4
[17.310s][debug][gc,phases      ] GC(6)     Dead                           Min: 0, Avg:  4.5, Max: 18, Diff: 18, Sum: 18, Workers: 4
[17.310s][debug][gc,phases      ] GC(6)     Total                          Min: 0, Avg: 12.0, Max: 48, Diff: 48, Sum: 48, Workers: 4
[17.310s][debug][gc,phases      ] GC(6)   JVMTI Tag Weak OopStorage      Min:  0.0, Avg:  0.0, Max:  0.0, Diff:  0.0, Sum:  0.0, Workers: 4
[17.310s][debug][gc,phases      ] GC(6)     Dead                           Min: 0, Avg:  0.0, Max: 0, Diff: 0, Sum: 0, Workers: 4
[17.310s][debug][gc,phases      ] GC(6)     Total                          Min: 0, Avg:  0.0, Max: 0, Diff: 0, Sum: 0, Workers: 4
[17.310s][debug][gc,phases      ] GC(6)   StringTable Weak               Min:  0.0, Avg:  0.4, Max:  0.6, Diff:  0.6, Sum:  1.7, Workers: 4
[17.310s][debug][gc,phases      ] GC(6)     Dead                           Min: 0, Avg: 10.5, Max: 18, Diff: 18, Sum: 42, Workers: 4
[17.310s][debug][gc,phases      ] GC(6)     Total                          Min: 0, Avg: 10934.2, Max: 14873, Diff: 14873, Sum: 43737, Workers: 4
[17.310s][debug][gc,phases      ] GC(6)   ResolvedMethodTable Weak       Min:  0.0, Avg:  0.2, Max:  0.3, Diff:  0.3, Sum:  0.8, Workers: 4
[17.310s][debug][gc,phases      ] GC(6)     Dead                           Min: 0, Avg: 1049.2, Max: 1441, Diff: 1441, Sum: 4197, Workers: 4
[17.310s][debug][gc,phases      ] GC(6)     Total                          Min: 0, Avg: 4529.5, Max: 6150, Diff: 6150, Sum: 18118, Workers: 4
[17.310s][debug][gc,phases      ] GC(6)   JNI Weak                       Min:  0.0, Avg:  0.0, Max:  0.0, Diff:  0.0, Sum:  0.0, Workers: 4
[17.310s][debug][gc,phases      ] GC(6)     Dead                           Min: 0, Avg:  0.0, Max: 0, Diff: 0, Sum: 0, Workers: 4
[17.310s][debug][gc,phases      ] GC(6)     Total                          Min: 0, Avg: 23.5, Max: 53, Diff: 53, Sum: 94, Workers: 4
[17.310s][debug][gc,phases      ] GC(6)   StringDedup Table Weak         Min:  0.0, Avg:  0.0, Max:  0.0, Diff:  0.0, Sum:  0.0, Workers: 4
[17.310s][debug][gc,phases      ] GC(6)     Dead                           Min: 0, Avg:  0.0, Max: 0, Diff: 0, Sum: 0, Workers: 4
[17.310s][debug][gc,phases      ] GC(6)     Total                          Min: 0, Avg:  0.0, Max: 0, Diff: 0, Sum: 0, Workers: 4
[17.310s][debug][gc,phases      ] GC(6)   StringDedup Requests0 Weak     Min:  0.0, Avg:  0.0, Max:  0.0, Diff:  0.0, Sum:  0.0, Workers: 4
[17.310s][debug][gc,phases      ] GC(6)     Dead                           Min: 0, Avg:  0.0, Max: 0, Diff: 0, Sum: 0, Workers: 4
[17.310s][debug][gc,phases      ] GC(6)     Total                          Min: 0, Avg:  0.0, Max: 0, Diff: 0, Sum: 0, Workers: 4
[17.310s][debug][gc,phases      ] GC(6)   StringDedup Requests1 Weak     Min:  0.0, Avg:  0.0, Max:  0.0, Diff:  0.0, Sum:  0.0, Workers: 4
[17.310s][debug][gc,phases      ] GC(6)     Dead                           Min: 0, Avg:  0.0, Max: 0, Diff: 0, Sum: 0, Workers: 4
[17.310s][debug][gc,phases      ] GC(6)     Total                          Min: 0, Avg:  0.0, Max: 0, Diff: 0, Sum: 0, Workers: 4
[17.310s][debug][gc,phases      ] GC(6)   Weak JFR Old Object Samples    Min:  0.0, Avg:  0.0, Max:  0.0, Diff:  0.0, Sum:  0.0, Workers: 4
[17.310s][debug][gc,phases      ] GC(6)     Dead                           Min: 0, Avg:  0.0, Max: 0, Diff: 0, Sum: 0, Workers: 4
[17.310s][debug][gc,phases      ] GC(6)     Total                          Min: 0, Avg:  0.0, Max: 0, Diff: 0, Sum: 0, Workers: 4
[17.310s][debug][gc,phases      ] GC(6) Weak Processing 1.108ms
[17.310s][debug][gc,age         ] GC(6) Desired survivor size 536870912 bytes, new threshold 7 (max threshold 15)
[17.310s][info ][gc,heap        ] GC(6) PSYoungGen: 948445K(1572864K)->129858K(1572864K) Eden: 871462K(1048576K)->0K(1048576K) From: 76982K(524288K)->129858K(524288K)
[17.310s][info ][gc,heap        ] GC(6) ParOldGen: 6074K(6144K)->6146K(6656K)
[17.310s][info ][gc,metaspace   ] GC(6) Metaspace: 98430K(99648K)->98430K(99648K) NonClass: 82949K(83648K)->82949K(83648K) Class: 15480K(16000K)->15480K(16000K)
[17.310s][info ][gc             ] GC(6) Pause Young (Metadata GC Threshold) 932M->132M(1542M) 75.978ms
[17.310s][info ][gc,cpu         ] GC(6) User=0.25s Sys=0.02s Real=0.08s
[17.310s][debug][gc,phases      ] GC(7) Pre Compact 0.010ms
[17.310s][info ][gc,start       ] GC(7) Pause Full (Metadata GC Threshold)
[17.310s][info ][gc,phases,start] GC(7) Marking Phase
[17.368s][debug][gc,phases      ] GC(7) Par Mark 57.587ms
[17.368s][debug][gc,ref         ] GC(7) ReferenceProcessor::execute queues: 4, RefProcThreadModel::Multi, marks_oops_alive: false
[17.368s][debug][gc,ref         ] GC(7) Skipped KeepAliveFinalRefsPhase of Reference Processing: no references
[17.368s][debug][gc,ref         ] GC(7) ReferenceProcessor::execute queues: 1, RefProcThreadModel::Single, marks_oops_alive: false
[17.368s][debug][gc,phases      ] GC(7) Reference Processing 0.766ms
[17.369s][debug][gc,phases      ] GC(7)   VM Weak                        Min:  0.0, Avg:  0.0, Max:  0.0, Diff:  0.0, Sum:  0.0, Workers: 4
[17.369s][debug][gc,phases      ] GC(7)     Dead                           Min: 0, Avg:  0.2, Max: 1, Diff: 1, Sum: 1, Workers: 4
[17.369s][debug][gc,phases      ] GC(7)     Total                          Min: 0, Avg: 229.0, Max: 448, Diff: 448, Sum: 916, Workers: 4
[17.369s][debug][gc,phases      ] GC(7)   ObjectSynchronizer Weak        Min:  0.0, Avg:  0.0, Max:  0.0, Diff:  0.0, Sum:  0.0, Workers: 4
[17.369s][debug][gc,phases      ] GC(7)     Dead                           Min: 0, Avg:  0.0, Max: 0, Diff: 0, Sum: 0, Workers: 4
[17.369s][debug][gc,phases      ] GC(7)     Total                          Min: 0, Avg: 12.0, Max: 48, Diff: 48, Sum: 48, Workers: 4
[17.369s][debug][gc,phases      ] GC(7)   JVMTI Tag Weak OopStorage      Min:  0.0, Avg:  0.0, Max:  0.0, Diff:  0.0, Sum:  0.0, Workers: 4
[17.369s][debug][gc,phases      ] GC(7)     Dead                           Min: 0, Avg:  0.0, Max: 0, Diff: 0, Sum: 0, Workers: 4
[17.369s][debug][gc,phases      ] GC(7)     Total                          Min: 0, Avg:  0.0, Max: 0, Diff: 0, Sum: 0, Workers: 4
[17.369s][debug][gc,phases      ] GC(7)   StringTable Weak               Min:  0.0, Avg:  0.2, Max:  0.2, Diff:  0.2, Sum:  0.7, Workers: 4
[17.369s][debug][gc,phases      ] GC(7)     Dead                           Min: 0, Avg:  0.0, Max: 0, Diff: 0, Sum: 0, Workers: 4
[17.369s][debug][gc,phases      ] GC(7)     Total                          Min: 0, Avg: 10934.2, Max: 14745, Diff: 14745, Sum: 43737, Workers: 4
[17.369s][debug][gc,phases      ] GC(7)   ResolvedMethodTable Weak       Min:  0.0, Avg:  0.1, Max:  0.1, Diff:  0.1, Sum:  0.2, Workers: 4
[17.369s][debug][gc,phases      ] GC(7)     Dead                           Min: 0, Avg:  0.2, Max: 1, Diff: 1, Sum: 1, Workers: 4
[17.369s][debug][gc,phases      ] GC(7)     Total                          Min: 0, Avg: 4529.5, Max: 6208, Diff: 6208, Sum: 18118, Workers: 4
[17.369s][debug][gc,phases      ] GC(7)   JNI Weak                       Min:  0.0, Avg:  0.0, Max:  0.0, Diff:  0.0, Sum:  0.0, Workers: 4
[17.369s][debug][gc,phases      ] GC(7)     Dead                           Min: 0, Avg:  0.0, Max: 0, Diff: 0, Sum: 0, Workers: 4
[17.369s][debug][gc,phases      ] GC(7)     Total                          Min: 0, Avg: 23.5, Max: 53, Diff: 53, Sum: 94, Workers: 4
[17.369s][debug][gc,phases      ] GC(7)   StringDedup Table Weak         Min:  0.0, Avg:  0.0, Max:  0.0, Diff:  0.0, Sum:  0.0, Workers: 4
[17.369s][debug][gc,phases      ] GC(7)     Dead                           Min: 0, Avg:  0.0, Max: 0, Diff: 0, Sum: 0, Workers: 4
[17.369s][debug][gc,phases      ] GC(7)     Total                          Min: 0, Avg:  0.0, Max: 0, Diff: 0, Sum: 0, Workers: 4
[17.369s][debug][gc,phases      ] GC(7)   StringDedup Requests0 Weak     Min:  0.0, Avg:  0.0, Max:  0.0, Diff:  0.0, Sum:  0.0, Workers: 4
[17.369s][debug][gc,phases      ] GC(7)     Dead                           Min: 0, Avg:  0.0, Max: 0, Diff: 0, Sum: 0, Workers: 4
[17.369s][debug][gc,phases      ] GC(7)     Total                          Min: 0, Avg:  0.0, Max: 0, Diff: 0, Sum: 0, Workers: 4
[17.369s][debug][gc,phases      ] GC(7)   StringDedup Requests1 Weak     Min:  0.0, Avg:  0.0, Max:  0.0, Diff:  0.0, Sum:  0.0, Workers: 4
[17.369s][debug][gc,phases      ] GC(7)     Dead                           Min: 0, Avg:  0.0, Max: 0, Diff: 0, Sum: 0, Workers: 4
[17.369s][debug][gc,phases      ] GC(7)     Total                          Min: 0, Avg:  0.0, Max: 0, Diff: 0, Sum: 0, Workers: 4
[17.369s][debug][gc,phases      ] GC(7)   Weak JFR Old Object Samples    Min:  0.0, Avg:  0.0, Max:  0.0, Diff:  0.0, Sum:  0.0, Workers: 4
[17.369s][debug][gc,phases      ] GC(7)     Dead                           Min: 0, Avg:  0.0, Max: 0, Diff: 0, Sum: 0, Workers: 4
[17.369s][debug][gc,phases      ] GC(7)     Total                          Min: 0, Avg:  0.0, Max: 0, Diff: 0, Sum: 0, Workers: 4
[17.369s][debug][gc,phases      ] GC(7) Weak Processing 0.552ms
[17.369s][debug][gc,phases      ] GC(7) ClassLoaderData 0.216ms
[17.369s][debug][gc,phases      ] GC(7) Trigger cleanups 0.001ms
[17.393s][debug][gc,phases      ] GC(7) Purge Unlinked NMethods 0.416ms
[17.393s][debug][gc,phases      ] GC(7) Unregister NMethods 0.738ms
[17.394s][debug][gc,phases      ] GC(7) Free Code Blobs 0.086ms
[17.403s][debug][gc,phases      ] GC(7) Class Unloading 33.742ms
[17.403s][debug][gc,phases      ] GC(7) Report Object Count 0.001ms
[17.403s][info ][gc,phases      ] GC(7) Marking Phase 92.762ms
[17.403s][info ][gc,phases,start] GC(7) Summary Phase
[17.403s][info ][gc,phases      ] GC(7) Summary Phase 0.010ms
[17.403s][info ][gc,phases,start] GC(7) Adjust Roots
[17.424s][info ][gc,phases      ] GC(7) Adjust Roots 21.182ms
[17.424s][info ][gc,phases,start] GC(7) Compaction Phase
[17.822s][info ][gc,phases      ] GC(7) Compaction Phase 397.702ms
[17.822s][info ][gc,phases,start] GC(7) Post Compact
[17.824s][debug][gc,phases      ] GC(7) Purge Class Loader Data 1.535ms
[17.828s][info ][gc,phases      ] GC(7) Post Compact 6.017ms
[17.828s][info ][gc,heap        ] GC(7) PSYoungGen: 129858K(1572864K)->128821K(1572864K) Eden: 0K(1048576K)->0K(1048576K) From: 129858K(524288K)->128821K(524288K)
[17.828s][info ][gc,heap        ] GC(7) ParOldGen: 6146K(6656K)->6622K(6656K)
[17.828s][info ][gc,metaspace   ] GC(7) Metaspace: 98430K(99648K)->98428K(99648K) NonClass: 82949K(83648K)->82948K(83648K) Class: 15480K(16000K)->15479K(16000K)
[17.828s][info ][gc             ] GC(7) Pause Full (Metadata GC Threshold) 132M->132M(1542M) 517.867ms
[17.828s][info ][gc,cpu         ] GC(7) User=1.13s Sys=0.01s Real=0.51s
[17.831s][info ][safepoint      ] Safepoint "CollectForMetadataAllocation", Time since last: 144644845 ns, Reaching safepoint: 86405 ns, Cleanup: 141308 ns, At safepoint: 597109887 ns, Total: 597337600 ns
[18.030s][info ][safepoint      ] Safepoint "ICBufferFull", Time since last: 198110540 ns, Reaching safepoint: 236614 ns, Cleanup: 199212 ns, At safepoint: 12001 ns, Total: 447827 ns
[18.241s][info ][safepoint      ] Safepoint "ICBufferFull", Time since last: 210892704 ns, Reaching safepoint: 8300 ns, Cleanup: 138209 ns, At safepoint: 13200 ns, Total: 159709 ns
[18.399s][info ][safepoint      ] Safepoint "ICBufferFull", Time since last: 158554776 ns, Reaching safepoint: 88506 ns, Cleanup: 159209 ns, At safepoint: 21602 ns, Total: 269317 ns
[18.538s][info ][safepoint      ] Safepoint "ICBufferFull", Time since last: 138681488 ns, Reaching safepoint: 85505 ns, Cleanup: 142809 ns, At safepoint: 10300 ns, Total: 238614 ns
[18.679s][info ][safepoint      ] Safepoint "ICBufferFull", Time since last: 140847118 ns, Reaching safepoint: 83805 ns, Cleanup: 132608 ns, At safepoint: 14001 ns, Total: 230414 ns
[18.789s][info ][safepoint      ] Safepoint "ICBufferFull", Time since last: 109344535 ns, Reaching safepoint: 80405 ns, Cleanup: 139708 ns, At safepoint: 12301 ns, Total: 232414 ns
[19.026s][info ][safepoint      ] Safepoint "ICBufferFull", Time since last: 237011965 ns, Reaching safepoint: 86405 ns, Cleanup: 139008 ns, At safepoint: 16201 ns, Total: 241614 ns
[19.190s][info ][safepoint      ] Safepoint "ICBufferFull", Time since last: 163263158 ns, Reaching safepoint: 84005 ns, Cleanup: 168710 ns, At safepoint: 11900 ns, Total: 264615 ns
[19.465s][info ][safepoint      ] Safepoint "ICBufferFull", Time since last: 274674616 ns, Reaching safepoint: 7501 ns, Cleanup: 148309 ns, At safepoint: 5100 ns, Total: 160910 ns
[19.705s][info ][safepoint      ] Safepoint "ICBufferFull", Time since last: 239784531 ns, Reaching safepoint: 6400 ns, Cleanup: 139209 ns, At safepoint: 2600 ns, Total: 148209 ns
[19.924s][info ][safepoint      ] Safepoint "ICBufferFull", Time since last: 219221202 ns, Reaching safepoint: 8300 ns, Cleanup: 145509 ns, At safepoint: 8700 ns, Total: 162509 ns
[20.391s][info ][safepoint      ] Safepoint "ICBufferFull", Time since last: 467245825 ns, Reaching safepoint: 5301 ns, Cleanup: 140608 ns, At safepoint: 2100 ns, Total: 148009 ns
[20.759s][info ][safepoint      ] Safepoint "ICBufferFull", Time since last: 366954531 ns, Reaching safepoint: 88906 ns, Cleanup: 138708 ns, At safepoint: 8100 ns, Total: 235714 ns
[21.070s][info ][safepoint      ] Safepoint "ICBufferFull", Time since last: 311375900 ns, Reaching safepoint: 7400 ns, Cleanup: 138309 ns, At safepoint: 10600 ns, Total: 156309 ns
[21.409s][info ][safepoint      ] Safepoint "ICBufferFull", Time since last: 338977347 ns, Reaching safepoint: 7300 ns, Cleanup: 148209 ns, At safepoint: 10801 ns, Total: 166310 ns
[22.050s][info ][gc,start       ] GC(8) Pause Young (Allocation Failure)
[22.171s][debug][gc,phases      ] GC(8) Scavenge 121.352ms
[22.172s][debug][gc,ref         ] GC(8) ReferenceProcessor::execute queues: 4, RefProcThreadModel::Multi, marks_oops_alive: false
[22.172s][debug][gc,ref         ] GC(8) Skipped KeepAliveFinalRefsPhase of Reference Processing: no references
[22.172s][debug][gc,ref         ] GC(8) ReferenceProcessor::execute queues: 1, RefProcThreadModel::Single, marks_oops_alive: false
[22.172s][debug][gc,phases      ] GC(8) Reference Processing 0.957ms
[22.173s][debug][gc,phases      ] GC(8)   VM Weak                        Min:  0.0, Avg:  0.0, Max:  0.0, Diff:  0.0, Sum:  0.0, Workers: 4
[22.173s][debug][gc,phases      ] GC(8)     Dead                           Min: 0, Avg:  0.0, Max: 0, Diff: 0, Sum: 0, Workers: 4
[22.173s][debug][gc,phases      ] GC(8)     Total                          Min: 0, Avg: 230.2, Max: 474, Diff: 474, Sum: 921, Workers: 4
[22.173s][debug][gc,phases      ] GC(8)   ObjectSynchronizer Weak        Min:  0.0, Avg:  0.0, Max:  0.0, Diff:  0.0, Sum:  0.0, Workers: 4
[22.173s][debug][gc,phases      ] GC(8)     Dead                           Min: 0, Avg:  0.0, Max: 0, Diff: 0, Sum: 0, Workers: 4
[22.173s][debug][gc,phases      ] GC(8)     Total                          Min: 0, Avg: 12.2, Max: 49, Diff: 49, Sum: 49, Workers: 4
[22.173s][debug][gc,phases      ] GC(8)   JVMTI Tag Weak OopStorage      Min:  0.0, Avg:  0.0, Max:  0.0, Diff:  0.0, Sum:  0.0, Workers: 4
[22.173s][debug][gc,phases      ] GC(8)     Dead                           Min: 0, Avg:  0.0, Max: 0, Diff: 0, Sum: 0, Workers: 4
[22.173s][debug][gc,phases      ] GC(8)     Total                          Min: 0, Avg:  0.0, Max: 0, Diff: 0, Sum: 0, Workers: 4
[22.173s][debug][gc,phases      ] GC(8)   StringTable Weak               Min:  0.0, Avg:  0.4, Max:  0.6, Diff:  0.6, Sum:  1.7, Workers: 4
[22.173s][debug][gc,phases      ] GC(8)     Dead                           Min: 0, Avg:  1.5, Max: 4, Diff: 4, Sum: 6, Workers: 4
[22.173s][debug][gc,phases      ] GC(8)     Total                          Min: 0, Avg: 11162.0, Max: 15232, Diff: 15232, Sum: 44648, Workers: 4
[22.173s][debug][gc,phases      ] GC(8)   ResolvedMethodTable Weak       Min:  0.0, Avg:  0.1, Max:  0.2, Diff:  0.2, Sum:  0.6, Workers: 4
[22.173s][debug][gc,phases      ] GC(8)     Dead                           Min: 0, Avg: 37.8, Max: 73, Diff: 73, Sum: 151, Workers: 4
[22.173s][debug][gc,phases      ] GC(8)     Total                          Min: 0, Avg: 3604.8, Max: 4841, Diff: 4841, Sum: 14419, Workers: 4
[22.173s][debug][gc,phases      ] GC(8)   JNI Weak                       Min:  0.0, Avg:  0.0, Max:  0.0, Diff:  0.0, Sum:  0.0, Workers: 4
[22.173s][debug][gc,phases      ] GC(8)     Dead                           Min: 0, Avg:  0.0, Max: 0, Diff: 0, Sum: 0, Workers: 4
[22.173s][debug][gc,phases      ] GC(8)     Total                          Min: 0, Avg: 20.0, Max: 52, Diff: 52, Sum: 80, Workers: 4
[22.173s][debug][gc,phases      ] GC(8)   StringDedup Table Weak         Min:  0.0, Avg:  0.0, Max:  0.0, Diff:  0.0, Sum:  0.0, Workers: 4
[22.173s][debug][gc,phases      ] GC(8)     Dead                           Min: 0, Avg:  0.0, Max: 0, Diff: 0, Sum: 0, Workers: 4
[22.173s][debug][gc,phases      ] GC(8)     Total                          Min: 0, Avg:  0.0, Max: 0, Diff: 0, Sum: 0, Workers: 4
[22.173s][debug][gc,phases      ] GC(8)   StringDedup Requests0 Weak     Min:  0.0, Avg:  0.0, Max:  0.0, Diff:  0.0, Sum:  0.0, Workers: 4
[22.173s][debug][gc,phases      ] GC(8)     Dead                           Min: 0, Avg:  0.0, Max: 0, Diff: 0, Sum: 0, Workers: 4
[22.173s][debug][gc,phases      ] GC(8)     Total                          Min: 0, Avg:  0.0, Max: 0, Diff: 0, Sum: 0, Workers: 4
[22.173s][debug][gc,phases      ] GC(8)   StringDedup Requests1 Weak     Min:  0.0, Avg:  0.0, Max:  0.0, Diff:  0.0, Sum:  0.0, Workers: 4
[22.174s][debug][gc,phases      ] GC(8)     Dead                           Min: 0, Avg:  0.0, Max: 0, Diff: 0, Sum: 0, Workers: 4
[22.174s][debug][gc,phases      ] GC(8)     Total                          Min: 0, Avg:  0.0, Max: 0, Diff: 0, Sum: 0, Workers: 4
[22.174s][debug][gc,phases      ] GC(8)   Weak JFR Old Object Samples    Min:  0.0, Avg:  0.0, Max:  0.0, Diff:  0.0, Sum:  0.0, Workers: 4
[22.174s][debug][gc,phases      ] GC(8)     Dead                           Min: 0, Avg:  0.0, Max: 0, Diff: 0, Sum: 0, Workers: 4
[22.174s][debug][gc,phases      ] GC(8)     Total                          Min: 0, Avg:  0.0, Max: 0, Diff: 0, Sum: 0, Workers: 4
[22.174s][debug][gc,phases      ] GC(8) Weak Processing 1.141ms
[22.174s][debug][gc,age         ] GC(8) Desired survivor size 204472320 bytes, new threshold 6 (max threshold 15)
[22.174s][info ][gc,heap        ] GC(8) PSYoungGen: 1177397K(1572864K)->184240K(1572864K) Eden: 1048576K(1048576K)->0K(1048576K) From: 128821K(524288K)->184240K(524288K)
[22.174s][info ][gc,heap        ] GC(8) ParOldGen: 6622K(6656K)->6655K(6656K)
[22.174s][info ][gc,metaspace   ] GC(8) Metaspace: 101609K(102784K)->101609K(102784K) NonClass: 85910K(86592K)->85910K(86592K) Class: 15699K(16192K)->15699K(16192K)
[22.174s][info ][gc             ] GC(8) Pause Young (Allocation Failure) 1156M->186M(1542M) 123.593ms
[22.174s][info ][gc,cpu         ] GC(8) User=0.36s Sys=0.03s Real=0.12s
[22.174s][info ][safepoint      ] Safepoint "ParallelGCFailedAllocation", Time since last: 640503656 ns, Reaching safepoint: 81305 ns, Cleanup: 134108 ns, At safepoint: 123688687 ns, Total: 123904100 ns
[22.947s][info ][safepoint      ] Safepoint "ICBufferFull", Time since last: 773546003 ns, Reaching safepoint: 7500 ns, Cleanup: 151109 ns, At safepoint: 9901 ns, Total: 168510 ns
[23.363s][info ][safepoint      ] Safepoint "ICBufferFull", Time since last: 415104293 ns, Reaching safepoint: 8401 ns, Cleanup: 163009 ns, At safepoint: 14101 ns, Total: 185511 ns
[23.837s][info ][safepoint      ] Safepoint "ICBufferFull", Time since last: 473764597 ns, Reaching safepoint: 81205 ns, Cleanup: 125407 ns, At safepoint: 7501 ns, Total: 214113 ns
[24.501s][info ][safepoint      ] Safepoint "ICBufferFull", Time since last: 664219372 ns, Reaching safepoint: 7201 ns, Cleanup: 132808 ns, At safepoint: 2100 ns, Total: 142109 ns
[25.141s][info ][safepoint      ] Safepoint "ICBufferFull", Time since last: 639708708 ns, Reaching safepoint: 5901 ns, Cleanup: 130908 ns, At safepoint: 5900 ns, Total: 142709 ns
[25.798s][info ][safepoint      ] Safepoint "ICBufferFull", Time since last: 656966939 ns, Reaching safepoint: 7901 ns, Cleanup: 145608 ns, At safepoint: 3201 ns, Total: 156710 ns
[26.397s][info ][safepoint      ] Safepoint "ICBufferFull", Time since last: 599060780 ns, Reaching safepoint: 6301 ns, Cleanup: 156809 ns, At safepoint: 9601 ns, Total: 172711 ns
[27.340s][info ][safepoint      ] Safepoint "ICBufferFull", Time since last: 942497093 ns, Reaching safepoint: 81405 ns, Cleanup: 119807 ns, At safepoint: 6301 ns, Total: 207513 ns
[28.142s][info ][gc,start       ] GC(9) Pause Young (Allocation Failure)
[28.243s][debug][gc,phases      ] GC(9) Scavenge 101.259ms
[28.244s][debug][gc,ref         ] GC(9) ReferenceProcessor::execute queues: 4, RefProcThreadModel::Multi, marks_oops_alive: false
[28.244s][debug][gc,ref         ] GC(9) Skipped KeepAliveFinalRefsPhase of Reference Processing: no references
[28.244s][debug][gc,ref         ] GC(9) ReferenceProcessor::execute queues: 1, RefProcThreadModel::Single, marks_oops_alive: false
[28.244s][debug][gc,phases      ] GC(9) Reference Processing 0.844ms
[28.245s][debug][gc,phases      ] GC(9)   VM Weak                        Min:  0.0, Avg:  0.0, Max:  0.0, Diff:  0.0, Sum:  0.0, Workers: 4
[28.245s][debug][gc,phases      ] GC(9)     Dead                           Min: 0, Avg:  0.0, Max: 0, Diff: 0, Sum: 0, Workers: 4
[28.245s][debug][gc,phases      ] GC(9)     Total                          Min: 64, Avg: 235.0, Max: 447, Diff: 383, Sum: 940, Workers: 4
[28.245s][debug][gc,phases      ] GC(9)   ObjectSynchronizer Weak        Min:  0.0, Avg:  0.0, Max:  0.0, Diff:  0.0, Sum:  0.0, Workers: 4
[28.245s][debug][gc,phases      ] GC(9)     Dead                           Min: 0, Avg:  0.0, Max: 0, Diff: 0, Sum: 0, Workers: 4
[28.245s][debug][gc,phases      ] GC(9)     Total                          Min: 0, Avg: 12.2, Max: 49, Diff: 49, Sum: 49, Workers: 4
[28.245s][debug][gc,phases      ] GC(9)   JVMTI Tag Weak OopStorage      Min:  0.0, Avg:  0.0, Max:  0.0, Diff:  0.0, Sum:  0.0, Workers: 4
[28.245s][debug][gc,phases      ] GC(9)     Dead                           Min: 0, Avg:  0.0, Max: 0, Diff: 0, Sum: 0, Workers: 4
[28.245s][debug][gc,phases      ] GC(9)     Total                          Min: 0, Avg:  0.0, Max: 0, Diff: 0, Sum: 0, Workers: 4
[28.245s][debug][gc,phases      ] GC(9)   StringTable Weak               Min:  0.5, Avg:  0.5, Max:  0.5, Diff:  0.0, Sum:  1.9, Workers: 4
[28.245s][debug][gc,phases      ] GC(9)     Dead                           Min: 0, Avg:  0.8, Max: 2, Diff: 2, Sum: 3, Workers: 4
[28.245s][debug][gc,phases      ] GC(9)     Total                          Min: 10880, Avg: 11292.5, Max: 12224, Diff: 1344, Sum: 45170, Workers: 4
[28.245s][debug][gc,phases      ] GC(9)   ResolvedMethodTable Weak       Min:  0.1, Avg:  0.1, Max:  0.2, Diff:  0.0, Sum:  0.6, Workers: 4
[28.245s][debug][gc,phases      ] GC(9)     Dead                           Min: 14, Avg: 15.0, Max: 16, Diff: 2, Sum: 60, Workers: 4
[28.245s][debug][gc,phases      ] GC(9)     Total                          Min: 3611, Avg: 3652.8, Max: 3709, Diff: 98, Sum: 14611, Workers: 4
[28.245s][debug][gc,phases      ] GC(9)   JNI Weak                       Min:  0.0, Avg:  0.0, Max:  0.0, Diff:  0.0, Sum:  0.0, Workers: 4
[28.245s][debug][gc,phases      ] GC(9)     Dead                           Min: 0, Avg:  0.0, Max: 0, Diff: 0, Sum: 0, Workers: 4
[28.245s][debug][gc,phases      ] GC(9)     Total                          Min: 0, Avg: 13.0, Max: 52, Diff: 52, Sum: 52, Workers: 4
[28.245s][debug][gc,phases      ] GC(9)   StringDedup Table Weak         Min:  0.0, Avg:  0.0, Max:  0.0, Diff:  0.0, Sum:  0.0, Workers: 4
[28.245s][debug][gc,phases      ] GC(9)     Dead                           Min: 0, Avg:  0.0, Max: 0, Diff: 0, Sum: 0, Workers: 4
[28.245s][debug][gc,phases      ] GC(9)     Total                          Min: 0, Avg:  0.0, Max: 0, Diff: 0, Sum: 0, Workers: 4
[28.245s][debug][gc,phases      ] GC(9)   StringDedup Requests0 Weak     Min:  0.0, Avg:  0.0, Max:  0.0, Diff:  0.0, Sum:  0.0, Workers: 4
[28.245s][debug][gc,phases      ] GC(9)     Dead                           Min: 0, Avg:  0.0, Max: 0, Diff: 0, Sum: 0, Workers: 4
[28.245s][debug][gc,phases      ] GC(9)     Total                          Min: 0, Avg:  0.0, Max: 0, Diff: 0, Sum: 0, Workers: 4
[28.245s][debug][gc,phases      ] GC(9)   StringDedup Requests1 Weak     Min:  0.0, Avg:  0.0, Max:  0.0, Diff:  0.0, Sum:  0.0, Workers: 4
[28.245s][debug][gc,phases      ] GC(9)     Dead                           Min: 0, Avg:  0.0, Max: 0, Diff: 0, Sum: 0, Workers: 4
[28.245s][debug][gc,phases      ] GC(9)     Total                          Min: 0, Avg:  0.0, Max: 0, Diff: 0, Sum: 0, Workers: 4
[28.245s][debug][gc,phases      ] GC(9)   Weak JFR Old Object Samples    Min:  0.0, Avg:  0.0, Max:  0.0, Diff:  0.0, Sum:  0.0, Workers: 4
[28.245s][debug][gc,phases      ] GC(9)     Dead                           Min: 0, Avg:  0.0, Max: 0, Diff: 0, Sum: 0, Workers: 4
[28.245s][debug][gc,phases      ] GC(9)     Total                          Min: 0, Avg:  0.0, Max: 0, Diff: 0, Sum: 0, Workers: 4
[28.245s][debug][gc,phases      ] GC(9) Weak Processing 0.870ms
[28.245s][debug][gc,age         ] GC(9) Desired survivor size 248512512 bytes, new threshold 5 (max threshold 15)
[28.245s][info ][gc,heap        ] GC(9) PSYoungGen: 1232816K(1572864K)->199659K(1811456K) Eden: 1048576K(1048576K)->0K(1611776K) From: 184240K(524288K)->199659K(199680K)
[28.245s][info ][gc,heap        ] GC(9) ParOldGen: 6655K(6656K)->9447K(9728K)
[28.245s][info ][gc,metaspace   ] GC(9) Metaspace: 102615K(103872K)->102615K(103872K) NonClass: 86827K(87552K)->86827K(87552K) Class: 15787K(16320K)->15787K(16320K)
[28.245s][info ][gc             ] GC(9) Pause Young (Allocation Failure) 1210M->204M(1778M) 103.119ms
[28.245s][info ][gc,cpu         ] GC(9) User=0.25s Sys=0.09s Real=0.10s
[28.245s][info ][safepoint      ] Safepoint "ParallelGCFailedAllocation", Time since last: 802063605 ns, Reaching safepoint: 5201 ns, Cleanup: 64803 ns, At safepoint: 103197064 ns, Total: 103267068 ns
[29.245s][info ][safepoint      ] Safepoint "Cleanup", Time since last: 1000088809 ns, Reaching safepoint: 5701 ns, Cleanup: 50703 ns, At safepoint: 2100 ns, Total: 58504 ns
[30.350s][info ][safepoint      ] Safepoint "Cleanup", Time since last: 1104690919 ns, Reaching safepoint: 8100 ns, Cleanup: 68304 ns, At safepoint: 7601 ns, Total: 84005 ns
[31.350s][info ][safepoint      ] Safepoint "Cleanup", Time since last: 1000146781 ns, Reaching safepoint: 10000 ns, Cleanup: 63804 ns, At safepoint: 3000 ns, Total: 76804 ns
[32.351s][info ][safepoint      ] Safepoint "Cleanup", Time since last: 1000127980 ns, Reaching safepoint: 7300 ns, Cleanup: 79805 ns, At safepoint: 2700 ns, Total: 89805 ns
[33.351s][info ][safepoint      ] Safepoint "Cleanup", Time since last: 1000113479 ns, Reaching safepoint: 5600 ns, Cleanup: 37902 ns, At safepoint: 2501 ns, Total: 46003 ns
[34.351s][info ][safepoint      ] Safepoint "Cleanup", Time since last: 1000112978 ns, Reaching safepoint: 6201 ns, Cleanup: 163509 ns, At safepoint: 2501 ns, Total: 172211 ns
[35.351s][info ][safepoint      ] Safepoint "Cleanup", Time since last: 1000121979 ns, Reaching safepoint: 6300 ns, Cleanup: 75505 ns, At safepoint: 6600 ns, Total: 88405 ns
[36.535s][info ][safepoint      ] Safepoint "Cleanup", Time since last: 1183164102 ns, Reaching safepoint: 88505 ns, Cleanup: 57804 ns, At safepoint: 6000 ns, Total: 152309 ns
[37.535s][info ][safepoint      ] Safepoint "Cleanup", Time since last: 1000126645 ns, Reaching safepoint: 78504 ns, Cleanup: 38003 ns, At safepoint: 8000 ns, Total: 124507 ns
[38.535s][info ][safepoint      ] Safepoint "Cleanup", Time since last: 1000145913 ns, Reaching safepoint: 78504 ns, Cleanup: 55604 ns, At safepoint: 7900 ns, Total: 142008 ns
[39.535s][info ][safepoint      ] Safepoint "Cleanup", Time since last: 1000129612 ns, Reaching safepoint: 82105 ns, Cleanup: 57303 ns, At safepoint: 6000 ns, Total: 145408 ns
[40.536s][info ][safepoint      ] Safepoint "Cleanup", Time since last: 1000126312 ns, Reaching safepoint: 149609 ns, Cleanup: 31202 ns, At safepoint: 6700 ns, Total: 187511 ns
[41.536s][info ][safepoint      ] Safepoint "Cleanup", Time since last: 1000139212 ns, Reaching safepoint: 9001 ns, Cleanup: 28601 ns, At safepoint: 11601 ns, Total: 49203 ns
[42.536s][info ][safepoint      ] Safepoint "Cleanup", Time since last: 1000141612 ns, Reaching safepoint: 81705 ns, Cleanup: 24802 ns, At safepoint: 9800 ns, Total: 116307 ns
[43.536s][info ][safepoint      ] Safepoint "Cleanup", Time since last: 1000146113 ns, Reaching safepoint: 87405 ns, Cleanup: 67704 ns, At safepoint: 8701 ns, Total: 163810 ns
[44.537s][info ][safepoint      ] Safepoint "Cleanup", Time since last: 1000131111 ns, Reaching safepoint: 79805 ns, Cleanup: 25602 ns, At safepoint: 6600 ns, Total: 112007 ns
[45.537s][info ][safepoint      ] Safepoint "Cleanup", Time since last: 1000131807 ns, Reaching safepoint: 79604 ns, Cleanup: 28702 ns, At safepoint: 7301 ns, Total: 115607 ns
[46.537s][info ][safepoint      ] Safepoint "Cleanup", Time since last: 1000137363 ns, Reaching safepoint: 81305 ns, Cleanup: 45502 ns, At safepoint: 10201 ns, Total: 137008 ns
[47.537s][info ][safepoint      ] Safepoint "Cleanup", Time since last: 1000131063 ns, Reaching safepoint: 86705 ns, Cleanup: 34002 ns, At safepoint: 7500 ns, Total: 128207 ns
[48.538s][info ][safepoint      ] Safepoint "Cleanup", Time since last: 1000132863 ns, Reaching safepoint: 81405 ns, Cleanup: 62204 ns, At safepoint: 6600 ns, Total: 150209 ns
[49.538s][info ][safepoint      ] Safepoint "Cleanup", Time since last: 1000116462 ns, Reaching safepoint: 79705 ns, Cleanup: 38502 ns, At safepoint: 6801 ns, Total: 125008 ns
[50.538s][info ][safepoint      ] Safepoint "Cleanup", Time since last: 1000105661 ns, Reaching safepoint: 77505 ns, Cleanup: 38002 ns, At safepoint: 8400 ns, Total: 123907 ns
[51.538s][info ][safepoint      ] Safepoint "Cleanup", Time since last: 1000115762 ns, Reaching safepoint: 84005 ns, Cleanup: 44503 ns, At safepoint: 6800 ns, Total: 135308 ns
[52.539s][info ][safepoint      ] Safepoint "Cleanup", Time since last: 1000140964 ns, Reaching safepoint: 85705 ns, Cleanup: 47803 ns, At safepoint: 7400 ns, Total: 140908 ns
[53.539s][info ][safepoint      ] Safepoint "Cleanup", Time since last: 1000126372 ns, Reaching safepoint: 80405 ns, Cleanup: 68304 ns, At safepoint: 6300 ns, Total: 155009 ns
[54.539s][info ][safepoint      ] Safepoint "Cleanup", Time since last: 1000121275 ns, Reaching safepoint: 80405 ns, Cleanup: 99306 ns, At safepoint: 9501 ns, Total: 189212 ns
[55.540s][info ][safepoint      ] Safepoint "Cleanup", Time since last: 1000130175 ns, Reaching safepoint: 82205 ns, Cleanup: 93506 ns, At safepoint: 9400 ns, Total: 185111 ns
[56.540s][info ][safepoint      ] Safepoint "Cleanup", Time since last: 1000111375 ns, Reaching safepoint: 84505 ns, Cleanup: 81405 ns, At safepoint: 11401 ns, Total: 177311 ns
[57.039s][info ][safepoint      ] Safepoint "ICBufferFull", Time since last: 498695506 ns, Reaching safepoint: 91505 ns, Cleanup: 169410 ns, At safepoint: 17801 ns, Total: 278716 ns
[57.254s][info ][safepoint      ] Safepoint "ParallelGCFailedAllocation", Time since last: 214953048 ns, Reaching safepoint: 90305 ns, Cleanup: 63104 ns, At safepoint: 12201 ns, Total: 165610 ns
[57.255s][info ][gc,start       ] GC(10) Pause Young (GCLocker Initiated GC)
[57.366s][debug][gc,phases      ] GC(10) Scavenge 111.554ms
[57.366s][debug][gc,ref         ] GC(10) ReferenceProcessor::execute queues: 4, RefProcThreadModel::Multi, marks_oops_alive: false
[57.367s][debug][gc,ref         ] GC(10) Skipped KeepAliveFinalRefsPhase of Reference Processing: no references
[57.367s][debug][gc,ref         ] GC(10) ReferenceProcessor::execute queues: 1, RefProcThreadModel::Single, marks_oops_alive: false
[57.367s][debug][gc,phases      ] GC(10) Reference Processing 0.907ms
[57.368s][debug][gc,phases      ] GC(10)   VM Weak                        Min:  0.0, Avg:  0.0, Max:  0.0, Diff:  0.0, Sum:  0.0, Workers: 4
[57.368s][debug][gc,phases      ] GC(10)     Dead                           Min: 0, Avg:  0.0, Max: 0, Diff: 0, Sum: 0, Workers: 4
[57.368s][debug][gc,phases      ] GC(10)     Total                          Min: 0, Avg: 240.2, Max: 512, Diff: 512, Sum: 961, Workers: 4
[57.368s][debug][gc,phases      ] GC(10)   ObjectSynchronizer Weak        Min:  0.0, Avg:  0.0, Max:  0.0, Diff:  0.0, Sum:  0.0, Workers: 4
[57.368s][debug][gc,phases      ] GC(10)     Dead                           Min: 0, Avg:  0.0, Max: 0, Diff: 0, Sum: 0, Workers: 4
[57.368s][debug][gc,phases      ] GC(10)     Total                          Min: 0, Avg: 12.2, Max: 49, Diff: 49, Sum: 49, Workers: 4
[57.368s][debug][gc,phases      ] GC(10)   JVMTI Tag Weak OopStorage      Min:  0.0, Avg:  0.0, Max:  0.0, Diff:  0.0, Sum:  0.0, Workers: 4
[57.368s][debug][gc,phases      ] GC(10)     Dead                           Min: 0, Avg:  0.0, Max: 0, Diff: 0, Sum: 0, Workers: 4
[57.368s][debug][gc,phases      ] GC(10)     Total                          Min: 0, Avg:  0.0, Max: 0, Diff: 0, Sum: 0, Workers: 4
[57.368s][debug][gc,phases      ] GC(10)   StringTable Weak               Min:  0.0, Avg:  0.4, Max:  0.6, Diff:  0.6, Sum:  1.7, Workers: 4
[57.368s][debug][gc,phases      ] GC(10)     Dead                           Min: 0, Avg:  1.0, Max: 2, Diff: 2, Sum: 4, Workers: 4
[57.368s][debug][gc,phases      ] GC(10)     Total                          Min: 0, Avg: 11395.8, Max: 16256, Diff: 16256, Sum: 45583, Workers: 4
[57.368s][debug][gc,phases      ] GC(10)   ResolvedMethodTable Weak       Min:  0.0, Avg:  0.1, Max:  0.2, Diff:  0.2, Sum:  0.6, Workers: 4
[57.368s][debug][gc,phases      ] GC(10)     Dead                           Min: 0, Avg: 14.0, Max: 33, Diff: 33, Sum: 56, Workers: 4
[57.368s][debug][gc,phases      ] GC(10)     Total                          Min: 0, Avg: 3714.8, Max: 4991, Diff: 4991, Sum: 14859, Workers: 4
[57.368s][debug][gc,phases      ] GC(10)   JNI Weak                       Min:  0.0, Avg:  0.0, Max:  0.0, Diff:  0.0, Sum:  0.0, Workers: 4
[57.368s][debug][gc,phases      ] GC(10)     Dead                           Min: 0, Avg:  0.0, Max: 0, Diff: 0, Sum: 0, Workers: 4
[57.368s][debug][gc,phases      ] GC(10)     Total                          Min: 0, Avg: 15.5, Max: 56, Diff: 56, Sum: 62, Workers: 4
[57.368s][debug][gc,phases      ] GC(10)   StringDedup Table Weak         Min:  0.0, Avg:  0.0, Max:  0.0, Diff:  0.0, Sum:  0.0, Workers: 4
[57.368s][debug][gc,phases      ] GC(10)     Dead                           Min: 0, Avg:  0.0, Max: 0, Diff: 0, Sum: 0, Workers: 4
[57.368s][debug][gc,phases      ] GC(10)     Total                          Min: 0, Avg:  0.0, Max: 0, Diff: 0, Sum: 0, Workers: 4
[57.368s][debug][gc,phases      ] GC(10)   StringDedup Requests0 Weak     Min:  0.0, Avg:  0.0, Max:  0.0, Diff:  0.0, Sum:  0.0, Workers: 4
[57.368s][debug][gc,phases      ] GC(10)     Dead                           Min: 0, Avg:  0.0, Max: 0, Diff: 0, Sum: 0, Workers: 4
[57.368s][debug][gc,phases      ] GC(10)     Total                          Min: 0, Avg:  0.0, Max: 0, Diff: 0, Sum: 0, Workers: 4
[57.368s][debug][gc,phases      ] GC(10)   StringDedup Requests1 Weak     Min:  0.0, Avg:  0.0, Max:  0.0, Diff:  0.0, Sum:  0.0, Workers: 4
[57.368s][debug][gc,phases      ] GC(10)     Dead                           Min: 0, Avg:  0.0, Max: 0, Diff: 0, Sum: 0, Workers: 4
[57.368s][debug][gc,phases      ] GC(10)     Total                          Min: 0, Avg:  0.0, Max: 0, Diff: 0, Sum: 0, Workers: 4
[57.368s][debug][gc,phases      ] GC(10)   Weak JFR Old Object Samples    Min:  0.0, Avg:  0.0, Max:  0.0, Diff:  0.0, Sum:  0.0, Workers: 4
[57.368s][debug][gc,phases      ] GC(10)     Dead                           Min: 0, Avg:  0.0, Max: 0, Diff: 0, Sum: 0, Workers: 4
[57.368s][debug][gc,phases      ] GC(10)     Total                          Min: 0, Avg:  0.0, Max: 0, Diff: 0, Sum: 0, Workers: 4
[57.368s][debug][gc,phases      ] GC(10) Weak Processing 1.002ms
[57.368s][debug][gc,age         ] GC(10) Desired survivor size 252706816 bytes, new threshold 4 (max threshold 15)
[57.368s][info ][gc,heap        ] GC(10) PSYoungGen: 1811435K(1811456K)->157286K(1769472K) Eden: 1611776K(1611776K)->0K(1611776K) From: 199659K(199680K)->157286K(157696K)
[57.368s][info ][gc,heap        ] GC(10) ParOldGen: 9959K(10240K)->63779K(64000K)
[57.368s][info ][gc,metaspace   ] GC(10) Metaspace: 103904K(105152K)->103904K(105152K) NonClass: 88006K(88704K)->88006K(88704K) Class: 15898K(16448K)->15898K(16448K)
[57.368s][info ][gc             ] GC(10) Pause Young (GCLocker Initiated GC) 1778M->215M(1790M) 113.602ms
[57.368s][info ][gc,cpu         ] GC(10) User=0.34s Sys=0.02s Real=0.11s
[57.368s][info ][safepoint      ] Safepoint "ParallelGCSystemGC", Time since last: 359921 ns, Reaching safepoint: 79305 ns, Cleanup: 1400 ns, At safepoint: 113694795 ns, Total: 113775500 ns
[58.368s][info ][safepoint      ] Safepoint "Cleanup", Time since last: 1000102074 ns, Reaching safepoint: 8401 ns, Cleanup: 142708 ns, At safepoint: 3301 ns, Total: 154410 ns
[59.369s][info ][safepoint      ] Safepoint "Cleanup", Time since last: 1000127775 ns, Reaching safepoint: 8001 ns, Cleanup: 101206 ns, At safepoint: 2800 ns, Total: 112007 ns
[61.054s][info ][safepoint      ] Safepoint "Cleanup", Time since last: 1685242618 ns, Reaching safepoint: 6600 ns, Cleanup: 119007 ns, At safepoint: 6001 ns, Total: 131608 ns
[62.054s][info ][safepoint      ] Safepoint "Cleanup", Time since last: 1000116246 ns, Reaching safepoint: 6901 ns, Cleanup: 28001 ns, At safepoint: 2901 ns, Total: 37803 ns
[63.054s][info ][safepoint      ] Safepoint "Cleanup", Time since last: 1000146148 ns, Reaching safepoint: 14301 ns, Cleanup: 41902 ns, At safepoint: 3401 ns, Total: 59604 ns
[64.055s][info ][safepoint      ] Safepoint "Cleanup", Time since last: 1000141448 ns, Reaching safepoint: 8400 ns, Cleanup: 27502 ns, At safepoint: 2900 ns, Total: 38802 ns
[65.055s][info ][safepoint      ] Safepoint "Cleanup", Time since last: 1000124347 ns, Reaching safepoint: 8501 ns, Cleanup: 50703 ns, At safepoint: 3500 ns, Total: 62704 ns
[66.055s][info ][safepoint      ] Safepoint "Cleanup", Time since last: 1000137848 ns, Reaching safepoint: 7201 ns, Cleanup: 17401 ns, At safepoint: 3000 ns, Total: 27602 ns
[67.055s][info ][safepoint      ] Safepoint "Cleanup", Time since last: 1000116047 ns, Reaching safepoint: 5700 ns, Cleanup: 17401 ns, At safepoint: 2300 ns, Total: 25401 ns
[68.055s][info ][safepoint      ] Safepoint "Cleanup", Time since last: 1000114847 ns, Reaching safepoint: 5400 ns, Cleanup: 28902 ns, At safepoint: 2800 ns, Total: 37102 ns
[69.055s][info ][safepoint      ] Safepoint "Cleanup", Time since last: 1000116133 ns, Reaching safepoint: 7101 ns, Cleanup: 17901 ns, At safepoint: 2500 ns, Total: 27502 ns
[70.056s][info ][safepoint      ] Safepoint "Cleanup", Time since last: 1000128278 ns, Reaching safepoint: 7501 ns, Cleanup: 21701 ns, At safepoint: 2500 ns, Total: 31702 ns
[71.056s][info ][safepoint      ] Safepoint "Cleanup", Time since last: 1000124679 ns, Reaching safepoint: 83505 ns, Cleanup: 104306 ns, At safepoint: 8800 ns, Total: 196611 ns
[72.056s][info ][safepoint      ] Safepoint "Cleanup", Time since last: 1000112578 ns, Reaching safepoint: 9100 ns, Cleanup: 26102 ns, At safepoint: 2900 ns, Total: 38102 ns
[73.056s][info ][safepoint      ] Safepoint "Cleanup", Time since last: 1000130979 ns, Reaching safepoint: 8700 ns, Cleanup: 18601 ns, At safepoint: 3301 ns, Total: 30602 ns
[74.056s][info ][safepoint      ] Safepoint "Cleanup", Time since last: 1000138879 ns, Reaching safepoint: 10500 ns, Cleanup: 17702 ns, At safepoint: 3100 ns, Total: 31302 ns
[75.057s][info ][safepoint      ] Safepoint "Cleanup", Time since last: 1000137179 ns, Reaching safepoint: 9800 ns, Cleanup: 28602 ns, At safepoint: 3100 ns, Total: 41502 ns
[76.057s][info ][safepoint      ] Safepoint "Cleanup", Time since last: 1000155380 ns, Reaching safepoint: 6401 ns, Cleanup: 20201 ns, At safepoint: 2800 ns, Total: 29402 ns
[77.057s][info ][safepoint      ] Safepoint "Cleanup", Time since last: 1000125918 ns, Reaching safepoint: 7300 ns, Cleanup: 35702 ns, At safepoint: 2500 ns, Total: 45502 ns
[78.057s][info ][safepoint      ] Safepoint "Cleanup", Time since last: 1000113585 ns, Reaching safepoint: 6501 ns, Cleanup: 21501 ns, At safepoint: 2700 ns, Total: 30702 ns
[79.057s][info ][safepoint      ] Safepoint "Cleanup", Time since last: 1000118686 ns, Reaching safepoint: 8100 ns, Cleanup: 18101 ns, At safepoint: 3000 ns, Total: 29201 ns
[80.057s][info ][safepoint      ] Safepoint "Cleanup", Time since last: 1000122786 ns, Reaching safepoint: 8701 ns, Cleanup: 15400 ns, At safepoint: 2701 ns, Total: 26802 ns
[81.058s][info ][safepoint      ] Safepoint "Cleanup", Time since last: 1000135686 ns, Reaching safepoint: 9101 ns, Cleanup: 36402 ns, At safepoint: 3100 ns, Total: 48603 ns
[82.058s][info ][safepoint      ] Safepoint "Cleanup", Time since last: 1000130386 ns, Reaching safepoint: 7800 ns, Cleanup: 18502 ns, At safepoint: 3200 ns, Total: 29502 ns
[83.058s][info ][safepoint      ] Safepoint "Cleanup", Time since last: 1000116085 ns, Reaching safepoint: 7000 ns, Cleanup: 26702 ns, At safepoint: 3000 ns, Total: 36702 ns
[84.058s][info ][safepoint      ] Safepoint "Cleanup", Time since last: 1000123686 ns, Reaching safepoint: 8800 ns, Cleanup: 22502 ns, At safepoint: 2900 ns, Total: 34202 ns
[85.058s][info ][safepoint      ] Safepoint "Cleanup", Time since last: 1000120264 ns, Reaching safepoint: 7300 ns, Cleanup: 14501 ns, At safepoint: 3000 ns, Total: 24801 ns
[86.058s][info ][safepoint      ] Safepoint "Cleanup", Time since last: 1000164069 ns, Reaching safepoint: 9900 ns, Cleanup: 24502 ns, At safepoint: 3500 ns, Total: 37902 ns
[87.059s][info ][safepoint      ] Safepoint "Cleanup", Time since last: 1000142167 ns, Reaching safepoint: 8100 ns, Cleanup: 18601 ns, At safepoint: 3201 ns, Total: 29902 ns
[88.059s][info ][safepoint      ] Safepoint "Cleanup", Time since last: 1000132266 ns, Reaching safepoint: 9801 ns, Cleanup: 15701 ns, At safepoint: 3000 ns, Total: 28502 ns
[89.059s][info ][safepoint      ] Safepoint "Cleanup", Time since last: 1000134766 ns, Reaching safepoint: 10201 ns, Cleanup: 23601 ns, At safepoint: 3101 ns, Total: 36903 ns
[90.059s][info ][safepoint      ] Safepoint "Cleanup", Time since last: 1000138366 ns, Reaching safepoint: 9401 ns, Cleanup: 12501 ns, At safepoint: 3200 ns, Total: 25102 ns
[91.059s][info ][safepoint      ] Safepoint "Cleanup", Time since last: 1000136167 ns, Reaching safepoint: 9600 ns, Cleanup: 17301 ns, At safepoint: 3300 ns, Total: 30201 ns
[92.059s][info ][safepoint      ] Safepoint "Cleanup", Time since last: 1000123866 ns, Reaching safepoint: 7201 ns, Cleanup: 15201 ns, At safepoint: 2500 ns, Total: 24902 ns
[93.059s][info ][safepoint      ] Safepoint "Cleanup", Time since last: 1000121261 ns, Reaching safepoint: 7300 ns, Cleanup: 13801 ns, At safepoint: 2700 ns, Total: 23801 ns
[94.060s][info ][safepoint      ] Safepoint "Cleanup", Time since last: 1000121839 ns, Reaching safepoint: 7000 ns, Cleanup: 15001 ns, At safepoint: 2600 ns, Total: 24601 ns
[95.060s][info ][safepoint      ] Safepoint "Cleanup", Time since last: 1000124039 ns, Reaching safepoint: 7300 ns, Cleanup: 15301 ns, At safepoint: 2800 ns, Total: 25401 ns
[95.073s][info ][gc,start       ] GC(11) Pause Young (CodeCache GC Threshold)
[95.152s][debug][gc,phases      ] GC(11) Scavenge 78.806ms
[95.152s][debug][gc,ref         ] GC(11) ReferenceProcessor::execute queues: 1, RefProcThreadModel::Single, marks_oops_alive: false
[95.152s][debug][gc,ref         ] GC(11) Skipped KeepAliveFinalRefsPhase of Reference Processing: no references
[95.152s][debug][gc,ref         ] GC(11) ReferenceProcessor::execute queues: 1, RefProcThreadModel::Single, marks_oops_alive: false
[95.152s][debug][gc,phases      ] GC(11) Reference Processing 0.182ms
[95.153s][debug][gc,phases      ] GC(11)   VM Weak                        Min:  0.0, Avg:  0.0, Max:  0.0, Diff:  0.0, Sum:  0.0, Workers: 4
[95.153s][debug][gc,phases      ] GC(11)     Dead                           Min: 0, Avg:  0.0, Max: 0, Diff: 0, Sum: 0, Workers: 4
[95.153s][debug][gc,phases      ] GC(11)     Total                          Min: 0, Avg: 245.5, Max: 598, Diff: 598, Sum: 982, Workers: 4
[95.153s][debug][gc,phases      ] GC(11)   ObjectSynchronizer Weak        Min:  0.0, Avg:  0.0, Max:  0.0, Diff:  0.0, Sum:  0.0, Workers: 4
[95.153s][debug][gc,phases      ] GC(11)     Dead                           Min: 0, Avg:  0.0, Max: 0, Diff: 0, Sum: 0, Workers: 4
[95.153s][debug][gc,phases      ] GC(11)     Total                          Min: 0, Avg:  1.2, Max: 5, Diff: 5, Sum: 5, Workers: 4
[95.153s][debug][gc,phases      ] GC(11)   JVMTI Tag Weak OopStorage      Min:  0.0, Avg:  0.0, Max:  0.0, Diff:  0.0, Sum:  0.0, Workers: 4
[95.153s][debug][gc,phases      ] GC(11)     Dead                           Min: 0, Avg:  0.0, Max: 0, Diff: 0, Sum: 0, Workers: 4
[95.153s][debug][gc,phases      ] GC(11)     Total                          Min: 0, Avg:  0.0, Max: 0, Diff: 0, Sum: 0, Workers: 4
[95.153s][debug][gc,phases      ] GC(11)   StringTable Weak               Min:  0.0, Avg:  0.3, Max:  0.4, Diff:  0.4, Sum:  1.3, Workers: 4
[95.153s][debug][gc,phases      ] GC(11)     Dead                           Min: 0, Avg:  0.8, Max: 2, Diff: 2, Sum: 3, Workers: 4
[95.153s][debug][gc,phases      ] GC(11)     Total                          Min: 0, Avg: 11434.0, Max: 18600, Diff: 18600, Sum: 45736, Workers: 4
[95.153s][debug][gc,phases      ] GC(11)   ResolvedMethodTable Weak       Min:  0.0, Avg:  0.1, Max:  0.2, Diff:  0.2, Sum:  0.5, Workers: 4
[95.153s][debug][gc,phases      ] GC(11)     Dead                           Min: 0, Avg:  5.0, Max: 17, Diff: 17, Sum: 20, Workers: 4
[95.153s][debug][gc,phases      ] GC(11)     Total                          Min: 0, Avg: 3737.8, Max: 6144, Diff: 6144, Sum: 14951, Workers: 4
[95.153s][debug][gc,phases      ] GC(11)   JNI Weak                       Min:  0.0, Avg:  0.0, Max:  0.0, Diff:  0.0, Sum:  0.0, Workers: 4
[95.153s][debug][gc,phases      ] GC(11)     Dead                           Min: 0, Avg:  0.0, Max: 0, Diff: 0, Sum: 0, Workers: 4
[95.153s][debug][gc,phases      ] GC(11)     Total                          Min: 0, Avg: 13.5, Max: 54, Diff: 54, Sum: 54, Workers: 4
[95.153s][debug][gc,phases      ] GC(11)   StringDedup Table Weak         Min:  0.0, Avg:  0.0, Max:  0.0, Diff:  0.0, Sum:  0.0, Workers: 4
[95.153s][debug][gc,phases      ] GC(11)     Dead                           Min: 0, Avg:  0.0, Max: 0, Diff: 0, Sum: 0, Workers: 4
[95.153s][debug][gc,phases      ] GC(11)     Total                          Min: 0, Avg:  0.0, Max: 0, Diff: 0, Sum: 0, Workers: 4
[95.153s][debug][gc,phases      ] GC(11)   StringDedup Requests0 Weak     Min:  0.0, Avg:  0.0, Max:  0.0, Diff:  0.0, Sum:  0.0, Workers: 4
[95.153s][debug][gc,phases      ] GC(11)     Dead                           Min: 0, Avg:  0.0, Max: 0, Diff: 0, Sum: 0, Workers: 4
[95.153s][debug][gc,phases      ] GC(11)     Total                          Min: 0, Avg:  0.0, Max: 0, Diff: 0, Sum: 0, Workers: 4
[95.153s][debug][gc,phases      ] GC(11)   StringDedup Requests1 Weak     Min:  0.0, Avg:  0.0, Max:  0.0, Diff:  0.0, Sum:  0.0, Workers: 4
[95.153s][debug][gc,phases      ] GC(11)     Dead                           Min: 0, Avg:  0.0, Max: 0, Diff: 0, Sum: 0, Workers: 4
[95.153s][debug][gc,phases      ] GC(11)     Total                          Min: 0, Avg:  0.0, Max: 0, Diff: 0, Sum: 0, Workers: 4
[95.153s][debug][gc,phases      ] GC(11)   Weak JFR Old Object Samples    Min:  0.0, Avg:  0.0, Max:  0.0, Diff:  0.0, Sum:  0.0, Workers: 4
[95.153s][debug][gc,phases      ] GC(11)     Dead                           Min: 0, Avg:  0.0, Max: 0, Diff: 0, Sum: 0, Workers: 4
[95.153s][debug][gc,phases      ] GC(11)     Total                          Min: 0, Avg:  0.0, Max: 0, Diff: 0, Sum: 0, Workers: 4
[95.153s][debug][gc,phases      ] GC(11) Weak Processing 0.834ms
[95.153s][debug][gc,age         ] GC(11) Desired survivor size 240123904 bytes, new threshold 3 (max threshold 15)
[95.153s][info ][gc,heap        ] GC(11) PSYoungGen: 1724119K(1769472K)->104546K(1862656K) Eden: 1566833K(1611776K)->0K(1615872K) From: 157286K(157696K)->104546K(246784K)
[95.153s][info ][gc,heap        ] GC(11) ParOldGen: 63779K(64000K)->134258K(134656K)
[95.153s][info ][gc,metaspace   ] GC(11) Metaspace: 104389K(105664K)->104389K(105664K) NonClass: 88460K(89152K)->88460K(89152K) Class: 15929K(16512K)->15929K(16512K)
[95.153s][info ][gc             ] GC(11) Pause Young (CodeCache GC Threshold) 1745M->233M(1950M) 79.967ms
[95.153s][info ][gc,cpu         ] GC(11) User=0.27s Sys=0.03s Real=0.08s
[95.153s][debug][gc,phases      ] GC(12) Pre Compact 0.010ms
[95.153s][info ][gc,start       ] GC(12) Pause Full (CodeCache GC Threshold)
[95.153s][info ][gc,phases,start] GC(12) Marking Phase
[95.235s][debug][gc,phases      ] GC(12) Par Mark 81.618ms
[95.235s][debug][gc,ref         ] GC(12) ReferenceProcessor::execute queues: 4, RefProcThreadModel::Multi, marks_oops_alive: false
[95.236s][debug][gc,ref         ] GC(12) ReferenceProcessor::execute queues: 4, RefProcThreadModel::Multi, marks_oops_alive: true
[95.236s][debug][gc,ref         ] GC(12) ReferenceProcessor::execute queues: 1, RefProcThreadModel::Single, marks_oops_alive: false
[95.236s][debug][gc,phases      ] GC(12) Reference Processing 1.070ms
[95.236s][debug][gc,phases      ] GC(12)   VM Weak                        Min:  0.0, Avg:  0.0, Max:  0.0, Diff:  0.0, Sum:  0.0, Workers: 4
[95.236s][debug][gc,phases      ] GC(12)     Dead                           Min: 0, Avg:  0.0, Max: 0, Diff: 0, Sum: 0, Workers: 4
[95.236s][debug][gc,phases      ] GC(12)     Total                          Min: 22, Avg: 245.5, Max: 512, Diff: 490, Sum: 982, Workers: 4
[95.236s][debug][gc,phases      ] GC(12)   ObjectSynchronizer Weak        Min:  0.0, Avg:  0.0, Max:  0.0, Diff:  0.0, Sum:  0.0, Workers: 4
[95.236s][debug][gc,phases      ] GC(12)     Dead                           Min: 0, Avg:  0.0, Max: 0, Diff: 0, Sum: 0, Workers: 4
[95.236s][debug][gc,phases      ] GC(12)     Total                          Min: 0, Avg:  1.2, Max: 5, Diff: 5, Sum: 5, Workers: 4
[95.236s][debug][gc,phases      ] GC(12)   JVMTI Tag Weak OopStorage      Min:  0.0, Avg:  0.0, Max:  0.0, Diff:  0.0, Sum:  0.0, Workers: 4
[95.236s][debug][gc,phases      ] GC(12)     Dead                           Min: 0, Avg:  0.0, Max: 0, Diff: 0, Sum: 0, Workers: 4
[95.236s][debug][gc,phases      ] GC(12)     Total                          Min: 0, Avg:  0.0, Max: 0, Diff: 0, Sum: 0, Workers: 4
[95.236s][debug][gc,phases      ] GC(12)   StringTable Weak               Min:  0.2, Avg:  0.2, Max:  0.2, Diff:  0.0, Sum:  0.8, Workers: 4
[95.236s][debug][gc,phases      ] GC(12)     Dead                           Min: 0, Avg:  0.0, Max: 0, Diff: 0, Sum: 0, Workers: 4
[95.236s][debug][gc,phases      ] GC(12)     Total                          Min: 11072, Avg: 11434.0, Max: 11625, Diff: 553, Sum: 45736, Workers: 4
[95.236s][debug][gc,phases      ] GC(12)   ResolvedMethodTable Weak       Min:  0.1, Avg:  0.1, Max:  0.1, Diff:  0.0, Sum:  0.2, Workers: 4
[95.236s][debug][gc,phases      ] GC(12)     Dead                           Min: 0, Avg:  0.0, Max: 0, Diff: 0, Sum: 0, Workers: 4
[95.236s][debug][gc,phases      ] GC(12)     Total                          Min: 3685, Avg: 3737.8, Max: 3780, Diff: 95, Sum: 14951, Workers: 4
[95.236s][debug][gc,phases      ] GC(12)   JNI Weak                       Min:  0.0, Avg:  0.0, Max:  0.0, Diff:  0.0, Sum:  0.0, Workers: 4
[95.236s][debug][gc,phases      ] GC(12)     Dead                           Min: 0, Avg:  0.0, Max: 0, Diff: 0, Sum: 0, Workers: 4
[95.236s][debug][gc,phases      ] GC(12)     Total                          Min: 0, Avg: 13.5, Max: 54, Diff: 54, Sum: 54, Workers: 4
[95.236s][debug][gc,phases      ] GC(12)   StringDedup Table Weak         Min:  0.0, Avg:  0.0, Max:  0.0, Diff:  0.0, Sum:  0.0, Workers: 4
[95.236s][debug][gc,phases      ] GC(12)     Dead                           Min: 0, Avg:  0.0, Max: 0, Diff: 0, Sum: 0, Workers: 4
[95.236s][debug][gc,phases      ] GC(12)     Total                          Min: 0, Avg:  0.0, Max: 0, Diff: 0, Sum: 0, Workers: 4
[95.236s][debug][gc,phases      ] GC(12)   StringDedup Requests0 Weak     Min:  0.0, Avg:  0.0, Max:  0.0, Diff:  0.0, Sum:  0.0, Workers: 4
[95.236s][debug][gc,phases      ] GC(12)     Dead                           Min: 0, Avg:  0.0, Max: 0, Diff: 0, Sum: 0, Workers: 4
[95.236s][debug][gc,phases      ] GC(12)     Total                          Min: 0, Avg:  0.0, Max: 0, Diff: 0, Sum: 0, Workers: 4
[95.236s][debug][gc,phases      ] GC(12)   StringDedup Requests1 Weak     Min:  0.0, Avg:  0.0, Max:  0.0, Diff:  0.0, Sum:  0.0, Workers: 4
[95.236s][debug][gc,phases      ] GC(12)     Dead                           Min: 0, Avg:  0.0, Max: 0, Diff: 0, Sum: 0, Workers: 4
[95.236s][debug][gc,phases      ] GC(12)     Total                          Min: 0, Avg:  0.0, Max: 0, Diff: 0, Sum: 0, Workers: 4
[95.236s][debug][gc,phases      ] GC(12)   Weak JFR Old Object Samples    Min:  0.0, Avg:  0.0, Max:  0.0, Diff:  0.0, Sum:  0.0, Workers: 4
[95.236s][debug][gc,phases      ] GC(12)     Dead                           Min: 0, Avg:  0.0, Max: 0, Diff: 0, Sum: 0, Workers: 4
[95.236s][debug][gc,phases      ] GC(12)     Total                          Min: 0, Avg:  0.0, Max: 0, Diff: 0, Sum: 0, Workers: 4
[95.236s][debug][gc,phases      ] GC(12) Weak Processing 0.497ms
[95.236s][debug][gc,phases      ] GC(12) ClassLoaderData 0.136ms
[95.236s][debug][gc,phases      ] GC(12) Trigger cleanups 0.000ms
[95.282s][debug][gc,phases      ] GC(12) Purge Unlinked NMethods 1.187ms
[95.283s][debug][gc,phases      ] GC(12) Unregister NMethods 0.015ms
[95.283s][debug][gc,phases      ] GC(12) Free Code Blobs 0.163ms
[95.283s][debug][gc,phases      ] GC(12) Class Unloading 46.374ms
[95.283s][debug][gc,phases      ] GC(12) Report Object Count 0.001ms
[95.283s][info ][gc,phases      ] GC(12) Marking Phase 129.636ms
[95.283s][info ][gc,phases,start] GC(12) Summary Phase
[95.283s][info ][gc,phases      ] GC(12) Summary Phase 0.011ms
[95.283s][info ][gc,phases,start] GC(12) Adjust Roots
[95.308s][info ][gc,phases      ] GC(12) Adjust Roots 25.480ms
[95.308s][info ][gc,phases,start] GC(12) Compaction Phase
[95.541s][info ][gc,phases      ] GC(12) Compaction Phase 233.167ms
[95.541s][info ][gc,phases,start] GC(12) Post Compact
[95.543s][debug][gc,phases      ] GC(12) Purge Class Loader Data 0.386ms
[95.543s][info ][gc,phases      ] GC(12) Post Compact 1.810ms
[95.543s][info ][gc,heap        ] GC(12) PSYoungGen: 104546K(1862656K)->100570K(1862656K) Eden: 0K(1615872K)->0K(1615872K) From: 104546K(246784K)->100570K(246784K)
[95.543s][info ][gc,heap        ] GC(12) ParOldGen: 134258K(134656K)->134195K(134656K)
[95.543s][info ][gc,metaspace   ] GC(12) Metaspace: 104389K(105664K)->104389K(105664K) NonClass: 88460K(89152K)->88460K(89152K) Class: 15929K(16512K)->15929K(16512K)
[95.543s][info ][gc             ] GC(12) Pause Full (CodeCache GC Threshold) 233M->229M(1950M) 390.351ms
[95.543s][info ][gc,cpu         ] GC(12) User=1.25s Sys=0.03s Real=0.39s
[95.543s][info ][safepoint      ] Safepoint "ParallelGCSystemGC", Time since last: 13119684 ns, Reaching safepoint: 147209 ns, Cleanup: 4600 ns, At safepoint: 470460001 ns, Total: 470611810 ns
[96.544s][info ][safepoint      ] Safepoint "Cleanup", Time since last: 1000088337 ns, Reaching safepoint: 8100 ns, Cleanup: 76705 ns, At safepoint: 3000 ns, Total: 87805 ns
[97.544s][info ][safepoint      ] Safepoint "Cleanup", Time since last: 1000116338 ns, Reaching safepoint: 6501 ns, Cleanup: 9000 ns, At safepoint: 2300 ns, Total: 17801 ns
[98.544s][info ][safepoint      ] Safepoint "Cleanup", Time since last: 1000115939 ns, Reaching safepoint: 6400 ns, Cleanup: 15001 ns, At safepoint: 2500 ns, Total: 23901 ns
[99.544s][info ][safepoint      ] Safepoint "Cleanup", Time since last: 1000131539 ns, Reaching safepoint: 8301 ns, Cleanup: 21701 ns, At safepoint: 3400 ns, Total: 33402 ns
[101.544s][info ][safepoint      ] Safepoint "Cleanup", Time since last: 2000212269 ns, Reaching safepoint: 5101 ns, Cleanup: 8800 ns, At safepoint: 2400 ns, Total: 16301 ns
[102.544s][info ][safepoint      ] Safepoint "Cleanup", Time since last: 1000115429 ns, Reaching safepoint: 5700 ns, Cleanup: 10401 ns, At safepoint: 2100 ns, Total: 18201 ns
[103.545s][info ][safepoint      ] Safepoint "Cleanup", Time since last: 1000119429 ns, Reaching safepoint: 6000 ns, Cleanup: 13601 ns, At safepoint: 2700 ns, Total: 22301 ns
[104.545s][info ][safepoint      ] Safepoint "Cleanup", Time since last: 1000123729 ns, Reaching safepoint: 6801 ns, Cleanup: 11500 ns, At safepoint: 2201 ns, Total: 20502 ns
[105.545s][info ][safepoint      ] Safepoint "Cleanup", Time since last: 1000119329 ns, Reaching safepoint: 6900 ns, Cleanup: 18101 ns, At safepoint: 2900 ns, Total: 27901 ns
[106.545s][info ][safepoint      ] Safepoint "Cleanup", Time since last: 1000117929 ns, Reaching safepoint: 6000 ns, Cleanup: 10201 ns, At safepoint: 2200 ns, Total: 18401 ns
[107.545s][info ][safepoint      ] Safepoint "Cleanup", Time since last: 1000130630 ns, Reaching safepoint: 8700 ns, Cleanup: 20201 ns, At safepoint: 3201 ns, Total: 32102 ns
[108.545s][info ][safepoint      ] Safepoint "Cleanup", Time since last: 1000120629 ns, Reaching safepoint: 5900 ns, Cleanup: 9600 ns, At safepoint: 2301 ns, Total: 17801 ns
[109.545s][info ][safepoint      ] Safepoint "Cleanup", Time since last: 1000116210 ns, Reaching safepoint: 7900 ns, Cleanup: 35103 ns, At safepoint: 2900 ns, Total: 45903 ns
[110.546s][info ][safepoint      ] Safepoint "Cleanup", Time since last: 1000121800 ns, Reaching safepoint: 6801 ns, Cleanup: 27201 ns, At safepoint: 2900 ns, Total: 36902 ns
[111.546s][info ][safepoint      ] Safepoint "Cleanup", Time since last: 1000126601 ns, Reaching safepoint: 6601 ns, Cleanup: 13900 ns, At safepoint: 2601 ns, Total: 23102 ns
[112.546s][info ][safepoint      ] Safepoint "Cleanup", Time since last: 1000129200 ns, Reaching safepoint: 6301 ns, Cleanup: 11500 ns, At safepoint: 2901 ns, Total: 20702 ns
[113.546s][info ][safepoint      ] Safepoint "Cleanup", Time since last: 1000136101 ns, Reaching safepoint: 23801 ns, Cleanup: 24502 ns, At safepoint: 5000 ns, Total: 53303 ns
[114.546s][info ][safepoint      ] Safepoint "Cleanup", Time since last: 1000123601 ns, Reaching safepoint: 6100 ns, Cleanup: 29902 ns, At safepoint: 2000 ns, Total: 38002 ns
[115.546s][info ][safepoint      ] Safepoint "Cleanup", Time since last: 1000121200 ns, Reaching safepoint: 7101 ns, Cleanup: 23101 ns, At safepoint: 3000 ns, Total: 33202 ns
[116.547s][info ][safepoint      ] Safepoint "Cleanup", Time since last: 1000122601 ns, Reaching safepoint: 6500 ns, Cleanup: 18401 ns, At safepoint: 2300 ns, Total: 27201 ns
[117.547s][info ][safepoint      ] Safepoint "Cleanup", Time since last: 1000115524 ns, Reaching safepoint: 6400 ns, Cleanup: 17601 ns, At safepoint: 2501 ns, Total: 26502 ns
[118.547s][info ][safepoint      ] Safepoint "Cleanup", Time since last: 1000121511 ns, Reaching safepoint: 6101 ns, Cleanup: 16301 ns, At safepoint: 2200 ns, Total: 24602 ns
[119.547s][info ][safepoint      ] Safepoint "Cleanup", Time since last: 1000120812 ns, Reaching safepoint: 6700 ns, Cleanup: 15801 ns, At safepoint: 2300 ns, Total: 24801 ns
[121.073s][info ][safepoint      ] Safepoint "Cleanup", Time since last: 1525464240 ns, Reaching safepoint: 8400 ns, Cleanup: 45203 ns, At safepoint: 2600 ns, Total: 56203 ns
[122.073s][info ][safepoint      ] Safepoint "Cleanup", Time since last: 1000108411 ns, Reaching safepoint: 7400 ns, Cleanup: 19902 ns, At safepoint: 3000 ns, Total: 30302 ns
[123.073s][info ][safepoint      ] Safepoint "Cleanup", Time since last: 1000137913 ns, Reaching safepoint: 7900 ns, Cleanup: 22101 ns, At safepoint: 2601 ns, Total: 32602 ns
[125.073s][info ][safepoint      ] Safepoint "Cleanup", Time since last: 2000222864 ns, Reaching safepoint: 7700 ns, Cleanup: 16801 ns, At safepoint: 2500 ns, Total: 27001 ns
[126.073s][info ][safepoint      ] Safepoint "Cleanup", Time since last: 1000127325 ns, Reaching safepoint: 7700 ns, Cleanup: 21202 ns, At safepoint: 2600 ns, Total: 31502 ns
[127.073s][info ][safepoint      ] Safepoint "Cleanup", Time since last: 1000167427 ns, Reaching safepoint: 8400 ns, Cleanup: 17801 ns, At safepoint: 3200 ns, Total: 29401 ns
[128.074s][info ][safepoint      ] Safepoint "Cleanup", Time since last: 1000125025 ns, Reaching safepoint: 7900 ns, Cleanup: 17001 ns, At safepoint: 2900 ns, Total: 27801 ns
[130.074s][info ][safepoint      ] Safepoint "Cleanup", Time since last: 2000200746 ns, Reaching safepoint: 7701 ns, Cleanup: 31901 ns, At safepoint: 2501 ns, Total: 42103 ns
[131.074s][info ][safepoint      ] Safepoint "Cleanup", Time since last: 1000149525 ns, Reaching safepoint: 10201 ns, Cleanup: 19401 ns, At safepoint: 2900 ns, Total: 32502 ns
[132.074s][info ][safepoint      ] Safepoint "Cleanup", Time since last: 1000121324 ns, Reaching safepoint: 7101 ns, Cleanup: 17901 ns, At safepoint: 2600 ns, Total: 27602 ns
[133.074s][info ][safepoint      ] Safepoint "Cleanup", Time since last: 1000117289 ns, Reaching safepoint: 7700 ns, Cleanup: 20301 ns, At safepoint: 2500 ns, Total: 30501 ns
[134.075s][info ][safepoint      ] Safepoint "Cleanup", Time since last: 1000125182 ns, Reaching safepoint: 7601 ns, Cleanup: 33202 ns, At safepoint: 2400 ns, Total: 43203 ns
[135.075s][info ][safepoint      ] Safepoint "Cleanup", Time since last: 1000123681 ns, Reaching safepoint: 6801 ns, Cleanup: 27301 ns, At safepoint: 2401 ns, Total: 36503 ns
[136.075s][info ][safepoint      ] Safepoint "Cleanup", Time since last: 1000121181 ns, Reaching safepoint: 9301 ns, Cleanup: 18201 ns, At safepoint: 2700 ns, Total: 30202 ns
[137.075s][info ][safepoint      ] Safepoint "Cleanup", Time since last: 1000121981 ns, Reaching safepoint: 7801 ns, Cleanup: 31302 ns, At safepoint: 2500 ns, Total: 41603 ns
[138.075s][info ][safepoint      ] Safepoint "Cleanup", Time since last: 1000121981 ns, Reaching safepoint: 7501 ns, Cleanup: 23001 ns, At safepoint: 2300 ns, Total: 32802 ns
[139.075s][info ][safepoint      ] Safepoint "Cleanup", Time since last: 1000127082 ns, Reaching safepoint: 7101 ns, Cleanup: 23401 ns, At safepoint: 2600 ns, Total: 33102 ns
[140.075s][info ][safepoint      ] Safepoint "Cleanup", Time since last: 1000127382 ns, Reaching safepoint: 9301 ns, Cleanup: 24101 ns, At safepoint: 2700 ns, Total: 36102 ns
[141.076s][info ][safepoint      ] Safepoint "Cleanup", Time since last: 1000122833 ns, Reaching safepoint: 7501 ns, Cleanup: 21001 ns, At safepoint: 2300 ns, Total: 30802 ns
[142.076s][info ][safepoint      ] Safepoint "Cleanup", Time since last: 1000119617 ns, Reaching safepoint: 7600 ns, Cleanup: 18001 ns, At safepoint: 2800 ns, Total: 28401 ns
[143.076s][info ][safepoint      ] Safepoint "Cleanup", Time since last: 1000106216 ns, Reaching safepoint: 6801 ns, Cleanup: 24701 ns, At safepoint: 2500 ns, Total: 34002 ns
[144.076s][info ][safepoint      ] Safepoint "Cleanup", Time since last: 1000118917 ns, Reaching safepoint: 7500 ns, Cleanup: 12401 ns, At safepoint: 2400 ns, Total: 22301 ns
[145.076s][info ][safepoint      ] Safepoint "Cleanup", Time since last: 1000125717 ns, Reaching safepoint: 7100 ns, Cleanup: 28602 ns, At safepoint: 2600 ns, Total: 38302 ns
[146.076s][info ][safepoint      ] Safepoint "Cleanup", Time since last: 1000125217 ns, Reaching safepoint: 8501 ns, Cleanup: 19001 ns, At safepoint: 2700 ns, Total: 30202 ns
[147.077s][info ][safepoint      ] Safepoint "Cleanup", Time since last: 1000141318 ns, Reaching safepoint: 8200 ns, Cleanup: 17001 ns, At safepoint: 2600 ns, Total: 27801 ns
[147.839s][info ][gc,start       ] GC(13) Pause Young (Allocation Failure)
[147.897s][debug][gc,phases      ] GC(13) Scavenge 57.819ms
[147.897s][debug][gc,ref         ] GC(13) ReferenceProcessor::execute queues: 1, RefProcThreadModel::Single, marks_oops_alive: false
[147.897s][debug][gc,ref         ] GC(13) Skipped KeepAliveFinalRefsPhase of Reference Processing: no references
[147.897s][debug][gc,ref         ] GC(13) ReferenceProcessor::execute queues: 1, RefProcThreadModel::Single, marks_oops_alive: false
[147.897s][debug][gc,phases      ] GC(13) Reference Processing 0.154ms
[147.897s][debug][gc,phases      ] GC(13)   VM Weak                        Min:  0.0, Avg:  0.0, Max:  0.0, Diff:  0.0, Sum:  0.0, Workers: 4
[147.897s][debug][gc,phases      ] GC(13)     Dead                           Min: 0, Avg:  0.0, Max: 0, Diff: 0, Sum: 0, Workers: 4
[147.897s][debug][gc,phases      ] GC(13)     Total                          Min: 0, Avg: 249.8, Max: 512, Diff: 512, Sum: 999, Workers: 4
[147.897s][debug][gc,phases      ] GC(13)   ObjectSynchronizer Weak        Min:  0.0, Avg:  0.0, Max:  0.0, Diff:  0.0, Sum:  0.0, Workers: 4
[147.897s][debug][gc,phases      ] GC(13)     Dead                           Min: 0, Avg:  0.0, Max: 0, Diff: 0, Sum: 0, Workers: 4
[147.897s][debug][gc,phases      ] GC(13)     Total                          Min: 0, Avg:  1.0, Max: 4, Diff: 4, Sum: 4, Workers: 4
[147.897s][debug][gc,phases      ] GC(13)   JVMTI Tag Weak OopStorage      Min:  0.0, Avg:  0.0, Max:  0.0, Diff:  0.0, Sum:  0.0, Workers: 4
[147.897s][debug][gc,phases      ] GC(13)     Dead                           Min: 0, Avg:  0.0, Max: 0, Diff: 0, Sum: 0, Workers: 4
[147.897s][debug][gc,phases      ] GC(13)     Total                          Min: 0, Avg:  0.0, Max: 0, Diff: 0, Sum: 0, Workers: 4
[147.897s][debug][gc,phases      ] GC(13)   StringTable Weak               Min:  0.0, Avg:  0.1, Max:  0.2, Diff:  0.2, Sum:  0.5, Workers: 4
[147.897s][debug][gc,phases      ] GC(13)     Dead                           Min: 0, Avg:  0.2, Max: 1, Diff: 1, Sum: 1, Workers: 4
[147.897s][debug][gc,phases      ] GC(13)     Total                          Min: 0, Avg: 11471.0, Max: 15744, Diff: 15744, Sum: 45884, Workers: 4
[147.897s][debug][gc,phases      ] GC(13)   ResolvedMethodTable Weak       Min:  0.0, Avg:  0.0, Max:  0.1, Diff:  0.1, Sum:  0.2, Workers: 4
[147.897s][debug][gc,phases      ] GC(13)     Dead                           Min: 0, Avg:  5.0, Max: 19, Diff: 19, Sum: 20, Workers: 4
[147.897s][debug][gc,phases      ] GC(13)     Total                          Min: 0, Avg: 3756.5, Max: 5293, Diff: 5293, Sum: 15026, Workers: 4
[147.897s][debug][gc,phases      ] GC(13)   JNI Weak                       Min:  0.0, Avg:  0.0, Max:  0.0, Diff:  0.0, Sum:  0.0, Workers: 4
[147.897s][debug][gc,phases      ] GC(13)     Dead                           Min: 0, Avg:  0.0, Max: 0, Diff: 0, Sum: 0, Workers: 4
[147.897s][debug][gc,phases      ] GC(13)     Total                          Min: 0, Avg: 13.0, Max: 52, Diff: 52, Sum: 52, Workers: 4
[147.897s][debug][gc,phases      ] GC(13)   StringDedup Table Weak         Min:  0.0, Avg:  0.0, Max:  0.0, Diff:  0.0, Sum:  0.0, Workers: 4
[147.897s][debug][gc,phases      ] GC(13)     Dead                           Min: 0, Avg:  0.0, Max: 0, Diff: 0, Sum: 0, Workers: 4
[147.897s][debug][gc,phases      ] GC(13)     Total                          Min: 0, Avg:  0.0, Max: 0, Diff: 0, Sum: 0, Workers: 4
[147.897s][debug][gc,phases      ] GC(13)   StringDedup Requests0 Weak     Min:  0.0, Avg:  0.0, Max:  0.0, Diff:  0.0, Sum:  0.0, Workers: 4
[147.897s][debug][gc,phases      ] GC(13)     Dead                           Min: 0, Avg:  0.0, Max: 0, Diff: 0, Sum: 0, Workers: 4
[147.897s][debug][gc,phases      ] GC(13)     Total                          Min: 0, Avg:  0.0, Max: 0, Diff: 0, Sum: 0, Workers: 4
[147.897s][debug][gc,phases      ] GC(13)   StringDedup Requests1 Weak     Min:  0.0, Avg:  0.0, Max:  0.0, Diff:  0.0, Sum:  0.0, Workers: 4
[147.897s][debug][gc,phases      ] GC(13)     Dead                           Min: 0, Avg:  0.0, Max: 0, Diff: 0, Sum: 0, Workers: 4
[147.897s][debug][gc,phases      ] GC(13)     Total                          Min: 0, Avg:  0.0, Max: 0, Diff: 0, Sum: 0, Workers: 4
[147.897s][debug][gc,phases      ] GC(13)   Weak JFR Old Object Samples    Min:  0.0, Avg:  0.0, Max:  0.0, Diff:  0.0, Sum:  0.0, Workers: 4
[147.897s][debug][gc,phases      ] GC(13)     Dead                           Min: 0, Avg:  0.0, Max: 0, Diff: 0, Sum: 0, Workers: 4
[147.897s][debug][gc,phases      ] GC(13)     Total                          Min: 0, Avg:  0.0, Max: 0, Diff: 0, Sum: 0, Workers: 4
[147.897s][debug][gc,phases      ] GC(13) Weak Processing 0.514ms
[147.898s][debug][gc,age         ] GC(13) Desired survivor size 242745344 bytes, new threshold 2 (max threshold 15)
[147.898s][info ][gc,heap        ] GC(13) PSYoungGen: 1716442K(1862656K)->33332K(1850368K) Eden: 1615872K(1615872K)->0K(1615872K) From: 100570K(246784K)->33332K(234496K)
[147.898s][info ][gc,heap        ] GC(13) ParOldGen: 134197K(134656K)->209451K(209920K)
[147.898s][info ][gc,metaspace   ] GC(13) Metaspace: 104704K(106048K)->104704K(106048K) NonClass: 88746K(89536K)->88746K(89536K) Class: 15957K(16512K)->15957K(16512K)
[147.898s][info ][gc             ] GC(13) Pause Young (Allocation Failure) 1807M->237M(2012M) 58.635ms
[147.898s][info ][gc,cpu         ] GC(13) User=0.17s Sys=0.05s Real=0.06s
[147.898s][info ][safepoint      ] Safepoint "ParallelGCFailedAllocation", Time since last: 762305270 ns, Reaching safepoint: 6100 ns, Cleanup: 13701 ns, At safepoint: 58723318 ns, Total: 58743119 ns
[148.898s][info ][safepoint      ] Safepoint "Cleanup", Time since last: 1000091715 ns, Reaching safepoint: 5700 ns, Cleanup: 18301 ns, At safepoint: 2700 ns, Total: 26701 ns
[149.898s][info ][safepoint      ] Safepoint "Cleanup", Time since last: 1000121671 ns, Reaching safepoint: 5601 ns, Cleanup: 15300 ns, At safepoint: 2101 ns, Total: 23002 ns
[150.898s][info ][safepoint      ] Safepoint "Cleanup", Time since last: 1000143086 ns, Reaching safepoint: 6701 ns, Cleanup: 15801 ns, At safepoint: 2700 ns, Total: 25202 ns
[151.898s][info ][safepoint      ] Safepoint "Cleanup", Time since last: 1000122685 ns, Reaching safepoint: 6300 ns, Cleanup: 9901 ns, At safepoint: 2500 ns, Total: 18701 ns
[154.898s][info ][safepoint      ] Safepoint "Cleanup", Time since last: 3000268850 ns, Reaching safepoint: 6801 ns, Cleanup: 22801 ns, At safepoint: 2500 ns, Total: 32102 ns
[155.899s][info ][safepoint      ] Safepoint "Cleanup", Time since last: 1000119785 ns, Reaching safepoint: 5301 ns, Cleanup: 12700 ns, At safepoint: 2301 ns, Total: 20302 ns
[156.899s][info ][safepoint      ] Safepoint "Cleanup", Time since last: 1000118285 ns, Reaching safepoint: 5800 ns, Cleanup: 11101 ns, At safepoint: 2600 ns, Total: 19501 ns
[157.899s][info ][safepoint      ] Safepoint "Cleanup", Time since last: 1000121868 ns, Reaching safepoint: 5900 ns, Cleanup: 9601 ns, At safepoint: 2300 ns, Total: 17801 ns
[158.899s][info ][safepoint      ] Safepoint "Cleanup", Time since last: 1000119094 ns, Reaching safepoint: 6301 ns, Cleanup: 11700 ns, At safepoint: 2900 ns, Total: 20901 ns
[159.899s][info ][safepoint      ] Safepoint "Cleanup", Time since last: 1000113494 ns, Reaching safepoint: 5501 ns, Cleanup: 14601 ns, At safepoint: 2200 ns, Total: 22302 ns
[160.899s][info ][safepoint      ] Safepoint "Cleanup", Time since last: 1000113793 ns, Reaching safepoint: 6601 ns, Cleanup: 18101 ns, At safepoint: 3100 ns, Total: 27802 ns
[161.899s][info ][safepoint      ] Safepoint "Cleanup", Time since last: 1000118894 ns, Reaching safepoint: 6201 ns, Cleanup: 9500 ns, At safepoint: 2300 ns, Total: 18001 ns
[162.900s][info ][safepoint      ] Safepoint "Cleanup", Time since last: 1000112594 ns, Reaching safepoint: 4901 ns, Cleanup: 16401 ns, At safepoint: 2200 ns, Total: 23502 ns
[163.900s][info ][safepoint      ] Safepoint "Cleanup", Time since last: 1000105893 ns, Reaching safepoint: 6100 ns, Cleanup: 13301 ns, At safepoint: 2600 ns, Total: 22001 ns
[166.900s][info ][safepoint      ] Safepoint "Cleanup", Time since last: 3000264296 ns, Reaching safepoint: 6101 ns, Cleanup: 13901 ns, At safepoint: 2500 ns, Total: 22502 ns
[167.900s][info ][safepoint      ] Safepoint "Cleanup", Time since last: 1000121904 ns, Reaching safepoint: 6001 ns, Cleanup: 11700 ns, At safepoint: 2801 ns, Total: 20502 ns
[168.900s][info ][safepoint      ] Safepoint "Cleanup", Time since last: 1000125104 ns, Reaching safepoint: 6101 ns, Cleanup: 13901 ns, At safepoint: 2700 ns, Total: 22702 ns
[170.900s][info ][safepoint      ] Safepoint "Cleanup", Time since last: 2000189906 ns, Reaching safepoint: 6200 ns, Cleanup: 10301 ns, At safepoint: 2400 ns, Total: 18901 ns
[171.901s][info ][safepoint      ] Safepoint "Cleanup", Time since last: 1000136005 ns, Reaching safepoint: 6401 ns, Cleanup: 16401 ns, At safepoint: 2400 ns, Total: 25202 ns
[173.901s][info ][safepoint      ] Safepoint "Cleanup", Time since last: 2000201502 ns, Reaching safepoint: 6500 ns, Cleanup: 10001 ns, At safepoint: 2300 ns, Total: 18801 ns
[174.901s][info ][safepoint      ] Safepoint "Cleanup", Time since last: 1000124151 ns, Reaching safepoint: 9001 ns, Cleanup: 13901 ns, At safepoint: 2800 ns, Total: 25702 ns
[175.901s][info ][safepoint      ] Safepoint "Cleanup", Time since last: 1000121651 ns, Reaching safepoint: 6301 ns, Cleanup: 9300 ns, At safepoint: 2200 ns, Total: 17801 ns
[176.901s][info ][safepoint      ] Safepoint "Cleanup", Time since last: 1000119252 ns, Reaching safepoint: 6100 ns, Cleanup: 11901 ns, At safepoint: 2400 ns, Total: 20401 ns
[177.901s][info ][safepoint      ] Safepoint "Cleanup", Time since last: 1000134452 ns, Reaching safepoint: 6000 ns, Cleanup: 10501 ns, At safepoint: 2300 ns, Total: 18801 ns
[178.902s][info ][safepoint      ] Safepoint "Cleanup", Time since last: 1000118451 ns, Reaching safepoint: 6601 ns, Cleanup: 10700 ns, At safepoint: 2701 ns, Total: 20002 ns
[180.091s][info ][safepoint      ] Safepoint "Cleanup", Time since last: 1189657107 ns, Reaching safepoint: 3601 ns, Cleanup: 8400 ns, At safepoint: 5800 ns, Total: 17801 ns
[181.091s][info ][safepoint      ] Safepoint "Cleanup", Time since last: 1000152812 ns, Reaching safepoint: 7801 ns, Cleanup: 11000 ns, At safepoint: 2800 ns, Total: 21601 ns
[182.092s][info ][safepoint      ] Safepoint "Cleanup", Time since last: 1000117146 ns, Reaching safepoint: 6100 ns, Cleanup: 10401 ns, At safepoint: 2400 ns, Total: 18901 ns
[183.092s][info ][safepoint      ] Safepoint "Cleanup", Time since last: 1000118245 ns, Reaching safepoint: 6000 ns, Cleanup: 12201 ns, At safepoint: 2200 ns, Total: 20401 ns
[184.092s][info ][safepoint      ] Safepoint "Cleanup", Time since last: 1000109245 ns, Reaching safepoint: 5900 ns, Cleanup: 7401 ns, At safepoint: 2300 ns, Total: 15601 ns
[185.092s][info ][safepoint      ] Safepoint "Cleanup", Time since last: 1000116545 ns, Reaching safepoint: 6700 ns, Cleanup: 8901 ns, At safepoint: 2500 ns, Total: 18101 ns
[186.092s][info ][safepoint      ] Safepoint "Cleanup", Time since last: 1000119645 ns, Reaching safepoint: 6301 ns, Cleanup: 11400 ns, At safepoint: 2701 ns, Total: 20402 ns
[189.092s][info ][safepoint      ] Safepoint "Cleanup", Time since last: 3000274919 ns, Reaching safepoint: 6700 ns, Cleanup: 12501 ns, At safepoint: 2600 ns, Total: 21801 ns
[191.093s][info ][safepoint      ] Safepoint "Cleanup", Time since last: 2000214374 ns, Reaching safepoint: 6300 ns, Cleanup: 9401 ns, At safepoint: 2200 ns, Total: 17901 ns
[193.093s][info ][safepoint      ] Safepoint "Cleanup", Time since last: 2000200973 ns, Reaching safepoint: 6000 ns, Cleanup: 62404 ns, At safepoint: 2400 ns, Total: 70804 ns
[194.093s][info ][safepoint      ] Safepoint "Cleanup", Time since last: 1000125188 ns, Reaching safepoint: 5800 ns, Cleanup: 9401 ns, At safepoint: 2400 ns, Total: 17601 ns
[195.093s][info ][safepoint      ] Safepoint "Cleanup", Time since last: 1000116688 ns, Reaching safepoint: 6400 ns, Cleanup: 36402 ns, At safepoint: 2700 ns, Total: 45502 ns
[196.093s][info ][safepoint      ] Safepoint "Cleanup", Time since last: 1000115788 ns, Reaching safepoint: 5000 ns, Cleanup: 10001 ns, At safepoint: 2500 ns, Total: 17501 ns
[197.094s][info ][safepoint      ] Safepoint "Cleanup", Time since last: 1000125530 ns, Reaching safepoint: 5901 ns, Cleanup: 11103 ns, At safepoint: 2701 ns, Total: 19705 ns
[198.094s][info ][safepoint      ] Safepoint "Cleanup", Time since last: 1000114984 ns, Reaching safepoint: 6400 ns, Cleanup: 12301 ns, At safepoint: 2800 ns, Total: 21501 ns
[199.094s][info ][safepoint      ] Safepoint "Cleanup", Time since last: 1000124467 ns, Reaching safepoint: 6700 ns, Cleanup: 25001 ns, At safepoint: 2301 ns, Total: 34002 ns
[200.094s][info ][safepoint      ] Safepoint "Cleanup", Time since last: 1000138567 ns, Reaching safepoint: 6900 ns, Cleanup: 10601 ns, At safepoint: 2500 ns, Total: 20001 ns
[201.094s][info ][safepoint      ] Safepoint "Cleanup", Time since last: 1000132167 ns, Reaching safepoint: 6401 ns, Cleanup: 13301 ns, At safepoint: 2500 ns, Total: 22202 ns
[201.339s][info ][gc,start       ] GC(14) Pause Young (Allocation Failure)
[201.358s][debug][gc,phases      ] GC(14) Scavenge 18.456ms
[201.358s][debug][gc,ref         ] GC(14) ReferenceProcessor::execute queues: 1, RefProcThreadModel::Single, marks_oops_alive: false
[201.358s][debug][gc,ref         ] GC(14) Skipped KeepAliveFinalRefsPhase of Reference Processing: no references
[201.358s][debug][gc,ref         ] GC(14) ReferenceProcessor::execute queues: 1, RefProcThreadModel::Single, marks_oops_alive: false
[201.358s][debug][gc,phases      ] GC(14) Reference Processing 0.123ms
[201.358s][debug][gc,phases      ] GC(14)   VM Weak                        Min:  0.0, Avg:  0.0, Max:  0.0, Diff:  0.0, Sum:  0.0, Workers: 4
[201.358s][debug][gc,phases      ] GC(14)     Dead                           Min: 0, Avg:  0.0, Max: 0, Diff: 0, Sum: 0, Workers: 4
[201.358s][debug][gc,phases      ] GC(14)     Total                          Min: 0, Avg: 249.8, Max: 896, Diff: 896, Sum: 999, Workers: 4
[201.358s][debug][gc,phases      ] GC(14)   ObjectSynchronizer Weak        Min:  0.0, Avg:  0.0, Max:  0.0, Diff:  0.0, Sum:  0.0, Workers: 4
[201.358s][debug][gc,phases      ] GC(14)     Dead                           Min: 0, Avg:  0.0, Max: 0, Diff: 0, Sum: 0, Workers: 4
[201.358s][debug][gc,phases      ] GC(14)     Total                          Min: 0, Avg:  1.0, Max: 4, Diff: 4, Sum: 4, Workers: 4
[201.358s][debug][gc,phases      ] GC(14)   JVMTI Tag Weak OopStorage      Min:  0.0, Avg:  0.0, Max:  0.0, Diff:  0.0, Sum:  0.0, Workers: 4
[201.358s][debug][gc,phases      ] GC(14)     Dead                           Min: 0, Avg:  0.0, Max: 0, Diff: 0, Sum: 0, Workers: 4
[201.358s][debug][gc,phases      ] GC(14)     Total                          Min: 0, Avg:  0.0, Max: 0, Diff: 0, Sum: 0, Workers: 4
[201.358s][debug][gc,phases      ] GC(14)   StringTable Weak               Min:  0.0, Avg:  0.1, Max:  0.2, Diff:  0.2, Sum:  0.5, Workers: 4
[201.358s][debug][gc,phases      ] GC(14)     Dead                           Min: 0, Avg:  0.0, Max: 0, Diff: 0, Sum: 0, Workers: 4
[201.358s][debug][gc,phases      ] GC(14)     Total                          Min: 0, Avg: 11490.5, Max: 24576, Diff: 24576, Sum: 45962, Workers: 4
[201.358s][debug][gc,phases      ] GC(14)   ResolvedMethodTable Weak       Min:  0.0, Avg:  0.0, Max:  0.1, Diff:  0.1, Sum:  0.2, Workers: 4
[201.358s][debug][gc,phases      ] GC(14)     Dead                           Min: 0, Avg:  4.0, Max: 16, Diff: 16, Sum: 16, Workers: 4
[201.358s][debug][gc,phases      ] GC(14)     Total                          Min: 0, Avg: 3756.5, Max: 8381, Diff: 8381, Sum: 15026, Workers: 4
[201.358s][debug][gc,phases      ] GC(14)   JNI Weak                       Min:  0.0, Avg:  0.0, Max:  0.0, Diff:  0.0, Sum:  0.0, Workers: 4
[201.358s][debug][gc,phases      ] GC(14)     Dead                           Min: 0, Avg:  0.0, Max: 0, Diff: 0, Sum: 0, Workers: 4
[201.358s][debug][gc,phases      ] GC(14)     Total                          Min: 0, Avg: 13.0, Max: 52, Diff: 52, Sum: 52, Workers: 4
[201.358s][debug][gc,phases      ] GC(14)   StringDedup Table Weak         Min:  0.0, Avg:  0.0, Max:  0.0, Diff:  0.0, Sum:  0.0, Workers: 4
[201.358s][debug][gc,phases      ] GC(14)     Dead                           Min: 0, Avg:  0.0, Max: 0, Diff: 0, Sum: 0, Workers: 4
[201.358s][debug][gc,phases      ] GC(14)     Total                          Min: 0, Avg:  0.0, Max: 0, Diff: 0, Sum: 0, Workers: 4
[201.358s][debug][gc,phases      ] GC(14)   StringDedup Requests0 Weak     Min:  0.0, Avg:  0.0, Max:  0.0, Diff:  0.0, Sum:  0.0, Workers: 4
[201.358s][debug][gc,phases      ] GC(14)     Dead                           Min: 0, Avg:  0.0, Max: 0, Diff: 0, Sum: 0, Workers: 4
[201.358s][debug][gc,phases      ] GC(14)     Total                          Min: 0, Avg:  0.0, Max: 0, Diff: 0, Sum: 0, Workers: 4
[201.358s][debug][gc,phases      ] GC(14)   StringDedup Requests1 Weak     Min:  0.0, Avg:  0.0, Max:  0.0, Diff:  0.0, Sum:  0.0, Workers: 4
[201.358s][debug][gc,phases      ] GC(14)     Dead                           Min: 0, Avg:  0.0, Max: 0, Diff: 0, Sum: 0, Workers: 4
[201.358s][debug][gc,phases      ] GC(14)     Total                          Min: 0, Avg:  0.0, Max: 0, Diff: 0, Sum: 0, Workers: 4
[201.358s][debug][gc,phases      ] GC(14)   Weak JFR Old Object Samples    Min:  0.0, Avg:  0.0, Max:  0.0, Diff:  0.0, Sum:  0.0, Workers: 4
[201.358s][debug][gc,phases      ] GC(14)     Dead                           Min: 0, Avg:  0.0, Max: 0, Diff: 0, Sum: 0, Workers: 4
[201.358s][debug][gc,phases      ] GC(14)     Total                          Min: 0, Avg:  0.0, Max: 0, Diff: 0, Sum: 0, Workers: 4
[201.358s][debug][gc,phases      ] GC(14) Weak Processing 0.564ms
[201.358s][debug][gc,age         ] GC(14) Desired survivor size 247988224 bytes, new threshold 1 (max threshold 15)
[201.358s][info ][gc,heap        ] GC(14) PSYoungGen: 1649204K(1850368K)->3984K(1849856K) Eden: 1615872K(1615872K)->0K(1612800K) From: 33332K(234496K)->3984K(237056K)
[201.358s][info ][gc,heap        ] GC(14) ParOldGen: 209451K(209920K)->240716K(241152K)
[201.358s][info ][gc,metaspace   ] GC(14) Metaspace: 104799K(106112K)->104799K(106112K) NonClass: 88840K(89600K)->88840K(89600K) Class: 15958K(16512K)->15958K(16512K)
[201.358s][info ][gc             ] GC(14) Pause Young (Allocation Failure) 1815M->238M(2042M) 19.292ms
[201.358s][info ][gc,cpu         ] GC(14) User=0.04s Sys=0.02s Real=0.02s
[201.358s][info ][safepoint      ] Safepoint "ParallelGCFailedAllocation", Time since last: 244901308 ns, Reaching safepoint: 8401 ns, Cleanup: 4000 ns, At safepoint: 19373664 ns, Total: 19386065 ns
[202.359s][info ][safepoint      ] Safepoint "Cleanup", Time since last: 1000092964 ns, Reaching safepoint: 7201 ns, Cleanup: 19901 ns, At safepoint: 3100 ns, Total: 30202 ns
[203.359s][info ][safepoint      ] Safepoint "Cleanup", Time since last: 1000125667 ns, Reaching safepoint: 7000 ns, Cleanup: 11301 ns, At safepoint: 2600 ns, Total: 20901 ns
[204.359s][info ][safepoint      ] Safepoint "Cleanup", Time since last: 1000126467 ns, Reaching safepoint: 6500 ns, Cleanup: 14101 ns, At safepoint: 3300 ns, Total: 23901 ns
[205.359s][info ][safepoint      ] Safepoint "Cleanup", Time since last: 1000127485 ns, Reaching safepoint: 8200 ns, Cleanup: 19102 ns, At safepoint: 3500 ns, Total: 30802 ns
[206.359s][info ][safepoint      ] Safepoint "Cleanup", Time since last: 1000144038 ns, Reaching safepoint: 8000 ns, Cleanup: 11701 ns, At safepoint: 3400 ns, Total: 23101 ns
[207.359s][info ][safepoint      ] Safepoint "Cleanup", Time since last: 1000130538 ns, Reaching safepoint: 6900 ns, Cleanup: 12601 ns, At safepoint: 3000 ns, Total: 22501 ns
[208.359s][info ][safepoint      ] Safepoint "Cleanup", Time since last: 1000128537 ns, Reaching safepoint: 6501 ns, Cleanup: 10800 ns, At safepoint: 2600 ns, Total: 19901 ns
[209.360s][info ][safepoint      ] Safepoint "Cleanup", Time since last: 1000118637 ns, Reaching safepoint: 8200 ns, Cleanup: 11901 ns, At safepoint: 2900 ns, Total: 23001 ns
[210.360s][info ][safepoint      ] Safepoint "Cleanup", Time since last: 1000118137 ns, Reaching safepoint: 6400 ns, Cleanup: 14901 ns, At safepoint: 2800 ns, Total: 24101 ns
[211.513s][info ][safepoint      ] Safepoint "Cleanup", Time since last: 1153169975 ns, Reaching safepoint: 2301 ns, Cleanup: 17801 ns, At safepoint: 3400 ns, Total: 23502 ns
[212.515s][info ][safepoint      ] Safepoint "Cleanup", Time since last: 1001830645 ns, Reaching safepoint: 7201 ns, Cleanup: 30102 ns, At safepoint: 2800 ns, Total: 40103 ns
[213.515s][info ][safepoint      ] Safepoint "Cleanup", Time since last: 1000135062 ns, Reaching safepoint: 8801 ns, Cleanup: 13401 ns, At safepoint: 2800 ns, Total: 25002 ns
[214.515s][info ][safepoint      ] Safepoint "Cleanup", Time since last: 1000136553 ns, Reaching safepoint: 8001 ns, Cleanup: 11800 ns, At safepoint: 3100 ns, Total: 22901 ns
[216.515s][info ][safepoint      ] Safepoint "Cleanup", Time since last: 2000229404 ns, Reaching safepoint: 10001 ns, Cleanup: 20001 ns, At safepoint: 2600 ns, Total: 32602 ns
[217.516s][info ][safepoint      ] Safepoint "Cleanup", Time since last: 1000136454 ns, Reaching safepoint: 8300 ns, Cleanup: 33602 ns, At safepoint: 3101 ns, Total: 45003 ns
[218.516s][info ][safepoint      ] Safepoint "Cleanup", Time since last: 1000142753 ns, Reaching safepoint: 8401 ns, Cleanup: 13201 ns, At safepoint: 2600 ns, Total: 24202 ns
[219.516s][info ][safepoint      ] Safepoint "Cleanup", Time since last: 1000133953 ns, Reaching safepoint: 7000 ns, Cleanup: 30102 ns, At safepoint: 2500 ns, Total: 39602 ns
[220.516s][info ][safepoint      ] Safepoint "Cleanup", Time since last: 1000149455 ns, Reaching safepoint: 8900 ns, Cleanup: 19401 ns, At safepoint: 2700 ns, Total: 31001 ns
[221.516s][info ][safepoint      ] Safepoint "Cleanup", Time since last: 1000127352 ns, Reaching safepoint: 8101 ns, Cleanup: 19701 ns, At safepoint: 2700 ns, Total: 30502 ns
[222.516s][info ][safepoint      ] Safepoint "Cleanup", Time since last: 1000125551 ns, Reaching safepoint: 8000 ns, Cleanup: 14001 ns, At safepoint: 2600 ns, Total: 24601 ns
[223.517s][info ][safepoint      ] Safepoint "Cleanup", Time since last: 1000172353 ns, Reaching safepoint: 11201 ns, Cleanup: 15801 ns, At safepoint: 3100 ns, Total: 30102 ns
[224.517s][info ][safepoint      ] Safepoint "Cleanup", Time since last: 1000137251 ns, Reaching safepoint: 7201 ns, Cleanup: 14301 ns, At safepoint: 2800 ns, Total: 24302 ns
[225.517s][info ][safepoint      ] Safepoint "Cleanup", Time since last: 1000125150 ns, Reaching safepoint: 7001 ns, Cleanup: 19401 ns, At safepoint: 2900 ns, Total: 29302 ns
[226.517s][info ][safepoint      ] Safepoint "Cleanup", Time since last: 1000128351 ns, Reaching safepoint: 7000 ns, Cleanup: 12401 ns, At safepoint: 2500 ns, Total: 21901 ns
[227.517s][info ][safepoint      ] Safepoint "Cleanup", Time since last: 1000181654 ns, Reaching safepoint: 10901 ns, Cleanup: 13901 ns, At safepoint: 3000 ns, Total: 27802 ns
[228.517s][info ][safepoint      ] Safepoint "Cleanup", Time since last: 1000136851 ns, Reaching safepoint: 7801 ns, Cleanup: 29001 ns, At safepoint: 2700 ns, Total: 39502 ns
[229.518s][info ][safepoint      ] Safepoint "Cleanup", Time since last: 1000115694 ns, Reaching safepoint: 8300 ns, Cleanup: 15501 ns, At safepoint: 2300 ns, Total: 26101 ns
[234.518s][info ][safepoint      ] Safepoint "Cleanup", Time since last: 5000478299 ns, Reaching safepoint: 9001 ns, Cleanup: 12800 ns, At safepoint: 2901 ns, Total: 24702 ns
[235.518s][info ][safepoint      ] Safepoint "Cleanup", Time since last: 1000145783 ns, Reaching safepoint: 10700 ns, Cleanup: 26102 ns, At safepoint: 2900 ns, Total: 39702 ns
[236.518s][info ][safepoint      ] Safepoint "Cleanup", Time since last: 1000131882 ns, Reaching safepoint: 7800 ns, Cleanup: 21102 ns, At safepoint: 2500 ns, Total: 31402 ns
[237.519s][info ][safepoint      ] Safepoint "Cleanup", Time since last: 1000136295 ns, Reaching safepoint: 8900 ns, Cleanup: 35202 ns, At safepoint: 2501 ns, Total: 46603 ns
[239.519s][info ][safepoint      ] Safepoint "Cleanup", Time since last: 2000209742 ns, Reaching safepoint: 7500 ns, Cleanup: 16501 ns, At safepoint: 2800 ns, Total: 26801 ns
[241.110s][info ][safepoint      ] Safepoint "Cleanup", Time since last: 1591155814 ns, Reaching safepoint: 9700 ns, Cleanup: 26802 ns, At safepoint: 2500 ns, Total: 39002 ns
[242.110s][info ][safepoint      ] Safepoint "Cleanup", Time since last: 1000121572 ns, Reaching safepoint: 8201 ns, Cleanup: 12800 ns, At safepoint: 3001 ns, Total: 24002 ns
[243.110s][info ][safepoint      ] Safepoint "Cleanup", Time since last: 1000126772 ns, Reaching safepoint: 7400 ns, Cleanup: 14201 ns, At safepoint: 2600 ns, Total: 24201 ns
[245.111s][info ][safepoint      ] Safepoint "Cleanup", Time since last: 2000202942 ns, Reaching safepoint: 9900 ns, Cleanup: 11501 ns, At safepoint: 3200 ns, Total: 24601 ns
[246.111s][info ][safepoint      ] Safepoint "Cleanup", Time since last: 1000158763 ns, Reaching safepoint: 10701 ns, Cleanup: 18801 ns, At safepoint: 3500 ns, Total: 33002 ns
[247.111s][info ][safepoint      ] Safepoint "Cleanup", Time since last: 1000127161 ns, Reaching safepoint: 8200 ns, Cleanup: 15001 ns, At safepoint: 2701 ns, Total: 25902 ns
[248.111s][info ][safepoint      ] Safepoint "Cleanup", Time since last: 1000144562 ns, Reaching safepoint: 10600 ns, Cleanup: 16701 ns, At safepoint: 3401 ns, Total: 30702 ns
[252.112s][info ][safepoint      ] Safepoint "Cleanup", Time since last: 4000392136 ns, Reaching safepoint: 11701 ns, Cleanup: 19301 ns, At safepoint: 3200 ns, Total: 34202 ns
[253.112s][info ][safepoint      ] Safepoint "Cleanup", Time since last: 1000135841 ns, Reaching safepoint: 8200 ns, Cleanup: 16001 ns, At safepoint: 2601 ns, Total: 26802 ns
[253.538s][info ][gc,start       ] GC(15) Pause Young (Allocation Failure)
[253.542s][debug][gc,phases      ] GC(15) Scavenge 4.341ms
[253.542s][debug][gc,ref         ] GC(15) ReferenceProcessor::execute queues: 1, RefProcThreadModel::Single, marks_oops_alive: false
[253.542s][debug][gc,ref         ] GC(15) Skipped KeepAliveFinalRefsPhase of Reference Processing: no references
[253.542s][debug][gc,ref         ] GC(15) ReferenceProcessor::execute queues: 1, RefProcThreadModel::Single, marks_oops_alive: false
[253.542s][debug][gc,phases      ] GC(15) Reference Processing 0.124ms
[253.543s][debug][gc,phases      ] GC(15)   VM Weak                        Min:  0.0, Avg:  0.0, Max:  0.0, Diff:  0.0, Sum:  0.0, Workers: 4
[253.543s][debug][gc,phases      ] GC(15)     Dead                           Min: 0, Avg:  0.0, Max: 0, Diff: 0, Sum: 0, Workers: 4
[253.543s][debug][gc,phases      ] GC(15)     Total                          Min: 0, Avg: 250.8, Max: 640, Diff: 640, Sum: 1003, Workers: 4
[253.543s][debug][gc,phases      ] GC(15)   ObjectSynchronizer Weak        Min:  0.0, Avg:  0.0, Max:  0.0, Diff:  0.0, Sum:  0.0, Workers: 4
[253.543s][debug][gc,phases      ] GC(15)     Dead                           Min: 0, Avg:  0.0, Max: 0, Diff: 0, Sum: 0, Workers: 4
[253.543s][debug][gc,phases      ] GC(15)     Total                          Min: 0, Avg:  1.0, Max: 4, Diff: 4, Sum: 4, Workers: 4
[253.543s][debug][gc,phases      ] GC(15)   JVMTI Tag Weak OopStorage      Min:  0.0, Avg:  0.0, Max:  0.0, Diff:  0.0, Sum:  0.0, Workers: 4
[253.543s][debug][gc,phases      ] GC(15)     Dead                           Min: 0, Avg:  0.0, Max: 0, Diff: 0, Sum: 0, Workers: 4
[253.543s][debug][gc,phases      ] GC(15)     Total                          Min: 0, Avg:  0.0, Max: 0, Diff: 0, Sum: 0, Workers: 4
[253.543s][debug][gc,phases      ] GC(15)   StringTable Weak               Min:  0.0, Avg:  0.1, Max:  0.1, Diff:  0.1, Sum:  0.4, Workers: 4
[253.543s][debug][gc,phases      ] GC(15)     Dead                           Min: 0, Avg:  0.2, Max: 1, Diff: 1, Sum: 1, Workers: 4
[253.543s][debug][gc,phases      ] GC(15)     Total                          Min: 0, Avg: 11503.2, Max: 16830, Diff: 16830, Sum: 46013, Workers: 4
[253.543s][debug][gc,phases      ] GC(15)   ResolvedMethodTable Weak       Min:  0.0, Avg:  0.0, Max:  0.1, Diff:  0.1, Sum:  0.2, Workers: 4
[253.543s][debug][gc,phases      ] GC(15)     Dead                           Min: 0, Avg:  5.0, Max: 15, Diff: 15, Sum: 20, Workers: 4
[253.543s][debug][gc,phases      ] GC(15)     Total                          Min: 0, Avg: 3766.2, Max: 5456, Diff: 5456, Sum: 15065, Workers: 4
[253.543s][debug][gc,phases      ] GC(15)   JNI Weak                       Min:  0.0, Avg:  0.0, Max:  0.0, Diff:  0.0, Sum:  0.0, Workers: 4
[253.543s][debug][gc,phases      ] GC(15)     Dead                           Min: 0, Avg:  0.0, Max: 0, Diff: 0, Sum: 0, Workers: 4
[253.543s][debug][gc,phases      ] GC(15)     Total                          Min: 0, Avg: 13.0, Max: 52, Diff: 52, Sum: 52, Workers: 4
[253.543s][debug][gc,phases      ] GC(15)   StringDedup Table Weak         Min:  0.0, Avg:  0.0, Max:  0.0, Diff:  0.0, Sum:  0.0, Workers: 4
[253.543s][debug][gc,phases      ] GC(15)     Dead                           Min: 0, Avg:  0.0, Max: 0, Diff: 0, Sum: 0, Workers: 4
[253.543s][debug][gc,phases      ] GC(15)     Total                          Min: 0, Avg:  0.0, Max: 0, Diff: 0, Sum: 0, Workers: 4
[253.543s][debug][gc,phases      ] GC(15)   StringDedup Requests0 Weak     Min:  0.0, Avg:  0.0, Max:  0.0, Diff:  0.0, Sum:  0.0, Workers: 4
[253.543s][debug][gc,phases      ] GC(15)     Dead                           Min: 0, Avg:  0.0, Max: 0, Diff: 0, Sum: 0, Workers: 4
[253.543s][debug][gc,phases      ] GC(15)     Total                          Min: 0, Avg:  0.0, Max: 0, Diff: 0, Sum: 0, Workers: 4
[253.543s][debug][gc,phases      ] GC(15)   StringDedup Requests1 Weak     Min:  0.0, Avg:  0.0, Max:  0.0, Diff:  0.0, Sum:  0.0, Workers: 4
[253.543s][debug][gc,phases      ] GC(15)     Dead                           Min: 0, Avg:  0.0, Max: 0, Diff: 0, Sum: 0, Workers: 4
[253.543s][debug][gc,phases      ] GC(15)     Total                          Min: 0, Avg:  0.0, Max: 0, Diff: 0, Sum: 0, Workers: 4
[253.543s][debug][gc,phases      ] GC(15)   Weak JFR Old Object Samples    Min:  0.0, Avg:  0.0, Max:  0.0, Diff:  0.0, Sum:  0.0, Workers: 4
[253.543s][debug][gc,phases      ] GC(15)     Dead                           Min: 0, Avg:  0.0, Max: 0, Diff: 0, Sum: 0, Workers: 4
[253.543s][debug][gc,phases      ] GC(15)     Total                          Min: 0, Avg:  0.0, Max: 0, Diff: 0, Sum: 0, Workers: 4
[253.543s][debug][gc,phases      ] GC(15) Weak Processing 0.446ms
[253.543s][debug][gc,age         ] GC(15) Desired survivor size 249561088 bytes, new threshold 1 (max threshold 15)
[253.543s][info ][gc,heap        ] GC(15) PSYoungGen: 1616784K(1849856K)->3961K(1616896K) Eden: 1612800K(1612800K)->0K(1612800K) From: 3984K(237056K)->3961K(4096K)
[253.543s][info ][gc,heap        ] GC(15) ParOldGen: 240716K(241152K)->241892K(242176K)
[253.543s][info ][gc,metaspace   ] GC(15) Metaspace: 104934K(106240K)->104934K(106240K) NonClass: 88962K(89728K)->88962K(89728K) Class: 15972K(16512K)->15972K(16512K)
[253.543s][info ][gc             ] GC(15) Pause Young (Allocation Failure) 1813M->240M(1815M) 5.057ms
[253.543s][info ][gc,cpu         ] GC(15) User=0.02s Sys=0.00s Real=0.00s
[253.543s][info ][safepoint      ] Safepoint "ParallelGCFailedAllocation", Time since last: 426124048 ns, Reaching safepoint: 6501 ns, Cleanup: 4700 ns, At safepoint: 5134516 ns, Total: 5145717 ns
[254.543s][info ][safepoint      ] Safepoint "Cleanup", Time since last: 1000095405 ns, Reaching safepoint: 6300 ns, Cleanup: 19601 ns, At safepoint: 2501 ns, Total: 28402 ns
[255.543s][info ][safepoint      ] Safepoint "Cleanup", Time since last: 1000123806 ns, Reaching safepoint: 5500 ns, Cleanup: 8201 ns, At safepoint: 2000 ns, Total: 15701 ns
[256.543s][info ][safepoint      ] Safepoint "Cleanup", Time since last: 1000113106 ns, Reaching safepoint: 6200 ns, Cleanup: 15301 ns, At safepoint: 2900 ns, Total: 24401 ns
[259.544s][info ][safepoint      ] Safepoint "Cleanup", Time since last: 3000275513 ns, Reaching safepoint: 6200 ns, Cleanup: 9301 ns, At safepoint: 2600 ns, Total: 18101 ns
[260.544s][info ][safepoint      ] Safepoint "Cleanup", Time since last: 1000124907 ns, Reaching safepoint: 8100 ns, Cleanup: 11201 ns, At safepoint: 7700 ns, Total: 27001 ns
[261.544s][info ][safepoint      ] Safepoint "Cleanup", Time since last: 1000118042 ns, Reaching safepoint: 5500 ns, Cleanup: 10301 ns, At safepoint: 1900 ns, Total: 17701 ns
[263.544s][info ][safepoint      ] Safepoint "Cleanup", Time since last: 2000178899 ns, Reaching safepoint: 5300 ns, Cleanup: 12101 ns, At safepoint: 2800 ns, Total: 20201 ns
[264.544s][info ][safepoint      ] Safepoint "Cleanup", Time since last: 1000102600 ns, Reaching safepoint: 6801 ns, Cleanup: 10700 ns, At safepoint: 2300 ns, Total: 19801 ns
[267.545s][info ][safepoint      ] Safepoint "Cleanup", Time since last: 3000260198 ns, Reaching safepoint: 6500 ns, Cleanup: 11901 ns, At safepoint: 2100 ns, Total: 20501 ns
[268.545s][info ][safepoint      ] Safepoint "Cleanup", Time since last: 1000142403 ns, Reaching safepoint: 6500 ns, Cleanup: 9701 ns, At safepoint: 2100 ns, Total: 18301 ns
[271.545s][info ][safepoint      ] Safepoint "Cleanup", Time since last: 3000245994 ns, Reaching safepoint: 5900 ns, Cleanup: 9701 ns, At safepoint: 2100 ns, Total: 17701 ns
[273.545s][info ][safepoint      ] Safepoint "Cleanup", Time since last: 2000201535 ns, Reaching safepoint: 6501 ns, Cleanup: 10200 ns, At safepoint: 2400 ns, Total: 19101 ns
[274.545s][info ][safepoint      ] Safepoint "Cleanup", Time since last: 1000139570 ns, Reaching safepoint: 5601 ns, Cleanup: 24601 ns, At safepoint: 2700 ns, Total: 32902 ns
[277.546s][info ][safepoint      ] Safepoint "Cleanup", Time since last: 3000314047 ns, Reaching safepoint: 6701 ns, Cleanup: 10000 ns, At safepoint: 2200 ns, Total: 18901 ns
[278.546s][info ][safepoint      ] Safepoint "Cleanup", Time since last: 1000125846 ns, Reaching safepoint: 6101 ns, Cleanup: 9500 ns, At safepoint: 2501 ns, Total: 18102 ns
[279.546s][info ][safepoint      ] Safepoint "Cleanup", Time since last: 1000115045 ns, Reaching safepoint: 6700 ns, Cleanup: 10701 ns, At safepoint: 2300 ns, Total: 19701 ns
[280.546s][info ][safepoint      ] Safepoint "Cleanup", Time since last: 1000119046 ns, Reaching safepoint: 6700 ns, Cleanup: 11401 ns, At safepoint: 2500 ns, Total: 20601 ns
[281.546s][info ][safepoint      ] Safepoint "Cleanup", Time since last: 1000123446 ns, Reaching safepoint: 82605 ns, Cleanup: 11501 ns, At safepoint: 6000 ns, Total: 100106 ns
[282.547s][info ][safepoint      ] Safepoint "Cleanup", Time since last: 1000132147 ns, Reaching safepoint: 35002 ns, Cleanup: 13701 ns, At safepoint: 5400 ns, Total: 54103 ns
[283.547s][info ][safepoint      ] Safepoint "Cleanup", Time since last: 1000131047 ns, Reaching safepoint: 7200 ns, Cleanup: 10701 ns, At safepoint: 2500 ns, Total: 20401 ns
[284.547s][info ][safepoint      ] Safepoint "Cleanup", Time since last: 1000122946 ns, Reaching safepoint: 6900 ns, Cleanup: 14201 ns, At safepoint: 2500 ns, Total: 23601 ns
[285.547s][info ][safepoint      ] Safepoint "Cleanup", Time since last: 1000125027 ns, Reaching safepoint: 6800 ns, Cleanup: 12201 ns, At safepoint: 2800 ns, Total: 21801 ns
[286.547s][info ][safepoint      ] Safepoint "Cleanup", Time since last: 1000131002 ns, Reaching safepoint: 5500 ns, Cleanup: 9501 ns, At safepoint: 2300 ns, Total: 17301 ns
[288.547s][info ][safepoint      ] Safepoint "Cleanup", Time since last: 2000189099 ns, Reaching safepoint: 6200 ns, Cleanup: 12501 ns, At safepoint: 2500 ns, Total: 21201 ns
[290.548s][info ][safepoint      ] Safepoint "Cleanup", Time since last: 2000194700 ns, Reaching safepoint: 5200 ns, Cleanup: 7000 ns, At safepoint: 1901 ns, Total: 14101 ns
[291.548s][info ][safepoint      ] Safepoint "Cleanup", Time since last: 1000107600 ns, Reaching safepoint: 4800 ns, Cleanup: 7501 ns, At safepoint: 1900 ns, Total: 14201 ns
[292.548s][info ][safepoint      ] Safepoint "Cleanup", Time since last: 1000118301 ns, Reaching safepoint: 6800 ns, Cleanup: 9801 ns, At safepoint: 2300 ns, Total: 18901 ns
[293.548s][info ][safepoint      ] Safepoint "Cleanup", Time since last: 1000124428 ns, Reaching safepoint: 6700 ns, Cleanup: 12401 ns, At safepoint: 2200 ns, Total: 21301 ns
[294.548s][info ][safepoint      ] Safepoint "Cleanup", Time since last: 1000120257 ns, Reaching safepoint: 7300 ns, Cleanup: 9801 ns, At safepoint: 2500 ns, Total: 19601 ns
[295.548s][info ][safepoint      ] Safepoint "Cleanup", Time since last: 1000139658 ns, Reaching safepoint: 9201 ns, Cleanup: 14801 ns, At safepoint: 3000 ns, Total: 27002 ns
[296.548s][info ][safepoint      ] Safepoint "Cleanup", Time since last: 1000133158 ns, Reaching safepoint: 6600 ns, Cleanup: 14801 ns, At safepoint: 2700 ns, Total: 24101 ns
[297.549s][info ][safepoint      ] Safepoint "Cleanup", Time since last: 1000122357 ns, Reaching safepoint: 6401 ns, Cleanup: 15401 ns, At safepoint: 2400 ns, Total: 24202 ns
[299.549s][info ][safepoint      ] Safepoint "Cleanup", Time since last: 2000195311 ns, Reaching safepoint: 5801 ns, Cleanup: 13100 ns, At safepoint: 2501 ns, Total: 21402 ns
[301.129s][info ][safepoint      ] Safepoint "Cleanup", Time since last: 1580013969 ns, Reaching safepoint: 7701 ns, Cleanup: 15100 ns, At safepoint: 2401 ns, Total: 25202 ns
[303.129s][info ][safepoint      ] Safepoint "Cleanup", Time since last: 2000202744 ns, Reaching safepoint: 7400 ns, Cleanup: 12401 ns, At safepoint: 2500 ns, Total: 22301 ns
[304.129s][info ][safepoint      ] Safepoint "Cleanup", Time since last: 1000137126 ns, Reaching safepoint: 7200 ns, Cleanup: 34703 ns, At safepoint: 2500 ns, Total: 44403 ns
[305.129s][info ][safepoint      ] Safepoint "Cleanup", Time since last: 1000126825 ns, Reaching safepoint: 8400 ns, Cleanup: 26302 ns, At safepoint: 2500 ns, Total: 37202 ns
[306.130s][info ][safepoint      ] Safepoint "Cleanup", Time since last: 1000136026 ns, Reaching safepoint: 9900 ns, Cleanup: 15301 ns, At safepoint: 2500 ns, Total: 27701 ns
[307.638s][info ][gc,start       ] GC(16) Pause Young (Allocation Failure)
[307.642s][debug][gc,phases      ] GC(16) Scavenge 3.628ms
[307.642s][debug][gc,ref         ] GC(16) ReferenceProcessor::execute queues: 1, RefProcThreadModel::Single, marks_oops_alive: false
[307.642s][debug][gc,ref         ] GC(16) Skipped KeepAliveFinalRefsPhase of Reference Processing: no references
[307.642s][debug][gc,ref         ] GC(16) ReferenceProcessor::execute queues: 1, RefProcThreadModel::Single, marks_oops_alive: false
[307.642s][debug][gc,phases      ] GC(16) Reference Processing 0.120ms
[307.642s][debug][gc,phases      ] GC(16)   VM Weak                        Min:  0.0, Avg:  0.0, Max:  0.0, Diff:  0.0, Sum:  0.0, Workers: 4
[307.642s][debug][gc,phases      ] GC(16)     Dead                           Min: 0, Avg:  0.0, Max: 0, Diff: 0, Sum: 0, Workers: 4
[307.642s][debug][gc,phases      ] GC(16)     Total                          Min: 0, Avg: 250.8, Max: 640, Diff: 640, Sum: 1003, Workers: 4
[307.642s][debug][gc,phases      ] GC(16)   ObjectSynchronizer Weak        Min:  0.0, Avg:  0.0, Max:  0.0, Diff:  0.0, Sum:  0.0, Workers: 4
[307.642s][debug][gc,phases      ] GC(16)     Dead                           Min: 0, Avg:  0.0, Max: 0, Diff: 0, Sum: 0, Workers: 4
[307.642s][debug][gc,phases      ] GC(16)     Total                          Min: 0, Avg:  1.0, Max: 4, Diff: 4, Sum: 4, Workers: 4
[307.642s][debug][gc,phases      ] GC(16)   JVMTI Tag Weak OopStorage      Min:  0.0, Avg:  0.0, Max:  0.0, Diff:  0.0, Sum:  0.0, Workers: 4
[307.642s][debug][gc,phases      ] GC(16)     Dead                           Min: 0, Avg:  0.0, Max: 0, Diff: 0, Sum: 0, Workers: 4
[307.642s][debug][gc,phases      ] GC(16)     Total                          Min: 0, Avg:  0.0, Max: 0, Diff: 0, Sum: 0, Workers: 4
[307.642s][debug][gc,phases      ] GC(16)   StringTable Weak               Min:  0.0, Avg:  0.1, Max:  0.2, Diff:  0.2, Sum:  0.5, Workers: 4
[307.642s][debug][gc,phases      ] GC(16)     Dead                           Min: 0, Avg:  0.0, Max: 0, Diff: 0, Sum: 0, Workers: 4
[307.642s][debug][gc,phases      ] GC(16)     Total                          Min: 0, Avg: 11522.5, Max: 16064, Diff: 16064, Sum: 46090, Workers: 4
[307.642s][debug][gc,phases      ] GC(16)   ResolvedMethodTable Weak       Min:  0.0, Avg:  0.0, Max:  0.1, Diff:  0.1, Sum:  0.2, Workers: 4
[307.642s][debug][gc,phases      ] GC(16)     Dead                           Min: 0, Avg:  4.0, Max: 16, Diff: 16, Sum: 16, Workers: 4
[307.642s][debug][gc,phases      ] GC(16)     Total                          Min: 0, Avg: 3766.8, Max: 5272, Diff: 5272, Sum: 15067, Workers: 4
[307.642s][debug][gc,phases      ] GC(16)   JNI Weak                       Min:  0.0, Avg:  0.0, Max:  0.0, Diff:  0.0, Sum:  0.0, Workers: 4
[307.642s][debug][gc,phases      ] GC(16)     Dead                           Min: 0, Avg:  0.0, Max: 0, Diff: 0, Sum: 0, Workers: 4
[307.642s][debug][gc,phases      ] GC(16)     Total                          Min: 0, Avg: 13.0, Max: 52, Diff: 52, Sum: 52, Workers: 4
[307.642s][debug][gc,phases      ] GC(16)   StringDedup Table Weak         Min:  0.0, Avg:  0.0, Max:  0.0, Diff:  0.0, Sum:  0.0, Workers: 4
[307.643s][debug][gc,phases      ] GC(16)     Dead                           Min: 0, Avg:  0.0, Max: 0, Diff: 0, Sum: 0, Workers: 4
[307.643s][debug][gc,phases      ] GC(16)     Total                          Min: 0, Avg:  0.0, Max: 0, Diff: 0, Sum: 0, Workers: 4
[307.643s][debug][gc,phases      ] GC(16)   StringDedup Requests0 Weak     Min:  0.0, Avg:  0.0, Max:  0.0, Diff:  0.0, Sum:  0.0, Workers: 4
[307.643s][debug][gc,phases      ] GC(16)     Dead                           Min: 0, Avg:  0.0, Max: 0, Diff: 0, Sum: 0, Workers: 4
[307.643s][debug][gc,phases      ] GC(16)     Total                          Min: 0, Avg:  0.0, Max: 0, Diff: 0, Sum: 0, Workers: 4
[307.643s][debug][gc,phases      ] GC(16)   StringDedup Requests1 Weak     Min:  0.0, Avg:  0.0, Max:  0.0, Diff:  0.0, Sum:  0.0, Workers: 4
[307.643s][debug][gc,phases      ] GC(16)     Dead                           Min: 0, Avg:  0.0, Max: 0, Diff: 0, Sum: 0, Workers: 4
[307.643s][debug][gc,phases      ] GC(16)     Total                          Min: 0, Avg:  0.0, Max: 0, Diff: 0, Sum: 0, Workers: 4
[307.643s][debug][gc,phases      ] GC(16)   Weak JFR Old Object Samples    Min:  0.0, Avg:  0.0, Max:  0.0, Diff:  0.0, Sum:  0.0, Workers: 4
[307.643s][debug][gc,phases      ] GC(16)     Dead                           Min: 0, Avg:  0.0, Max: 0, Diff: 0, Sum: 0, Workers: 4
[307.643s][debug][gc,phases      ] GC(16)     Total                          Min: 0, Avg:  0.0, Max: 0, Diff: 0, Sum: 0, Workers: 4
[307.643s][debug][gc,phases      ] GC(16) Weak Processing 0.488ms
[307.643s][debug][gc,age         ] GC(16) Desired survivor size 248512512 bytes, new threshold 1 (max threshold 15)
[307.643s][info ][gc,heap        ] GC(16) PSYoungGen: 1616761K(1616896K)->3528K(1854464K) Eden: 1612800K(1612800K)->0K(1610752K) From: 3961K(4096K)->3528K(243712K)
[307.643s][info ][gc,heap        ] GC(16) ParOldGen: 241892K(242176K)->242814K(243200K)
[307.643s][info ][gc,metaspace   ] GC(16) Metaspace: 105003K(106304K)->105003K(106304K) NonClass: 89030K(89792K)->89030K(89792K) Class: 15972K(16512K)->15972K(16512K)
[307.643s][info ][gc             ] GC(16) Pause Young (Allocation Failure) 1815M->240M(2048M) 4.386ms
[307.643s][info ][gc,cpu         ] GC(16) User=0.01s Sys=0.00s Real=0.00s
[307.643s][info ][safepoint      ] Safepoint "ParallelGCFailedAllocation", Time since last: 1508660261 ns, Reaching safepoint: 6701 ns, Cleanup: 4300 ns, At safepoint: 4460376 ns, Total: 4471377 ns
[308.643s][info ][safepoint      ] Safepoint "Cleanup", Time since last: 1000114724 ns, Reaching safepoint: 7301 ns, Cleanup: 11600 ns, At safepoint: 2800 ns, Total: 21701 ns
[309.643s][info ][safepoint      ] Safepoint "Cleanup", Time since last: 1000143678 ns, Reaching safepoint: 7201 ns, Cleanup: 24101 ns, At safepoint: 2800 ns, Total: 34102 ns
[310.643s][info ][safepoint      ] Safepoint "Cleanup", Time since last: 1000126439 ns, Reaching safepoint: 78705 ns, Cleanup: 11601 ns, At safepoint: 5500 ns, Total: 95806 ns
[311.643s][info ][safepoint      ] Safepoint "Cleanup", Time since last: 1000115238 ns, Reaching safepoint: 6001 ns, Cleanup: 9800 ns, At safepoint: 2500 ns, Total: 18301 ns
[313.644s][info ][safepoint      ] Safepoint "Cleanup", Time since last: 2000200675 ns, Reaching safepoint: 6301 ns, Cleanup: 9200 ns, At safepoint: 30602 ns, Total: 46103 ns
[314.893s][info ][safepoint      ] Safepoint "Cleanup", Time since last: 1249253419 ns, Reaching safepoint: 5601 ns, Cleanup: 118007 ns, At safepoint: 2900 ns, Total: 126508 ns
[316.893s][info ][safepoint      ] Safepoint "Cleanup", Time since last: 2000193574 ns, Reaching safepoint: 6100 ns, Cleanup: 12101 ns, At safepoint: 2500 ns, Total: 20701 ns
[317.893s][info ][safepoint      ] Safepoint "Cleanup", Time since last: 1000114876 ns, Reaching safepoint: 7100 ns, Cleanup: 10901 ns, At safepoint: 2300 ns, Total: 20301 ns
[318.894s][info ][safepoint      ] Safepoint "Cleanup", Time since last: 1000159270 ns, Reaching safepoint: 7901 ns, Cleanup: 70304 ns, At safepoint: 2800 ns, Total: 81005 ns
[319.894s][info ][safepoint      ] Safepoint "Cleanup", Time since last: 1000150270 ns, Reaching safepoint: 6100 ns, Cleanup: 19002 ns, At safepoint: 2200 ns, Total: 27302 ns
[320.894s][info ][safepoint      ] Safepoint "Cleanup", Time since last: 1000107067 ns, Reaching safepoint: 78905 ns, Cleanup: 12700 ns, At safepoint: 8701 ns, Total: 100306 ns
[321.894s][info ][safepoint      ] Safepoint "Cleanup", Time since last: 1000113867 ns, Reaching safepoint: 6301 ns, Cleanup: 16901 ns, At safepoint: 2700 ns, Total: 25902 ns
[322.894s][info ][safepoint      ] Safepoint "Cleanup", Time since last: 1000120268 ns, Reaching safepoint: 6400 ns, Cleanup: 9901 ns, At safepoint: 2500 ns, Total: 18801 ns
[323.894s][info ][safepoint      ] Safepoint "Cleanup", Time since last: 1000120268 ns, Reaching safepoint: 5400 ns, Cleanup: 9300 ns, At safepoint: 2601 ns, Total: 17301 ns
[324.894s][info ][safepoint      ] Safepoint "Cleanup", Time since last: 1000111067 ns, Reaching safepoint: 8100 ns, Cleanup: 21602 ns, At safepoint: 2700 ns, Total: 32402 ns
[325.895s][info ][safepoint      ] Safepoint "Cleanup", Time since last: 1000135660 ns, Reaching safepoint: 6601 ns, Cleanup: 12900 ns, At safepoint: 3001 ns, Total: 22502 ns
[326.895s][info ][safepoint      ] Safepoint "Cleanup", Time since last: 1000117756 ns, Reaching safepoint: 6100 ns, Cleanup: 19802 ns, At safepoint: 2500 ns, Total: 28402 ns
[327.895s][info ][safepoint      ] Safepoint "Cleanup", Time since last: 1000112056 ns, Reaching safepoint: 5800 ns, Cleanup: 13301 ns, At safepoint: 2000 ns, Total: 21101 ns
[328.895s][info ][safepoint      ] Safepoint "Cleanup", Time since last: 1000110756 ns, Reaching safepoint: 7601 ns, Cleanup: 11300 ns, At safepoint: 2600 ns, Total: 21501 ns
[329.895s][info ][safepoint      ] Safepoint "Cleanup", Time since last: 1000119257 ns, Reaching safepoint: 78305 ns, Cleanup: 19201 ns, At safepoint: 5700 ns, Total: 103206 ns
[331.895s][info ][safepoint      ] Safepoint "Cleanup", Time since last: 2000189710 ns, Reaching safepoint: 6601 ns, Cleanup: 9400 ns, At safepoint: 2700 ns, Total: 18701 ns
[333.896s][info ][safepoint      ] Safepoint "Cleanup", Time since last: 2000194280 ns, Reaching safepoint: 5601 ns, Cleanup: 9600 ns, At safepoint: 2500 ns, Total: 17701 ns
[334.896s][info ][safepoint      ] Safepoint "Cleanup", Time since last: 1000106683 ns, Reaching safepoint: 7400 ns, Cleanup: 24601 ns, At safepoint: 3200 ns, Total: 35201 ns
[335.896s][info ][safepoint      ] Safepoint "Cleanup", Time since last: 1000118283 ns, Reaching safepoint: 6401 ns, Cleanup: 13000 ns, At safepoint: 2301 ns, Total: 21702 ns
[337.896s][info ][safepoint      ] Safepoint "Cleanup", Time since last: 2000183291 ns, Reaching safepoint: 7101 ns, Cleanup: 11800 ns, At safepoint: 2300 ns, Total: 21201 ns
[338.896s][info ][safepoint      ] Safepoint "Cleanup", Time since last: 1000114803 ns, Reaching safepoint: 6000 ns, Cleanup: 12201 ns, At safepoint: 2400 ns, Total: 20601 ns
[341.897s][info ][safepoint      ] Safepoint "Cleanup", Time since last: 3000253678 ns, Reaching safepoint: 5901 ns, Cleanup: 11700 ns, At safepoint: 2501 ns, Total: 20102 ns
[342.897s][info ][safepoint      ] Safepoint "Cleanup", Time since last: 1000116862 ns, Reaching safepoint: 6401 ns, Cleanup: 12201 ns, At safepoint: 2400 ns, Total: 21002 ns
[343.897s][info ][safepoint      ] Safepoint "Cleanup", Time since last: 1000107862 ns, Reaching safepoint: 5300 ns, Cleanup: 13401 ns, At safepoint: 2500 ns, Total: 21201 ns
[344.897s][info ][safepoint      ] Safepoint "Cleanup", Time since last: 1000097662 ns, Reaching safepoint: 6800 ns, Cleanup: 18701 ns, At safepoint: 2801 ns, Total: 28302 ns
[345.897s][info ][safepoint      ] Safepoint "Cleanup", Time since last: 1000119863 ns, Reaching safepoint: 7500 ns, Cleanup: 12501 ns, At safepoint: 2500 ns, Total: 22501 ns
[348.897s][info ][safepoint      ] Safepoint "Cleanup", Time since last: 3000250082 ns, Reaching safepoint: 6701 ns, Cleanup: 10901 ns, At safepoint: 2400 ns, Total: 20002 ns
[350.898s][info ][safepoint      ] Safepoint "Cleanup", Time since last: 2000199817 ns, Reaching safepoint: 6900 ns, Cleanup: 13601 ns, At safepoint: 2600 ns, Total: 23101 ns
[352.898s][info ][safepoint      ] Safepoint "Cleanup", Time since last: 2000226211 ns, Reaching safepoint: 6800 ns, Cleanup: 9201 ns, At safepoint: 2400 ns, Total: 18401 ns
[353.898s][info ][safepoint      ] Safepoint "Cleanup", Time since last: 1000119455 ns, Reaching safepoint: 5700 ns, Cleanup: 9101 ns, At safepoint: 2400 ns, Total: 17201 ns
[357.898s][info ][safepoint      ] Safepoint "Cleanup", Time since last: 4000310462 ns, Reaching safepoint: 5300 ns, Cleanup: 8201 ns, At safepoint: 3000 ns, Total: 16501 ns
[358.898s][info ][safepoint      ] Safepoint "Cleanup", Time since last: 1000110783 ns, Reaching safepoint: 5600 ns, Cleanup: 20401 ns, At safepoint: 2601 ns, Total: 28602 ns
[359.899s][info ][safepoint      ] Safepoint "Cleanup", Time since last: 1000114983 ns, Reaching safepoint: 6300 ns, Cleanup: 20601 ns, At safepoint: 2701 ns, Total: 29602 ns
[361.890s][info ][gc,start       ] GC(17) Pause Young (Allocation Failure)
[361.894s][debug][gc,phases      ] GC(17) Scavenge 3.951ms
[361.894s][debug][gc,ref         ] GC(17) ReferenceProcessor::execute queues: 1, RefProcThreadModel::Single, marks_oops_alive: false
[361.894s][debug][gc,ref         ] GC(17) Skipped KeepAliveFinalRefsPhase of Reference Processing: no references
[361.894s][debug][gc,ref         ] GC(17) ReferenceProcessor::execute queues: 1, RefProcThreadModel::Single, marks_oops_alive: false
[361.894s][debug][gc,phases      ] GC(17) Reference Processing 0.121ms
[361.895s][debug][gc,phases      ] GC(17)   VM Weak                        Min:  0.0, Avg:  0.0, Max:  0.0, Diff:  0.0, Sum:  0.0, Workers: 4
[361.895s][debug][gc,phases      ] GC(17)     Dead                           Min: 0, Avg:  0.0, Max: 0, Diff: 0, Sum: 0, Workers: 4
[361.895s][debug][gc,phases      ] GC(17)     Total                          Min: 0, Avg: 251.8, Max: 576, Diff: 576, Sum: 1007, Workers: 4
[361.895s][debug][gc,phases      ] GC(17)   ObjectSynchronizer Weak        Min:  0.0, Avg:  0.0, Max:  0.0, Diff:  0.0, Sum:  0.0, Workers: 4
[361.895s][debug][gc,phases      ] GC(17)     Dead                           Min: 0, Avg:  0.0, Max: 0, Diff: 0, Sum: 0, Workers: 4
[361.895s][debug][gc,phases      ] GC(17)     Total                          Min: 0, Avg:  0.8, Max: 3, Diff: 3, Sum: 3, Workers: 4
[361.895s][debug][gc,phases      ] GC(17)   JVMTI Tag Weak OopStorage      Min:  0.0, Avg:  0.0, Max:  0.0, Diff:  0.0, Sum:  0.0, Workers: 4
[361.895s][debug][gc,phases      ] GC(17)     Dead                           Min: 0, Avg:  0.0, Max: 0, Diff: 0, Sum: 0, Workers: 4
[361.895s][debug][gc,phases      ] GC(17)     Total                          Min: 0, Avg:  0.0, Max: 0, Diff: 0, Sum: 0, Workers: 4
[361.895s][debug][gc,phases      ] GC(17)   StringTable Weak               Min:  0.1, Avg:  0.1, Max:  0.1, Diff:  0.0, Sum:  0.4, Workers: 4
[361.895s][debug][gc,phases      ] GC(17)     Dead                           Min: 0, Avg:  0.5, Max: 2, Diff: 2, Sum: 2, Workers: 4
[361.895s][debug][gc,phases      ] GC(17)     Total                          Min: 11328, Avg: 11541.8, Max: 11776, Diff: 448, Sum: 46167, Workers: 4
[361.895s][debug][gc,phases      ] GC(17)   ResolvedMethodTable Weak       Min:  0.0, Avg:  0.0, Max:  0.0, Diff:  0.0, Sum:  0.2, Workers: 4
[361.895s][debug][gc,phases      ] GC(17)     Dead                           Min: 0, Avg:  9.0, Max: 15, Diff: 15, Sum: 36, Workers: 4
[361.895s][debug][gc,phases      ] GC(17)     Total                          Min: 3656, Avg: 3786.2, Max: 4086, Diff: 430, Sum: 15145, Workers: 4
[361.895s][debug][gc,phases      ] GC(17)   JNI Weak                       Min:  0.0, Avg:  0.0, Max:  0.0, Diff:  0.0, Sum:  0.0, Workers: 4
[361.895s][debug][gc,phases      ] GC(17)     Dead                           Min: 0, Avg:  0.0, Max: 0, Diff: 0, Sum: 0, Workers: 4
[361.895s][debug][gc,phases      ] GC(17)     Total                          Min: 0, Avg: 13.0, Max: 52, Diff: 52, Sum: 52, Workers: 4
[361.895s][debug][gc,phases      ] GC(17)   StringDedup Table Weak         Min:  0.0, Avg:  0.0, Max:  0.0, Diff:  0.0, Sum:  0.0, Workers: 4
[361.895s][debug][gc,phases      ] GC(17)     Dead                           Min: 0, Avg:  0.0, Max: 0, Diff: 0, Sum: 0, Workers: 4
[361.895s][debug][gc,phases      ] GC(17)     Total                          Min: 0, Avg:  0.0, Max: 0, Diff: 0, Sum: 0, Workers: 4
[361.895s][debug][gc,phases      ] GC(17)   StringDedup Requests0 Weak     Min:  0.0, Avg:  0.0, Max:  0.0, Diff:  0.0, Sum:  0.0, Workers: 4
[361.895s][debug][gc,phases      ] GC(17)     Dead                           Min: 0, Avg:  0.0, Max: 0, Diff: 0, Sum: 0, Workers: 4
[361.895s][debug][gc,phases      ] GC(17)     Total                          Min: 0, Avg:  0.0, Max: 0, Diff: 0, Sum: 0, Workers: 4
[361.895s][debug][gc,phases      ] GC(17)   StringDedup Requests1 Weak     Min:  0.0, Avg:  0.0, Max:  0.0, Diff:  0.0, Sum:  0.0, Workers: 4
[361.895s][debug][gc,phases      ] GC(17)     Dead                           Min: 0, Avg:  0.0, Max: 0, Diff: 0, Sum: 0, Workers: 4
[361.895s][debug][gc,phases      ] GC(17)     Total                          Min: 0, Avg:  0.0, Max: 0, Diff: 0, Sum: 0, Workers: 4
[361.895s][debug][gc,phases      ] GC(17)   Weak JFR Old Object Samples    Min:  0.0, Avg:  0.0, Max:  0.0, Diff:  0.0, Sum:  0.0, Workers: 4
[361.895s][debug][gc,phases      ] GC(17)     Dead                           Min: 0, Avg:  0.0, Max: 0, Diff: 0, Sum: 0, Workers: 4
[361.895s][debug][gc,phases      ] GC(17)     Total                          Min: 0, Avg:  0.0, Max: 0, Diff: 0, Sum: 0, Workers: 4
[361.895s][debug][gc,phases      ] GC(17) Weak Processing 0.396ms
[361.895s][debug][gc,age         ] GC(17) Desired survivor size 245366784 bytes, new threshold 1 (max threshold 15)
[361.895s][info ][gc,heap        ] GC(17) PSYoungGen: 1614280K(1854464K)->3298K(1853440K) Eden: 1610752K(1610752K)->0K(1610752K) From: 3528K(243712K)->3298K(242688K)
[361.895s][info ][gc,heap        ] GC(17) ParOldGen: 242814K(243200K)->244356K(244736K)
[361.895s][info ][gc,metaspace   ] GC(17) Metaspace: 105392K(106688K)->105392K(106688K) NonClass: 89376K(90112K)->89376K(90112K) Class: 16015K(16576K)->16015K(16576K)
[361.895s][info ][gc             ] GC(17) Pause Young (Allocation Failure) 1813M->241M(2049M) 4.628ms
[361.895s][info ][gc,cpu         ] GC(17) User=0.01s Sys=0.00s Real=0.00s
[361.895s][info ][safepoint      ] Safepoint "ParallelGCFailedAllocation", Time since last: 1991433128 ns, Reaching safepoint: 11701 ns, Cleanup: 7000 ns, At safepoint: 4717989 ns, Total: 4736690 ns
[363.895s][info ][safepoint      ] Safepoint "Cleanup", Time since last: 2000155762 ns, Reaching safepoint: 5800 ns, Cleanup: 9901 ns, At safepoint: 2600 ns, Total: 18301 ns
[365.895s][info ][safepoint      ] Safepoint "Cleanup", Time since last: 2000203458 ns, Reaching safepoint: 81105 ns, Cleanup: 7800 ns, At safepoint: 6201 ns, Total: 95106 ns
[367.896s][info ][safepoint      ] Safepoint "Cleanup", Time since last: 2000194154 ns, Reaching safepoint: 7200 ns, Cleanup: 40903 ns, At safepoint: 5700 ns, Total: 53803 ns
[368.896s][info ][safepoint      ] Safepoint "Cleanup", Time since last: 1000115828 ns, Reaching safepoint: 79305 ns, Cleanup: 13801 ns, At safepoint: 5700 ns, Total: 98806 ns
[371.896s][info ][safepoint      ] Safepoint "Cleanup", Time since last: 3000262880 ns, Reaching safepoint: 6901 ns, Cleanup: 10500 ns, At safepoint: 2600 ns, Total: 20001 ns
[372.896s][info ][safepoint      ] Safepoint "Cleanup", Time since last: 1000118029 ns, Reaching safepoint: 6400 ns, Cleanup: 9201 ns, At safepoint: 2400 ns, Total: 18001 ns
[374.896s][info ][safepoint      ] Safepoint "Cleanup", Time since last: 2000185878 ns, Reaching safepoint: 5901 ns, Cleanup: 8800 ns, At safepoint: 2400 ns, Total: 17101 ns
[376.897s][info ][safepoint      ] Safepoint "Cleanup", Time since last: 2000186946 ns, Reaching safepoint: 6100 ns, Cleanup: 8201 ns, At safepoint: 2200 ns, Total: 16501 ns
[377.897s][info ][safepoint      ] Safepoint "Cleanup", Time since last: 1000111323 ns, Reaching safepoint: 7001 ns, Cleanup: 10100 ns, At safepoint: 2101 ns, Total: 19202 ns
[378.897s][info ][safepoint      ] Safepoint "Cleanup", Time since last: 1000136725 ns, Reaching safepoint: 6200 ns, Cleanup: 11401 ns, At safepoint: 2600 ns, Total: 20201 ns
[379.897s][info ][safepoint      ] Safepoint "Cleanup", Time since last: 1000118024 ns, Reaching safepoint: 6201 ns, Cleanup: 14800 ns, At safepoint: 2301 ns, Total: 23302 ns
[382.897s][info ][safepoint      ] Safepoint "Cleanup", Time since last: 3000266059 ns, Reaching safepoint: 6200 ns, Cleanup: 10501 ns, At safepoint: 2000 ns, Total: 18701 ns
[383.897s][info ][safepoint      ] Safepoint "Cleanup", Time since last: 1000120719 ns, Reaching safepoint: 6101 ns, Cleanup: 12101 ns, At safepoint: 2800 ns, Total: 21002 ns
[384.898s][info ][safepoint      ] Safepoint "Cleanup", Time since last: 1000125720 ns, Reaching safepoint: 6300 ns, Cleanup: 10001 ns, At safepoint: 2700 ns, Total: 19001 ns
[385.898s][info ][safepoint      ] Safepoint "Cleanup", Time since last: 1000121519 ns, Reaching safepoint: 6101 ns, Cleanup: 13901 ns, At safepoint: 2200 ns, Total: 22202 ns
[386.898s][info ][safepoint      ] Safepoint "Cleanup", Time since last: 1000121019 ns, Reaching safepoint: 6101 ns, Cleanup: 20501 ns, At safepoint: 2500 ns, Total: 29102 ns
[388.898s][info ][safepoint      ] Safepoint "Cleanup", Time since last: 2000189136 ns, Reaching safepoint: 9001 ns, Cleanup: 15001 ns, At safepoint: 2300 ns, Total: 26302 ns
[391.898s][info ][safepoint      ] Safepoint "Cleanup", Time since last: 3000266114 ns, Reaching safepoint: 5801 ns, Cleanup: 7600 ns, At safepoint: 2200 ns, Total: 15601 ns
[396.899s][info ][safepoint      ] Safepoint "Cleanup", Time since last: 5000413424 ns, Reaching safepoint: 6400 ns, Cleanup: 9701 ns, At safepoint: 2100 ns, Total: 18201 ns
[403.899s][info ][safepoint      ] Safepoint "Cleanup", Time since last: 7000554880 ns, Reaching safepoint: 4800 ns, Cleanup: 6501 ns, At safepoint: 2600 ns, Total: 13901 ns
[404.899s][info ][safepoint      ] Safepoint "Cleanup", Time since last: 1000117313 ns, Reaching safepoint: 7001 ns, Cleanup: 14200 ns, At safepoint: 2901 ns, Total: 24102 ns
[405.900s][info ][safepoint      ] Safepoint "Cleanup", Time since last: 1000125155 ns, Reaching safepoint: 6200 ns, Cleanup: 12201 ns, At safepoint: 2600 ns, Total: 21001 ns
[409.900s][info ][safepoint      ] Safepoint "Cleanup", Time since last: 4000359549 ns, Reaching safepoint: 5800 ns, Cleanup: 17701 ns, At safepoint: 2400 ns, Total: 25901 ns
[413.900s][info ][safepoint      ] Safepoint "Cleanup", Time since last: 4000349046 ns, Reaching safepoint: 6100 ns, Cleanup: 32702 ns, At safepoint: 2901 ns, Total: 41703 ns
[415.901s][info ][safepoint      ] Safepoint "Cleanup", Time since last: 2000253195 ns, Reaching safepoint: 6500 ns, Cleanup: 16301 ns, At safepoint: 2701 ns, Total: 25502 ns
[416.986s][info ][gc,start       ] GC(18) Pause Young (Allocation Failure)
[416.989s][debug][gc,phases      ] GC(18) Scavenge 2.914ms
[416.989s][debug][gc,ref         ] GC(18) ReferenceProcessor::execute queues: 1, RefProcThreadModel::Single, marks_oops_alive: false
[416.989s][debug][gc,ref         ] GC(18) Skipped KeepAliveFinalRefsPhase of Reference Processing: no references
[416.989s][debug][gc,ref         ] GC(18) ReferenceProcessor::execute queues: 1, RefProcThreadModel::Single, marks_oops_alive: false
[416.989s][debug][gc,phases      ] GC(18) Reference Processing 0.122ms
[416.989s][debug][gc,phases      ] GC(18)   VM Weak                        Min:  0.0, Avg:  0.0, Max:  0.0, Diff:  0.0, Sum:  0.0, Workers: 4
[416.989s][debug][gc,phases      ] GC(18)     Dead                           Min: 0, Avg:  0.0, Max: 0, Diff: 0, Sum: 0, Workers: 4
[416.989s][debug][gc,phases      ] GC(18)     Total                          Min: 0, Avg: 254.2, Max: 640, Diff: 640, Sum: 1017, Workers: 4
[416.989s][debug][gc,phases      ] GC(18)   ObjectSynchronizer Weak        Min:  0.0, Avg:  0.0, Max:  0.0, Diff:  0.0, Sum:  0.0, Workers: 4
[416.989s][debug][gc,phases      ] GC(18)     Dead                           Min: 0, Avg:  0.0, Max: 0, Diff: 0, Sum: 0, Workers: 4
[416.989s][debug][gc,phases      ] GC(18)     Total                          Min: 0, Avg:  1.0, Max: 4, Diff: 4, Sum: 4, Workers: 4
[416.989s][debug][gc,phases      ] GC(18)   JVMTI Tag Weak OopStorage      Min:  0.0, Avg:  0.0, Max:  0.0, Diff:  0.0, Sum:  0.0, Workers: 4
[416.989s][debug][gc,phases      ] GC(18)     Dead                           Min: 0, Avg:  0.0, Max: 0, Diff: 0, Sum: 0, Workers: 4
[416.989s][debug][gc,phases      ] GC(18)     Total                          Min: 0, Avg:  0.0, Max: 0, Diff: 0, Sum: 0, Workers: 4
[416.989s][debug][gc,phases      ] GC(18)   StringTable Weak               Min:  0.0, Avg:  0.1, Max:  0.2, Diff:  0.2, Sum:  0.5, Workers: 4
[416.989s][debug][gc,phases      ] GC(18)     Dead                           Min: 0, Avg:  0.2, Max: 1, Diff: 1, Sum: 1, Workers: 4
[416.989s][debug][gc,phases      ] GC(18)     Total                          Min: 0, Avg: 11551.0, Max: 15615, Diff: 15615, Sum: 46204, Workers: 4
[416.989s][debug][gc,phases      ] GC(18)   ResolvedMethodTable Weak       Min:  0.0, Avg:  0.0, Max:  0.1, Diff:  0.1, Sum:  0.2, Workers: 4
[416.989s][debug][gc,phases      ] GC(18)     Dead                           Min: 0, Avg:  5.8, Max: 16, Diff: 16, Sum: 23, Workers: 4
[416.989s][debug][gc,phases      ] GC(18)     Total                          Min: 0, Avg: 3803.5, Max: 5649, Diff: 5649, Sum: 15214, Workers: 4
[416.989s][debug][gc,phases      ] GC(18)   JNI Weak                       Min:  0.0, Avg:  0.0, Max:  0.0, Diff:  0.0, Sum:  0.0, Workers: 4
[416.989s][debug][gc,phases      ] GC(18)     Dead                           Min: 0, Avg:  0.0, Max: 0, Diff: 0, Sum: 0, Workers: 4
[416.989s][debug][gc,phases      ] GC(18)     Total                          Min: 0, Avg: 13.0, Max: 52, Diff: 52, Sum: 52, Workers: 4
[416.989s][debug][gc,phases      ] GC(18)   StringDedup Table Weak         Min:  0.0, Avg:  0.0, Max:  0.0, Diff:  0.0, Sum:  0.0, Workers: 4
[416.989s][debug][gc,phases      ] GC(18)     Dead                           Min: 0, Avg:  0.0, Max: 0, Diff: 0, Sum: 0, Workers: 4
[416.989s][debug][gc,phases      ] GC(18)     Total                          Min: 0, Avg:  0.0, Max: 0, Diff: 0, Sum: 0, Workers: 4
[416.989s][debug][gc,phases      ] GC(18)   StringDedup Requests0 Weak     Min:  0.0, Avg:  0.0, Max:  0.0, Diff:  0.0, Sum:  0.0, Workers: 4
[416.989s][debug][gc,phases      ] GC(18)     Dead                           Min: 0, Avg:  0.0, Max: 0, Diff: 0, Sum: 0, Workers: 4
[416.989s][debug][gc,phases      ] GC(18)     Total                          Min: 0, Avg:  0.0, Max: 0, Diff: 0, Sum: 0, Workers: 4
[416.989s][debug][gc,phases      ] GC(18)   StringDedup Requests1 Weak     Min:  0.0, Avg:  0.0, Max:  0.0, Diff:  0.0, Sum:  0.0, Workers: 4
[416.989s][debug][gc,phases      ] GC(18)     Dead                           Min: 0, Avg:  0.0, Max: 0, Diff: 0, Sum: 0, Workers: 4
[416.989s][debug][gc,phases      ] GC(18)     Total                          Min: 0, Avg:  0.0, Max: 0, Diff: 0, Sum: 0, Workers: 4
[416.989s][debug][gc,phases      ] GC(18)   Weak JFR Old Object Samples    Min:  0.0, Avg:  0.0, Max:  0.0, Diff:  0.0, Sum:  0.0, Workers: 4
[416.989s][debug][gc,phases      ] GC(18)     Dead                           Min: 0, Avg:  0.0, Max: 0, Diff: 0, Sum: 0, Workers: 4
[416.989s][debug][gc,phases      ] GC(18)     Total                          Min: 0, Avg:  0.0, Max: 0, Diff: 0, Sum: 0, Workers: 4
[416.989s][debug][gc,phases      ] GC(18) Weak Processing 0.452ms
[416.989s][debug][gc,age         ] GC(18) Desired survivor size 240648192 bytes, new threshold 1 (max threshold 15)
[416.989s][info ][gc,heap        ] GC(18) PSYoungGen: 1614050K(1853440K)->2912K(1862144K) Eden: 1610752K(1610752K)->0K(1622528K) From: 3298K(242688K)->2912K(239616K)
[416.989s][info ][gc,heap        ] GC(18) ParOldGen: 244356K(244736K)->245259K(245760K)
[416.989s][info ][gc,metaspace   ] GC(18) Metaspace: 105526K(106816K)->105526K(106816K) NonClass: 89488K(90240K)->89488K(90240K) Class: 16038K(16576K)->16038K(16576K)
[416.989s][info ][gc             ] GC(18) Pause Young (Allocation Failure) 1814M->242M(2058M) 3.616ms
[416.989s][info ][gc,cpu         ] GC(18) User=0.02s Sys=0.00s Real=0.00s
[416.989s][info ][safepoint      ] Safepoint "ParallelGCFailedAllocation", Time since last: 1084881241 ns, Reaching safepoint: 5501 ns, Cleanup: 17201 ns, At safepoint: 3694724 ns, Total: 3717426 ns
[421.166s][info ][safepoint      ] Safepoint "Cleanup", Time since last: 4176440268 ns, Reaching safepoint: 7201 ns, Cleanup: 12401 ns, At safepoint: 2700 ns, Total: 22302 ns
[422.166s][info ][safepoint      ] Safepoint "Cleanup", Time since last: 1000125659 ns, Reaching safepoint: 6500 ns, Cleanup: 9701 ns, At safepoint: 2400 ns, Total: 18601 ns
[424.166s][info ][safepoint      ] Safepoint "Cleanup", Time since last: 2000199428 ns, Reaching safepoint: 8001 ns, Cleanup: 12601 ns, At safepoint: 2600 ns, Total: 23202 ns
[425.166s][info ][safepoint      ] Safepoint "Cleanup", Time since last: 1000121665 ns, Reaching safepoint: 5801 ns, Cleanup: 13201 ns, At safepoint: 2500 ns, Total: 21502 ns
[426.166s][info ][safepoint      ] Safepoint "Cleanup", Time since last: 1000123366 ns, Reaching safepoint: 7500 ns, Cleanup: 38302 ns, At safepoint: 2701 ns, Total: 48503 ns
[427.167s][info ][safepoint      ] Safepoint "Cleanup", Time since last: 1000114365 ns, Reaching safepoint: 6300 ns, Cleanup: 30802 ns, At safepoint: 2800 ns, Total: 39902 ns
[429.167s][info ][safepoint      ] Safepoint "Cleanup", Time since last: 2000202729 ns, Reaching safepoint: 6801 ns, Cleanup: 12500 ns, At safepoint: 2600 ns, Total: 21901 ns
[431.167s][info ][safepoint      ] Safepoint "Cleanup", Time since last: 2000183684 ns, Reaching safepoint: 7500 ns, Cleanup: 22201 ns, At safepoint: 2701 ns, Total: 32402 ns
[432.167s][info ][safepoint      ] Safepoint "Cleanup", Time since last: 1000121750 ns, Reaching safepoint: 7100 ns, Cleanup: 12701 ns, At safepoint: 3000 ns, Total: 22801 ns
[433.167s][info ][safepoint      ] Safepoint "Cleanup", Time since last: 1000131851 ns, Reaching safepoint: 8700 ns, Cleanup: 31002 ns, At safepoint: 3100 ns, Total: 42802 ns
[434.167s][info ][safepoint      ] Safepoint "Cleanup", Time since last: 1000124150 ns, Reaching safepoint: 7301 ns, Cleanup: 10900 ns, At safepoint: 2901 ns, Total: 21102 ns
[435.168s][info ][safepoint      ] Safepoint "Cleanup", Time since last: 1000124250 ns, Reaching safepoint: 6600 ns, Cleanup: 13001 ns, At safepoint: 2600 ns, Total: 22201 ns
[436.168s][info ][safepoint      ] Safepoint "Cleanup", Time since last: 1000124150 ns, Reaching safepoint: 7201 ns, Cleanup: 15001 ns, At safepoint: 2400 ns, Total: 24602 ns
[437.168s][info ][safepoint      ] Safepoint "Cleanup", Time since last: 1000126851 ns, Reaching safepoint: 7700 ns, Cleanup: 13401 ns, At safepoint: 3000 ns, Total: 24101 ns
[439.168s][info ][safepoint      ] Safepoint "Cleanup", Time since last: 2000226151 ns, Reaching safepoint: 7801 ns, Cleanup: 38502 ns, At safepoint: 2900 ns, Total: 49203 ns
[440.168s][info ][safepoint      ] Safepoint "Cleanup", Time since last: 1000138931 ns, Reaching safepoint: 7901 ns, Cleanup: 34102 ns, At safepoint: 3200 ns, Total: 45203 ns
[441.169s][info ][safepoint      ] Safepoint "Cleanup", Time since last: 1000124830 ns, Reaching safepoint: 7901 ns, Cleanup: 34202 ns, At safepoint: 3000 ns, Total: 45103 ns
[442.169s][info ][safepoint      ] Safepoint "Cleanup", Time since last: 1000135931 ns, Reaching safepoint: 7500 ns, Cleanup: 13901 ns, At safepoint: 2200 ns, Total: 23601 ns
[443.169s][info ][safepoint      ] Safepoint "Cleanup", Time since last: 1000131431 ns, Reaching safepoint: 7600 ns, Cleanup: 16801 ns, At safepoint: 2500 ns, Total: 26901 ns
[446.169s][info ][safepoint      ] Safepoint "Cleanup", Time since last: 3000288411 ns, Reaching safepoint: 7801 ns, Cleanup: 23801 ns, At safepoint: 2801 ns, Total: 34403 ns
[452.170s][info ][safepoint      ] Safepoint "Cleanup", Time since last: 6000509355 ns, Reaching safepoint: 7200 ns, Cleanup: 18401 ns, At safepoint: 2400 ns, Total: 28001 ns
[455.170s][info ][safepoint      ] Safepoint "Cleanup", Time since last: 3000296118 ns, Reaching safepoint: 7800 ns, Cleanup: 11801 ns, At safepoint: 2500 ns, Total: 22101 ns
[462.171s][info ][safepoint      ] Safepoint "Cleanup", Time since last: 7000657343 ns, Reaching safepoint: 7700 ns, Cleanup: 14501 ns, At safepoint: 2400 ns, Total: 24601 ns
[465.171s][info ][safepoint      ] Safepoint "Cleanup", Time since last: 3000266301 ns, Reaching safepoint: 6701 ns, Cleanup: 21901 ns, At safepoint: 2600 ns, Total: 31202 ns
[466.171s][info ][safepoint      ] Safepoint "Cleanup", Time since last: 1000113802 ns, Reaching safepoint: 7201 ns, Cleanup: 12800 ns, At safepoint: 2501 ns, Total: 22502 ns
[470.172s][info ][safepoint      ] Safepoint "Cleanup", Time since last: 4000356610 ns, Reaching safepoint: 7700 ns, Cleanup: 28702 ns, At safepoint: 2600 ns, Total: 39002 ns
[471.172s][info ][safepoint      ] Safepoint "Cleanup", Time since last: 1000118647 ns, Reaching safepoint: 7000 ns, Cleanup: 55804 ns, At safepoint: 2700 ns, Total: 65504 ns
[472.172s][info ][safepoint      ] Safepoint "Cleanup", Time since last: 1000124247 ns, Reaching safepoint: 7200 ns, Cleanup: 62404 ns, At safepoint: 2700 ns, Total: 72304 ns
[472.888s][info ][gc,start       ] GC(19) Pause Young (Allocation Failure)
[472.891s][debug][gc,phases      ] GC(19) Scavenge 2.756ms
[472.891s][debug][gc,ref         ] GC(19) ReferenceProcessor::execute queues: 1, RefProcThreadModel::Single, marks_oops_alive: false
[472.891s][debug][gc,ref         ] GC(19) Skipped KeepAliveFinalRefsPhase of Reference Processing: no references
[472.891s][debug][gc,ref         ] GC(19) ReferenceProcessor::execute queues: 1, RefProcThreadModel::Single, marks_oops_alive: false
[472.891s][debug][gc,phases      ] GC(19) Reference Processing 0.116ms
[472.892s][debug][gc,phases      ] GC(19)   VM Weak                        Min:  0.0, Avg:  0.0, Max:  0.0, Diff:  0.0, Sum:  0.0, Workers: 4
[472.892s][debug][gc,phases      ] GC(19)     Dead                           Min: 0, Avg:  0.0, Max: 0, Diff: 0, Sum: 0, Workers: 4
[472.892s][debug][gc,phases      ] GC(19)     Total                          Min: 64, Avg: 254.2, Max: 505, Diff: 441, Sum: 1017, Workers: 4
[472.892s][debug][gc,phases      ] GC(19)   ObjectSynchronizer Weak        Min:  0.0, Avg:  0.0, Max:  0.0, Diff:  0.0, Sum:  0.0, Workers: 4
[472.892s][debug][gc,phases      ] GC(19)     Dead                           Min: 0, Avg:  0.0, Max: 0, Diff: 0, Sum: 0, Workers: 4
[472.892s][debug][gc,phases      ] GC(19)     Total                          Min: 0, Avg:  1.0, Max: 4, Diff: 4, Sum: 4, Workers: 4
[472.892s][debug][gc,phases      ] GC(19)   JVMTI Tag Weak OopStorage      Min:  0.0, Avg:  0.0, Max:  0.0, Diff:  0.0, Sum:  0.0, Workers: 4
[472.892s][debug][gc,phases      ] GC(19)     Dead                           Min: 0, Avg:  0.0, Max: 0, Diff: 0, Sum: 0, Workers: 4
[472.892s][debug][gc,phases      ] GC(19)     Total                          Min: 0, Avg:  0.0, Max: 0, Diff: 0, Sum: 0, Workers: 4
[472.892s][debug][gc,phases      ] GC(19)   StringTable Weak               Min:  0.1, Avg:  0.1, Max:  0.1, Diff:  0.0, Sum:  0.4, Workers: 4
[472.892s][debug][gc,phases      ] GC(19)     Dead                           Min: 0, Avg:  0.0, Max: 0, Diff: 0, Sum: 0, Workers: 4
[472.892s][debug][gc,phases      ] GC(19)     Total                          Min: 10944, Avg: 11551.8, Max: 12480, Diff: 1536, Sum: 46207, Workers: 4
[472.892s][debug][gc,phases      ] GC(19)   ResolvedMethodTable Weak       Min:  0.0, Avg:  0.0, Max:  0.0, Diff:  0.0, Sum:  0.2, Workers: 4
[472.892s][debug][gc,phases      ] GC(19)     Dead                           Min: 0, Avg:  8.2, Max: 33, Diff: 33, Sum: 33, Workers: 4
[472.892s][debug][gc,phases      ] GC(19)     Total                          Min: 3650, Avg: 3806.2, Max: 3952, Diff: 302, Sum: 15225, Workers: 4
[472.892s][debug][gc,phases      ] GC(19)   JNI Weak                       Min:  0.0, Avg:  0.0, Max:  0.0, Diff:  0.0, Sum:  0.0, Workers: 4
[472.892s][debug][gc,phases      ] GC(19)     Dead                           Min: 0, Avg:  0.0, Max: 0, Diff: 0, Sum: 0, Workers: 4
[472.892s][debug][gc,phases      ] GC(19)     Total                          Min: 0, Avg: 13.0, Max: 52, Diff: 52, Sum: 52, Workers: 4
[472.892s][debug][gc,phases      ] GC(19)   StringDedup Table Weak         Min:  0.0, Avg:  0.0, Max:  0.0, Diff:  0.0, Sum:  0.0, Workers: 4
[472.892s][debug][gc,phases      ] GC(19)     Dead                           Min: 0, Avg:  0.0, Max: 0, Diff: 0, Sum: 0, Workers: 4
[472.892s][debug][gc,phases      ] GC(19)     Total                          Min: 0, Avg:  0.0, Max: 0, Diff: 0, Sum: 0, Workers: 4
[472.892s][debug][gc,phases      ] GC(19)   StringDedup Requests0 Weak     Min:  0.0, Avg:  0.0, Max:  0.0, Diff:  0.0, Sum:  0.0, Workers: 4
[472.892s][debug][gc,phases      ] GC(19)     Dead                           Min: 0, Avg:  0.0, Max: 0, Diff: 0, Sum: 0, Workers: 4
[472.892s][debug][gc,phases      ] GC(19)     Total                          Min: 0, Avg:  0.0, Max: 0, Diff: 0, Sum: 0, Workers: 4
[472.892s][debug][gc,phases      ] GC(19)   StringDedup Requests1 Weak     Min:  0.0, Avg:  0.0, Max:  0.0, Diff:  0.0, Sum:  0.0, Workers: 4
[472.892s][debug][gc,phases      ] GC(19)     Dead                           Min: 0, Avg:  0.0, Max: 0, Diff: 0, Sum: 0, Workers: 4
[472.892s][debug][gc,phases      ] GC(19)     Total                          Min: 0, Avg:  0.0, Max: 0, Diff: 0, Sum: 0, Workers: 4
[472.892s][debug][gc,phases      ] GC(19)   Weak JFR Old Object Samples    Min:  0.0, Avg:  0.0, Max:  0.0, Diff:  0.0, Sum:  0.0, Workers: 4
[472.892s][debug][gc,phases      ] GC(19)     Dead                           Min: 0, Avg:  0.0, Max: 0, Diff: 0, Sum: 0, Workers: 4
[472.892s][debug][gc,phases      ] GC(19)     Total                          Min: 0, Avg:  0.0, Max: 0, Diff: 0, Sum: 0, Workers: 4
[472.892s][debug][gc,phases      ] GC(19) Weak Processing 0.407ms
[472.892s][debug][gc,age         ] GC(19) Desired survivor size 234356736 bytes, new threshold 1 (max threshold 15)
[472.892s][info ][gc,heap        ] GC(19) PSYoungGen: 1625440K(1862144K)->2928K(1857536K) Eden: 1622528K(1622528K)->0K(1622528K) From: 2912K(239616K)->2928K(235008K)
[472.892s][info ][gc,heap        ] GC(19) ParOldGen: 245259K(245760K)->245987K(246272K)
[472.892s][info ][gc,metaspace   ] GC(19) Metaspace: 105574K(106880K)->105574K(106880K) NonClass: 89534K(90304K)->89534K(90304K) Class: 16039K(16576K)->16039K(16576K)
[472.892s][info ][gc             ] GC(19) Pause Young (Allocation Failure) 1826M->243M(2054M) 3.429ms
[472.892s][info ][gc,cpu         ] GC(19) User=0.01s Sys=0.00s Real=0.01s
[472.892s][info ][safepoint      ] Safepoint "ParallelGCFailedAllocation", Time since last: 716489688 ns, Reaching safepoint: 5600 ns, Cleanup: 4700 ns, At safepoint: 3504009 ns, Total: 3514309 ns
[473.892s][info ][safepoint      ] Safepoint "Cleanup", Time since last: 1000100545 ns, Reaching safepoint: 7001 ns, Cleanup: 11700 ns, At safepoint: 2501 ns, Total: 21202 ns
[474.892s][info ][safepoint      ] Safepoint "Cleanup", Time since last: 1000117446 ns, Reaching safepoint: 6500 ns, Cleanup: 14901 ns, At safepoint: 2700 ns, Total: 24101 ns
[476.892s][info ][safepoint      ] Safepoint "Cleanup", Time since last: 2000202692 ns, Reaching safepoint: 7000 ns, Cleanup: 14601 ns, At safepoint: 2200 ns, Total: 23801 ns
[481.184s][info ][safepoint      ] Safepoint "Cleanup", Time since last: 4291838476 ns, Reaching safepoint: 84305 ns, Cleanup: 24602 ns, At safepoint: 8000 ns, Total: 116907 ns
[482.185s][info ][safepoint      ] Safepoint "Cleanup", Time since last: 1000129292 ns, Reaching safepoint: 81205 ns, Cleanup: 17201 ns, At safepoint: 8700 ns, Total: 107106 ns
[483.185s][info ][safepoint      ] Safepoint "Cleanup", Time since last: 1000138892 ns, Reaching safepoint: 82805 ns, Cleanup: 53103 ns, At safepoint: 6701 ns, Total: 142609 ns
[484.185s][info ][safepoint      ] Safepoint "Cleanup", Time since last: 1000139592 ns, Reaching safepoint: 80004 ns, Cleanup: 48003 ns, At safepoint: 7101 ns, Total: 135108 ns
[486.186s][info ][safepoint      ] Safepoint "Cleanup", Time since last: 2000211861 ns, Reaching safepoint: 79805 ns, Cleanup: 14701 ns, At safepoint: 7201 ns, Total: 101707 ns
[488.186s][info ][safepoint      ] Safepoint "Cleanup", Time since last: 2000213998 ns, Reaching safepoint: 86605 ns, Cleanup: 13201 ns, At safepoint: 6900 ns, Total: 106706 ns
[491.186s][info ][safepoint      ] Safepoint "Cleanup", Time since last: 3000306346 ns, Reaching safepoint: 86206 ns, Cleanup: 10300 ns, At safepoint: 6701 ns, Total: 103207 ns
[492.186s][info ][safepoint      ] Safepoint "Cleanup", Time since last: 1000131050 ns, Reaching safepoint: 79305 ns, Cleanup: 11401 ns, At safepoint: 6700 ns, Total: 97406 ns
[496.187s][info ][safepoint      ] Safepoint "Cleanup", Time since last: 4000354055 ns, Reaching safepoint: 82405 ns, Cleanup: 8501 ns, At safepoint: 9600 ns, Total: 100506 ns
[497.187s][info ][safepoint      ] Safepoint "Cleanup", Time since last: 1000140926 ns, Reaching safepoint: 78605 ns, Cleanup: 10401 ns, At safepoint: 6500 ns, Total: 95506 ns
[498.187s][info ][safepoint      ] Safepoint "Cleanup", Time since last: 1000122025 ns, Reaching safepoint: 80505 ns, Cleanup: 7600 ns, At safepoint: 9401 ns, Total: 97506 ns
[499.188s][info ][safepoint      ] Safepoint "Cleanup", Time since last: 1000132626 ns, Reaching safepoint: 78404 ns, Cleanup: 17501 ns, At safepoint: 6901 ns, Total: 102806 ns
[500.188s][info ][safepoint      ] Safepoint "Cleanup", Time since last: 1000128025 ns, Reaching safepoint: 78505 ns, Cleanup: 12201 ns, At safepoint: 6800 ns, Total: 97506 ns
[502.188s][info ][safepoint      ] Safepoint "Cleanup", Time since last: 2000214473 ns, Reaching safepoint: 79605 ns, Cleanup: 9701 ns, At safepoint: 7100 ns, Total: 96406 ns
[503.188s][info ][safepoint      ] Safepoint "Cleanup", Time since last: 1000156558 ns, Reaching safepoint: 84105 ns, Cleanup: 10700 ns, At safepoint: 8001 ns, Total: 102806 ns
[505.189s][info ][safepoint      ] Safepoint "Cleanup", Time since last: 2000232910 ns, Reaching safepoint: 83305 ns, Cleanup: 10001 ns, At safepoint: 7700 ns, Total: 101006 ns
[507.189s][info ][safepoint      ] Safepoint "Cleanup", Time since last: 2000203608 ns, Reaching safepoint: 79205 ns, Cleanup: 14601 ns, At safepoint: 6800 ns, Total: 100606 ns
[508.189s][info ][safepoint      ] Safepoint "Cleanup", Time since last: 1000119056 ns, Reaching safepoint: 80004 ns, Cleanup: 12401 ns, At safepoint: 5601 ns, Total: 98006 ns
[509.190s][info ][safepoint      ] Safepoint "Cleanup", Time since last: 1000132256 ns, Reaching safepoint: 117107 ns, Cleanup: 11100 ns, At safepoint: 8401 ns, Total: 136608 ns
[511.190s][info ][safepoint      ] Safepoint "Cleanup", Time since last: 2000192348 ns, Reaching safepoint: 77304 ns, Cleanup: 12601 ns, At safepoint: 7900 ns, Total: 97805 ns
[512.190s][info ][safepoint      ] Safepoint "Cleanup", Time since last: 1000127919 ns, Reaching safepoint: 78205 ns, Cleanup: 9900 ns, At safepoint: 6401 ns, Total: 94506 ns
[514.190s][info ][safepoint      ] Safepoint "Cleanup", Time since last: 2000194734 ns, Reaching safepoint: 77904 ns, Cleanup: 7901 ns, At safepoint: 7900 ns, Total: 93705 ns
[515.191s][info ][safepoint      ] Safepoint "Cleanup", Time since last: 1000122919 ns, Reaching safepoint: 78604 ns, Cleanup: 10701 ns, At safepoint: 5800 ns, Total: 95105 ns
[517.191s][info ][safepoint      ] Safepoint "Cleanup", Time since last: 2000198734 ns, Reaching safepoint: 6901 ns, Cleanup: 15801 ns, At safepoint: 2400 ns, Total: 25102 ns
[519.191s][info ][safepoint      ] Safepoint "Cleanup", Time since last: 2000219637 ns, Reaching safepoint: 6701 ns, Cleanup: 12301 ns, At safepoint: 2800 ns, Total: 21802 ns
[520.191s][info ][safepoint      ] Safepoint "Cleanup", Time since last: 1000117142 ns, Reaching safepoint: 7000 ns, Cleanup: 9901 ns, At safepoint: 2300 ns, Total: 19201 ns
[523.191s][info ][safepoint      ] Safepoint "Cleanup", Time since last: 3000272720 ns, Reaching safepoint: 7201 ns, Cleanup: 8400 ns, At safepoint: 2600 ns, Total: 18201 ns
[524.192s][info ][safepoint      ] Safepoint "Cleanup", Time since last: 1000127543 ns, Reaching safepoint: 7600 ns, Cleanup: 14301 ns, At safepoint: 2400 ns, Total: 24301 ns
[526.192s][info ][safepoint      ] Safepoint "Cleanup", Time since last: 2000188179 ns, Reaching safepoint: 6701 ns, Cleanup: 9900 ns, At safepoint: 2600 ns, Total: 19201 ns
[527.192s][info ][safepoint      ] Safepoint "Cleanup", Time since last: 1000141291 ns, Reaching safepoint: 6900 ns, Cleanup: 9701 ns, At safepoint: 2200 ns, Total: 18801 ns
[527.389s][info ][gc,start       ] GC(20) Pause Young (Allocation Failure)
[527.392s][debug][gc,phases      ] GC(20) Scavenge 3.319ms
[527.392s][debug][gc,ref         ] GC(20) ReferenceProcessor::execute queues: 1, RefProcThreadModel::Single, marks_oops_alive: false
[527.392s][debug][gc,ref         ] GC(20) Skipped KeepAliveFinalRefsPhase of Reference Processing: no references
[527.392s][debug][gc,ref         ] GC(20) ReferenceProcessor::execute queues: 1, RefProcThreadModel::Single, marks_oops_alive: false
[527.392s][debug][gc,phases      ] GC(20) Reference Processing 0.122ms
[527.393s][debug][gc,phases      ] GC(20)   VM Weak                        Min:  0.0, Avg:  0.0, Max:  0.0, Diff:  0.0, Sum:  0.0, Workers: 4
[527.393s][debug][gc,phases      ] GC(20)     Dead                           Min: 0, Avg:  0.0, Max: 0, Diff: 0, Sum: 0, Workers: 4
[527.393s][debug][gc,phases      ] GC(20)     Total                          Min: 0, Avg: 254.2, Max: 960, Diff: 960, Sum: 1017, Workers: 4
[527.393s][debug][gc,phases      ] GC(20)   ObjectSynchronizer Weak        Min:  0.0, Avg:  0.0, Max:  0.0, Diff:  0.0, Sum:  0.0, Workers: 4
[527.393s][debug][gc,phases      ] GC(20)     Dead                           Min: 0, Avg:  0.0, Max: 0, Diff: 0, Sum: 0, Workers: 4
[527.393s][debug][gc,phases      ] GC(20)     Total                          Min: 0, Avg:  1.0, Max: 4, Diff: 4, Sum: 4, Workers: 4
[527.393s][debug][gc,phases      ] GC(20)   JVMTI Tag Weak OopStorage      Min:  0.0, Avg:  0.0, Max:  0.0, Diff:  0.0, Sum:  0.0, Workers: 4
[527.393s][debug][gc,phases      ] GC(20)     Dead                           Min: 0, Avg:  0.0, Max: 0, Diff: 0, Sum: 0, Workers: 4
[527.393s][debug][gc,phases      ] GC(20)     Total                          Min: 0, Avg:  0.0, Max: 0, Diff: 0, Sum: 0, Workers: 4
[527.393s][debug][gc,phases      ] GC(20)   StringTable Weak               Min:  0.0, Avg:  0.1, Max:  0.1, Diff:  0.1, Sum:  0.4, Workers: 4
[527.393s][debug][gc,phases      ] GC(20)     Dead                           Min: 0, Avg:  0.5, Max: 2, Diff: 2, Sum: 2, Workers: 4
[527.393s][debug][gc,phases      ] GC(20)     Total                          Min: 0, Avg: 11555.8, Max: 15935, Diff: 15935, Sum: 46223, Workers: 4
[527.393s][debug][gc,phases      ] GC(20)   ResolvedMethodTable Weak       Min:  0.0, Avg:  0.0, Max:  0.1, Diff:  0.1, Sum:  0.2, Workers: 4
[527.393s][debug][gc,phases      ] GC(20)     Dead                           Min: 0, Avg:  5.5, Max: 18, Diff: 18, Sum: 22, Workers: 4
[527.393s][debug][gc,phases      ] GC(20)     Total                          Min: 0, Avg: 3812.8, Max: 5242, Diff: 5242, Sum: 15251, Workers: 4
[527.393s][debug][gc,phases      ] GC(20)   JNI Weak                       Min:  0.0, Avg:  0.0, Max:  0.0, Diff:  0.0, Sum:  0.0, Workers: 4
[527.393s][debug][gc,phases      ] GC(20)     Dead                           Min: 0, Avg:  0.0, Max: 0, Diff: 0, Sum: 0, Workers: 4
[527.393s][debug][gc,phases      ] GC(20)     Total                          Min: 0, Avg: 13.0, Max: 52, Diff: 52, Sum: 52, Workers: 4
[527.393s][debug][gc,phases      ] GC(20)   StringDedup Table Weak         Min:  0.0, Avg:  0.0, Max:  0.0, Diff:  0.0, Sum:  0.0, Workers: 4
[527.393s][debug][gc,phases      ] GC(20)     Dead                           Min: 0, Avg:  0.0, Max: 0, Diff: 0, Sum: 0, Workers: 4
[527.393s][debug][gc,phases      ] GC(20)     Total                          Min: 0, Avg:  0.0, Max: 0, Diff: 0, Sum: 0, Workers: 4
[527.393s][debug][gc,phases      ] GC(20)   StringDedup Requests0 Weak     Min:  0.0, Avg:  0.0, Max:  0.0, Diff:  0.0, Sum:  0.0, Workers: 4
[527.393s][debug][gc,phases      ] GC(20)     Dead                           Min: 0, Avg:  0.0, Max: 0, Diff: 0, Sum: 0, Workers: 4
[527.393s][debug][gc,phases      ] GC(20)     Total                          Min: 0, Avg:  0.0, Max: 0, Diff: 0, Sum: 0, Workers: 4
[527.393s][debug][gc,phases      ] GC(20)   StringDedup Requests1 Weak     Min:  0.0, Avg:  0.0, Max:  0.0, Diff:  0.0, Sum:  0.0, Workers: 4
[527.393s][debug][gc,phases      ] GC(20)     Dead                           Min: 0, Avg:  0.0, Max: 0, Diff: 0, Sum: 0, Workers: 4
[527.393s][debug][gc,phases      ] GC(20)     Total                          Min: 0, Avg:  0.0, Max: 0, Diff: 0, Sum: 0, Workers: 4
[527.393s][debug][gc,phases      ] GC(20)   Weak JFR Old Object Samples    Min:  0.0, Avg:  0.0, Max:  0.0, Diff:  0.0, Sum:  0.0, Workers: 4
[527.393s][debug][gc,phases      ] GC(20)     Dead                           Min: 0, Avg:  0.0, Max: 0, Diff: 0, Sum: 0, Workers: 4
[527.393s][debug][gc,phases      ] GC(20)     Total                          Min: 0, Avg:  0.0, Max: 0, Diff: 0, Sum: 0, Workers: 4
[527.393s][debug][gc,phases      ] GC(20) Weak Processing 0.434ms
[527.393s][debug][gc,age         ] GC(20) Desired survivor size 226492416 bytes, new threshold 1 (max threshold 15)
[527.393s][info ][gc,heap        ] GC(20) PSYoungGen: 1625456K(1857536K)->3579K(1875968K) Eden: 1622528K(1622528K)->0K(1647104K) From: 2928K(235008K)->3579K(228864K)
[527.393s][info ][gc,heap        ] GC(20) ParOldGen: 245987K(246272K)->246695K(246784K)
[527.393s][info ][gc,metaspace   ] GC(20) Metaspace: 105650K(107008K)->105650K(107008K) NonClass: 89602K(90368K)->89602K(90368K) Class: 16048K(16640K)->16048K(16640K)
[527.393s][info ][gc             ] GC(20) Pause Young (Allocation Failure) 1827M->244M(2073M) 4.017ms
[527.393s][info ][gc,cpu         ] GC(20) User=0.01s Sys=0.00s Real=0.01s
[527.393s][info ][safepoint      ] Safepoint "ParallelGCFailedAllocation", Time since last: 196883708 ns, Reaching safepoint: 6400 ns, Cleanup: 4701 ns, At safepoint: 4092147 ns, Total: 4103248 ns
[528.393s][info ][safepoint      ] Safepoint "Cleanup", Time since last: 1000101888 ns, Reaching safepoint: 6601 ns, Cleanup: 11800 ns, At safepoint: 2500 ns, Total: 20901 ns
[533.394s][info ][safepoint      ] Safepoint "Cleanup", Time since last: 5000389034 ns, Reaching safepoint: 25402 ns, Cleanup: 10400 ns, At safepoint: 5300 ns, Total: 41102 ns
[540.203s][info ][safepoint      ] Safepoint "Cleanup", Time since last: 6809407639 ns, Reaching safepoint: 2900 ns, Cleanup: 7801 ns, At safepoint: 4300 ns, Total: 15001 ns
[546.203s][info ][safepoint      ] Safepoint "Cleanup", Time since last: 6000504471 ns, Reaching safepoint: 6300 ns, Cleanup: 9801 ns, At safepoint: 2800 ns, Total: 18901 ns
[550.204s][info ][safepoint      ] Safepoint "Cleanup", Time since last: 4000336955 ns, Reaching safepoint: 7600 ns, Cleanup: 11701 ns, At safepoint: 2500 ns, Total: 21801 ns
[552.204s][info ][safepoint      ] Safepoint "Cleanup", Time since last: 2000200607 ns, Reaching safepoint: 6501 ns, Cleanup: 11400 ns, At safepoint: 2701 ns, Total: 20602 ns
[560.205s][info ][safepoint      ] Safepoint "Cleanup", Time since last: 8000709070 ns, Reaching safepoint: 6201 ns, Cleanup: 11600 ns, At safepoint: 2801 ns, Total: 20602 ns
[566.205s][info ][safepoint      ] Safepoint "Cleanup", Time since last: 6000525282 ns, Reaching safepoint: 7300 ns, Cleanup: 12301 ns, At safepoint: 2900 ns, Total: 22501 ns
[572.206s][info ][safepoint      ] Safepoint "Cleanup", Time since last: 6000517305 ns, Reaching safepoint: 8001 ns, Cleanup: 14101 ns, At safepoint: 3000 ns, Total: 25102 ns
[582.209s][info ][safepoint      ] Safepoint "Cleanup", Time since last: 10002851204 ns, Reaching safepoint: 8100 ns, Cleanup: 13901 ns, At safepoint: 3400 ns, Total: 25401 ns
[584.987s][info ][gc,start       ] GC(21) Pause Young (Allocation Failure)
[584.990s][debug][gc,phases      ] GC(21) Scavenge 3.675ms
[584.990s][debug][gc,ref         ] GC(21) ReferenceProcessor::execute queues: 1, RefProcThreadModel::Single, marks_oops_alive: false
[584.990s][debug][gc,ref         ] GC(21) Skipped KeepAliveFinalRefsPhase of Reference Processing: no references
[584.990s][debug][gc,ref         ] GC(21) ReferenceProcessor::execute queues: 1, RefProcThreadModel::Single, marks_oops_alive: false
[584.990s][debug][gc,phases      ] GC(21) Reference Processing 0.127ms
[584.991s][debug][gc,phases      ] GC(21)   VM Weak                        Min:  0.0, Avg:  0.0, Max:  0.0, Diff:  0.0, Sum:  0.0, Workers: 4
[584.991s][debug][gc,phases      ] GC(21)     Dead                           Min: 0, Avg:  0.0, Max: 0, Diff: 0, Sum: 0, Workers: 4
[584.991s][debug][gc,phases      ] GC(21)     Total                          Min: 0, Avg: 254.2, Max: 960, Diff: 960, Sum: 1017, Workers: 4
[584.991s][debug][gc,phases      ] GC(21)   ObjectSynchronizer Weak        Min:  0.0, Avg:  0.0, Max:  0.0, Diff:  0.0, Sum:  0.0, Workers: 4
[584.991s][debug][gc,phases      ] GC(21)     Dead                           Min: 0, Avg:  0.0, Max: 0, Diff: 0, Sum: 0, Workers: 4
[584.991s][debug][gc,phases      ] GC(21)     Total                          Min: 0, Avg:  1.0, Max: 4, Diff: 4, Sum: 4, Workers: 4
[584.991s][debug][gc,phases      ] GC(21)   JVMTI Tag Weak OopStorage      Min:  0.0, Avg:  0.0, Max:  0.0, Diff:  0.0, Sum:  0.0, Workers: 4
[584.991s][debug][gc,phases      ] GC(21)     Dead                           Min: 0, Avg:  0.0, Max: 0, Diff: 0, Sum: 0, Workers: 4
[584.991s][debug][gc,phases      ] GC(21)     Total                          Min: 0, Avg:  0.0, Max: 0, Diff: 0, Sum: 0, Workers: 4
[584.991s][debug][gc,phases      ] GC(21)   StringTable Weak               Min:  0.0, Avg:  0.1, Max:  0.1, Diff:  0.1, Sum:  0.4, Workers: 4
[584.991s][debug][gc,phases      ] GC(21)     Dead                           Min: 0, Avg:  0.0, Max: 0, Diff: 0, Sum: 0, Workers: 4
[584.991s][debug][gc,phases      ] GC(21)     Total                          Min: 0, Avg: 11556.5, Max: 15998, Diff: 15998, Sum: 46226, Workers: 4
[584.991s][debug][gc,phases      ] GC(21)   ResolvedMethodTable Weak       Min:  0.0, Avg:  0.0, Max:  0.1, Diff:  0.1, Sum:  0.2, Workers: 4
[584.991s][debug][gc,phases      ] GC(21)     Dead                           Min: 0, Avg:  4.0, Max: 11, Diff: 11, Sum: 16, Workers: 4
[584.991s][debug][gc,phases      ] GC(21)     Total                          Min: 0, Avg: 3812.8, Max: 5864, Diff: 5864, Sum: 15251, Workers: 4
[584.991s][debug][gc,phases      ] GC(21)   JNI Weak                       Min:  0.0, Avg:  0.0, Max:  0.0, Diff:  0.0, Sum:  0.0, Workers: 4
[584.991s][debug][gc,phases      ] GC(21)     Dead                           Min: 0, Avg:  0.0, Max: 0, Diff: 0, Sum: 0, Workers: 4
[584.991s][debug][gc,phases      ] GC(21)     Total                          Min: 0, Avg: 13.0, Max: 52, Diff: 52, Sum: 52, Workers: 4
[584.991s][debug][gc,phases      ] GC(21)   StringDedup Table Weak         Min:  0.0, Avg:  0.0, Max:  0.0, Diff:  0.0, Sum:  0.0, Workers: 4
[584.991s][debug][gc,phases      ] GC(21)     Dead                           Min: 0, Avg:  0.0, Max: 0, Diff: 0, Sum: 0, Workers: 4
[584.991s][debug][gc,phases      ] GC(21)     Total                          Min: 0, Avg:  0.0, Max: 0, Diff: 0, Sum: 0, Workers: 4
[584.991s][debug][gc,phases      ] GC(21)   StringDedup Requests0 Weak     Min:  0.0, Avg:  0.0, Max:  0.0, Diff:  0.0, Sum:  0.0, Workers: 4
[584.991s][debug][gc,phases      ] GC(21)     Dead                           Min: 0, Avg:  0.0, Max: 0, Diff: 0, Sum: 0, Workers: 4
[584.991s][debug][gc,phases      ] GC(21)     Total                          Min: 0, Avg:  0.0, Max: 0, Diff: 0, Sum: 0, Workers: 4
[584.991s][debug][gc,phases      ] GC(21)   StringDedup Requests1 Weak     Min:  0.0, Avg:  0.0, Max:  0.0, Diff:  0.0, Sum:  0.0, Workers: 4
[584.991s][debug][gc,phases      ] GC(21)     Dead                           Min: 0, Avg:  0.0, Max: 0, Diff: 0, Sum: 0, Workers: 4
[584.991s][debug][gc,phases      ] GC(21)     Total                          Min: 0, Avg:  0.0, Max: 0, Diff: 0, Sum: 0, Workers: 4
[584.991s][debug][gc,phases      ] GC(21)   Weak JFR Old Object Samples    Min:  0.0, Avg:  0.0, Max:  0.0, Diff:  0.0, Sum:  0.0, Workers: 4
[584.991s][debug][gc,phases      ] GC(21)     Dead                           Min: 0, Avg:  0.0, Max: 0, Diff: 0, Sum: 0, Workers: 4
[584.991s][debug][gc,phases      ] GC(21)     Total                          Min: 0, Avg:  0.0, Max: 0, Diff: 0, Sum: 0, Workers: 4
[584.991s][debug][gc,phases      ] GC(21) Weak Processing 0.439ms
[584.991s][debug][gc,age         ] GC(21) Desired survivor size 218103808 bytes, new threshold 1 (max threshold 15)
[584.991s][info ][gc,heap        ] GC(21) PSYoungGen: 1650683K(1875968K)->4334K(1868288K) Eden: 1647104K(1647104K)->0K(1647104K) From: 3579K(228864K)->4334K(221184K)
[584.991s][info ][gc,heap        ] GC(21) ParOldGen: 246695K(246784K)->247815K(248320K)
[584.991s][info ][gc,metaspace   ] GC(21) Metaspace: 105667K(107008K)->105667K(107008K) NonClass: 89618K(90368K)->89618K(90368K) Class: 16048K(16640K)->16048K(16640K)
[584.991s][info ][gc             ] GC(21) Pause Young (Allocation Failure) 1852M->246M(2067M) 4.393ms
[584.991s][info ][gc,cpu         ] GC(21) User=0.02s Sys=0.00s Real=0.01s
[584.991s][info ][safepoint      ] Safepoint "ParallelGCFailedAllocation", Time since last: 2777729505 ns, Reaching safepoint: 6400 ns, Cleanup: 4300 ns, At safepoint: 4467170 ns, Total: 4477870 ns
[586.991s][info ][safepoint      ] Safepoint "Cleanup", Time since last: 2000193717 ns, Reaching safepoint: 7400 ns, Cleanup: 11701 ns, At safepoint: 3300 ns, Total: 22401 ns
[596.992s][info ][safepoint      ] Safepoint "Cleanup", Time since last: 10000756995 ns, Reaching safepoint: 6100 ns, Cleanup: 8901 ns, At safepoint: 2400 ns, Total: 17401 ns
[597.992s][info ][safepoint      ] Safepoint "Cleanup", Time since last: 1000126707 ns, Reaching safepoint: 7101 ns, Cleanup: 14901 ns, At safepoint: 2300 ns, Total: 24302 ns
[602.222s][info ][safepoint      ] Safepoint "Cleanup", Time since last: 4229725274 ns, Reaching safepoint: 7201 ns, Cleanup: 14701 ns, At safepoint: 2600 ns, Total: 24502 ns
[605.222s][info ][safepoint      ] Safepoint "Cleanup", Time since last: 3000274661 ns, Reaching safepoint: 7501 ns, Cleanup: 72204 ns, At safepoint: 2400 ns, Total: 82105 ns
[606.222s][info ][safepoint      ] Safepoint "Cleanup", Time since last: 1000123484 ns, Reaching safepoint: 8201 ns, Cleanup: 16401 ns, At safepoint: 2700 ns, Total: 27302 ns
[607.223s][info ][safepoint      ] Safepoint "Cleanup", Time since last: 1000122982 ns, Reaching safepoint: 7801 ns, Cleanup: 48203 ns, At safepoint: 2500 ns, Total: 58504 ns
[608.223s][info ][safepoint      ] Safepoint "Cleanup", Time since last: 1000123982 ns, Reaching safepoint: 7301 ns, Cleanup: 16401 ns, At safepoint: 2600 ns, Total: 26302 ns
[609.223s][info ][safepoint      ] Safepoint "Cleanup", Time since last: 1000132983 ns, Reaching safepoint: 9601 ns, Cleanup: 16101 ns, At safepoint: 3100 ns, Total: 28802 ns
[611.223s][info ][safepoint      ] Safepoint "Cleanup", Time since last: 2000209662 ns, Reaching safepoint: 7001 ns, Cleanup: 13601 ns, At safepoint: 2900 ns, Total: 23502 ns
[612.223s][info ][safepoint      ] Safepoint "Cleanup", Time since last: 1000119182 ns, Reaching safepoint: 7500 ns, Cleanup: 35403 ns, At safepoint: 2900 ns, Total: 45803 ns
[614.223s][info ][safepoint      ] Safepoint "Cleanup", Time since last: 2000194779 ns, Reaching safepoint: 8301 ns, Cleanup: 56303 ns, At safepoint: 2900 ns, Total: 67504 ns
[615.224s][info ][safepoint      ] Safepoint "Cleanup", Time since last: 1000130432 ns, Reaching safepoint: 8901 ns, Cleanup: 14301 ns, At safepoint: 2900 ns, Total: 26102 ns
[616.224s][info ][safepoint      ] Safepoint "Cleanup", Time since last: 1000107831 ns, Reaching safepoint: 8500 ns, Cleanup: 14201 ns, At safepoint: 2900 ns, Total: 25601 ns
[618.224s][info ][safepoint      ] Safepoint "Cleanup", Time since last: 2000207362 ns, Reaching safepoint: 9800 ns, Cleanup: 13201 ns, At safepoint: 3200 ns, Total: 26201 ns
[620.224s][info ][safepoint      ] Safepoint "Cleanup", Time since last: 2000211562 ns, Reaching safepoint: 9300 ns, Cleanup: 12201 ns, At safepoint: 2500 ns, Total: 24001 ns
[621.224s][info ][safepoint      ] Safepoint "Cleanup", Time since last: 1000130133 ns, Reaching safepoint: 7700 ns, Cleanup: 12001 ns, At safepoint: 2600 ns, Total: 22301 ns
[623.225s][info ][safepoint      ] Safepoint "Cleanup", Time since last: 2000253994 ns, Reaching safepoint: 8601 ns, Cleanup: 12300 ns, At safepoint: 2700 ns, Total: 23601 ns
[626.225s][info ][safepoint      ] Safepoint "Cleanup", Time since last: 3000297193 ns, Reaching safepoint: 8400 ns, Cleanup: 29402 ns, At safepoint: 2600 ns, Total: 40402 ns
[628.194s][info ][safepoint      ] Safepoint "Cleanup", Time since last: 1968821241 ns, Reaching safepoint: 6400 ns, Cleanup: 36003 ns, At safepoint: 2500 ns, Total: 44903 ns
[629.194s][info ][safepoint      ] Safepoint "Cleanup", Time since last: 1000119465 ns, Reaching safepoint: 7101 ns, Cleanup: 8000 ns, At safepoint: 2800 ns, Total: 17901 ns
[630.194s][info ][safepoint      ] Safepoint "Cleanup", Time since last: 1000113128 ns, Reaching safepoint: 6201 ns, Cleanup: 13700 ns, At safepoint: 2301 ns, Total: 22202 ns
[631.194s][info ][safepoint      ] Safepoint "Cleanup", Time since last: 1000114875 ns, Reaching safepoint: 6900 ns, Cleanup: 9701 ns, At safepoint: 2600 ns, Total: 19201 ns
[632.194s][info ][safepoint      ] Safepoint "Cleanup", Time since last: 1000117575 ns, Reaching safepoint: 6201 ns, Cleanup: 31802 ns, At safepoint: 2500 ns, Total: 40503 ns
[633.195s][info ][safepoint      ] Safepoint "Cleanup", Time since last: 1000112775 ns, Reaching safepoint: 7000 ns, Cleanup: 12701 ns, At safepoint: 2600 ns, Total: 22301 ns
[634.195s][info ][safepoint      ] Safepoint "Cleanup", Time since last: 1000128776 ns, Reaching safepoint: 83605 ns, Cleanup: 23101 ns, At safepoint: 8401 ns, Total: 115107 ns
[635.195s][info ][safepoint      ] Safepoint "Cleanup", Time since last: 1000127976 ns, Reaching safepoint: 7500 ns, Cleanup: 52104 ns, At safepoint: 2700 ns, Total: 62304 ns
[636.086s][info ][gc,start       ] GC(22) Pause Young (Allocation Failure)
[636.091s][debug][gc,phases      ] GC(22) Scavenge 5.061ms
[636.092s][debug][gc,ref         ] GC(22) ReferenceProcessor::execute queues: 1, RefProcThreadModel::Single, marks_oops_alive: false
[636.092s][debug][gc,ref         ] GC(22) Skipped KeepAliveFinalRefsPhase of Reference Processing: no references
[636.092s][debug][gc,ref         ] GC(22) ReferenceProcessor::execute queues: 1, RefProcThreadModel::Single, marks_oops_alive: false
[636.092s][debug][gc,phases      ] GC(22) Reference Processing 0.117ms
[636.092s][debug][gc,phases      ] GC(22)   VM Weak                        Min:  0.0, Avg:  0.0, Max:  0.0, Diff:  0.0, Sum:  0.0, Workers: 4
[636.092s][debug][gc,phases      ] GC(22)     Dead                           Min: 0, Avg:  0.0, Max: 0, Diff: 0, Sum: 0, Workers: 4
[636.092s][debug][gc,phases      ] GC(22)     Total                          Min: 0, Avg: 254.2, Max: 960, Diff: 960, Sum: 1017, Workers: 4
[636.092s][debug][gc,phases      ] GC(22)   ObjectSynchronizer Weak        Min:  0.0, Avg:  0.0, Max:  0.0, Diff:  0.0, Sum:  0.0, Workers: 4
[636.092s][debug][gc,phases      ] GC(22)     Dead                           Min: 0, Avg:  0.0, Max: 0, Diff: 0, Sum: 0, Workers: 4
[636.092s][debug][gc,phases      ] GC(22)     Total                          Min: 0, Avg:  1.0, Max: 4, Diff: 4, Sum: 4, Workers: 4
[636.092s][debug][gc,phases      ] GC(22)   JVMTI Tag Weak OopStorage      Min:  0.0, Avg:  0.0, Max:  0.0, Diff:  0.0, Sum:  0.0, Workers: 4
[636.092s][debug][gc,phases      ] GC(22)     Dead                           Min: 0, Avg:  0.0, Max: 0, Diff: 0, Sum: 0, Workers: 4
[636.092s][debug][gc,phases      ] GC(22)     Total                          Min: 0, Avg:  0.0, Max: 0, Diff: 0, Sum: 0, Workers: 4
[636.092s][debug][gc,phases      ] GC(22)   StringTable Weak               Min:  0.0, Avg:  0.1, Max:  0.1, Diff:  0.1, Sum:  0.4, Workers: 4
[636.092s][debug][gc,phases      ] GC(22)     Dead                           Min: 0, Avg:  0.8, Max: 3, Diff: 3, Sum: 3, Workers: 4
[636.092s][debug][gc,phases      ] GC(22)     Total                          Min: 0, Avg: 11565.2, Max: 16255, Diff: 16255, Sum: 46261, Workers: 4
[636.092s][debug][gc,phases      ] GC(22)   ResolvedMethodTable Weak       Min:  0.0, Avg:  0.0, Max:  0.1, Diff:  0.0, Sum:  0.1, Workers: 4
[636.092s][debug][gc,phases      ] GC(22)     Dead                           Min: 0, Avg:  6.2, Max: 14, Diff: 14, Sum: 25, Workers: 4
[636.092s][debug][gc,phases      ] GC(22)     Total                          Min: 0, Avg: 3817.2, Max: 5433, Diff: 5433, Sum: 15269, Workers: 4
[636.092s][debug][gc,phases      ] GC(22)   JNI Weak                       Min:  0.0, Avg:  0.0, Max:  0.0, Diff:  0.0, Sum:  0.0, Workers: 4
[636.092s][debug][gc,phases      ] GC(22)     Dead                           Min: 0, Avg:  0.0, Max: 0, Diff: 0, Sum: 0, Workers: 4
[636.092s][debug][gc,phases      ] GC(22)     Total                          Min: 0, Avg: 13.0, Max: 52, Diff: 52, Sum: 52, Workers: 4
[636.092s][debug][gc,phases      ] GC(22)   StringDedup Table Weak         Min:  0.0, Avg:  0.0, Max:  0.0, Diff:  0.0, Sum:  0.0, Workers: 4
[636.092s][debug][gc,phases      ] GC(22)     Dead                           Min: 0, Avg:  0.0, Max: 0, Diff: 0, Sum: 0, Workers: 4
[636.092s][debug][gc,phases      ] GC(22)     Total                          Min: 0, Avg:  0.0, Max: 0, Diff: 0, Sum: 0, Workers: 4
[636.092s][debug][gc,phases      ] GC(22)   StringDedup Requests0 Weak     Min:  0.0, Avg:  0.0, Max:  0.0, Diff:  0.0, Sum:  0.0, Workers: 4
[636.092s][debug][gc,phases      ] GC(22)     Dead                           Min: 0, Avg:  0.0, Max: 0, Diff: 0, Sum: 0, Workers: 4
[636.092s][debug][gc,phases      ] GC(22)     Total                          Min: 0, Avg:  0.0, Max: 0, Diff: 0, Sum: 0, Workers: 4
[636.092s][debug][gc,phases      ] GC(22)   StringDedup Requests1 Weak     Min:  0.0, Avg:  0.0, Max:  0.0, Diff:  0.0, Sum:  0.0, Workers: 4
[636.092s][debug][gc,phases      ] GC(22)     Dead                           Min: 0, Avg:  0.0, Max: 0, Diff: 0, Sum: 0, Workers: 4
[636.092s][debug][gc,phases      ] GC(22)     Total                          Min: 0, Avg:  0.0, Max: 0, Diff: 0, Sum: 0, Workers: 4
[636.092s][debug][gc,phases      ] GC(22)   Weak JFR Old Object Samples    Min:  0.0, Avg:  0.0, Max:  0.0, Diff:  0.0, Sum:  0.0, Workers: 4
[636.092s][debug][gc,phases      ] GC(22)     Dead                           Min: 0, Avg:  0.0, Max: 0, Diff: 0, Sum: 0, Workers: 4
[636.092s][debug][gc,phases      ] GC(22)     Total                          Min: 0, Avg:  0.0, Max: 0, Diff: 0, Sum: 0, Workers: 4
[636.092s][debug][gc,phases      ] GC(22) Weak Processing 0.432ms
[636.092s][debug][gc,age         ] GC(22) Desired survivor size 208666624 bytes, new threshold 1 (max threshold 15)
[636.092s][info ][gc,heap        ] GC(22) PSYoungGen: 1651438K(1868288K)->4696K(1893376K) Eden: 1647104K(1647104K)->0K(1680384K) From: 4334K(221184K)->4696K(212992K)
[636.092s][info ][gc,heap        ] GC(22) ParOldGen: 247815K(248320K)->248645K(248832K)
[636.092s][info ][gc,metaspace   ] GC(22) Metaspace: 105761K(107136K)->105761K(107136K) NonClass: 89705K(90496K)->89705K(90496K) Class: 16055K(16640K)->16055K(16640K)
[636.092s][info ][gc             ] GC(22) Pause Young (Allocation Failure) 1854M->247M(2092M) 5.761ms
[636.092s][info ][gc,cpu         ] GC(22) User=0.02s Sys=0.00s Real=0.01s
[636.092s][info ][safepoint      ] Safepoint "ParallelGCFailedAllocation", Time since last: 891220710 ns, Reaching safepoint: 79205 ns, Cleanup: 18701 ns, At safepoint: 5846747 ns, Total: 5944653 ns
[637.092s][info ][safepoint      ] Safepoint "Cleanup", Time since last: 1000101374 ns, Reaching safepoint: 77405 ns, Cleanup: 8800 ns, At safepoint: 6601 ns, Total: 92806 ns
[638.093s][info ][safepoint      ] Safepoint "Cleanup", Time since last: 1000122880 ns, Reaching safepoint: 87106 ns, Cleanup: 15500 ns, At safepoint: 7001 ns, Total: 109607 ns
[639.093s][info ][safepoint      ] Safepoint "Cleanup", Time since last: 1000119563 ns, Reaching safepoint: 77405 ns, Cleanup: 17601 ns, At safepoint: 6700 ns, Total: 101706 ns
[640.093s][info ][safepoint      ] Safepoint "Cleanup", Time since last: 1000131264 ns, Reaching safepoint: 80405 ns, Cleanup: 19601 ns, At safepoint: 7000 ns, Total: 107006 ns
[641.093s][info ][safepoint      ] Safepoint "Cleanup", Time since last: 1000119763 ns, Reaching safepoint: 77205 ns, Cleanup: 9901 ns, At safepoint: 6000 ns, Total: 93106 ns
[642.094s][info ][safepoint      ] Safepoint "Cleanup", Time since last: 1000130564 ns, Reaching safepoint: 78104 ns, Cleanup: 10201 ns, At safepoint: 6100 ns, Total: 94405 ns
[643.094s][info ][safepoint      ] Safepoint "Cleanup", Time since last: 1000118063 ns, Reaching safepoint: 78905 ns, Cleanup: 8001 ns, At safepoint: 5800 ns, Total: 92706 ns
[644.094s][info ][safepoint      ] Safepoint "Cleanup", Time since last: 1000103662 ns, Reaching safepoint: 79205 ns, Cleanup: 11201 ns, At safepoint: 6500 ns, Total: 96906 ns
[645.094s][info ][safepoint      ] Safepoint "Cleanup", Time since last: 1000114163 ns, Reaching safepoint: 7400 ns, Cleanup: 13501 ns, At safepoint: 2900 ns, Total: 23801 ns
[646.094s][info ][safepoint      ] Safepoint "Cleanup", Time since last: 1000125962 ns, Reaching safepoint: 6201 ns, Cleanup: 12800 ns, At safepoint: 2600 ns, Total: 21601 ns
[647.094s][info ][safepoint      ] Safepoint "Cleanup", Time since last: 1000149263 ns, Reaching safepoint: 7800 ns, Cleanup: 15101 ns, At safepoint: 2700 ns, Total: 25601 ns
[648.095s][info ][safepoint      ] Safepoint "Cleanup", Time since last: 1000124461 ns, Reaching safepoint: 182111 ns, Cleanup: 9201 ns, At safepoint: 12700 ns, Total: 204012 ns
[649.095s][info ][safepoint      ] Safepoint "Cleanup", Time since last: 1000108460 ns, Reaching safepoint: 6901 ns, Cleanup: 16401 ns, At safepoint: 2600 ns, Total: 25902 ns
[650.095s][info ][safepoint      ] Safepoint "Cleanup", Time since last: 1000118960 ns, Reaching safepoint: 6701 ns, Cleanup: 10500 ns, At safepoint: 2801 ns, Total: 20002 ns
[653.095s][info ][safepoint      ] Safepoint "Cleanup", Time since last: 3000270876 ns, Reaching safepoint: 6700 ns, Cleanup: 13201 ns, At safepoint: 2400 ns, Total: 22301 ns
[655.095s][info ][safepoint      ] Safepoint "Cleanup", Time since last: 2000191728 ns, Reaching safepoint: 8200 ns, Cleanup: 25802 ns, At safepoint: 2900 ns, Total: 36902 ns
[656.096s][info ][safepoint      ] Safepoint "Cleanup", Time since last: 1000120173 ns, Reaching safepoint: 7301 ns, Cleanup: 14401 ns, At safepoint: 2400 ns, Total: 24102 ns
[662.241s][info ][safepoint      ] Safepoint "Cleanup", Time since last: 6145119968 ns, Reaching safepoint: 84305 ns, Cleanup: 11501 ns, At safepoint: 8000 ns, Total: 103806 ns
[665.241s][info ][safepoint      ] Safepoint "Cleanup", Time since last: 3000332058 ns, Reaching safepoint: 7300 ns, Cleanup: 9601 ns, At safepoint: 2700 ns, Total: 19601 ns
[672.242s][info ][safepoint      ] Safepoint "Cleanup", Time since last: 7000536887 ns, Reaching safepoint: 7101 ns, Cleanup: 10300 ns, At safepoint: 2500 ns, Total: 19901 ns
[674.242s][info ][safepoint      ] Safepoint "Cleanup", Time since last: 2000205485 ns, Reaching safepoint: 6401 ns, Cleanup: 11801 ns, At safepoint: 2200 ns, Total: 20402 ns
[680.243s][info ][safepoint      ] Safepoint "Cleanup", Time since last: 6000500116 ns, Reaching safepoint: 6401 ns, Cleanup: 30102 ns, At safepoint: 2900 ns, Total: 39403 ns
[681.243s][info ][safepoint      ] Safepoint "Cleanup", Time since last: 1000125993 ns, Reaching safepoint: 6701 ns, Cleanup: 14101 ns, At safepoint: 2200 ns, Total: 23002 ns
[682.286s][info ][gc,start       ] GC(23) Pause Young (Allocation Failure)
[682.290s][debug][gc,phases      ] GC(23) Scavenge 4.181ms
[682.291s][debug][gc,ref         ] GC(23) ReferenceProcessor::execute queues: 1, RefProcThreadModel::Single, marks_oops_alive: false
[682.291s][debug][gc,ref         ] GC(23) Skipped KeepAliveFinalRefsPhase of Reference Processing: no references
[682.291s][debug][gc,ref         ] GC(23) ReferenceProcessor::execute queues: 1, RefProcThreadModel::Single, marks_oops_alive: false
[682.291s][debug][gc,phases      ] GC(23) Reference Processing 0.118ms
[682.291s][debug][gc,phases      ] GC(23)   VM Weak                        Min:  0.0, Avg:  0.0, Max:  0.0, Diff:  0.0, Sum:  0.0, Workers: 4
[682.291s][debug][gc,phases      ] GC(23)     Dead                           Min: 0, Avg:  0.0, Max: 0, Diff: 0, Sum: 0, Workers: 4
[682.291s][debug][gc,phases      ] GC(23)     Total                          Min: 0, Avg: 254.2, Max: 825, Diff: 825, Sum: 1017, Workers: 4
[682.291s][debug][gc,phases      ] GC(23)   ObjectSynchronizer Weak        Min:  0.0, Avg:  0.0, Max:  0.0, Diff:  0.0, Sum:  0.0, Workers: 4
[682.291s][debug][gc,phases      ] GC(23)     Dead                           Min: 0, Avg:  0.0, Max: 0, Diff: 0, Sum: 0, Workers: 4
[682.291s][debug][gc,phases      ] GC(23)     Total                          Min: 0, Avg:  1.0, Max: 4, Diff: 4, Sum: 4, Workers: 4
[682.291s][debug][gc,phases      ] GC(23)   JVMTI Tag Weak OopStorage      Min:  0.0, Avg:  0.0, Max:  0.0, Diff:  0.0, Sum:  0.0, Workers: 4
[682.291s][debug][gc,phases      ] GC(23)     Dead                           Min: 0, Avg:  0.0, Max: 0, Diff: 0, Sum: 0, Workers: 4
[682.291s][debug][gc,phases      ] GC(23)     Total                          Min: 0, Avg:  0.0, Max: 0, Diff: 0, Sum: 0, Workers: 4
[682.291s][debug][gc,phases      ] GC(23)   StringTable Weak               Min:  0.0, Avg:  0.1, Max:  0.1, Diff:  0.1, Sum:  0.4, Workers: 4
[682.291s][debug][gc,phases      ] GC(23)     Dead                           Min: 0, Avg:  0.2, Max: 1, Diff: 1, Sum: 1, Workers: 4
[682.291s][debug][gc,phases      ] GC(23)     Total                          Min: 0, Avg: 11567.5, Max: 16703, Diff: 16703, Sum: 46270, Workers: 4
[682.291s][debug][gc,phases      ] GC(23)   ResolvedMethodTable Weak       Min:  0.0, Avg:  0.0, Max:  0.1, Diff:  0.1, Sum:  0.1, Workers: 4
[682.291s][debug][gc,phases      ] GC(23)     Dead                           Min: 0, Avg:  4.2, Max: 11, Diff: 11, Sum: 17, Workers: 4
[682.291s][debug][gc,phases      ] GC(23)     Total                          Min: 0, Avg: 3818.8, Max: 5593, Diff: 5593, Sum: 15275, Workers: 4
[682.291s][debug][gc,phases      ] GC(23)   JNI Weak                       Min:  0.0, Avg:  0.0, Max:  0.0, Diff:  0.0, Sum:  0.0, Workers: 4
[682.291s][debug][gc,phases      ] GC(23)     Dead                           Min: 0, Avg:  0.0, Max: 0, Diff: 0, Sum: 0, Workers: 4
[682.291s][debug][gc,phases      ] GC(23)     Total                          Min: 0, Avg: 13.0, Max: 52, Diff: 52, Sum: 52, Workers: 4
[682.291s][debug][gc,phases      ] GC(23)   StringDedup Table Weak         Min:  0.0, Avg:  0.0, Max:  0.0, Diff:  0.0, Sum:  0.0, Workers: 4
[682.291s][debug][gc,phases      ] GC(23)     Dead                           Min: 0, Avg:  0.0, Max: 0, Diff: 0, Sum: 0, Workers: 4
[682.291s][debug][gc,phases      ] GC(23)     Total                          Min: 0, Avg:  0.0, Max: 0, Diff: 0, Sum: 0, Workers: 4
[682.291s][debug][gc,phases      ] GC(23)   StringDedup Requests0 Weak     Min:  0.0, Avg:  0.0, Max:  0.0, Diff:  0.0, Sum:  0.0, Workers: 4
[682.291s][debug][gc,phases      ] GC(23)     Dead                           Min: 0, Avg:  0.0, Max: 0, Diff: 0, Sum: 0, Workers: 4
[682.291s][debug][gc,phases      ] GC(23)     Total                          Min: 0, Avg:  0.0, Max: 0, Diff: 0, Sum: 0, Workers: 4
[682.291s][debug][gc,phases      ] GC(23)   StringDedup Requests1 Weak     Min:  0.0, Avg:  0.0, Max:  0.0, Diff:  0.0, Sum:  0.0, Workers: 4
[682.291s][debug][gc,phases      ] GC(23)     Dead                           Min: 0, Avg:  0.0, Max: 0, Diff: 0, Sum: 0, Workers: 4
[682.291s][debug][gc,phases      ] GC(23)     Total                          Min: 0, Avg:  0.0, Max: 0, Diff: 0, Sum: 0, Workers: 4
[682.291s][debug][gc,phases      ] GC(23)   Weak JFR Old Object Samples    Min:  0.0, Avg:  0.0, Max:  0.0, Diff:  0.0, Sum:  0.0, Workers: 4
[682.291s][debug][gc,phases      ] GC(23)     Dead                           Min: 0, Avg:  0.0, Max: 0, Diff: 0, Sum: 0, Workers: 4
[682.291s][debug][gc,phases      ] GC(23)     Total                          Min: 0, Avg:  0.0, Max: 0, Diff: 0, Sum: 0, Workers: 4
[682.291s][debug][gc,phases      ] GC(23) Weak Processing 0.431ms
[682.291s][debug][gc,age         ] GC(23) Desired survivor size 199753728 bytes, new threshold 1 (max threshold 15)
[682.291s][info ][gc,heap        ] GC(23) PSYoungGen: 1685080K(1893376K)->4240K(1884160K) Eden: 1680384K(1680384K)->0K(1680384K) From: 4696K(212992K)->4240K(203776K)
[682.291s][info ][gc,heap        ] GC(23) ParOldGen: 248645K(248832K)->249413K(249856K)
[682.291s][info ][gc,metaspace   ] GC(23) Metaspace: 105788K(107136K)->105788K(107136K) NonClass: 89730K(90496K)->89730K(90496K) Class: 16057K(16640K)->16057K(16640K)
[682.291s][info ][gc             ] GC(23) Pause Young (Allocation Failure) 1888M->247M(2084M) 4.889ms
[682.291s][info ][gc,cpu         ] GC(23) User=0.02s Sys=0.00s Real=0.01s
[682.291s][info ][safepoint      ] Safepoint "ParallelGCFailedAllocation", Time since last: 1043438100 ns, Reaching safepoint: 81205 ns, Cleanup: 4000 ns, At safepoint: 4970299 ns, Total: 5055504 ns
[683.291s][info ][safepoint      ] Safepoint "Cleanup", Time since last: 1000090192 ns, Reaching safepoint: 5700 ns, Cleanup: 13601 ns, At safepoint: 2000 ns, Total: 21301 ns
[685.292s][info ][safepoint      ] Safepoint "Cleanup", Time since last: 2000198284 ns, Reaching safepoint: 6400 ns, Cleanup: 10501 ns, At safepoint: 2500 ns, Total: 19401 ns
[687.292s][info ][safepoint      ] Safepoint "Cleanup", Time since last: 2000186156 ns, Reaching safepoint: 5900 ns, Cleanup: 19802 ns, At safepoint: 29601 ns, Total: 55303 ns
[689.292s][info ][safepoint      ] Safepoint "Cleanup", Time since last: 2000187252 ns, Reaching safepoint: 6401 ns, Cleanup: 19001 ns, At safepoint: 3100 ns, Total: 28502 ns
[691.292s][info ][safepoint      ] Safepoint "Cleanup", Time since last: 2000188252 ns, Reaching safepoint: 5900 ns, Cleanup: 14401 ns, At safepoint: 2700 ns, Total: 23001 ns
[692.292s][info ][safepoint      ] Safepoint "Cleanup", Time since last: 1000107577 ns, Reaching safepoint: 5900 ns, Cleanup: 21701 ns, At safepoint: 2601 ns, Total: 30202 ns
[694.293s][info ][safepoint      ] Safepoint "Cleanup", Time since last: 2000195276 ns, Reaching safepoint: 6301 ns, Cleanup: 19201 ns, At safepoint: 2900 ns, Total: 28402 ns
[695.293s][info ][safepoint      ] Safepoint "Cleanup", Time since last: 1000120602 ns, Reaching safepoint: 7000 ns, Cleanup: 12201 ns, At safepoint: 2800 ns, Total: 22001 ns
[705.293s][info ][safepoint      ] Safepoint "Cleanup", Time since last: 10000780667 ns, Reaching safepoint: 7200 ns, Cleanup: 12501 ns, At safepoint: 2900 ns, Total: 22601 ns
[706.294s][info ][safepoint      ] Safepoint "Cleanup", Time since last: 1000122818 ns, Reaching safepoint: 6300 ns, Cleanup: 10901 ns, At safepoint: 3300 ns, Total: 20501 ns
[707.294s][info ][safepoint      ] Safepoint "Cleanup", Time since last: 1000129319 ns, Reaching safepoint: 5900 ns, Cleanup: 10700 ns, At safepoint: 2801 ns, Total: 19401 ns
[715.294s][info ][safepoint      ] Safepoint "Cleanup", Time since last: 8000621374 ns, Reaching safepoint: 5400 ns, Cleanup: 9301 ns, At safepoint: 2500 ns, Total: 17201 ns
[716.295s][info ][safepoint      ] Safepoint "Cleanup", Time since last: 1000105345 ns, Reaching safepoint: 6601 ns, Cleanup: 9700 ns, At safepoint: 2601 ns, Total: 18902 ns
[719.295s][info ][safepoint      ] Safepoint "Cleanup", Time since last: 3000262440 ns, Reaching safepoint: 6501 ns, Cleanup: 11200 ns, At safepoint: 2901 ns, Total: 20602 ns
[721.259s][info ][safepoint      ] Safepoint "Cleanup", Time since last: 1963816686 ns, Reaching safepoint: 6700 ns, Cleanup: 20701 ns, At safepoint: 3600 ns, Total: 31001 ns
[727.259s][info ][safepoint      ] Safepoint "Cleanup", Time since last: 6000491336 ns, Reaching safepoint: 8101 ns, Cleanup: 14501 ns, At safepoint: 2700 ns, Total: 25302 ns
[728.259s][info ][safepoint      ] Safepoint "Cleanup", Time since last: 1000125204 ns, Reaching safepoint: 6800 ns, Cleanup: 11901 ns, At safepoint: 2800 ns, Total: 21501 ns
[733.260s][info ][safepoint      ] Safepoint "Cleanup", Time since last: 5000446108 ns, Reaching safepoint: 8401 ns, Cleanup: 13501 ns, At safepoint: 2600 ns, Total: 24502 ns
[735.260s][info ][safepoint      ] Safepoint "Cleanup", Time since last: 2000203957 ns, Reaching safepoint: 7501 ns, Cleanup: 12300 ns, At safepoint: 2500 ns, Total: 22301 ns
[737.985s][info ][gc,start       ] GC(24) Pause Young (Allocation Failure)
[737.990s][debug][gc,phases      ] GC(24) Scavenge 4.385ms
[737.990s][debug][gc,ref         ] GC(24) ReferenceProcessor::execute queues: 1, RefProcThreadModel::Single, marks_oops_alive: false
[737.990s][debug][gc,ref         ] GC(24) Skipped KeepAliveFinalRefsPhase of Reference Processing: no references
[737.990s][debug][gc,ref         ] GC(24) ReferenceProcessor::execute queues: 1, RefProcThreadModel::Single, marks_oops_alive: false
[737.990s][debug][gc,phases      ] GC(24) Reference Processing 0.102ms
[737.990s][debug][gc,phases      ] GC(24)   VM Weak                        Min:  0.0, Avg:  0.0, Max:  0.0, Diff:  0.0, Sum:  0.0, Workers: 4
[737.990s][debug][gc,phases      ] GC(24)     Dead                           Min: 0, Avg:  0.0, Max: 0, Diff: 0, Sum: 0, Workers: 4
[737.990s][debug][gc,phases      ] GC(24)     Total                          Min: 0, Avg: 254.5, Max: 832, Diff: 832, Sum: 1018, Workers: 4
[737.990s][debug][gc,phases      ] GC(24)   ObjectSynchronizer Weak        Min:  0.0, Avg:  0.0, Max:  0.0, Diff:  0.0, Sum:  0.0, Workers: 4
[737.990s][debug][gc,phases      ] GC(24)     Dead                           Min: 0, Avg:  0.0, Max: 0, Diff: 0, Sum: 0, Workers: 4
[737.990s][debug][gc,phases      ] GC(24)     Total                          Min: 0, Avg:  1.0, Max: 4, Diff: 4, Sum: 4, Workers: 4
[737.990s][debug][gc,phases      ] GC(24)   JVMTI Tag Weak OopStorage      Min:  0.0, Avg:  0.0, Max:  0.0, Diff:  0.0, Sum:  0.0, Workers: 4
[737.990s][debug][gc,phases      ] GC(24)     Dead                           Min: 0, Avg:  0.0, Max: 0, Diff: 0, Sum: 0, Workers: 4
[737.990s][debug][gc,phases      ] GC(24)     Total                          Min: 0, Avg:  0.0, Max: 0, Diff: 0, Sum: 0, Workers: 4
[737.990s][debug][gc,phases      ] GC(24)   StringTable Weak               Min:  0.0, Avg:  0.1, Max:  0.2, Diff:  0.2, Sum:  0.5, Workers: 4
[737.990s][debug][gc,phases      ] GC(24)     Dead                           Min: 0, Avg:  0.2, Max: 1, Diff: 1, Sum: 1, Workers: 4
[737.990s][debug][gc,phases      ] GC(24)     Total                          Min: 0, Avg: 11568.8, Max: 15936, Diff: 15936, Sum: 46275, Workers: 4
[737.990s][debug][gc,phases      ] GC(24)   ResolvedMethodTable Weak       Min:  0.0, Avg:  0.0, Max:  0.1, Diff:  0.1, Sum:  0.2, Workers: 4
[737.990s][debug][gc,phases      ] GC(24)     Dead                           Min: 0, Avg:  4.0, Max: 16, Diff: 16, Sum: 16, Workers: 4
[737.990s][debug][gc,phases      ] GC(24)     Total                          Min: 0, Avg: 3819.8, Max: 5640, Diff: 5640, Sum: 15279, Workers: 4
[737.990s][debug][gc,phases      ] GC(24)   JNI Weak                       Min:  0.0, Avg:  0.0, Max:  0.0, Diff:  0.0, Sum:  0.0, Workers: 4
[737.990s][debug][gc,phases      ] GC(24)     Dead                           Min: 0, Avg:  0.0, Max: 0, Diff: 0, Sum: 0, Workers: 4
[737.990s][debug][gc,phases      ] GC(24)     Total                          Min: 0, Avg: 13.0, Max: 52, Diff: 52, Sum: 52, Workers: 4
[737.990s][debug][gc,phases      ] GC(24)   StringDedup Table Weak         Min:  0.0, Avg:  0.0, Max:  0.0, Diff:  0.0, Sum:  0.0, Workers: 4
[737.990s][debug][gc,phases      ] GC(24)     Dead                           Min: 0, Avg:  0.0, Max: 0, Diff: 0, Sum: 0, Workers: 4
[737.990s][debug][gc,phases      ] GC(24)     Total                          Min: 0, Avg:  0.0, Max: 0, Diff: 0, Sum: 0, Workers: 4
[737.990s][debug][gc,phases      ] GC(24)   StringDedup Requests0 Weak     Min:  0.0, Avg:  0.0, Max:  0.0, Diff:  0.0, Sum:  0.0, Workers: 4
[737.990s][debug][gc,phases      ] GC(24)     Dead                           Min: 0, Avg:  0.0, Max: 0, Diff: 0, Sum: 0, Workers: 4
[737.990s][debug][gc,phases      ] GC(24)     Total                          Min: 0, Avg:  0.0, Max: 0, Diff: 0, Sum: 0, Workers: 4
[737.990s][debug][gc,phases      ] GC(24)   StringDedup Requests1 Weak     Min:  0.0, Avg:  0.0, Max:  0.0, Diff:  0.0, Sum:  0.0, Workers: 4
[737.990s][debug][gc,phases      ] GC(24)     Dead                           Min: 0, Avg:  0.0, Max: 0, Diff: 0, Sum: 0, Workers: 4
[737.990s][debug][gc,phases      ] GC(24)     Total                          Min: 0, Avg:  0.0, Max: 0, Diff: 0, Sum: 0, Workers: 4
[737.990s][debug][gc,phases      ] GC(24)   Weak JFR Old Object Samples    Min:  0.0, Avg:  0.0, Max:  0.0, Diff:  0.0, Sum:  0.0, Workers: 4
[737.990s][debug][gc,phases      ] GC(24)     Dead                           Min: 0, Avg:  0.0, Max: 0, Diff: 0, Sum: 0, Workers: 4
[737.990s][debug][gc,phases      ] GC(24)     Total                          Min: 0, Avg:  0.0, Max: 0, Diff: 0, Sum: 0, Workers: 4
[737.990s][debug][gc,phases      ] GC(24) Weak Processing 0.448ms
[737.990s][debug][gc,age         ] GC(24) Desired survivor size 190316544 bytes, new threshold 1 (max threshold 15)
[737.990s][info ][gc,heap        ] GC(24) PSYoungGen: 1684624K(1884160K)->3513K(1911296K) Eden: 1680384K(1680384K)->0K(1716224K) From: 4240K(203776K)->3513K(195072K)
[737.990s][info ][gc,heap        ] GC(24) ParOldGen: 249413K(249856K)->250449K(250880K)
[737.990s][info ][gc,metaspace   ] GC(24) Metaspace: 105809K(107200K)->105809K(107200K) NonClass: 89750K(90560K)->89750K(90560K) Class: 16058K(16640K)->16058K(16640K)
[737.990s][info ][gc             ] GC(24) Pause Young (Allocation Failure) 1888M->248M(2111M) 5.102ms
[737.990s][info ][gc,cpu         ] GC(24) User=0.02s Sys=0.00s Real=0.01s
[737.990s][info ][safepoint      ] Safepoint "ParallelGCFailedAllocation", Time since last: 2725267021 ns, Reaching safepoint: 6800 ns, Cleanup: 4701 ns, At safepoint: 5177507 ns, Total: 5189008 ns
[741.991s][info ][safepoint      ] Safepoint "Cleanup", Time since last: 4000309336 ns, Reaching safepoint: 6201 ns, Cleanup: 40402 ns, At safepoint: 5600 ns, Total: 52203 ns
[742.991s][info ][safepoint      ] Safepoint "Cleanup", Time since last: 1000119673 ns, Reaching safepoint: 96306 ns, Cleanup: 11101 ns, At safepoint: 7400 ns, Total: 114807 ns
[743.991s][info ][safepoint      ] Safepoint "Cleanup", Time since last: 1000139174 ns, Reaching safepoint: 81305 ns, Cleanup: 14401 ns, At safepoint: 7700 ns, Total: 103406 ns
[752.992s][info ][safepoint      ] Safepoint "Cleanup", Time since last: 9000673793 ns, Reaching safepoint: 8801 ns, Cleanup: 14801 ns, At safepoint: 3500 ns, Total: 27102 ns
[755.992s][info ][safepoint      ] Safepoint "Cleanup", Time since last: 3000305953 ns, Reaching safepoint: 6901 ns, Cleanup: 11200 ns, At safepoint: 2500 ns, Total: 20601 ns
[757.993s][info ][safepoint      ] Safepoint "Cleanup", Time since last: 2000213246 ns, Reaching safepoint: 6600 ns, Cleanup: 12901 ns, At safepoint: 2500 ns, Total: 22001 ns
[769.994s][info ][safepoint      ] Safepoint "Cleanup", Time since last: 12001038635 ns, Reaching safepoint: 7100 ns, Cleanup: 11501 ns, At safepoint: 2200 ns, Total: 20801 ns
[770.994s][info ][safepoint      ] Safepoint "Cleanup", Time since last: 1000133606 ns, Reaching safepoint: 8300 ns, Cleanup: 13601 ns, At safepoint: 3400 ns, Total: 25301 ns
[772.994s][info ][safepoint      ] Safepoint "Cleanup", Time since last: 2000190208 ns, Reaching safepoint: 6100 ns, Cleanup: 10201 ns, At safepoint: 2700 ns, Total: 19001 ns
[775.994s][info ][safepoint      ] Safepoint "Cleanup", Time since last: 3000266862 ns, Reaching safepoint: 6000 ns, Cleanup: 12501 ns, At safepoint: 2300 ns, Total: 20801 ns
[777.995s][info ][safepoint      ] Safepoint "Cleanup", Time since last: 2000187539 ns, Reaching safepoint: 6200 ns, Cleanup: 11901 ns, At safepoint: 2500 ns, Total: 20601 ns
[779.995s][info ][safepoint      ] Safepoint "Cleanup", Time since last: 2000173938 ns, Reaching safepoint: 5601 ns, Cleanup: 12500 ns, At safepoint: 2501 ns, Total: 20602 ns
[782.277s][info ][safepoint      ] Safepoint "Cleanup", Time since last: 2282685698 ns, Reaching safepoint: 7801 ns, Cleanup: 27601 ns, At safepoint: 2700 ns, Total: 38102 ns
[789.278s][info ][safepoint      ] Safepoint "Cleanup", Time since last: 7000564768 ns, Reaching safepoint: 6100 ns, Cleanup: 10201 ns, At safepoint: 2100 ns, Total: 18401 ns
[790.278s][info ][safepoint      ] Safepoint "Cleanup", Time since last: 1000127046 ns, Reaching safepoint: 6500 ns, Cleanup: 10501 ns, At safepoint: 2200 ns, Total: 19201 ns
[792.278s][info ][safepoint      ] Safepoint "Cleanup", Time since last: 2000203814 ns, Reaching safepoint: 7100 ns, Cleanup: 11301 ns, At safepoint: 3400 ns, Total: 21801 ns
[795.888s][info ][gc,start       ] GC(25) Pause Young (Allocation Failure)
[795.893s][debug][gc,phases      ] GC(25) Scavenge 5.079ms
[795.893s][debug][gc,ref         ] GC(25) ReferenceProcessor::execute queues: 1, RefProcThreadModel::Single, marks_oops_alive: false
[795.893s][debug][gc,ref         ] GC(25) Skipped KeepAliveFinalRefsPhase of Reference Processing: no references
[795.893s][debug][gc,ref         ] GC(25) ReferenceProcessor::execute queues: 1, RefProcThreadModel::Single, marks_oops_alive: false
[795.893s][debug][gc,phases      ] GC(25) Reference Processing 0.120ms
[795.893s][debug][gc,phases      ] GC(25)   VM Weak                        Min:  0.0, Avg:  0.0, Max:  0.0, Diff:  0.0, Sum:  0.0, Workers: 4
[795.893s][debug][gc,phases      ] GC(25)     Dead                           Min: 0, Avg:  0.0, Max: 0, Diff: 0, Sum: 0, Workers: 4
[795.893s][debug][gc,phases      ] GC(25)     Total                          Min: 0, Avg: 254.5, Max: 512, Diff: 512, Sum: 1018, Workers: 4
[795.893s][debug][gc,phases      ] GC(25)   ObjectSynchronizer Weak        Min:  0.0, Avg:  0.0, Max:  0.0, Diff:  0.0, Sum:  0.0, Workers: 4
[795.893s][debug][gc,phases      ] GC(25)     Dead                           Min: 0, Avg:  0.0, Max: 0, Diff: 0, Sum: 0, Workers: 4
[795.893s][debug][gc,phases      ] GC(25)     Total                          Min: 0, Avg:  1.0, Max: 4, Diff: 4, Sum: 4, Workers: 4
[795.893s][debug][gc,phases      ] GC(25)   JVMTI Tag Weak OopStorage      Min:  0.0, Avg:  0.0, Max:  0.0, Diff:  0.0, Sum:  0.0, Workers: 4
[795.893s][debug][gc,phases      ] GC(25)     Dead                           Min: 0, Avg:  0.0, Max: 0, Diff: 0, Sum: 0, Workers: 4
[795.893s][debug][gc,phases      ] GC(25)     Total                          Min: 0, Avg:  0.0, Max: 0, Diff: 0, Sum: 0, Workers: 4
[795.893s][debug][gc,phases      ] GC(25)   StringTable Weak               Min:  0.0, Avg:  0.1, Max:  0.1, Diff:  0.1, Sum:  0.4, Workers: 4
[795.894s][debug][gc,phases      ] GC(25)     Dead                           Min: 0, Avg:  0.0, Max: 0, Diff: 0, Sum: 0, Workers: 4
[795.894s][debug][gc,phases      ] GC(25)     Total                          Min: 0, Avg: 11570.2, Max: 15872, Diff: 15872, Sum: 46281, Workers: 4
[795.894s][debug][gc,phases      ] GC(25)   ResolvedMethodTable Weak       Min:  0.0, Avg:  0.0, Max:  0.0, Diff:  0.0, Sum:  0.1, Workers: 4
[795.894s][debug][gc,phases      ] GC(25)     Dead                           Min: 0, Avg:  4.0, Max: 16, Diff: 16, Sum: 16, Workers: 4
[795.894s][debug][gc,phases      ] GC(25)     Total                          Min: 0, Avg: 3820.2, Max: 5132, Diff: 5132, Sum: 15281, Workers: 4
[795.894s][debug][gc,phases      ] GC(25)   JNI Weak                       Min:  0.0, Avg:  0.0, Max:  0.0, Diff:  0.0, Sum:  0.0, Workers: 4
[795.894s][debug][gc,phases      ] GC(25)     Dead                           Min: 0, Avg:  0.0, Max: 0, Diff: 0, Sum: 0, Workers: 4
[795.894s][debug][gc,phases      ] GC(25)     Total                          Min: 0, Avg: 13.0, Max: 52, Diff: 52, Sum: 52, Workers: 4
[795.894s][debug][gc,phases      ] GC(25)   StringDedup Table Weak         Min:  0.0, Avg:  0.0, Max:  0.0, Diff:  0.0, Sum:  0.0, Workers: 4
[795.894s][debug][gc,phases      ] GC(25)     Dead                           Min: 0, Avg:  0.0, Max: 0, Diff: 0, Sum: 0, Workers: 4
[795.894s][debug][gc,phases      ] GC(25)     Total                          Min: 0, Avg:  0.0, Max: 0, Diff: 0, Sum: 0, Workers: 4
[795.894s][debug][gc,phases      ] GC(25)   StringDedup Requests0 Weak     Min:  0.0, Avg:  0.0, Max:  0.0, Diff:  0.0, Sum:  0.0, Workers: 4
[795.894s][debug][gc,phases      ] GC(25)     Dead                           Min: 0, Avg:  0.0, Max: 0, Diff: 0, Sum: 0, Workers: 4
[795.894s][debug][gc,phases      ] GC(25)     Total                          Min: 0, Avg:  0.0, Max: 0, Diff: 0, Sum: 0, Workers: 4
[795.894s][debug][gc,phases      ] GC(25)   StringDedup Requests1 Weak     Min:  0.0, Avg:  0.0, Max:  0.0, Diff:  0.0, Sum:  0.0, Workers: 4
[795.894s][debug][gc,phases      ] GC(25)     Dead                           Min: 0, Avg:  0.0, Max: 0, Diff: 0, Sum: 0, Workers: 4
[795.894s][debug][gc,phases      ] GC(25)     Total                          Min: 0, Avg:  0.0, Max: 0, Diff: 0, Sum: 0, Workers: 4
[795.894s][debug][gc,phases      ] GC(25)   Weak JFR Old Object Samples    Min:  0.0, Avg:  0.0, Max:  0.0, Diff:  0.0, Sum:  0.0, Workers: 4
[795.894s][debug][gc,phases      ] GC(25)     Dead                           Min: 0, Avg:  0.0, Max: 0, Diff: 0, Sum: 0, Workers: 4
[795.894s][debug][gc,phases      ] GC(25)     Total                          Min: 0, Avg:  0.0, Max: 0, Diff: 0, Sum: 0, Workers: 4
[795.894s][debug][gc,phases      ] GC(25) Weak Processing 0.444ms
[795.894s][debug][gc,age         ] GC(25) Desired survivor size 180355072 bytes, new threshold 1 (max threshold 15)
[795.894s][info ][gc,heap        ] GC(25) PSYoungGen: 1719737K(1911296K)->6528K(1902080K) Eden: 1716224K(1716224K)->0K(1716224K) From: 3513K(195072K)->6528K(185856K)
[795.894s][info ][gc,heap        ] GC(25) ParOldGen: 250449K(250880K)->251367K(251392K)
[795.894s][info ][gc,metaspace   ] GC(25) Metaspace: 105831K(107200K)->105831K(107200K) NonClass: 89772K(90560K)->89772K(90560K) Class: 16059K(16640K)->16059K(16640K)
[795.894s][info ][gc             ] GC(25) Pause Young (Allocation Failure) 1924M->251M(2103M) 5.785ms
[795.894s][info ][gc,cpu         ] GC(25) User=0.02s Sys=0.00s Real=0.01s
[795.894s][info ][safepoint      ] Safepoint "ParallelGCFailedAllocation", Time since last: 3609459005 ns, Reaching safepoint: 6400 ns, Cleanup: 4101 ns, At safepoint: 5860048 ns, Total: 5870549 ns
[797.894s][info ][safepoint      ] Safepoint "Cleanup", Time since last: 2000165582 ns, Reaching safepoint: 6701 ns, Cleanup: 11000 ns, At safepoint: 2700 ns, Total: 20401 ns
[816.895s][info ][safepoint      ] Safepoint "Cleanup", Time since last: 19001469938 ns, Reaching safepoint: 6500 ns, Cleanup: 12301 ns, At safepoint: 2600 ns, Total: 21401 ns
[818.896s][info ][safepoint      ] Safepoint "Cleanup", Time since last: 2000264427 ns, Reaching safepoint: 9601 ns, Cleanup: 18001 ns, At safepoint: 3300 ns, Total: 30902 ns
[827.896s][info ][safepoint      ] Safepoint "Cleanup", Time since last: 9000780736 ns, Reaching safepoint: 6901 ns, Cleanup: 14301 ns, At safepoint: 2100 ns, Total: 23302 ns
[828.897s][info ][safepoint      ] Safepoint "Cleanup", Time since last: 1000121225 ns, Reaching safepoint: 5800 ns, Cleanup: 8501 ns, At safepoint: 2300 ns, Total: 16601 ns
[830.897s][info ][safepoint      ] Safepoint "Cleanup", Time since last: 2000198293 ns, Reaching safepoint: 6600 ns, Cleanup: 10300 ns, At safepoint: 2400 ns, Total: 19300 ns
[833.897s][info ][safepoint      ] Safepoint "Cleanup", Time since last: 3000297813 ns, Reaching safepoint: 8600 ns, Cleanup: 14301 ns, At safepoint: 3300 ns, Total: 26201 ns
[834.897s][info ][safepoint      ] Safepoint "Cleanup", Time since last: 1000141817 ns, Reaching safepoint: 7900 ns, Cleanup: 11801 ns, At safepoint: 2600 ns, Total: 22301 ns
[835.897s][info ][safepoint      ] Safepoint "Cleanup", Time since last: 1000114115 ns, Reaching safepoint: 7301 ns, Cleanup: 11201 ns, At safepoint: 2600 ns, Total: 21102 ns
[844.296s][info ][safepoint      ] Safepoint "Cleanup", Time since last: 8398564637 ns, Reaching safepoint: 6800 ns, Cleanup: 11201 ns, At safepoint: 2300 ns, Total: 20301 ns
[845.296s][info ][safepoint      ] Safepoint "Cleanup", Time since last: 1000120143 ns, Reaching safepoint: 6300 ns, Cleanup: 14601 ns, At safepoint: 2600 ns, Total: 23501 ns
[853.240s][info ][gc,start       ] GC(26) Pause Young (Allocation Failure)
[853.245s][debug][gc,phases      ] GC(26) Scavenge 5.204ms
[853.245s][debug][gc,ref         ] GC(26) ReferenceProcessor::execute queues: 1, RefProcThreadModel::Single, marks_oops_alive: false
[853.245s][debug][gc,ref         ] GC(26) Skipped KeepAliveFinalRefsPhase of Reference Processing: no references
[853.245s][debug][gc,ref         ] GC(26) ReferenceProcessor::execute queues: 1, RefProcThreadModel::Single, marks_oops_alive: false
[853.245s][debug][gc,phases      ] GC(26) Reference Processing 0.153ms
[853.246s][debug][gc,phases      ] GC(26)   VM Weak                        Min:  0.0, Avg:  0.0, Max:  0.0, Diff:  0.0, Sum:  0.0, Workers: 4
[853.246s][debug][gc,phases      ] GC(26)     Dead                           Min: 0, Avg:  0.0, Max: 0, Diff: 0, Sum: 0, Workers: 4
[853.246s][debug][gc,phases      ] GC(26)     Total                          Min: 0, Avg: 254.5, Max: 634, Diff: 634, Sum: 1018, Workers: 4
[853.246s][debug][gc,phases      ] GC(26)   ObjectSynchronizer Weak        Min:  0.0, Avg:  0.0, Max:  0.0, Diff:  0.0, Sum:  0.0, Workers: 4
[853.246s][debug][gc,phases      ] GC(26)     Dead                           Min: 0, Avg:  0.0, Max: 0, Diff: 0, Sum: 0, Workers: 4
[853.246s][debug][gc,phases      ] GC(26)     Total                          Min: 0, Avg:  1.0, Max: 4, Diff: 4, Sum: 4, Workers: 4
[853.246s][debug][gc,phases      ] GC(26)   JVMTI Tag Weak OopStorage      Min:  0.0, Avg:  0.0, Max:  0.0, Diff:  0.0, Sum:  0.0, Workers: 4
[853.246s][debug][gc,phases      ] GC(26)     Dead                           Min: 0, Avg:  0.0, Max: 0, Diff: 0, Sum: 0, Workers: 4
[853.246s][debug][gc,phases      ] GC(26)     Total                          Min: 0, Avg:  0.0, Max: 0, Diff: 0, Sum: 0, Workers: 4
[853.246s][debug][gc,phases      ] GC(26)   StringTable Weak               Min:  0.0, Avg:  0.1, Max:  0.1, Diff:  0.1, Sum:  0.4, Workers: 4
[853.246s][debug][gc,phases      ] GC(26)     Dead                           Min: 0, Avg:  0.0, Max: 0, Diff: 0, Sum: 0, Workers: 4
[853.246s][debug][gc,phases      ] GC(26)     Total                          Min: 0, Avg: 11571.2, Max: 15680, Diff: 15680, Sum: 46285, Workers: 4
[853.246s][debug][gc,phases      ] GC(26)   ResolvedMethodTable Weak       Min:  0.0, Avg:  0.0, Max:  0.0, Diff:  0.0, Sum:  0.1, Workers: 4
[853.246s][debug][gc,phases      ] GC(26)     Dead                           Min: 0, Avg:  4.0, Max: 16, Diff: 16, Sum: 16, Workers: 4
[853.246s][debug][gc,phases      ] GC(26)     Total                          Min: 0, Avg: 3820.2, Max: 5556, Diff: 5556, Sum: 15281, Workers: 4
[853.246s][debug][gc,phases      ] GC(26)   JNI Weak                       Min:  0.0, Avg:  0.0, Max:  0.0, Diff:  0.0, Sum:  0.0, Workers: 4
[853.246s][debug][gc,phases      ] GC(26)     Dead                           Min: 0, Avg:  0.0, Max: 0, Diff: 0, Sum: 0, Workers: 4
[853.246s][debug][gc,phases      ] GC(26)     Total                          Min: 0, Avg: 13.0, Max: 52, Diff: 52, Sum: 52, Workers: 4
[853.246s][debug][gc,phases      ] GC(26)   StringDedup Table Weak         Min:  0.0, Avg:  0.0, Max:  0.0, Diff:  0.0, Sum:  0.0, Workers: 4
[853.246s][debug][gc,phases      ] GC(26)     Dead                           Min: 0, Avg:  0.0, Max: 0, Diff: 0, Sum: 0, Workers: 4
[853.246s][debug][gc,phases      ] GC(26)     Total                          Min: 0, Avg:  0.0, Max: 0, Diff: 0, Sum: 0, Workers: 4
[853.246s][debug][gc,phases      ] GC(26)   StringDedup Requests0 Weak     Min:  0.0, Avg:  0.0, Max:  0.0, Diff:  0.0, Sum:  0.0, Workers: 4
[853.246s][debug][gc,phases      ] GC(26)     Dead                           Min: 0, Avg:  0.0, Max: 0, Diff: 0, Sum: 0, Workers: 4
[853.246s][debug][gc,phases      ] GC(26)     Total                          Min: 0, Avg:  0.0, Max: 0, Diff: 0, Sum: 0, Workers: 4
[853.246s][debug][gc,phases      ] GC(26)   StringDedup Requests1 Weak     Min:  0.0, Avg:  0.0, Max:  0.0, Diff:  0.0, Sum:  0.0, Workers: 4
[853.246s][debug][gc,phases      ] GC(26)     Dead                           Min: 0, Avg:  0.0, Max: 0, Diff: 0, Sum: 0, Workers: 4
[853.246s][debug][gc,phases      ] GC(26)     Total                          Min: 0, Avg:  0.0, Max: 0, Diff: 0, Sum: 0, Workers: 4
[853.246s][debug][gc,phases      ] GC(26)   Weak JFR Old Object Samples    Min:  0.0, Avg:  0.0, Max:  0.0, Diff:  0.0, Sum:  0.0, Workers: 4
[853.246s][debug][gc,phases      ] GC(26)     Dead                           Min: 0, Avg:  0.0, Max: 0, Diff: 0, Sum: 0, Workers: 4
[853.246s][debug][gc,phases      ] GC(26)     Total                          Min: 0, Avg:  0.0, Max: 0, Diff: 0, Sum: 0, Workers: 4
[853.246s][debug][gc,phases      ] GC(26) Weak Processing 0.412ms
[853.246s][debug][gc,age         ] GC(26) Desired survivor size 170917888 bytes, new threshold 1 (max threshold 15)
[853.246s][info ][gc,heap        ] GC(26) PSYoungGen: 1722752K(1902080K)->3616K(1930240K) Eden: 1716224K(1716224K)->0K(1754112K) From: 6528K(185856K)->3616K(176128K)
[853.246s][info ][gc,heap        ] GC(26) ParOldGen: 251367K(251392K)->255324K(255488K)
[853.246s][info ][gc,metaspace   ] GC(26) Metaspace: 105853K(107200K)->105853K(107200K) NonClass: 89794K(90560K)->89794K(90560K) Class: 16059K(16640K)->16059K(16640K)
[853.246s][info ][gc             ] GC(26) Pause Young (Allocation Failure) 1927M->252M(2134M) 5.925ms
[853.246s][info ][gc,cpu         ] GC(26) User=0.02s Sys=0.00s Real=0.00s
[853.246s][info ][safepoint      ] Safepoint "ParallelGCFailedAllocation", Time since last: 7943703457 ns, Reaching safepoint: 80405 ns, Cleanup: 4800 ns, At safepoint: 6002259 ns, Total: 6087464 ns
[854.246s][info ][safepoint      ] Safepoint "Cleanup", Time since last: 1000090996 ns, Reaching safepoint: 6700 ns, Cleanup: 11101 ns, At safepoint: 2900 ns, Total: 20701 ns
[857.246s][info ][safepoint      ] Safepoint "Cleanup", Time since last: 3000257202 ns, Reaching safepoint: 6701 ns, Cleanup: 12000 ns, At safepoint: 2501 ns, Total: 21202 ns
[867.247s][info ][safepoint      ] Safepoint "Cleanup", Time since last: 10000793974 ns, Reaching safepoint: 6700 ns, Cleanup: 10501 ns, At safepoint: 2200 ns, Total: 19401 ns
[869.247s][info ][safepoint      ] Safepoint "Cleanup", Time since last: 2000213139 ns, Reaching safepoint: 6500 ns, Cleanup: 11401 ns, At safepoint: 2900 ns, Total: 20801 ns
[870.248s][info ][safepoint      ] Safepoint "Cleanup", Time since last: 1000132007 ns, Reaching safepoint: 7301 ns, Cleanup: 13600 ns, At safepoint: 2401 ns, Total: 23302 ns
[871.248s][info ][safepoint      ] Safepoint "Cleanup", Time since last: 1000126566 ns, Reaching safepoint: 5800 ns, Cleanup: 10501 ns, At safepoint: 2600 ns, Total: 18901 ns
[881.249s][info ][safepoint      ] Safepoint "Cleanup", Time since last: 10000852954 ns, Reaching safepoint: 7701 ns, Cleanup: 12500 ns, At safepoint: 3201 ns, Total: 23402 ns
[885.249s][info ][safepoint      ] Safepoint "Cleanup", Time since last: 4000352691 ns, Reaching safepoint: 6101 ns, Cleanup: 8100 ns, At safepoint: 2500 ns, Total: 16701 ns
[888.249s][info ][safepoint      ] Safepoint "Cleanup", Time since last: 3000289687 ns, Reaching safepoint: 5600 ns, Cleanup: 11201 ns, At safepoint: 2400 ns, Total: 19201 ns
[890.249s][info ][safepoint      ] Safepoint "Cleanup", Time since last: 2000191325 ns, Reaching safepoint: 6900 ns, Cleanup: 11001 ns, At safepoint: 2500 ns, Total: 20401 ns
[891.250s][info ][safepoint      ] Safepoint "Cleanup", Time since last: 1000121914 ns, Reaching safepoint: 5901 ns, Cleanup: 13801 ns, At safepoint: 2200 ns, Total: 21902 ns
[908.315s][info ][safepoint      ] Safepoint "Cleanup", Time since last: 17065291486 ns, Reaching safepoint: 6800 ns, Cleanup: 10501 ns, At safepoint: 2000 ns, Total: 19301 ns
[909.315s][info ][safepoint      ] Safepoint "Cleanup", Time since last: 1000132549 ns, Reaching safepoint: 9101 ns, Cleanup: 13200 ns, At safepoint: 3301 ns, Total: 25602 ns
[910.315s][info ][safepoint      ] Safepoint "Cleanup", Time since last: 1000116178 ns, Reaching safepoint: 6000 ns, Cleanup: 19001 ns, At safepoint: 2901 ns, Total: 27902 ns
[911.315s][info ][safepoint      ] Safepoint "Cleanup", Time since last: 1000122100 ns, Reaching safepoint: 6801 ns, Cleanup: 13700 ns, At safepoint: 2301 ns, Total: 22802 ns
[912.316s][info ][safepoint      ] Safepoint "Cleanup", Time since last: 1000118300 ns, Reaching safepoint: 5800 ns, Cleanup: 24902 ns, At safepoint: 2500 ns, Total: 33202 ns
[913.098s][info ][gc,start       ] GC(27) Pause Young (Allocation Failure)
[913.101s][debug][gc,phases      ] GC(27) Scavenge 3.232ms
[913.101s][debug][gc,ref         ] GC(27) ReferenceProcessor::execute queues: 1, RefProcThreadModel::Single, marks_oops_alive: false
[913.101s][debug][gc,ref         ] GC(27) Skipped KeepAliveFinalRefsPhase of Reference Processing: no references
[913.101s][debug][gc,ref         ] GC(27) ReferenceProcessor::execute queues: 1, RefProcThreadModel::Single, marks_oops_alive: false
[913.101s][debug][gc,phases      ] GC(27) Reference Processing 0.118ms
[913.102s][debug][gc,phases      ] GC(27)   VM Weak                        Min:  0.0, Avg:  0.0, Max:  0.0, Diff:  0.0, Sum:  0.0, Workers: 4
[913.102s][debug][gc,phases      ] GC(27)     Dead                           Min: 0, Avg:  0.0, Max: 0, Diff: 0, Sum: 0, Workers: 4
[913.102s][debug][gc,phases      ] GC(27)     Total                          Min: 0, Avg: 254.5, Max: 960, Diff: 960, Sum: 1018, Workers: 4
[913.102s][debug][gc,phases      ] GC(27)   ObjectSynchronizer Weak        Min:  0.0, Avg:  0.0, Max:  0.0, Diff:  0.0, Sum:  0.0, Workers: 4
[913.102s][debug][gc,phases      ] GC(27)     Dead                           Min: 0, Avg:  0.0, Max: 0, Diff: 0, Sum: 0, Workers: 4
[913.102s][debug][gc,phases      ] GC(27)     Total                          Min: 0, Avg:  1.0, Max: 4, Diff: 4, Sum: 4, Workers: 4
[913.102s][debug][gc,phases      ] GC(27)   JVMTI Tag Weak OopStorage      Min:  0.0, Avg:  0.0, Max:  0.0, Diff:  0.0, Sum:  0.0, Workers: 4
[913.102s][debug][gc,phases      ] GC(27)     Dead                           Min: 0, Avg:  0.0, Max: 0, Diff: 0, Sum: 0, Workers: 4
[913.102s][debug][gc,phases      ] GC(27)     Total                          Min: 0, Avg:  0.0, Max: 0, Diff: 0, Sum: 0, Workers: 4
[913.102s][debug][gc,phases      ] GC(27)   StringTable Weak               Min:  0.1, Avg:  0.1, Max:  0.1, Diff:  0.0, Sum:  0.5, Workers: 4
[913.102s][debug][gc,phases      ] GC(27)     Dead                           Min: 0, Avg:  0.0, Max: 0, Diff: 0, Sum: 0, Workers: 4
[913.102s][debug][gc,phases      ] GC(27)     Total                          Min: 11200, Avg: 11575.8, Max: 12127, Diff: 927, Sum: 46303, Workers: 4
[913.102s][debug][gc,phases      ] GC(27)   ResolvedMethodTable Weak       Min:  0.0, Avg:  0.0, Max:  0.0, Diff:  0.0, Sum:  0.2, Workers: 4
[913.102s][debug][gc,phases      ] GC(27)     Dead                           Min: 0, Avg:  4.0, Max: 16, Diff: 16, Sum: 16, Workers: 4
[913.102s][debug][gc,phases      ] GC(27)     Total                          Min: 3519, Avg: 3820.2, Max: 3977, Diff: 458, Sum: 15281, Workers: 4
[913.102s][debug][gc,phases      ] GC(27)   JNI Weak                       Min:  0.0, Avg:  0.0, Max:  0.0, Diff:  0.0, Sum:  0.0, Workers: 4
[913.102s][debug][gc,phases      ] GC(27)     Dead                           Min: 0, Avg:  0.0, Max: 0, Diff: 0, Sum: 0, Workers: 4
[913.102s][debug][gc,phases      ] GC(27)     Total                          Min: 0, Avg: 13.0, Max: 52, Diff: 52, Sum: 52, Workers: 4
[913.102s][debug][gc,phases      ] GC(27)   StringDedup Table Weak         Min:  0.0, Avg:  0.0, Max:  0.0, Diff:  0.0, Sum:  0.0, Workers: 4
[913.102s][debug][gc,phases      ] GC(27)     Dead                           Min: 0, Avg:  0.0, Max: 0, Diff: 0, Sum: 0, Workers: 4
[913.102s][debug][gc,phases      ] GC(27)     Total                          Min: 0, Avg:  0.0, Max: 0, Diff: 0, Sum: 0, Workers: 4
[913.102s][debug][gc,phases      ] GC(27)   StringDedup Requests0 Weak     Min:  0.0, Avg:  0.0, Max:  0.0, Diff:  0.0, Sum:  0.0, Workers: 4
[913.102s][debug][gc,phases      ] GC(27)     Dead                           Min: 0, Avg:  0.0, Max: 0, Diff: 0, Sum: 0, Workers: 4
[913.102s][debug][gc,phases      ] GC(27)     Total                          Min: 0, Avg:  0.0, Max: 0, Diff: 0, Sum: 0, Workers: 4
[913.102s][debug][gc,phases      ] GC(27)   StringDedup Requests1 Weak     Min:  0.0, Avg:  0.0, Max:  0.0, Diff:  0.0, Sum:  0.0, Workers: 4
[913.102s][debug][gc,phases      ] GC(27)     Dead                           Min: 0, Avg:  0.0, Max: 0, Diff: 0, Sum: 0, Workers: 4
[913.102s][debug][gc,phases      ] GC(27)     Total                          Min: 0, Avg:  0.0, Max: 0, Diff: 0, Sum: 0, Workers: 4
[913.102s][debug][gc,phases      ] GC(27)   Weak JFR Old Object Samples    Min:  0.0, Avg:  0.0, Max:  0.0, Diff:  0.0, Sum:  0.0, Workers: 4
[913.102s][debug][gc,phases      ] GC(27)     Dead                           Min: 0, Avg:  0.0, Max: 0, Diff: 0, Sum: 0, Workers: 4
[913.102s][debug][gc,phases      ] GC(27)     Total                          Min: 0, Avg:  0.0, Max: 0, Diff: 0, Sum: 0, Workers: 4
[913.102s][debug][gc,phases      ] GC(27) Weak Processing 0.417ms
[913.102s][debug][gc,age         ] GC(27) Desired survivor size 161480704 bytes, new threshold 1 (max threshold 15)
[913.102s][info ][gc,heap        ] GC(27) PSYoungGen: 1757728K(1930240K)->3428K(1921024K) Eden: 1754112K(1754112K)->0K(1754112K) From: 3616K(176128K)->3428K(166912K)
[913.102s][info ][gc,heap        ] GC(27) ParOldGen: 255324K(255488K)->256032K(256512K)
[913.102s][info ][gc,metaspace   ] GC(27) Metaspace: 105909K(107264K)->105909K(107264K) NonClass: 89846K(90624K)->89846K(90624K) Class: 16063K(16640K)->16063K(16640K)
[913.102s][info ][gc             ] GC(27) Pause Young (Allocation Failure) 1965M->253M(2126M) 3.942ms
[913.102s][info ][gc,cpu         ] GC(27) User=0.01s Sys=0.01s Real=0.00s
[913.102s][info ][safepoint      ] Safepoint "ParallelGCFailedAllocation", Time since last: 782367345 ns, Reaching safepoint: 6201 ns, Cleanup: 15001 ns, At safepoint: 4017339 ns, Total: 4038541 ns
[914.102s][info ][safepoint      ] Safepoint "Cleanup", Time since last: 1000097199 ns, Reaching safepoint: 5600 ns, Cleanup: 39602 ns, At safepoint: 2501 ns, Total: 47703 ns
[915.102s][info ][safepoint      ] Safepoint "Cleanup", Time since last: 1000105799 ns, Reaching safepoint: 6100 ns, Cleanup: 9101 ns, At safepoint: 2500 ns, Total: 17701 ns
[918.103s][info ][safepoint      ] Safepoint "Cleanup", Time since last: 3000248223 ns, Reaching safepoint: 6301 ns, Cleanup: 38302 ns, At safepoint: 2300 ns, Total: 46903 ns
[919.103s][info ][safepoint      ] Safepoint "Cleanup", Time since last: 1000116114 ns, Reaching safepoint: 5600 ns, Cleanup: 35702 ns, At safepoint: 2401 ns, Total: 43703 ns
[920.103s][info ][safepoint      ] Safepoint "Cleanup", Time since last: 1000102312 ns, Reaching safepoint: 5201 ns, Cleanup: 12600 ns, At safepoint: 2301 ns, Total: 20102 ns
[921.103s][info ][safepoint      ] Safepoint "Cleanup", Time since last: 1000104613 ns, Reaching safepoint: 5300 ns, Cleanup: 23101 ns, At safepoint: 2200 ns, Total: 30601 ns
[922.103s][info ][safepoint      ] Safepoint "Cleanup", Time since last: 1000109714 ns, Reaching safepoint: 6000 ns, Cleanup: 10501 ns, At safepoint: 5800 ns, Total: 22301 ns
[923.103s][info ][safepoint      ] Safepoint "Cleanup", Time since last: 1000167717 ns, Reaching safepoint: 10400 ns, Cleanup: 25502 ns, At safepoint: 3300 ns, Total: 39202 ns
[924.103s][info ][safepoint      ] Safepoint "Cleanup", Time since last: 1000124814 ns, Reaching safepoint: 6301 ns, Cleanup: 11300 ns, At safepoint: 2501 ns, Total: 20102 ns
[925.104s][info ][safepoint      ] Safepoint "Cleanup", Time since last: 1000109113 ns, Reaching safepoint: 5600 ns, Cleanup: 13501 ns, At safepoint: 2500 ns, Total: 21601 ns
[927.104s][info ][safepoint      ] Safepoint "Cleanup", Time since last: 2000179310 ns, Reaching safepoint: 6800 ns, Cleanup: 11101 ns, At safepoint: 2400 ns, Total: 20301 ns
[928.104s][info ][safepoint      ] Safepoint "Cleanup", Time since last: 1000113460 ns, Reaching safepoint: 7400 ns, Cleanup: 10401 ns, At safepoint: 2600 ns, Total: 20401 ns
[931.104s][info ][safepoint      ] Safepoint "Cleanup", Time since last: 3000250675 ns, Reaching safepoint: 6201 ns, Cleanup: 16901 ns, At safepoint: 2300 ns, Total: 25402 ns
[932.104s][info ][safepoint      ] Safepoint "Cleanup", Time since last: 1000114860 ns, Reaching safepoint: 5400 ns, Cleanup: 25702 ns, At safepoint: 2500 ns, Total: 33602 ns
[933.104s][info ][safepoint      ] Safepoint "Cleanup", Time since last: 1000109460 ns, Reaching safepoint: 5600 ns, Cleanup: 12901 ns, At safepoint: 2300 ns, Total: 20801 ns
[934.105s][info ][safepoint      ] Safepoint "Cleanup", Time since last: 1000106346 ns, Reaching safepoint: 5600 ns, Cleanup: 19101 ns, At safepoint: 2201 ns, Total: 26902 ns
[935.105s][info ][safepoint      ] Safepoint "Cleanup", Time since last: 1000122900 ns, Reaching safepoint: 5601 ns, Cleanup: 12400 ns, At safepoint: 2300 ns, Total: 20301 ns
[940.105s][info ][safepoint      ] Safepoint "Cleanup", Time since last: 5000400391 ns, Reaching safepoint: 5600 ns, Cleanup: 7901 ns, At safepoint: 2900 ns, Total: 16401 ns
[942.105s][info ][safepoint      ] Safepoint "Cleanup", Time since last: 2000200497 ns, Reaching safepoint: 6500 ns, Cleanup: 10801 ns, At safepoint: 2900 ns, Total: 20201 ns
[943.105s][info ][safepoint      ] Safepoint "Cleanup", Time since last: 1000102892 ns, Reaching safepoint: 6800 ns, Cleanup: 10201 ns, At safepoint: 2700 ns, Total: 19701 ns
[944.106s][info ][safepoint      ] Safepoint "Cleanup", Time since last: 1000105792 ns, Reaching safepoint: 6101 ns, Cleanup: 14301 ns, At safepoint: 2800 ns, Total: 23202 ns
[945.106s][info ][safepoint      ] Safepoint "Cleanup", Time since last: 1000100592 ns, Reaching safepoint: 6000 ns, Cleanup: 8500 ns, At safepoint: 2701 ns, Total: 17201 ns
[953.106s][info ][safepoint      ] Safepoint "Cleanup", Time since last: 8000631390 ns, Reaching safepoint: 7301 ns, Cleanup: 11300 ns, At safepoint: 2801 ns, Total: 21402 ns
[955.107s][info ][safepoint      ] Safepoint "Cleanup", Time since last: 2000217477 ns, Reaching safepoint: 8600 ns, Cleanup: 12601 ns, At safepoint: 2800 ns, Total: 24001 ns
[956.107s][info ][safepoint      ] Safepoint "Cleanup", Time since last: 1000133890 ns, Reaching safepoint: 7001 ns, Cleanup: 11400 ns, At safepoint: 2801 ns, Total: 21202 ns
[958.107s][info ][safepoint      ] Safepoint "Cleanup", Time since last: 2000212005 ns, Reaching safepoint: 7201 ns, Cleanup: 10100 ns, At safepoint: 2800 ns, Total: 20101 ns
[960.107s][info ][safepoint      ] Safepoint "Cleanup", Time since last: 2000203751 ns, Reaching safepoint: 6700 ns, Cleanup: 21302 ns, At safepoint: 2400 ns, Total: 30402 ns
[961.333s][info ][safepoint      ] Safepoint "Cleanup", Time since last: 1225654295 ns, Reaching safepoint: 9901 ns, Cleanup: 25701 ns, At safepoint: 3200 ns, Total: 38802 ns
[970.688s][info ][gc,start       ] GC(28) Pause Young (Allocation Failure)
[970.692s][debug][gc,phases      ] GC(28) Scavenge 3.996ms
[970.692s][debug][gc,ref         ] GC(28) ReferenceProcessor::execute queues: 1, RefProcThreadModel::Single, marks_oops_alive: false
[970.692s][debug][gc,ref         ] GC(28) Skipped KeepAliveFinalRefsPhase of Reference Processing: no references
[970.692s][debug][gc,ref         ] GC(28) ReferenceProcessor::execute queues: 1, RefProcThreadModel::Single, marks_oops_alive: false
[970.692s][debug][gc,phases      ] GC(28) Reference Processing 0.124ms
[970.693s][debug][gc,phases      ] GC(28)   VM Weak                        Min:  0.0, Avg:  0.0, Max:  0.0, Diff:  0.0, Sum:  0.0, Workers: 4
[970.693s][debug][gc,phases      ] GC(28)     Dead                           Min: 0, Avg:  0.0, Max: 0, Diff: 0, Sum: 0, Workers: 4
[970.693s][debug][gc,phases      ] GC(28)     Total                          Min: 0, Avg: 256.2, Max: 896, Diff: 896, Sum: 1025, Workers: 4
[970.693s][debug][gc,phases      ] GC(28)   ObjectSynchronizer Weak        Min:  0.0, Avg:  0.0, Max:  0.0, Diff:  0.0, Sum:  0.0, Workers: 4
[970.693s][debug][gc,phases      ] GC(28)     Dead                           Min: 0, Avg:  0.0, Max: 0, Diff: 0, Sum: 0, Workers: 4
[970.693s][debug][gc,phases      ] GC(28)     Total                          Min: 0, Avg:  1.0, Max: 4, Diff: 4, Sum: 4, Workers: 4
[970.693s][debug][gc,phases      ] GC(28)   JVMTI Tag Weak OopStorage      Min:  0.0, Avg:  0.0, Max:  0.0, Diff:  0.0, Sum:  0.0, Workers: 4
[970.693s][debug][gc,phases      ] GC(28)     Dead                           Min: 0, Avg:  0.0, Max: 0, Diff: 0, Sum: 0, Workers: 4
[970.693s][debug][gc,phases      ] GC(28)     Total                          Min: 0, Avg:  0.0, Max: 0, Diff: 0, Sum: 0, Workers: 4
[970.693s][debug][gc,phases      ] GC(28)   StringTable Weak               Min:  0.0, Avg:  0.1, Max:  0.1, Diff:  0.1, Sum:  0.4, Workers: 4
[970.693s][debug][gc,phases      ] GC(28)     Dead                           Min: 0, Avg:  0.2, Max: 1, Diff: 1, Sum: 1, Workers: 4
[970.693s][debug][gc,phases      ] GC(28)     Total                          Min: 0, Avg: 11586.2, Max: 16457, Diff: 16457, Sum: 46345, Workers: 4
[970.693s][debug][gc,phases      ] GC(28)   ResolvedMethodTable Weak       Min:  0.0, Avg:  0.0, Max:  0.1, Diff:  0.1, Sum:  0.2, Workers: 4
[970.693s][debug][gc,phases      ] GC(28)     Dead                           Min: 0, Avg:  5.5, Max: 22, Diff: 22, Sum: 22, Workers: 4
[970.693s][debug][gc,phases      ] GC(28)     Total                          Min: 0, Avg: 3836.2, Max: 5628, Diff: 5628, Sum: 15345, Workers: 4
[970.693s][debug][gc,phases      ] GC(28)   JNI Weak                       Min:  0.0, Avg:  0.0, Max:  0.0, Diff:  0.0, Sum:  0.0, Workers: 4
[970.693s][debug][gc,phases      ] GC(28)     Dead                           Min: 0, Avg:  0.0, Max: 0, Diff: 0, Sum: 0, Workers: 4
[970.693s][debug][gc,phases      ] GC(28)     Total                          Min: 0, Avg: 13.0, Max: 52, Diff: 52, Sum: 52, Workers: 4
[970.693s][debug][gc,phases      ] GC(28)   StringDedup Table Weak         Min:  0.0, Avg:  0.0, Max:  0.0, Diff:  0.0, Sum:  0.0, Workers: 4
[970.693s][debug][gc,phases      ] GC(28)     Dead                           Min: 0, Avg:  0.0, Max: 0, Diff: 0, Sum: 0, Workers: 4
[970.693s][debug][gc,phases      ] GC(28)     Total                          Min: 0, Avg:  0.0, Max: 0, Diff: 0, Sum: 0, Workers: 4
[970.693s][debug][gc,phases      ] GC(28)   StringDedup Requests0 Weak     Min:  0.0, Avg:  0.0, Max:  0.0, Diff:  0.0, Sum:  0.0, Workers: 4
[970.693s][debug][gc,phases      ] GC(28)     Dead                           Min: 0, Avg:  0.0, Max: 0, Diff: 0, Sum: 0, Workers: 4
[970.693s][debug][gc,phases      ] GC(28)     Total                          Min: 0, Avg:  0.0, Max: 0, Diff: 0, Sum: 0, Workers: 4
[970.693s][debug][gc,phases      ] GC(28)   StringDedup Requests1 Weak     Min:  0.0, Avg:  0.0, Max:  0.0, Diff:  0.0, Sum:  0.0, Workers: 4
[970.693s][debug][gc,phases      ] GC(28)     Dead                           Min: 0, Avg:  0.0, Max: 0, Diff: 0, Sum: 0, Workers: 4
[970.693s][debug][gc,phases      ] GC(28)     Total                          Min: 0, Avg:  0.0, Max: 0, Diff: 0, Sum: 0, Workers: 4
[970.693s][debug][gc,phases      ] GC(28)   Weak JFR Old Object Samples    Min:  0.0, Avg:  0.0, Max:  0.0, Diff:  0.0, Sum:  0.0, Workers: 4
[970.693s][debug][gc,phases      ] GC(28)     Dead                           Min: 0, Avg:  0.0, Max: 0, Diff: 0, Sum: 0, Workers: 4
[970.693s][debug][gc,phases      ] GC(28)     Total                          Min: 0, Avg:  0.0, Max: 0, Diff: 0, Sum: 0, Workers: 4
[970.693s][debug][gc,phases      ] GC(28) Weak Processing 0.441ms
[970.693s][debug][gc,age         ] GC(28) Desired survivor size 152567808 bytes, new threshold 1 (max threshold 15)
[970.693s][info ][gc,heap        ] GC(28) PSYoungGen: 1757540K(1921024K)->3728K(1948160K) Eden: 1754112K(1754112K)->0K(1790464K) From: 3428K(166912K)->3728K(157696K)
[970.693s][info ][gc,heap        ] GC(28) ParOldGen: 256032K(256512K)->256909K(257024K)
[970.693s][info ][gc,metaspace   ] GC(28) Metaspace: 106014K(107328K)->106014K(107328K) NonClass: 89931K(90688K)->89931K(90688K) Class: 16083K(16640K)->16083K(16640K)
[970.693s][info ][gc             ] GC(28) Pause Young (Allocation Failure) 1966M->254M(2153M) 4.713ms
[970.693s][info ][gc,cpu         ] GC(28) User=0.02s Sys=0.00s Real=0.01s
[970.693s][info ][safepoint      ] Safepoint "ParallelGCFailedAllocation", Time since last: 9355142445 ns, Reaching safepoint: 7200 ns, Cleanup: 4701 ns, At safepoint: 4790586 ns, Total: 4802487 ns
[974.693s][info ][safepoint      ] Safepoint "Cleanup", Time since last: 4000340823 ns, Reaching safepoint: 7400 ns, Cleanup: 15101 ns, At safepoint: 2900 ns, Total: 25401 ns
[976.693s][info ][safepoint      ] Safepoint "Cleanup", Time since last: 2000203341 ns, Reaching safepoint: 7100 ns, Cleanup: 11401 ns, At safepoint: 2500 ns, Total: 21001 ns
[990.696s][info ][safepoint      ] Safepoint "Cleanup", Time since last: 14002169031 ns, Reaching safepoint: 7401 ns, Cleanup: 6800 ns, At safepoint: 2400 ns, Total: 16601 ns
[992.696s][info ][safepoint      ] Safepoint "Cleanup", Time since last: 2000176690 ns, Reaching safepoint: 6800 ns, Cleanup: 10301 ns, At safepoint: 2400 ns, Total: 19501 ns
[996.696s][info ][safepoint      ] Safepoint "Cleanup", Time since last: 4000338179 ns, Reaching safepoint: 6700 ns, Cleanup: 11301 ns, At safepoint: 2200 ns, Total: 20201 ns
[1008.697s][info ][safepoint      ] Safepoint "Cleanup", Time since last: 12000902306 ns, Reaching safepoint: 7101 ns, Cleanup: 12601 ns, At safepoint: 2600 ns, Total: 22302 ns
[1020.352s][info ][safepoint      ] Safepoint "Cleanup", Time since last: 11654363152 ns, Reaching safepoint: 3900 ns, Cleanup: 10900 ns, At safepoint: 5401 ns, Total: 20201 ns
[1022.352s][info ][safepoint      ] Safepoint "Cleanup", Time since last: 2000228757 ns, Reaching safepoint: 6600 ns, Cleanup: 11401 ns, At safepoint: 2600 ns, Total: 20601 ns
[1030.126s][info ][gc,start       ] GC(29) Pause Young (Allocation Failure)
[1030.131s][debug][gc,phases      ] GC(29) Scavenge 4.245ms
[1030.131s][debug][gc,ref         ] GC(29) ReferenceProcessor::execute queues: 1, RefProcThreadModel::Single, marks_oops_alive: false
[1030.131s][debug][gc,ref         ] GC(29) Skipped KeepAliveFinalRefsPhase of Reference Processing: no references
[1030.131s][debug][gc,ref         ] GC(29) ReferenceProcessor::execute queues: 1, RefProcThreadModel::Single, marks_oops_alive: false
[1030.131s][debug][gc,phases      ] GC(29) Reference Processing 0.120ms
[1030.131s][debug][gc,phases      ] GC(29)   VM Weak                        Min:  0.0, Avg:  0.0, Max:  0.0, Diff:  0.0, Sum:  0.0, Workers: 4
[1030.131s][debug][gc,phases      ] GC(29)     Dead                           Min: 0, Avg:  0.0, Max: 0, Diff: 0, Sum: 0, Workers: 4
[1030.131s][debug][gc,phases      ] GC(29)     Total                          Min: 0, Avg: 256.2, Max: 768, Diff: 768, Sum: 1025, Workers: 4
[1030.131s][debug][gc,phases      ] GC(29)   ObjectSynchronizer Weak        Min:  0.0, Avg:  0.0, Max:  0.0, Diff:  0.0, Sum:  0.0, Workers: 4
[1030.131s][debug][gc,phases      ] GC(29)     Dead                           Min: 0, Avg:  0.0, Max: 0, Diff: 0, Sum: 0, Workers: 4
[1030.131s][debug][gc,phases      ] GC(29)     Total                          Min: 0, Avg:  1.0, Max: 4, Diff: 4, Sum: 4, Workers: 4
[1030.131s][debug][gc,phases      ] GC(29)   JVMTI Tag Weak OopStorage      Min:  0.0, Avg:  0.0, Max:  0.0, Diff:  0.0, Sum:  0.0, Workers: 4
[1030.131s][debug][gc,phases      ] GC(29)     Dead                           Min: 0, Avg:  0.0, Max: 0, Diff: 0, Sum: 0, Workers: 4
[1030.131s][debug][gc,phases      ] GC(29)     Total                          Min: 0, Avg:  0.0, Max: 0, Diff: 0, Sum: 0, Workers: 4
[1030.131s][debug][gc,phases      ] GC(29)   StringTable Weak               Min:  0.0, Avg:  0.1, Max:  0.2, Diff:  0.2, Sum:  0.5, Workers: 4
[1030.131s][debug][gc,phases      ] GC(29)     Dead                           Min: 0, Avg:  0.0, Max: 0, Diff: 0, Sum: 0, Workers: 4
[1030.131s][debug][gc,phases      ] GC(29)     Total                          Min: 0, Avg: 11586.2, Max: 16073, Diff: 16073, Sum: 46345, Workers: 4
[1030.131s][debug][gc,phases      ] GC(29)   ResolvedMethodTable Weak       Min:  0.0, Avg:  0.0, Max:  0.1, Diff:  0.1, Sum:  0.2, Workers: 4
[1030.131s][debug][gc,phases      ] GC(29)     Dead                           Min: 0, Avg:  4.0, Max: 14, Diff: 14, Sum: 16, Workers: 4
[1030.131s][debug][gc,phases      ] GC(29)     Total                          Min: 0, Avg: 3836.2, Max: 5355, Diff: 5355, Sum: 15345, Workers: 4
[1030.131s][debug][gc,phases      ] GC(29)   JNI Weak                       Min:  0.0, Avg:  0.0, Max:  0.0, Diff:  0.0, Sum:  0.0, Workers: 4
[1030.131s][debug][gc,phases      ] GC(29)     Dead                           Min: 0, Avg:  0.0, Max: 0, Diff: 0, Sum: 0, Workers: 4
[1030.131s][debug][gc,phases      ] GC(29)     Total                          Min: 0, Avg: 13.0, Max: 52, Diff: 52, Sum: 52, Workers: 4
[1030.131s][debug][gc,phases      ] GC(29)   StringDedup Table Weak         Min:  0.0, Avg:  0.0, Max:  0.0, Diff:  0.0, Sum:  0.0, Workers: 4
[1030.131s][debug][gc,phases      ] GC(29)     Dead                           Min: 0, Avg:  0.0, Max: 0, Diff: 0, Sum: 0, Workers: 4
[1030.131s][debug][gc,phases      ] GC(29)     Total                          Min: 0, Avg:  0.0, Max: 0, Diff: 0, Sum: 0, Workers: 4
[1030.131s][debug][gc,phases      ] GC(29)   StringDedup Requests0 Weak     Min:  0.0, Avg:  0.0, Max:  0.0, Diff:  0.0, Sum:  0.0, Workers: 4
[1030.131s][debug][gc,phases      ] GC(29)     Dead                           Min: 0, Avg:  0.0, Max: 0, Diff: 0, Sum: 0, Workers: 4
[1030.131s][debug][gc,phases      ] GC(29)     Total                          Min: 0, Avg:  0.0, Max: 0, Diff: 0, Sum: 0, Workers: 4
[1030.131s][debug][gc,phases      ] GC(29)   StringDedup Requests1 Weak     Min:  0.0, Avg:  0.0, Max:  0.0, Diff:  0.0, Sum:  0.0, Workers: 4
[1030.131s][debug][gc,phases      ] GC(29)     Dead                           Min: 0, Avg:  0.0, Max: 0, Diff: 0, Sum: 0, Workers: 4
[1030.131s][debug][gc,phases      ] GC(29)     Total                          Min: 0, Avg:  0.0, Max: 0, Diff: 0, Sum: 0, Workers: 4
[1030.131s][debug][gc,phases      ] GC(29)   Weak JFR Old Object Samples    Min:  0.0, Avg:  0.0, Max:  0.0, Diff:  0.0, Sum:  0.0, Workers: 4
[1030.131s][debug][gc,phases      ] GC(29)     Dead                           Min: 0, Avg:  0.0, Max: 0, Diff: 0, Sum: 0, Workers: 4
[1030.131s][debug][gc,phases      ] GC(29)     Total                          Min: 0, Avg:  0.0, Max: 0, Diff: 0, Sum: 0, Workers: 4
[1030.131s][debug][gc,phases      ] GC(29) Weak Processing 0.455ms
[1030.131s][debug][gc,age         ] GC(29) Desired survivor size 144179200 bytes, new threshold 1 (max threshold 15)
[1030.131s][info ][gc,heap        ] GC(29) PSYoungGen: 1794192K(1948160K)->2928K(1939456K) Eden: 1790464K(1790464K)->0K(1790464K) From: 3728K(157696K)->2928K(148992K)
[1030.131s][info ][gc,heap        ] GC(29) ParOldGen: 256909K(257024K)->258371K(258560K)
[1030.131s][info ][gc,metaspace   ] GC(29) Metaspace: 106026K(107392K)->106026K(107392K) NonClass: 89943K(90752K)->89943K(90752K) Class: 16083K(16640K)->16083K(16640K)
[1030.131s][info ][gc             ] GC(29) Pause Young (Allocation Failure) 2003M->255M(2146M) 4.960ms
[1030.131s][info ][gc,cpu         ] GC(29) User=0.02s Sys=0.00s Real=0.01s
[1030.131s][info ][safepoint      ] Safepoint "ParallelGCFailedAllocation", Time since last: 7774616754 ns, Reaching safepoint: 8200 ns, Cleanup: 5101 ns, At safepoint: 5042800 ns, Total: 5056101 ns
[1034.132s][info ][safepoint      ] Safepoint "Cleanup", Time since last: 4000307320 ns, Reaching safepoint: 7000 ns, Cleanup: 12301 ns, At safepoint: 2000 ns, Total: 21301 ns
[1036.132s][info ][safepoint      ] Safepoint "Cleanup", Time since last: 2000175012 ns, Reaching safepoint: 6000 ns, Cleanup: 12801 ns, At safepoint: 20001 ns, Total: 38802 ns
[1041.132s][info ][safepoint      ] Safepoint "Cleanup", Time since last: 5000397360 ns, Reaching safepoint: 9101 ns, Cleanup: 14001 ns, At safepoint: 2900 ns, Total: 26002 ns
[1050.133s][info ][safepoint      ] Safepoint "Cleanup", Time since last: 9000691922 ns, Reaching safepoint: 6600 ns, Cleanup: 17301 ns, At safepoint: 3000 ns, Total: 26901 ns
[1051.133s][info ][safepoint      ] Safepoint "Cleanup", Time since last: 1000109067 ns, Reaching safepoint: 7000 ns, Cleanup: 9801 ns, At safepoint: 2700 ns, Total: 19501 ns
[1054.134s][info ][safepoint      ] Safepoint "Cleanup", Time since last: 3000261296 ns, Reaching safepoint: 7200 ns, Cleanup: 10301 ns, At safepoint: 2500 ns, Total: 20001 ns
[1056.134s][info ][safepoint      ] Safepoint "Cleanup", Time since last: 2000176129 ns, Reaching safepoint: 6100 ns, Cleanup: 10001 ns, At safepoint: 2200 ns, Total: 18301 ns
[1058.134s][info ][safepoint      ] Safepoint "Cleanup", Time since last: 2000168329 ns, Reaching safepoint: 6500 ns, Cleanup: 9700 ns, At safepoint: 5701 ns, Total: 21901 ns
[1062.134s][info ][safepoint      ] Safepoint "Cleanup", Time since last: 4000336757 ns, Reaching safepoint: 79905 ns, Cleanup: 14001 ns, At safepoint: 8400 ns, Total: 102306 ns
[1067.135s][info ][safepoint      ] Safepoint "Cleanup", Time since last: 5000442337 ns, Reaching safepoint: 81304 ns, Cleanup: 9601 ns, At safepoint: 11501 ns, Total: 102406 ns
[1076.136s][info ][safepoint      ] Safepoint "Cleanup", Time since last: 9000755011 ns, Reaching safepoint: 81904 ns, Cleanup: 10601 ns, At safepoint: 10501 ns, Total: 103006 ns
[1086.372s][info ][safepoint      ] Safepoint "Cleanup", Time since last: 10236466997 ns, Reaching safepoint: 7000 ns, Cleanup: 11101 ns, At safepoint: 2800 ns, Total: 20901 ns
[1091.373s][info ][safepoint      ] Safepoint "Cleanup", Time since last: 5000469734 ns, Reaching safepoint: 7101 ns, Cleanup: 11801 ns, At safepoint: 2400 ns, Total: 21302 ns
[1091.586s][info ][gc,start       ] GC(30) Pause Young (Allocation Failure)
[1091.589s][debug][gc,phases      ] GC(30) Scavenge 2.674ms
[1091.589s][debug][gc,ref         ] GC(30) ReferenceProcessor::execute queues: 1, RefProcThreadModel::Single, marks_oops_alive: false
[1091.589s][debug][gc,ref         ] GC(30) Skipped KeepAliveFinalRefsPhase of Reference Processing: no references
[1091.589s][debug][gc,ref         ] GC(30) Skipped PhantomRefsPhase of Reference Processing: no references
[1091.589s][debug][gc,phases      ] GC(30) Reference Processing 0.115ms
[1091.589s][debug][gc,phases      ] GC(30)   VM Weak                        Min:  0.0, Avg:  0.0, Max:  0.0, Diff:  0.0, Sum:  0.0, Workers: 4
[1091.589s][debug][gc,phases      ] GC(30)     Dead                           Min: 0, Avg:  0.0, Max: 0, Diff: 0, Sum: 0, Workers: 4
[1091.589s][debug][gc,phases      ] GC(30)     Total                          Min: 0, Avg: 256.2, Max: 833, Diff: 833, Sum: 1025, Workers: 4
[1091.589s][debug][gc,phases      ] GC(30)   ObjectSynchronizer Weak        Min:  0.0, Avg:  0.0, Max:  0.0, Diff:  0.0, Sum:  0.0, Workers: 4
[1091.590s][debug][gc,phases      ] GC(30)     Dead                           Min: 0, Avg:  0.0, Max: 0, Diff: 0, Sum: 0, Workers: 4
[1091.590s][debug][gc,phases      ] GC(30)     Total                          Min: 0, Avg:  0.8, Max: 3, Diff: 3, Sum: 3, Workers: 4
[1091.590s][debug][gc,phases      ] GC(30)   JVMTI Tag Weak OopStorage      Min:  0.0, Avg:  0.0, Max:  0.0, Diff:  0.0, Sum:  0.0, Workers: 4
[1091.590s][debug][gc,phases      ] GC(30)     Dead                           Min: 0, Avg:  0.0, Max: 0, Diff: 0, Sum: 0, Workers: 4
[1091.590s][debug][gc,phases      ] GC(30)     Total                          Min: 0, Avg:  0.0, Max: 0, Diff: 0, Sum: 0, Workers: 4
[1091.590s][debug][gc,phases      ] GC(30)   StringTable Weak               Min:  0.0, Avg:  0.1, Max:  0.1, Diff:  0.1, Sum:  0.4, Workers: 4
[1091.590s][debug][gc,phases      ] GC(30)     Dead                           Min: 0, Avg:  0.0, Max: 0, Diff: 0, Sum: 0, Workers: 4
[1091.590s][debug][gc,phases      ] GC(30)     Total                          Min: 0, Avg: 11586.2, Max: 16969, Diff: 16969, Sum: 46345, Workers: 4
[1091.590s][debug][gc,phases      ] GC(30)   ResolvedMethodTable Weak       Min:  0.0, Avg:  0.1, Max:  0.1, Diff:  0.1, Sum:  0.2, Workers: 4
[1091.590s][debug][gc,phases      ] GC(30)     Dead                           Min: 0, Avg:  4.0, Max: 13, Diff: 13, Sum: 16, Workers: 4
[1091.590s][debug][gc,phases      ] GC(30)     Total                          Min: 0, Avg: 3836.2, Max: 5850, Diff: 5850, Sum: 15345, Workers: 4
[1091.590s][debug][gc,phases      ] GC(30)   JNI Weak                       Min:  0.0, Avg:  0.0, Max:  0.0, Diff:  0.0, Sum:  0.0, Workers: 4
[1091.590s][debug][gc,phases      ] GC(30)     Dead                           Min: 0, Avg:  0.0, Max: 0, Diff: 0, Sum: 0, Workers: 4
[1091.590s][debug][gc,phases      ] GC(30)     Total                          Min: 0, Avg: 13.0, Max: 52, Diff: 52, Sum: 52, Workers: 4
[1091.590s][debug][gc,phases      ] GC(30)   StringDedup Table Weak         Min:  0.0, Avg:  0.0, Max:  0.0, Diff:  0.0, Sum:  0.0, Workers: 4
[1091.590s][debug][gc,phases      ] GC(30)     Dead                           Min: 0, Avg:  0.0, Max: 0, Diff: 0, Sum: 0, Workers: 4
[1091.590s][debug][gc,phases      ] GC(30)     Total                          Min: 0, Avg:  0.0, Max: 0, Diff: 0, Sum: 0, Workers: 4
[1091.590s][debug][gc,phases      ] GC(30)   StringDedup Requests0 Weak     Min:  0.0, Avg:  0.0, Max:  0.0, Diff:  0.0, Sum:  0.0, Workers: 4
[1091.590s][debug][gc,phases      ] GC(30)     Dead                           Min: 0, Avg:  0.0, Max: 0, Diff: 0, Sum: 0, Workers: 4
[1091.590s][debug][gc,phases      ] GC(30)     Total                          Min: 0, Avg:  0.0, Max: 0, Diff: 0, Sum: 0, Workers: 4
[1091.590s][debug][gc,phases      ] GC(30)   StringDedup Requests1 Weak     Min:  0.0, Avg:  0.0, Max:  0.0, Diff:  0.0, Sum:  0.0, Workers: 4
[1091.590s][debug][gc,phases      ] GC(30)     Dead                           Min: 0, Avg:  0.0, Max: 0, Diff: 0, Sum: 0, Workers: 4
[1091.590s][debug][gc,phases      ] GC(30)     Total                          Min: 0, Avg:  0.0, Max: 0, Diff: 0, Sum: 0, Workers: 4
[1091.590s][debug][gc,phases      ] GC(30)   Weak JFR Old Object Samples    Min:  0.0, Avg:  0.0, Max:  0.0, Diff:  0.0, Sum:  0.0, Workers: 4
[1091.590s][debug][gc,phases      ] GC(30)     Dead                           Min: 0, Avg:  0.0, Max: 0, Diff: 0, Sum: 0, Workers: 4
[1091.590s][debug][gc,phases      ] GC(30)     Total                          Min: 0, Avg:  0.0, Max: 0, Diff: 0, Sum: 0, Workers: 4
[1091.590s][debug][gc,phases      ] GC(30) Weak Processing 0.488ms
[1091.590s][debug][gc,age         ] GC(30) Desired survivor size 135266304 bytes, new threshold 1 (max threshold 15)
[1091.590s][info ][gc,heap        ] GC(30) PSYoungGen: 1793392K(1939456K)->3230K(1965056K) Eden: 1790464K(1790464K)->0K(1824256K) From: 2928K(148992K)->3230K(140800K)
[1091.590s][info ][gc,heap        ] GC(30) ParOldGen: 258371K(258560K)->259336K(259584K)
[1091.590s][info ][gc,metaspace   ] GC(30) Metaspace: 106057K(107392K)->106057K(107392K) NonClass: 89971K(90752K)->89971K(90752K) Class: 16086K(16640K)->16086K(16640K)
[1091.590s][info ][gc             ] GC(30) Pause Young (Allocation Failure) 2003M->256M(2172M) 3.412ms
[1091.590s][info ][gc,cpu         ] GC(30) User=0.01s Sys=0.00s Real=0.01s
[1091.590s][info ][safepoint      ] Safepoint "ParallelGCFailedAllocation", Time since last: 213415245 ns, Reaching safepoint: 84005 ns, Cleanup: 5100 ns, At safepoint: 3517810 ns, Total: 3606915 ns
[1104.591s][info ][safepoint      ] Safepoint "Cleanup", Time since last: 13001054164 ns, Reaching safepoint: 6701 ns, Cleanup: 10501 ns, At safepoint: 2600 ns, Total: 19802 ns
[1105.591s][info ][safepoint      ] Safepoint "Cleanup", Time since last: 1000121811 ns, Reaching safepoint: 6601 ns, Cleanup: 15601 ns, At safepoint: 2600 ns, Total: 24802 ns
[1107.591s][info ][safepoint      ] Safepoint "Cleanup", Time since last: 2000227622 ns, Reaching safepoint: 6201 ns, Cleanup: 12000 ns, At safepoint: 2601 ns, Total: 20802 ns
[1110.592s][info ][safepoint      ] Safepoint "Cleanup", Time since last: 3000299611 ns, Reaching safepoint: 6600 ns, Cleanup: 14701 ns, At safepoint: 2500 ns, Total: 23801 ns
[1111.592s][info ][safepoint      ] Safepoint "Cleanup", Time since last: 1000119173 ns, Reaching safepoint: 6700 ns, Cleanup: 16801 ns, At safepoint: 2500 ns, Total: 26001 ns
[1116.592s][info ][safepoint      ] Safepoint "Cleanup", Time since last: 5000423553 ns, Reaching safepoint: 6300 ns, Cleanup: 14501 ns, At safepoint: 2500 ns, Total: 23301 ns
[1118.592s][info ][safepoint      ] Safepoint "Cleanup", Time since last: 2000200120 ns, Reaching safepoint: 6701 ns, Cleanup: 18401 ns, At safepoint: 2300 ns, Total: 27402 ns
[1120.593s][info ][safepoint      ] Safepoint "Cleanup", Time since last: 2000232248 ns, Reaching safepoint: 8201 ns, Cleanup: 13101 ns, At safepoint: 3400 ns, Total: 24702 ns
[1121.593s][info ][safepoint      ] Safepoint "Cleanup", Time since last: 1000192528 ns, Reaching safepoint: 10701 ns, Cleanup: 15601 ns, At safepoint: 3200 ns, Total: 29502 ns
[1131.594s][info ][safepoint      ] Safepoint "Cleanup", Time since last: 10000811467 ns, Reaching safepoint: 6601 ns, Cleanup: 20001 ns, At safepoint: 2500 ns, Total: 29102 ns
[1136.594s][info ][safepoint      ] Safepoint "Cleanup", Time since last: 5000405804 ns, Reaching safepoint: 7200 ns, Cleanup: 11701 ns, At safepoint: 2400 ns, Total: 21301 ns
[1137.594s][info ][safepoint      ] Safepoint "Cleanup", Time since last: 1000121584 ns, Reaching safepoint: 6601 ns, Cleanup: 10800 ns, At safepoint: 2301 ns, Total: 19702 ns
[1140.595s][info ][safepoint      ] Safepoint "Cleanup", Time since last: 3000272247 ns, Reaching safepoint: 6701 ns, Cleanup: 13801 ns, At safepoint: 2700 ns, Total: 23202 ns
[1146.595s][info ][safepoint      ] Safepoint "Cleanup", Time since last: 6000527631 ns, Reaching safepoint: 6800 ns, Cleanup: 9901 ns, At safepoint: 2500 ns, Total: 19201 ns
[1158.286s][info ][gc,start       ] GC(31) Pause Young (Allocation Failure)
[1158.289s][debug][gc,phases      ] GC(31) Scavenge 2.934ms
[1158.289s][debug][gc,ref         ] GC(31) ReferenceProcessor::execute queues: 1, RefProcThreadModel::Single, marks_oops_alive: false
[1158.289s][debug][gc,ref         ] GC(31) Skipped KeepAliveFinalRefsPhase of Reference Processing: no references
[1158.289s][debug][gc,ref         ] GC(31) ReferenceProcessor::execute queues: 1, RefProcThreadModel::Single, marks_oops_alive: false
[1158.289s][debug][gc,phases      ] GC(31) Reference Processing 0.120ms
[1158.290s][debug][gc,phases      ] GC(31)   VM Weak                        Min:  0.0, Avg:  0.0, Max:  0.0, Diff:  0.0, Sum:  0.0, Workers: 4
[1158.290s][debug][gc,phases      ] GC(31)     Dead                           Min: 0, Avg:  0.0, Max: 0, Diff: 0, Sum: 0, Workers: 4
[1158.290s][debug][gc,phases      ] GC(31)     Total                          Min: 0, Avg: 256.2, Max: 576, Diff: 576, Sum: 1025, Workers: 4
[1158.290s][debug][gc,phases      ] GC(31)   ObjectSynchronizer Weak        Min:  0.0, Avg:  0.0, Max:  0.0, Diff:  0.0, Sum:  0.0, Workers: 4
[1158.290s][debug][gc,phases      ] GC(31)     Dead                           Min: 0, Avg:  0.0, Max: 0, Diff: 0, Sum: 0, Workers: 4
[1158.290s][debug][gc,phases      ] GC(31)     Total                          Min: 0, Avg:  0.8, Max: 3, Diff: 3, Sum: 3, Workers: 4
[1158.290s][debug][gc,phases      ] GC(31)   JVMTI Tag Weak OopStorage      Min:  0.0, Avg:  0.0, Max:  0.0, Diff:  0.0, Sum:  0.0, Workers: 4
[1158.290s][debug][gc,phases      ] GC(31)     Dead                           Min: 0, Avg:  0.0, Max: 0, Diff: 0, Sum: 0, Workers: 4
[1158.290s][debug][gc,phases      ] GC(31)     Total                          Min: 0, Avg:  0.0, Max: 0, Diff: 0, Sum: 0, Workers: 4
[1158.290s][debug][gc,phases      ] GC(31)   StringTable Weak               Min:  0.0, Avg:  0.1, Max:  0.2, Diff:  0.2, Sum:  0.5, Workers: 4
[1158.290s][debug][gc,phases      ] GC(31)     Dead                           Min: 0, Avg:  0.0, Max: 0, Diff: 0, Sum: 0, Workers: 4
[1158.290s][debug][gc,phases      ] GC(31)     Total                          Min: 1408, Avg: 11586.8, Max: 16203, Diff: 14795, Sum: 46347, Workers: 4
[1158.290s][debug][gc,phases      ] GC(31)   ResolvedMethodTable Weak       Min:  0.0, Avg:  0.0, Max:  0.0, Diff:  0.0, Sum:  0.2, Workers: 4
[1158.290s][debug][gc,phases      ] GC(31)     Dead                           Min: 0, Avg:  4.0, Max: 16, Diff: 16, Sum: 16, Workers: 4
[1158.290s][debug][gc,phases      ] GC(31)     Total                          Min: 3359, Avg: 3836.8, Max: 4170, Diff: 811, Sum: 15347, Workers: 4
[1158.290s][debug][gc,phases      ] GC(31)   JNI Weak                       Min:  0.0, Avg:  0.0, Max:  0.0, Diff:  0.0, Sum:  0.0, Workers: 4
[1158.290s][debug][gc,phases      ] GC(31)     Dead                           Min: 0, Avg:  0.0, Max: 0, Diff: 0, Sum: 0, Workers: 4
[1158.290s][debug][gc,phases      ] GC(31)     Total                          Min: 0, Avg: 13.0, Max: 52, Diff: 52, Sum: 52, Workers: 4
[1158.290s][debug][gc,phases      ] GC(31)   StringDedup Table Weak         Min:  0.0, Avg:  0.0, Max:  0.0, Diff:  0.0, Sum:  0.0, Workers: 4
[1158.290s][debug][gc,phases      ] GC(31)     Dead                           Min: 0, Avg:  0.0, Max: 0, Diff: 0, Sum: 0, Workers: 4
[1158.290s][debug][gc,phases      ] GC(31)     Total                          Min: 0, Avg:  0.0, Max: 0, Diff: 0, Sum: 0, Workers: 4
[1158.290s][debug][gc,phases      ] GC(31)   StringDedup Requests0 Weak     Min:  0.0, Avg:  0.0, Max:  0.0, Diff:  0.0, Sum:  0.0, Workers: 4
[1158.290s][debug][gc,phases      ] GC(31)     Dead                           Min: 0, Avg:  0.0, Max: 0, Diff: 0, Sum: 0, Workers: 4
[1158.290s][debug][gc,phases      ] GC(31)     Total                          Min: 0, Avg:  0.0, Max: 0, Diff: 0, Sum: 0, Workers: 4
[1158.290s][debug][gc,phases      ] GC(31)   StringDedup Requests1 Weak     Min:  0.0, Avg:  0.0, Max:  0.0, Diff:  0.0, Sum:  0.0, Workers: 4
[1158.290s][debug][gc,phases      ] GC(31)     Dead                           Min: 0, Avg:  0.0, Max: 0, Diff: 0, Sum: 0, Workers: 4
[1158.290s][debug][gc,phases      ] GC(31)     Total                          Min: 0, Avg:  0.0, Max: 0, Diff: 0, Sum: 0, Workers: 4
[1158.290s][debug][gc,phases      ] GC(31)   Weak JFR Old Object Samples    Min:  0.0, Avg:  0.0, Max:  0.0, Diff:  0.0, Sum:  0.0, Workers: 4
[1158.290s][debug][gc,phases      ] GC(31)     Dead                           Min: 0, Avg:  0.0, Max: 0, Diff: 0, Sum: 0, Workers: 4
[1158.290s][debug][gc,phases      ] GC(31)     Total                          Min: 0, Avg:  0.0, Max: 0, Diff: 0, Sum: 0, Workers: 4
[1158.290s][debug][gc,phases      ] GC(31) Weak Processing 0.462ms
[1158.290s][debug][gc,age         ] GC(31) Desired survivor size 127401984 bytes, new threshold 1 (max threshold 15)
[1158.290s][info ][gc,heap        ] GC(31) PSYoungGen: 1827486K(1965056K)->2855K(1956352K) Eden: 1824256K(1824256K)->0K(1824256K) From: 3230K(140800K)->2855K(132096K)
[1158.290s][info ][gc,heap        ] GC(31) ParOldGen: 259336K(259584K)->260490K(260608K)
[1158.290s][info ][gc,metaspace   ] GC(31) Metaspace: 106064K(107392K)->106064K(107392K) NonClass: 89977K(90752K)->89977K(90752K) Class: 16087K(16640K)->16087K(16640K)
[1158.290s][info ][gc             ] GC(31) Pause Young (Allocation Failure) 2037M->257M(2165M) 3.651ms
[1158.290s][info ][gc,cpu         ] GC(31) User=0.01s Sys=0.00s Real=0.01s
[1158.290s][info ][safepoint      ] Safepoint "ParallelGCFailedAllocation", Time since last: 11690948232 ns, Reaching safepoint: 7300 ns, Cleanup: 4600 ns, At safepoint: 3755529 ns, Total: 3767429 ns
[1161.290s][info ][safepoint      ] Safepoint "Cleanup", Time since last: 3000257448 ns, Reaching safepoint: 81205 ns, Cleanup: 11201 ns, At safepoint: 5700 ns, Total: 98106 ns
[1162.290s][info ][safepoint      ] Safepoint "Cleanup", Time since last: 1000107084 ns, Reaching safepoint: 80005 ns, Cleanup: 9901 ns, At safepoint: 7100 ns, Total: 97006 ns
[1167.291s][info ][safepoint      ] Safepoint "Cleanup", Time since last: 5000425985 ns, Reaching safepoint: 6801 ns, Cleanup: 11000 ns, At safepoint: 2400 ns, Total: 20201 ns
[1172.291s][info ][safepoint      ] Safepoint "Cleanup", Time since last: 5000414028 ns, Reaching safepoint: 78705 ns, Cleanup: 11300 ns, At safepoint: 6001 ns, Total: 96006 ns
[1175.292s][info ][safepoint      ] Safepoint "Cleanup", Time since last: 3000219578 ns, Reaching safepoint: 8000 ns, Cleanup: 12101 ns, At safepoint: 2600 ns, Total: 22701 ns
[1184.292s][info ][safepoint      ] Safepoint "Cleanup", Time since last: 9000715213 ns, Reaching safepoint: 7000 ns, Cleanup: 9101 ns, At safepoint: 3300 ns, Total: 19401 ns
[1191.293s][info ][safepoint      ] Safepoint "Cleanup", Time since last: 7000564969 ns, Reaching safepoint: 6800 ns, Cleanup: 14401 ns, At safepoint: 3001 ns, Total: 24202 ns
[1203.294s][info ][safepoint      ] Safepoint "Cleanup", Time since last: 12000906188 ns, Reaching safepoint: 7001 ns, Cleanup: 10800 ns, At safepoint: 2301 ns, Total: 20102 ns
[1206.294s][info ][safepoint      ] Safepoint "Cleanup", Time since last: 3000263704 ns, Reaching safepoint: 6901 ns, Cleanup: 9600 ns, At safepoint: 2500 ns, Total: 19001 ns
[1214.295s][info ][safepoint      ] Safepoint "Cleanup", Time since last: 8000634521 ns, Reaching safepoint: 7601 ns, Cleanup: 25201 ns, At safepoint: 2700 ns, Total: 35502 ns
[1220.295s][info ][safepoint      ] Safepoint "Cleanup", Time since last: 6000520174 ns, Reaching safepoint: 6701 ns, Cleanup: 9800 ns, At safepoint: 2800 ns, Total: 19301 ns
[1221.174s][info ][gc,start       ] GC(32) Pause Young (Allocation Failure)
[1221.177s][debug][gc,phases      ] GC(32) Scavenge 2.475ms
[1221.177s][debug][gc,ref         ] GC(32) ReferenceProcessor::execute queues: 1, RefProcThreadModel::Single, marks_oops_alive: false
[1221.177s][debug][gc,ref         ] GC(32) Skipped KeepAliveFinalRefsPhase of Reference Processing: no references
[1221.177s][debug][gc,ref         ] GC(32) ReferenceProcessor::execute queues: 1, RefProcThreadModel::Single, marks_oops_alive: false
[1221.177s][debug][gc,phases      ] GC(32) Reference Processing 0.117ms
[1221.177s][debug][gc,phases      ] GC(32)   VM Weak                        Min:  0.0, Avg:  0.0, Max:  0.0, Diff:  0.0, Sum:  0.0, Workers: 4
[1221.177s][debug][gc,phases      ] GC(32)     Dead                           Min: 0, Avg:  0.0, Max: 0, Diff: 0, Sum: 0, Workers: 4
[1221.177s][debug][gc,phases      ] GC(32)     Total                          Min: 0, Avg: 256.2, Max: 1024, Diff: 1024, Sum: 1025, Workers: 4
[1221.177s][debug][gc,phases      ] GC(32)   ObjectSynchronizer Weak        Min:  0.0, Avg:  0.0, Max:  0.0, Diff:  0.0, Sum:  0.0, Workers: 4
[1221.177s][debug][gc,phases      ] GC(32)     Dead                           Min: 0, Avg:  0.0, Max: 0, Diff: 0, Sum: 0, Workers: 4
[1221.177s][debug][gc,phases      ] GC(32)     Total                          Min: 0, Avg:  0.8, Max: 3, Diff: 3, Sum: 3, Workers: 4
[1221.177s][debug][gc,phases      ] GC(32)   JVMTI Tag Weak OopStorage      Min:  0.0, Avg:  0.0, Max:  0.0, Diff:  0.0, Sum:  0.0, Workers: 4
[1221.177s][debug][gc,phases      ] GC(32)     Dead                           Min: 0, Avg:  0.0, Max: 0, Diff: 0, Sum: 0, Workers: 4
[1221.177s][debug][gc,phases      ] GC(32)     Total                          Min: 0, Avg:  0.0, Max: 0, Diff: 0, Sum: 0, Workers: 4
[1221.177s][debug][gc,phases      ] GC(32)   StringTable Weak               Min:  0.0, Avg:  0.1, Max:  0.1, Diff:  0.1, Sum:  0.4, Workers: 4
[1221.177s][debug][gc,phases      ] GC(32)     Dead                           Min: 0, Avg:  0.0, Max: 0, Diff: 0, Sum: 0, Workers: 4
[1221.177s][debug][gc,phases      ] GC(32)     Total                          Min: 0, Avg: 11587.0, Max: 16064, Diff: 16064, Sum: 46348, Workers: 4
[1221.177s][debug][gc,phases      ] GC(32)   ResolvedMethodTable Weak       Min:  0.0, Avg:  0.0, Max:  0.1, Diff:  0.1, Sum:  0.2, Workers: 4
[1221.177s][debug][gc,phases      ] GC(32)     Dead                           Min: 0, Avg:  4.0, Max: 10, Diff: 10, Sum: 16, Workers: 4
[1221.177s][debug][gc,phases      ] GC(32)     Total                          Min: 0, Avg: 3836.8, Max: 5742, Diff: 5742, Sum: 15347, Workers: 4
[1221.177s][debug][gc,phases      ] GC(32)   JNI Weak                       Min:  0.0, Avg:  0.0, Max:  0.0, Diff:  0.0, Sum:  0.0, Workers: 4
[1221.177s][debug][gc,phases      ] GC(32)     Dead                           Min: 0, Avg:  0.0, Max: 0, Diff: 0, Sum: 0, Workers: 4
[1221.177s][debug][gc,phases      ] GC(32)     Total                          Min: 0, Avg: 13.0, Max: 52, Diff: 52, Sum: 52, Workers: 4
[1221.177s][debug][gc,phases      ] GC(32)   StringDedup Table Weak         Min:  0.0, Avg:  0.0, Max:  0.0, Diff:  0.0, Sum:  0.0, Workers: 4
[1221.177s][debug][gc,phases      ] GC(32)     Dead                           Min: 0, Avg:  0.0, Max: 0, Diff: 0, Sum: 0, Workers: 4
[1221.177s][debug][gc,phases      ] GC(32)     Total                          Min: 0, Avg:  0.0, Max: 0, Diff: 0, Sum: 0, Workers: 4
[1221.177s][debug][gc,phases      ] GC(32)   StringDedup Requests0 Weak     Min:  0.0, Avg:  0.0, Max:  0.0, Diff:  0.0, Sum:  0.0, Workers: 4
[1221.177s][debug][gc,phases      ] GC(32)     Dead                           Min: 0, Avg:  0.0, Max: 0, Diff: 0, Sum: 0, Workers: 4
[1221.177s][debug][gc,phases      ] GC(32)     Total                          Min: 0, Avg:  0.0, Max: 0, Diff: 0, Sum: 0, Workers: 4
[1221.177s][debug][gc,phases      ] GC(32)   StringDedup Requests1 Weak     Min:  0.0, Avg:  0.0, Max:  0.0, Diff:  0.0, Sum:  0.0, Workers: 4
[1221.177s][debug][gc,phases      ] GC(32)     Dead                           Min: 0, Avg:  0.0, Max: 0, Diff: 0, Sum: 0, Workers: 4
[1221.177s][debug][gc,phases      ] GC(32)     Total                          Min: 0, Avg:  0.0, Max: 0, Diff: 0, Sum: 0, Workers: 4
[1221.177s][debug][gc,phases      ] GC(32)   Weak JFR Old Object Samples    Min:  0.0, Avg:  0.0, Max:  0.0, Diff:  0.0, Sum:  0.0, Workers: 4
[1221.177s][debug][gc,phases      ] GC(32)     Dead                           Min: 0, Avg:  0.0, Max: 0, Diff: 0, Sum: 0, Workers: 4
[1221.177s][debug][gc,phases      ] GC(32)     Total                          Min: 0, Avg:  0.0, Max: 0, Diff: 0, Sum: 0, Workers: 4
[1221.177s][debug][gc,phases      ] GC(32) Weak Processing 0.447ms
[1221.177s][debug][gc,age         ] GC(32) Desired survivor size 119537664 bytes, new threshold 1 (max threshold 15)
[1221.177s][info ][gc,heap        ] GC(32) PSYoungGen: 1827111K(1956352K)->2640K(1980416K) Eden: 1824256K(1824256K)->0K(1856000K) From: 2855K(132096K)->2640K(124416K)
[1221.177s][info ][gc,heap        ] GC(32) ParOldGen: 260490K(260608K)->261373K(261632K)
[1221.177s][info ][gc,metaspace   ] GC(32) Metaspace: 106080K(107392K)->106080K(107392K) NonClass: 89993K(90752K)->89993K(90752K) Class: 16087K(16640K)->16087K(16640K)
[1221.177s][info ][gc             ] GC(32) Pause Young (Allocation Failure) 2038M->257M(2189M) 3.162ms
[1221.177s][info ][gc,cpu         ] GC(32) User=0.01s Sys=0.00s Real=0.00s
[1221.177s][info ][safepoint      ] Safepoint "ParallelGCFailedAllocation", Time since last: 878761577 ns, Reaching safepoint: 6400 ns, Cleanup: 3900 ns, At safepoint: 3238097 ns, Total: 3248397 ns
[1231.178s][info ][safepoint      ] Safepoint "Cleanup", Time since last: 10000734866 ns, Reaching safepoint: 6402 ns, Cleanup: 9502 ns, At safepoint: 2500 ns, Total: 18404 ns
[1234.178s][info ][safepoint      ] Safepoint "Cleanup", Time since last: 3000244791 ns, Reaching safepoint: 7901 ns, Cleanup: 9300 ns, At safepoint: 2401 ns, Total: 19602 ns
[1235.178s][info ][safepoint      ] Safepoint "Cleanup", Time since last: 1000108765 ns, Reaching safepoint: 11900 ns, Cleanup: 13401 ns, At safepoint: 3600 ns, Total: 28901 ns
[1240.179s][info ][safepoint      ] Safepoint "Cleanup", Time since last: 5000394853 ns, Reaching safepoint: 6700 ns, Cleanup: 12901 ns, At safepoint: 2300 ns, Total: 21901 ns
[1247.179s][info ][safepoint      ] Safepoint "Cleanup", Time since last: 7000537105 ns, Reaching safepoint: 10900 ns, Cleanup: 14001 ns, At safepoint: 3200 ns, Total: 28101 ns
[1249.180s][info ][safepoint      ] Safepoint "Cleanup", Time since last: 2000211558 ns, Reaching safepoint: 10501 ns, Cleanup: 13200 ns, At safepoint: 3101 ns, Total: 26802 ns
[1265.429s][info ][safepoint      ] Safepoint "Cleanup", Time since last: 16248803436 ns, Reaching safepoint: 7200 ns, Cleanup: 22802 ns, At safepoint: 2100 ns, Total: 32102 ns
[1266.429s][info ][safepoint      ] Safepoint "Cleanup", Time since last: 1000131172 ns, Reaching safepoint: 7401 ns, Cleanup: 9900 ns, At safepoint: 2500 ns, Total: 19801 ns
[1267.429s][info ][safepoint      ] Safepoint "Cleanup", Time since last: 1000127973 ns, Reaching safepoint: 7200 ns, Cleanup: 16301 ns, At safepoint: 2300 ns, Total: 25801 ns
[1268.429s][info ][safepoint      ] Safepoint "Cleanup", Time since last: 1000144173 ns, Reaching safepoint: 12701 ns, Cleanup: 19501 ns, At safepoint: 3001 ns, Total: 35203 ns
[1274.430s][info ][safepoint      ] Safepoint "Cleanup", Time since last: 6000505616 ns, Reaching safepoint: 7701 ns, Cleanup: 12400 ns, At safepoint: 2800 ns, Total: 22901 ns
[1283.456s][info ][gc,start       ] GC(33) Pause Young (Allocation Failure)
[1283.460s][debug][gc,phases      ] GC(33) Scavenge 4.182ms
[1283.461s][debug][gc,ref         ] GC(33) ReferenceProcessor::execute queues: 1, RefProcThreadModel::Single, marks_oops_alive: false
[1283.461s][debug][gc,ref         ] GC(33) Skipped KeepAliveFinalRefsPhase of Reference Processing: no references
[1283.461s][debug][gc,ref         ] GC(33) ReferenceProcessor::execute queues: 1, RefProcThreadModel::Single, marks_oops_alive: false
[1283.461s][debug][gc,phases      ] GC(33) Reference Processing 0.130ms
[1283.461s][debug][gc,phases      ] GC(33)   VM Weak                        Min:  0.0, Avg:  0.0, Max:  0.0, Diff:  0.0, Sum:  0.0, Workers: 4
[1283.461s][debug][gc,phases      ] GC(33)     Dead                           Min: 0, Avg:  0.0, Max: 0, Diff: 0, Sum: 0, Workers: 4
[1283.461s][debug][gc,phases      ] GC(33)     Total                          Min: 0, Avg: 256.2, Max: 704, Diff: 704, Sum: 1025, Workers: 4
[1283.461s][debug][gc,phases      ] GC(33)   ObjectSynchronizer Weak        Min:  0.0, Avg:  0.0, Max:  0.0, Diff:  0.0, Sum:  0.0, Workers: 4
[1283.461s][debug][gc,phases      ] GC(33)     Dead                           Min: 0, Avg:  0.0, Max: 0, Diff: 0, Sum: 0, Workers: 4
[1283.461s][debug][gc,phases      ] GC(33)     Total                          Min: 0, Avg:  1.0, Max: 4, Diff: 4, Sum: 4, Workers: 4
[1283.461s][debug][gc,phases      ] GC(33)   JVMTI Tag Weak OopStorage      Min:  0.0, Avg:  0.0, Max:  0.0, Diff:  0.0, Sum:  0.0, Workers: 4
[1283.461s][debug][gc,phases      ] GC(33)     Dead                           Min: 0, Avg:  0.0, Max: 0, Diff: 0, Sum: 0, Workers: 4
[1283.461s][debug][gc,phases      ] GC(33)     Total                          Min: 0, Avg:  0.0, Max: 0, Diff: 0, Sum: 0, Workers: 4
[1283.461s][debug][gc,phases      ] GC(33)   StringTable Weak               Min:  0.0, Avg:  0.1, Max:  0.1, Diff:  0.1, Sum:  0.4, Workers: 4
[1283.461s][debug][gc,phases      ] GC(33)     Dead                           Min: 0, Avg:  0.0, Max: 0, Diff: 0, Sum: 0, Workers: 4
[1283.461s][debug][gc,phases      ] GC(33)     Total                          Min: 0, Avg: 11587.2, Max: 16448, Diff: 16448, Sum: 46349, Workers: 4
[1283.461s][debug][gc,phases      ] GC(33)   ResolvedMethodTable Weak       Min:  0.0, Avg:  0.0, Max:  0.0, Diff:  0.0, Sum:  0.1, Workers: 4
[1283.461s][debug][gc,phases      ] GC(33)     Dead                           Min: 0, Avg:  4.0, Max: 14, Diff: 14, Sum: 16, Workers: 4
[1283.461s][debug][gc,phases      ] GC(33)     Total                          Min: 0, Avg: 3836.8, Max: 5418, Diff: 5418, Sum: 15347, Workers: 4
[1283.461s][debug][gc,phases      ] GC(33)   JNI Weak                       Min:  0.0, Avg:  0.0, Max:  0.0, Diff:  0.0, Sum:  0.0, Workers: 4
[1283.461s][debug][gc,phases      ] GC(33)     Dead                           Min: 0, Avg:  0.0, Max: 0, Diff: 0, Sum: 0, Workers: 4
[1283.461s][debug][gc,phases      ] GC(33)     Total                          Min: 0, Avg: 13.0, Max: 52, Diff: 52, Sum: 52, Workers: 4
[1283.461s][debug][gc,phases      ] GC(33)   StringDedup Table Weak         Min:  0.0, Avg:  0.0, Max:  0.0, Diff:  0.0, Sum:  0.0, Workers: 4
[1283.461s][debug][gc,phases      ] GC(33)     Dead                           Min: 0, Avg:  0.0, Max: 0, Diff: 0, Sum: 0, Workers: 4
[1283.461s][debug][gc,phases      ] GC(33)     Total                          Min: 0, Avg:  0.0, Max: 0, Diff: 0, Sum: 0, Workers: 4
[1283.461s][debug][gc,phases      ] GC(33)   StringDedup Requests0 Weak     Min:  0.0, Avg:  0.0, Max:  0.0, Diff:  0.0, Sum:  0.0, Workers: 4
[1283.461s][debug][gc,phases      ] GC(33)     Dead                           Min: 0, Avg:  0.0, Max: 0, Diff: 0, Sum: 0, Workers: 4
[1283.461s][debug][gc,phases      ] GC(33)     Total                          Min: 0, Avg:  0.0, Max: 0, Diff: 0, Sum: 0, Workers: 4
[1283.461s][debug][gc,phases      ] GC(33)   StringDedup Requests1 Weak     Min:  0.0, Avg:  0.0, Max:  0.0, Diff:  0.0, Sum:  0.0, Workers: 4
[1283.461s][debug][gc,phases      ] GC(33)     Dead                           Min: 0, Avg:  0.0, Max: 0, Diff: 0, Sum: 0, Workers: 4
[1283.461s][debug][gc,phases      ] GC(33)     Total                          Min: 0, Avg:  0.0, Max: 0, Diff: 0, Sum: 0, Workers: 4
[1283.461s][debug][gc,phases      ] GC(33)   Weak JFR Old Object Samples    Min:  0.0, Avg:  0.0, Max:  0.0, Diff:  0.0, Sum:  0.0, Workers: 4
[1283.461s][debug][gc,phases      ] GC(33)     Dead                           Min: 0, Avg:  0.0, Max: 0, Diff: 0, Sum: 0, Workers: 4
[1283.461s][debug][gc,phases      ] GC(33)     Total                          Min: 0, Avg:  0.0, Max: 0, Diff: 0, Sum: 0, Workers: 4
[1283.461s][debug][gc,phases      ] GC(33) Weak Processing 0.432ms
[1283.461s][debug][gc,age         ] GC(33) Desired survivor size 112197632 bytes, new threshold 1 (max threshold 15)
[1283.461s][info ][gc,heap        ] GC(33) PSYoungGen: 1858640K(1980416K)->2960K(1972736K) Eden: 1856000K(1856000K)->0K(1856000K) From: 2640K(124416K)->2960K(116736K)
[1283.461s][info ][gc,heap        ] GC(33) ParOldGen: 261373K(261632K)->261981K(262144K)
[1283.461s][info ][gc,metaspace   ] GC(33) Metaspace: 106099K(107392K)->106099K(107392K) NonClass: 90012K(90752K)->90012K(90752K) Class: 16087K(16640K)->16087K(16640K)
[1283.461s][info ][gc             ] GC(33) Pause Young (Allocation Failure) 2070M->258M(2182M) 4.894ms
[1283.461s][info ][gc,cpu         ] GC(33) User=0.01s Sys=0.00s Real=0.01s
[1283.461s][info ][safepoint      ] Safepoint "ParallelGCFailedAllocation", Time since last: 9026631980 ns, Reaching safepoint: 6201 ns, Cleanup: 4600 ns, At safepoint: 4973307 ns, Total: 4984108 ns
[1285.461s][info ][safepoint      ] Safepoint "Cleanup", Time since last: 2000167725 ns, Reaching safepoint: 6600 ns, Cleanup: 11001 ns, At safepoint: 2900 ns, Total: 20501 ns
[1300.463s][info ][safepoint      ] Safepoint "Cleanup", Time since last: 15001161243 ns, Reaching safepoint: 5901 ns, Cleanup: 10900 ns, At safepoint: 3201 ns, Total: 20002 ns
[1310.463s][info ][safepoint      ] Safepoint "Cleanup", Time since last: 10000809695 ns, Reaching safepoint: 7000 ns, Cleanup: 11601 ns, At safepoint: 2300 ns, Total: 20901 ns
[1312.464s][info ][safepoint      ] Safepoint "Cleanup", Time since last: 2000260465 ns, Reaching safepoint: 6001 ns, Cleanup: 9400 ns, At safepoint: 3001 ns, Total: 18402 ns
[1315.464s][info ][safepoint      ] Safepoint "Cleanup", Time since last: 3000278941 ns, Reaching safepoint: 7300 ns, Cleanup: 12201 ns, At safepoint: 2800 ns, Total: 22301 ns
[1316.464s][info ][safepoint      ] Safepoint "Cleanup", Time since last: 1000117182 ns, Reaching safepoint: 76905 ns, Cleanup: 9000 ns, At safepoint: 5501 ns, Total: 91406 ns
[1317.464s][info ][safepoint      ] Safepoint "Cleanup", Time since last: 1000107781 ns, Reaching safepoint: 7001 ns, Cleanup: 10900 ns, At safepoint: 2700 ns, Total: 20601 ns
[1320.447s][info ][safepoint      ] Safepoint "Cleanup", Time since last: 2982202975 ns, Reaching safepoint: 2501 ns, Cleanup: 8800 ns, At safepoint: 2300 ns, Total: 13601 ns
[1321.447s][info ][safepoint      ] Safepoint "Cleanup", Time since last: 1000139318 ns, Reaching safepoint: 6500 ns, Cleanup: 16101 ns, At safepoint: 3200 ns, Total: 25801 ns
[1324.447s][info ][safepoint      ] Safepoint "Cleanup", Time since last: 3000293445 ns, Reaching safepoint: 6701 ns, Cleanup: 15301 ns, At safepoint: 2200 ns, Total: 24202 ns
[1326.447s][info ][safepoint      ] Safepoint "Cleanup", Time since last: 2000210726 ns, Reaching safepoint: 7301 ns, Cleanup: 16301 ns, At safepoint: 2800 ns, Total: 26402 ns
[1327.447s][info ][safepoint      ] Safepoint "Cleanup", Time since last: 1000133783 ns, Reaching safepoint: 7401 ns, Cleanup: 14901 ns, At safepoint: 2700 ns, Total: 25002 ns
[1328.448s][info ][safepoint      ] Safepoint "Cleanup", Time since last: 1000119082 ns, Reaching safepoint: 6501 ns, Cleanup: 34002 ns, At safepoint: 2700 ns, Total: 43203 ns
[1329.448s][info ][safepoint      ] Safepoint "Cleanup", Time since last: 1000115682 ns, Reaching safepoint: 7000 ns, Cleanup: 11201 ns, At safepoint: 2400 ns, Total: 20601 ns
[1334.187s][info ][gc,start       ] GC(34) Pause Young (Allocation Failure)
[1334.191s][debug][gc,phases      ] GC(34) Scavenge 4.207ms
[1334.191s][debug][gc,ref         ] GC(34) ReferenceProcessor::execute queues: 1, RefProcThreadModel::Single, marks_oops_alive: false
[1334.191s][debug][gc,ref         ] GC(34) Skipped KeepAliveFinalRefsPhase of Reference Processing: no references
[1334.191s][debug][gc,ref         ] GC(34) ReferenceProcessor::execute queues: 1, RefProcThreadModel::Single, marks_oops_alive: false
[1334.191s][debug][gc,phases      ] GC(34) Reference Processing 0.129ms
[1334.192s][debug][gc,phases      ] GC(34)   VM Weak                        Min:  0.0, Avg:  0.0, Max:  0.0, Diff:  0.0, Sum:  0.0, Workers: 4
[1334.192s][debug][gc,phases      ] GC(34)     Dead                           Min: 0, Avg:  0.0, Max: 0, Diff: 0, Sum: 0, Workers: 4
[1334.192s][debug][gc,phases      ] GC(34)     Total                          Min: 0, Avg: 256.2, Max: 640, Diff: 640, Sum: 1025, Workers: 4
[1334.192s][debug][gc,phases      ] GC(34)   ObjectSynchronizer Weak        Min:  0.0, Avg:  0.0, Max:  0.0, Diff:  0.0, Sum:  0.0, Workers: 4
[1334.192s][debug][gc,phases      ] GC(34)     Dead                           Min: 0, Avg:  0.0, Max: 0, Diff: 0, Sum: 0, Workers: 4
[1334.192s][debug][gc,phases      ] GC(34)     Total                          Min: 0, Avg:  1.0, Max: 4, Diff: 4, Sum: 4, Workers: 4
[1334.192s][debug][gc,phases      ] GC(34)   JVMTI Tag Weak OopStorage      Min:  0.0, Avg:  0.0, Max:  0.0, Diff:  0.0, Sum:  0.0, Workers: 4
[1334.192s][debug][gc,phases      ] GC(34)     Dead                           Min: 0, Avg:  0.0, Max: 0, Diff: 0, Sum: 0, Workers: 4
[1334.192s][debug][gc,phases      ] GC(34)     Total                          Min: 0, Avg:  0.0, Max: 0, Diff: 0, Sum: 0, Workers: 4
[1334.192s][debug][gc,phases      ] GC(34)   StringTable Weak               Min:  0.0, Avg:  0.1, Max:  0.1, Diff:  0.1, Sum:  0.4, Workers: 4
[1334.192s][debug][gc,phases      ] GC(34)     Dead                           Min: 0, Avg:  0.0, Max: 0, Diff: 0, Sum: 0, Workers: 4
[1334.192s][debug][gc,phases      ] GC(34)     Total                          Min: 0, Avg: 11587.8, Max: 16896, Diff: 16896, Sum: 46351, Workers: 4
[1334.192s][debug][gc,phases      ] GC(34)   ResolvedMethodTable Weak       Min:  0.0, Avg:  0.0, Max:  0.1, Diff:  0.1, Sum:  0.2, Workers: 4
[1334.192s][debug][gc,phases      ] GC(34)     Dead                           Min: 0, Avg:  4.0, Max: 16, Diff: 16, Sum: 16, Workers: 4
[1334.192s][debug][gc,phases      ] GC(34)     Total                          Min: 0, Avg: 3836.8, Max: 6123, Diff: 6123, Sum: 15347, Workers: 4
[1334.192s][debug][gc,phases      ] GC(34)   JNI Weak                       Min:  0.0, Avg:  0.0, Max:  0.0, Diff:  0.0, Sum:  0.0, Workers: 4
[1334.192s][debug][gc,phases      ] GC(34)     Dead                           Min: 0, Avg:  0.0, Max: 0, Diff: 0, Sum: 0, Workers: 4
[1334.192s][debug][gc,phases      ] GC(34)     Total                          Min: 0, Avg: 13.0, Max: 52, Diff: 52, Sum: 52, Workers: 4
[1334.192s][debug][gc,phases      ] GC(34)   StringDedup Table Weak         Min:  0.0, Avg:  0.0, Max:  0.0, Diff:  0.0, Sum:  0.0, Workers: 4
[1334.192s][debug][gc,phases      ] GC(34)     Dead                           Min: 0, Avg:  0.0, Max: 0, Diff: 0, Sum: 0, Workers: 4
[1334.192s][debug][gc,phases      ] GC(34)     Total                          Min: 0, Avg:  0.0, Max: 0, Diff: 0, Sum: 0, Workers: 4
[1334.192s][debug][gc,phases      ] GC(34)   StringDedup Requests0 Weak     Min:  0.0, Avg:  0.0, Max:  0.0, Diff:  0.0, Sum:  0.0, Workers: 4
[1334.192s][debug][gc,phases      ] GC(34)     Dead                           Min: 0, Avg:  0.0, Max: 0, Diff: 0, Sum: 0, Workers: 4
[1334.192s][debug][gc,phases      ] GC(34)     Total                          Min: 0, Avg:  0.0, Max: 0, Diff: 0, Sum: 0, Workers: 4
[1334.192s][debug][gc,phases      ] GC(34)   StringDedup Requests1 Weak     Min:  0.0, Avg:  0.0, Max:  0.0, Diff:  0.0, Sum:  0.0, Workers: 4
[1334.192s][debug][gc,phases      ] GC(34)     Dead                           Min: 0, Avg:  0.0, Max: 0, Diff: 0, Sum: 0, Workers: 4
[1334.192s][debug][gc,phases      ] GC(34)     Total                          Min: 0, Avg:  0.0, Max: 0, Diff: 0, Sum: 0, Workers: 4
[1334.192s][debug][gc,phases      ] GC(34)   Weak JFR Old Object Samples    Min:  0.0, Avg:  0.0, Max:  0.0, Diff:  0.0, Sum:  0.0, Workers: 4
[1334.192s][debug][gc,phases      ] GC(34)     Dead                           Min: 0, Avg:  0.0, Max: 0, Diff: 0, Sum: 0, Workers: 4
[1334.192s][debug][gc,phases      ] GC(34)     Total                          Min: 0, Avg:  0.0, Max: 0, Diff: 0, Sum: 0, Workers: 4
[1334.192s][debug][gc,phases      ] GC(34) Weak Processing 0.454ms
[1334.192s][debug][gc,age         ] GC(34) Desired survivor size 104333312 bytes, new threshold 1 (max threshold 15)
[1334.192s][info ][gc,heap        ] GC(34) PSYoungGen: 1858960K(1972736K)->4480K(1995264K) Eden: 1856000K(1856000K)->0K(1885696K) From: 2960K(116736K)->4480K(109568K)
[1334.192s][info ][gc,heap        ] GC(34) ParOldGen: 261981K(262144K)->262661K(263168K)
[1334.192s][info ][gc,metaspace   ] GC(34) Metaspace: 106125K(107456K)->106125K(107456K) NonClass: 90037K(90816K)->90037K(90816K) Class: 16087K(16640K)->16087K(16640K)
[1334.192s][info ][gc             ] GC(34) Pause Young (Allocation Failure) 2071M->260M(2205M) 4.959ms
[1334.192s][info ][gc,cpu         ] GC(34) User=0.02s Sys=0.00s Real=0.01s
[1334.192s][info ][safepoint      ] Safepoint "ParallelGCFailedAllocation", Time since last: 4739086335 ns, Reaching safepoint: 82506 ns, Cleanup: 3600 ns, At safepoint: 5037609 ns, Total: 5123715 ns
[1337.192s][info ][safepoint      ] Safepoint "Cleanup", Time since last: 3000250445 ns, Reaching safepoint: 80205 ns, Cleanup: 11800 ns, At safepoint: 7501 ns, Total: 99506 ns
[1339.193s][info ][safepoint      ] Safepoint "Cleanup", Time since last: 2000186920 ns, Reaching safepoint: 80005 ns, Cleanup: 12200 ns, At safepoint: 6901 ns, Total: 99106 ns
[1342.193s][info ][safepoint      ] Safepoint "Cleanup", Time since last: 3000271679 ns, Reaching safepoint: 87006 ns, Cleanup: 10900 ns, At safepoint: 6401 ns, Total: 104307 ns
[1345.193s][info ][safepoint      ] Safepoint "Cleanup", Time since last: 3000258711 ns, Reaching safepoint: 145909 ns, Cleanup: 8401 ns, At safepoint: 8901 ns, Total: 163211 ns
[1347.194s][info ][safepoint      ] Safepoint "Cleanup", Time since last: 2000186353 ns, Reaching safepoint: 80105 ns, Cleanup: 10801 ns, At safepoint: 8400 ns, Total: 99306 ns
[1348.194s][info ][safepoint      ] Safepoint "Cleanup", Time since last: 1000121829 ns, Reaching safepoint: 6300 ns, Cleanup: 10701 ns, At safepoint: 2300 ns, Total: 19301 ns
[1353.194s][info ][safepoint      ] Safepoint "Cleanup", Time since last: 5000422181 ns, Reaching safepoint: 6901 ns, Cleanup: 11900 ns, At safepoint: 2700 ns, Total: 21501 ns
[1361.195s][info ][safepoint      ] Safepoint "Cleanup", Time since last: 8000634761 ns, Reaching safepoint: 7101 ns, Cleanup: 11001 ns, At safepoint: 2800 ns, Total: 20902 ns
[1370.196s][info ][safepoint      ] Safepoint "Cleanup", Time since last: 9000739299 ns, Reaching safepoint: 7001 ns, Cleanup: 12200 ns, At safepoint: 2800 ns, Total: 22001 ns
[1373.196s][info ][safepoint      ] Safepoint "Cleanup", Time since last: 3000269724 ns, Reaching safepoint: 6500 ns, Cleanup: 18801 ns, At safepoint: 2300 ns, Total: 27601 ns
[1375.736s][info ][gc,start       ] GC(35) Pause Young (Allocation Failure)
[1375.740s][debug][gc,phases      ] GC(35) Scavenge 3.528ms
[1375.740s][debug][gc,ref         ] GC(35) ReferenceProcessor::execute queues: 1, RefProcThreadModel::Single, marks_oops_alive: false
[1375.740s][debug][gc,ref         ] GC(35) Skipped KeepAliveFinalRefsPhase of Reference Processing: no references
[1375.740s][debug][gc,ref         ] GC(35) Skipped PhantomRefsPhase of Reference Processing: no references
[1375.740s][debug][gc,phases      ] GC(35) Reference Processing 0.117ms
[1375.740s][debug][gc,phases      ] GC(35)   VM Weak                        Min:  0.0, Avg:  0.0, Max:  0.0, Diff:  0.0, Sum:  0.0, Workers: 4
[1375.740s][debug][gc,phases      ] GC(35)     Dead                           Min: 0, Avg:  0.0, Max: 0, Diff: 0, Sum: 0, Workers: 4
[1375.740s][debug][gc,phases      ] GC(35)     Total                          Min: 0, Avg: 256.2, Max: 513, Diff: 513, Sum: 1025, Workers: 4
[1375.741s][debug][gc,phases      ] GC(35)   ObjectSynchronizer Weak        Min:  0.0, Avg:  0.0, Max:  0.0, Diff:  0.0, Sum:  0.0, Workers: 4
[1375.741s][debug][gc,phases      ] GC(35)     Dead                           Min: 0, Avg:  0.0, Max: 0, Diff: 0, Sum: 0, Workers: 4
[1375.741s][debug][gc,phases      ] GC(35)     Total                          Min: 0, Avg:  1.0, Max: 4, Diff: 4, Sum: 4, Workers: 4
[1375.741s][debug][gc,phases      ] GC(35)   JVMTI Tag Weak OopStorage      Min:  0.0, Avg:  0.0, Max:  0.0, Diff:  0.0, Sum:  0.0, Workers: 4
[1375.741s][debug][gc,phases      ] GC(35)     Dead                           Min: 0, Avg:  0.0, Max: 0, Diff: 0, Sum: 0, Workers: 4
[1375.741s][debug][gc,phases      ] GC(35)     Total                          Min: 0, Avg:  0.0, Max: 0, Diff: 0, Sum: 0, Workers: 4
[1375.741s][debug][gc,phases      ] GC(35)   StringTable Weak               Min:  0.0, Avg:  0.1, Max:  0.2, Diff:  0.1, Sum:  0.5, Workers: 4
[1375.741s][debug][gc,phases      ] GC(35)     Dead                           Min: 0, Avg:  0.0, Max: 0, Diff: 0, Sum: 0, Workers: 4
[1375.741s][debug][gc,phases      ] GC(35)     Total                          Min: 2582, Avg: 11589.5, Max: 14976, Diff: 12394, Sum: 46358, Workers: 4
[1375.741s][debug][gc,phases      ] GC(35)   ResolvedMethodTable Weak       Min:  0.0, Avg:  0.0, Max:  0.0, Diff:  0.0, Sum:  0.2, Workers: 4
[1375.741s][debug][gc,phases      ] GC(35)     Dead                           Min: 0, Avg:  4.0, Max: 16, Diff: 16, Sum: 16, Workers: 4
[1375.741s][debug][gc,phases      ] GC(35)     Total                          Min: 3491, Avg: 3836.8, Max: 4411, Diff: 920, Sum: 15347, Workers: 4
[1375.741s][debug][gc,phases      ] GC(35)   JNI Weak                       Min:  0.0, Avg:  0.0, Max:  0.0, Diff:  0.0, Sum:  0.0, Workers: 4
[1375.741s][debug][gc,phases      ] GC(35)     Dead                           Min: 0, Avg:  0.0, Max: 0, Diff: 0, Sum: 0, Workers: 4
[1375.741s][debug][gc,phases      ] GC(35)     Total                          Min: 0, Avg: 13.0, Max: 52, Diff: 52, Sum: 52, Workers: 4
[1375.741s][debug][gc,phases      ] GC(35)   StringDedup Table Weak         Min:  0.0, Avg:  0.0, Max:  0.0, Diff:  0.0, Sum:  0.0, Workers: 4
[1375.741s][debug][gc,phases      ] GC(35)     Dead                           Min: 0, Avg:  0.0, Max: 0, Diff: 0, Sum: 0, Workers: 4
[1375.741s][debug][gc,phases      ] GC(35)     Total                          Min: 0, Avg:  0.0, Max: 0, Diff: 0, Sum: 0, Workers: 4
[1375.741s][debug][gc,phases      ] GC(35)   StringDedup Requests0 Weak     Min:  0.0, Avg:  0.0, Max:  0.0, Diff:  0.0, Sum:  0.0, Workers: 4
[1375.741s][debug][gc,phases      ] GC(35)     Dead                           Min: 0, Avg:  0.0, Max: 0, Diff: 0, Sum: 0, Workers: 4
[1375.741s][debug][gc,phases      ] GC(35)     Total                          Min: 0, Avg:  0.0, Max: 0, Diff: 0, Sum: 0, Workers: 4
[1375.741s][debug][gc,phases      ] GC(35)   StringDedup Requests1 Weak     Min:  0.0, Avg:  0.0, Max:  0.0, Diff:  0.0, Sum:  0.0, Workers: 4
[1375.741s][debug][gc,phases      ] GC(35)     Dead                           Min: 0, Avg:  0.0, Max: 0, Diff: 0, Sum: 0, Workers: 4
[1375.741s][debug][gc,phases      ] GC(35)     Total                          Min: 0, Avg:  0.0, Max: 0, Diff: 0, Sum: 0, Workers: 4
[1375.741s][debug][gc,phases      ] GC(35)   Weak JFR Old Object Samples    Min:  0.0, Avg:  0.0, Max:  0.0, Diff:  0.0, Sum:  0.0, Workers: 4
[1375.741s][debug][gc,phases      ] GC(35)     Dead                           Min: 0, Avg:  0.0, Max: 0, Diff: 0, Sum: 0, Workers: 4
[1375.741s][debug][gc,phases      ] GC(35)     Total                          Min: 0, Avg:  0.0, Max: 0, Diff: 0, Sum: 0, Workers: 4
[1375.741s][debug][gc,phases      ] GC(35) Weak Processing 0.444ms
[1375.741s][debug][gc,age         ] GC(35) Desired survivor size 98041856 bytes, new threshold 1 (max threshold 15)
[1375.741s][info ][gc,heap        ] GC(35) PSYoungGen: 1890176K(1995264K)->2160K(1987584K) Eden: 1885696K(1885696K)->0K(1885696K) From: 4480K(109568K)->2160K(101888K)
[1375.741s][info ][gc,heap        ] GC(35) ParOldGen: 262661K(263168K)->265522K(265728K)
[1375.741s][info ][gc,metaspace   ] GC(35) Metaspace: 106160K(107456K)->106160K(107456K) NonClass: 90072K(90816K)->90072K(90816K) Class: 16087K(16640K)->16087K(16640K)
[1375.741s][info ][gc             ] GC(35) Pause Young (Allocation Failure) 2102M->261M(2200M) 4.226ms
[1375.741s][info ][gc,cpu         ] GC(35) User=0.01s Sys=0.00s Real=0.01s
[1375.741s][info ][safepoint      ] Safepoint "ParallelGCFailedAllocation", Time since last: 2540456366 ns, Reaching safepoint: 79805 ns, Cleanup: 5200 ns, At safepoint: 4304448 ns, Total: 4389453 ns
[1377.741s][info ][safepoint      ] Safepoint "Cleanup", Time since last: 2000176229 ns, Reaching safepoint: 78604 ns, Cleanup: 18201 ns, At safepoint: 6601 ns, Total: 103406 ns
[1378.741s][info ][safepoint      ] Safepoint "Cleanup", Time since last: 1000128767 ns, Reaching safepoint: 81604 ns, Cleanup: 10401 ns, At safepoint: 8000 ns, Total: 100005 ns
[1380.465s][info ][safepoint      ] Safepoint "Cleanup", Time since last: 1723926921 ns, Reaching safepoint: 3300 ns, Cleanup: 14001 ns, At safepoint: 4400 ns, Total: 21701 ns
[1385.466s][info ][safepoint      ] Safepoint "Cleanup", Time since last: 5000481782 ns, Reaching safepoint: 6401 ns, Cleanup: 13300 ns, At safepoint: 2700 ns, Total: 22401 ns
[1386.466s][info ][safepoint      ] Safepoint "Cleanup", Time since last: 1000115592 ns, Reaching safepoint: 80405 ns, Cleanup: 11401 ns, At safepoint: 6300 ns, Total: 98106 ns
[1387.466s][info ][safepoint      ] Safepoint "Cleanup", Time since last: 1000130293 ns, Reaching safepoint: 6400 ns, Cleanup: 14101 ns, At safepoint: 3200 ns, Total: 23701 ns
[1391.466s][info ][safepoint      ] Safepoint "Cleanup", Time since last: 4000359470 ns, Reaching safepoint: 8901 ns, Cleanup: 18301 ns, At safepoint: 2500 ns, Total: 29702 ns
[1409.468s][info ][safepoint      ] Safepoint "Cleanup", Time since last: 18001361246 ns, Reaching safepoint: 6201 ns, Cleanup: 10200 ns, At safepoint: 30302 ns, Total: 46703 ns
[1411.468s][info ][safepoint      ] Safepoint "Cleanup", Time since last: 2000193344 ns, Reaching safepoint: 6000 ns, Cleanup: 10101 ns, At safepoint: 2500 ns, Total: 18601 ns
[1414.468s][info ][safepoint      ] Safepoint "Cleanup", Time since last: 3000270352 ns, Reaching safepoint: 6900 ns, Cleanup: 11101 ns, At safepoint: 3100 ns, Total: 21101 ns
[1417.469s][info ][safepoint      ] Safepoint "Cleanup", Time since last: 3000274551 ns, Reaching safepoint: 6301 ns, Cleanup: 10901 ns, At safepoint: 2200 ns, Total: 19402 ns
[1418.469s][info ][safepoint      ] Safepoint "Cleanup", Time since last: 1000114652 ns, Reaching safepoint: 7400 ns, Cleanup: 32502 ns, At safepoint: 2700 ns, Total: 42602 ns
[1421.469s][info ][safepoint      ] Safepoint "Cleanup", Time since last: 3000295353 ns, Reaching safepoint: 6200 ns, Cleanup: 12901 ns, At safepoint: 2800 ns, Total: 21901 ns
[1422.469s][info ][safepoint      ] Safepoint "Cleanup", Time since last: 1000143555 ns, Reaching safepoint: 8401 ns, Cleanup: 21401 ns, At safepoint: 3400 ns, Total: 33202 ns
[1423.469s][info ][safepoint      ] Safepoint "Cleanup", Time since last: 1000124795 ns, Reaching safepoint: 5900 ns, Cleanup: 9801 ns, At safepoint: 2800 ns, Total: 18501 ns
[1424.470s][info ][safepoint      ] Safepoint "Cleanup", Time since last: 1000121494 ns, Reaching safepoint: 6201 ns, Cleanup: 16801 ns, At safepoint: 2700 ns, Total: 25702 ns
[1426.470s][info ][safepoint      ] Safepoint "Cleanup", Time since last: 2000196186 ns, Reaching safepoint: 6500 ns, Cleanup: 16501 ns, At safepoint: 2400 ns, Total: 25401 ns
[1427.470s][info ][safepoint      ] Safepoint "Cleanup", Time since last: 1000123995 ns, Reaching safepoint: 6600 ns, Cleanup: 15601 ns, At safepoint: 3000 ns, Total: 25201 ns
[1428.470s][info ][safepoint      ] Safepoint "Cleanup", Time since last: 1000122495 ns, Reaching safepoint: 7000 ns, Cleanup: 12801 ns, At safepoint: 2500 ns, Total: 22301 ns
[1430.812s][info ][gc,start       ] GC(36) Pause Young (Allocation Failure)
[1430.819s][debug][gc,phases      ] GC(36) Scavenge 6.544ms
[1430.819s][debug][gc,ref         ] GC(36) ReferenceProcessor::execute queues: 1, RefProcThreadModel::Single, marks_oops_alive: false
[1430.819s][debug][gc,ref         ] GC(36) Skipped KeepAliveFinalRefsPhase of Reference Processing: no references
[1430.819s][debug][gc,ref         ] GC(36) ReferenceProcessor::execute queues: 1, RefProcThreadModel::Single, marks_oops_alive: false
[1430.819s][debug][gc,phases      ] GC(36) Reference Processing 0.120ms
[1430.819s][debug][gc,phases      ] GC(36)   VM Weak                        Min:  0.0, Avg:  0.0, Max:  0.0, Diff:  0.0, Sum:  0.0, Workers: 4
[1430.819s][debug][gc,phases      ] GC(36)     Dead                           Min: 0, Avg:  0.0, Max: 0, Diff: 0, Sum: 0, Workers: 4
[1430.819s][debug][gc,phases      ] GC(36)     Total                          Min: 0, Avg: 256.2, Max: 1024, Diff: 1024, Sum: 1025, Workers: 4
[1430.819s][debug][gc,phases      ] GC(36)   ObjectSynchronizer Weak        Min:  0.0, Avg:  0.0, Max:  0.0, Diff:  0.0, Sum:  0.0, Workers: 4
[1430.819s][debug][gc,phases      ] GC(36)     Dead                           Min: 0, Avg:  0.0, Max: 0, Diff: 0, Sum: 0, Workers: 4
[1430.819s][debug][gc,phases      ] GC(36)     Total                          Min: 0, Avg:  1.0, Max: 4, Diff: 4, Sum: 4, Workers: 4
[1430.819s][debug][gc,phases      ] GC(36)   JVMTI Tag Weak OopStorage      Min:  0.0, Avg:  0.0, Max:  0.0, Diff:  0.0, Sum:  0.0, Workers: 4
[1430.819s][debug][gc,phases      ] GC(36)     Dead                           Min: 0, Avg:  0.0, Max: 0, Diff: 0, Sum: 0, Workers: 4
[1430.819s][debug][gc,phases      ] GC(36)     Total                          Min: 0, Avg:  0.0, Max: 0, Diff: 0, Sum: 0, Workers: 4
[1430.819s][debug][gc,phases      ] GC(36)   StringTable Weak               Min:  0.0, Avg:  0.1, Max:  0.1, Diff:  0.1, Sum:  0.4, Workers: 4
[1430.819s][debug][gc,phases      ] GC(36)     Dead                           Min: 0, Avg:  0.0, Max: 0, Diff: 0, Sum: 0, Workers: 4
[1430.819s][debug][gc,phases      ] GC(36)     Total                          Min: 0, Avg: 11590.0, Max: 16320, Diff: 16320, Sum: 46360, Workers: 4
[1430.819s][debug][gc,phases      ] GC(36)   ResolvedMethodTable Weak       Min:  0.0, Avg:  0.0, Max:  0.1, Diff:  0.1, Sum:  0.2, Workers: 4
[1430.819s][debug][gc,phases      ] GC(36)     Dead                           Min: 0, Avg:  4.0, Max: 16, Diff: 16, Sum: 16, Workers: 4
[1430.819s][debug][gc,phases      ] GC(36)     Total                          Min: 0, Avg: 3836.8, Max: 5390, Diff: 5390, Sum: 15347, Workers: 4
[1430.819s][debug][gc,phases      ] GC(36)   JNI Weak                       Min:  0.0, Avg:  0.0, Max:  0.0, Diff:  0.0, Sum:  0.0, Workers: 4
[1430.819s][debug][gc,phases      ] GC(36)     Dead                           Min: 0, Avg:  0.0, Max: 0, Diff: 0, Sum: 0, Workers: 4
[1430.819s][debug][gc,phases      ] GC(36)     Total                          Min: 0, Avg: 13.0, Max: 52, Diff: 52, Sum: 52, Workers: 4
[1430.819s][debug][gc,phases      ] GC(36)   StringDedup Table Weak         Min:  0.0, Avg:  0.0, Max:  0.0, Diff:  0.0, Sum:  0.0, Workers: 4
[1430.819s][debug][gc,phases      ] GC(36)     Dead                           Min: 0, Avg:  0.0, Max: 0, Diff: 0, Sum: 0, Workers: 4
[1430.819s][debug][gc,phases      ] GC(36)     Total                          Min: 0, Avg:  0.0, Max: 0, Diff: 0, Sum: 0, Workers: 4
[1430.819s][debug][gc,phases      ] GC(36)   StringDedup Requests0 Weak     Min:  0.0, Avg:  0.0, Max:  0.0, Diff:  0.0, Sum:  0.0, Workers: 4
[1430.819s][debug][gc,phases      ] GC(36)     Dead                           Min: 0, Avg:  0.0, Max: 0, Diff: 0, Sum: 0, Workers: 4
[1430.819s][debug][gc,phases      ] GC(36)     Total                          Min: 0, Avg:  0.0, Max: 0, Diff: 0, Sum: 0, Workers: 4
[1430.819s][debug][gc,phases      ] GC(36)   StringDedup Requests1 Weak     Min:  0.0, Avg:  0.0, Max:  0.0, Diff:  0.0, Sum:  0.0, Workers: 4
[1430.819s][debug][gc,phases      ] GC(36)     Dead                           Min: 0, Avg:  0.0, Max: 0, Diff: 0, Sum: 0, Workers: 4
[1430.819s][debug][gc,phases      ] GC(36)     Total                          Min: 0, Avg:  0.0, Max: 0, Diff: 0, Sum: 0, Workers: 4
[1430.819s][debug][gc,phases      ] GC(36)   Weak JFR Old Object Samples    Min:  0.0, Avg:  0.0, Max:  0.0, Diff:  0.0, Sum:  0.0, Workers: 4
[1430.819s][debug][gc,phases      ] GC(36)     Dead                           Min: 0, Avg:  0.0, Max: 0, Diff: 0, Sum: 0, Workers: 4
[1430.819s][debug][gc,phases      ] GC(36)     Total                          Min: 0, Avg:  0.0, Max: 0, Diff: 0, Sum: 0, Workers: 4
[1430.819s][debug][gc,phases      ] GC(36) Weak Processing 0.436ms
[1430.819s][debug][gc,age         ] GC(36) Desired survivor size 90701824 bytes, new threshold 1 (max threshold 15)
[1430.819s][info ][gc,heap        ] GC(36) PSYoungGen: 1887856K(1987584K)->8704K(2008576K) Eden: 1885696K(1885696K)->0K(1912832K) From: 2160K(101888K)->8704K(95744K)
[1430.819s][info ][gc,heap        ] GC(36) ParOldGen: 265522K(265728K)->266182K(266240K)
[1430.819s][info ][gc,metaspace   ] GC(36) Metaspace: 106176K(107520K)->106176K(107520K) NonClass: 90089K(90880K)->90089K(90880K) Class: 16087K(16640K)->16087K(16640K)
[1430.819s][info ][gc             ] GC(36) Pause Young (Allocation Failure) 2102M->268M(2221M) 7.264ms
[1430.819s][info ][gc,cpu         ] GC(36) User=0.02s Sys=0.00s Real=0.01s
[1430.819s][info ][safepoint      ] Safepoint "ParallelGCFailedAllocation", Time since last: 2341821544 ns, Reaching safepoint: 5500 ns, Cleanup: 3800 ns, At safepoint: 7339591 ns, Total: 7348891 ns
[1438.820s][info ][safepoint      ] Safepoint "Cleanup", Time since last: 8000635801 ns, Reaching safepoint: 6600 ns, Cleanup: 9801 ns, At safepoint: 2500 ns, Total: 18901 ns
[1447.484s][info ][safepoint      ] Safepoint "Cleanup", Time since last: 8663729187 ns, Reaching safepoint: 10100 ns, Cleanup: 17201 ns, At safepoint: 3001 ns, Total: 30302 ns
[1449.484s][info ][safepoint      ] Safepoint "Cleanup", Time since last: 2000202266 ns, Reaching safepoint: 81705 ns, Cleanup: 14101 ns, At safepoint: 6500 ns, Total: 102306 ns
[1457.485s][info ][safepoint      ] Safepoint "Cleanup", Time since last: 8000677251 ns, Reaching safepoint: 79405 ns, Cleanup: 10300 ns, At safepoint: 6401 ns, Total: 96106 ns
[1461.485s][info ][safepoint      ] Safepoint "Cleanup", Time since last: 4000415459 ns, Reaching safepoint: 106307 ns, Cleanup: 12900 ns, At safepoint: 14401 ns, Total: 133608 ns
[1470.486s][info ][safepoint      ] Safepoint "Cleanup", Time since last: 9000778004 ns, Reaching safepoint: 77705 ns, Cleanup: 28301 ns, At safepoint: 6601 ns, Total: 112607 ns
[1480.487s][info ][safepoint      ] Safepoint "Cleanup", Time since last: 10000822762 ns, Reaching safepoint: 80205 ns, Cleanup: 10400 ns, At safepoint: 6701 ns, Total: 97306 ns
[1481.487s][info ][safepoint      ] Safepoint "Cleanup", Time since last: 1000145622 ns, Reaching safepoint: 83105 ns, Cleanup: 11101 ns, At safepoint: 6900 ns, Total: 101106 ns
[1492.488s][info ][safepoint      ] Safepoint "Cleanup", Time since last: 11000955716 ns, Reaching safepoint: 80405 ns, Cleanup: 10101 ns, At safepoint: 6000 ns, Total: 96506 ns
[1493.437s][info ][gc,start       ] GC(37) Pause Young (Allocation Failure)
[1493.444s][debug][gc,phases      ] GC(37) Scavenge 6.848ms
[1493.444s][debug][gc,ref         ] GC(37) ReferenceProcessor::execute queues: 1, RefProcThreadModel::Single, marks_oops_alive: false
[1493.444s][debug][gc,ref         ] GC(37) Skipped KeepAliveFinalRefsPhase of Reference Processing: no references
[1493.444s][debug][gc,ref         ] GC(37) ReferenceProcessor::execute queues: 1, RefProcThreadModel::Single, marks_oops_alive: false
[1493.444s][debug][gc,phases      ] GC(37) Reference Processing 0.138ms
[1493.445s][debug][gc,phases      ] GC(37)   VM Weak                        Min:  0.0, Avg:  0.0, Max:  0.0, Diff:  0.0, Sum:  0.0, Workers: 4
[1493.445s][debug][gc,phases      ] GC(37)     Dead                           Min: 0, Avg:  0.0, Max: 0, Diff: 0, Sum: 0, Workers: 4
[1493.445s][debug][gc,phases      ] GC(37)     Total                          Min: 0, Avg: 256.2, Max: 769, Diff: 769, Sum: 1025, Workers: 4
[1493.445s][debug][gc,phases      ] GC(37)   ObjectSynchronizer Weak        Min:  0.0, Avg:  0.0, Max:  0.0, Diff:  0.0, Sum:  0.0, Workers: 4
[1493.445s][debug][gc,phases      ] GC(37)     Dead                           Min: 0, Avg:  0.0, Max: 0, Diff: 0, Sum: 0, Workers: 4
[1493.445s][debug][gc,phases      ] GC(37)     Total                          Min: 0, Avg:  1.2, Max: 5, Diff: 5, Sum: 5, Workers: 4
[1493.445s][debug][gc,phases      ] GC(37)   JVMTI Tag Weak OopStorage      Min:  0.0, Avg:  0.0, Max:  0.0, Diff:  0.0, Sum:  0.0, Workers: 4
[1493.445s][debug][gc,phases      ] GC(37)     Dead                           Min: 0, Avg:  0.0, Max: 0, Diff: 0, Sum: 0, Workers: 4
[1493.445s][debug][gc,phases      ] GC(37)     Total                          Min: 0, Avg:  0.0, Max: 0, Diff: 0, Sum: 0, Workers: 4
[1493.445s][debug][gc,phases      ] GC(37)   StringTable Weak               Min:  0.0, Avg:  0.1, Max:  0.2, Diff:  0.2, Sum:  0.5, Workers: 4
[1493.445s][debug][gc,phases      ] GC(37)     Dead                           Min: 0, Avg:  0.0, Max: 0, Diff: 0, Sum: 0, Workers: 4
[1493.445s][debug][gc,phases      ] GC(37)     Total                          Min: 0, Avg: 11590.0, Max: 16344, Diff: 16344, Sum: 46360, Workers: 4
[1493.445s][debug][gc,phases      ] GC(37)   ResolvedMethodTable Weak       Min:  0.0, Avg:  0.0, Max:  0.1, Diff:  0.1, Sum:  0.2, Workers: 4
[1493.445s][debug][gc,phases      ] GC(37)     Dead                           Min: 0, Avg:  4.0, Max: 16, Diff: 16, Sum: 16, Workers: 4
[1493.445s][debug][gc,phases      ] GC(37)     Total                          Min: 0, Avg: 3836.8, Max: 5789, Diff: 5789, Sum: 15347, Workers: 4
[1493.445s][debug][gc,phases      ] GC(37)   JNI Weak                       Min:  0.0, Avg:  0.0, Max:  0.0, Diff:  0.0, Sum:  0.0, Workers: 4
[1493.445s][debug][gc,phases      ] GC(37)     Dead                           Min: 0, Avg:  0.0, Max: 0, Diff: 0, Sum: 0, Workers: 4
[1493.445s][debug][gc,phases      ] GC(37)     Total                          Min: 0, Avg: 13.0, Max: 52, Diff: 52, Sum: 52, Workers: 4
[1493.445s][debug][gc,phases      ] GC(37)   StringDedup Table Weak         Min:  0.0, Avg:  0.0, Max:  0.0, Diff:  0.0, Sum:  0.0, Workers: 4
[1493.445s][debug][gc,phases      ] GC(37)     Dead                           Min: 0, Avg:  0.0, Max: 0, Diff: 0, Sum: 0, Workers: 4
[1493.445s][debug][gc,phases      ] GC(37)     Total                          Min: 0, Avg:  0.0, Max: 0, Diff: 0, Sum: 0, Workers: 4
[1493.445s][debug][gc,phases      ] GC(37)   StringDedup Requests0 Weak     Min:  0.0, Avg:  0.0, Max:  0.0, Diff:  0.0, Sum:  0.0, Workers: 4
[1493.445s][debug][gc,phases      ] GC(37)     Dead                           Min: 0, Avg:  0.0, Max: 0, Diff: 0, Sum: 0, Workers: 4
[1493.445s][debug][gc,phases      ] GC(37)     Total                          Min: 0, Avg:  0.0, Max: 0, Diff: 0, Sum: 0, Workers: 4
[1493.445s][debug][gc,phases      ] GC(37)   StringDedup Requests1 Weak     Min:  0.0, Avg:  0.0, Max:  0.0, Diff:  0.0, Sum:  0.0, Workers: 4
[1493.445s][debug][gc,phases      ] GC(37)     Dead                           Min: 0, Avg:  0.0, Max: 0, Diff: 0, Sum: 0, Workers: 4
[1493.445s][debug][gc,phases      ] GC(37)     Total                          Min: 0, Avg:  0.0, Max: 0, Diff: 0, Sum: 0, Workers: 4
[1493.445s][debug][gc,phases      ] GC(37)   Weak JFR Old Object Samples    Min:  0.0, Avg:  0.0, Max:  0.0, Diff:  0.0, Sum:  0.0, Workers: 4
[1493.445s][debug][gc,phases      ] GC(37)     Dead                           Min: 0, Avg:  0.0, Max: 0, Diff: 0, Sum: 0, Workers: 4
[1493.445s][debug][gc,phases      ] GC(37)     Total                          Min: 0, Avg:  0.0, Max: 0, Diff: 0, Sum: 0, Workers: 4
[1493.445s][debug][gc,phases      ] GC(37) Weak Processing 0.452ms
[1493.445s][debug][gc,age         ] GC(37) Desired survivor size 83886080 bytes, new threshold 1 (max threshold 15)
[1493.445s][info ][gc,heap        ] GC(37) PSYoungGen: 1921536K(2008576K)->6928K(2001408K) Eden: 1912832K(1912832K)->0K(1912832K) From: 8704K(95744K)->6928K(88576K)
[1493.445s][info ][gc,heap        ] GC(37) ParOldGen: 266182K(266240K)->271510K(271872K)
[1493.445s][info ][gc,metaspace   ] GC(37) Metaspace: 106188K(107520K)->106188K(107520K) NonClass: 90101K(90880K)->90101K(90880K) Class: 16087K(16640K)->16087K(16640K)
[1493.445s][info ][gc             ] GC(37) Pause Young (Allocation Failure) 2136M->271M(2220M) 7.589ms
[1493.445s][info ][gc,cpu         ] GC(37) User=0.02s Sys=0.00s Real=0.01s
[1493.445s][info ][safepoint      ] Safepoint "ParallelGCFailedAllocation", Time since last: 948627170 ns, Reaching safepoint: 78704 ns, Cleanup: 4201 ns, At safepoint: 7673865 ns, Total: 7756770 ns
[1506.502s][info ][safepoint      ] Safepoint "Cleanup", Time since last: 13057053109 ns, Reaching safepoint: 7301 ns, Cleanup: 10801 ns, At safepoint: 2600 ns, Total: 20702 ns
[1510.502s][info ][safepoint      ] Safepoint "Cleanup", Time since last: 4000394848 ns, Reaching safepoint: 6900 ns, Cleanup: 10401 ns, At safepoint: 2100 ns, Total: 19401 ns
[1513.503s][info ][safepoint      ] Safepoint "Cleanup", Time since last: 3000326791 ns, Reaching safepoint: 9100 ns, Cleanup: 13801 ns, At safepoint: 3700 ns, Total: 26601 ns
[1514.503s][info ][safepoint      ] Safepoint "Cleanup", Time since last: 1000138686 ns, Reaching safepoint: 8601 ns, Cleanup: 25201 ns, At safepoint: 3700 ns, Total: 37502 ns
[1517.503s][info ][safepoint      ] Safepoint "Cleanup", Time since last: 3000282350 ns, Reaching safepoint: 7800 ns, Cleanup: 12601 ns, At safepoint: 2800 ns, Total: 23201 ns
[1529.504s][info ][safepoint      ] Safepoint "Cleanup", Time since last: 12000921734 ns, Reaching safepoint: 11201 ns, Cleanup: 12601 ns, At safepoint: 3300 ns, Total: 27102 ns
[1531.504s][info ][safepoint      ] Safepoint "Cleanup", Time since last: 2000196833 ns, Reaching safepoint: 10100 ns, Cleanup: 14401 ns, At safepoint: 3000 ns, Total: 27501 ns
[1532.504s][info ][safepoint      ] Safepoint "Cleanup", Time since last: 1000114068 ns, Reaching safepoint: 9700 ns, Cleanup: 12601 ns, At safepoint: 25402 ns, Total: 47703 ns
[1537.505s][info ][safepoint      ] Safepoint "Cleanup", Time since last: 5000411589 ns, Reaching safepoint: 10100 ns, Cleanup: 16301 ns, At safepoint: 3200 ns, Total: 29601 ns
[1538.505s][info ][safepoint      ] Safepoint "Cleanup", Time since last: 1000123510 ns, Reaching safepoint: 16101 ns, Cleanup: 21201 ns, At safepoint: 4400 ns, Total: 41702 ns
[1539.505s][info ][safepoint      ] Safepoint "Cleanup", Time since last: 1000136511 ns, Reaching safepoint: 8800 ns, Cleanup: 13801 ns, At safepoint: 3400 ns, Total: 26001 ns
[1540.505s][info ][safepoint      ] Safepoint "Cleanup", Time since last: 1000127210 ns, Reaching safepoint: 10801 ns, Cleanup: 29501 ns, At safepoint: 3401 ns, Total: 43703 ns
[1541.506s][info ][safepoint      ] Safepoint "Cleanup", Time since last: 1000115309 ns, Reaching safepoint: 10400 ns, Cleanup: 15501 ns, At safepoint: 3200 ns, Total: 29101 ns
[1545.506s][info ][safepoint      ] Safepoint "Cleanup", Time since last: 4000321914 ns, Reaching safepoint: 10401 ns, Cleanup: 14101 ns, At safepoint: 3100 ns, Total: 27602 ns
[1549.506s][info ][safepoint      ] Safepoint "Cleanup", Time since last: 4000340916 ns, Reaching safepoint: 10800 ns, Cleanup: 16101 ns, At safepoint: 3400 ns, Total: 30301 ns
[1556.965s][info ][gc,start       ] GC(38) Pause Young (Allocation Failure)
[1556.972s][debug][gc,phases      ] GC(38) Scavenge 6.345ms
[1556.972s][debug][gc,ref         ] GC(38) ReferenceProcessor::execute queues: 1, RefProcThreadModel::Single, marks_oops_alive: false
[1556.972s][debug][gc,ref         ] GC(38) Skipped KeepAliveFinalRefsPhase of Reference Processing: no references
[1556.972s][debug][gc,ref         ] GC(38) ReferenceProcessor::execute queues: 1, RefProcThreadModel::Single, marks_oops_alive: false
[1556.972s][debug][gc,phases      ] GC(38) Reference Processing 0.127ms
[1556.972s][debug][gc,phases      ] GC(38)   VM Weak                        Min:  0.0, Avg:  0.0, Max:  0.0, Diff:  0.0, Sum:  0.0, Workers: 4
[1556.972s][debug][gc,phases      ] GC(38)     Dead                           Min: 0, Avg:  0.0, Max: 0, Diff: 0, Sum: 0, Workers: 4
[1556.972s][debug][gc,phases      ] GC(38)     Total                          Min: 0, Avg: 256.2, Max: 641, Diff: 641, Sum: 1025, Workers: 4
[1556.972s][debug][gc,phases      ] GC(38)   ObjectSynchronizer Weak        Min:  0.0, Avg:  0.0, Max:  0.0, Diff:  0.0, Sum:  0.0, Workers: 4
[1556.972s][debug][gc,phases      ] GC(38)     Dead                           Min: 0, Avg:  0.0, Max: 0, Diff: 0, Sum: 0, Workers: 4
[1556.972s][debug][gc,phases      ] GC(38)     Total                          Min: 0, Avg:  1.0, Max: 4, Diff: 4, Sum: 4, Workers: 4
[1556.972s][debug][gc,phases      ] GC(38)   JVMTI Tag Weak OopStorage      Min:  0.0, Avg:  0.0, Max:  0.0, Diff:  0.0, Sum:  0.0, Workers: 4
[1556.972s][debug][gc,phases      ] GC(38)     Dead                           Min: 0, Avg:  0.0, Max: 0, Diff: 0, Sum: 0, Workers: 4
[1556.972s][debug][gc,phases      ] GC(38)     Total                          Min: 0, Avg:  0.0, Max: 0, Diff: 0, Sum: 0, Workers: 4
[1556.972s][debug][gc,phases      ] GC(38)   StringTable Weak               Min:  0.0, Avg:  0.1, Max:  0.2, Diff:  0.2, Sum:  0.4, Workers: 4
[1556.972s][debug][gc,phases      ] GC(38)     Dead                           Min: 0, Avg:  0.2, Max: 1, Diff: 1, Sum: 1, Workers: 4
[1556.972s][debug][gc,phases      ] GC(38)     Total                          Min: 0, Avg: 11592.8, Max: 23716, Diff: 23716, Sum: 46371, Workers: 4
[1556.972s][debug][gc,phases      ] GC(38)   ResolvedMethodTable Weak       Min:  0.0, Avg:  0.0, Max:  0.1, Diff:  0.1, Sum:  0.2, Workers: 4
[1556.972s][debug][gc,phases      ] GC(38)     Dead                           Min: 0, Avg:  4.0, Max: 16, Diff: 16, Sum: 16, Workers: 4
[1556.972s][debug][gc,phases      ] GC(38)     Total                          Min: 0, Avg: 3837.2, Max: 7678, Diff: 7678, Sum: 15349, Workers: 4
[1556.972s][debug][gc,phases      ] GC(38)   JNI Weak                       Min:  0.0, Avg:  0.0, Max:  0.0, Diff:  0.0, Sum:  0.0, Workers: 4
[1556.972s][debug][gc,phases      ] GC(38)     Dead                           Min: 0, Avg:  0.0, Max: 0, Diff: 0, Sum: 0, Workers: 4
[1556.972s][debug][gc,phases      ] GC(38)     Total                          Min: 0, Avg: 13.0, Max: 52, Diff: 52, Sum: 52, Workers: 4
[1556.972s][debug][gc,phases      ] GC(38)   StringDedup Table Weak         Min:  0.0, Avg:  0.0, Max:  0.0, Diff:  0.0, Sum:  0.0, Workers: 4
[1556.972s][debug][gc,phases      ] GC(38)     Dead                           Min: 0, Avg:  0.0, Max: 0, Diff: 0, Sum: 0, Workers: 4
[1556.972s][debug][gc,phases      ] GC(38)     Total                          Min: 0, Avg:  0.0, Max: 0, Diff: 0, Sum: 0, Workers: 4
[1556.972s][debug][gc,phases      ] GC(38)   StringDedup Requests0 Weak     Min:  0.0, Avg:  0.0, Max:  0.0, Diff:  0.0, Sum:  0.0, Workers: 4
[1556.972s][debug][gc,phases      ] GC(38)     Dead                           Min: 0, Avg:  0.0, Max: 0, Diff: 0, Sum: 0, Workers: 4
[1556.972s][debug][gc,phases      ] GC(38)     Total                          Min: 0, Avg:  0.0, Max: 0, Diff: 0, Sum: 0, Workers: 4
[1556.972s][debug][gc,phases      ] GC(38)   StringDedup Requests1 Weak     Min:  0.0, Avg:  0.0, Max:  0.0, Diff:  0.0, Sum:  0.0, Workers: 4
[1556.972s][debug][gc,phases      ] GC(38)     Dead                           Min: 0, Avg:  0.0, Max: 0, Diff: 0, Sum: 0, Workers: 4
[1556.972s][debug][gc,phases      ] GC(38)     Total                          Min: 0, Avg:  0.0, Max: 0, Diff: 0, Sum: 0, Workers: 4
[1556.972s][debug][gc,phases      ] GC(38)   Weak JFR Old Object Samples    Min:  0.0, Avg:  0.0, Max:  0.0, Diff:  0.0, Sum:  0.0, Workers: 4
[1556.972s][debug][gc,phases      ] GC(38)     Dead                           Min: 0, Avg:  0.0, Max: 0, Diff: 0, Sum: 0, Workers: 4
[1556.972s][debug][gc,phases      ] GC(38)     Total                          Min: 0, Avg:  0.0, Max: 0, Diff: 0, Sum: 0, Workers: 4
[1556.972s][debug][gc,phases      ] GC(38) Weak Processing 0.548ms
[1556.972s][debug][gc,age         ] GC(38) Desired survivor size 78118912 bytes, new threshold 1 (max threshold 15)
[1556.972s][info ][gc,heap        ] GC(38) PSYoungGen: 1919760K(2001408K)->4562K(2020864K) Eden: 1912832K(1912832K)->0K(1938944K) From: 6928K(88576K)->4562K(81920K)
[1556.972s][info ][gc,heap        ] GC(38) ParOldGen: 271510K(271872K)->275190K(275456K)
[1556.972s][info ][gc,metaspace   ] GC(38) Metaspace: 106233K(107520K)->106233K(107520K) NonClass: 90145K(90880K)->90145K(90880K) Class: 16087K(16640K)->16087K(16640K)
[1556.972s][info ][gc             ] GC(38) Pause Young (Allocation Failure) 2139M->273M(2242M) 7.179ms
[1556.972s][info ][gc,cpu         ] GC(38) User=0.02s Sys=0.01s Real=0.01s
[1556.972s][info ][safepoint      ] Safepoint "ParallelGCFailedAllocation", Time since last: 7458788431 ns, Reaching safepoint: 7400 ns, Cleanup: 5501 ns, At safepoint: 7294235 ns, Total: 7307136 ns
[1560.521s][info ][safepoint      ] Safepoint "Cleanup", Time since last: 3549060305 ns, Reaching safepoint: 4000 ns, Cleanup: 9801 ns, At safepoint: 8300 ns, Total: 22101 ns
[1564.522s][info ][safepoint      ] Safepoint "Cleanup", Time since last: 4000434099 ns, Reaching safepoint: 7400 ns, Cleanup: 11201 ns, At safepoint: 2700 ns, Total: 21301 ns
[1583.523s][info ][safepoint      ] Safepoint "Cleanup", Time since last: 19001500790 ns, Reaching safepoint: 6401 ns, Cleanup: 12000 ns, At safepoint: 2500 ns, Total: 20901 ns
[1587.524s][info ][safepoint      ] Safepoint "Cleanup", Time since last: 4000408420 ns, Reaching safepoint: 6601 ns, Cleanup: 10500 ns, At safepoint: 28102 ns, Total: 45203 ns
[1589.524s][info ][safepoint      ] Safepoint "Cleanup", Time since last: 2000187709 ns, Reaching safepoint: 6900 ns, Cleanup: 11901 ns, At safepoint: 2400 ns, Total: 21201 ns
[1590.524s][info ][safepoint      ] Safepoint "Cleanup", Time since last: 1000126356 ns, Reaching safepoint: 6601 ns, Cleanup: 10200 ns, At safepoint: 2201 ns, Total: 19002 ns
[1594.525s][info ][safepoint      ] Safepoint "Cleanup", Time since last: 4000327024 ns, Reaching safepoint: 8201 ns, Cleanup: 12801 ns, At safepoint: 2600 ns, Total: 23602 ns
[1602.525s][info ][safepoint      ] Safepoint "Cleanup", Time since last: 8000657947 ns, Reaching safepoint: 7101 ns, Cleanup: 14801 ns, At safepoint: 2800 ns, Total: 24702 ns
[1604.526s][info ][safepoint      ] Safepoint "Cleanup", Time since last: 2000236057 ns, Reaching safepoint: 11200 ns, Cleanup: 14901 ns, At safepoint: 3500 ns, Total: 29601 ns
[1608.526s][info ][safepoint      ] Safepoint "Cleanup", Time since last: 4000380256 ns, Reaching safepoint: 8301 ns, Cleanup: 13001 ns, At safepoint: 2500 ns, Total: 23802 ns
[1617.527s][info ][safepoint      ] Safepoint "Cleanup", Time since last: 9000780793 ns, Reaching safepoint: 6200 ns, Cleanup: 10101 ns, At safepoint: 2500 ns, Total: 18801 ns
[1622.087s][info ][gc,start       ] GC(39) Pause Young (Allocation Failure)
[1622.091s][debug][gc,phases      ] GC(39) Scavenge 4.325ms
[1622.091s][debug][gc,ref         ] GC(39) ReferenceProcessor::execute queues: 1, RefProcThreadModel::Single, marks_oops_alive: false
[1622.091s][debug][gc,ref         ] GC(39) Skipped KeepAliveFinalRefsPhase of Reference Processing: no references
[1622.091s][debug][gc,ref         ] GC(39) Skipped PhantomRefsPhase of Reference Processing: no references
[1622.091s][debug][gc,phases      ] GC(39) Reference Processing 0.117ms
[1622.091s][debug][gc,phases      ] GC(39)   VM Weak                        Min:  0.0, Avg:  0.0, Max:  0.0, Diff:  0.0, Sum:  0.0, Workers: 4
[1622.091s][debug][gc,phases      ] GC(39)     Dead                           Min: 0, Avg:  0.0, Max: 0, Diff: 0, Sum: 0, Workers: 4
[1622.091s][debug][gc,phases      ] GC(39)     Total                          Min: 0, Avg: 256.2, Max: 833, Diff: 833, Sum: 1025, Workers: 4
[1622.091s][debug][gc,phases      ] GC(39)   ObjectSynchronizer Weak        Min:  0.0, Avg:  0.0, Max:  0.0, Diff:  0.0, Sum:  0.0, Workers: 4
[1622.091s][debug][gc,phases      ] GC(39)     Dead                           Min: 0, Avg:  0.0, Max: 0, Diff: 0, Sum: 0, Workers: 4
[1622.091s][debug][gc,phases      ] GC(39)     Total                          Min: 0, Avg:  0.8, Max: 3, Diff: 3, Sum: 3, Workers: 4
[1622.092s][debug][gc,phases      ] GC(39)   JVMTI Tag Weak OopStorage      Min:  0.0, Avg:  0.0, Max:  0.0, Diff:  0.0, Sum:  0.0, Workers: 4
[1622.092s][debug][gc,phases      ] GC(39)     Dead                           Min: 0, Avg:  0.0, Max: 0, Diff: 0, Sum: 0, Workers: 4
[1622.092s][debug][gc,phases      ] GC(39)     Total                          Min: 0, Avg:  0.0, Max: 0, Diff: 0, Sum: 0, Workers: 4
[1622.092s][debug][gc,phases      ] GC(39)   StringTable Weak               Min:  0.0, Avg:  0.1, Max:  0.1, Diff:  0.1, Sum:  0.4, Workers: 4
[1622.092s][debug][gc,phases      ] GC(39)     Dead                           Min: 0, Avg:  0.0, Max: 0, Diff: 0, Sum: 0, Workers: 4
[1622.092s][debug][gc,phases      ] GC(39)     Total                          Min: 0, Avg: 11593.8, Max: 16384, Diff: 16384, Sum: 46375, Workers: 4
[1622.092s][debug][gc,phases      ] GC(39)   ResolvedMethodTable Weak       Min:  0.0, Avg:  0.0, Max:  0.1, Diff:  0.1, Sum:  0.2, Workers: 4
[1622.092s][debug][gc,phases      ] GC(39)     Dead                           Min: 0, Avg:  4.0, Max: 16, Diff: 16, Sum: 16, Workers: 4
[1622.092s][debug][gc,phases      ] GC(39)     Total                          Min: 0, Avg: 3837.2, Max: 5475, Diff: 5475, Sum: 15349, Workers: 4
[1622.092s][debug][gc,phases      ] GC(39)   JNI Weak                       Min:  0.0, Avg:  0.0, Max:  0.0, Diff:  0.0, Sum:  0.0, Workers: 4
[1622.092s][debug][gc,phases      ] GC(39)     Dead                           Min: 0, Avg:  0.0, Max: 0, Diff: 0, Sum: 0, Workers: 4
[1622.092s][debug][gc,phases      ] GC(39)     Total                          Min: 0, Avg: 13.0, Max: 52, Diff: 52, Sum: 52, Workers: 4
[1622.092s][debug][gc,phases      ] GC(39)   StringDedup Table Weak         Min:  0.0, Avg:  0.0, Max:  0.0, Diff:  0.0, Sum:  0.0, Workers: 4
[1622.092s][debug][gc,phases      ] GC(39)     Dead                           Min: 0, Avg:  0.0, Max: 0, Diff: 0, Sum: 0, Workers: 4
[1622.092s][debug][gc,phases      ] GC(39)     Total                          Min: 0, Avg:  0.0, Max: 0, Diff: 0, Sum: 0, Workers: 4
[1622.092s][debug][gc,phases      ] GC(39)   StringDedup Requests0 Weak     Min:  0.0, Avg:  0.0, Max:  0.0, Diff:  0.0, Sum:  0.0, Workers: 4
[1622.092s][debug][gc,phases      ] GC(39)     Dead                           Min: 0, Avg:  0.0, Max: 0, Diff: 0, Sum: 0, Workers: 4
[1622.092s][debug][gc,phases      ] GC(39)     Total                          Min: 0, Avg:  0.0, Max: 0, Diff: 0, Sum: 0, Workers: 4
[1622.092s][debug][gc,phases      ] GC(39)   StringDedup Requests1 Weak     Min:  0.0, Avg:  0.0, Max:  0.0, Diff:  0.0, Sum:  0.0, Workers: 4
[1622.092s][debug][gc,phases      ] GC(39)     Dead                           Min: 0, Avg:  0.0, Max: 0, Diff: 0, Sum: 0, Workers: 4
[1622.092s][debug][gc,phases      ] GC(39)     Total                          Min: 0, Avg:  0.0, Max: 0, Diff: 0, Sum: 0, Workers: 4
[1622.092s][debug][gc,phases      ] GC(39)   Weak JFR Old Object Samples    Min:  0.0, Avg:  0.0, Max:  0.0, Diff:  0.0, Sum:  0.0, Workers: 4
[1622.092s][debug][gc,phases      ] GC(39)     Dead                           Min: 0, Avg:  0.0, Max: 0, Diff: 0, Sum: 0, Workers: 4
[1622.092s][debug][gc,phases      ] GC(39)     Total                          Min: 0, Avg:  0.0, Max: 0, Diff: 0, Sum: 0, Workers: 4
[1622.092s][debug][gc,phases      ] GC(39) Weak Processing 0.435ms
[1622.092s][debug][gc,age         ] GC(39) Desired survivor size 72876032 bytes, new threshold 1 (max threshold 15)
[1622.092s][info ][gc,heap        ] GC(39) PSYoungGen: 1943506K(2020864K)->4149K(2015232K) Eden: 1938944K(1938944K)->0K(1938944K) From: 4562K(81920K)->4149K(76288K)
[1622.092s][info ][gc,heap        ] GC(39) ParOldGen: 275190K(275456K)->276533K(276992K)
[1622.092s][info ][gc,metaspace   ] GC(39) Metaspace: 106253K(107584K)->106253K(107584K) NonClass: 90165K(90944K)->90165K(90944K) Class: 16087K(16640K)->16087K(16640K)
[1622.092s][info ][gc             ] GC(39) Pause Young (Allocation Failure) 2166M->274M(2238M) 5.046ms
[1622.092s][info ][gc,cpu         ] GC(39) User=0.01s Sys=0.01s Real=0.01s
[1622.092s][info ][safepoint      ] Safepoint "ParallelGCFailedAllocation", Time since last: 4559773167 ns, Reaching safepoint: 81105 ns, Cleanup: 4400 ns, At safepoint: 5138209 ns, Total: 5223714 ns
[1624.092s][info ][safepoint      ] Safepoint "Cleanup", Time since last: 2000166151 ns, Reaching safepoint: 78504 ns, Cleanup: 9001 ns, At safepoint: 6800 ns, Total: 94305 ns
[1631.093s][info ][safepoint      ] Safepoint "Cleanup", Time since last: 7000557677 ns, Reaching safepoint: 7101 ns, Cleanup: 15601 ns, At safepoint: 2700 ns, Total: 25402 ns
[1640.093s][info ][safepoint      ] Safepoint "Cleanup", Time since last: 9000700518 ns, Reaching safepoint: 7101 ns, Cleanup: 10100 ns, At safepoint: 3000 ns, Total: 20201 ns
[1643.094s][info ][safepoint      ] Safepoint "Cleanup", Time since last: 3000285729 ns, Reaching safepoint: 7501 ns, Cleanup: 19301 ns, At safepoint: 2600 ns, Total: 29402 ns
[1647.094s][info ][safepoint      ] Safepoint "Cleanup", Time since last: 4000363336 ns, Reaching safepoint: 6001 ns, Cleanup: 11701 ns, At safepoint: 2900 ns, Total: 20602 ns
[1650.094s][info ][safepoint      ] Safepoint "Cleanup", Time since last: 3000272324 ns, Reaching safepoint: 7000 ns, Cleanup: 11601 ns, At safepoint: 2300 ns, Total: 20901 ns
[1674.096s][info ][safepoint      ] Safepoint "Cleanup", Time since last: 24001915527 ns, Reaching safepoint: 7000 ns, Cleanup: 14801 ns, At safepoint: 2400 ns, Total: 24201 ns
[1688.837s][info ][gc,start       ] GC(40) Pause Young (Allocation Failure)
[1688.841s][debug][gc,phases      ] GC(40) Scavenge 3.403ms
[1688.841s][debug][gc,ref         ] GC(40) ReferenceProcessor::execute queues: 1, RefProcThreadModel::Single, marks_oops_alive: false
[1688.841s][debug][gc,ref         ] GC(40) Skipped KeepAliveFinalRefsPhase of Reference Processing: no references
[1688.841s][debug][gc,ref         ] GC(40) Skipped PhantomRefsPhase of Reference Processing: no references
[1688.841s][debug][gc,phases      ] GC(40) Reference Processing 0.119ms
[1688.841s][debug][gc,phases      ] GC(40)   VM Weak                        Min:  0.0, Avg:  0.0, Max:  0.0, Diff:  0.0, Sum:  0.0, Workers: 4
[1688.841s][debug][gc,phases      ] GC(40)     Dead                           Min: 0, Avg:  0.0, Max: 0, Diff: 0, Sum: 0, Workers: 4
[1688.841s][debug][gc,phases      ] GC(40)     Total                          Min: 0, Avg: 256.2, Max: 704, Diff: 704, Sum: 1025, Workers: 4
[1688.841s][debug][gc,phases      ] GC(40)   ObjectSynchronizer Weak        Min:  0.0, Avg:  0.0, Max:  0.0, Diff:  0.0, Sum:  0.0, Workers: 4
[1688.841s][debug][gc,phases      ] GC(40)     Dead                           Min: 0, Avg:  0.0, Max: 0, Diff: 0, Sum: 0, Workers: 4
[1688.841s][debug][gc,phases      ] GC(40)     Total                          Min: 0, Avg:  1.0, Max: 4, Diff: 4, Sum: 4, Workers: 4
[1688.841s][debug][gc,phases      ] GC(40)   JVMTI Tag Weak OopStorage      Min:  0.0, Avg:  0.0, Max:  0.0, Diff:  0.0, Sum:  0.0, Workers: 4
[1688.841s][debug][gc,phases      ] GC(40)     Dead                           Min: 0, Avg:  0.0, Max: 0, Diff: 0, Sum: 0, Workers: 4
[1688.841s][debug][gc,phases      ] GC(40)     Total                          Min: 0, Avg:  0.0, Max: 0, Diff: 0, Sum: 0, Workers: 4
[1688.841s][debug][gc,phases      ] GC(40)   StringTable Weak               Min:  0.0, Avg:  0.1, Max:  0.2, Diff:  0.2, Sum:  0.5, Workers: 4
[1688.841s][debug][gc,phases      ] GC(40)     Dead                           Min: 0, Avg:  0.0, Max: 0, Diff: 0, Sum: 0, Workers: 4
[1688.841s][debug][gc,phases      ] GC(40)     Total                          Min: 0, Avg: 11594.8, Max: 16320, Diff: 16320, Sum: 46379, Workers: 4
[1688.841s][debug][gc,phases      ] GC(40)   ResolvedMethodTable Weak       Min:  0.0, Avg:  0.0, Max:  0.1, Diff:  0.1, Sum:  0.2, Workers: 4
[1688.841s][debug][gc,phases      ] GC(40)     Dead                           Min: 0, Avg:  4.0, Max: 16, Diff: 16, Sum: 16, Workers: 4
[1688.841s][debug][gc,phases      ] GC(40)     Total                          Min: 0, Avg: 3837.2, Max: 5750, Diff: 5750, Sum: 15349, Workers: 4
[1688.841s][debug][gc,phases      ] GC(40)   JNI Weak                       Min:  0.0, Avg:  0.0, Max:  0.0, Diff:  0.0, Sum:  0.0, Workers: 4
[1688.841s][debug][gc,phases      ] GC(40)     Dead                           Min: 0, Avg:  0.0, Max: 0, Diff: 0, Sum: 0, Workers: 4
[1688.841s][debug][gc,phases      ] GC(40)     Total                          Min: 0, Avg: 13.0, Max: 52, Diff: 52, Sum: 52, Workers: 4
[1688.841s][debug][gc,phases      ] GC(40)   StringDedup Table Weak         Min:  0.0, Avg:  0.0, Max:  0.0, Diff:  0.0, Sum:  0.0, Workers: 4
[1688.841s][debug][gc,phases      ] GC(40)     Dead                           Min: 0, Avg:  0.0, Max: 0, Diff: 0, Sum: 0, Workers: 4
[1688.842s][debug][gc,phases      ] GC(40)     Total                          Min: 0, Avg:  0.0, Max: 0, Diff: 0, Sum: 0, Workers: 4
[1688.842s][debug][gc,phases      ] GC(40)   StringDedup Requests0 Weak     Min:  0.0, Avg:  0.0, Max:  0.0, Diff:  0.0, Sum:  0.0, Workers: 4
[1688.842s][debug][gc,phases      ] GC(40)     Dead                           Min: 0, Avg:  0.0, Max: 0, Diff: 0, Sum: 0, Workers: 4
[1688.842s][debug][gc,phases      ] GC(40)     Total                          Min: 0, Avg:  0.0, Max: 0, Diff: 0, Sum: 0, Workers: 4
[1688.842s][debug][gc,phases      ] GC(40)   StringDedup Requests1 Weak     Min:  0.0, Avg:  0.0, Max:  0.0, Diff:  0.0, Sum:  0.0, Workers: 4
[1688.842s][debug][gc,phases      ] GC(40)     Dead                           Min: 0, Avg:  0.0, Max: 0, Diff: 0, Sum: 0, Workers: 4
[1688.842s][debug][gc,phases      ] GC(40)     Total                          Min: 0, Avg:  0.0, Max: 0, Diff: 0, Sum: 0, Workers: 4
[1688.842s][debug][gc,phases      ] GC(40)   Weak JFR Old Object Samples    Min:  0.0, Avg:  0.0, Max:  0.0, Diff:  0.0, Sum:  0.0, Workers: 4
[1688.842s][debug][gc,phases      ] GC(40)     Dead                           Min: 0, Avg:  0.0, Max: 0, Diff: 0, Sum: 0, Workers: 4
[1688.842s][debug][gc,phases      ] GC(40)     Total                          Min: 0, Avg:  0.0, Max: 0, Diff: 0, Sum: 0, Workers: 4
[1688.842s][debug][gc,phases      ] GC(40) Weak Processing 0.515ms
[1688.842s][debug][gc,age         ] GC(40) Desired survivor size 68157440 bytes, new threshold 1 (max threshold 15)
[1688.842s][info ][gc,heap        ] GC(40) PSYoungGen: 1943093K(2015232K)->3696K(2030592K) Eden: 1938944K(1938944K)->0K(1959424K) From: 4149K(76288K)->3696K(71168K)
[1688.842s][info ][gc,heap        ] GC(40) ParOldGen: 276533K(276992K)->278230K(278528K)
[1688.842s][info ][gc,metaspace   ] GC(40) Metaspace: 106260K(107584K)->106260K(107584K) NonClass: 90173K(90944K)->90173K(90944K) Class: 16087K(16640K)->16087K(16640K)
[1688.842s][info ][gc             ] GC(40) Pause Young (Allocation Failure) 2167M->275M(2255M) 4.195ms
[1688.842s][info ][gc,cpu         ] GC(40) User=0.02s Sys=0.00s Real=0.01s
[1688.842s][info ][safepoint      ] Safepoint "ParallelGCFailedAllocation", Time since last: 14741038570 ns, Reaching safepoint: 83305 ns, Cleanup: 3600 ns, At safepoint: 4273657 ns, Total: 4360562 ns
[1689.842s][info ][safepoint      ] Safepoint "Cleanup", Time since last: 1000094929 ns, Reaching safepoint: 7300 ns, Cleanup: 9801 ns, At safepoint: 2800 ns, Total: 19901 ns
[1690.842s][info ][safepoint      ] Safepoint "Cleanup", Time since last: 1000116530 ns, Reaching safepoint: 6900 ns, Cleanup: 21701 ns, At safepoint: 2401 ns, Total: 31002 ns
[1694.842s][info ][safepoint      ] Safepoint "Cleanup", Time since last: 4000350378 ns, Reaching safepoint: 6300 ns, Cleanup: 10901 ns, At safepoint: 2600 ns, Total: 19801 ns
[1702.843s][info ][safepoint      ] Safepoint "Cleanup", Time since last: 8000638791 ns, Reaching safepoint: 6700 ns, Cleanup: 11101 ns, At safepoint: 2900 ns, Total: 20701 ns
[1704.843s][info ][safepoint      ] Safepoint "Cleanup", Time since last: 2000195064 ns, Reaching safepoint: 6200 ns, Cleanup: 7801 ns, At safepoint: 2500 ns, Total: 16501 ns
[1705.843s][info ][safepoint      ] Safepoint "Cleanup", Time since last: 1000123134 ns, Reaching safepoint: 6800 ns, Cleanup: 19001 ns, At safepoint: 3000 ns, Total: 28801 ns
[1706.843s][info ][safepoint      ] Safepoint "Cleanup", Time since last: 1000128934 ns, Reaching safepoint: 7101 ns, Cleanup: 18101 ns, At safepoint: 3200 ns, Total: 28402 ns
[1707.844s][info ][safepoint      ] Safepoint "Cleanup", Time since last: 1000132634 ns, Reaching safepoint: 6500 ns, Cleanup: 9601 ns, At safepoint: 3000 ns, Total: 19101 ns
[1708.844s][info ][safepoint      ] Safepoint "Cleanup", Time since last: 1000129234 ns, Reaching safepoint: 8700 ns, Cleanup: 13601 ns, At safepoint: 2800 ns, Total: 25101 ns
[1713.844s][info ][safepoint      ] Safepoint "Cleanup", Time since last: 5000430903 ns, Reaching safepoint: 7101 ns, Cleanup: 7900 ns, At safepoint: 11801 ns, Total: 26802 ns
[1719.845s][info ][safepoint      ] Safepoint "Cleanup", Time since last: 6000489068 ns, Reaching safepoint: 8001 ns, Cleanup: 10100 ns, At safepoint: 2600 ns, Total: 20701 ns
[1725.845s][info ][safepoint      ] Safepoint "Cleanup", Time since last: 6000479963 ns, Reaching safepoint: 10201 ns, Cleanup: 14901 ns, At safepoint: 2600 ns, Total: 27702 ns
[1726.845s][info ][safepoint      ] Safepoint "Cleanup", Time since last: 1000123747 ns, Reaching safepoint: 7000 ns, Cleanup: 11301 ns, At safepoint: 2700 ns, Total: 21001 ns
[1733.846s][info ][safepoint      ] Safepoint "Cleanup", Time since last: 7000581757 ns, Reaching safepoint: 7800 ns, Cleanup: 22502 ns, At safepoint: 2900 ns, Total: 33202 ns
[1736.846s][info ][safepoint      ] Safepoint "Cleanup", Time since last: 3000297642 ns, Reaching safepoint: 6900 ns, Cleanup: 13701 ns, At safepoint: 2600 ns, Total: 23201 ns
[1738.847s][info ][safepoint      ] Safepoint "Cleanup", Time since last: 2000193799 ns, Reaching safepoint: 6701 ns, Cleanup: 11201 ns, At safepoint: 2500 ns, Total: 20402 ns
[1739.847s][info ][safepoint      ] Safepoint "Cleanup", Time since last: 1000125201 ns, Reaching safepoint: 6800 ns, Cleanup: 11901 ns, At safepoint: 2700 ns, Total: 21401 ns
[1745.579s][info ][safepoint      ] Safepoint "Cleanup", Time since last: 5732528209 ns, Reaching safepoint: 6800 ns, Cleanup: 9701 ns, At safepoint: 3000 ns, Total: 19501 ns
[1746.579s][info ][safepoint      ] Safepoint "Cleanup", Time since last: 1000123696 ns, Reaching safepoint: 7401 ns, Cleanup: 11500 ns, At safepoint: 2300 ns, Total: 21201 ns
[1749.580s][info ][safepoint      ] Safepoint "Cleanup", Time since last: 3000293885 ns, Reaching safepoint: 9101 ns, Cleanup: 19701 ns, At safepoint: 2800 ns, Total: 31602 ns
[1750.580s][info ][safepoint      ] Safepoint "Cleanup", Time since last: 1000135497 ns, Reaching safepoint: 9701 ns, Cleanup: 18101 ns, At safepoint: 2600 ns, Total: 30402 ns
[1751.307s][info ][gc,start       ] GC(41) Pause Young (Allocation Failure)
[1751.311s][debug][gc,phases      ] GC(41) Scavenge 4.092ms
[1751.311s][debug][gc,ref         ] GC(41) ReferenceProcessor::execute queues: 1, RefProcThreadModel::Single, marks_oops_alive: false
[1751.311s][debug][gc,ref         ] GC(41) Skipped KeepAliveFinalRefsPhase of Reference Processing: no references
[1751.311s][debug][gc,ref         ] GC(41) Skipped PhantomRefsPhase of Reference Processing: no references
[1751.311s][debug][gc,phases      ] GC(41) Reference Processing 0.123ms
[1751.311s][debug][gc,phases      ] GC(41)   VM Weak                        Min:  0.0, Avg:  0.0, Max:  0.0, Diff:  0.0, Sum:  0.0, Workers: 4
[1751.311s][debug][gc,phases      ] GC(41)     Dead                           Min: 0, Avg:  0.0, Max: 0, Diff: 0, Sum: 0, Workers: 4
[1751.311s][debug][gc,phases      ] GC(41)     Total                          Min: 0, Avg: 256.2, Max: 449, Diff: 449, Sum: 1025, Workers: 4
[1751.311s][debug][gc,phases      ] GC(41)   ObjectSynchronizer Weak        Min:  0.0, Avg:  0.0, Max:  0.0, Diff:  0.0, Sum:  0.0, Workers: 4
[1751.311s][debug][gc,phases      ] GC(41)     Dead                           Min: 0, Avg:  0.0, Max: 0, Diff: 0, Sum: 0, Workers: 4
[1751.311s][debug][gc,phases      ] GC(41)     Total                          Min: 0, Avg:  0.8, Max: 3, Diff: 3, Sum: 3, Workers: 4
[1751.311s][debug][gc,phases      ] GC(41)   JVMTI Tag Weak OopStorage      Min:  0.0, Avg:  0.0, Max:  0.0, Diff:  0.0, Sum:  0.0, Workers: 4
[1751.311s][debug][gc,phases      ] GC(41)     Dead                           Min: 0, Avg:  0.0, Max: 0, Diff: 0, Sum: 0, Workers: 4
[1751.311s][debug][gc,phases      ] GC(41)     Total                          Min: 0, Avg:  0.0, Max: 0, Diff: 0, Sum: 0, Workers: 4
[1751.311s][debug][gc,phases      ] GC(41)   StringTable Weak               Min:  0.1, Avg:  0.2, Max:  0.3, Diff:  0.2, Sum:  0.7, Workers: 4
[1751.311s][debug][gc,phases      ] GC(41)     Dead                           Min: 0, Avg:  0.0, Max: 0, Diff: 0, Sum: 0, Workers: 4
[1751.311s][debug][gc,phases      ] GC(41)     Total                          Min: 6446, Avg: 11595.2, Max: 15808, Diff: 9362, Sum: 46381, Workers: 4
[1751.311s][debug][gc,phases      ] GC(41)   ResolvedMethodTable Weak       Min:  0.0, Avg:  0.1, Max:  0.1, Diff:  0.1, Sum:  0.2, Workers: 4
[1751.311s][debug][gc,phases      ] GC(41)     Dead                           Min: 0, Avg:  4.0, Max: 16, Diff: 16, Sum: 16, Workers: 4
[1751.311s][debug][gc,phases      ] GC(41)     Total                          Min: 0, Avg: 3837.2, Max: 5554, Diff: 5554, Sum: 15349, Workers: 4
[1751.311s][debug][gc,phases      ] GC(41)   JNI Weak                       Min:  0.0, Avg:  0.0, Max:  0.0, Diff:  0.0, Sum:  0.0, Workers: 4
[1751.311s][debug][gc,phases      ] GC(41)     Dead                           Min: 0, Avg:  0.0, Max: 0, Diff: 0, Sum: 0, Workers: 4
[1751.311s][debug][gc,phases      ] GC(41)     Total                          Min: 0, Avg: 13.0, Max: 52, Diff: 52, Sum: 52, Workers: 4
[1751.311s][debug][gc,phases      ] GC(41)   StringDedup Table Weak         Min:  0.0, Avg:  0.0, Max:  0.0, Diff:  0.0, Sum:  0.0, Workers: 4
[1751.311s][debug][gc,phases      ] GC(41)     Dead                           Min: 0, Avg:  0.0, Max: 0, Diff: 0, Sum: 0, Workers: 4
[1751.311s][debug][gc,phases      ] GC(41)     Total                          Min: 0, Avg:  0.0, Max: 0, Diff: 0, Sum: 0, Workers: 4
[1751.311s][debug][gc,phases      ] GC(41)   StringDedup Requests0 Weak     Min:  0.0, Avg:  0.0, Max:  0.0, Diff:  0.0, Sum:  0.0, Workers: 4
[1751.311s][debug][gc,phases      ] GC(41)     Dead                           Min: 0, Avg:  0.0, Max: 0, Diff: 0, Sum: 0, Workers: 4
[1751.311s][debug][gc,phases      ] GC(41)     Total                          Min: 0, Avg:  0.0, Max: 0, Diff: 0, Sum: 0, Workers: 4
[1751.311s][debug][gc,phases      ] GC(41)   StringDedup Requests1 Weak     Min:  0.0, Avg:  0.0, Max:  0.0, Diff:  0.0, Sum:  0.0, Workers: 4
[1751.311s][debug][gc,phases      ] GC(41)     Dead                           Min: 0, Avg:  0.0, Max: 0, Diff: 0, Sum: 0, Workers: 4
[1751.311s][debug][gc,phases      ] GC(41)     Total                          Min: 0, Avg:  0.0, Max: 0, Diff: 0, Sum: 0, Workers: 4
[1751.311s][debug][gc,phases      ] GC(41)   Weak JFR Old Object Samples    Min:  0.0, Avg:  0.0, Max:  0.0, Diff:  0.0, Sum:  0.0, Workers: 4
[1751.311s][debug][gc,phases      ] GC(41)     Dead                           Min: 0, Avg:  0.0, Max: 0, Diff: 0, Sum: 0, Workers: 4
[1751.311s][debug][gc,phases      ] GC(41)     Total                          Min: 0, Avg:  0.0, Max: 0, Diff: 0, Sum: 0, Workers: 4
[1751.311s][debug][gc,phases      ] GC(41) Weak Processing 0.515ms
[1751.311s][debug][gc,age         ] GC(41) Desired survivor size 63438848 bytes, new threshold 1 (max threshold 15)
[1751.311s][info ][gc,heap        ] GC(41) PSYoungGen: 1963120K(2030592K)->4128K(2025984K) Eden: 1959424K(1959424K)->0K(1959424K) From: 3696K(71168K)->4128K(66560K)
[1751.311s][info ][gc,heap        ] GC(41) ParOldGen: 278230K(278528K)->278898K(279040K)
[1751.311s][info ][gc,metaspace   ] GC(41) Metaspace: 106273K(107584K)->106273K(107584K) NonClass: 90185K(90944K)->90185K(90944K) Class: 16087K(16640K)->16087K(16640K)
[1751.311s][info ][gc             ] GC(41) Pause Young (Allocation Failure) 2188M->276M(2251M) 4.871ms
[1751.311s][info ][gc,cpu         ] GC(41) User=0.01s Sys=0.00s Real=0.01s
[1751.312s][info ][safepoint      ] Safepoint "ParallelGCFailedAllocation", Time since last: 726680276 ns, Reaching safepoint: 8101 ns, Cleanup: 4800 ns, At safepoint: 4954095 ns, Total: 4966996 ns
[1755.312s][info ][safepoint      ] Safepoint "Cleanup", Time since last: 4000320666 ns, Reaching safepoint: 7200 ns, Cleanup: 10101 ns, At safepoint: 2400 ns, Total: 19701 ns
[1773.313s][info ][safepoint      ] Safepoint "Cleanup", Time since last: 18001324601 ns, Reaching safepoint: 7000 ns, Cleanup: 10201 ns, At safepoint: 2500 ns, Total: 19701 ns
[1776.313s][info ][safepoint      ] Safepoint "Cleanup", Time since last: 3000241997 ns, Reaching safepoint: 6300 ns, Cleanup: 11701 ns, At safepoint: 2500 ns, Total: 20501 ns
[1800.386s][info ][safepoint      ] Safepoint "Cleanup", Time since last: 24072006723 ns, Reaching safepoint: 3400 ns, Cleanup: 15001 ns, At safepoint: 4000 ns, Total: 22401 ns
[1801.597s][info ][safepoint      ] Safepoint "Cleanup", Time since last: 1211770509 ns, Reaching safepoint: 8801 ns, Cleanup: 34802 ns, At safepoint: 2900 ns, Total: 46503 ns
[1806.598s][info ][safepoint      ] Safepoint "Cleanup", Time since last: 5000389197 ns, Reaching safepoint: 8800 ns, Cleanup: 12101 ns, At safepoint: 3000 ns, Total: 23901 ns
[1809.598s][info ][safepoint      ] Safepoint "Cleanup", Time since last: 3000242229 ns, Reaching safepoint: 9300 ns, Cleanup: 13401 ns, At safepoint: 2900 ns, Total: 25601 ns
[1810.598s][info ][safepoint      ] Safepoint "Cleanup", Time since last: 1000274638 ns, Reaching safepoint: 9400 ns, Cleanup: 15401 ns, At safepoint: 2700 ns, Total: 27501 ns
[1814.599s][info ][safepoint      ] Safepoint "Cleanup", Time since last: 4000388008 ns, Reaching safepoint: 9301 ns, Cleanup: 13000 ns, At safepoint: 3101 ns, Total: 25402 ns
[1815.924s][info ][safepoint      ] Safepoint "Cleanup", Time since last: 1325597391 ns, Reaching safepoint: 8001 ns, Cleanup: 19001 ns, At safepoint: 2600 ns, Total: 29602 ns
[1817.240s][info ][gc,start       ] GC(42) Pause Young (Allocation Failure)
[1817.245s][debug][gc,phases      ] GC(42) Scavenge 5.518ms
[1817.245s][debug][gc,ref         ] GC(42) ReferenceProcessor::execute queues: 1, RefProcThreadModel::Single, marks_oops_alive: false
[1817.245s][debug][gc,ref         ] GC(42) Skipped KeepAliveFinalRefsPhase of Reference Processing: no references
[1817.245s][debug][gc,ref         ] GC(42) ReferenceProcessor::execute queues: 1, RefProcThreadModel::Single, marks_oops_alive: false
[1817.245s][debug][gc,phases      ] GC(42) Reference Processing 0.123ms
[1817.246s][debug][gc,phases      ] GC(42)   VM Weak                        Min:  0.0, Avg:  0.0, Max:  0.0, Diff:  0.0, Sum:  0.0, Workers: 4
[1817.246s][debug][gc,phases      ] GC(42)     Dead                           Min: 0, Avg:  0.0, Max: 0, Diff: 0, Sum: 0, Workers: 4
[1817.246s][debug][gc,phases      ] GC(42)     Total                          Min: 0, Avg: 256.2, Max: 449, Diff: 449, Sum: 1025, Workers: 4
[1817.246s][debug][gc,phases      ] GC(42)   ObjectSynchronizer Weak        Min:  0.0, Avg:  0.0, Max:  0.0, Diff:  0.0, Sum:  0.0, Workers: 4
[1817.246s][debug][gc,phases      ] GC(42)     Dead                           Min: 0, Avg:  0.0, Max: 0, Diff: 0, Sum: 0, Workers: 4
[1817.246s][debug][gc,phases      ] GC(42)     Total                          Min: 0, Avg:  1.0, Max: 4, Diff: 4, Sum: 4, Workers: 4
[1817.246s][debug][gc,phases      ] GC(42)   JVMTI Tag Weak OopStorage      Min:  0.0, Avg:  0.0, Max:  0.0, Diff:  0.0, Sum:  0.0, Workers: 4
[1817.246s][debug][gc,phases      ] GC(42)     Dead                           Min: 0, Avg:  0.0, Max: 0, Diff: 0, Sum: 0, Workers: 4
[1817.246s][debug][gc,phases      ] GC(42)     Total                          Min: 0, Avg:  0.0, Max: 0, Diff: 0, Sum: 0, Workers: 4
[1817.246s][debug][gc,phases      ] GC(42)   StringTable Weak               Min:  0.0, Avg:  0.1, Max:  0.2, Diff:  0.2, Sum:  0.5, Workers: 4
[1817.246s][debug][gc,phases      ] GC(42)     Dead                           Min: 0, Avg:  0.5, Max: 2, Diff: 2, Sum: 2, Workers: 4
[1817.246s][debug][gc,phases      ] GC(42)     Total                          Min: 0, Avg: 11603.2, Max: 16717, Diff: 16717, Sum: 46413, Workers: 4
[1817.246s][debug][gc,phases      ] GC(42)   ResolvedMethodTable Weak       Min:  0.0, Avg:  0.0, Max:  0.1, Diff:  0.1, Sum:  0.2, Workers: 4
[1817.246s][debug][gc,phases      ] GC(42)     Dead                           Min: 0, Avg:  8.8, Max: 35, Diff: 35, Sum: 35, Workers: 4
[1817.246s][debug][gc,phases      ] GC(42)     Total                          Min: 0, Avg: 3848.5, Max: 5648, Diff: 5648, Sum: 15394, Workers: 4
[1817.246s][debug][gc,phases      ] GC(42)   JNI Weak                       Min:  0.0, Avg:  0.0, Max:  0.0, Diff:  0.0, Sum:  0.0, Workers: 4
[1817.246s][debug][gc,phases      ] GC(42)     Dead                           Min: 0, Avg:  0.0, Max: 0, Diff: 0, Sum: 0, Workers: 4
[1817.246s][debug][gc,phases      ] GC(42)     Total                          Min: 0, Avg: 13.0, Max: 52, Diff: 52, Sum: 52, Workers: 4
[1817.246s][debug][gc,phases      ] GC(42)   StringDedup Table Weak         Min:  0.0, Avg:  0.0, Max:  0.0, Diff:  0.0, Sum:  0.0, Workers: 4
[1817.246s][debug][gc,phases      ] GC(42)     Dead                           Min: 0, Avg:  0.0, Max: 0, Diff: 0, Sum: 0, Workers: 4
[1817.246s][debug][gc,phases      ] GC(42)     Total                          Min: 0, Avg:  0.0, Max: 0, Diff: 0, Sum: 0, Workers: 4
[1817.246s][debug][gc,phases      ] GC(42)   StringDedup Requests0 Weak     Min:  0.0, Avg:  0.0, Max:  0.0, Diff:  0.0, Sum:  0.0, Workers: 4
[1817.246s][debug][gc,phases      ] GC(42)     Dead                           Min: 0, Avg:  0.0, Max: 0, Diff: 0, Sum: 0, Workers: 4
[1817.246s][debug][gc,phases      ] GC(42)     Total                          Min: 0, Avg:  0.0, Max: 0, Diff: 0, Sum: 0, Workers: 4
[1817.246s][debug][gc,phases      ] GC(42)   StringDedup Requests1 Weak     Min:  0.0, Avg:  0.0, Max:  0.0, Diff:  0.0, Sum:  0.0, Workers: 4
[1817.246s][debug][gc,phases      ] GC(42)     Dead                           Min: 0, Avg:  0.0, Max: 0, Diff: 0, Sum: 0, Workers: 4
[1817.246s][debug][gc,phases      ] GC(42)     Total                          Min: 0, Avg:  0.0, Max: 0, Diff: 0, Sum: 0, Workers: 4
[1817.246s][debug][gc,phases      ] GC(42)   Weak JFR Old Object Samples    Min:  0.0, Avg:  0.0, Max:  0.0, Diff:  0.0, Sum:  0.0, Workers: 4
[1817.246s][debug][gc,phases      ] GC(42)     Dead                           Min: 0, Avg:  0.0, Max: 0, Diff: 0, Sum: 0, Workers: 4
[1817.246s][debug][gc,phases      ] GC(42)     Total                          Min: 0, Avg:  0.0, Max: 0, Diff: 0, Sum: 0, Workers: 4
[1817.246s][debug][gc,phases      ] GC(42) Weak Processing 0.501ms
[1817.246s][debug][gc,age         ] GC(42) Desired survivor size 59244544 bytes, new threshold 1 (max threshold 15)
[1817.246s][info ][gc,heap        ] GC(42) PSYoungGen: 1963552K(2025984K)->3664K(2039296K) Eden: 1959424K(1959424K)->0K(1977344K) From: 4128K(66560K)->3664K(61952K)
[1817.246s][info ][gc,heap        ] GC(42) ParOldGen: 278898K(279040K)->280426K(280576K)
[1817.246s][info ][gc,metaspace   ] GC(42) Metaspace: 106371K(107712K)->106371K(107712K) NonClass: 90267K(91072K)->90267K(91072K) Class: 16103K(16640K)->16103K(16640K)
[1817.246s][info ][gc             ] GC(42) Pause Young (Allocation Failure) 2189M->277M(2265M) 6.281ms
[1817.246s][info ][gc,cpu         ] GC(42) User=0.01s Sys=0.01s Real=0.00s
[1817.246s][info ][safepoint      ] Safepoint "ParallelGCFailedAllocation", Time since last: 1315235002 ns, Reaching safepoint: 6800 ns, Cleanup: 4600 ns, At safepoint: 6363080 ns, Total: 6374480 ns
[1819.247s][info ][safepoint      ] Safepoint "Cleanup", Time since last: 2001152542 ns, Reaching safepoint: 10101 ns, Cleanup: 16801 ns, At safepoint: 4100 ns, Total: 31002 ns
[1834.249s][info ][safepoint      ] Safepoint "Cleanup", Time since last: 15001347301 ns, Reaching safepoint: 7300 ns, Cleanup: 11501 ns, At safepoint: 2400 ns, Total: 21201 ns
[1837.249s][info ][safepoint      ] Safepoint "Cleanup", Time since last: 3000272987 ns, Reaching safepoint: 7000 ns, Cleanup: 13801 ns, At safepoint: 2200 ns, Total: 23001 ns
[1849.250s][info ][safepoint      ] Safepoint "Cleanup", Time since last: 12000914503 ns, Reaching safepoint: 7900 ns, Cleanup: 14601 ns, At safepoint: 3200 ns, Total: 25701 ns
[1850.250s][info ][safepoint      ] Safepoint "Cleanup", Time since last: 1000140903 ns, Reaching safepoint: 23202 ns, Cleanup: 22701 ns, At safepoint: 4700 ns, Total: 50603 ns
[1851.250s][info ][safepoint      ] Safepoint "Cleanup", Time since last: 1000118202 ns, Reaching safepoint: 7300 ns, Cleanup: 43303 ns, At safepoint: 2600 ns, Total: 53203 ns
[1853.250s][info ][safepoint      ] Safepoint "Cleanup", Time since last: 2000201301 ns, Reaching safepoint: 7000 ns, Cleanup: 10601 ns, At safepoint: 2900 ns, Total: 20501 ns
[1855.251s][info ][safepoint      ] Safepoint "Cleanup", Time since last: 2000201307 ns, Reaching safepoint: 9600 ns, Cleanup: 17601 ns, At safepoint: 2701 ns, Total: 29902 ns
[1862.616s][info ][safepoint      ] Safepoint "Cleanup", Time since last: 7365631338 ns, Reaching safepoint: 6800 ns, Cleanup: 9401 ns, At safepoint: 2500 ns, Total: 18701 ns
[1884.342s][info ][gc,start       ] GC(43) Pause Young (Allocation Failure)
[1884.346s][debug][gc,phases      ] GC(43) Scavenge 3.548ms
[1884.346s][debug][gc,ref         ] GC(43) ReferenceProcessor::execute queues: 1, RefProcThreadModel::Single, marks_oops_alive: false
[1884.346s][debug][gc,ref         ] GC(43) Skipped KeepAliveFinalRefsPhase of Reference Processing: no references
[1884.346s][debug][gc,ref         ] GC(43) ReferenceProcessor::execute queues: 1, RefProcThreadModel::Single, marks_oops_alive: false
[1884.346s][debug][gc,phases      ] GC(43) Reference Processing 0.116ms
[1884.346s][debug][gc,phases      ] GC(43)   VM Weak                        Min:  0.0, Avg:  0.0, Max:  0.0, Diff:  0.0, Sum:  0.0, Workers: 4
[1884.346s][debug][gc,phases      ] GC(43)     Dead                           Min: 0, Avg:  0.0, Max: 0, Diff: 0, Sum: 0, Workers: 4
[1884.346s][debug][gc,phases      ] GC(43)     Total                          Min: 0, Avg: 256.2, Max: 576, Diff: 576, Sum: 1025, Workers: 4
[1884.346s][debug][gc,phases      ] GC(43)   ObjectSynchronizer Weak        Min:  0.0, Avg:  0.0, Max:  0.0, Diff:  0.0, Sum:  0.0, Workers: 4
[1884.346s][debug][gc,phases      ] GC(43)     Dead                           Min: 0, Avg:  0.0, Max: 0, Diff: 0, Sum: 0, Workers: 4
[1884.346s][debug][gc,phases      ] GC(43)     Total                          Min: 0, Avg:  0.8, Max: 3, Diff: 3, Sum: 3, Workers: 4
[1884.346s][debug][gc,phases      ] GC(43)   JVMTI Tag Weak OopStorage      Min:  0.0, Avg:  0.0, Max:  0.0, Diff:  0.0, Sum:  0.0, Workers: 4
[1884.346s][debug][gc,phases      ] GC(43)     Dead                           Min: 0, Avg:  0.0, Max: 0, Diff: 0, Sum: 0, Workers: 4
[1884.346s][debug][gc,phases      ] GC(43)     Total                          Min: 0, Avg:  0.0, Max: 0, Diff: 0, Sum: 0, Workers: 4
[1884.346s][debug][gc,phases      ] GC(43)   StringTable Weak               Min:  0.0, Avg:  0.1, Max:  0.2, Diff:  0.2, Sum:  0.5, Workers: 4
[1884.346s][debug][gc,phases      ] GC(43)     Dead                           Min: 0, Avg:  0.0, Max: 0, Diff: 0, Sum: 0, Workers: 4
[1884.346s][debug][gc,phases      ] GC(43)     Total                          Min: 0, Avg: 11603.8, Max: 15744, Diff: 15744, Sum: 46415, Workers: 4
[1884.346s][debug][gc,phases      ] GC(43)   ResolvedMethodTable Weak       Min:  0.0, Avg:  0.0, Max:  0.1, Diff:  0.1, Sum:  0.2, Workers: 4
[1884.346s][debug][gc,phases      ] GC(43)     Dead                           Min: 0, Avg:  4.8, Max: 19, Diff: 19, Sum: 19, Workers: 4
[1884.346s][debug][gc,phases      ] GC(43)     Total                          Min: 0, Avg: 3849.0, Max: 5562, Diff: 5562, Sum: 15396, Workers: 4
[1884.346s][debug][gc,phases      ] GC(43)   JNI Weak                       Min:  0.0, Avg:  0.0, Max:  0.0, Diff:  0.0, Sum:  0.0, Workers: 4
[1884.346s][debug][gc,phases      ] GC(43)     Dead                           Min: 0, Avg:  0.0, Max: 0, Diff: 0, Sum: 0, Workers: 4
[1884.346s][debug][gc,phases      ] GC(43)     Total                          Min: 0, Avg: 13.0, Max: 52, Diff: 52, Sum: 52, Workers: 4
[1884.346s][debug][gc,phases      ] GC(43)   StringDedup Table Weak         Min:  0.0, Avg:  0.0, Max:  0.0, Diff:  0.0, Sum:  0.0, Workers: 4
[1884.346s][debug][gc,phases      ] GC(43)     Dead                           Min: 0, Avg:  0.0, Max: 0, Diff: 0, Sum: 0, Workers: 4
[1884.346s][debug][gc,phases      ] GC(43)     Total                          Min: 0, Avg:  0.0, Max: 0, Diff: 0, Sum: 0, Workers: 4
[1884.346s][debug][gc,phases      ] GC(43)   StringDedup Requests0 Weak     Min:  0.0, Avg:  0.0, Max:  0.0, Diff:  0.0, Sum:  0.0, Workers: 4
[1884.346s][debug][gc,phases      ] GC(43)     Dead                           Min: 0, Avg:  0.0, Max: 0, Diff: 0, Sum: 0, Workers: 4
[1884.346s][debug][gc,phases      ] GC(43)     Total                          Min: 0, Avg:  0.0, Max: 0, Diff: 0, Sum: 0, Workers: 4
[1884.346s][debug][gc,phases      ] GC(43)   StringDedup Requests1 Weak     Min:  0.0, Avg:  0.0, Max:  0.0, Diff:  0.0, Sum:  0.0, Workers: 4
[1884.346s][debug][gc,phases      ] GC(43)     Dead                           Min: 0, Avg:  0.0, Max: 0, Diff: 0, Sum: 0, Workers: 4
[1884.346s][debug][gc,phases      ] GC(43)     Total                          Min: 0, Avg:  0.0, Max: 0, Diff: 0, Sum: 0, Workers: 4
[1884.346s][debug][gc,phases      ] GC(43)   Weak JFR Old Object Samples    Min:  0.0, Avg:  0.0, Max:  0.0, Diff:  0.0, Sum:  0.0, Workers: 4
[1884.346s][debug][gc,phases      ] GC(43)     Dead                           Min: 0, Avg:  0.0, Max: 0, Diff: 0, Sum: 0, Workers: 4
[1884.346s][debug][gc,phases      ] GC(43)     Total                          Min: 0, Avg:  0.0, Max: 0, Diff: 0, Sum: 0, Workers: 4
[1884.346s][debug][gc,phases      ] GC(43) Weak Processing 0.455ms
[1884.346s][debug][gc,age         ] GC(43) Desired survivor size 55050240 bytes, new threshold 1 (max threshold 15)
[1884.347s][info ][gc,heap        ] GC(43) PSYoungGen: 1981008K(2039296K)->3720K(2035200K) Eden: 1977344K(1977344K)->0K(1977344K) From: 3664K(61952K)->3720K(57856K)
[1884.347s][info ][gc,heap        ] GC(43) ParOldGen: 280426K(280576K)->281159K(281600K)
[1884.347s][info ][gc,metaspace   ] GC(43) Metaspace: 106381K(107712K)->106381K(107712K) NonClass: 90277K(91072K)->90277K(91072K) Class: 16104K(16640K)->16104K(16640K)
[1884.347s][info ][gc             ] GC(43) Pause Young (Allocation Failure) 2208M->278M(2262M) 4.347ms
[1884.347s][info ][gc,cpu         ] GC(43) User=0.01s Sys=0.00s Real=0.00s
[1884.347s][info ][safepoint      ] Safepoint "ParallelGCFailedAllocation", Time since last: 21725935746 ns, Reaching safepoint: 6100 ns, Cleanup: 3701 ns, At safepoint: 4424664 ns, Total: 4434465 ns
[1889.347s][info ][safepoint      ] Safepoint "Cleanup", Time since last: 5000361957 ns, Reaching safepoint: 5000 ns, Cleanup: 8600 ns, At safepoint: 2801 ns, Total: 16401 ns
[1906.348s][info ][safepoint      ] Safepoint "Cleanup", Time since last: 17001443393 ns, Reaching safepoint: 6001 ns, Cleanup: 9600 ns, At safepoint: 2400 ns, Total: 18001 ns
[1911.349s][info ][safepoint      ] Safepoint "Cleanup", Time since last: 5000405783 ns, Reaching safepoint: 6000 ns, Cleanup: 10001 ns, At safepoint: 5900 ns, Total: 21901 ns
[1923.350s][info ][safepoint      ] Safepoint "Cleanup", Time since last: 12001005660 ns, Reaching safepoint: 6500 ns, Cleanup: 10101 ns, At safepoint: 2500 ns, Total: 19101 ns
[1924.350s][info ][safepoint      ] Safepoint "Cleanup", Time since last: 1000125560 ns, Reaching safepoint: 6200 ns, Cleanup: 10301 ns, At safepoint: 2600 ns, Total: 19101 ns
[1926.350s][info ][safepoint      ] Safepoint "Cleanup", Time since last: 2000189916 ns, Reaching safepoint: 6901 ns, Cleanup: 15201 ns, At safepoint: 2600 ns, Total: 24702 ns
[1927.350s][info ][safepoint      ] Safepoint "Cleanup", Time since last: 1000119257 ns, Reaching safepoint: 7001 ns, Cleanup: 12200 ns, At safepoint: 2700 ns, Total: 21901 ns
[1928.351s][info ][safepoint      ] Safepoint "Cleanup", Time since last: 1000125754 ns, Reaching safepoint: 7000 ns, Cleanup: 12201 ns, At safepoint: 2300 ns, Total: 21501 ns
[1937.351s][info ][safepoint      ] Safepoint "Cleanup", Time since last: 9000705778 ns, Reaching safepoint: 7201 ns, Cleanup: 15201 ns, At safepoint: 2700 ns, Total: 25102 ns
[1943.352s][info ][safepoint      ] Safepoint "Cleanup", Time since last: 6000506619 ns, Reaching safepoint: 7000 ns, Cleanup: 9701 ns, At safepoint: 28902 ns, Total: 45603 ns
[1948.936s][info ][gc,start       ] GC(44) Pause Young (Allocation Failure)
[1948.940s][debug][gc,phases      ] GC(44) Scavenge 3.067ms
[1948.940s][debug][gc,ref         ] GC(44) ReferenceProcessor::execute queues: 1, RefProcThreadModel::Single, marks_oops_alive: false
[1948.940s][debug][gc,ref         ] GC(44) Skipped KeepAliveFinalRefsPhase of Reference Processing: no references
[1948.940s][debug][gc,ref         ] GC(44) ReferenceProcessor::execute queues: 1, RefProcThreadModel::Single, marks_oops_alive: false
[1948.940s][debug][gc,phases      ] GC(44) Reference Processing 0.140ms
[1948.940s][debug][gc,phases      ] GC(44)   VM Weak                        Min:  0.0, Avg:  0.0, Max:  0.0, Diff:  0.0, Sum:  0.0, Workers: 4
[1948.940s][debug][gc,phases      ] GC(44)     Dead                           Min: 0, Avg:  0.0, Max: 0, Diff: 0, Sum: 0, Workers: 4
[1948.940s][debug][gc,phases      ] GC(44)     Total                          Min: 0, Avg: 256.2, Max: 577, Diff: 577, Sum: 1025, Workers: 4
[1948.940s][debug][gc,phases      ] GC(44)   ObjectSynchronizer Weak        Min:  0.0, Avg:  0.0, Max:  0.0, Diff:  0.0, Sum:  0.0, Workers: 4
[1948.940s][debug][gc,phases      ] GC(44)     Dead                           Min: 0, Avg:  0.0, Max: 0, Diff: 0, Sum: 0, Workers: 4
[1948.940s][debug][gc,phases      ] GC(44)     Total                          Min: 0, Avg:  1.0, Max: 4, Diff: 4, Sum: 4, Workers: 4
[1948.940s][debug][gc,phases      ] GC(44)   JVMTI Tag Weak OopStorage      Min:  0.0, Avg:  0.0, Max:  0.0, Diff:  0.0, Sum:  0.0, Workers: 4
[1948.940s][debug][gc,phases      ] GC(44)     Dead                           Min: 0, Avg:  0.0, Max: 0, Diff: 0, Sum: 0, Workers: 4
[1948.940s][debug][gc,phases      ] GC(44)     Total                          Min: 0, Avg:  0.0, Max: 0, Diff: 0, Sum: 0, Workers: 4
[1948.940s][debug][gc,phases      ] GC(44)   StringTable Weak               Min:  0.0, Avg:  0.1, Max:  0.2, Diff:  0.2, Sum:  0.5, Workers: 4
[1948.940s][debug][gc,phases      ] GC(44)     Dead                           Min: 0, Avg:  0.0, Max: 0, Diff: 0, Sum: 0, Workers: 4
[1948.940s][debug][gc,phases      ] GC(44)     Total                          Min: 0, Avg: 11615.2, Max: 16000, Diff: 16000, Sum: 46461, Workers: 4
[1948.940s][debug][gc,phases      ] GC(44)   ResolvedMethodTable Weak       Min:  0.0, Avg:  0.0, Max:  0.1, Diff:  0.1, Sum:  0.2, Workers: 4
[1948.940s][debug][gc,phases      ] GC(44)     Dead                           Min: 0, Avg:  4.2, Max: 17, Diff: 17, Sum: 17, Workers: 4
[1948.940s][debug][gc,phases      ] GC(44)     Total                          Min: 0, Avg: 3850.0, Max: 5567, Diff: 5567, Sum: 15400, Workers: 4
[1948.940s][debug][gc,phases      ] GC(44)   JNI Weak                       Min:  0.0, Avg:  0.0, Max:  0.0, Diff:  0.0, Sum:  0.0, Workers: 4
[1948.940s][debug][gc,phases      ] GC(44)     Dead                           Min: 0, Avg:  0.0, Max: 0, Diff: 0, Sum: 0, Workers: 4
[1948.940s][debug][gc,phases      ] GC(44)     Total                          Min: 0, Avg: 13.0, Max: 52, Diff: 52, Sum: 52, Workers: 4
[1948.940s][debug][gc,phases      ] GC(44)   StringDedup Table Weak         Min:  0.0, Avg:  0.0, Max:  0.0, Diff:  0.0, Sum:  0.0, Workers: 4
[1948.940s][debug][gc,phases      ] GC(44)     Dead                           Min: 0, Avg:  0.0, Max: 0, Diff: 0, Sum: 0, Workers: 4
[1948.940s][debug][gc,phases      ] GC(44)     Total                          Min: 0, Avg:  0.0, Max: 0, Diff: 0, Sum: 0, Workers: 4
[1948.940s][debug][gc,phases      ] GC(44)   StringDedup Requests0 Weak     Min:  0.0, Avg:  0.0, Max:  0.0, Diff:  0.0, Sum:  0.0, Workers: 4
[1948.940s][debug][gc,phases      ] GC(44)     Dead                           Min: 0, Avg:  0.0, Max: 0, Diff: 0, Sum: 0, Workers: 4
[1948.940s][debug][gc,phases      ] GC(44)     Total                          Min: 0, Avg:  0.0, Max: 0, Diff: 0, Sum: 0, Workers: 4
[1948.940s][debug][gc,phases      ] GC(44)   StringDedup Requests1 Weak     Min:  0.0, Avg:  0.0, Max:  0.0, Diff:  0.0, Sum:  0.0, Workers: 4
[1948.940s][debug][gc,phases      ] GC(44)     Dead                           Min: 0, Avg:  0.0, Max: 0, Diff: 0, Sum: 0, Workers: 4
[1948.940s][debug][gc,phases      ] GC(44)     Total                          Min: 0, Avg:  0.0, Max: 0, Diff: 0, Sum: 0, Workers: 4
[1948.940s][debug][gc,phases      ] GC(44)   Weak JFR Old Object Samples    Min:  0.0, Avg:  0.0, Max:  0.0, Diff:  0.0, Sum:  0.0, Workers: 4
[1948.940s][debug][gc,phases      ] GC(44)     Dead                           Min: 0, Avg:  0.0, Max: 0, Diff: 0, Sum: 0, Workers: 4
[1948.940s][debug][gc,phases      ] GC(44)     Total                          Min: 0, Avg:  0.0, Max: 0, Diff: 0, Sum: 0, Workers: 4
[1948.940s][debug][gc,phases      ] GC(44) Weak Processing 0.459ms
[1948.940s][debug][gc,age         ] GC(44) Desired survivor size 51380224 bytes, new threshold 1 (max threshold 15)
[1948.940s][info ][gc,heap        ] GC(44) PSYoungGen: 1981064K(2035200K)->3376K(2046976K) Eden: 1977344K(1977344K)->0K(1993216K) From: 3720K(57856K)->3376K(53760K)
[1948.940s][info ][gc,heap        ] GC(44) ParOldGen: 281159K(281600K)->282671K(283136K)
[1948.940s][info ][gc,metaspace   ] GC(44) Metaspace: 106434K(107776K)->106434K(107776K) NonClass: 90327K(91136K)->90327K(91136K) Class: 16107K(16640K)->16107K(16640K)
[1948.940s][info ][gc             ] GC(44) Pause Young (Allocation Failure) 2209M->279M(2275M) 3.813ms
[1948.940s][info ][gc,cpu         ] GC(44) User=0.01s Sys=0.01s Real=0.01s
[1948.940s][info ][safepoint      ] Safepoint "ParallelGCFailedAllocation", Time since last: 5584475209 ns, Reaching safepoint: 79404 ns, Cleanup: 5001 ns, At safepoint: 3894632 ns, Total: 3979037 ns
[1950.941s][info ][safepoint      ] Safepoint "Cleanup", Time since last: 2000176752 ns, Reaching safepoint: 83805 ns, Cleanup: 8101 ns, At safepoint: 8800 ns, Total: 100706 ns
[1960.941s][info ][safepoint      ] Safepoint "Cleanup", Time since last: 10000829149 ns, Reaching safepoint: 6900 ns, Cleanup: 9101 ns, At safepoint: 2300 ns, Total: 18301 ns
[1978.943s][info ][safepoint      ] Safepoint "Cleanup", Time since last: 18001512325 ns, Reaching safepoint: 81005 ns, Cleanup: 11501 ns, At safepoint: 7100 ns, Total: 99606 ns
[1979.943s][info ][safepoint      ] Safepoint "Cleanup", Time since last: 1000141599 ns, Reaching safepoint: 85305 ns, Cleanup: 13001 ns, At safepoint: 6900 ns, Total: 105206 ns
[1981.653s][info ][safepoint      ] Safepoint "Cleanup", Time since last: 1710215213 ns, Reaching safepoint: 7600 ns, Cleanup: 11601 ns, At safepoint: 2700 ns, Total: 21901 ns
[1984.654s][info ][safepoint      ] Safepoint "Cleanup", Time since last: 3000284546 ns, Reaching safepoint: 7100 ns, Cleanup: 13201 ns, At safepoint: 2600 ns, Total: 22901 ns
[1986.654s][info ][safepoint      ] Safepoint "Cleanup", Time since last: 2000226269 ns, Reaching safepoint: 9001 ns, Cleanup: 12400 ns, At safepoint: 3900 ns, Total: 25301 ns
[1987.654s][info ][safepoint      ] Safepoint "Cleanup", Time since last: 1000120935 ns, Reaching safepoint: 6101 ns, Cleanup: 10400 ns, At safepoint: 2501 ns, Total: 19002 ns
[1989.654s][info ][safepoint      ] Safepoint "Cleanup", Time since last: 2000202067 ns, Reaching safepoint: 7100 ns, Cleanup: 11101 ns, At safepoint: 2300 ns, Total: 20501 ns
[1990.655s][info ][safepoint      ] Safepoint "Cleanup", Time since last: 1000125935 ns, Reaching safepoint: 7701 ns, Cleanup: 11500 ns, At safepoint: 2401 ns, Total: 21602 ns
[1991.655s][info ][safepoint      ] Safepoint "Cleanup", Time since last: 1000123033 ns, Reaching safepoint: 8401 ns, Cleanup: 15301 ns, At safepoint: 2600 ns, Total: 26302 ns
[1992.655s][info ][safepoint      ] Safepoint "Cleanup", Time since last: 1000124465 ns, Reaching safepoint: 9200 ns, Cleanup: 11801 ns, At safepoint: 2500 ns, Total: 23501 ns
[1993.655s][info ][safepoint      ] Safepoint "Cleanup", Time since last: 1000138466 ns, Reaching safepoint: 7300 ns, Cleanup: 12501 ns, At safepoint: 2600 ns, Total: 22401 ns
[1994.655s][info ][safepoint      ] Safepoint "Cleanup", Time since last: 1000164367 ns, Reaching safepoint: 7001 ns, Cleanup: 11901 ns, At safepoint: 2600 ns, Total: 21502 ns
[2000.656s][info ][safepoint      ] Safepoint "Cleanup", Time since last: 6000501828 ns, Reaching safepoint: 8500 ns, Cleanup: 23202 ns, At safepoint: 3400 ns, Total: 35102 ns
[2000.886s][info ][gc,start       ] GC(45) Pause Young (Allocation Failure)
[2000.891s][debug][gc,phases      ] GC(45) Scavenge 4.755ms
[2000.891s][debug][gc,ref         ] GC(45) ReferenceProcessor::execute queues: 1, RefProcThreadModel::Single, marks_oops_alive: false
[2000.891s][debug][gc,ref         ] GC(45) Skipped KeepAliveFinalRefsPhase of Reference Processing: no references
[2000.891s][debug][gc,ref         ] GC(45) Skipped PhantomRefsPhase of Reference Processing: no references
[2000.891s][debug][gc,phases      ] GC(45) Reference Processing 0.110ms
[2000.892s][debug][gc,phases      ] GC(45)   VM Weak                        Min:  0.0, Avg:  0.0, Max:  0.0, Diff:  0.0, Sum:  0.0, Workers: 4
[2000.892s][debug][gc,phases      ] GC(45)     Dead                           Min: 0, Avg:  0.0, Max: 0, Diff: 0, Sum: 0, Workers: 4
[2000.892s][debug][gc,phases      ] GC(45)     Total                          Min: 64, Avg: 256.2, Max: 512, Diff: 448, Sum: 1025, Workers: 4
[2000.892s][debug][gc,phases      ] GC(45)   ObjectSynchronizer Weak        Min:  0.0, Avg:  0.0, Max:  0.0, Diff:  0.0, Sum:  0.0, Workers: 4
[2000.892s][debug][gc,phases      ] GC(45)     Dead                           Min: 0, Avg:  0.0, Max: 0, Diff: 0, Sum: 0, Workers: 4
[2000.892s][debug][gc,phases      ] GC(45)     Total                          Min: 0, Avg:  0.8, Max: 3, Diff: 3, Sum: 3, Workers: 4
[2000.892s][debug][gc,phases      ] GC(45)   JVMTI Tag Weak OopStorage      Min:  0.0, Avg:  0.0, Max:  0.0, Diff:  0.0, Sum:  0.0, Workers: 4
[2000.892s][debug][gc,phases      ] GC(45)     Dead                           Min: 0, Avg:  0.0, Max: 0, Diff: 0, Sum: 0, Workers: 4
[2000.892s][debug][gc,phases      ] GC(45)     Total                          Min: 0, Avg:  0.0, Max: 0, Diff: 0, Sum: 0, Workers: 4
[2000.892s][debug][gc,phases      ] GC(45)   StringTable Weak               Min:  0.1, Avg:  0.1, Max:  0.1, Diff:  0.0, Sum:  0.5, Workers: 4
[2000.892s][debug][gc,phases      ] GC(45)     Dead                           Min: 0, Avg:  0.0, Max: 0, Diff: 0, Sum: 0, Workers: 4
[2000.892s][debug][gc,phases      ] GC(45)     Total                          Min: 11200, Avg: 11616.2, Max: 12224, Diff: 1024, Sum: 46465, Workers: 4
[2000.892s][debug][gc,phases      ] GC(45)   ResolvedMethodTable Weak       Min:  0.0, Avg:  0.0, Max:  0.0, Diff:  0.0, Sum:  0.2, Workers: 4
[2000.892s][debug][gc,phases      ] GC(45)     Dead                           Min: 0, Avg:  4.0, Max: 16, Diff: 16, Sum: 16, Workers: 4
[2000.892s][debug][gc,phases      ] GC(45)     Total                          Min: 3665, Avg: 3850.0, Max: 3992, Diff: 327, Sum: 15400, Workers: 4
[2000.892s][debug][gc,phases      ] GC(45)   JNI Weak                       Min:  0.0, Avg:  0.0, Max:  0.0, Diff:  0.0, Sum:  0.0, Workers: 4
[2000.892s][debug][gc,phases      ] GC(45)     Dead                           Min: 0, Avg:  0.0, Max: 0, Diff: 0, Sum: 0, Workers: 4
[2000.892s][debug][gc,phases      ] GC(45)     Total                          Min: 0, Avg: 13.0, Max: 52, Diff: 52, Sum: 52, Workers: 4
[2000.892s][debug][gc,phases      ] GC(45)   StringDedup Table Weak         Min:  0.0, Avg:  0.0, Max:  0.0, Diff:  0.0, Sum:  0.0, Workers: 4
[2000.892s][debug][gc,phases      ] GC(45)     Dead                           Min: 0, Avg:  0.0, Max: 0, Diff: 0, Sum: 0, Workers: 4
[2000.892s][debug][gc,phases      ] GC(45)     Total                          Min: 0, Avg:  0.0, Max: 0, Diff: 0, Sum: 0, Workers: 4
[2000.892s][debug][gc,phases      ] GC(45)   StringDedup Requests0 Weak     Min:  0.0, Avg:  0.0, Max:  0.0, Diff:  0.0, Sum:  0.0, Workers: 4
[2000.892s][debug][gc,phases      ] GC(45)     Dead                           Min: 0, Avg:  0.0, Max: 0, Diff: 0, Sum: 0, Workers: 4
[2000.892s][debug][gc,phases      ] GC(45)     Total                          Min: 0, Avg:  0.0, Max: 0, Diff: 0, Sum: 0, Workers: 4
[2000.892s][debug][gc,phases      ] GC(45)   StringDedup Requests1 Weak     Min:  0.0, Avg:  0.0, Max:  0.0, Diff:  0.0, Sum:  0.0, Workers: 4
[2000.892s][debug][gc,phases      ] GC(45)     Dead                           Min: 0, Avg:  0.0, Max: 0, Diff: 0, Sum: 0, Workers: 4
[2000.892s][debug][gc,phases      ] GC(45)     Total                          Min: 0, Avg:  0.0, Max: 0, Diff: 0, Sum: 0, Workers: 4
[2000.892s][debug][gc,phases      ] GC(45)   Weak JFR Old Object Samples    Min:  0.0, Avg:  0.0, Max:  0.0, Diff:  0.0, Sum:  0.0, Workers: 4
[2000.892s][debug][gc,phases      ] GC(45)     Dead                           Min: 0, Avg:  0.0, Max: 0, Diff: 0, Sum: 0, Workers: 4
[2000.892s][debug][gc,phases      ] GC(45)     Total                          Min: 0, Avg:  0.0, Max: 0, Diff: 0, Sum: 0, Workers: 4
[2000.892s][debug][gc,phases      ] GC(45) Weak Processing 0.413ms
[2000.892s][debug][gc,age         ] GC(45) Desired survivor size 47710208 bytes, new threshold 1 (max threshold 15)
[2000.892s][info ][gc,heap        ] GC(45) PSYoungGen: 1996592K(2046976K)->4128K(2043392K) Eden: 1993216K(1993216K)->0K(1993216K) From: 3376K(53760K)->4128K(50176K)
[2000.892s][info ][gc,heap        ] GC(45) ParOldGen: 282671K(283136K)->283760K(284160K)
[2000.892s][info ][gc,metaspace   ] GC(45) Metaspace: 106447K(107776K)->106447K(107776K) NonClass: 90339K(91136K)->90339K(91136K) Class: 16107K(16640K)->16107K(16640K)
[2000.892s][info ][gc             ] GC(45) Pause Young (Allocation Failure) 2225M->281M(2273M) 5.424ms
[2000.892s][info ][gc,cpu         ] GC(45) User=0.02s Sys=0.00s Real=0.01s
[2000.892s][info ][safepoint      ] Safepoint "ParallelGCFailedAllocation", Time since last: 230619879 ns, Reaching safepoint: 80205 ns, Cleanup: 13801 ns, At safepoint: 5507529 ns, Total: 5601535 ns
[2001.892s][info ][safepoint      ] Safepoint "Cleanup", Time since last: 1000102554 ns, Reaching safepoint: 83605 ns, Cleanup: 11400 ns, At safepoint: 7101 ns, Total: 102106 ns
[2002.892s][info ][safepoint      ] Safepoint "Cleanup", Time since last: 1000126655 ns, Reaching safepoint: 83605 ns, Cleanup: 19701 ns, At safepoint: 5801 ns, Total: 109107 ns
[2003.893s][info ][safepoint      ] Safepoint "Cleanup", Time since last: 1000139956 ns, Reaching safepoint: 84205 ns, Cleanup: 11901 ns, At safepoint: 36402 ns, Total: 132508 ns
[2004.893s][info ][safepoint      ] Safepoint "Cleanup", Time since last: 1000127555 ns, Reaching safepoint: 78405 ns, Cleanup: 11300 ns, At safepoint: 7201 ns, Total: 96906 ns
[2005.893s][info ][safepoint      ] Safepoint "Cleanup", Time since last: 1000150457 ns, Reaching safepoint: 82105 ns, Cleanup: 13000 ns, At safepoint: 7801 ns, Total: 102906 ns
[2012.894s][info ][safepoint      ] Safepoint "Cleanup", Time since last: 7000541842 ns, Reaching safepoint: 76805 ns, Cleanup: 11201 ns, At safepoint: 6400 ns, Total: 94406 ns
[2013.894s][info ][safepoint      ] Safepoint "Cleanup", Time since last: 1000131717 ns, Reaching safepoint: 7300 ns, Cleanup: 11601 ns, At safepoint: 2700 ns, Total: 21601 ns
[2015.894s][info ][safepoint      ] Safepoint "Cleanup", Time since last: 2000192006 ns, Reaching safepoint: 6200 ns, Cleanup: 12701 ns, At safepoint: 2500 ns, Total: 21401 ns
[2018.894s][info ][safepoint      ] Safepoint "Cleanup", Time since last: 3000271548 ns, Reaching safepoint: 6901 ns, Cleanup: 10600 ns, At safepoint: 2300 ns, Total: 19801 ns
[2023.895s][info ][safepoint      ] Safepoint "Cleanup", Time since last: 5000410111 ns, Reaching safepoint: 5100 ns, Cleanup: 11001 ns, At safepoint: 2500 ns, Total: 18601 ns
[2025.895s][info ][safepoint      ] Safepoint "Cleanup", Time since last: 2000182962 ns, Reaching safepoint: 6501 ns, Cleanup: 10200 ns, At safepoint: 2600 ns, Total: 19301 ns
[2027.895s][info ][safepoint      ] Safepoint "Cleanup", Time since last: 2000196463 ns, Reaching safepoint: 6601 ns, Cleanup: 10601 ns, At safepoint: 2600 ns, Total: 19802 ns
[2028.895s][info ][safepoint      ] Safepoint "Cleanup", Time since last: 1000156885 ns, Reaching safepoint: 7100 ns, Cleanup: 10301 ns, At safepoint: 2500 ns, Total: 19901 ns
[2032.896s][info ][safepoint      ] Safepoint "Cleanup", Time since last: 4000355570 ns, Reaching safepoint: 6800 ns, Cleanup: 10901 ns, At safepoint: 2800 ns, Total: 20501 ns
[2033.896s][info ][safepoint      ] Safepoint "Cleanup", Time since last: 1000143766 ns, Reaching safepoint: 7900 ns, Cleanup: 15101 ns, At safepoint: 2900 ns, Total: 25901 ns
[2034.896s][info ][safepoint      ] Safepoint "Cleanup", Time since last: 1000120365 ns, Reaching safepoint: 6700 ns, Cleanup: 10501 ns, At safepoint: 21501 ns, Total: 38702 ns
[2036.896s][info ][safepoint      ] Safepoint "Cleanup", Time since last: 2000176924 ns, Reaching safepoint: 6701 ns, Cleanup: 10500 ns, At safepoint: 2701 ns, Total: 19902 ns
[2038.897s][info ][safepoint      ] Safepoint "Cleanup", Time since last: 2000191025 ns, Reaching safepoint: 6601 ns, Cleanup: 10200 ns, At safepoint: 2400 ns, Total: 19201 ns
[2052.590s][info ][gc,start       ] GC(46) Pause Young (Allocation Failure)
[2052.595s][debug][gc,phases      ] GC(46) Scavenge 4.219ms
[2052.595s][debug][gc,ref         ] GC(46) ReferenceProcessor::execute queues: 1, RefProcThreadModel::Single, marks_oops_alive: false
[2052.595s][debug][gc,ref         ] GC(46) Skipped KeepAliveFinalRefsPhase of Reference Processing: no references
[2052.595s][debug][gc,ref         ] GC(46) Skipped PhantomRefsPhase of Reference Processing: no references
[2052.595s][debug][gc,phases      ] GC(46) Reference Processing 0.117ms
[2052.595s][debug][gc,phases      ] GC(46)   VM Weak                        Min:  0.0, Avg:  0.0, Max:  0.0, Diff:  0.0, Sum:  0.0, Workers: 4
[2052.595s][debug][gc,phases      ] GC(46)     Dead                           Min: 0, Avg:  0.0, Max: 0, Diff: 0, Sum: 0, Workers: 4
[2052.595s][debug][gc,phases      ] GC(46)     Total                          Min: 0, Avg: 256.2, Max: 832, Diff: 832, Sum: 1025, Workers: 4
[2052.595s][debug][gc,phases      ] GC(46)   ObjectSynchronizer Weak        Min:  0.0, Avg:  0.0, Max:  0.0, Diff:  0.0, Sum:  0.0, Workers: 4
[2052.595s][debug][gc,phases      ] GC(46)     Dead                           Min: 0, Avg:  0.0, Max: 0, Diff: 0, Sum: 0, Workers: 4
[2052.595s][debug][gc,phases      ] GC(46)     Total                          Min: 0, Avg:  1.0, Max: 4, Diff: 4, Sum: 4, Workers: 4
[2052.595s][debug][gc,phases      ] GC(46)   JVMTI Tag Weak OopStorage      Min:  0.0, Avg:  0.0, Max:  0.0, Diff:  0.0, Sum:  0.0, Workers: 4
[2052.595s][debug][gc,phases      ] GC(46)     Dead                           Min: 0, Avg:  0.0, Max: 0, Diff: 0, Sum: 0, Workers: 4
[2052.595s][debug][gc,phases      ] GC(46)     Total                          Min: 0, Avg:  0.0, Max: 0, Diff: 0, Sum: 0, Workers: 4
[2052.595s][debug][gc,phases      ] GC(46)   StringTable Weak               Min:  0.0, Avg:  0.1, Max:  0.1, Diff:  0.1, Sum:  0.4, Workers: 4
[2052.595s][debug][gc,phases      ] GC(46)     Dead                           Min: 0, Avg:  0.0, Max: 0, Diff: 0, Sum: 0, Workers: 4
[2052.595s][debug][gc,phases      ] GC(46)     Total                          Min: 0, Avg: 11616.2, Max: 16832, Diff: 16832, Sum: 46465, Workers: 4
[2052.595s][debug][gc,phases      ] GC(46)   ResolvedMethodTable Weak       Min:  0.0, Avg:  0.0, Max:  0.1, Diff:  0.1, Sum:  0.2, Workers: 4
[2052.595s][debug][gc,phases      ] GC(46)     Dead                           Min: 0, Avg:  4.0, Max: 16, Diff: 16, Sum: 16, Workers: 4
[2052.595s][debug][gc,phases      ] GC(46)     Total                          Min: 0, Avg: 3850.0, Max: 5601, Diff: 5601, Sum: 15400, Workers: 4
[2052.595s][debug][gc,phases      ] GC(46)   JNI Weak                       Min:  0.0, Avg:  0.0, Max:  0.0, Diff:  0.0, Sum:  0.0, Workers: 4
[2052.595s][debug][gc,phases      ] GC(46)     Dead                           Min: 0, Avg:  0.0, Max: 0, Diff: 0, Sum: 0, Workers: 4
[2052.595s][debug][gc,phases      ] GC(46)     Total                          Min: 0, Avg: 13.0, Max: 52, Diff: 52, Sum: 52, Workers: 4
[2052.595s][debug][gc,phases      ] GC(46)   StringDedup Table Weak         Min:  0.0, Avg:  0.0, Max:  0.0, Diff:  0.0, Sum:  0.0, Workers: 4
[2052.595s][debug][gc,phases      ] GC(46)     Dead                           Min: 0, Avg:  0.0, Max: 0, Diff: 0, Sum: 0, Workers: 4
[2052.595s][debug][gc,phases      ] GC(46)     Total                          Min: 0, Avg:  0.0, Max: 0, Diff: 0, Sum: 0, Workers: 4
[2052.595s][debug][gc,phases      ] GC(46)   StringDedup Requests0 Weak     Min:  0.0, Avg:  0.0, Max:  0.0, Diff:  0.0, Sum:  0.0, Workers: 4
[2052.595s][debug][gc,phases      ] GC(46)     Dead                           Min: 0, Avg:  0.0, Max: 0, Diff: 0, Sum: 0, Workers: 4
[2052.595s][debug][gc,phases      ] GC(46)     Total                          Min: 0, Avg:  0.0, Max: 0, Diff: 0, Sum: 0, Workers: 4
[2052.595s][debug][gc,phases      ] GC(46)   StringDedup Requests1 Weak     Min:  0.0, Avg:  0.0, Max:  0.0, Diff:  0.0, Sum:  0.0, Workers: 4
[2052.595s][debug][gc,phases      ] GC(46)     Dead                           Min: 0, Avg:  0.0, Max: 0, Diff: 0, Sum: 0, Workers: 4
[2052.595s][debug][gc,phases      ] GC(46)     Total                          Min: 0, Avg:  0.0, Max: 0, Diff: 0, Sum: 0, Workers: 4
[2052.595s][debug][gc,phases      ] GC(46)   Weak JFR Old Object Samples    Min:  0.0, Avg:  0.0, Max:  0.0, Diff:  0.0, Sum:  0.0, Workers: 4
[2052.595s][debug][gc,phases      ] GC(46)     Dead                           Min: 0, Avg:  0.0, Max: 0, Diff: 0, Sum: 0, Workers: 4
[2052.595s][debug][gc,phases      ] GC(46)     Total                          Min: 0, Avg:  0.0, Max: 0, Diff: 0, Sum: 0, Workers: 4
[2052.595s][debug][gc,phases      ] GC(46) Weak Processing 0.437ms
[2052.595s][debug][gc,age         ] GC(46) Desired survivor size 44564480 bytes, new threshold 1 (max threshold 15)
[2052.595s][info ][gc,heap        ] GC(46) PSYoungGen: 1997344K(2043392K)->3664K(2053632K) Eden: 1993216K(1993216K)->0K(2007040K) From: 4128K(50176K)->3664K(46592K)
[2052.595s][info ][gc,heap        ] GC(46) ParOldGen: 283760K(284160K)->284888K(285184K)
[2052.595s][info ][gc,metaspace   ] GC(46) Metaspace: 106474K(107776K)->106474K(107776K) NonClass: 90367K(91136K)->90367K(91136K) Class: 16107K(16640K)->16107K(16640K)
[2052.595s][info ][gc             ] GC(46) Pause Young (Allocation Failure) 2227M->281M(2284M) 4.931ms
[2052.595s][info ][gc,cpu         ] GC(46) User=0.02s Sys=0.00s Real=0.00s
[2052.595s][info ][safepoint      ] Safepoint "ParallelGCFailedAllocation", Time since last: 13693783932 ns, Reaching safepoint: 6500 ns, Cleanup: 13101 ns, At safepoint: 5009599 ns, Total: 5029200 ns
[2059.596s][info ][safepoint      ] Safepoint "Cleanup", Time since last: 7000567002 ns, Reaching safepoint: 6001 ns, Cleanup: 15301 ns, At safepoint: 2700 ns, Total: 24002 ns
[2063.596s][info ][safepoint      ] Safepoint "Cleanup", Time since last: 4000353194 ns, Reaching safepoint: 7000 ns, Cleanup: 9901 ns, At safepoint: 2300 ns, Total: 19201 ns
[2067.597s][info ][safepoint      ] Safepoint "Cleanup", Time since last: 4000390610 ns, Reaching safepoint: 7400 ns, Cleanup: 12601 ns, At safepoint: 31402 ns, Total: 51403 ns
[2070.597s][info ][safepoint      ] Safepoint "Cleanup", Time since last: 3000265656 ns, Reaching safepoint: 7000 ns, Cleanup: 10201 ns, At safepoint: 2200 ns, Total: 19401 ns
[2076.598s][info ][safepoint      ] Safepoint "Cleanup", Time since last: 6000494556 ns, Reaching safepoint: 7101 ns, Cleanup: 10600 ns, At safepoint: 2801 ns, Total: 20502 ns
[2078.598s][info ][safepoint      ] Safepoint "Cleanup", Time since last: 2000186417 ns, Reaching safepoint: 6500 ns, Cleanup: 10501 ns, At safepoint: 2700 ns, Total: 19701 ns
[2080.598s][info ][safepoint      ] Safepoint "Cleanup", Time since last: 2000202249 ns, Reaching safepoint: 8401 ns, Cleanup: 11300 ns, At safepoint: 2901 ns, Total: 22602 ns
[2089.599s][info ][safepoint      ] Safepoint "Cleanup", Time since last: 9000723880 ns, Reaching safepoint: 6400 ns, Cleanup: 10901 ns, At safepoint: 3000 ns, Total: 20301 ns
[2096.599s][info ][safepoint      ] Safepoint "Cleanup", Time since last: 7000592031 ns, Reaching safepoint: 10401 ns, Cleanup: 14501 ns, At safepoint: 2700 ns, Total: 27602 ns
[2097.600s][info ][safepoint      ] Safepoint "Cleanup", Time since last: 1000147243 ns, Reaching safepoint: 6100 ns, Cleanup: 9501 ns, At safepoint: 2700 ns, Total: 18301 ns
[2108.691s][info ][safepoint      ] Safepoint "Cleanup", Time since last: 11091438131 ns, Reaching safepoint: 81005 ns, Cleanup: 10501 ns, At safepoint: 6600 ns, Total: 98106 ns
[2114.692s][info ][safepoint      ] Safepoint "Cleanup", Time since last: 6000537199 ns, Reaching safepoint: 7900 ns, Cleanup: 15601 ns, At safepoint: 2400 ns, Total: 25901 ns
[2115.087s][info ][gc,start       ] GC(47) Pause Young (Allocation Failure)
[2115.092s][debug][gc,phases      ] GC(47) Scavenge 4.980ms
[2115.092s][debug][gc,ref         ] GC(47) ReferenceProcessor::execute queues: 1, RefProcThreadModel::Single, marks_oops_alive: false
[2115.092s][debug][gc,ref         ] GC(47) Skipped KeepAliveFinalRefsPhase of Reference Processing: no references
[2115.092s][debug][gc,ref         ] GC(47) ReferenceProcessor::execute queues: 1, RefProcThreadModel::Single, marks_oops_alive: false
[2115.092s][debug][gc,phases      ] GC(47) Reference Processing 0.120ms
[2115.092s][debug][gc,phases      ] GC(47)   VM Weak                        Min:  0.0, Avg:  0.0, Max:  0.0, Diff:  0.0, Sum:  0.0, Workers: 4
[2115.092s][debug][gc,phases      ] GC(47)     Dead                           Min: 0, Avg:  0.0, Max: 0, Diff: 0, Sum: 0, Workers: 4
[2115.092s][debug][gc,phases      ] GC(47)     Total                          Min: 0, Avg: 256.2, Max: 705, Diff: 705, Sum: 1025, Workers: 4
[2115.092s][debug][gc,phases      ] GC(47)   ObjectSynchronizer Weak        Min:  0.0, Avg:  0.0, Max:  0.0, Diff:  0.0, Sum:  0.0, Workers: 4
[2115.092s][debug][gc,phases      ] GC(47)     Dead                           Min: 0, Avg:  0.0, Max: 0, Diff: 0, Sum: 0, Workers: 4
[2115.092s][debug][gc,phases      ] GC(47)     Total                          Min: 0, Avg:  1.0, Max: 4, Diff: 4, Sum: 4, Workers: 4
[2115.092s][debug][gc,phases      ] GC(47)   JVMTI Tag Weak OopStorage      Min:  0.0, Avg:  0.0, Max:  0.0, Diff:  0.0, Sum:  0.0, Workers: 4
[2115.092s][debug][gc,phases      ] GC(47)     Dead                           Min: 0, Avg:  0.0, Max: 0, Diff: 0, Sum: 0, Workers: 4
[2115.092s][debug][gc,phases      ] GC(47)     Total                          Min: 0, Avg:  0.0, Max: 0, Diff: 0, Sum: 0, Workers: 4
[2115.092s][debug][gc,phases      ] GC(47)   StringTable Weak               Min:  0.0, Avg:  0.1, Max:  0.2, Diff:  0.2, Sum:  0.5, Workers: 4
[2115.092s][debug][gc,phases      ] GC(47)     Dead                           Min: 0, Avg:  0.0, Max: 0, Diff: 0, Sum: 0, Workers: 4
[2115.092s][debug][gc,phases      ] GC(47)     Total                          Min: 0, Avg: 11617.5, Max: 16128, Diff: 16128, Sum: 46470, Workers: 4
[2115.092s][debug][gc,phases      ] GC(47)   ResolvedMethodTable Weak       Min:  0.0, Avg:  0.0, Max:  0.1, Diff:  0.1, Sum:  0.2, Workers: 4
[2115.092s][debug][gc,phases      ] GC(47)     Dead                           Min: 0, Avg:  4.0, Max: 16, Diff: 16, Sum: 16, Workers: 4
[2115.092s][debug][gc,phases      ] GC(47)     Total                          Min: 0, Avg: 3850.0, Max: 5824, Diff: 5824, Sum: 15400, Workers: 4
[2115.092s][debug][gc,phases      ] GC(47)   JNI Weak                       Min:  0.0, Avg:  0.0, Max:  0.0, Diff:  0.0, Sum:  0.0, Workers: 4
[2115.092s][debug][gc,phases      ] GC(47)     Dead                           Min: 0, Avg:  0.0, Max: 0, Diff: 0, Sum: 0, Workers: 4
[2115.092s][debug][gc,phases      ] GC(47)     Total                          Min: 0, Avg: 13.0, Max: 52, Diff: 52, Sum: 52, Workers: 4
[2115.092s][debug][gc,phases      ] GC(47)   StringDedup Table Weak         Min:  0.0, Avg:  0.0, Max:  0.0, Diff:  0.0, Sum:  0.0, Workers: 4
[2115.092s][debug][gc,phases      ] GC(47)     Dead                           Min: 0, Avg:  0.0, Max: 0, Diff: 0, Sum: 0, Workers: 4
[2115.092s][debug][gc,phases      ] GC(47)     Total                          Min: 0, Avg:  0.0, Max: 0, Diff: 0, Sum: 0, Workers: 4
[2115.092s][debug][gc,phases      ] GC(47)   StringDedup Requests0 Weak     Min:  0.0, Avg:  0.0, Max:  0.0, Diff:  0.0, Sum:  0.0, Workers: 4
[2115.092s][debug][gc,phases      ] GC(47)     Dead                           Min: 0, Avg:  0.0, Max: 0, Diff: 0, Sum: 0, Workers: 4
[2115.092s][debug][gc,phases      ] GC(47)     Total                          Min: 0, Avg:  0.0, Max: 0, Diff: 0, Sum: 0, Workers: 4
[2115.092s][debug][gc,phases      ] GC(47)   StringDedup Requests1 Weak     Min:  0.0, Avg:  0.0, Max:  0.0, Diff:  0.0, Sum:  0.0, Workers: 4
[2115.092s][debug][gc,phases      ] GC(47)     Dead                           Min: 0, Avg:  0.0, Max: 0, Diff: 0, Sum: 0, Workers: 4
[2115.092s][debug][gc,phases      ] GC(47)     Total                          Min: 0, Avg:  0.0, Max: 0, Diff: 0, Sum: 0, Workers: 4
[2115.092s][debug][gc,phases      ] GC(47)   Weak JFR Old Object Samples    Min:  0.0, Avg:  0.0, Max:  0.0, Diff:  0.0, Sum:  0.0, Workers: 4
[2115.092s][debug][gc,phases      ] GC(47)     Dead                           Min: 0, Avg:  0.0, Max: 0, Diff: 0, Sum: 0, Workers: 4
[2115.092s][debug][gc,phases      ] GC(47)     Total                          Min: 0, Avg:  0.0, Max: 0, Diff: 0, Sum: 0, Workers: 4
[2115.092s][debug][gc,phases      ] GC(47) Weak Processing 0.456ms
[2115.092s][debug][gc,age         ] GC(47) Desired survivor size 41418752 bytes, new threshold 1 (max threshold 15)
[2115.092s][info ][gc,heap        ] GC(47) PSYoungGen: 2010704K(2053632K)->4000K(2050560K) Eden: 2007040K(2007040K)->0K(2007040K) From: 3664K(46592K)->4000K(43520K)
[2115.092s][info ][gc,heap        ] GC(47) ParOldGen: 284888K(285184K)->286008K(286208K)
[2115.092s][info ][gc,metaspace   ] GC(47) Metaspace: 106493K(107776K)->106493K(107776K) NonClass: 90386K(91136K)->90386K(91136K) Class: 16107K(16640K)->16107K(16640K)
[2115.092s][info ][gc             ] GC(47) Pause Young (Allocation Failure) 2241M->283M(2282M) 5.706ms
[2115.092s][info ][gc,cpu         ] GC(47) User=0.02s Sys=0.00s Real=0.01s
[2115.092s][info ][safepoint      ] Safepoint "ParallelGCFailedAllocation", Time since last: 394737357 ns, Reaching safepoint: 79004 ns, Cleanup: 4501 ns, At safepoint: 5792245 ns, Total: 5875750 ns
[2118.093s][info ][safepoint      ] Safepoint "Cleanup", Time since last: 3000235044 ns, Reaching safepoint: 7700 ns, Cleanup: 9201 ns, At safepoint: 2700 ns, Total: 19601 ns
[2119.093s][info ][safepoint      ] Safepoint "Cleanup", Time since last: 1000111983 ns, Reaching safepoint: 6401 ns, Cleanup: 8000 ns, At safepoint: 2600 ns, Total: 17001 ns
[2120.093s][info ][safepoint      ] Safepoint "Cleanup", Time since last: 1000115184 ns, Reaching safepoint: 5401 ns, Cleanup: 11501 ns, At safepoint: 2500 ns, Total: 19402 ns
[2122.093s][info ][safepoint      ] Safepoint "Cleanup", Time since last: 2000182607 ns, Reaching safepoint: 7101 ns, Cleanup: 9600 ns, At safepoint: 2500 ns, Total: 19201 ns
[2141.095s][info ][safepoint      ] Safepoint "Cleanup", Time since last: 19001526587 ns, Reaching safepoint: 8000 ns, Cleanup: 11101 ns, At safepoint: 2800 ns, Total: 21901 ns
[2152.095s][info ][safepoint      ] Safepoint "Cleanup", Time since last: 11000876087 ns, Reaching safepoint: 7501 ns, Cleanup: 11300 ns, At safepoint: 2901 ns, Total: 21702 ns
[2155.096s][info ][safepoint      ] Safepoint "Cleanup", Time since last: 3000274358 ns, Reaching safepoint: 7201 ns, Cleanup: 7800 ns, At safepoint: 2200 ns, Total: 17201 ns
[2156.096s][info ][safepoint      ] Safepoint "Cleanup", Time since last: 1000123788 ns, Reaching safepoint: 7301 ns, Cleanup: 9900 ns, At safepoint: 2500 ns, Total: 19701 ns
[2163.709s][info ][safepoint      ] Safepoint "Cleanup", Time since last: 7613054483 ns, Reaching safepoint: 10000 ns, Cleanup: 13301 ns, At safepoint: 3300 ns, Total: 26601 ns
[2169.709s][info ][safepoint      ] Safepoint "Cleanup", Time since last: 6000529950 ns, Reaching safepoint: 8400 ns, Cleanup: 13601 ns, At safepoint: 3100 ns, Total: 25101 ns
[2173.710s][info ][safepoint      ] Safepoint "Cleanup", Time since last: 4000332701 ns, Reaching safepoint: 8000 ns, Cleanup: 13101 ns, At safepoint: 2600 ns, Total: 23701 ns
[2177.710s][info ][safepoint      ] Safepoint "Cleanup", Time since last: 4000395883 ns, Reaching safepoint: 7600 ns, Cleanup: 11701 ns, At safepoint: 2600 ns, Total: 21901 ns
[2178.710s][info ][safepoint      ] Safepoint "Cleanup", Time since last: 1000124346 ns, Reaching safepoint: 7401 ns, Cleanup: 12200 ns, At safepoint: 2601 ns, Total: 22202 ns
[2179.711s][info ][safepoint      ] Safepoint "Cleanup", Time since last: 1000122045 ns, Reaching safepoint: 6901 ns, Cleanup: 33602 ns, At safepoint: 2800 ns, Total: 43303 ns
[2181.336s][info ][gc,start       ] GC(48) Pause Young (Allocation Failure)
[2181.340s][debug][gc,phases      ] GC(48) Scavenge 3.919ms
[2181.340s][debug][gc,ref         ] GC(48) ReferenceProcessor::execute queues: 1, RefProcThreadModel::Single, marks_oops_alive: false
[2181.341s][debug][gc,ref         ] GC(48) Skipped KeepAliveFinalRefsPhase of Reference Processing: no references
[2181.341s][debug][gc,ref         ] GC(48) ReferenceProcessor::execute queues: 1, RefProcThreadModel::Single, marks_oops_alive: false
[2181.341s][debug][gc,phases      ] GC(48) Reference Processing 0.118ms
[2181.341s][debug][gc,phases      ] GC(48)   VM Weak                        Min:  0.0, Avg:  0.0, Max:  0.0, Diff:  0.0, Sum:  0.0, Workers: 4
[2181.341s][debug][gc,phases      ] GC(48)     Dead                           Min: 0, Avg:  0.0, Max: 0, Diff: 0, Sum: 0, Workers: 4
[2181.341s][debug][gc,phases      ] GC(48)     Total                          Min: 0, Avg: 256.2, Max: 896, Diff: 896, Sum: 1025, Workers: 4
[2181.341s][debug][gc,phases      ] GC(48)   ObjectSynchronizer Weak        Min:  0.0, Avg:  0.0, Max:  0.0, Diff:  0.0, Sum:  0.0, Workers: 4
[2181.341s][debug][gc,phases      ] GC(48)     Dead                           Min: 0, Avg:  0.0, Max: 0, Diff: 0, Sum: 0, Workers: 4
[2181.341s][debug][gc,phases      ] GC(48)     Total                          Min: 0, Avg:  0.8, Max: 3, Diff: 3, Sum: 3, Workers: 4
[2181.341s][debug][gc,phases      ] GC(48)   JVMTI Tag Weak OopStorage      Min:  0.0, Avg:  0.0, Max:  0.0, Diff:  0.0, Sum:  0.0, Workers: 4
[2181.341s][debug][gc,phases      ] GC(48)     Dead                           Min: 0, Avg:  0.0, Max: 0, Diff: 0, Sum: 0, Workers: 4
[2181.341s][debug][gc,phases      ] GC(48)     Total                          Min: 0, Avg:  0.0, Max: 0, Diff: 0, Sum: 0, Workers: 4
[2181.341s][debug][gc,phases      ] GC(48)   StringTable Weak               Min:  0.0, Avg:  0.1, Max:  0.1, Diff:  0.1, Sum:  0.4, Workers: 4
[2181.341s][debug][gc,phases      ] GC(48)     Dead                           Min: 0, Avg:  0.0, Max: 0, Diff: 0, Sum: 0, Workers: 4
[2181.341s][debug][gc,phases      ] GC(48)     Total                          Min: 0, Avg: 11618.5, Max: 16320, Diff: 16320, Sum: 46474, Workers: 4
[2181.341s][debug][gc,phases      ] GC(48)   ResolvedMethodTable Weak       Min:  0.0, Avg:  0.0, Max:  0.1, Diff:  0.1, Sum:  0.2, Workers: 4
[2181.341s][debug][gc,phases      ] GC(48)     Dead                           Min: 0, Avg:  4.0, Max: 16, Diff: 16, Sum: 16, Workers: 4
[2181.341s][debug][gc,phases      ] GC(48)     Total                          Min: 0, Avg: 3850.8, Max: 5398, Diff: 5398, Sum: 15403, Workers: 4
[2181.341s][debug][gc,phases      ] GC(48)   JNI Weak                       Min:  0.0, Avg:  0.0, Max:  0.0, Diff:  0.0, Sum:  0.0, Workers: 4
[2181.341s][debug][gc,phases      ] GC(48)     Dead                           Min: 0, Avg:  0.0, Max: 0, Diff: 0, Sum: 0, Workers: 4
[2181.341s][debug][gc,phases      ] GC(48)     Total                          Min: 0, Avg: 13.0, Max: 52, Diff: 52, Sum: 52, Workers: 4
[2181.341s][debug][gc,phases      ] GC(48)   StringDedup Table Weak         Min:  0.0, Avg:  0.0, Max:  0.0, Diff:  0.0, Sum:  0.0, Workers: 4
[2181.341s][debug][gc,phases      ] GC(48)     Dead                           Min: 0, Avg:  0.0, Max: 0, Diff: 0, Sum: 0, Workers: 4
[2181.341s][debug][gc,phases      ] GC(48)     Total                          Min: 0, Avg:  0.0, Max: 0, Diff: 0, Sum: 0, Workers: 4
[2181.341s][debug][gc,phases      ] GC(48)   StringDedup Requests0 Weak     Min:  0.0, Avg:  0.0, Max:  0.0, Diff:  0.0, Sum:  0.0, Workers: 4
[2181.341s][debug][gc,phases      ] GC(48)     Dead                           Min: 0, Avg:  0.0, Max: 0, Diff: 0, Sum: 0, Workers: 4
[2181.341s][debug][gc,phases      ] GC(48)     Total                          Min: 0, Avg:  0.0, Max: 0, Diff: 0, Sum: 0, Workers: 4
[2181.341s][debug][gc,phases      ] GC(48)   StringDedup Requests1 Weak     Min:  0.0, Avg:  0.0, Max:  0.0, Diff:  0.0, Sum:  0.0, Workers: 4
[2181.341s][debug][gc,phases      ] GC(48)     Dead                           Min: 0, Avg:  0.0, Max: 0, Diff: 0, Sum: 0, Workers: 4
[2181.341s][debug][gc,phases      ] GC(48)     Total                          Min: 0, Avg:  0.0, Max: 0, Diff: 0, Sum: 0, Workers: 4
[2181.341s][debug][gc,phases      ] GC(48)   Weak JFR Old Object Samples    Min:  0.0, Avg:  0.0, Max:  0.0, Diff:  0.0, Sum:  0.0, Workers: 4
[2181.341s][debug][gc,phases      ] GC(48)     Dead                           Min: 0, Avg:  0.0, Max: 0, Diff: 0, Sum: 0, Workers: 4
[2181.341s][debug][gc,phases      ] GC(48)     Total                          Min: 0, Avg:  0.0, Max: 0, Diff: 0, Sum: 0, Workers: 4
[2181.341s][debug][gc,phases      ] GC(48) Weak Processing 0.441ms
[2181.341s][debug][gc,age         ] GC(48) Desired survivor size 38797312 bytes, new threshold 1 (max threshold 15)
[2181.341s][info ][gc,heap        ] GC(48) PSYoungGen: 2011040K(2050560K)->3680K(2059264K) Eden: 2007040K(2007040K)->0K(2018816K) From: 4000K(43520K)->3680K(40448K)
[2181.341s][info ][gc,heap        ] GC(48) ParOldGen: 286008K(286208K)->287380K(287744K)
[2181.341s][info ][gc,metaspace   ] GC(48) Metaspace: 106514K(107904K)->106514K(107904K) NonClass: 90405K(91200K)->90405K(91200K) Class: 16109K(16704K)->16109K(16704K)
[2181.341s][info ][gc             ] GC(48) Pause Young (Allocation Failure) 2243M->284M(2292M) 4.624ms
[2181.341s][info ][gc,cpu         ] GC(48) User=0.02s Sys=0.00s Real=0.01s
[2181.341s][info ][safepoint      ] Safepoint "ParallelGCFailedAllocation", Time since last: 1625662165 ns, Reaching safepoint: 79405 ns, Cleanup: 30202 ns, At safepoint: 4703682 ns, Total: 4813289 ns
[2182.341s][info ][safepoint      ] Safepoint "Cleanup", Time since last: 1000097245 ns, Reaching safepoint: 6800 ns, Cleanup: 10501 ns, At safepoint: 2400 ns, Total: 19701 ns
[2185.341s][info ][safepoint      ] Safepoint "Cleanup", Time since last: 3000274130 ns, Reaching safepoint: 6700 ns, Cleanup: 9601 ns, At safepoint: 2500 ns, Total: 18801 ns
[2186.342s][info ][safepoint      ] Safepoint "Cleanup", Time since last: 1000116045 ns, Reaching safepoint: 7500 ns, Cleanup: 13901 ns, At safepoint: 2200 ns, Total: 23601 ns
[2187.342s][info ][safepoint      ] Safepoint "Cleanup", Time since last: 1000128046 ns, Reaching safepoint: 7001 ns, Cleanup: 10100 ns, At safepoint: 2500 ns, Total: 19601 ns
[2194.342s][info ][safepoint      ] Safepoint "Cleanup", Time since last: 7000581110 ns, Reaching safepoint: 7801 ns, Cleanup: 16301 ns, At safepoint: 2900 ns, Total: 27002 ns
[2202.343s][info ][safepoint      ] Safepoint "Cleanup", Time since last: 8000651141 ns, Reaching safepoint: 6700 ns, Cleanup: 10101 ns, At safepoint: 2600 ns, Total: 19401 ns
[2203.343s][info ][safepoint      ] Safepoint "Cleanup", Time since last: 1000127035 ns, Reaching safepoint: 7001 ns, Cleanup: 13700 ns, At safepoint: 3101 ns, Total: 23802 ns
[2205.343s][info ][safepoint      ] Safepoint "Cleanup", Time since last: 2000191266 ns, Reaching safepoint: 6901 ns, Cleanup: 12000 ns, At safepoint: 2601 ns, Total: 21502 ns
[2226.727s][info ][safepoint      ] Safepoint "Cleanup", Time since last: 21384049302 ns, Reaching safepoint: 6700 ns, Cleanup: 13501 ns, At safepoint: 2600 ns, Total: 22801 ns
[2244.729s][info ][safepoint      ] Safepoint "Cleanup", Time since last: 18001375305 ns, Reaching safepoint: 7401 ns, Cleanup: 10101 ns, At safepoint: 2600 ns, Total: 20102 ns
[2244.937s][info ][gc,start       ] GC(49) Pause Young (Allocation Failure)
[2244.941s][debug][gc,phases      ] GC(49) Scavenge 4.428ms
[2244.941s][debug][gc,ref         ] GC(49) ReferenceProcessor::execute queues: 1, RefProcThreadModel::Single, marks_oops_alive: false
[2244.941s][debug][gc,ref         ] GC(49) Skipped KeepAliveFinalRefsPhase of Reference Processing: no references
[2244.941s][debug][gc,ref         ] GC(49) ReferenceProcessor::execute queues: 1, RefProcThreadModel::Single, marks_oops_alive: false
[2244.941s][debug][gc,phases      ] GC(49) Reference Processing 0.148ms
[2244.942s][debug][gc,phases      ] GC(49)   VM Weak                        Min:  0.0, Avg:  0.0, Max:  0.0, Diff:  0.0, Sum:  0.0, Workers: 4
[2244.942s][debug][gc,phases      ] GC(49)     Dead                           Min: 0, Avg:  0.0, Max: 0, Diff: 0, Sum: 0, Workers: 4
[2244.942s][debug][gc,phases      ] GC(49)     Total                          Min: 0, Avg: 256.2, Max: 641, Diff: 641, Sum: 1025, Workers: 4
[2244.942s][debug][gc,phases      ] GC(49)   ObjectSynchronizer Weak        Min:  0.0, Avg:  0.0, Max:  0.0, Diff:  0.0, Sum:  0.0, Workers: 4
[2244.942s][debug][gc,phases      ] GC(49)     Dead                           Min: 0, Avg:  0.0, Max: 0, Diff: 0, Sum: 0, Workers: 4
[2244.942s][debug][gc,phases      ] GC(49)     Total                          Min: 0, Avg:  1.0, Max: 4, Diff: 4, Sum: 4, Workers: 4
[2244.942s][debug][gc,phases      ] GC(49)   JVMTI Tag Weak OopStorage      Min:  0.0, Avg:  0.0, Max:  0.0, Diff:  0.0, Sum:  0.0, Workers: 4
[2244.942s][debug][gc,phases      ] GC(49)     Dead                           Min: 0, Avg:  0.0, Max: 0, Diff: 0, Sum: 0, Workers: 4
[2244.942s][debug][gc,phases      ] GC(49)     Total                          Min: 0, Avg:  0.0, Max: 0, Diff: 0, Sum: 0, Workers: 4
[2244.942s][debug][gc,phases      ] GC(49)   StringTable Weak               Min:  0.1, Avg:  0.1, Max:  0.1, Diff:  0.0, Sum:  0.5, Workers: 4
[2244.942s][debug][gc,phases      ] GC(49)     Dead                           Min: 0, Avg:  0.0, Max: 0, Diff: 0, Sum: 0, Workers: 4
[2244.942s][debug][gc,phases      ] GC(49)     Total                          Min: 9101, Avg: 11619.2, Max: 13376, Diff: 4275, Sum: 46477, Workers: 4
[2244.942s][debug][gc,phases      ] GC(49)   ResolvedMethodTable Weak       Min:  0.0, Avg:  0.0, Max:  0.0, Diff:  0.0, Sum:  0.2, Workers: 4
[2244.942s][debug][gc,phases      ] GC(49)     Dead                           Min: 0, Avg:  4.0, Max: 16, Diff: 16, Sum: 16, Workers: 4
[2244.942s][debug][gc,phases      ] GC(49)     Total                          Min: 3698, Avg: 3850.8, Max: 4197, Diff: 499, Sum: 15403, Workers: 4
[2244.942s][debug][gc,phases      ] GC(49)   JNI Weak                       Min:  0.0, Avg:  0.0, Max:  0.0, Diff:  0.0, Sum:  0.0, Workers: 4
[2244.942s][debug][gc,phases      ] GC(49)     Dead                           Min: 0, Avg:  0.0, Max: 0, Diff: 0, Sum: 0, Workers: 4
[2244.942s][debug][gc,phases      ] GC(49)     Total                          Min: 0, Avg: 13.0, Max: 52, Diff: 52, Sum: 52, Workers: 4
[2244.942s][debug][gc,phases      ] GC(49)   StringDedup Table Weak         Min:  0.0, Avg:  0.0, Max:  0.0, Diff:  0.0, Sum:  0.0, Workers: 4
[2244.942s][debug][gc,phases      ] GC(49)     Dead                           Min: 0, Avg:  0.0, Max: 0, Diff: 0, Sum: 0, Workers: 4
[2244.942s][debug][gc,phases      ] GC(49)     Total                          Min: 0, Avg:  0.0, Max: 0, Diff: 0, Sum: 0, Workers: 4
[2244.942s][debug][gc,phases      ] GC(49)   StringDedup Requests0 Weak     Min:  0.0, Avg:  0.0, Max:  0.0, Diff:  0.0, Sum:  0.0, Workers: 4
[2244.942s][debug][gc,phases      ] GC(49)     Dead                           Min: 0, Avg:  0.0, Max: 0, Diff: 0, Sum: 0, Workers: 4
[2244.942s][debug][gc,phases      ] GC(49)     Total                          Min: 0, Avg:  0.0, Max: 0, Diff: 0, Sum: 0, Workers: 4
[2244.942s][debug][gc,phases      ] GC(49)   StringDedup Requests1 Weak     Min:  0.0, Avg:  0.0, Max:  0.0, Diff:  0.0, Sum:  0.0, Workers: 4
[2244.942s][debug][gc,phases      ] GC(49)     Dead                           Min: 0, Avg:  0.0, Max: 0, Diff: 0, Sum: 0, Workers: 4
[2244.942s][debug][gc,phases      ] GC(49)     Total                          Min: 0, Avg:  0.0, Max: 0, Diff: 0, Sum: 0, Workers: 4
[2244.942s][debug][gc,phases      ] GC(49)   Weak JFR Old Object Samples    Min:  0.0, Avg:  0.0, Max:  0.0, Diff:  0.0, Sum:  0.0, Workers: 4
[2244.942s][debug][gc,phases      ] GC(49)     Dead                           Min: 0, Avg:  0.0, Max: 0, Diff: 0, Sum: 0, Workers: 4
[2244.942s][debug][gc,phases      ] GC(49)     Total                          Min: 0, Avg:  0.0, Max: 0, Diff: 0, Sum: 0, Workers: 4
[2244.942s][debug][gc,phases      ] GC(49) Weak Processing 0.384ms
[2244.942s][debug][gc,age         ] GC(49) Desired survivor size 35651584 bytes, new threshold 1 (max threshold 15)
[2244.942s][info ][gc,heap        ] GC(49) PSYoungGen: 2022496K(2059264K)->4720K(2056704K) Eden: 2018816K(2018816K)->0K(2018816K) From: 3680K(40448K)->4720K(37888K)
[2244.942s][info ][gc,heap        ] GC(49) ParOldGen: 287380K(287744K)->288235K(288256K)
[2244.942s][info ][gc,metaspace   ] GC(49) Metaspace: 106526K(107904K)->106526K(107904K) NonClass: 90417K(91200K)->90417K(91200K) Class: 16109K(16704K)->16109K(16704K)
[2244.942s][info ][gc             ] GC(49) Pause Young (Allocation Failure) 2255M->286M(2290M) 5.121ms
[2244.942s][info ][gc,cpu         ] GC(49) User=0.02s Sys=0.00s Real=0.01s
[2244.942s][info ][safepoint      ] Safepoint "ParallelGCFailedAllocation", Time since last: 207798436 ns, Reaching safepoint: 82306 ns, Cleanup: 4600 ns, At safepoint: 5204225 ns, Total: 5291131 ns
[2249.942s][info ][safepoint      ] Safepoint "Cleanup", Time since last: 5000371750 ns, Reaching safepoint: 6701 ns, Cleanup: 10400 ns, At safepoint: 2800 ns, Total: 19901 ns
[2262.943s][info ][safepoint      ] Safepoint "Cleanup", Time since last: 13001024286 ns, Reaching safepoint: 6900 ns, Cleanup: 10201 ns, At safepoint: 34102 ns, Total: 51203 ns
[2263.944s][info ][safepoint      ] Safepoint "Cleanup", Time since last: 1000118990 ns, Reaching safepoint: 7400 ns, Cleanup: 11301 ns, At safepoint: 2900 ns, Total: 21601 ns
[2266.944s][info ][safepoint      ] Safepoint "Cleanup", Time since last: 3000282148 ns, Reaching safepoint: 7501 ns, Cleanup: 10101 ns, At safepoint: 26701 ns, Total: 44303 ns
[2290.746s][info ][safepoint      ] Safepoint "Cleanup", Time since last: 23802250471 ns, Reaching safepoint: 7000 ns, Cleanup: 10401 ns, At safepoint: 2300 ns, Total: 19701 ns
[2291.746s][info ][safepoint      ] Safepoint "Cleanup", Time since last: 1000129255 ns, Reaching safepoint: 7900 ns, Cleanup: 10701 ns, At safepoint: 2700 ns, Total: 21301 ns
[2294.747s][info ][safepoint      ] Safepoint "Cleanup", Time since last: 3000287357 ns, Reaching safepoint: 7201 ns, Cleanup: 9800 ns, At safepoint: 2600 ns, Total: 19601 ns
[2296.747s][info ][safepoint      ] Safepoint "Cleanup", Time since last: 2000215245 ns, Reaching safepoint: 6400 ns, Cleanup: 12801 ns, At safepoint: 2400 ns, Total: 21601 ns
[2297.747s][info ][safepoint      ] Safepoint "Cleanup", Time since last: 1000118546 ns, Reaching safepoint: 5300 ns, Cleanup: 15101 ns, At safepoint: 2500 ns, Total: 22901 ns
[2306.748s][info ][safepoint      ] Safepoint "Cleanup", Time since last: 9000735985 ns, Reaching safepoint: 8600 ns, Cleanup: 12501 ns, At safepoint: 2600 ns, Total: 23701 ns
[2307.748s][info ][safepoint      ] Safepoint "Cleanup", Time since last: 1000128677 ns, Reaching safepoint: 6500 ns, Cleanup: 7701 ns, At safepoint: 2600 ns, Total: 16801 ns
[2311.941s][info ][gc,start       ] GC(50) Pause Young (Allocation Failure)
[2311.945s][debug][gc,phases      ] GC(50) Scavenge 3.753ms
[2311.945s][debug][gc,ref         ] GC(50) ReferenceProcessor::execute queues: 1, RefProcThreadModel::Single, marks_oops_alive: false
[2311.945s][debug][gc,ref         ] GC(50) Skipped KeepAliveFinalRefsPhase of Reference Processing: no references
[2311.945s][debug][gc,ref         ] GC(50) ReferenceProcessor::execute queues: 1, RefProcThreadModel::Single, marks_oops_alive: false
[2311.945s][debug][gc,phases      ] GC(50) Reference Processing 0.116ms
[2311.945s][debug][gc,phases      ] GC(50)   VM Weak                        Min:  0.0, Avg:  0.0, Max:  0.0, Diff:  0.0, Sum:  0.0, Workers: 4
[2311.945s][debug][gc,phases      ] GC(50)     Dead                           Min: 0, Avg:  0.0, Max: 0, Diff: 0, Sum: 0, Workers: 4
[2311.945s][debug][gc,phases      ] GC(50)     Total                          Min: 64, Avg: 256.2, Max: 576, Diff: 512, Sum: 1025, Workers: 4
[2311.945s][debug][gc,phases      ] GC(50)   ObjectSynchronizer Weak        Min:  0.0, Avg:  0.0, Max:  0.0, Diff:  0.0, Sum:  0.0, Workers: 4
[2311.945s][debug][gc,phases      ] GC(50)     Dead                           Min: 0, Avg:  0.0, Max: 0, Diff: 0, Sum: 0, Workers: 4
[2311.945s][debug][gc,phases      ] GC(50)     Total                          Min: 0, Avg:  0.8, Max: 3, Diff: 3, Sum: 3, Workers: 4
[2311.945s][debug][gc,phases      ] GC(50)   JVMTI Tag Weak OopStorage      Min:  0.0, Avg:  0.0, Max:  0.0, Diff:  0.0, Sum:  0.0, Workers: 4
[2311.945s][debug][gc,phases      ] GC(50)     Dead                           Min: 0, Avg:  0.0, Max: 0, Diff: 0, Sum: 0, Workers: 4
[2311.945s][debug][gc,phases      ] GC(50)     Total                          Min: 0, Avg:  0.0, Max: 0, Diff: 0, Sum: 0, Workers: 4
[2311.945s][debug][gc,phases      ] GC(50)   StringTable Weak               Min:  0.1, Avg:  0.1, Max:  0.1, Diff:  0.0, Sum:  0.5, Workers: 4
[2311.945s][debug][gc,phases      ] GC(50)     Dead                           Min: 0, Avg:  0.0, Max: 0, Diff: 0, Sum: 0, Workers: 4
[2311.945s][debug][gc,phases      ] GC(50)     Total                          Min: 10368, Avg: 11619.2, Max: 12480, Diff: 2112, Sum: 46477, Workers: 4
[2311.945s][debug][gc,phases      ] GC(50)   ResolvedMethodTable Weak       Min:  0.0, Avg:  0.0, Max:  0.0, Diff:  0.0, Sum:  0.2, Workers: 4
[2311.945s][debug][gc,phases      ] GC(50)     Dead                           Min: 0, Avg:  4.0, Max: 16, Diff: 16, Sum: 16, Workers: 4
[2311.945s][debug][gc,phases      ] GC(50)     Total                          Min: 3299, Avg: 3850.8, Max: 4158, Diff: 859, Sum: 15403, Workers: 4
[2311.945s][debug][gc,phases      ] GC(50)   JNI Weak                       Min:  0.0, Avg:  0.0, Max:  0.0, Diff:  0.0, Sum:  0.0, Workers: 4
[2311.945s][debug][gc,phases      ] GC(50)     Dead                           Min: 0, Avg:  0.0, Max: 0, Diff: 0, Sum: 0, Workers: 4
[2311.945s][debug][gc,phases      ] GC(50)     Total                          Min: 0, Avg: 13.0, Max: 52, Diff: 52, Sum: 52, Workers: 4
[2311.945s][debug][gc,phases      ] GC(50)   StringDedup Table Weak         Min:  0.0, Avg:  0.0, Max:  0.0, Diff:  0.0, Sum:  0.0, Workers: 4
[2311.945s][debug][gc,phases      ] GC(50)     Dead                           Min: 0, Avg:  0.0, Max: 0, Diff: 0, Sum: 0, Workers: 4
[2311.945s][debug][gc,phases      ] GC(50)     Total                          Min: 0, Avg:  0.0, Max: 0, Diff: 0, Sum: 0, Workers: 4
[2311.945s][debug][gc,phases      ] GC(50)   StringDedup Requests0 Weak     Min:  0.0, Avg:  0.0, Max:  0.0, Diff:  0.0, Sum:  0.0, Workers: 4
[2311.945s][debug][gc,phases      ] GC(50)     Dead                           Min: 0, Avg:  0.0, Max: 0, Diff: 0, Sum: 0, Workers: 4
[2311.945s][debug][gc,phases      ] GC(50)     Total                          Min: 0, Avg:  0.0, Max: 0, Diff: 0, Sum: 0, Workers: 4
[2311.945s][debug][gc,phases      ] GC(50)   StringDedup Requests1 Weak     Min:  0.0, Avg:  0.0, Max:  0.0, Diff:  0.0, Sum:  0.0, Workers: 4
[2311.945s][debug][gc,phases      ] GC(50)     Dead                           Min: 0, Avg:  0.0, Max: 0, Diff: 0, Sum: 0, Workers: 4
[2311.945s][debug][gc,phases      ] GC(50)     Total                          Min: 0, Avg:  0.0, Max: 0, Diff: 0, Sum: 0, Workers: 4
[2311.945s][debug][gc,phases      ] GC(50)   Weak JFR Old Object Samples    Min:  0.0, Avg:  0.0, Max:  0.0, Diff:  0.0, Sum:  0.0, Workers: 4
[2311.945s][debug][gc,phases      ] GC(50)     Dead                           Min: 0, Avg:  0.0, Max: 0, Diff: 0, Sum: 0, Workers: 4
[2311.945s][debug][gc,phases      ] GC(50)     Total                          Min: 0, Avg:  0.0, Max: 0, Diff: 0, Sum: 0, Workers: 4
[2311.945s][debug][gc,phases      ] GC(50) Weak Processing 0.415ms
[2311.945s][debug][gc,age         ] GC(50) Desired survivor size 33554432 bytes, new threshold 1 (max threshold 15)
[2311.945s][info ][gc,heap        ] GC(50) PSYoungGen: 2023536K(2056704K)->2864K(2064384K) Eden: 2018816K(2018816K)->0K(2029568K) From: 4720K(37888K)->2864K(34816K)
[2311.945s][info ][gc,heap        ] GC(50) ParOldGen: 288235K(288256K)->290479K(290816K)
[2311.945s][info ][gc,metaspace   ] GC(50) Metaspace: 106532K(107904K)->106532K(107904K) NonClass: 90423K(91200K)->90423K(91200K) Class: 16109K(16704K)->16109K(16704K)
[2311.945s][info ][gc             ] GC(50) Pause Young (Allocation Failure) 2257M->286M(2300M) 4.437ms
[2311.945s][info ][gc,cpu         ] GC(50) User=0.01s Sys=0.00s Real=0.00s
[2311.945s][info ][safepoint      ] Safepoint "ParallelGCFailedAllocation", Time since last: 4192810333 ns, Reaching safepoint: 5600 ns, Cleanup: 4300 ns, At safepoint: 4509876 ns, Total: 4519776 ns
[2319.946s][info ][safepoint      ] Safepoint "Cleanup", Time since last: 8000597267 ns, Reaching safepoint: 6400 ns, Cleanup: 11101 ns, At safepoint: 2700 ns, Total: 20201 ns
[2332.947s][info ][safepoint      ] Safepoint "Cleanup", Time since last: 13001005520 ns, Reaching safepoint: 7501 ns, Cleanup: 11800 ns, At safepoint: 2600 ns, Total: 21901 ns
[2333.947s][info ][safepoint      ] Safepoint "Cleanup", Time since last: 1000132393 ns, Reaching safepoint: 7800 ns, Cleanup: 11901 ns, At safepoint: 2800 ns, Total: 22501 ns
[2339.948s][info ][safepoint      ] Safepoint "Cleanup", Time since last: 6000485368 ns, Reaching safepoint: 6800 ns, Cleanup: 12101 ns, At safepoint: 2500 ns, Total: 21401 ns
[2346.765s][info ][safepoint      ] Safepoint "Cleanup", Time since last: 6816991527 ns, Reaching safepoint: 8501 ns, Cleanup: 17201 ns, At safepoint: 2800 ns, Total: 28502 ns
[2354.765s][info ][safepoint      ] Safepoint "Cleanup", Time since last: 8000767366 ns, Reaching safepoint: 7501 ns, Cleanup: 12901 ns, At safepoint: 2800 ns, Total: 23202 ns
[2377.886s][info ][gc,start       ] GC(51) Pause Young (Allocation Failure)
[2377.890s][debug][gc,phases      ] GC(51) Scavenge 3.233ms
[2377.890s][debug][gc,ref         ] GC(51) ReferenceProcessor::execute queues: 1, RefProcThreadModel::Single, marks_oops_alive: false
[2377.890s][debug][gc,ref         ] GC(51) Skipped KeepAliveFinalRefsPhase of Reference Processing: no references
[2377.890s][debug][gc,ref         ] GC(51) ReferenceProcessor::execute queues: 1, RefProcThreadModel::Single, marks_oops_alive: false
[2377.890s][debug][gc,phases      ] GC(51) Reference Processing 0.119ms
[2377.890s][debug][gc,phases      ] GC(51)   VM Weak                        Min:  0.0, Avg:  0.0, Max:  0.0, Diff:  0.0, Sum:  0.0, Workers: 4
[2377.890s][debug][gc,phases      ] GC(51)     Dead                           Min: 0, Avg:  0.0, Max: 0, Diff: 0, Sum: 0, Workers: 4
[2377.890s][debug][gc,phases      ] GC(51)     Total                          Min: 0, Avg: 256.2, Max: 769, Diff: 769, Sum: 1025, Workers: 4
[2377.890s][debug][gc,phases      ] GC(51)   ObjectSynchronizer Weak        Min:  0.0, Avg:  0.0, Max:  0.0, Diff:  0.0, Sum:  0.0, Workers: 4
[2377.890s][debug][gc,phases      ] GC(51)     Dead                           Min: 0, Avg:  0.0, Max: 0, Diff: 0, Sum: 0, Workers: 4
[2377.890s][debug][gc,phases      ] GC(51)     Total                          Min: 0, Avg:  0.8, Max: 3, Diff: 3, Sum: 3, Workers: 4
[2377.890s][debug][gc,phases      ] GC(51)   JVMTI Tag Weak OopStorage      Min:  0.0, Avg:  0.0, Max:  0.0, Diff:  0.0, Sum:  0.0, Workers: 4
[2377.890s][debug][gc,phases      ] GC(51)     Dead                           Min: 0, Avg:  0.0, Max: 0, Diff: 0, Sum: 0, Workers: 4
[2377.890s][debug][gc,phases      ] GC(51)     Total                          Min: 0, Avg:  0.0, Max: 0, Diff: 0, Sum: 0, Workers: 4
[2377.890s][debug][gc,phases      ] GC(51)   StringTable Weak               Min:  0.0, Avg:  0.1, Max:  0.2, Diff:  0.2, Sum:  0.5, Workers: 4
[2377.890s][debug][gc,phases      ] GC(51)     Dead                           Min: 0, Avg:  0.0, Max: 0, Diff: 0, Sum: 0, Workers: 4
[2377.890s][debug][gc,phases      ] GC(51)     Total                          Min: 0, Avg: 11622.0, Max: 15960, Diff: 15960, Sum: 46488, Workers: 4
[2377.890s][debug][gc,phases      ] GC(51)   ResolvedMethodTable Weak       Min:  0.0, Avg:  0.0, Max:  0.1, Diff:  0.1, Sum:  0.2, Workers: 4
[2377.890s][debug][gc,phases      ] GC(51)     Dead                           Min: 0, Avg:  4.0, Max: 16, Diff: 16, Sum: 16, Workers: 4
[2377.890s][debug][gc,phases      ] GC(51)     Total                          Min: 0, Avg: 3850.8, Max: 5456, Diff: 5456, Sum: 15403, Workers: 4
[2377.890s][debug][gc,phases      ] GC(51)   JNI Weak                       Min:  0.0, Avg:  0.0, Max:  0.0, Diff:  0.0, Sum:  0.0, Workers: 4
[2377.890s][debug][gc,phases      ] GC(51)     Dead                           Min: 0, Avg:  0.0, Max: 0, Diff: 0, Sum: 0, Workers: 4
[2377.890s][debug][gc,phases      ] GC(51)     Total                          Min: 0, Avg: 13.0, Max: 52, Diff: 52, Sum: 52, Workers: 4
[2377.890s][debug][gc,phases      ] GC(51)   StringDedup Table Weak         Min:  0.0, Avg:  0.0, Max:  0.0, Diff:  0.0, Sum:  0.0, Workers: 4
[2377.890s][debug][gc,phases      ] GC(51)     Dead                           Min: 0, Avg:  0.0, Max: 0, Diff: 0, Sum: 0, Workers: 4
[2377.890s][debug][gc,phases      ] GC(51)     Total                          Min: 0, Avg:  0.0, Max: 0, Diff: 0, Sum: 0, Workers: 4
[2377.890s][debug][gc,phases      ] GC(51)   StringDedup Requests0 Weak     Min:  0.0, Avg:  0.0, Max:  0.0, Diff:  0.0, Sum:  0.0, Workers: 4
[2377.890s][debug][gc,phases      ] GC(51)     Dead                           Min: 0, Avg:  0.0, Max: 0, Diff: 0, Sum: 0, Workers: 4
[2377.890s][debug][gc,phases      ] GC(51)     Total                          Min: 0, Avg:  0.0, Max: 0, Diff: 0, Sum: 0, Workers: 4
[2377.890s][debug][gc,phases      ] GC(51)   StringDedup Requests1 Weak     Min:  0.0, Avg:  0.0, Max:  0.0, Diff:  0.0, Sum:  0.0, Workers: 4
[2377.890s][debug][gc,phases      ] GC(51)     Dead                           Min: 0, Avg:  0.0, Max: 0, Diff: 0, Sum: 0, Workers: 4
[2377.890s][debug][gc,phases      ] GC(51)     Total                          Min: 0, Avg:  0.0, Max: 0, Diff: 0, Sum: 0, Workers: 4
[2377.890s][debug][gc,phases      ] GC(51)   Weak JFR Old Object Samples    Min:  0.0, Avg:  0.0, Max:  0.0, Diff:  0.0, Sum:  0.0, Workers: 4
[2377.890s][debug][gc,phases      ] GC(51)     Dead                           Min: 0, Avg:  0.0, Max: 0, Diff: 0, Sum: 0, Workers: 4
[2377.890s][debug][gc,phases      ] GC(51)     Total                          Min: 0, Avg:  0.0, Max: 0, Diff: 0, Sum: 0, Workers: 4
[2377.890s][debug][gc,phases      ] GC(51) Weak Processing 0.460ms
[2377.890s][debug][gc,age         ] GC(51) Desired survivor size 31457280 bytes, new threshold 1 (max threshold 15)
[2377.890s][info ][gc,heap        ] GC(51) PSYoungGen: 2032432K(2064384K)->2896K(2062336K) Eden: 2029568K(2029568K)->0K(2029568K) From: 2864K(34816K)->2896K(32768K)
[2377.890s][info ][gc,heap        ] GC(51) ParOldGen: 290479K(290816K)->291163K(291328K)
[2377.890s][info ][gc,metaspace   ] GC(51) Metaspace: 106546K(107904K)->106546K(107904K) NonClass: 90437K(91200K)->90437K(91200K) Class: 16109K(16704K)->16109K(16704K)
[2377.890s][info ][gc             ] GC(51) Pause Young (Allocation Failure) 2268M->287M(2298M) 3.966ms
[2377.890s][info ][gc,cpu         ] GC(51) User=0.02s Sys=0.00s Real=0.01s
[2377.890s][info ][safepoint      ] Safepoint "ParallelGCFailedAllocation", Time since last: 23120923420 ns, Reaching safepoint: 82105 ns, Cleanup: 5000 ns, At safepoint: 4049146 ns, Total: 4136251 ns
[2389.891s][info ][safepoint      ] Safepoint "Cleanup", Time since last: 12000945916 ns, Reaching safepoint: 7300 ns, Cleanup: 17001 ns, At safepoint: 2801 ns, Total: 27102 ns
[2412.893s][info ][safepoint      ] Safepoint "Cleanup", Time since last: 23001772125 ns, Reaching safepoint: 6501 ns, Cleanup: 12700 ns, At safepoint: 2301 ns, Total: 21502 ns
[2413.893s][info ][safepoint      ] Safepoint "Cleanup", Time since last: 1000129543 ns, Reaching safepoint: 6801 ns, Cleanup: 12701 ns, At safepoint: 2200 ns, Total: 21702 ns
[2429.895s][info ][safepoint      ] Safepoint "Cleanup", Time since last: 16001239168 ns, Reaching safepoint: 7201 ns, Cleanup: 9901 ns, At safepoint: 30601 ns, Total: 47703 ns
[2430.895s][info ][safepoint      ] Safepoint "Cleanup", Time since last: 1000113103 ns, Reaching safepoint: 7400 ns, Cleanup: 12801 ns, At safepoint: 2600 ns, Total: 22801 ns
[2441.896s][info ][safepoint      ] Safepoint "Cleanup", Time since last: 11000893259 ns, Reaching safepoint: 6900 ns, Cleanup: 9701 ns, At safepoint: 2600 ns, Total: 19201 ns
[2444.896s][info ][safepoint      ] Safepoint "Cleanup", Time since last: 3000266260 ns, Reaching safepoint: 7200 ns, Cleanup: 10301 ns, At safepoint: 2600 ns, Total: 20101 ns
[2445.485s][info ][gc,start       ] GC(52) Pause Young (Allocation Failure)
[2445.488s][debug][gc,phases      ] GC(52) Scavenge 2.464ms
[2445.488s][debug][gc,ref         ] GC(52) ReferenceProcessor::execute queues: 1, RefProcThreadModel::Single, marks_oops_alive: false
[2445.488s][debug][gc,ref         ] GC(52) Skipped KeepAliveFinalRefsPhase of Reference Processing: no references
[2445.488s][debug][gc,ref         ] GC(52) ReferenceProcessor::execute queues: 1, RefProcThreadModel::Single, marks_oops_alive: false
[2445.488s][debug][gc,phases      ] GC(52) Reference Processing 0.120ms
[2445.488s][debug][gc,phases      ] GC(52)   VM Weak                        Min:  0.0, Avg:  0.0, Max:  0.0, Diff:  0.0, Sum:  0.0, Workers: 4
[2445.488s][debug][gc,phases      ] GC(52)     Dead                           Min: 0, Avg:  0.0, Max: 0, Diff: 0, Sum: 0, Workers: 4
[2445.488s][debug][gc,phases      ] GC(52)     Total                          Min: 0, Avg: 256.2, Max: 576, Diff: 576, Sum: 1025, Workers: 4
[2445.488s][debug][gc,phases      ] GC(52)   ObjectSynchronizer Weak        Min:  0.0, Avg:  0.0, Max:  0.0, Diff:  0.0, Sum:  0.0, Workers: 4
[2445.488s][debug][gc,phases      ] GC(52)     Dead                           Min: 0, Avg:  0.0, Max: 0, Diff: 0, Sum: 0, Workers: 4
[2445.488s][debug][gc,phases      ] GC(52)     Total                          Min: 0, Avg:  0.8, Max: 3, Diff: 3, Sum: 3, Workers: 4
[2445.488s][debug][gc,phases      ] GC(52)   JVMTI Tag Weak OopStorage      Min:  0.0, Avg:  0.0, Max:  0.0, Diff:  0.0, Sum:  0.0, Workers: 4
[2445.488s][debug][gc,phases      ] GC(52)     Dead                           Min: 0, Avg:  0.0, Max: 0, Diff: 0, Sum: 0, Workers: 4
[2445.488s][debug][gc,phases      ] GC(52)     Total                          Min: 0, Avg:  0.0, Max: 0, Diff: 0, Sum: 0, Workers: 4
[2445.488s][debug][gc,phases      ] GC(52)   StringTable Weak               Min:  0.0, Avg:  0.1, Max:  0.2, Diff:  0.2, Sum:  0.5, Workers: 4
[2445.488s][debug][gc,phases      ] GC(52)     Dead                           Min: 0, Avg:  0.0, Max: 0, Diff: 0, Sum: 0, Workers: 4
[2445.488s][debug][gc,phases      ] GC(52)     Total                          Min: 0, Avg: 11623.5, Max: 16192, Diff: 16192, Sum: 46494, Workers: 4
[2445.488s][debug][gc,phases      ] GC(52)   ResolvedMethodTable Weak       Min:  0.0, Avg:  0.0, Max:  0.1, Diff:  0.1, Sum:  0.2, Workers: 4
[2445.488s][debug][gc,phases      ] GC(52)     Dead                           Min: 0, Avg:  4.0, Max: 16, Diff: 16, Sum: 16, Workers: 4
[2445.488s][debug][gc,phases      ] GC(52)     Total                          Min: 0, Avg: 3850.8, Max: 5457, Diff: 5457, Sum: 15403, Workers: 4
[2445.488s][debug][gc,phases      ] GC(52)   JNI Weak                       Min:  0.0, Avg:  0.0, Max:  0.0, Diff:  0.0, Sum:  0.0, Workers: 4
[2445.488s][debug][gc,phases      ] GC(52)     Dead                           Min: 0, Avg:  0.0, Max: 0, Diff: 0, Sum: 0, Workers: 4
[2445.488s][debug][gc,phases      ] GC(52)     Total                          Min: 0, Avg: 13.0, Max: 52, Diff: 52, Sum: 52, Workers: 4
[2445.488s][debug][gc,phases      ] GC(52)   StringDedup Table Weak         Min:  0.0, Avg:  0.0, Max:  0.0, Diff:  0.0, Sum:  0.0, Workers: 4
[2445.488s][debug][gc,phases      ] GC(52)     Dead                           Min: 0, Avg:  0.0, Max: 0, Diff: 0, Sum: 0, Workers: 4
[2445.488s][debug][gc,phases      ] GC(52)     Total                          Min: 0, Avg:  0.0, Max: 0, Diff: 0, Sum: 0, Workers: 4
[2445.488s][debug][gc,phases      ] GC(52)   StringDedup Requests0 Weak     Min:  0.0, Avg:  0.0, Max:  0.0, Diff:  0.0, Sum:  0.0, Workers: 4
[2445.488s][debug][gc,phases      ] GC(52)     Dead                           Min: 0, Avg:  0.0, Max: 0, Diff: 0, Sum: 0, Workers: 4
[2445.488s][debug][gc,phases      ] GC(52)     Total                          Min: 0, Avg:  0.0, Max: 0, Diff: 0, Sum: 0, Workers: 4
[2445.488s][debug][gc,phases      ] GC(52)   StringDedup Requests1 Weak     Min:  0.0, Avg:  0.0, Max:  0.0, Diff:  0.0, Sum:  0.0, Workers: 4
[2445.488s][debug][gc,phases      ] GC(52)     Dead                           Min: 0, Avg:  0.0, Max: 0, Diff: 0, Sum: 0, Workers: 4
[2445.488s][debug][gc,phases      ] GC(52)     Total                          Min: 0, Avg:  0.0, Max: 0, Diff: 0, Sum: 0, Workers: 4
[2445.488s][debug][gc,phases      ] GC(52)   Weak JFR Old Object Samples    Min:  0.0, Avg:  0.0, Max:  0.0, Diff:  0.0, Sum:  0.0, Workers: 4
[2445.488s][debug][gc,phases      ] GC(52)     Dead                           Min: 0, Avg:  0.0, Max: 0, Diff: 0, Sum: 0, Workers: 4
[2445.488s][debug][gc,phases      ] GC(52)     Total                          Min: 0, Avg:  0.0, Max: 0, Diff: 0, Sum: 0, Workers: 4
[2445.488s][debug][gc,phases      ] GC(52) Weak Processing 0.457ms
[2445.488s][debug][gc,age         ] GC(52) Desired survivor size 29360128 bytes, new threshold 1 (max threshold 15)
[2445.488s][info ][gc,heap        ] GC(52) PSYoungGen: 2032464K(2062336K)->3799K(2068480K) Eden: 2029568K(2029568K)->0K(2037760K) From: 2896K(32768K)->3799K(30720K)
[2445.488s][info ][gc,heap        ] GC(52) ParOldGen: 291163K(291328K)->291900K(292352K)
[2445.488s][info ][gc,metaspace   ] GC(52) Metaspace: 106551K(107904K)->106551K(107904K) NonClass: 90441K(91200K)->90441K(91200K) Class: 16109K(16704K)->16109K(16704K)
[2445.488s][info ][gc             ] GC(52) Pause Young (Allocation Failure) 2269M->288M(2305M) 3.170ms
[2445.488s][info ][gc,cpu         ] GC(52) User=0.01s Sys=0.00s Real=0.00s
[2445.488s][info ][safepoint      ] Safepoint "ParallelGCFailedAllocation", Time since last: 588975954 ns, Reaching safepoint: 78505 ns, Cleanup: 4700 ns, At safepoint: 3249599 ns, Total: 3332804 ns
[2449.489s][info ][safepoint      ] Safepoint "Cleanup", Time since last: 4000327135 ns, Reaching safepoint: 78405 ns, Cleanup: 8400 ns, At safepoint: 5401 ns, Total: 92206 ns
[2458.489s][info ][safepoint      ] Safepoint "Cleanup", Time since last: 9000728624 ns, Reaching safepoint: 79205 ns, Cleanup: 9000 ns, At safepoint: 6501 ns, Total: 94706 ns
[2469.490s][info ][safepoint      ] Safepoint "Cleanup", Time since last: 11000839606 ns, Reaching safepoint: 80905 ns, Cleanup: 10300 ns, At safepoint: 7501 ns, Total: 98706 ns
[2512.374s][info ][gc,start       ] GC(53) Pause Young (Allocation Failure)
[2512.377s][debug][gc,phases      ] GC(53) Scavenge 2.710ms
[2512.377s][debug][gc,ref         ] GC(53) ReferenceProcessor::execute queues: 1, RefProcThreadModel::Single, marks_oops_alive: false
[2512.377s][debug][gc,ref         ] GC(53) Skipped KeepAliveFinalRefsPhase of Reference Processing: no references
[2512.377s][debug][gc,ref         ] GC(53) Skipped PhantomRefsPhase of Reference Processing: no references
[2512.377s][debug][gc,phases      ] GC(53) Reference Processing 0.121ms
[2512.378s][debug][gc,phases      ] GC(53)   VM Weak                        Min:  0.0, Avg:  0.0, Max:  0.0, Diff:  0.0, Sum:  0.0, Workers: 4
[2512.378s][debug][gc,phases      ] GC(53)     Dead                           Min: 0, Avg:  0.0, Max: 0, Diff: 0, Sum: 0, Workers: 4
[2512.378s][debug][gc,phases      ] GC(53)     Total                          Min: 0, Avg: 256.2, Max: 513, Diff: 513, Sum: 1025, Workers: 4
[2512.378s][debug][gc,phases      ] GC(53)   ObjectSynchronizer Weak        Min:  0.0, Avg:  0.0, Max:  0.0, Diff:  0.0, Sum:  0.0, Workers: 4
[2512.378s][debug][gc,phases      ] GC(53)     Dead                           Min: 0, Avg:  0.0, Max: 0, Diff: 0, Sum: 0, Workers: 4
[2512.378s][debug][gc,phases      ] GC(53)     Total                          Min: 0, Avg:  0.8, Max: 3, Diff: 3, Sum: 3, Workers: 4
[2512.378s][debug][gc,phases      ] GC(53)   JVMTI Tag Weak OopStorage      Min:  0.0, Avg:  0.0, Max:  0.0, Diff:  0.0, Sum:  0.0, Workers: 4
[2512.378s][debug][gc,phases      ] GC(53)     Dead                           Min: 0, Avg:  0.0, Max: 0, Diff: 0, Sum: 0, Workers: 4
[2512.378s][debug][gc,phases      ] GC(53)     Total                          Min: 0, Avg:  0.0, Max: 0, Diff: 0, Sum: 0, Workers: 4
[2512.378s][debug][gc,phases      ] GC(53)   StringTable Weak               Min:  0.0, Avg:  0.1, Max:  0.2, Diff:  0.1, Sum:  0.5, Workers: 4
[2512.378s][debug][gc,phases      ] GC(53)     Dead                           Min: 0, Avg:  0.0, Max: 0, Diff: 0, Sum: 0, Workers: 4
[2512.378s][debug][gc,phases      ] GC(53)     Total                          Min: 2432, Avg: 11623.8, Max: 15168, Diff: 12736, Sum: 46495, Workers: 4
[2512.378s][debug][gc,phases      ] GC(53)   ResolvedMethodTable Weak       Min:  0.0, Avg:  0.0, Max:  0.0, Diff:  0.0, Sum:  0.2, Workers: 4
[2512.378s][debug][gc,phases      ] GC(53)     Dead                           Min: 0, Avg:  4.0, Max: 14, Diff: 14, Sum: 16, Workers: 4
[2512.378s][debug][gc,phases      ] GC(53)     Total                          Min: 3555, Avg: 3850.8, Max: 4034, Diff: 479, Sum: 15403, Workers: 4
[2512.378s][debug][gc,phases      ] GC(53)   JNI Weak                       Min:  0.0, Avg:  0.0, Max:  0.0, Diff:  0.0, Sum:  0.0, Workers: 4
[2512.378s][debug][gc,phases      ] GC(53)     Dead                           Min: 0, Avg:  0.0, Max: 0, Diff: 0, Sum: 0, Workers: 4
[2512.378s][debug][gc,phases      ] GC(53)     Total                          Min: 0, Avg: 13.0, Max: 52, Diff: 52, Sum: 52, Workers: 4
[2512.378s][debug][gc,phases      ] GC(53)   StringDedup Table Weak         Min:  0.0, Avg:  0.0, Max:  0.0, Diff:  0.0, Sum:  0.0, Workers: 4
[2512.378s][debug][gc,phases      ] GC(53)     Dead                           Min: 0, Avg:  0.0, Max: 0, Diff: 0, Sum: 0, Workers: 4
[2512.378s][debug][gc,phases      ] GC(53)     Total                          Min: 0, Avg:  0.0, Max: 0, Diff: 0, Sum: 0, Workers: 4
[2512.378s][debug][gc,phases      ] GC(53)   StringDedup Requests0 Weak     Min:  0.0, Avg:  0.0, Max:  0.0, Diff:  0.0, Sum:  0.0, Workers: 4
[2512.378s][debug][gc,phases      ] GC(53)     Dead                           Min: 0, Avg:  0.0, Max: 0, Diff: 0, Sum: 0, Workers: 4
[2512.378s][debug][gc,phases      ] GC(53)     Total                          Min: 0, Avg:  0.0, Max: 0, Diff: 0, Sum: 0, Workers: 4
[2512.378s][debug][gc,phases      ] GC(53)   StringDedup Requests1 Weak     Min:  0.0, Avg:  0.0, Max:  0.0, Diff:  0.0, Sum:  0.0, Workers: 4
[2512.378s][debug][gc,phases      ] GC(53)     Dead                           Min: 0, Avg:  0.0, Max: 0, Diff: 0, Sum: 0, Workers: 4
[2512.378s][debug][gc,phases      ] GC(53)     Total                          Min: 0, Avg:  0.0, Max: 0, Diff: 0, Sum: 0, Workers: 4
[2512.378s][debug][gc,phases      ] GC(53)   Weak JFR Old Object Samples    Min:  0.0, Avg:  0.0, Max:  0.0, Diff:  0.0, Sum:  0.0, Workers: 4
[2512.378s][debug][gc,phases      ] GC(53)     Dead                           Min: 0, Avg:  0.0, Max: 0, Diff: 0, Sum: 0, Workers: 4
[2512.378s][debug][gc,phases      ] GC(53)     Total                          Min: 0, Avg:  0.0, Max: 0, Diff: 0, Sum: 0, Workers: 4
[2512.378s][debug][gc,phases      ] GC(53) Weak Processing 0.453ms
[2512.378s][debug][gc,age         ] GC(53) Desired survivor size 27262976 bytes, new threshold 1 (max threshold 15)
[2512.378s][info ][gc,heap        ] GC(53) PSYoungGen: 2041559K(2068480K)->2592K(2066432K) Eden: 2037760K(2037760K)->0K(2037760K) From: 3799K(30720K)->2592K(28672K)
[2512.378s][info ][gc,heap        ] GC(53) ParOldGen: 291900K(292352K)->293571K(293888K)
[2512.378s][info ][gc,metaspace   ] GC(53) Metaspace: 106554K(107904K)->106554K(107904K) NonClass: 90444K(91200K)->90444K(91200K) Class: 16110K(16704K)->16110K(16704K)
[2512.378s][info ][gc             ] GC(53) Pause Young (Allocation Failure) 2278M->289M(2305M) 3.434ms
[2512.378s][info ][gc,cpu         ] GC(53) User=0.01s Sys=0.00s Real=0.01s
[2512.378s][info ][safepoint      ] Safepoint "ParallelGCFailedAllocation", Time since last: 42883884088 ns, Reaching safepoint: 5401 ns, Cleanup: 4200 ns, At safepoint: 3510910 ns, Total: 3520511 ns
[2522.379s][info ][safepoint      ] Safepoint "Cleanup", Time since last: 10000752167 ns, Reaching safepoint: 5800 ns, Cleanup: 9601 ns, At safepoint: 2500 ns, Total: 17901 ns
[2524.379s][info ][safepoint      ] Safepoint "Cleanup", Time since last: 2000198012 ns, Reaching safepoint: 6600 ns, Cleanup: 11401 ns, At safepoint: 2500 ns, Total: 20501 ns
[2540.380s][info ][safepoint      ] Safepoint "Cleanup", Time since last: 16001391891 ns, Reaching safepoint: 9901 ns, Cleanup: 15101 ns, At safepoint: 2900 ns, Total: 27902 ns
[2546.381s][info ][safepoint      ] Safepoint "Cleanup", Time since last: 6000487891 ns, Reaching safepoint: 6900 ns, Cleanup: 10201 ns, At safepoint: 2400 ns, Total: 19501 ns
[2555.382s][info ][safepoint      ] Safepoint "Cleanup", Time since last: 9000786810 ns, Reaching safepoint: 6601 ns, Cleanup: 9900 ns, At safepoint: 2900 ns, Total: 19401 ns
[2557.382s][info ][safepoint      ] Safepoint "Cleanup", Time since last: 2000207412 ns, Reaching safepoint: 6601 ns, Cleanup: 10200 ns, At safepoint: 31602 ns, Total: 48403 ns
[2559.382s][info ][safepoint      ] Safepoint "Cleanup", Time since last: 2000197012 ns, Reaching safepoint: 7300 ns, Cleanup: 10101 ns, At safepoint: 2700 ns, Total: 20101 ns
[2560.382s][info ][safepoint      ] Safepoint "Cleanup", Time since last: 1000124391 ns, Reaching safepoint: 6201 ns, Cleanup: 12401 ns, At safepoint: 2700 ns, Total: 21302 ns
[2568.383s][info ][safepoint      ] Safepoint "Cleanup", Time since last: 8000630500 ns, Reaching safepoint: 6900 ns, Cleanup: 15201 ns, At safepoint: 2400 ns, Total: 24501 ns
[2576.520s][info ][gc,start       ] GC(54) Pause Young (Allocation Failure)
[2576.523s][debug][gc,phases      ] GC(54) Scavenge 2.674ms
[2576.523s][debug][gc,ref         ] GC(54) ReferenceProcessor::execute queues: 1, RefProcThreadModel::Single, marks_oops_alive: false
[2576.523s][debug][gc,ref         ] GC(54) Skipped KeepAliveFinalRefsPhase of Reference Processing: no references
[2576.523s][debug][gc,ref         ] GC(54) Skipped PhantomRefsPhase of Reference Processing: no references
[2576.523s][debug][gc,phases      ] GC(54) Reference Processing 0.144ms
[2576.523s][debug][gc,phases      ] GC(54)   VM Weak                        Min:  0.0, Avg:  0.0, Max:  0.0, Diff:  0.0, Sum:  0.0, Workers: 4
[2576.523s][debug][gc,phases      ] GC(54)     Dead                           Min: 0, Avg:  0.0, Max: 0, Diff: 0, Sum: 0, Workers: 4
[2576.523s][debug][gc,phases      ] GC(54)     Total                          Min: 0, Avg: 256.2, Max: 1024, Diff: 1024, Sum: 1025, Workers: 4
[2576.523s][debug][gc,phases      ] GC(54)   ObjectSynchronizer Weak        Min:  0.0, Avg:  0.0, Max:  0.0, Diff:  0.0, Sum:  0.0, Workers: 4
[2576.523s][debug][gc,phases      ] GC(54)     Dead                           Min: 0, Avg:  0.0, Max: 0, Diff: 0, Sum: 0, Workers: 4
[2576.523s][debug][gc,phases      ] GC(54)     Total                          Min: 0, Avg:  1.0, Max: 4, Diff: 4, Sum: 4, Workers: 4
[2576.523s][debug][gc,phases      ] GC(54)   JVMTI Tag Weak OopStorage      Min:  0.0, Avg:  0.0, Max:  0.0, Diff:  0.0, Sum:  0.0, Workers: 4
[2576.523s][debug][gc,phases      ] GC(54)     Dead                           Min: 0, Avg:  0.0, Max: 0, Diff: 0, Sum: 0, Workers: 4
[2576.523s][debug][gc,phases      ] GC(54)     Total                          Min: 0, Avg:  0.0, Max: 0, Diff: 0, Sum: 0, Workers: 4
[2576.523s][debug][gc,phases      ] GC(54)   StringTable Weak               Min:  0.1, Avg:  0.1, Max:  0.1, Diff:  0.0, Sum:  0.5, Workers: 4
[2576.523s][debug][gc,phases      ] GC(54)     Dead                           Min: 0, Avg:  0.0, Max: 0, Diff: 0, Sum: 0, Workers: 4
[2576.523s][debug][gc,phases      ] GC(54)     Total                          Min: 6080, Avg: 11623.8, Max: 14559, Diff: 8479, Sum: 46495, Workers: 4
[2576.523s][debug][gc,phases      ] GC(54)   ResolvedMethodTable Weak       Min:  0.0, Avg:  0.0, Max:  0.0, Diff:  0.0, Sum:  0.2, Workers: 4
[2576.523s][debug][gc,phases      ] GC(54)     Dead                           Min: 0, Avg:  4.0, Max: 15, Diff: 15, Sum: 16, Workers: 4
[2576.523s][debug][gc,phases      ] GC(54)     Total                          Min: 3638, Avg: 3850.8, Max: 3974, Diff: 336, Sum: 15403, Workers: 4
[2576.523s][debug][gc,phases      ] GC(54)   JNI Weak                       Min:  0.0, Avg:  0.0, Max:  0.0, Diff:  0.0, Sum:  0.0, Workers: 4
[2576.523s][debug][gc,phases      ] GC(54)     Dead                           Min: 0, Avg:  0.0, Max: 0, Diff: 0, Sum: 0, Workers: 4
[2576.523s][debug][gc,phases      ] GC(54)     Total                          Min: 0, Avg: 13.0, Max: 52, Diff: 52, Sum: 52, Workers: 4
[2576.523s][debug][gc,phases      ] GC(54)   StringDedup Table Weak         Min:  0.0, Avg:  0.0, Max:  0.0, Diff:  0.0, Sum:  0.0, Workers: 4
[2576.523s][debug][gc,phases      ] GC(54)     Dead                           Min: 0, Avg:  0.0, Max: 0, Diff: 0, Sum: 0, Workers: 4
[2576.523s][debug][gc,phases      ] GC(54)     Total                          Min: 0, Avg:  0.0, Max: 0, Diff: 0, Sum: 0, Workers: 4
[2576.523s][debug][gc,phases      ] GC(54)   StringDedup Requests0 Weak     Min:  0.0, Avg:  0.0, Max:  0.0, Diff:  0.0, Sum:  0.0, Workers: 4
[2576.523s][debug][gc,phases      ] GC(54)     Dead                           Min: 0, Avg:  0.0, Max: 0, Diff: 0, Sum: 0, Workers: 4
[2576.523s][debug][gc,phases      ] GC(54)     Total                          Min: 0, Avg:  0.0, Max: 0, Diff: 0, Sum: 0, Workers: 4
[2576.523s][debug][gc,phases      ] GC(54)   StringDedup Requests1 Weak     Min:  0.0, Avg:  0.0, Max:  0.0, Diff:  0.0, Sum:  0.0, Workers: 4
[2576.523s][debug][gc,phases      ] GC(54)     Dead                           Min: 0, Avg:  0.0, Max: 0, Diff: 0, Sum: 0, Workers: 4
[2576.523s][debug][gc,phases      ] GC(54)     Total                          Min: 0, Avg:  0.0, Max: 0, Diff: 0, Sum: 0, Workers: 4
[2576.523s][debug][gc,phases      ] GC(54)   Weak JFR Old Object Samples    Min:  0.0, Avg:  0.0, Max:  0.0, Diff:  0.0, Sum:  0.0, Workers: 4
[2576.523s][debug][gc,phases      ] GC(54)     Dead                           Min: 0, Avg:  0.0, Max: 0, Diff: 0, Sum: 0, Workers: 4
[2576.523s][debug][gc,phases      ] GC(54)     Total                          Min: 0, Avg:  0.0, Max: 0, Diff: 0, Sum: 0, Workers: 4
[2576.523s][debug][gc,phases      ] GC(54) Weak Processing 0.446ms
[2576.523s][debug][gc,age         ] GC(54) Desired survivor size 25690112 bytes, new threshold 1 (max threshold 15)
[2576.523s][info ][gc,heap        ] GC(54) PSYoungGen: 2040352K(2066432K)->2848K(2072064K) Eden: 2037760K(2037760K)->0K(2045440K) From: 2592K(28672K)->2848K(26624K)
[2576.523s][info ][gc,heap        ] GC(54) ParOldGen: 293571K(293888K)->294071K(294400K)
[2576.523s][info ][gc,metaspace   ] GC(54) Metaspace: 106563K(107904K)->106563K(107904K) NonClass: 90453K(91200K)->90453K(91200K) Class: 16110K(16704K)->16110K(16704K)
[2576.523s][info ][gc             ] GC(54) Pause Young (Allocation Failure) 2279M->289M(2311M) 3.394ms
[2576.523s][info ][gc,cpu         ] GC(54) User=0.01s Sys=0.00s Real=0.00s
[2576.524s][info ][safepoint      ] Safepoint "ParallelGCFailedAllocation", Time since last: 8137206162 ns, Reaching safepoint: 7100 ns, Cleanup: 4401 ns, At safepoint: 3470108 ns, Total: 3481609 ns
[2580.524s][info ][safepoint      ] Safepoint "Cleanup", Time since last: 4000320654 ns, Reaching safepoint: 7301 ns, Cleanup: 10001 ns, At safepoint: 2500 ns, Total: 19802 ns
[2589.839s][info ][safepoint      ] Safepoint "Cleanup", Time since last: 9314628228 ns, Reaching safepoint: 80605 ns, Cleanup: 12601 ns, At safepoint: 6400 ns, Total: 99606 ns
[2596.839s][info ][safepoint      ] Safepoint "Cleanup", Time since last: 7000570496 ns, Reaching safepoint: 84905 ns, Cleanup: 8101 ns, At safepoint: 6800 ns, Total: 99806 ns
[2607.841s][info ][safepoint      ] Safepoint "Cleanup", Time since last: 11001343087 ns, Reaching safepoint: 83905 ns, Cleanup: 9800 ns, At safepoint: 7801 ns, Total: 101506 ns
[2610.841s][info ][safepoint      ] Safepoint "Cleanup", Time since last: 3000282486 ns, Reaching safepoint: 6600 ns, Cleanup: 14201 ns, At safepoint: 2600 ns, Total: 23401 ns
[2612.841s][info ][safepoint      ] Safepoint "Cleanup", Time since last: 2000217926 ns, Reaching safepoint: 7201 ns, Cleanup: 8300 ns, At safepoint: 2700 ns, Total: 18201 ns
[2622.842s][info ][safepoint      ] Safepoint "Cleanup", Time since last: 10000794465 ns, Reaching safepoint: 7200 ns, Cleanup: 11401 ns, At safepoint: 2400 ns, Total: 21001 ns
[2628.843s][info ][safepoint      ] Safepoint "Cleanup", Time since last: 6000496395 ns, Reaching safepoint: 6000 ns, Cleanup: 10201 ns, At safepoint: 2400 ns, Total: 18601 ns
[2635.843s][info ][safepoint      ] Safepoint "Cleanup", Time since last: 7000589956 ns, Reaching safepoint: 7701 ns, Cleanup: 15601 ns, At safepoint: 3100 ns, Total: 26402 ns
[2637.843s][info ][safepoint      ] Safepoint "Cleanup", Time since last: 2000193324 ns, Reaching safepoint: 7100 ns, Cleanup: 14201 ns, At safepoint: 3300 ns, Total: 24601 ns
[2640.536s][info ][gc,start       ] GC(55) Pause Young (Allocation Failure)
[2640.541s][debug][gc,phases      ] GC(55) Scavenge 4.010ms
[2640.541s][debug][gc,ref         ] GC(55) ReferenceProcessor::execute queues: 1, RefProcThreadModel::Single, marks_oops_alive: false
[2640.541s][debug][gc,ref         ] GC(55) Skipped KeepAliveFinalRefsPhase of Reference Processing: no references
[2640.541s][debug][gc,ref         ] GC(55) ReferenceProcessor::execute queues: 1, RefProcThreadModel::Single, marks_oops_alive: false
[2640.541s][debug][gc,phases      ] GC(55) Reference Processing 0.118ms
[2640.541s][debug][gc,phases      ] GC(55)   VM Weak                        Min:  0.0, Avg:  0.0, Max:  0.0, Diff:  0.0, Sum:  0.0, Workers: 4
[2640.541s][debug][gc,phases      ] GC(55)     Dead                           Min: 0, Avg:  0.0, Max: 0, Diff: 0, Sum: 0, Workers: 4
[2640.541s][debug][gc,phases      ] GC(55)     Total                          Min: 0, Avg: 256.2, Max: 897, Diff: 897, Sum: 1025, Workers: 4
[2640.541s][debug][gc,phases      ] GC(55)   ObjectSynchronizer Weak        Min:  0.0, Avg:  0.0, Max:  0.0, Diff:  0.0, Sum:  0.0, Workers: 4
[2640.541s][debug][gc,phases      ] GC(55)     Dead                           Min: 0, Avg:  0.0, Max: 0, Diff: 0, Sum: 0, Workers: 4
[2640.541s][debug][gc,phases      ] GC(55)     Total                          Min: 0, Avg:  1.0, Max: 4, Diff: 4, Sum: 4, Workers: 4
[2640.541s][debug][gc,phases      ] GC(55)   JVMTI Tag Weak OopStorage      Min:  0.0, Avg:  0.0, Max:  0.0, Diff:  0.0, Sum:  0.0, Workers: 4
[2640.541s][debug][gc,phases      ] GC(55)     Dead                           Min: 0, Avg:  0.0, Max: 0, Diff: 0, Sum: 0, Workers: 4
[2640.541s][debug][gc,phases      ] GC(55)     Total                          Min: 0, Avg:  0.0, Max: 0, Diff: 0, Sum: 0, Workers: 4
[2640.541s][debug][gc,phases      ] GC(55)   StringTable Weak               Min:  0.0, Avg:  0.1, Max:  0.1, Diff:  0.1, Sum:  0.4, Workers: 4
[2640.541s][debug][gc,phases      ] GC(55)     Dead                           Min: 0, Avg:  0.0, Max: 0, Diff: 0, Sum: 0, Workers: 4
[2640.541s][debug][gc,phases      ] GC(55)     Total                          Min: 0, Avg: 11624.0, Max: 15936, Diff: 15936, Sum: 46496, Workers: 4
[2640.541s][debug][gc,phases      ] GC(55)   ResolvedMethodTable Weak       Min:  0.0, Avg:  0.0, Max:  0.0, Diff:  0.0, Sum:  0.1, Workers: 4
[2640.541s][debug][gc,phases      ] GC(55)     Dead                           Min: 0, Avg:  4.0, Max: 10, Diff: 10, Sum: 16, Workers: 4
[2640.541s][debug][gc,phases      ] GC(55)     Total                          Min: 0, Avg: 3850.8, Max: 5247, Diff: 5247, Sum: 15403, Workers: 4
[2640.541s][debug][gc,phases      ] GC(55)   JNI Weak                       Min:  0.0, Avg:  0.0, Max:  0.0, Diff:  0.0, Sum:  0.0, Workers: 4
[2640.541s][debug][gc,phases      ] GC(55)     Dead                           Min: 0, Avg:  0.0, Max: 0, Diff: 0, Sum: 0, Workers: 4
[2640.541s][debug][gc,phases      ] GC(55)     Total                          Min: 0, Avg: 13.0, Max: 52, Diff: 52, Sum: 52, Workers: 4
[2640.541s][debug][gc,phases      ] GC(55)   StringDedup Table Weak         Min:  0.0, Avg:  0.0, Max:  0.0, Diff:  0.0, Sum:  0.0, Workers: 4
[2640.541s][debug][gc,phases      ] GC(55)     Dead                           Min: 0, Avg:  0.0, Max: 0, Diff: 0, Sum: 0, Workers: 4
[2640.541s][debug][gc,phases      ] GC(55)     Total                          Min: 0, Avg:  0.0, Max: 0, Diff: 0, Sum: 0, Workers: 4
[2640.541s][debug][gc,phases      ] GC(55)   StringDedup Requests0 Weak     Min:  0.0, Avg:  0.0, Max:  0.0, Diff:  0.0, Sum:  0.0, Workers: 4
[2640.541s][debug][gc,phases      ] GC(55)     Dead                           Min: 0, Avg:  0.0, Max: 0, Diff: 0, Sum: 0, Workers: 4
[2640.541s][debug][gc,phases      ] GC(55)     Total                          Min: 0, Avg:  0.0, Max: 0, Diff: 0, Sum: 0, Workers: 4
[2640.541s][debug][gc,phases      ] GC(55)   StringDedup Requests1 Weak     Min:  0.0, Avg:  0.0, Max:  0.0, Diff:  0.0, Sum:  0.0, Workers: 4
[2640.541s][debug][gc,phases      ] GC(55)     Dead                           Min: 0, Avg:  0.0, Max: 0, Diff: 0, Sum: 0, Workers: 4
[2640.541s][debug][gc,phases      ] GC(55)     Total                          Min: 0, Avg:  0.0, Max: 0, Diff: 0, Sum: 0, Workers: 4
[2640.541s][debug][gc,phases      ] GC(55)   Weak JFR Old Object Samples    Min:  0.0, Avg:  0.0, Max:  0.0, Diff:  0.0, Sum:  0.0, Workers: 4
[2640.541s][debug][gc,phases      ] GC(55)     Dead                           Min: 0, Avg:  0.0, Max: 0, Diff: 0, Sum: 0, Workers: 4
[2640.541s][debug][gc,phases      ] GC(55)     Total                          Min: 0, Avg:  0.0, Max: 0, Diff: 0, Sum: 0, Workers: 4
[2640.541s][debug][gc,phases      ] GC(55) Weak Processing 0.437ms
[2640.541s][debug][gc,age         ] GC(55) Desired survivor size 23592960 bytes, new threshold 1 (max threshold 15)
[2640.541s][info ][gc,heap        ] GC(55) PSYoungGen: 2048288K(2072064K)->4016K(2070528K) Eden: 2045440K(2045440K)->0K(2045440K) From: 2848K(26624K)->4016K(25088K)
[2640.541s][info ][gc,heap        ] GC(55) ParOldGen: 294071K(294400K)->294560K(294912K)
[2640.541s][info ][gc,metaspace   ] GC(55) Metaspace: 106576K(107904K)->106576K(107904K) NonClass: 90466K(91200K)->90466K(91200K) Class: 16110K(16704K)->16110K(16704K)
[2640.541s][info ][gc             ] GC(55) Pause Young (Allocation Failure) 2287M->291M(2310M) 4.700ms
[2640.541s][info ][gc,cpu         ] GC(55) User=0.02s Sys=0.00s Real=0.01s
[2640.541s][info ][safepoint      ] Safepoint "ParallelGCFailedAllocation", Time since last: 2692891871 ns, Reaching safepoint: 98506 ns, Cleanup: 10101 ns, At safepoint: 4790789 ns, Total: 4899396 ns
[2643.856s][info ][safepoint      ] Safepoint "Cleanup", Time since last: 3315080401 ns, Reaching safepoint: 8500 ns, Cleanup: 12401 ns, At safepoint: 2800 ns, Total: 23701 ns
[2648.857s][info ][safepoint      ] Safepoint "Cleanup", Time since last: 5000470603 ns, Reaching safepoint: 8800 ns, Cleanup: 13001 ns, At safepoint: 3500 ns, Total: 25301 ns
[2653.857s][info ][safepoint      ] Safepoint "Cleanup", Time since last: 5000454787 ns, Reaching safepoint: 11701 ns, Cleanup: 13800 ns, At safepoint: 3301 ns, Total: 28802 ns
[2654.857s][info ][safepoint      ] Safepoint "Cleanup", Time since last: 1000149381 ns, Reaching safepoint: 8800 ns, Cleanup: 13001 ns, At safepoint: 35202 ns, Total: 57003 ns
[2656.858s][info ][safepoint      ] Safepoint "Cleanup", Time since last: 2000185137 ns, Reaching safepoint: 7601 ns, Cleanup: 13501 ns, At safepoint: 2800 ns, Total: 23902 ns
[2657.858s][info ][safepoint      ] Safepoint "Cleanup", Time since last: 1000121958 ns, Reaching safepoint: 8200 ns, Cleanup: 13801 ns, At safepoint: 2900 ns, Total: 24901 ns
[2659.858s][info ][safepoint      ] Safepoint "Cleanup", Time since last: 2000207714 ns, Reaching safepoint: 11200 ns, Cleanup: 15301 ns, At safepoint: 3300 ns, Total: 29801 ns
[2660.858s][info ][safepoint      ] Safepoint "Cleanup", Time since last: 1000133759 ns, Reaching safepoint: 7800 ns, Cleanup: 22202 ns, At safepoint: 3400 ns, Total: 33402 ns
[2671.859s][info ][safepoint      ] Safepoint "Cleanup", Time since last: 11000991389 ns, Reaching safepoint: 7901 ns, Cleanup: 17601 ns, At safepoint: 3400 ns, Total: 28902 ns
[2673.860s][info ][safepoint      ] Safepoint "Cleanup", Time since last: 2000235530 ns, Reaching safepoint: 8201 ns, Cleanup: 15701 ns, At safepoint: 3000 ns, Total: 26902 ns
[2682.860s][info ][safepoint      ] Safepoint "Cleanup", Time since last: 9000750580 ns, Reaching safepoint: 8500 ns, Cleanup: 12301 ns, At safepoint: 2400 ns, Total: 23201 ns
[2689.547s][info ][gc,start       ] GC(56) Pause Young (Allocation Failure)
[2689.552s][debug][gc,phases      ] GC(56) Scavenge 4.267ms
[2689.552s][debug][gc,ref         ] GC(56) ReferenceProcessor::execute queues: 1, RefProcThreadModel::Single, marks_oops_alive: false
[2689.552s][debug][gc,ref         ] GC(56) Skipped KeepAliveFinalRefsPhase of Reference Processing: no references
[2689.552s][debug][gc,ref         ] GC(56) ReferenceProcessor::execute queues: 1, RefProcThreadModel::Single, marks_oops_alive: false
[2689.552s][debug][gc,phases      ] GC(56) Reference Processing 0.115ms
[2689.552s][debug][gc,phases      ] GC(56)   VM Weak                        Min:  0.0, Avg:  0.0, Max:  0.0, Diff:  0.0, Sum:  0.0, Workers: 4
[2689.552s][debug][gc,phases      ] GC(56)     Dead                           Min: 0, Avg:  0.0, Max: 0, Diff: 0, Sum: 0, Workers: 4
[2689.552s][debug][gc,phases      ] GC(56)     Total                          Min: 0, Avg: 256.2, Max: 832, Diff: 832, Sum: 1025, Workers: 4
[2689.552s][debug][gc,phases      ] GC(56)   ObjectSynchronizer Weak        Min:  0.0, Avg:  0.0, Max:  0.0, Diff:  0.0, Sum:  0.0, Workers: 4
[2689.552s][debug][gc,phases      ] GC(56)     Dead                           Min: 0, Avg:  0.0, Max: 0, Diff: 0, Sum: 0, Workers: 4
[2689.552s][debug][gc,phases      ] GC(56)     Total                          Min: 0, Avg:  1.0, Max: 4, Diff: 4, Sum: 4, Workers: 4
[2689.552s][debug][gc,phases      ] GC(56)   JVMTI Tag Weak OopStorage      Min:  0.0, Avg:  0.0, Max:  0.0, Diff:  0.0, Sum:  0.0, Workers: 4
[2689.552s][debug][gc,phases      ] GC(56)     Dead                           Min: 0, Avg:  0.0, Max: 0, Diff: 0, Sum: 0, Workers: 4
[2689.552s][debug][gc,phases      ] GC(56)     Total                          Min: 0, Avg:  0.0, Max: 0, Diff: 0, Sum: 0, Workers: 4
[2689.552s][debug][gc,phases      ] GC(56)   StringTable Weak               Min:  0.0, Avg:  0.1, Max:  0.2, Diff:  0.2, Sum:  0.4, Workers: 4
[2689.552s][debug][gc,phases      ] GC(56)     Dead                           Min: 0, Avg:  0.0, Max: 0, Diff: 0, Sum: 0, Workers: 4
[2689.552s][debug][gc,phases      ] GC(56)     Total                          Min: 0, Avg: 11625.8, Max: 16295, Diff: 16295, Sum: 46503, Workers: 4
[2689.552s][debug][gc,phases      ] GC(56)   ResolvedMethodTable Weak       Min:  0.0, Avg:  0.0, Max:  0.1, Diff:  0.1, Sum:  0.2, Workers: 4
[2689.552s][debug][gc,phases      ] GC(56)     Dead                           Min: 0, Avg:  4.0, Max: 10, Diff: 10, Sum: 16, Workers: 4
[2689.552s][debug][gc,phases      ] GC(56)     Total                          Min: 0, Avg: 3850.8, Max: 5837, Diff: 5837, Sum: 15403, Workers: 4
[2689.552s][debug][gc,phases      ] GC(56)   JNI Weak                       Min:  0.0, Avg:  0.0, Max:  0.0, Diff:  0.0, Sum:  0.0, Workers: 4
[2689.552s][debug][gc,phases      ] GC(56)     Dead                           Min: 0, Avg:  0.0, Max: 0, Diff: 0, Sum: 0, Workers: 4
[2689.552s][debug][gc,phases      ] GC(56)     Total                          Min: 0, Avg: 13.0, Max: 52, Diff: 52, Sum: 52, Workers: 4
[2689.552s][debug][gc,phases      ] GC(56)   StringDedup Table Weak         Min:  0.0, Avg:  0.0, Max:  0.0, Diff:  0.0, Sum:  0.0, Workers: 4
[2689.552s][debug][gc,phases      ] GC(56)     Dead                           Min: 0, Avg:  0.0, Max: 0, Diff: 0, Sum: 0, Workers: 4
[2689.552s][debug][gc,phases      ] GC(56)     Total                          Min: 0, Avg:  0.0, Max: 0, Diff: 0, Sum: 0, Workers: 4
[2689.552s][debug][gc,phases      ] GC(56)   StringDedup Requests0 Weak     Min:  0.0, Avg:  0.0, Max:  0.0, Diff:  0.0, Sum:  0.0, Workers: 4
[2689.552s][debug][gc,phases      ] GC(56)     Dead                           Min: 0, Avg:  0.0, Max: 0, Diff: 0, Sum: 0, Workers: 4
[2689.552s][debug][gc,phases      ] GC(56)     Total                          Min: 0, Avg:  0.0, Max: 0, Diff: 0, Sum: 0, Workers: 4
[2689.552s][debug][gc,phases      ] GC(56)   StringDedup Requests1 Weak     Min:  0.0, Avg:  0.0, Max:  0.0, Diff:  0.0, Sum:  0.0, Workers: 4
[2689.552s][debug][gc,phases      ] GC(56)     Dead                           Min: 0, Avg:  0.0, Max: 0, Diff: 0, Sum: 0, Workers: 4
[2689.552s][debug][gc,phases      ] GC(56)     Total                          Min: 0, Avg:  0.0, Max: 0, Diff: 0, Sum: 0, Workers: 4
[2689.552s][debug][gc,phases      ] GC(56)   Weak JFR Old Object Samples    Min:  0.0, Avg:  0.0, Max:  0.0, Diff:  0.0, Sum:  0.0, Workers: 4
[2689.552s][debug][gc,phases      ] GC(56)     Dead                           Min: 0, Avg:  0.0, Max: 0, Diff: 0, Sum: 0, Workers: 4
[2689.552s][debug][gc,phases      ] GC(56)     Total                          Min: 0, Avg:  0.0, Max: 0, Diff: 0, Sum: 0, Workers: 4
[2689.552s][debug][gc,phases      ] GC(56) Weak Processing 0.448ms
[2689.552s][debug][gc,age         ] GC(56) Desired survivor size 22020096 bytes, new threshold 1 (max threshold 15)
[2689.552s][info ][gc,heap        ] GC(56) PSYoungGen: 2049456K(2070528K)->3680K(2075648K) Eden: 2045440K(2045440K)->0K(2052608K) From: 4016K(25088K)->3680K(23040K)
[2689.552s][info ][gc,heap        ] GC(56) ParOldGen: 294560K(294912K)->295796K(295936K)
[2689.552s][info ][gc,metaspace   ] GC(56) Metaspace: 106616K(107968K)->106616K(107968K) NonClass: 90506K(91264K)->90506K(91264K) Class: 16110K(16704K)->16110K(16704K)
[2689.552s][info ][gc             ] GC(56) Pause Young (Allocation Failure) 2289M->292M(2316M) 4.975ms
[2689.552s][info ][gc,cpu         ] GC(56) User=0.02s Sys=0.00s Real=0.01s
[2689.552s][info ][safepoint      ] Safepoint "ParallelGCFailedAllocation", Time since last: 6687098118 ns, Reaching safepoint: 8900 ns, Cleanup: 3701 ns, At safepoint: 5057804 ns, Total: 5070405 ns
[2691.553s][info ][safepoint      ] Safepoint "Cleanup", Time since last: 2000164470 ns, Reaching safepoint: 6200 ns, Cleanup: 6201 ns, At safepoint: 2200 ns, Total: 14601 ns
[2693.553s][info ][safepoint      ] Safepoint "Cleanup", Time since last: 2000239674 ns, Reaching safepoint: 11501 ns, Cleanup: 14701 ns, At safepoint: 2900 ns, Total: 29102 ns
[2713.876s][info ][safepoint      ] Safepoint "Cleanup", Time since last: 20322560350 ns, Reaching safepoint: 6300 ns, Cleanup: 20901 ns, At safepoint: 3000 ns, Total: 30201 ns
[2756.339s][info ][gc,start       ] GC(57) Pause Young (Allocation Failure)
[2756.342s][debug][gc,phases      ] GC(57) Scavenge 3.300ms
[2756.343s][debug][gc,ref         ] GC(57) ReferenceProcessor::execute queues: 1, RefProcThreadModel::Single, marks_oops_alive: false
[2756.343s][debug][gc,ref         ] GC(57) Skipped KeepAliveFinalRefsPhase of Reference Processing: no references
[2756.343s][debug][gc,ref         ] GC(57) ReferenceProcessor::execute queues: 1, RefProcThreadModel::Single, marks_oops_alive: false
[2756.343s][debug][gc,phases      ] GC(57) Reference Processing 0.118ms
[2756.343s][debug][gc,phases      ] GC(57)   VM Weak                        Min:  0.0, Avg:  0.0, Max:  0.0, Diff:  0.0, Sum:  0.0, Workers: 4
[2756.343s][debug][gc,phases      ] GC(57)     Dead                           Min: 0, Avg:  0.0, Max: 0, Diff: 0, Sum: 0, Workers: 4
[2756.343s][debug][gc,phases      ] GC(57)     Total                          Min: 0, Avg: 256.2, Max: 704, Diff: 704, Sum: 1025, Workers: 4
[2756.343s][debug][gc,phases      ] GC(57)   ObjectSynchronizer Weak        Min:  0.0, Avg:  0.0, Max:  0.0, Diff:  0.0, Sum:  0.0, Workers: 4
[2756.343s][debug][gc,phases      ] GC(57)     Dead                           Min: 0, Avg:  0.0, Max: 0, Diff: 0, Sum: 0, Workers: 4
[2756.343s][debug][gc,phases      ] GC(57)     Total                          Min: 0, Avg:  1.0, Max: 4, Diff: 4, Sum: 4, Workers: 4
[2756.343s][debug][gc,phases      ] GC(57)   JVMTI Tag Weak OopStorage      Min:  0.0, Avg:  0.0, Max:  0.0, Diff:  0.0, Sum:  0.0, Workers: 4
[2756.343s][debug][gc,phases      ] GC(57)     Dead                           Min: 0, Avg:  0.0, Max: 0, Diff: 0, Sum: 0, Workers: 4
[2756.343s][debug][gc,phases      ] GC(57)     Total                          Min: 0, Avg:  0.0, Max: 0, Diff: 0, Sum: 0, Workers: 4
[2756.343s][debug][gc,phases      ] GC(57)   StringTable Weak               Min:  0.1, Avg:  0.1, Max:  0.1, Diff:  0.0, Sum:  0.5, Workers: 4
[2756.343s][debug][gc,phases      ] GC(57)     Dead                           Min: 0, Avg:  0.0, Max: 0, Diff: 0, Sum: 0, Workers: 4
[2756.343s][debug][gc,phases      ] GC(57)     Total                          Min: 11404, Avg: 11635.0, Max: 12032, Diff: 628, Sum: 46540, Workers: 4
[2756.343s][debug][gc,phases      ] GC(57)   ResolvedMethodTable Weak       Min:  0.0, Avg:  0.0, Max:  0.0, Diff:  0.0, Sum:  0.2, Workers: 4
[2756.343s][debug][gc,phases      ] GC(57)     Dead                           Min: 0, Avg:  4.0, Max: 10, Diff: 10, Sum: 16, Workers: 4
[2756.343s][debug][gc,phases      ] GC(57)     Total                          Min: 3298, Avg: 3850.8, Max: 4485, Diff: 1187, Sum: 15403, Workers: 4
[2756.343s][debug][gc,phases      ] GC(57)   JNI Weak                       Min:  0.0, Avg:  0.0, Max:  0.0, Diff:  0.0, Sum:  0.0, Workers: 4
[2756.343s][debug][gc,phases      ] GC(57)     Dead                           Min: 0, Avg:  0.0, Max: 0, Diff: 0, Sum: 0, Workers: 4
[2756.343s][debug][gc,phases      ] GC(57)     Total                          Min: 0, Avg: 13.0, Max: 52, Diff: 52, Sum: 52, Workers: 4
[2756.343s][debug][gc,phases      ] GC(57)   StringDedup Table Weak         Min:  0.0, Avg:  0.0, Max:  0.0, Diff:  0.0, Sum:  0.0, Workers: 4
[2756.343s][debug][gc,phases      ] GC(57)     Dead                           Min: 0, Avg:  0.0, Max: 0, Diff: 0, Sum: 0, Workers: 4
[2756.343s][debug][gc,phases      ] GC(57)     Total                          Min: 0, Avg:  0.0, Max: 0, Diff: 0, Sum: 0, Workers: 4
[2756.343s][debug][gc,phases      ] GC(57)   StringDedup Requests0 Weak     Min:  0.0, Avg:  0.0, Max:  0.0, Diff:  0.0, Sum:  0.0, Workers: 4
[2756.343s][debug][gc,phases      ] GC(57)     Dead                           Min: 0, Avg:  0.0, Max: 0, Diff: 0, Sum: 0, Workers: 4
[2756.343s][debug][gc,phases      ] GC(57)     Total                          Min: 0, Avg:  0.0, Max: 0, Diff: 0, Sum: 0, Workers: 4
[2756.343s][debug][gc,phases      ] GC(57)   StringDedup Requests1 Weak     Min:  0.0, Avg:  0.0, Max:  0.0, Diff:  0.0, Sum:  0.0, Workers: 4
[2756.343s][debug][gc,phases      ] GC(57)     Dead                           Min: 0, Avg:  0.0, Max: 0, Diff: 0, Sum: 0, Workers: 4
[2756.343s][debug][gc,phases      ] GC(57)     Total                          Min: 0, Avg:  0.0, Max: 0, Diff: 0, Sum: 0, Workers: 4
[2756.343s][debug][gc,phases      ] GC(57)   Weak JFR Old Object Samples    Min:  0.0, Avg:  0.0, Max:  0.0, Diff:  0.0, Sum:  0.0, Workers: 4
[2756.343s][debug][gc,phases      ] GC(57)     Dead                           Min: 0, Avg:  0.0, Max: 0, Diff: 0, Sum: 0, Workers: 4
[2756.343s][debug][gc,phases      ] GC(57)     Total                          Min: 0, Avg:  0.0, Max: 0, Diff: 0, Sum: 0, Workers: 4
[2756.343s][debug][gc,phases      ] GC(57) Weak Processing 0.409ms
[2756.343s][debug][gc,age         ] GC(57) Desired survivor size 20447232 bytes, new threshold 1 (max threshold 15)
[2756.343s][info ][gc,heap        ] GC(57) PSYoungGen: 2056288K(2075648K)->3360K(2074112K) Eden: 2052608K(2052608K)->0K(2052608K) From: 3680K(23040K)->3360K(21504K)
[2756.343s][info ][gc,heap        ] GC(57) ParOldGen: 295796K(295936K)->297364K(297472K)
[2756.343s][info ][gc,metaspace   ] GC(57) Metaspace: 106630K(107968K)->106630K(107968K) NonClass: 90520K(91264K)->90520K(91264K) Class: 16110K(16704K)->16110K(16704K)
[2756.343s][info ][gc             ] GC(57) Pause Young (Allocation Failure) 2296M->293M(2316M) 3.977ms
[2756.343s][info ][gc,cpu         ] GC(57) User=0.01s Sys=0.00s Real=0.00s
[2756.343s][info ][safepoint      ] Safepoint "ParallelGCFailedAllocation", Time since last: 42463466601 ns, Reaching safepoint: 7401 ns, Cleanup: 4900 ns, At safepoint: 4062240 ns, Total: 4074541 ns
[2763.893s][info ][safepoint      ] Safepoint "Cleanup", Time since last: 7549981346 ns, Reaching safepoint: 7200 ns, Cleanup: 9301 ns, At safepoint: 27501 ns, Total: 44002 ns
[2774.894s][info ][safepoint      ] Safepoint "Cleanup", Time since last: 11000845214 ns, Reaching safepoint: 7501 ns, Cleanup: 10401 ns, At safepoint: 2600 ns, Total: 20502 ns
[2779.894s][info ][safepoint      ] Safepoint "Cleanup", Time since last: 5000435525 ns, Reaching safepoint: 5800 ns, Cleanup: 9501 ns, At safepoint: 2400 ns, Total: 17701 ns
[2819.898s][info ][safepoint      ] Safepoint "Cleanup", Time since last: 40003170482 ns, Reaching safepoint: 6300 ns, Cleanup: 7401 ns, At safepoint: 2600 ns, Total: 16301 ns
[2824.911s][info ][safepoint      ] Safepoint "Cleanup", Time since last: 5013712782 ns, Reaching safepoint: 8201 ns, Cleanup: 14800 ns, At safepoint: 34203 ns, Total: 57204 ns
[2825.577s][info ][gc,start       ] GC(58) Pause Young (Allocation Failure)
[2825.580s][debug][gc,phases      ] GC(58) Scavenge 2.987ms
[2825.580s][debug][gc,ref         ] GC(58) ReferenceProcessor::execute queues: 1, RefProcThreadModel::Single, marks_oops_alive: false
[2825.580s][debug][gc,ref         ] GC(58) Skipped KeepAliveFinalRefsPhase of Reference Processing: no references
[2825.580s][debug][gc,ref         ] GC(58) Skipped PhantomRefsPhase of Reference Processing: no references
[2825.580s][debug][gc,phases      ] GC(58) Reference Processing 0.116ms
[2825.581s][debug][gc,phases      ] GC(58)   VM Weak                        Min:  0.0, Avg:  0.0, Max:  0.0, Diff:  0.0, Sum:  0.0, Workers: 4
[2825.581s][debug][gc,phases      ] GC(58)     Dead                           Min: 0, Avg:  0.0, Max: 0, Diff: 0, Sum: 0, Workers: 4
[2825.581s][debug][gc,phases      ] GC(58)     Total                          Min: 0, Avg: 256.2, Max: 640, Diff: 640, Sum: 1025, Workers: 4
[2825.581s][debug][gc,phases      ] GC(58)   ObjectSynchronizer Weak        Min:  0.0, Avg:  0.0, Max:  0.0, Diff:  0.0, Sum:  0.0, Workers: 4
[2825.581s][debug][gc,phases      ] GC(58)     Dead                           Min: 0, Avg:  0.0, Max: 0, Diff: 0, Sum: 0, Workers: 4
[2825.581s][debug][gc,phases      ] GC(58)     Total                          Min: 0, Avg:  0.8, Max: 3, Diff: 3, Sum: 3, Workers: 4
[2825.581s][debug][gc,phases      ] GC(58)   JVMTI Tag Weak OopStorage      Min:  0.0, Avg:  0.0, Max:  0.0, Diff:  0.0, Sum:  0.0, Workers: 4
[2825.581s][debug][gc,phases      ] GC(58)     Dead                           Min: 0, Avg:  0.0, Max: 0, Diff: 0, Sum: 0, Workers: 4
[2825.581s][debug][gc,phases      ] GC(58)     Total                          Min: 0, Avg:  0.0, Max: 0, Diff: 0, Sum: 0, Workers: 4
[2825.581s][debug][gc,phases      ] GC(58)   StringTable Weak               Min:  0.0, Avg:  0.1, Max:  0.1, Diff:  0.1, Sum:  0.4, Workers: 4
[2825.581s][debug][gc,phases      ] GC(58)     Dead                           Min: 0, Avg:  0.0, Max: 0, Diff: 0, Sum: 0, Workers: 4
[2825.581s][debug][gc,phases      ] GC(58)     Total                          Min: 0, Avg: 11635.0, Max: 15820, Diff: 15820, Sum: 46540, Workers: 4
[2825.581s][debug][gc,phases      ] GC(58)   ResolvedMethodTable Weak       Min:  0.0, Avg:  0.0, Max:  0.1, Diff:  0.1, Sum:  0.2, Workers: 4
[2825.581s][debug][gc,phases      ] GC(58)     Dead                           Min: 0, Avg:  4.0, Max: 10, Diff: 10, Sum: 16, Workers: 4
[2825.581s][debug][gc,phases      ] GC(58)     Total                          Min: 0, Avg: 3850.8, Max: 5436, Diff: 5436, Sum: 15403, Workers: 4
[2825.581s][debug][gc,phases      ] GC(58)   JNI Weak                       Min:  0.0, Avg:  0.0, Max:  0.0, Diff:  0.0, Sum:  0.0, Workers: 4
[2825.581s][debug][gc,phases      ] GC(58)     Dead                           Min: 0, Avg:  0.0, Max: 0, Diff: 0, Sum: 0, Workers: 4
[2825.581s][debug][gc,phases      ] GC(58)     Total                          Min: 0, Avg: 13.0, Max: 52, Diff: 52, Sum: 52, Workers: 4
[2825.581s][debug][gc,phases      ] GC(58)   StringDedup Table Weak         Min:  0.0, Avg:  0.0, Max:  0.0, Diff:  0.0, Sum:  0.0, Workers: 4
[2825.581s][debug][gc,phases      ] GC(58)     Dead                           Min: 0, Avg:  0.0, Max: 0, Diff: 0, Sum: 0, Workers: 4
[2825.581s][debug][gc,phases      ] GC(58)     Total                          Min: 0, Avg:  0.0, Max: 0, Diff: 0, Sum: 0, Workers: 4
[2825.581s][debug][gc,phases      ] GC(58)   StringDedup Requests0 Weak     Min:  0.0, Avg:  0.0, Max:  0.0, Diff:  0.0, Sum:  0.0, Workers: 4
[2825.581s][debug][gc,phases      ] GC(58)     Dead                           Min: 0, Avg:  0.0, Max: 0, Diff: 0, Sum: 0, Workers: 4
[2825.581s][debug][gc,phases      ] GC(58)     Total                          Min: 0, Avg:  0.0, Max: 0, Diff: 0, Sum: 0, Workers: 4
[2825.581s][debug][gc,phases      ] GC(58)   StringDedup Requests1 Weak     Min:  0.0, Avg:  0.0, Max:  0.0, Diff:  0.0, Sum:  0.0, Workers: 4
[2825.581s][debug][gc,phases      ] GC(58)     Dead                           Min: 0, Avg:  0.0, Max: 0, Diff: 0, Sum: 0, Workers: 4
[2825.581s][debug][gc,phases      ] GC(58)     Total                          Min: 0, Avg:  0.0, Max: 0, Diff: 0, Sum: 0, Workers: 4
[2825.581s][debug][gc,phases      ] GC(58)   Weak JFR Old Object Samples    Min:  0.0, Avg:  0.0, Max:  0.0, Diff:  0.0, Sum:  0.0, Workers: 4
[2825.581s][debug][gc,phases      ] GC(58)     Dead                           Min: 0, Avg:  0.0, Max: 0, Diff: 0, Sum: 0, Workers: 4
[2825.581s][debug][gc,phases      ] GC(58)     Total                          Min: 0, Avg:  0.0, Max: 0, Diff: 0, Sum: 0, Workers: 4
[2825.581s][debug][gc,phases      ] GC(58) Weak Processing 0.462ms
[2825.581s][debug][gc,age         ] GC(58) Desired survivor size 19398656 bytes, new threshold 1 (max threshold 15)
[2825.581s][info ][gc,heap        ] GC(58) PSYoungGen: 2055968K(2074112K)->3056K(2078208K) Eden: 2052608K(2052608K)->0K(2058240K) From: 3360K(21504K)->3056K(19968K)
[2825.581s][info ][gc,heap        ] GC(58) ParOldGen: 297364K(297472K)->297864K(297984K)
[2825.581s][info ][gc,metaspace   ] GC(58) Metaspace: 106634K(107968K)->106634K(107968K) NonClass: 90524K(91264K)->90524K(91264K) Class: 16110K(16704K)->16110K(16704K)
[2825.581s][info ][gc             ] GC(58) Pause Young (Allocation Failure) 2298M->293M(2320M) 3.693ms
[2825.581s][info ][gc,cpu         ] GC(58) User=0.01s Sys=0.01s Real=0.01s
[2825.581s][info ][safepoint      ] Safepoint "ParallelGCFailedAllocation", Time since last: 665876682 ns, Reaching safepoint: 6100 ns, Cleanup: 4000 ns, At safepoint: 3772926 ns, Total: 3783026 ns
[2855.583s][info ][safepoint      ] Safepoint "Cleanup", Time since last: 30002075895 ns, Reaching safepoint: 8701 ns, Cleanup: 12201 ns, At safepoint: 29201 ns, Total: 50103 ns
[2860.584s][info ][safepoint      ] Safepoint "Cleanup", Time since last: 5000434021 ns, Reaching safepoint: 9601 ns, Cleanup: 21501 ns, At safepoint: 3100 ns, Total: 34202 ns
[2861.584s][info ][safepoint      ] Safepoint "Cleanup", Time since last: 1000144644 ns, Reaching safepoint: 8101 ns, Cleanup: 15201 ns, At safepoint: 2800 ns, Total: 26102 ns
[2862.584s][info ][safepoint      ] Safepoint "Cleanup", Time since last: 1000110442 ns, Reaching safepoint: 8400 ns, Cleanup: 20201 ns, At safepoint: 2601 ns, Total: 31202 ns
[2863.584s][info ][safepoint      ] Safepoint "Cleanup", Time since last: 1000109742 ns, Reaching safepoint: 79604 ns, Cleanup: 12101 ns, At safepoint: 5000 ns, Total: 96705 ns
[2867.585s][info ][safepoint      ] Safepoint "Cleanup", Time since last: 4000325971 ns, Reaching safepoint: 81305 ns, Cleanup: 11001 ns, At safepoint: 9900 ns, Total: 102206 ns
[2871.585s][info ][safepoint      ] Safepoint "Cleanup", Time since last: 4000326604 ns, Reaching safepoint: 81405 ns, Cleanup: 23002 ns, At safepoint: 6800 ns, Total: 111207 ns
[2888.932s][info ][safepoint      ] Safepoint "Cleanup", Time since last: 17347161267 ns, Reaching safepoint: 84305 ns, Cleanup: 10400 ns, At safepoint: 7701 ns, Total: 102406 ns
[2895.537s][info ][gc,start       ] GC(59) Pause Young (Allocation Failure)
[2895.540s][debug][gc,phases      ] GC(59) Scavenge 2.807ms
[2895.540s][debug][gc,ref         ] GC(59) ReferenceProcessor::execute queues: 1, RefProcThreadModel::Single, marks_oops_alive: false
[2895.540s][debug][gc,ref         ] GC(59) Skipped KeepAliveFinalRefsPhase of Reference Processing: no references
[2895.540s][debug][gc,ref         ] GC(59) ReferenceProcessor::execute queues: 1, RefProcThreadModel::Single, marks_oops_alive: false
[2895.540s][debug][gc,phases      ] GC(59) Reference Processing 0.117ms
[2895.540s][debug][gc,phases      ] GC(59)   VM Weak                        Min:  0.0, Avg:  0.0, Max:  0.0, Diff:  0.0, Sum:  0.0, Workers: 4
[2895.540s][debug][gc,phases      ] GC(59)     Dead                           Min: 0, Avg:  0.0, Max: 0, Diff: 0, Sum: 0, Workers: 4
[2895.540s][debug][gc,phases      ] GC(59)     Total                          Min: 0, Avg: 256.2, Max: 577, Diff: 577, Sum: 1025, Workers: 4
[2895.540s][debug][gc,phases      ] GC(59)   ObjectSynchronizer Weak        Min:  0.0, Avg:  0.0, Max:  0.0, Diff:  0.0, Sum:  0.0, Workers: 4
[2895.540s][debug][gc,phases      ] GC(59)     Dead                           Min: 0, Avg:  0.0, Max: 0, Diff: 0, Sum: 0, Workers: 4
[2895.540s][debug][gc,phases      ] GC(59)     Total                          Min: 0, Avg:  1.0, Max: 4, Diff: 4, Sum: 4, Workers: 4
[2895.540s][debug][gc,phases      ] GC(59)   JVMTI Tag Weak OopStorage      Min:  0.0, Avg:  0.0, Max:  0.0, Diff:  0.0, Sum:  0.0, Workers: 4
[2895.540s][debug][gc,phases      ] GC(59)     Dead                           Min: 0, Avg:  0.0, Max: 0, Diff: 0, Sum: 0, Workers: 4
[2895.540s][debug][gc,phases      ] GC(59)     Total                          Min: 0, Avg:  0.0, Max: 0, Diff: 0, Sum: 0, Workers: 4
[2895.540s][debug][gc,phases      ] GC(59)   StringTable Weak               Min:  0.0, Avg:  0.1, Max:  0.2, Diff:  0.2, Sum:  0.5, Workers: 4
[2895.540s][debug][gc,phases      ] GC(59)     Dead                           Min: 0, Avg:  0.0, Max: 0, Diff: 0, Sum: 0, Workers: 4
[2895.540s][debug][gc,phases      ] GC(59)     Total                          Min: 0, Avg: 11635.2, Max: 16192, Diff: 16192, Sum: 46541, Workers: 4
[2895.540s][debug][gc,phases      ] GC(59)   ResolvedMethodTable Weak       Min:  0.0, Avg:  0.0, Max:  0.1, Diff:  0.1, Sum:  0.2, Workers: 4
[2895.540s][debug][gc,phases      ] GC(59)     Dead                           Min: 0, Avg:  4.0, Max: 11, Diff: 11, Sum: 16, Workers: 4
[2895.540s][debug][gc,phases      ] GC(59)     Total                          Min: 0, Avg: 3850.8, Max: 5454, Diff: 5454, Sum: 15403, Workers: 4
[2895.540s][debug][gc,phases      ] GC(59)   JNI Weak                       Min:  0.0, Avg:  0.0, Max:  0.0, Diff:  0.0, Sum:  0.0, Workers: 4
[2895.540s][debug][gc,phases      ] GC(59)     Dead                           Min: 0, Avg:  0.0, Max: 0, Diff: 0, Sum: 0, Workers: 4
[2895.540s][debug][gc,phases      ] GC(59)     Total                          Min: 0, Avg: 13.0, Max: 52, Diff: 52, Sum: 52, Workers: 4
[2895.540s][debug][gc,phases      ] GC(59)   StringDedup Table Weak         Min:  0.0, Avg:  0.0, Max:  0.0, Diff:  0.0, Sum:  0.0, Workers: 4
[2895.540s][debug][gc,phases      ] GC(59)     Dead                           Min: 0, Avg:  0.0, Max: 0, Diff: 0, Sum: 0, Workers: 4
[2895.540s][debug][gc,phases      ] GC(59)     Total                          Min: 0, Avg:  0.0, Max: 0, Diff: 0, Sum: 0, Workers: 4
[2895.540s][debug][gc,phases      ] GC(59)   StringDedup Requests0 Weak     Min:  0.0, Avg:  0.0, Max:  0.0, Diff:  0.0, Sum:  0.0, Workers: 4
[2895.540s][debug][gc,phases      ] GC(59)     Dead                           Min: 0, Avg:  0.0, Max: 0, Diff: 0, Sum: 0, Workers: 4
[2895.540s][debug][gc,phases      ] GC(59)     Total                          Min: 0, Avg:  0.0, Max: 0, Diff: 0, Sum: 0, Workers: 4
[2895.540s][debug][gc,phases      ] GC(59)   StringDedup Requests1 Weak     Min:  0.0, Avg:  0.0, Max:  0.0, Diff:  0.0, Sum:  0.0, Workers: 4
[2895.540s][debug][gc,phases      ] GC(59)     Dead                           Min: 0, Avg:  0.0, Max: 0, Diff: 0, Sum: 0, Workers: 4
[2895.540s][debug][gc,phases      ] GC(59)     Total                          Min: 0, Avg:  0.0, Max: 0, Diff: 0, Sum: 0, Workers: 4
[2895.540s][debug][gc,phases      ] GC(59)   Weak JFR Old Object Samples    Min:  0.0, Avg:  0.0, Max:  0.0, Diff:  0.0, Sum:  0.0, Workers: 4
[2895.540s][debug][gc,phases      ] GC(59)     Dead                           Min: 0, Avg:  0.0, Max: 0, Diff: 0, Sum: 0, Workers: 4
[2895.540s][debug][gc,phases      ] GC(59)     Total                          Min: 0, Avg:  0.0, Max: 0, Diff: 0, Sum: 0, Workers: 4
[2895.540s][debug][gc,phases      ] GC(59) Weak Processing 0.459ms
[2895.540s][debug][gc,age         ] GC(59) Desired survivor size 18350080 bytes, new threshold 1 (max threshold 15)
[2895.540s][info ][gc,heap        ] GC(59) PSYoungGen: 2061296K(2078208K)->3152K(2077184K) Eden: 2058240K(2058240K)->0K(2058240K) From: 3056K(19968K)->3152K(18944K)
[2895.540s][info ][gc,heap        ] GC(59) ParOldGen: 297864K(297984K)->298716K(299008K)
[2895.540s][info ][gc,metaspace   ] GC(59) Metaspace: 106641K(107968K)->106641K(107968K) NonClass: 90531K(91264K)->90531K(91264K) Class: 16110K(16704K)->16110K(16704K)
[2895.540s][info ][gc             ] GC(59) Pause Young (Allocation Failure) 2303M->294M(2320M) 3.520ms
[2895.540s][info ][gc,cpu         ] GC(59) User=0.01s Sys=0.00s Real=0.01s
[2895.540s][info ][safepoint      ] Safepoint "ParallelGCFailedAllocation", Time since last: 6604332221 ns, Reaching safepoint: 83605 ns, Cleanup: 4801 ns, At safepoint: 3628016 ns, Total: 3716422 ns
[2900.541s][info ][safepoint      ] Safepoint "Cleanup", Time since last: 5000446978 ns, Reaching safepoint: 85205 ns, Cleanup: 11101 ns, At safepoint: 6300 ns, Total: 102606 ns
[2902.541s][info ][safepoint      ] Safepoint "Cleanup", Time since last: 2000211554 ns, Reaching safepoint: 79805 ns, Cleanup: 10401 ns, At safepoint: 16601 ns, Total: 106807 ns
[2909.542s][info ][safepoint      ] Safepoint "Cleanup", Time since last: 7000566882 ns, Reaching safepoint: 7500 ns, Cleanup: 10601 ns, At safepoint: 2500 ns, Total: 20601 ns
[2921.543s][info ][safepoint      ] Safepoint "Cleanup", Time since last: 12000922194 ns, Reaching safepoint: 5301 ns, Cleanup: 10700 ns, At safepoint: 2500 ns, Total: 18501 ns
[2926.543s][info ][safepoint      ] Safepoint "Cleanup", Time since last: 5000408467 ns, Reaching safepoint: 6801 ns, Cleanup: 11200 ns, At safepoint: 2500 ns, Total: 20501 ns
[2928.543s][info ][safepoint      ] Safepoint "Cleanup", Time since last: 2000201975 ns, Reaching safepoint: 6800 ns, Cleanup: 11001 ns, At safepoint: 3000 ns, Total: 20801 ns
[2942.950s][info ][safepoint      ] Safepoint "Cleanup", Time since last: 14406831327 ns, Reaching safepoint: 6701 ns, Cleanup: 10200 ns, At safepoint: 2700 ns, Total: 19601 ns
[2953.951s][info ][safepoint      ] Safepoint "Cleanup", Time since last: 11000892548 ns, Reaching safepoint: 7801 ns, Cleanup: 11500 ns, At safepoint: 2701 ns, Total: 22002 ns
[2956.951s][info ][safepoint      ] Safepoint "Cleanup", Time since last: 3000272072 ns, Reaching safepoint: 6200 ns, Cleanup: 12101 ns, At safepoint: 2300 ns, Total: 20601 ns
[2962.232s][info ][gc,start       ] GC(60) Pause Young (Allocation Failure)
[2962.235s][debug][gc,phases      ] GC(60) Scavenge 3.282ms
[2962.235s][debug][gc,ref         ] GC(60) ReferenceProcessor::execute queues: 1, RefProcThreadModel::Single, marks_oops_alive: false
[2962.235s][debug][gc,ref         ] GC(60) Skipped KeepAliveFinalRefsPhase of Reference Processing: no references
[2962.235s][debug][gc,ref         ] GC(60) ReferenceProcessor::execute queues: 1, RefProcThreadModel::Single, marks_oops_alive: false
[2962.236s][debug][gc,phases      ] GC(60) Reference Processing 0.119ms
[2962.236s][debug][gc,phases      ] GC(60)   VM Weak                        Min:  0.0, Avg:  0.0, Max:  0.0, Diff:  0.0, Sum:  0.0, Workers: 4
[2962.236s][debug][gc,phases      ] GC(60)     Dead                           Min: 0, Avg:  0.0, Max: 0, Diff: 0, Sum: 0, Workers: 4
[2962.236s][debug][gc,phases      ] GC(60)     Total                          Min: 0, Avg: 256.2, Max: 768, Diff: 768, Sum: 1025, Workers: 4
[2962.236s][debug][gc,phases      ] GC(60)   ObjectSynchronizer Weak        Min:  0.0, Avg:  0.0, Max:  0.0, Diff:  0.0, Sum:  0.0, Workers: 4
[2962.236s][debug][gc,phases      ] GC(60)     Dead                           Min: 0, Avg:  0.0, Max: 0, Diff: 0, Sum: 0, Workers: 4
[2962.236s][debug][gc,phases      ] GC(60)     Total                          Min: 0, Avg:  0.8, Max: 3, Diff: 3, Sum: 3, Workers: 4
[2962.236s][debug][gc,phases      ] GC(60)   JVMTI Tag Weak OopStorage      Min:  0.0, Avg:  0.0, Max:  0.0, Diff:  0.0, Sum:  0.0, Workers: 4
[2962.236s][debug][gc,phases      ] GC(60)     Dead                           Min: 0, Avg:  0.0, Max: 0, Diff: 0, Sum: 0, Workers: 4
[2962.236s][debug][gc,phases      ] GC(60)     Total                          Min: 0, Avg:  0.0, Max: 0, Diff: 0, Sum: 0, Workers: 4
[2962.236s][debug][gc,phases      ] GC(60)   StringTable Weak               Min:  0.0, Avg:  0.1, Max:  0.1, Diff:  0.1, Sum:  0.4, Workers: 4
[2962.236s][debug][gc,phases      ] GC(60)     Dead                           Min: 0, Avg:  0.0, Max: 0, Diff: 0, Sum: 0, Workers: 4
[2962.236s][debug][gc,phases      ] GC(60)     Total                          Min: 0, Avg: 11635.2, Max: 16576, Diff: 16576, Sum: 46541, Workers: 4
[2962.236s][debug][gc,phases      ] GC(60)   ResolvedMethodTable Weak       Min:  0.0, Avg:  0.0, Max:  0.1, Diff:  0.1, Sum:  0.2, Workers: 4
[2962.236s][debug][gc,phases      ] GC(60)     Dead                           Min: 0, Avg:  4.0, Max: 10, Diff: 10, Sum: 16, Workers: 4
[2962.236s][debug][gc,phases      ] GC(60)     Total                          Min: 0, Avg: 3850.8, Max: 5730, Diff: 5730, Sum: 15403, Workers: 4
[2962.236s][debug][gc,phases      ] GC(60)   JNI Weak                       Min:  0.0, Avg:  0.0, Max:  0.0, Diff:  0.0, Sum:  0.0, Workers: 4
[2962.236s][debug][gc,phases      ] GC(60)     Dead                           Min: 0, Avg:  0.0, Max: 0, Diff: 0, Sum: 0, Workers: 4
[2962.236s][debug][gc,phases      ] GC(60)     Total                          Min: 0, Avg: 13.0, Max: 52, Diff: 52, Sum: 52, Workers: 4
[2962.236s][debug][gc,phases      ] GC(60)   StringDedup Table Weak         Min:  0.0, Avg:  0.0, Max:  0.0, Diff:  0.0, Sum:  0.0, Workers: 4
[2962.236s][debug][gc,phases      ] GC(60)     Dead                           Min: 0, Avg:  0.0, Max: 0, Diff: 0, Sum: 0, Workers: 4
[2962.236s][debug][gc,phases      ] GC(60)     Total                          Min: 0, Avg:  0.0, Max: 0, Diff: 0, Sum: 0, Workers: 4
[2962.236s][debug][gc,phases      ] GC(60)   StringDedup Requests0 Weak     Min:  0.0, Avg:  0.0, Max:  0.0, Diff:  0.0, Sum:  0.0, Workers: 4
[2962.236s][debug][gc,phases      ] GC(60)     Dead                           Min: 0, Avg:  0.0, Max: 0, Diff: 0, Sum: 0, Workers: 4
[2962.236s][debug][gc,phases      ] GC(60)     Total                          Min: 0, Avg:  0.0, Max: 0, Diff: 0, Sum: 0, Workers: 4
[2962.236s][debug][gc,phases      ] GC(60)   StringDedup Requests1 Weak     Min:  0.0, Avg:  0.0, Max:  0.0, Diff:  0.0, Sum:  0.0, Workers: 4
[2962.236s][debug][gc,phases      ] GC(60)     Dead                           Min: 0, Avg:  0.0, Max: 0, Diff: 0, Sum: 0, Workers: 4
[2962.236s][debug][gc,phases      ] GC(60)     Total                          Min: 0, Avg:  0.0, Max: 0, Diff: 0, Sum: 0, Workers: 4
[2962.236s][debug][gc,phases      ] GC(60)   Weak JFR Old Object Samples    Min:  0.0, Avg:  0.0, Max:  0.0, Diff:  0.0, Sum:  0.0, Workers: 4
[2962.236s][debug][gc,phases      ] GC(60)     Dead                           Min: 0, Avg:  0.0, Max: 0, Diff: 0, Sum: 0, Workers: 4
[2962.236s][debug][gc,phases      ] GC(60)     Total                          Min: 0, Avg:  0.0, Max: 0, Diff: 0, Sum: 0, Workers: 4
[2962.236s][debug][gc,phases      ] GC(60) Weak Processing 0.458ms
[2962.236s][debug][gc,age         ] GC(60) Desired survivor size 16777216 bytes, new threshold 1 (max threshold 15)
[2962.236s][info ][gc,heap        ] GC(60) PSYoungGen: 2061392K(2077184K)->3852K(2080768K) Eden: 2058240K(2058240K)->0K(2062848K) From: 3152K(18944K)->3852K(17920K)
[2962.236s][info ][gc,heap        ] GC(60) ParOldGen: 298716K(299008K)->299400K(299520K)
[2962.236s][info ][gc,metaspace   ] GC(60) Metaspace: 106647K(107968K)->106647K(107968K) NonClass: 90537K(91264K)->90537K(91264K) Class: 16110K(16704K)->16110K(16704K)
[2962.236s][info ][gc             ] GC(60) Pause Young (Allocation Failure) 2304M->296M(2324M) 4.008ms
[2962.236s][info ][gc,cpu         ] GC(60) User=0.01s Sys=0.00s Real=0.00s
[2962.236s][info ][safepoint      ] Safepoint "ParallelGCFailedAllocation", Time since last: 5280544245 ns, Reaching safepoint: 5600 ns, Cleanup: 9601 ns, At safepoint: 4085744 ns, Total: 4100945 ns
[2981.238s][info ][safepoint      ] Safepoint "Cleanup", Time since last: 19001547763 ns, Reaching safepoint: 83805 ns, Cleanup: 11701 ns, At safepoint: 9600 ns, Total: 105106 ns
[2998.239s][info ][safepoint      ] Safepoint "Cleanup", Time since last: 17001421268 ns, Reaching safepoint: 82105 ns, Cleanup: 10201 ns, At safepoint: 13401 ns, Total: 105707 ns
[3013.970s][info ][safepoint      ] Safepoint "Cleanup", Time since last: 15730587871 ns, Reaching safepoint: 11600 ns, Cleanup: 25502 ns, At safepoint: 6800 ns, Total: 43902 ns
[3032.191s][info ][gc,start       ] GC(61) Pause Young (Allocation Failure)
[3032.194s][debug][gc,phases      ] GC(61) Scavenge 3.144ms
[3032.194s][debug][gc,ref         ] GC(61) ReferenceProcessor::execute queues: 1, RefProcThreadModel::Single, marks_oops_alive: false
[3032.194s][debug][gc,ref         ] GC(61) Skipped KeepAliveFinalRefsPhase of Reference Processing: no references
[3032.194s][debug][gc,ref         ] GC(61) ReferenceProcessor::execute queues: 1, RefProcThreadModel::Single, marks_oops_alive: false
[3032.194s][debug][gc,phases      ] GC(61) Reference Processing 0.116ms
[3032.195s][debug][gc,phases      ] GC(61)   VM Weak                        Min:  0.0, Avg:  0.0, Max:  0.0, Diff:  0.0, Sum:  0.0, Workers: 4
[3032.195s][debug][gc,phases      ] GC(61)     Dead                           Min: 0, Avg:  0.0, Max: 0, Diff: 0, Sum: 0, Workers: 4
[3032.195s][debug][gc,phases      ] GC(61)     Total                          Min: 0, Avg: 256.2, Max: 833, Diff: 833, Sum: 1025, Workers: 4
[3032.195s][debug][gc,phases      ] GC(61)   ObjectSynchronizer Weak        Min:  0.0, Avg:  0.0, Max:  0.0, Diff:  0.0, Sum:  0.0, Workers: 4
[3032.195s][debug][gc,phases      ] GC(61)     Dead                           Min: 0, Avg:  0.0, Max: 0, Diff: 0, Sum: 0, Workers: 4
[3032.195s][debug][gc,phases      ] GC(61)     Total                          Min: 0, Avg:  0.8, Max: 3, Diff: 3, Sum: 3, Workers: 4
[3032.195s][debug][gc,phases      ] GC(61)   JVMTI Tag Weak OopStorage      Min:  0.0, Avg:  0.0, Max:  0.0, Diff:  0.0, Sum:  0.0, Workers: 4
[3032.195s][debug][gc,phases      ] GC(61)     Dead                           Min: 0, Avg:  0.0, Max: 0, Diff: 0, Sum: 0, Workers: 4
[3032.195s][debug][gc,phases      ] GC(61)     Total                          Min: 0, Avg:  0.0, Max: 0, Diff: 0, Sum: 0, Workers: 4
[3032.195s][debug][gc,phases      ] GC(61)   StringTable Weak               Min:  0.0, Avg:  0.1, Max:  0.1, Diff:  0.1, Sum:  0.4, Workers: 4
[3032.195s][debug][gc,phases      ] GC(61)     Dead                           Min: 0, Avg:  0.0, Max: 0, Diff: 0, Sum: 0, Workers: 4
[3032.195s][debug][gc,phases      ] GC(61)     Total                          Min: 0, Avg: 11635.5, Max: 15808, Diff: 15808, Sum: 46542, Workers: 4
[3032.195s][debug][gc,phases      ] GC(61)   ResolvedMethodTable Weak       Min:  0.0, Avg:  0.0, Max:  0.1, Diff:  0.1, Sum:  0.2, Workers: 4
[3032.195s][debug][gc,phases      ] GC(61)     Dead                           Min: 0, Avg:  4.0, Max: 15, Diff: 15, Sum: 16, Workers: 4
[3032.195s][debug][gc,phases      ] GC(61)     Total                          Min: 0, Avg: 3850.8, Max: 5713, Diff: 5713, Sum: 15403, Workers: 4
[3032.195s][debug][gc,phases      ] GC(61)   JNI Weak                       Min:  0.0, Avg:  0.0, Max:  0.0, Diff:  0.0, Sum:  0.0, Workers: 4
[3032.195s][debug][gc,phases      ] GC(61)     Dead                           Min: 0, Avg:  0.0, Max: 0, Diff: 0, Sum: 0, Workers: 4
[3032.195s][debug][gc,phases      ] GC(61)     Total                          Min: 0, Avg: 13.0, Max: 52, Diff: 52, Sum: 52, Workers: 4
[3032.195s][debug][gc,phases      ] GC(61)   StringDedup Table Weak         Min:  0.0, Avg:  0.0, Max:  0.0, Diff:  0.0, Sum:  0.0, Workers: 4
[3032.195s][debug][gc,phases      ] GC(61)     Dead                           Min: 0, Avg:  0.0, Max: 0, Diff: 0, Sum: 0, Workers: 4
[3032.195s][debug][gc,phases      ] GC(61)     Total                          Min: 0, Avg:  0.0, Max: 0, Diff: 0, Sum: 0, Workers: 4
[3032.195s][debug][gc,phases      ] GC(61)   StringDedup Requests0 Weak     Min:  0.0, Avg:  0.0, Max:  0.0, Diff:  0.0, Sum:  0.0, Workers: 4
[3032.195s][debug][gc,phases      ] GC(61)     Dead                           Min: 0, Avg:  0.0, Max: 0, Diff: 0, Sum: 0, Workers: 4
[3032.195s][debug][gc,phases      ] GC(61)     Total                          Min: 0, Avg:  0.0, Max: 0, Diff: 0, Sum: 0, Workers: 4
[3032.195s][debug][gc,phases      ] GC(61)   StringDedup Requests1 Weak     Min:  0.0, Avg:  0.0, Max:  0.0, Diff:  0.0, Sum:  0.0, Workers: 4
[3032.195s][debug][gc,phases      ] GC(61)     Dead                           Min: 0, Avg:  0.0, Max: 0, Diff: 0, Sum: 0, Workers: 4
[3032.195s][debug][gc,phases      ] GC(61)     Total                          Min: 0, Avg:  0.0, Max: 0, Diff: 0, Sum: 0, Workers: 4
[3032.195s][debug][gc,phases      ] GC(61)   Weak JFR Old Object Samples    Min:  0.0, Avg:  0.0, Max:  0.0, Diff:  0.0, Sum:  0.0, Workers: 4
[3032.195s][debug][gc,phases      ] GC(61)     Dead                           Min: 0, Avg:  0.0, Max: 0, Diff: 0, Sum: 0, Workers: 4
[3032.195s][debug][gc,phases      ] GC(61)     Total                          Min: 0, Avg:  0.0, Max: 0, Diff: 0, Sum: 0, Workers: 4
[3032.195s][debug][gc,phases      ] GC(61) Weak Processing 0.444ms
[3032.195s][debug][gc,age         ] GC(61) Desired survivor size 15728640 bytes, new threshold 1 (max threshold 15)
[3032.195s][info ][gc,heap        ] GC(61) PSYoungGen: 2066700K(2080768K)->3288K(2079232K) Eden: 2062848K(2062848K)->0K(2062848K) From: 3852K(17920K)->3288K(16384K)
[3032.195s][info ][gc,heap        ] GC(61) ParOldGen: 299400K(299520K)->300656K(301056K)
[3032.195s][info ][gc,metaspace   ] GC(61) Metaspace: 106656K(107968K)->106656K(107968K) NonClass: 90545K(91264K)->90545K(91264K) Class: 16110K(16704K)->16110K(16704K)
[3032.195s][info ][gc             ] GC(61) Pause Young (Allocation Failure) 2310M->296M(2324M) 3.856ms
[3032.195s][info ][gc,cpu         ] GC(61) User=0.00s Sys=0.01s Real=0.00s
[3032.195s][info ][safepoint      ] Safepoint "ParallelGCFailedAllocation", Time since last: 18221146798 ns, Reaching safepoint: 5801 ns, Cleanup: 4000 ns, At safepoint: 3932835 ns, Total: 3942636 ns
[3050.196s][info ][safepoint      ] Safepoint "Cleanup", Time since last: 18001460728 ns, Reaching safepoint: 7401 ns, Cleanup: 10300 ns, At safepoint: 8501 ns, Total: 26202 ns
[3065.987s][info ][safepoint      ] Safepoint "Cleanup", Time since last: 15790787462 ns, Reaching safepoint: 79404 ns, Cleanup: 9501 ns, At safepoint: 7100 ns, Total: 96005 ns
[3072.988s][info ][safepoint      ] Safepoint "Cleanup", Time since last: 7000565518 ns, Reaching safepoint: 79305 ns, Cleanup: 10101 ns, At safepoint: 11900 ns, Total: 101306 ns
[3075.988s][info ][safepoint      ] Safepoint "Cleanup", Time since last: 3000290753 ns, Reaching safepoint: 79905 ns, Cleanup: 10800 ns, At safepoint: 14001 ns, Total: 104706 ns
[3076.989s][info ][safepoint      ] Safepoint "Cleanup", Time since last: 1000126919 ns, Reaching safepoint: 78605 ns, Cleanup: 12701 ns, At safepoint: 14301 ns, Total: 105607 ns
[3085.990s][info ][safepoint      ] Safepoint "Cleanup", Time since last: 9000826012 ns, Reaching safepoint: 80105 ns, Cleanup: 12501 ns, At safepoint: 12401 ns, Total: 105007 ns
[3099.640s][info ][gc,start       ] GC(62) Pause Young (Allocation Failure)
[3099.645s][debug][gc,phases      ] GC(62) Scavenge 4.887ms
[3099.645s][debug][gc,ref         ] GC(62) ReferenceProcessor::execute queues: 1, RefProcThreadModel::Single, marks_oops_alive: false
[3099.645s][debug][gc,ref         ] GC(62) Skipped KeepAliveFinalRefsPhase of Reference Processing: no references
[3099.645s][debug][gc,ref         ] GC(62) ReferenceProcessor::execute queues: 1, RefProcThreadModel::Single, marks_oops_alive: false
[3099.645s][debug][gc,phases      ] GC(62) Reference Processing 0.118ms
[3099.645s][debug][gc,phases      ] GC(62)   VM Weak                        Min:  0.0, Avg:  0.0, Max:  0.0, Diff:  0.0, Sum:  0.0, Workers: 4
[3099.645s][debug][gc,phases      ] GC(62)     Dead                           Min: 0, Avg:  0.0, Max: 0, Diff: 0, Sum: 0, Workers: 4
[3099.645s][debug][gc,phases      ] GC(62)     Total                          Min: 0, Avg: 256.2, Max: 768, Diff: 768, Sum: 1025, Workers: 4
[3099.645s][debug][gc,phases      ] GC(62)   ObjectSynchronizer Weak        Min:  0.0, Avg:  0.0, Max:  0.0, Diff:  0.0, Sum:  0.0, Workers: 4
[3099.645s][debug][gc,phases      ] GC(62)     Dead                           Min: 0, Avg:  0.0, Max: 0, Diff: 0, Sum: 0, Workers: 4
[3099.645s][debug][gc,phases      ] GC(62)     Total                          Min: 0, Avg:  1.0, Max: 4, Diff: 4, Sum: 4, Workers: 4
[3099.645s][debug][gc,phases      ] GC(62)   JVMTI Tag Weak OopStorage      Min:  0.0, Avg:  0.0, Max:  0.0, Diff:  0.0, Sum:  0.0, Workers: 4
[3099.645s][debug][gc,phases      ] GC(62)     Dead                           Min: 0, Avg:  0.0, Max: 0, Diff: 0, Sum: 0, Workers: 4
[3099.645s][debug][gc,phases      ] GC(62)     Total                          Min: 0, Avg:  0.0, Max: 0, Diff: 0, Sum: 0, Workers: 4
[3099.645s][debug][gc,phases      ] GC(62)   StringTable Weak               Min:  0.0, Avg:  0.1, Max:  0.2, Diff:  0.2, Sum:  0.5, Workers: 4
[3099.645s][debug][gc,phases      ] GC(62)     Dead                           Min: 0, Avg:  0.0, Max: 0, Diff: 0, Sum: 0, Workers: 4
[3099.645s][debug][gc,phases      ] GC(62)     Total                          Min: 0, Avg: 11635.8, Max: 15759, Diff: 15759, Sum: 46543, Workers: 4
[3099.645s][debug][gc,phases      ] GC(62)   ResolvedMethodTable Weak       Min:  0.0, Avg:  0.0, Max:  0.1, Diff:  0.1, Sum:  0.2, Workers: 4
[3099.645s][debug][gc,phases      ] GC(62)     Dead                           Min: 0, Avg:  4.0, Max: 15, Diff: 15, Sum: 16, Workers: 4
[3099.645s][debug][gc,phases      ] GC(62)     Total                          Min: 0, Avg: 3850.8, Max: 5435, Diff: 5435, Sum: 15403, Workers: 4
[3099.645s][debug][gc,phases      ] GC(62)   JNI Weak                       Min:  0.0, Avg:  0.0, Max:  0.0, Diff:  0.0, Sum:  0.0, Workers: 4
[3099.645s][debug][gc,phases      ] GC(62)     Dead                           Min: 0, Avg:  0.0, Max: 0, Diff: 0, Sum: 0, Workers: 4
[3099.645s][debug][gc,phases      ] GC(62)     Total                          Min: 0, Avg: 13.0, Max: 52, Diff: 52, Sum: 52, Workers: 4
[3099.645s][debug][gc,phases      ] GC(62)   StringDedup Table Weak         Min:  0.0, Avg:  0.0, Max:  0.0, Diff:  0.0, Sum:  0.0, Workers: 4
[3099.645s][debug][gc,phases      ] GC(62)     Dead                           Min: 0, Avg:  0.0, Max: 0, Diff: 0, Sum: 0, Workers: 4
[3099.645s][debug][gc,phases      ] GC(62)     Total                          Min: 0, Avg:  0.0, Max: 0, Diff: 0, Sum: 0, Workers: 4
[3099.645s][debug][gc,phases      ] GC(62)   StringDedup Requests0 Weak     Min:  0.0, Avg:  0.0, Max:  0.0, Diff:  0.0, Sum:  0.0, Workers: 4
[3099.645s][debug][gc,phases      ] GC(62)     Dead                           Min: 0, Avg:  0.0, Max: 0, Diff: 0, Sum: 0, Workers: 4
[3099.645s][debug][gc,phases      ] GC(62)     Total                          Min: 0, Avg:  0.0, Max: 0, Diff: 0, Sum: 0, Workers: 4
[3099.645s][debug][gc,phases      ] GC(62)   StringDedup Requests1 Weak     Min:  0.0, Avg:  0.0, Max:  0.0, Diff:  0.0, Sum:  0.0, Workers: 4
[3099.645s][debug][gc,phases      ] GC(62)     Dead                           Min: 0, Avg:  0.0, Max: 0, Diff: 0, Sum: 0, Workers: 4
[3099.645s][debug][gc,phases      ] GC(62)     Total                          Min: 0, Avg:  0.0, Max: 0, Diff: 0, Sum: 0, Workers: 4
[3099.645s][debug][gc,phases      ] GC(62)   Weak JFR Old Object Samples    Min:  0.0, Avg:  0.0, Max:  0.0, Diff:  0.0, Sum:  0.0, Workers: 4
[3099.645s][debug][gc,phases      ] GC(62)     Dead                           Min: 0, Avg:  0.0, Max: 0, Diff: 0, Sum: 0, Workers: 4
[3099.645s][debug][gc,phases      ] GC(62)     Total                          Min: 0, Avg:  0.0, Max: 0, Diff: 0, Sum: 0, Workers: 4
[3099.645s][debug][gc,phases      ] GC(62) Weak Processing 0.458ms
[3099.645s][debug][gc,age         ] GC(62) Desired survivor size 15204352 bytes, new threshold 1 (max threshold 15)
[3099.645s][info ][gc,heap        ] GC(62) PSYoungGen: 2066136K(2079232K)->4848K(2082304K) Eden: 2062848K(2062848K)->0K(2066944K) From: 3288K(16384K)->4848K(15360K)
[3099.645s][info ][gc,heap        ] GC(62) ParOldGen: 300656K(301056K)->301284K(301568K)
[3099.645s][info ][gc,metaspace   ] GC(62) Metaspace: 106688K(108032K)->106688K(108032K) NonClass: 90578K(91328K)->90578K(91328K) Class: 16110K(16704K)->16110K(16704K)
[3099.645s][info ][gc             ] GC(62) Pause Young (Allocation Failure) 2311M->298M(2328M) 5.619ms
[3099.645s][info ][gc,cpu         ] GC(62) User=0.02s Sys=0.00s Real=0.00s
[3099.645s][info ][safepoint      ] Safepoint "ParallelGCFailedAllocation", Time since last: 13650007111 ns, Reaching safepoint: 82805 ns, Cleanup: 4501 ns, At safepoint: 5721941 ns, Total: 5809247 ns
[3132.006s][info ][safepoint      ] Safepoint "Cleanup", Time since last: 32360871762 ns, Reaching safepoint: 6200 ns, Cleanup: 16501 ns, At safepoint: 3200 ns, Total: 25901 ns
[3142.007s][info ][safepoint      ] Safepoint "Cleanup", Time since last: 10000867154 ns, Reaching safepoint: 6800 ns, Cleanup: 19901 ns, At safepoint: 8001 ns, Total: 34702 ns
[3151.008s][info ][safepoint      ] Safepoint "Cleanup", Time since last: 9000770163 ns, Reaching safepoint: 7900 ns, Cleanup: 13101 ns, At safepoint: 12001 ns, Total: 33002 ns
[3165.009s][info ][safepoint      ] Safepoint "Cleanup", Time since last: 14001150177 ns, Reaching safepoint: 9300 ns, Cleanup: 17501 ns, At safepoint: 2701 ns, Total: 29502 ns
[3167.655s][info ][gc,start       ] GC(63) Pause Young (Allocation Failure)
[3167.659s][debug][gc,phases      ] GC(63) Scavenge 3.885ms
[3167.659s][debug][gc,ref         ] GC(63) ReferenceProcessor::execute queues: 1, RefProcThreadModel::Single, marks_oops_alive: false
[3167.659s][debug][gc,ref         ] GC(63) Skipped KeepAliveFinalRefsPhase of Reference Processing: no references
[3167.659s][debug][gc,ref         ] GC(63) ReferenceProcessor::execute queues: 1, RefProcThreadModel::Single, marks_oops_alive: false
[3167.659s][debug][gc,phases      ] GC(63) Reference Processing 0.119ms
[3167.659s][debug][gc,phases      ] GC(63)   VM Weak                        Min:  0.0, Avg:  0.0, Max:  0.0, Diff:  0.0, Sum:  0.0, Workers: 4
[3167.659s][debug][gc,phases      ] GC(63)     Dead                           Min: 0, Avg:  0.0, Max: 0, Diff: 0, Sum: 0, Workers: 4
[3167.659s][debug][gc,phases      ] GC(63)     Total                          Min: 0, Avg: 256.2, Max: 769, Diff: 769, Sum: 1025, Workers: 4
[3167.659s][debug][gc,phases      ] GC(63)   ObjectSynchronizer Weak        Min:  0.0, Avg:  0.0, Max:  0.0, Diff:  0.0, Sum:  0.0, Workers: 4
[3167.659s][debug][gc,phases      ] GC(63)     Dead                           Min: 0, Avg:  0.0, Max: 0, Diff: 0, Sum: 0, Workers: 4
[3167.659s][debug][gc,phases      ] GC(63)     Total                          Min: 0, Avg:  1.0, Max: 4, Diff: 4, Sum: 4, Workers: 4
[3167.659s][debug][gc,phases      ] GC(63)   JVMTI Tag Weak OopStorage      Min:  0.0, Avg:  0.0, Max:  0.0, Diff:  0.0, Sum:  0.0, Workers: 4
[3167.659s][debug][gc,phases      ] GC(63)     Dead                           Min: 0, Avg:  0.0, Max: 0, Diff: 0, Sum: 0, Workers: 4
[3167.659s][debug][gc,phases      ] GC(63)     Total                          Min: 0, Avg:  0.0, Max: 0, Diff: 0, Sum: 0, Workers: 4
[3167.660s][debug][gc,phases      ] GC(63)   StringTable Weak               Min:  0.0, Avg:  0.1, Max:  0.2, Diff:  0.2, Sum:  0.5, Workers: 4
[3167.660s][debug][gc,phases      ] GC(63)     Dead                           Min: 0, Avg:  0.0, Max: 0, Diff: 0, Sum: 0, Workers: 4
[3167.660s][debug][gc,phases      ] GC(63)     Total                          Min: 0, Avg: 11636.0, Max: 15872, Diff: 15872, Sum: 46544, Workers: 4
[3167.660s][debug][gc,phases      ] GC(63)   ResolvedMethodTable Weak       Min:  0.0, Avg:  0.0, Max:  0.1, Diff:  0.1, Sum:  0.2, Workers: 4
[3167.660s][debug][gc,phases      ] GC(63)     Dead                           Min: 0, Avg:  4.0, Max: 16, Diff: 16, Sum: 16, Workers: 4
[3167.660s][debug][gc,phases      ] GC(63)     Total                          Min: 0, Avg: 3850.8, Max: 5470, Diff: 5470, Sum: 15403, Workers: 4
[3167.660s][debug][gc,phases      ] GC(63)   JNI Weak                       Min:  0.0, Avg:  0.0, Max:  0.0, Diff:  0.0, Sum:  0.0, Workers: 4
[3167.660s][debug][gc,phases      ] GC(63)     Dead                           Min: 0, Avg:  0.0, Max: 0, Diff: 0, Sum: 0, Workers: 4
[3167.660s][debug][gc,phases      ] GC(63)     Total                          Min: 0, Avg: 13.0, Max: 52, Diff: 52, Sum: 52, Workers: 4
[3167.660s][debug][gc,phases      ] GC(63)   StringDedup Table Weak         Min:  0.0, Avg:  0.0, Max:  0.0, Diff:  0.0, Sum:  0.0, Workers: 4
[3167.660s][debug][gc,phases      ] GC(63)     Dead                           Min: 0, Avg:  0.0, Max: 0, Diff: 0, Sum: 0, Workers: 4
[3167.660s][debug][gc,phases      ] GC(63)     Total                          Min: 0, Avg:  0.0, Max: 0, Diff: 0, Sum: 0, Workers: 4
[3167.660s][debug][gc,phases      ] GC(63)   StringDedup Requests0 Weak     Min:  0.0, Avg:  0.0, Max:  0.0, Diff:  0.0, Sum:  0.0, Workers: 4
[3167.660s][debug][gc,phases      ] GC(63)     Dead                           Min: 0, Avg:  0.0, Max: 0, Diff: 0, Sum: 0, Workers: 4
[3167.660s][debug][gc,phases      ] GC(63)     Total                          Min: 0, Avg:  0.0, Max: 0, Diff: 0, Sum: 0, Workers: 4
[3167.660s][debug][gc,phases      ] GC(63)   StringDedup Requests1 Weak     Min:  0.0, Avg:  0.0, Max:  0.0, Diff:  0.0, Sum:  0.0, Workers: 4
[3167.660s][debug][gc,phases      ] GC(63)     Dead                           Min: 0, Avg:  0.0, Max: 0, Diff: 0, Sum: 0, Workers: 4
[3167.660s][debug][gc,phases      ] GC(63)     Total                          Min: 0, Avg:  0.0, Max: 0, Diff: 0, Sum: 0, Workers: 4
[3167.660s][debug][gc,phases      ] GC(63)   Weak JFR Old Object Samples    Min:  0.0, Avg:  0.0, Max:  0.0, Diff:  0.0, Sum:  0.0, Workers: 4
[3167.660s][debug][gc,phases      ] GC(63)     Dead                           Min: 0, Avg:  0.0, Max: 0, Diff: 0, Sum: 0, Workers: 4
[3167.660s][debug][gc,phases      ] GC(63)     Total                          Min: 0, Avg:  0.0, Max: 0, Diff: 0, Sum: 0, Workers: 4
[3167.660s][debug][gc,phases      ] GC(63) Weak Processing 0.459ms
[3167.660s][debug][gc,age         ] GC(63) Desired survivor size 14155776 bytes, new threshold 1 (max threshold 15)
[3167.660s][info ][gc,heap        ] GC(63) PSYoungGen: 2071792K(2082304K)->4224K(2081792K) Eden: 2066944K(2066944K)->0K(2066944K) From: 4848K(15360K)->4224K(14848K)
[3167.660s][info ][gc,heap        ] GC(63) ParOldGen: 301284K(301568K)->302597K(303104K)
[3167.660s][info ][gc,metaspace   ] GC(63) Metaspace: 106694K(108032K)->106694K(108032K) NonClass: 90584K(91328K)->90584K(91328K) Class: 16110K(16704K)->16110K(16704K)
[3167.660s][info ][gc             ] GC(63) Pause Young (Allocation Failure) 2317M->299M(2329M) 4.600ms
[3167.660s][info ][gc,cpu         ] GC(63) User=0.01s Sys=0.00s Real=0.01s
[3167.660s][info ][safepoint      ] Safepoint "ParallelGCFailedAllocation", Time since last: 2645860443 ns, Reaching safepoint: 8901 ns, Cleanup: 4900 ns, At safepoint: 4682980 ns, Total: 4696781 ns
[3170.660s][info ][safepoint      ] Safepoint "Cleanup", Time since last: 3000251592 ns, Reaching safepoint: 5500 ns, Cleanup: 9101 ns, At safepoint: 5400 ns, Total: 20001 ns
[3176.660s][info ][safepoint      ] Safepoint "Cleanup", Time since last: 6000457684 ns, Reaching safepoint: 6401 ns, Cleanup: 9500 ns, At safepoint: 10201 ns, Total: 26102 ns
[3203.026s][info ][safepoint      ] Safepoint "Cleanup", Time since last: 26365420269 ns, Reaching safepoint: 8600 ns, Cleanup: 13701 ns, At safepoint: 5300 ns, Total: 27601 ns
[3214.027s][info ][safepoint      ] Safepoint "Cleanup", Time since last: 11000973106 ns, Reaching safepoint: 9101 ns, Cleanup: 13700 ns, At safepoint: 10601 ns, Total: 33402 ns
[3220.028s][info ][safepoint      ] Safepoint "Cleanup", Time since last: 6000564605 ns, Reaching safepoint: 9800 ns, Cleanup: 13701 ns, At safepoint: 10001 ns, Total: 33502 ns
[3236.841s][info ][gc,start       ] GC(64) Pause Young (Allocation Failure)
[3236.844s][debug][gc,phases      ] GC(64) Scavenge 2.778ms
[3236.844s][debug][gc,ref         ] GC(64) ReferenceProcessor::execute queues: 1, RefProcThreadModel::Single, marks_oops_alive: false
[3236.844s][debug][gc,ref         ] GC(64) Skipped KeepAliveFinalRefsPhase of Reference Processing: no references
[3236.844s][debug][gc,ref         ] GC(64) Skipped PhantomRefsPhase of Reference Processing: no references
[3236.844s][debug][gc,phases      ] GC(64) Reference Processing 0.125ms
[3236.844s][debug][gc,phases      ] GC(64)   VM Weak                        Min:  0.0, Avg:  0.0, Max:  0.0, Diff:  0.0, Sum:  0.0, Workers: 4
[3236.844s][debug][gc,phases      ] GC(64)     Dead                           Min: 0, Avg:  0.0, Max: 0, Diff: 0, Sum: 0, Workers: 4
[3236.844s][debug][gc,phases      ] GC(64)     Total                          Min: 0, Avg: 256.2, Max: 576, Diff: 576, Sum: 1025, Workers: 4
[3236.844s][debug][gc,phases      ] GC(64)   ObjectSynchronizer Weak        Min:  0.0, Avg:  0.0, Max:  0.0, Diff:  0.0, Sum:  0.0, Workers: 4
[3236.844s][debug][gc,phases      ] GC(64)     Dead                           Min: 0, Avg:  0.0, Max: 0, Diff: 0, Sum: 0, Workers: 4
[3236.844s][debug][gc,phases      ] GC(64)     Total                          Min: 0, Avg:  0.8, Max: 3, Diff: 3, Sum: 3, Workers: 4
[3236.844s][debug][gc,phases      ] GC(64)   JVMTI Tag Weak OopStorage      Min:  0.0, Avg:  0.0, Max:  0.0, Diff:  0.0, Sum:  0.0, Workers: 4
[3236.844s][debug][gc,phases      ] GC(64)     Dead                           Min: 0, Avg:  0.0, Max: 0, Diff: 0, Sum: 0, Workers: 4
[3236.844s][debug][gc,phases      ] GC(64)     Total                          Min: 0, Avg:  0.0, Max: 0, Diff: 0, Sum: 0, Workers: 4
[3236.844s][debug][gc,phases      ] GC(64)   StringTable Weak               Min:  0.0, Avg:  0.1, Max:  0.2, Diff:  0.2, Sum:  0.5, Workers: 4
[3236.844s][debug][gc,phases      ] GC(64)     Dead                           Min: 0, Avg:  0.0, Max: 0, Diff: 0, Sum: 0, Workers: 4
[3236.844s][debug][gc,phases      ] GC(64)     Total                          Min: 0, Avg: 11636.5, Max: 15808, Diff: 15808, Sum: 46546, Workers: 4
[3236.844s][debug][gc,phases      ] GC(64)   ResolvedMethodTable Weak       Min:  0.0, Avg:  0.0, Max:  0.1, Diff:  0.1, Sum:  0.2, Workers: 4
[3236.844s][debug][gc,phases      ] GC(64)     Dead                           Min: 0, Avg:  4.0, Max: 11, Diff: 11, Sum: 16, Workers: 4
[3236.844s][debug][gc,phases      ] GC(64)     Total                          Min: 0, Avg: 3850.8, Max: 5613, Diff: 5613, Sum: 15403, Workers: 4
[3236.844s][debug][gc,phases      ] GC(64)   JNI Weak                       Min:  0.0, Avg:  0.0, Max:  0.0, Diff:  0.0, Sum:  0.0, Workers: 4
[3236.844s][debug][gc,phases      ] GC(64)     Dead                           Min: 0, Avg:  0.0, Max: 0, Diff: 0, Sum: 0, Workers: 4
[3236.844s][debug][gc,phases      ] GC(64)     Total                          Min: 0, Avg: 13.0, Max: 52, Diff: 52, Sum: 52, Workers: 4
[3236.844s][debug][gc,phases      ] GC(64)   StringDedup Table Weak         Min:  0.0, Avg:  0.0, Max:  0.0, Diff:  0.0, Sum:  0.0, Workers: 4
[3236.844s][debug][gc,phases      ] GC(64)     Dead                           Min: 0, Avg:  0.0, Max: 0, Diff: 0, Sum: 0, Workers: 4
[3236.844s][debug][gc,phases      ] GC(64)     Total                          Min: 0, Avg:  0.0, Max: 0, Diff: 0, Sum: 0, Workers: 4
[3236.844s][debug][gc,phases      ] GC(64)   StringDedup Requests0 Weak     Min:  0.0, Avg:  0.0, Max:  0.0, Diff:  0.0, Sum:  0.0, Workers: 4
[3236.844s][debug][gc,phases      ] GC(64)     Dead                           Min: 0, Avg:  0.0, Max: 0, Diff: 0, Sum: 0, Workers: 4
[3236.844s][debug][gc,phases      ] GC(64)     Total                          Min: 0, Avg:  0.0, Max: 0, Diff: 0, Sum: 0, Workers: 4
[3236.844s][debug][gc,phases      ] GC(64)   StringDedup Requests1 Weak     Min:  0.0, Avg:  0.0, Max:  0.0, Diff:  0.0, Sum:  0.0, Workers: 4
[3236.844s][debug][gc,phases      ] GC(64)     Dead                           Min: 0, Avg:  0.0, Max: 0, Diff: 0, Sum: 0, Workers: 4
[3236.844s][debug][gc,phases      ] GC(64)     Total                          Min: 0, Avg:  0.0, Max: 0, Diff: 0, Sum: 0, Workers: 4
[3236.844s][debug][gc,phases      ] GC(64)   Weak JFR Old Object Samples    Min:  0.0, Avg:  0.0, Max:  0.0, Diff:  0.0, Sum:  0.0, Workers: 4
[3236.844s][debug][gc,phases      ] GC(64)     Dead                           Min: 0, Avg:  0.0, Max: 0, Diff: 0, Sum: 0, Workers: 4
[3236.844s][debug][gc,phases      ] GC(64)     Total                          Min: 0, Avg:  0.0, Max: 0, Diff: 0, Sum: 0, Workers: 4
[3236.844s][debug][gc,phases      ] GC(64) Weak Processing 0.464ms
[3236.844s][debug][gc,age         ] GC(64) Desired survivor size 13107200 bytes, new threshold 1 (max threshold 15)
[3236.844s][info ][gc,heap        ] GC(64) PSYoungGen: 2071168K(2081792K)->2768K(2084352K) Eden: 2066944K(2066944K)->0K(2070528K) From: 4224K(14848K)->2768K(13824K)
[3236.844s][info ][gc,heap        ] GC(64) ParOldGen: 302597K(303104K)->304385K(304640K)
[3236.844s][info ][gc,metaspace   ] GC(64) Metaspace: 106699K(108032K)->106699K(108032K) NonClass: 90589K(91328K)->90589K(91328K) Class: 16110K(16704K)->16110K(16704K)
[3236.845s][info ][gc             ] GC(64) Pause Young (Allocation Failure) 2318M->299M(2333M) 3.534ms
[3236.845s][info ][gc,cpu         ] GC(64) User=0.01s Sys=0.00s Real=0.00s
[3236.845s][info ][safepoint      ] Safepoint "ParallelGCFailedAllocation", Time since last: 16813407639 ns, Reaching safepoint: 5700 ns, Cleanup: 4201 ns, At safepoint: 3609419 ns, Total: 3619320 ns
[3257.846s][info ][safepoint      ] Safepoint "Cleanup", Time since last: 21001591974 ns, Reaching safepoint: 6500 ns, Cleanup: 9601 ns, At safepoint: 12100 ns, Total: 28201 ns
[3258.846s][info ][safepoint      ] Safepoint "Cleanup", Time since last: 1000119114 ns, Reaching safepoint: 5800 ns, Cleanup: 13001 ns, At safepoint: 11701 ns, Total: 30502 ns
[3259.846s][info ][safepoint      ] Safepoint "Cleanup", Time since last: 1000125014 ns, Reaching safepoint: 7400 ns, Cleanup: 16401 ns, At safepoint: 13101 ns, Total: 36902 ns
[3276.848s][info ][safepoint      ] Safepoint "Cleanup", Time since last: 17001387145 ns, Reaching safepoint: 11101 ns, Cleanup: 15201 ns, At safepoint: 15801 ns, Total: 42103 ns
[3288.849s][info ][safepoint      ] Safepoint "Cleanup", Time since last: 12000999008 ns, Reaching safepoint: 5800 ns, Cleanup: 10501 ns, At safepoint: 5700 ns, Total: 22001 ns
[3304.191s][info ][gc,start       ] GC(65) Pause Young (Allocation Failure)
[3304.194s][debug][gc,phases      ] GC(65) Scavenge 3.041ms
[3304.194s][debug][gc,ref         ] GC(65) ReferenceProcessor::execute queues: 1, RefProcThreadModel::Single, marks_oops_alive: false
[3304.194s][debug][gc,ref         ] GC(65) Skipped KeepAliveFinalRefsPhase of Reference Processing: no references
[3304.194s][debug][gc,ref         ] GC(65) Skipped PhantomRefsPhase of Reference Processing: no references
[3304.194s][debug][gc,phases      ] GC(65) Reference Processing 0.117ms
[3304.194s][debug][gc,phases      ] GC(65)   VM Weak                        Min:  0.0, Avg:  0.0, Max:  0.0, Diff:  0.0, Sum:  0.0, Workers: 4
[3304.194s][debug][gc,phases      ] GC(65)     Dead                           Min: 0, Avg:  0.0, Max: 0, Diff: 0, Sum: 0, Workers: 4
[3304.194s][debug][gc,phases      ] GC(65)     Total                          Min: 0, Avg: 256.2, Max: 704, Diff: 704, Sum: 1025, Workers: 4
[3304.194s][debug][gc,phases      ] GC(65)   ObjectSynchronizer Weak        Min:  0.0, Avg:  0.0, Max:  0.0, Diff:  0.0, Sum:  0.0, Workers: 4
[3304.194s][debug][gc,phases      ] GC(65)     Dead                           Min: 0, Avg:  0.0, Max: 0, Diff: 0, Sum: 0, Workers: 4
[3304.194s][debug][gc,phases      ] GC(65)     Total                          Min: 0, Avg:  1.0, Max: 4, Diff: 4, Sum: 4, Workers: 4
[3304.194s][debug][gc,phases      ] GC(65)   JVMTI Tag Weak OopStorage      Min:  0.0, Avg:  0.0, Max:  0.0, Diff:  0.0, Sum:  0.0, Workers: 4
[3304.194s][debug][gc,phases      ] GC(65)     Dead                           Min: 0, Avg:  0.0, Max: 0, Diff: 0, Sum: 0, Workers: 4
[3304.194s][debug][gc,phases      ] GC(65)     Total                          Min: 0, Avg:  0.0, Max: 0, Diff: 0, Sum: 0, Workers: 4
[3304.194s][debug][gc,phases      ] GC(65)   StringTable Weak               Min:  0.0, Avg:  0.1, Max:  0.1, Diff:  0.1, Sum:  0.4, Workers: 4
[3304.194s][debug][gc,phases      ] GC(65)     Dead                           Min: 0, Avg:  0.0, Max: 0, Diff: 0, Sum: 0, Workers: 4
[3304.194s][debug][gc,phases      ] GC(65)     Total                          Min: 0, Avg: 11636.5, Max: 16320, Diff: 16320, Sum: 46546, Workers: 4
[3304.194s][debug][gc,phases      ] GC(65)   ResolvedMethodTable Weak       Min:  0.0, Avg:  0.0, Max:  0.1, Diff:  0.1, Sum:  0.2, Workers: 4
[3304.194s][debug][gc,phases      ] GC(65)     Dead                           Min: 0, Avg:  4.0, Max: 11, Diff: 11, Sum: 16, Workers: 4
[3304.194s][debug][gc,phases      ] GC(65)     Total                          Min: 0, Avg: 3850.8, Max: 5804, Diff: 5804, Sum: 15403, Workers: 4
[3304.194s][debug][gc,phases      ] GC(65)   JNI Weak                       Min:  0.0, Avg:  0.0, Max:  0.0, Diff:  0.0, Sum:  0.0, Workers: 4
[3304.194s][debug][gc,phases      ] GC(65)     Dead                           Min: 0, Avg:  0.0, Max: 0, Diff: 0, Sum: 0, Workers: 4
[3304.194s][debug][gc,phases      ] GC(65)     Total                          Min: 0, Avg: 13.0, Max: 52, Diff: 52, Sum: 52, Workers: 4
[3304.194s][debug][gc,phases      ] GC(65)   StringDedup Table Weak         Min:  0.0, Avg:  0.0, Max:  0.0, Diff:  0.0, Sum:  0.0, Workers: 4
[3304.194s][debug][gc,phases      ] GC(65)     Dead                           Min: 0, Avg:  0.0, Max: 0, Diff: 0, Sum: 0, Workers: 4
[3304.194s][debug][gc,phases      ] GC(65)     Total                          Min: 0, Avg:  0.0, Max: 0, Diff: 0, Sum: 0, Workers: 4
[3304.194s][debug][gc,phases      ] GC(65)   StringDedup Requests0 Weak     Min:  0.0, Avg:  0.0, Max:  0.0, Diff:  0.0, Sum:  0.0, Workers: 4
[3304.194s][debug][gc,phases      ] GC(65)     Dead                           Min: 0, Avg:  0.0, Max: 0, Diff: 0, Sum: 0, Workers: 4
[3304.194s][debug][gc,phases      ] GC(65)     Total                          Min: 0, Avg:  0.0, Max: 0, Diff: 0, Sum: 0, Workers: 4
[3304.194s][debug][gc,phases      ] GC(65)   StringDedup Requests1 Weak     Min:  0.0, Avg:  0.0, Max:  0.0, Diff:  0.0, Sum:  0.0, Workers: 4
[3304.194s][debug][gc,phases      ] GC(65)     Dead                           Min: 0, Avg:  0.0, Max: 0, Diff: 0, Sum: 0, Workers: 4
[3304.194s][debug][gc,phases      ] GC(65)     Total                          Min: 0, Avg:  0.0, Max: 0, Diff: 0, Sum: 0, Workers: 4
[3304.194s][debug][gc,phases      ] GC(65)   Weak JFR Old Object Samples    Min:  0.0, Avg:  0.0, Max:  0.0, Diff:  0.0, Sum:  0.0, Workers: 4
[3304.194s][debug][gc,phases      ] GC(65)     Dead                           Min: 0, Avg:  0.0, Max: 0, Diff: 0, Sum: 0, Workers: 4
[3304.195s][debug][gc,phases      ] GC(65)     Total                          Min: 0, Avg:  0.0, Max: 0, Diff: 0, Sum: 0, Workers: 4
[3304.195s][debug][gc,phases      ] GC(65) Weak Processing 0.456ms
[3304.195s][debug][gc,age         ] GC(65) Desired survivor size 12582912 bytes, new threshold 1 (max threshold 15)
[3304.195s][info ][gc,heap        ] GC(65) PSYoungGen: 2073296K(2084352K)->3248K(2083328K) Eden: 2070528K(2070528K)->0K(2070528K) From: 2768K(13824K)->3248K(12800K)
[3304.195s][info ][gc,heap        ] GC(65) ParOldGen: 304385K(304640K)->304889K(305152K)
[3304.195s][info ][gc,metaspace   ] GC(65) Metaspace: 106705K(108032K)->106705K(108032K) NonClass: 90595K(91328K)->90595K(91328K) Class: 16110K(16704K)->16110K(16704K)
[3304.195s][info ][gc             ] GC(65) Pause Young (Allocation Failure) 2321M->300M(2332M) 3.774ms
[3304.195s][info ][gc,cpu         ] GC(65) User=0.01s Sys=0.00s Real=0.00s
[3304.195s][info ][safepoint      ] Safepoint "ParallelGCFailedAllocation", Time since last: 15341811500 ns, Reaching safepoint: 5900 ns, Cleanup: 4701 ns, At safepoint: 3858138 ns, Total: 3868739 ns
[3314.195s][info ][safepoint      ] Safepoint "Cleanup", Time since last: 10000742180 ns, Reaching safepoint: 7601 ns, Cleanup: 6700 ns, At safepoint: 9801 ns, Total: 24102 ns
[3316.196s][info ][safepoint      ] Safepoint "Cleanup", Time since last: 2000176807 ns, Reaching safepoint: 83205 ns, Cleanup: 10601 ns, At safepoint: 16301 ns, Total: 110107 ns
[3317.196s][info ][safepoint      ] Safepoint "Cleanup", Time since last: 1000109205 ns, Reaching safepoint: 6701 ns, Cleanup: 8300 ns, At safepoint: 8601 ns, Total: 23602 ns
[3318.196s][info ][safepoint      ] Safepoint "Cleanup", Time since last: 1000115605 ns, Reaching safepoint: 7301 ns, Cleanup: 11900 ns, At safepoint: 8001 ns, Total: 27202 ns
[3321.196s][info ][safepoint      ] Safepoint "Cleanup", Time since last: 3000264069 ns, Reaching safepoint: 7400 ns, Cleanup: 11001 ns, At safepoint: 6501 ns, Total: 24902 ns
[3326.197s][info ][safepoint      ] Safepoint "Cleanup", Time since last: 5000425401 ns, Reaching safepoint: 7700 ns, Cleanup: 9701 ns, At safepoint: 3800 ns, Total: 21201 ns
[3329.197s][info ][safepoint      ] Safepoint "Cleanup", Time since last: 3000270293 ns, Reaching safepoint: 7600 ns, Cleanup: 10401 ns, At safepoint: 3800 ns, Total: 21801 ns
[3330.197s][info ][safepoint      ] Safepoint "Cleanup", Time since last: 1000121289 ns, Reaching safepoint: 6900 ns, Cleanup: 10301 ns, At safepoint: 4200 ns, Total: 21401 ns
[3335.198s][info ][safepoint      ] Safepoint "Cleanup", Time since last: 5000429732 ns, Reaching safepoint: 7200 ns, Cleanup: 11501 ns, At safepoint: 8200 ns, Total: 26901 ns
[3338.198s][info ][safepoint      ] Safepoint "Cleanup", Time since last: 3000307089 ns, Reaching safepoint: 7800 ns, Cleanup: 15401 ns, At safepoint: 9801 ns, Total: 33002 ns
[3339.198s][info ][safepoint      ] Safepoint "Cleanup", Time since last: 1000125408 ns, Reaching safepoint: 7900 ns, Cleanup: 9701 ns, At safepoint: 10100 ns, Total: 27701 ns
[3341.198s][info ][safepoint      ] Safepoint "Cleanup", Time since last: 2000200713 ns, Reaching safepoint: 11600 ns, Cleanup: 13401 ns, At safepoint: 12901 ns, Total: 37902 ns
[3342.198s][info ][safepoint      ] Safepoint "Cleanup", Time since last: 1000124208 ns, Reaching safepoint: 7000 ns, Cleanup: 10901 ns, At safepoint: 11901 ns, Total: 29802 ns
[3345.199s][info ][safepoint      ] Safepoint "Cleanup", Time since last: 3000266758 ns, Reaching safepoint: 7700 ns, Cleanup: 9501 ns, At safepoint: 11600 ns, Total: 28801 ns
[3346.199s][info ][safepoint      ] Safepoint "Cleanup", Time since last: 1000116190 ns, Reaching safepoint: 7301 ns, Cleanup: 14900 ns, At safepoint: 11301 ns, Total: 33502 ns
[3347.199s][info ][safepoint      ] Safepoint "Cleanup", Time since last: 1000122190 ns, Reaching safepoint: 8001 ns, Cleanup: 15501 ns, At safepoint: 11000 ns, Total: 34502 ns
[3352.242s][info ][safepoint      ] Safepoint "ParallelGCFailedAllocation", Time since last: 5043028079 ns, Reaching safepoint: 6401 ns, Cleanup: 3200 ns, At safepoint: 14301 ns, Total: 23902 ns
[3352.243s][info ][gc,start       ] GC(66) Pause Young (GCLocker Initiated GC)
[3352.247s][debug][gc,phases      ] GC(66) Scavenge 4.595ms
[3352.247s][debug][gc,ref         ] GC(66) ReferenceProcessor::execute queues: 1, RefProcThreadModel::Single, marks_oops_alive: false
[3352.247s][debug][gc,ref         ] GC(66) Skipped KeepAliveFinalRefsPhase of Reference Processing: no references
[3352.247s][debug][gc,ref         ] GC(66) ReferenceProcessor::execute queues: 1, RefProcThreadModel::Single, marks_oops_alive: false
[3352.247s][debug][gc,phases      ] GC(66) Reference Processing 0.134ms
[3352.248s][debug][gc,phases      ] GC(66)   VM Weak                        Min:  0.0, Avg:  0.0, Max:  0.0, Diff:  0.0, Sum:  0.0, Workers: 4
[3352.248s][debug][gc,phases      ] GC(66)     Dead                           Min: 0, Avg:  0.0, Max: 0, Diff: 0, Sum: 0, Workers: 4
[3352.248s][debug][gc,phases      ] GC(66)     Total                          Min: 0, Avg: 256.2, Max: 513, Diff: 513, Sum: 1025, Workers: 4
[3352.248s][debug][gc,phases      ] GC(66)   ObjectSynchronizer Weak        Min:  0.0, Avg:  0.0, Max:  0.0, Diff:  0.0, Sum:  0.0, Workers: 4
[3352.248s][debug][gc,phases      ] GC(66)     Dead                           Min: 0, Avg:  0.0, Max: 0, Diff: 0, Sum: 0, Workers: 4
[3352.248s][debug][gc,phases      ] GC(66)     Total                          Min: 0, Avg:  1.0, Max: 4, Diff: 4, Sum: 4, Workers: 4
[3352.248s][debug][gc,phases      ] GC(66)   JVMTI Tag Weak OopStorage      Min:  0.0, Avg:  0.0, Max:  0.0, Diff:  0.0, Sum:  0.0, Workers: 4
[3352.248s][debug][gc,phases      ] GC(66)     Dead                           Min: 0, Avg:  0.0, Max: 0, Diff: 0, Sum: 0, Workers: 4
[3352.248s][debug][gc,phases      ] GC(66)     Total                          Min: 0, Avg:  0.0, Max: 0, Diff: 0, Sum: 0, Workers: 4
[3352.248s][debug][gc,phases      ] GC(66)   StringTable Weak               Min:  0.0, Avg:  0.1, Max:  0.2, Diff:  0.2, Sum:  0.5, Workers: 4
[3352.248s][debug][gc,phases      ] GC(66)     Dead                           Min: 0, Avg:  0.0, Max: 0, Diff: 0, Sum: 0, Workers: 4
[3352.248s][debug][gc,phases      ] GC(66)     Total                          Min: 0, Avg: 11636.5, Max: 15698, Diff: 15698, Sum: 46546, Workers: 4
[3352.248s][debug][gc,phases      ] GC(66)   ResolvedMethodTable Weak       Min:  0.0, Avg:  0.0, Max:  0.1, Diff:  0.1, Sum:  0.2, Workers: 4
[3352.248s][debug][gc,phases      ] GC(66)     Dead                           Min: 0, Avg:  4.0, Max: 16, Diff: 16, Sum: 16, Workers: 4
[3352.248s][debug][gc,phases      ] GC(66)     Total                          Min: 0, Avg: 3850.8, Max: 5673, Diff: 5673, Sum: 15403, Workers: 4
[3352.248s][debug][gc,phases      ] GC(66)   JNI Weak                       Min:  0.0, Avg:  0.0, Max:  0.0, Diff:  0.0, Sum:  0.0, Workers: 4
[3352.248s][debug][gc,phases      ] GC(66)     Dead                           Min: 0, Avg:  0.0, Max: 0, Diff: 0, Sum: 0, Workers: 4
[3352.248s][debug][gc,phases      ] GC(66)     Total                          Min: 0, Avg: 13.0, Max: 52, Diff: 52, Sum: 52, Workers: 4
[3352.248s][debug][gc,phases      ] GC(66)   StringDedup Table Weak         Min:  0.0, Avg:  0.0, Max:  0.0, Diff:  0.0, Sum:  0.0, Workers: 4
[3352.248s][debug][gc,phases      ] GC(66)     Dead                           Min: 0, Avg:  0.0, Max: 0, Diff: 0, Sum: 0, Workers: 4
[3352.248s][debug][gc,phases      ] GC(66)     Total                          Min: 0, Avg:  0.0, Max: 0, Diff: 0, Sum: 0, Workers: 4
[3352.248s][debug][gc,phases      ] GC(66)   StringDedup Requests0 Weak     Min:  0.0, Avg:  0.0, Max:  0.0, Diff:  0.0, Sum:  0.0, Workers: 4
[3352.248s][debug][gc,phases      ] GC(66)     Dead                           Min: 0, Avg:  0.0, Max: 0, Diff: 0, Sum: 0, Workers: 4
[3352.248s][debug][gc,phases      ] GC(66)     Total                          Min: 0, Avg:  0.0, Max: 0, Diff: 0, Sum: 0, Workers: 4
[3352.248s][debug][gc,phases      ] GC(66)   StringDedup Requests1 Weak     Min:  0.0, Avg:  0.0, Max:  0.0, Diff:  0.0, Sum:  0.0, Workers: 4
[3352.248s][debug][gc,phases      ] GC(66)     Dead                           Min: 0, Avg:  0.0, Max: 0, Diff: 0, Sum: 0, Workers: 4
[3352.248s][debug][gc,phases      ] GC(66)     Total                          Min: 0, Avg:  0.0, Max: 0, Diff: 0, Sum: 0, Workers: 4
[3352.248s][debug][gc,phases      ] GC(66)   Weak JFR Old Object Samples    Min:  0.0, Avg:  0.0, Max:  0.0, Diff:  0.0, Sum:  0.0, Workers: 4
[3352.248s][debug][gc,phases      ] GC(66)     Dead                           Min: 0, Avg:  0.0, Max: 0, Diff: 0, Sum: 0, Workers: 4
[3352.248s][debug][gc,phases      ] GC(66)     Total                          Min: 0, Avg:  0.0, Max: 0, Diff: 0, Sum: 0, Workers: 4
[3352.248s][debug][gc,phases      ] GC(66) Weak Processing 0.446ms
[3352.248s][debug][gc,age         ] GC(66) Desired survivor size 12058624 bytes, new threshold 1 (max threshold 15)
[3352.248s][info ][gc,heap        ] GC(66) PSYoungGen: 2073681K(2083328K)->4406K(2085376K) Eden: 2070433K(2070528K)->0K(2073088K) From: 3248K(12800K)->4406K(12288K)
[3352.248s][info ][gc,heap        ] GC(66) ParOldGen: 305017K(305152K)->305637K(305664K)
[3352.248s][info ][gc,metaspace   ] GC(66) Metaspace: 106729K(108096K)->106729K(108096K) NonClass: 90619K(91392K)->90619K(91392K) Class: 16110K(16704K)->16110K(16704K)
[3352.248s][info ][gc             ] GC(66) Pause Young (GCLocker Initiated GC) 2322M->302M(2335M) 5.292ms
[3352.248s][info ][gc,cpu         ] GC(66) User=0.02s Sys=0.00s Real=0.00s
[3352.248s][info ][safepoint      ] Safepoint "ParallelGCSystemGC", Time since last: 528733 ns, Reaching safepoint: 1500 ns, Cleanup: 600 ns, At safepoint: 5377433 ns, Total: 5379533 ns
[3367.080s][info ][safepoint      ] Safepoint "Cleanup", Time since last: 14832228761 ns, Reaching safepoint: 9701 ns, Cleanup: 12600 ns, At safepoint: 9401 ns, Total: 31702 ns
[3375.081s][info ][safepoint      ] Safepoint "Cleanup", Time since last: 8000661165 ns, Reaching safepoint: 7501 ns, Cleanup: 13901 ns, At safepoint: 10500 ns, Total: 31902 ns
[3379.081s][info ][safepoint      ] Safepoint "Cleanup", Time since last: 4000359196 ns, Reaching safepoint: 7600 ns, Cleanup: 12601 ns, At safepoint: 11501 ns, Total: 31702 ns
[3394.083s][info ][safepoint      ] Safepoint "Cleanup", Time since last: 15001208844 ns, Reaching safepoint: 11200 ns, Cleanup: 14401 ns, At safepoint: 3601 ns, Total: 29202 ns
[3395.083s][info ][safepoint      ] Safepoint "Cleanup", Time since last: 1000137684 ns, Reaching safepoint: 9600 ns, Cleanup: 13401 ns, At safepoint: 3600 ns, Total: 26601 ns
[3418.713s][info ][gc,start       ] GC(67) Pause Young (Allocation Failure)
[3418.716s][debug][gc,phases      ] GC(67) Scavenge 3.322ms
[3418.716s][debug][gc,ref         ] GC(67) ReferenceProcessor::execute queues: 1, RefProcThreadModel::Single, marks_oops_alive: false
[3418.716s][debug][gc,ref         ] GC(67) Skipped KeepAliveFinalRefsPhase of Reference Processing: no references
[3418.716s][debug][gc,ref         ] GC(67) ReferenceProcessor::execute queues: 1, RefProcThreadModel::Single, marks_oops_alive: false
[3418.716s][debug][gc,phases      ] GC(67) Reference Processing 0.115ms
[3418.717s][debug][gc,phases      ] GC(67)   VM Weak                        Min:  0.0, Avg:  0.0, Max:  0.0, Diff:  0.0, Sum:  0.0, Workers: 4
[3418.717s][debug][gc,phases      ] GC(67)     Dead                           Min: 0, Avg:  0.0, Max: 0, Diff: 0, Sum: 0, Workers: 4
[3418.717s][debug][gc,phases      ] GC(67)     Total                          Min: 0, Avg: 256.2, Max: 577, Diff: 577, Sum: 1025, Workers: 4
[3418.717s][debug][gc,phases      ] GC(67)   ObjectSynchronizer Weak        Min:  0.0, Avg:  0.0, Max:  0.0, Diff:  0.0, Sum:  0.0, Workers: 4
[3418.717s][debug][gc,phases      ] GC(67)     Dead                           Min: 0, Avg:  0.0, Max: 0, Diff: 0, Sum: 0, Workers: 4
[3418.717s][debug][gc,phases      ] GC(67)     Total                          Min: 0, Avg:  1.0, Max: 4, Diff: 4, Sum: 4, Workers: 4
[3418.717s][debug][gc,phases      ] GC(67)   JVMTI Tag Weak OopStorage      Min:  0.0, Avg:  0.0, Max:  0.0, Diff:  0.0, Sum:  0.0, Workers: 4
[3418.717s][debug][gc,phases      ] GC(67)     Dead                           Min: 0, Avg:  0.0, Max: 0, Diff: 0, Sum: 0, Workers: 4
[3418.717s][debug][gc,phases      ] GC(67)     Total                          Min: 0, Avg:  0.0, Max: 0, Diff: 0, Sum: 0, Workers: 4
[3418.717s][debug][gc,phases      ] GC(67)   StringTable Weak               Min:  0.0, Avg:  0.1, Max:  0.2, Diff:  0.2, Sum:  0.5, Workers: 4
[3418.717s][debug][gc,phases      ] GC(67)     Dead                           Min: 0, Avg:  0.0, Max: 0, Diff: 0, Sum: 0, Workers: 4
[3418.717s][debug][gc,phases      ] GC(67)     Total                          Min: 0, Avg: 11636.5, Max: 15808, Diff: 15808, Sum: 46546, Workers: 4
[3418.717s][debug][gc,phases      ] GC(67)   ResolvedMethodTable Weak       Min:  0.0, Avg:  0.0, Max:  0.1, Diff:  0.1, Sum:  0.2, Workers: 4
[3418.717s][debug][gc,phases      ] GC(67)     Dead                           Min: 0, Avg:  4.0, Max: 13, Diff: 13, Sum: 16, Workers: 4
[3418.717s][debug][gc,phases      ] GC(67)     Total                          Min: 0, Avg: 3850.8, Max: 5601, Diff: 5601, Sum: 15403, Workers: 4
[3418.717s][debug][gc,phases      ] GC(67)   JNI Weak                       Min:  0.0, Avg:  0.0, Max:  0.0, Diff:  0.0, Sum:  0.0, Workers: 4
[3418.717s][debug][gc,phases      ] GC(67)     Dead                           Min: 0, Avg:  0.0, Max: 0, Diff: 0, Sum: 0, Workers: 4
[3418.717s][debug][gc,phases      ] GC(67)     Total                          Min: 0, Avg: 13.0, Max: 52, Diff: 52, Sum: 52, Workers: 4
[3418.717s][debug][gc,phases      ] GC(67)   StringDedup Table Weak         Min:  0.0, Avg:  0.0, Max:  0.0, Diff:  0.0, Sum:  0.0, Workers: 4
[3418.717s][debug][gc,phases      ] GC(67)     Dead                           Min: 0, Avg:  0.0, Max: 0, Diff: 0, Sum: 0, Workers: 4
[3418.717s][debug][gc,phases      ] GC(67)     Total                          Min: 0, Avg:  0.0, Max: 0, Diff: 0, Sum: 0, Workers: 4
[3418.717s][debug][gc,phases      ] GC(67)   StringDedup Requests0 Weak     Min:  0.0, Avg:  0.0, Max:  0.0, Diff:  0.0, Sum:  0.0, Workers: 4
[3418.717s][debug][gc,phases      ] GC(67)     Dead                           Min: 0, Avg:  0.0, Max: 0, Diff: 0, Sum: 0, Workers: 4
[3418.717s][debug][gc,phases      ] GC(67)     Total                          Min: 0, Avg:  0.0, Max: 0, Diff: 0, Sum: 0, Workers: 4
[3418.717s][debug][gc,phases      ] GC(67)   StringDedup Requests1 Weak     Min:  0.0, Avg:  0.0, Max:  0.0, Diff:  0.0, Sum:  0.0, Workers: 4
[3418.717s][debug][gc,phases      ] GC(67)     Dead                           Min: 0, Avg:  0.0, Max: 0, Diff: 0, Sum: 0, Workers: 4
[3418.717s][debug][gc,phases      ] GC(67)     Total                          Min: 0, Avg:  0.0, Max: 0, Diff: 0, Sum: 0, Workers: 4
[3418.717s][debug][gc,phases      ] GC(67)   Weak JFR Old Object Samples    Min:  0.0, Avg:  0.0, Max:  0.0, Diff:  0.0, Sum:  0.0, Workers: 4
[3418.717s][debug][gc,phases      ] GC(67)     Dead                           Min: 0, Avg:  0.0, Max: 0, Diff: 0, Sum: 0, Workers: 4
[3418.717s][debug][gc,phases      ] GC(67)     Total                          Min: 0, Avg:  0.0, Max: 0, Diff: 0, Sum: 0, Workers: 4
[3418.717s][debug][gc,phases      ] GC(67) Weak Processing 0.456ms
[3418.717s][debug][gc,age         ] GC(67) Desired survivor size 11534336 bytes, new threshold 1 (max threshold 15)
[3418.717s][info ][gc,heap        ] GC(67) PSYoungGen: 2077494K(2085376K)->2800K(2084864K) Eden: 2073088K(2073088K)->0K(2073088K) From: 4406K(12288K)->2800K(11776K)
[3418.717s][info ][gc,heap        ] GC(67) ParOldGen: 305856K(306176K)->307793K(308224K)
[3418.717s][info ][gc,metaspace   ] GC(67) Metaspace: 106731K(108096K)->106731K(108096K) NonClass: 90621K(91392K)->90621K(91392K) Class: 16110K(16704K)->16110K(16704K)
[3418.717s][info ][gc             ] GC(67) Pause Young (Allocation Failure) 2327M->303M(2337M) 4.030ms
[3418.717s][info ][gc,cpu         ] GC(67) User=0.02s Sys=0.00s Real=0.00s
[3418.717s][info ][safepoint      ] Safepoint "ParallelGCFailedAllocation", Time since last: 23629952657 ns, Reaching safepoint: 6200 ns, Cleanup: 4600 ns, At safepoint: 4111352 ns, Total: 4122152 ns
[3463.102s][info ][safepoint      ] Safepoint "Cleanup", Time since last: 44384683277 ns, Reaching safepoint: 7001 ns, Cleanup: 11300 ns, At safepoint: 32002 ns, Total: 50303 ns
[3464.102s][info ][safepoint      ] Safepoint "Cleanup", Time since last: 1000114621 ns, Reaching safepoint: 5800 ns, Cleanup: 10001 ns, At safepoint: 3300 ns, Total: 19101 ns
[3477.103s][info ][safepoint      ] Safepoint "Cleanup", Time since last: 13000981575 ns, Reaching safepoint: 6100 ns, Cleanup: 16401 ns, At safepoint: 11801 ns, Total: 34302 ns
[3486.117s][info ][safepoint      ] Safepoint "Cleanup", Time since last: 9013954392 ns, Reaching safepoint: 7000 ns, Cleanup: 12601 ns, At safepoint: 8600 ns, Total: 28201 ns
[3487.117s][info ][safepoint      ] Safepoint "Cleanup", Time since last: 1000287868 ns, Reaching safepoint: 9101 ns, Cleanup: 13700 ns, At safepoint: 8701 ns, Total: 31502 ns
[3489.117s][info ][safepoint      ] Safepoint "Cleanup", Time since last: 2000206739 ns, Reaching safepoint: 9901 ns, Cleanup: 15201 ns, At safepoint: 8100 ns, Total: 33202 ns
[3490.136s][info ][gc,start       ] GC(68) Pause Young (Allocation Failure)
[3490.140s][debug][gc,phases      ] GC(68) Scavenge 3.239ms
[3490.140s][debug][gc,ref         ] GC(68) ReferenceProcessor::execute queues: 1, RefProcThreadModel::Single, marks_oops_alive: false
[3490.140s][debug][gc,ref         ] GC(68) Skipped KeepAliveFinalRefsPhase of Reference Processing: no references
[3490.140s][debug][gc,ref         ] GC(68) Skipped PhantomRefsPhase of Reference Processing: no references
[3490.140s][debug][gc,phases      ] GC(68) Reference Processing 0.116ms
[3490.140s][debug][gc,phases      ] GC(68)   VM Weak                        Min:  0.0, Avg:  0.0, Max:  0.0, Diff:  0.0, Sum:  0.0, Workers: 4
[3490.140s][debug][gc,phases      ] GC(68)     Dead                           Min: 0, Avg:  0.0, Max: 0, Diff: 0, Sum: 0, Workers: 4
[3490.140s][debug][gc,phases      ] GC(68)     Total                          Min: 0, Avg: 256.2, Max: 769, Diff: 769, Sum: 1025, Workers: 4
[3490.140s][debug][gc,phases      ] GC(68)   ObjectSynchronizer Weak        Min:  0.0, Avg:  0.0, Max:  0.0, Diff:  0.0, Sum:  0.0, Workers: 4
[3490.140s][debug][gc,phases      ] GC(68)     Dead                           Min: 0, Avg:  0.0, Max: 0, Diff: 0, Sum: 0, Workers: 4
[3490.140s][debug][gc,phases      ] GC(68)     Total                          Min: 0, Avg:  1.0, Max: 4, Diff: 4, Sum: 4, Workers: 4
[3490.140s][debug][gc,phases      ] GC(68)   JVMTI Tag Weak OopStorage      Min:  0.0, Avg:  0.0, Max:  0.0, Diff:  0.0, Sum:  0.0, Workers: 4
[3490.140s][debug][gc,phases      ] GC(68)     Dead                           Min: 0, Avg:  0.0, Max: 0, Diff: 0, Sum: 0, Workers: 4
[3490.140s][debug][gc,phases      ] GC(68)     Total                          Min: 0, Avg:  0.0, Max: 0, Diff: 0, Sum: 0, Workers: 4
[3490.140s][debug][gc,phases      ] GC(68)   StringTable Weak               Min:  0.0, Avg:  0.1, Max:  0.2, Diff:  0.2, Sum:  0.5, Workers: 4
[3490.140s][debug][gc,phases      ] GC(68)     Dead                           Min: 0, Avg:  0.0, Max: 0, Diff: 0, Sum: 0, Workers: 4
[3490.140s][debug][gc,phases      ] GC(68)     Total                          Min: 0, Avg: 11636.5, Max: 16914, Diff: 16914, Sum: 46546, Workers: 4
[3490.140s][debug][gc,phases      ] GC(68)   ResolvedMethodTable Weak       Min:  0.0, Avg:  0.0, Max:  0.1, Diff:  0.1, Sum:  0.2, Workers: 4
[3490.140s][debug][gc,phases      ] GC(68)     Dead                           Min: 0, Avg:  4.0, Max: 16, Diff: 16, Sum: 16, Workers: 4
[3490.140s][debug][gc,phases      ] GC(68)     Total                          Min: 0, Avg: 3850.8, Max: 5899, Diff: 5899, Sum: 15403, Workers: 4
[3490.140s][debug][gc,phases      ] GC(68)   JNI Weak                       Min:  0.0, Avg:  0.0, Max:  0.0, Diff:  0.0, Sum:  0.0, Workers: 4
[3490.140s][debug][gc,phases      ] GC(68)     Dead                           Min: 0, Avg:  0.0, Max: 0, Diff: 0, Sum: 0, Workers: 4
[3490.140s][debug][gc,phases      ] GC(68)     Total                          Min: 0, Avg: 13.0, Max: 52, Diff: 52, Sum: 52, Workers: 4
[3490.140s][debug][gc,phases      ] GC(68)   StringDedup Table Weak         Min:  0.0, Avg:  0.0, Max:  0.0, Diff:  0.0, Sum:  0.0, Workers: 4
[3490.140s][debug][gc,phases      ] GC(68)     Dead                           Min: 0, Avg:  0.0, Max: 0, Diff: 0, Sum: 0, Workers: 4
[3490.140s][debug][gc,phases      ] GC(68)     Total                          Min: 0, Avg:  0.0, Max: 0, Diff: 0, Sum: 0, Workers: 4
[3490.140s][debug][gc,phases      ] GC(68)   StringDedup Requests0 Weak     Min:  0.0, Avg:  0.0, Max:  0.0, Diff:  0.0, Sum:  0.0, Workers: 4
[3490.140s][debug][gc,phases      ] GC(68)     Dead                           Min: 0, Avg:  0.0, Max: 0, Diff: 0, Sum: 0, Workers: 4
[3490.140s][debug][gc,phases      ] GC(68)     Total                          Min: 0, Avg:  0.0, Max: 0, Diff: 0, Sum: 0, Workers: 4
[3490.140s][debug][gc,phases      ] GC(68)   StringDedup Requests1 Weak     Min:  0.0, Avg:  0.0, Max:  0.0, Diff:  0.0, Sum:  0.0, Workers: 4
[3490.140s][debug][gc,phases      ] GC(68)     Dead                           Min: 0, Avg:  0.0, Max: 0, Diff: 0, Sum: 0, Workers: 4
[3490.140s][debug][gc,phases      ] GC(68)     Total                          Min: 0, Avg:  0.0, Max: 0, Diff: 0, Sum: 0, Workers: 4
[3490.140s][debug][gc,phases      ] GC(68)   Weak JFR Old Object Samples    Min:  0.0, Avg:  0.0, Max:  0.0, Diff:  0.0, Sum:  0.0, Workers: 4
[3490.140s][debug][gc,phases      ] GC(68)     Dead                           Min: 0, Avg:  0.0, Max: 0, Diff: 0, Sum: 0, Workers: 4
[3490.140s][debug][gc,phases      ] GC(68)     Total                          Min: 0, Avg:  0.0, Max: 0, Diff: 0, Sum: 0, Workers: 4
[3490.140s][debug][gc,phases      ] GC(68) Weak Processing 0.455ms
[3490.140s][debug][gc,age         ] GC(68) Desired survivor size 10485760 bytes, new threshold 1 (max threshold 15)
[3490.140s][info ][gc,heap        ] GC(68) PSYoungGen: 2075888K(2084864K)->3632K(2086912K) Eden: 2073088K(2073088K)->0K(2075648K) From: 2800K(11776K)->3632K(11264K)
[3490.140s][info ][gc,heap        ] GC(68) ParOldGen: 307793K(308224K)->308417K(308736K)
[3490.140s][info ][gc,metaspace   ] GC(68) Metaspace: 106734K(108096K)->106734K(108096K) NonClass: 90624K(91392K)->90624K(91392K) Class: 16110K(16704K)->16110K(16704K)
[3490.140s][info ][gc             ] GC(68) Pause Young (Allocation Failure) 2327M->304M(2339M) 3.952ms
[3490.140s][info ][gc,cpu         ] GC(68) User=0.01s Sys=0.00s Real=0.01s
[3490.140s][info ][safepoint      ] Safepoint "ParallelGCFailedAllocation", Time since last: 1018963763 ns, Reaching safepoint: 7501 ns, Cleanup: 4800 ns, At safepoint: 4039428 ns, Total: 4051729 ns
[3498.141s][info ][safepoint      ] Safepoint "Cleanup", Time since last: 8000618501 ns, Reaching safepoint: 6300 ns, Cleanup: 10001 ns, At safepoint: 3100 ns, Total: 19401 ns
[3528.143s][info ][safepoint      ] Safepoint "Cleanup", Time since last: 30002298878 ns, Reaching safepoint: 6500 ns, Cleanup: 10901 ns, At safepoint: 30702 ns, Total: 48103 ns
[3558.693s][info ][gc,start       ] GC(69) Pause Young (Allocation Failure)
[3558.697s][debug][gc,phases      ] GC(69) Scavenge 3.565ms
[3558.697s][debug][gc,ref         ] GC(69) ReferenceProcessor::execute queues: 1, RefProcThreadModel::Single, marks_oops_alive: false
[3558.697s][debug][gc,ref         ] GC(69) Skipped KeepAliveFinalRefsPhase of Reference Processing: no references
[3558.697s][debug][gc,ref         ] GC(69) Skipped PhantomRefsPhase of Reference Processing: no references
[3558.697s][debug][gc,phases      ] GC(69) Reference Processing 0.120ms
[3558.697s][debug][gc,phases      ] GC(69)   VM Weak                        Min:  0.0, Avg:  0.0, Max:  0.0, Diff:  0.0, Sum:  0.0, Workers: 4
[3558.697s][debug][gc,phases      ] GC(69)     Dead                           Min: 0, Avg:  0.0, Max: 0, Diff: 0, Sum: 0, Workers: 4
[3558.697s][debug][gc,phases      ] GC(69)     Total                          Min: 0, Avg: 256.2, Max: 641, Diff: 641, Sum: 1025, Workers: 4
[3558.697s][debug][gc,phases      ] GC(69)   ObjectSynchronizer Weak        Min:  0.0, Avg:  0.0, Max:  0.0, Diff:  0.0, Sum:  0.0, Workers: 4
[3558.697s][debug][gc,phases      ] GC(69)     Dead                           Min: 0, Avg:  0.0, Max: 0, Diff: 0, Sum: 0, Workers: 4
[3558.697s][debug][gc,phases      ] GC(69)     Total                          Min: 0, Avg:  1.0, Max: 4, Diff: 4, Sum: 4, Workers: 4
[3558.697s][debug][gc,phases      ] GC(69)   JVMTI Tag Weak OopStorage      Min:  0.0, Avg:  0.0, Max:  0.0, Diff:  0.0, Sum:  0.0, Workers: 4
[3558.697s][debug][gc,phases      ] GC(69)     Dead                           Min: 0, Avg:  0.0, Max: 0, Diff: 0, Sum: 0, Workers: 4
[3558.697s][debug][gc,phases      ] GC(69)     Total                          Min: 0, Avg:  0.0, Max: 0, Diff: 0, Sum: 0, Workers: 4
[3558.697s][debug][gc,phases      ] GC(69)   StringTable Weak               Min:  0.0, Avg:  0.1, Max:  0.2, Diff:  0.2, Sum:  0.5, Workers: 4
[3558.697s][debug][gc,phases      ] GC(69)     Dead                           Min: 0, Avg:  0.0, Max: 0, Diff: 0, Sum: 0, Workers: 4
[3558.697s][debug][gc,phases      ] GC(69)     Total                          Min: 0, Avg: 11636.5, Max: 16832, Diff: 16832, Sum: 46546, Workers: 4
[3558.697s][debug][gc,phases      ] GC(69)   ResolvedMethodTable Weak       Min:  0.0, Avg:  0.0, Max:  0.1, Diff:  0.1, Sum:  0.2, Workers: 4
[3558.697s][debug][gc,phases      ] GC(69)     Dead                           Min: 0, Avg:  4.0, Max: 15, Diff: 15, Sum: 16, Workers: 4
[3558.697s][debug][gc,phases      ] GC(69)     Total                          Min: 0, Avg: 3850.8, Max: 5811, Diff: 5811, Sum: 15403, Workers: 4
[3558.697s][debug][gc,phases      ] GC(69)   JNI Weak                       Min:  0.0, Avg:  0.0, Max:  0.0, Diff:  0.0, Sum:  0.0, Workers: 4
[3558.697s][debug][gc,phases      ] GC(69)     Dead                           Min: 0, Avg:  0.0, Max: 0, Diff: 0, Sum: 0, Workers: 4
[3558.697s][debug][gc,phases      ] GC(69)     Total                          Min: 0, Avg: 13.0, Max: 52, Diff: 52, Sum: 52, Workers: 4
[3558.697s][debug][gc,phases      ] GC(69)   StringDedup Table Weak         Min:  0.0, Avg:  0.0, Max:  0.0, Diff:  0.0, Sum:  0.0, Workers: 4
[3558.697s][debug][gc,phases      ] GC(69)     Dead                           Min: 0, Avg:  0.0, Max: 0, Diff: 0, Sum: 0, Workers: 4
[3558.697s][debug][gc,phases      ] GC(69)     Total                          Min: 0, Avg:  0.0, Max: 0, Diff: 0, Sum: 0, Workers: 4
[3558.697s][debug][gc,phases      ] GC(69)   StringDedup Requests0 Weak     Min:  0.0, Avg:  0.0, Max:  0.0, Diff:  0.0, Sum:  0.0, Workers: 4
[3558.697s][debug][gc,phases      ] GC(69)     Dead                           Min: 0, Avg:  0.0, Max: 0, Diff: 0, Sum: 0, Workers: 4
[3558.697s][debug][gc,phases      ] GC(69)     Total                          Min: 0, Avg:  0.0, Max: 0, Diff: 0, Sum: 0, Workers: 4
[3558.697s][debug][gc,phases      ] GC(69)   StringDedup Requests1 Weak     Min:  0.0, Avg:  0.0, Max:  0.0, Diff:  0.0, Sum:  0.0, Workers: 4
[3558.697s][debug][gc,phases      ] GC(69)     Dead                           Min: 0, Avg:  0.0, Max: 0, Diff: 0, Sum: 0, Workers: 4
[3558.697s][debug][gc,phases      ] GC(69)     Total                          Min: 0, Avg:  0.0, Max: 0, Diff: 0, Sum: 0, Workers: 4
[3558.697s][debug][gc,phases      ] GC(69)   Weak JFR Old Object Samples    Min:  0.0, Avg:  0.0, Max:  0.0, Diff:  0.0, Sum:  0.0, Workers: 4
[3558.697s][debug][gc,phases      ] GC(69)     Dead                           Min: 0, Avg:  0.0, Max: 0, Diff: 0, Sum: 0, Workers: 4
[3558.697s][debug][gc,phases      ] GC(69)     Total                          Min: 0, Avg:  0.0, Max: 0, Diff: 0, Sum: 0, Workers: 4
[3558.697s][debug][gc,phases      ] GC(69) Weak Processing 0.453ms
[3558.697s][debug][gc,age         ] GC(69) Desired survivor size 9961472 bytes, new threshold 1 (max threshold 15)
[3558.697s][info ][gc,heap        ] GC(69) PSYoungGen: 2079280K(2086912K)->4144K(2085888K) Eden: 2075648K(2075648K)->0K(2075648K) From: 3632K(11264K)->4144K(10240K)
[3558.697s][info ][gc,heap        ] GC(69) ParOldGen: 308417K(308736K)->309301K(309760K)
[3558.697s][info ][gc,metaspace   ] GC(69) Metaspace: 106736K(108096K)->106736K(108096K) NonClass: 90626K(91392K)->90626K(91392K) Class: 16110K(16704K)->16110K(16704K)
[3558.697s][info ][gc             ] GC(69) Pause Young (Allocation Failure) 2331M->306M(2339M) 4.287ms
[3558.697s][info ][gc,cpu         ] GC(69) User=0.02s Sys=0.00s Real=0.00s
[3558.697s][info ][safepoint      ] Safepoint "ParallelGCFailedAllocation", Time since last: 30549695338 ns, Reaching safepoint: 5101 ns, Cleanup: 4500 ns, At safepoint: 4365863 ns, Total: 4375464 ns
[3614.155s][info ][safepoint      ] Safepoint "Cleanup", Time since last: 55457777528 ns, Reaching safepoint: 7101 ns, Cleanup: 16601 ns, At safepoint: 11200 ns, Total: 34902 ns
[3615.155s][info ][safepoint      ] Safepoint "Cleanup", Time since last: 1000147274 ns, Reaching safepoint: 9800 ns, Cleanup: 13501 ns, At safepoint: 12001 ns, Total: 35302 ns
[3620.156s][info ][safepoint      ] Safepoint "Cleanup", Time since last: 5000426871 ns, Reaching safepoint: 6801 ns, Cleanup: 10500 ns, At safepoint: 10501 ns, Total: 27802 ns
[3622.156s][info ][safepoint      ] Safepoint "Cleanup", Time since last: 2000193047 ns, Reaching safepoint: 9001 ns, Cleanup: 38902 ns, At safepoint: 8800 ns, Total: 56703 ns
[3625.759s][info ][gc,start       ] GC(70) Pause Young (Allocation Failure)
[3625.762s][debug][gc,phases      ] GC(70) Scavenge 3.143ms
[3625.762s][debug][gc,ref         ] GC(70) ReferenceProcessor::execute queues: 1, RefProcThreadModel::Single, marks_oops_alive: false
[3625.763s][debug][gc,ref         ] GC(70) Skipped KeepAliveFinalRefsPhase of Reference Processing: no references
[3625.763s][debug][gc,ref         ] GC(70) ReferenceProcessor::execute queues: 1, RefProcThreadModel::Single, marks_oops_alive: false
[3625.763s][debug][gc,phases      ] GC(70) Reference Processing 0.140ms
[3625.763s][debug][gc,phases      ] GC(70)   VM Weak                        Min:  0.0, Avg:  0.0, Max:  0.0, Diff:  0.0, Sum:  0.0, Workers: 4
[3625.763s][debug][gc,phases      ] GC(70)     Dead                           Min: 0, Avg:  0.0, Max: 0, Diff: 0, Sum: 0, Workers: 4
[3625.763s][debug][gc,phases      ] GC(70)     Total                          Min: 0, Avg: 256.2, Max: 832, Diff: 832, Sum: 1025, Workers: 4
[3625.763s][debug][gc,phases      ] GC(70)   ObjectSynchronizer Weak        Min:  0.0, Avg:  0.0, Max:  0.0, Diff:  0.0, Sum:  0.0, Workers: 4
[3625.763s][debug][gc,phases      ] GC(70)     Dead                           Min: 0, Avg:  0.0, Max: 0, Diff: 0, Sum: 0, Workers: 4
[3625.763s][debug][gc,phases      ] GC(70)     Total                          Min: 0, Avg:  0.8, Max: 3, Diff: 3, Sum: 3, Workers: 4
[3625.763s][debug][gc,phases      ] GC(70)   JVMTI Tag Weak OopStorage      Min:  0.0, Avg:  0.0, Max:  0.0, Diff:  0.0, Sum:  0.0, Workers: 4
[3625.763s][debug][gc,phases      ] GC(70)     Dead                           Min: 0, Avg:  0.0, Max: 0, Diff: 0, Sum: 0, Workers: 4
[3625.763s][debug][gc,phases      ] GC(70)     Total                          Min: 0, Avg:  0.0, Max: 0, Diff: 0, Sum: 0, Workers: 4
[3625.763s][debug][gc,phases      ] GC(70)   StringTable Weak               Min:  0.0, Avg:  0.1, Max:  0.1, Diff:  0.1, Sum:  0.4, Workers: 4
[3625.763s][debug][gc,phases      ] GC(70)     Dead                           Min: 0, Avg:  0.0, Max: 0, Diff: 0, Sum: 0, Workers: 4
[3625.763s][debug][gc,phases      ] GC(70)     Total                          Min: 0, Avg: 11636.8, Max: 16640, Diff: 16640, Sum: 46547, Workers: 4
[3625.763s][debug][gc,phases      ] GC(70)   ResolvedMethodTable Weak       Min:  0.0, Avg:  0.0, Max:  0.1, Diff:  0.0, Sum:  0.1, Workers: 4
[3625.763s][debug][gc,phases      ] GC(70)     Dead                           Min: 0, Avg:  6.0, Max: 13, Diff: 13, Sum: 24, Workers: 4
[3625.763s][debug][gc,phases      ] GC(70)     Total                          Min: 0, Avg: 3850.8, Max: 5339, Diff: 5339, Sum: 15403, Workers: 4
[3625.763s][debug][gc,phases      ] GC(70)   JNI Weak                       Min:  0.0, Avg:  0.0, Max:  0.0, Diff:  0.0, Sum:  0.0, Workers: 4
[3625.763s][debug][gc,phases      ] GC(70)     Dead                           Min: 0, Avg:  0.0, Max: 0, Diff: 0, Sum: 0, Workers: 4
[3625.763s][debug][gc,phases      ] GC(70)     Total                          Min: 0, Avg: 13.0, Max: 52, Diff: 52, Sum: 52, Workers: 4
[3625.763s][debug][gc,phases      ] GC(70)   StringDedup Table Weak         Min:  0.0, Avg:  0.0, Max:  0.0, Diff:  0.0, Sum:  0.0, Workers: 4
[3625.763s][debug][gc,phases      ] GC(70)     Dead                           Min: 0, Avg:  0.0, Max: 0, Diff: 0, Sum: 0, Workers: 4
[3625.763s][debug][gc,phases      ] GC(70)     Total                          Min: 0, Avg:  0.0, Max: 0, Diff: 0, Sum: 0, Workers: 4
[3625.763s][debug][gc,phases      ] GC(70)   StringDedup Requests0 Weak     Min:  0.0, Avg:  0.0, Max:  0.0, Diff:  0.0, Sum:  0.0, Workers: 4
[3625.763s][debug][gc,phases      ] GC(70)     Dead                           Min: 0, Avg:  0.0, Max: 0, Diff: 0, Sum: 0, Workers: 4
[3625.763s][debug][gc,phases      ] GC(70)     Total                          Min: 0, Avg:  0.0, Max: 0, Diff: 0, Sum: 0, Workers: 4
[3625.763s][debug][gc,phases      ] GC(70)   StringDedup Requests1 Weak     Min:  0.0, Avg:  0.0, Max:  0.0, Diff:  0.0, Sum:  0.0, Workers: 4
[3625.763s][debug][gc,phases      ] GC(70)     Dead                           Min: 0, Avg:  0.0, Max: 0, Diff: 0, Sum: 0, Workers: 4
[3625.763s][debug][gc,phases      ] GC(70)     Total                          Min: 0, Avg:  0.0, Max: 0, Diff: 0, Sum: 0, Workers: 4
[3625.763s][debug][gc,phases      ] GC(70)   Weak JFR Old Object Samples    Min:  0.0, Avg:  0.0, Max:  0.0, Diff:  0.0, Sum:  0.0, Workers: 4
[3625.763s][debug][gc,phases      ] GC(70)     Dead                           Min: 0, Avg:  0.0, Max: 0, Diff: 0, Sum: 0, Workers: 4
[3625.763s][debug][gc,phases      ] GC(70)     Total                          Min: 0, Avg:  0.0, Max: 0, Diff: 0, Sum: 0, Workers: 4
[3625.763s][debug][gc,phases      ] GC(70) Weak Processing 0.481ms
[3625.763s][debug][gc,age         ] GC(70) Desired survivor size 9961472 bytes, new threshold 1 (max threshold 15)
[3625.763s][info ][gc,heap        ] GC(70) PSYoungGen: 2079792K(2085888K)->4579K(2087424K) Eden: 2075648K(2075648K)->0K(2077696K) From: 4144K(10240K)->4579K(9728K)
[3625.763s][info ][gc,heap        ] GC(70) ParOldGen: 309301K(309760K)->310929K(311296K)
[3625.763s][info ][gc,metaspace   ] GC(70) Metaspace: 106745K(108160K)->106745K(108160K) NonClass: 90635K(91456K)->90635K(91456K) Class: 16110K(16704K)->16110K(16704K)
[3625.763s][info ][gc             ] GC(70) Pause Young (Allocation Failure) 2333M->308M(2342M) 3.912ms
[3625.763s][info ][gc,cpu         ] GC(70) User=0.02s Sys=0.00s Real=0.00s
[3625.763s][info ][safepoint      ] Safepoint "ParallelGCFailedAllocation", Time since last: 3603068524 ns, Reaching safepoint: 8201 ns, Cleanup: 4900 ns, At safepoint: 4008138 ns, Total: 4021239 ns
[3633.764s][info ][safepoint      ] Safepoint "Cleanup", Time since last: 8000680668 ns, Reaching safepoint: 7600 ns, Cleanup: 10801 ns, At safepoint: 21501 ns, Total: 39902 ns
[3659.766s][info ][safepoint      ] Safepoint "Cleanup", Time since last: 26002220023 ns, Reaching safepoint: 8900 ns, Cleanup: 11101 ns, At safepoint: 7200 ns, Total: 27201 ns
[3689.175s][info ][safepoint      ] Safepoint "Cleanup", Time since last: 29409274576 ns, Reaching safepoint: 7700 ns, Cleanup: 11701 ns, At safepoint: 9700 ns, Total: 29101 ns
[3694.187s][info ][gc,start       ] GC(71) Pause Young (Allocation Failure)
[3694.191s][debug][gc,phases      ] GC(71) Scavenge 4.386ms
[3694.191s][debug][gc,ref         ] GC(71) ReferenceProcessor::execute queues: 1, RefProcThreadModel::Single, marks_oops_alive: false
[3694.191s][debug][gc,ref         ] GC(71) Skipped KeepAliveFinalRefsPhase of Reference Processing: no references
[3694.191s][debug][gc,ref         ] GC(71) ReferenceProcessor::execute queues: 1, RefProcThreadModel::Single, marks_oops_alive: false
[3694.191s][debug][gc,phases      ] GC(71) Reference Processing 0.119ms
[3694.192s][debug][gc,phases      ] GC(71)   VM Weak                        Min:  0.0, Avg:  0.0, Max:  0.0, Diff:  0.0, Sum:  0.0, Workers: 4
[3694.192s][debug][gc,phases      ] GC(71)     Dead                           Min: 0, Avg:  0.0, Max: 0, Diff: 0, Sum: 0, Workers: 4
[3694.192s][debug][gc,phases      ] GC(71)     Total                          Min: 0, Avg: 256.2, Max: 769, Diff: 769, Sum: 1025, Workers: 4
[3694.192s][debug][gc,phases      ] GC(71)   ObjectSynchronizer Weak        Min:  0.0, Avg:  0.0, Max:  0.0, Diff:  0.0, Sum:  0.0, Workers: 4
[3694.192s][debug][gc,phases      ] GC(71)     Dead                           Min: 0, Avg:  0.0, Max: 0, Diff: 0, Sum: 0, Workers: 4
[3694.192s][debug][gc,phases      ] GC(71)     Total                          Min: 0, Avg:  1.0, Max: 4, Diff: 4, Sum: 4, Workers: 4
[3694.192s][debug][gc,phases      ] GC(71)   JVMTI Tag Weak OopStorage      Min:  0.0, Avg:  0.0, Max:  0.0, Diff:  0.0, Sum:  0.0, Workers: 4
[3694.192s][debug][gc,phases      ] GC(71)     Dead                           Min: 0, Avg:  0.0, Max: 0, Diff: 0, Sum: 0, Workers: 4
[3694.192s][debug][gc,phases      ] GC(71)     Total                          Min: 0, Avg:  0.0, Max: 0, Diff: 0, Sum: 0, Workers: 4
[3694.192s][debug][gc,phases      ] GC(71)   StringTable Weak               Min:  0.0, Avg:  0.1, Max:  0.2, Diff:  0.2, Sum:  0.5, Workers: 4
[3694.192s][debug][gc,phases      ] GC(71)     Dead                           Min: 0, Avg:  0.0, Max: 0, Diff: 0, Sum: 0, Workers: 4
[3694.192s][debug][gc,phases      ] GC(71)     Total                          Min: 0, Avg: 11636.8, Max: 16512, Diff: 16512, Sum: 46547, Workers: 4
[3694.192s][debug][gc,phases      ] GC(71)   ResolvedMethodTable Weak       Min:  0.0, Avg:  0.0, Max:  0.1, Diff:  0.1, Sum:  0.2, Workers: 4
[3694.192s][debug][gc,phases      ] GC(71)     Dead                           Min: 0, Avg:  4.5, Max: 16, Diff: 16, Sum: 18, Workers: 4
[3694.192s][debug][gc,phases      ] GC(71)     Total                          Min: 0, Avg: 3850.8, Max: 5456, Diff: 5456, Sum: 15403, Workers: 4
[3694.192s][debug][gc,phases      ] GC(71)   JNI Weak                       Min:  0.0, Avg:  0.0, Max:  0.0, Diff:  0.0, Sum:  0.0, Workers: 4
[3694.192s][debug][gc,phases      ] GC(71)     Dead                           Min: 0, Avg:  0.0, Max: 0, Diff: 0, Sum: 0, Workers: 4
[3694.192s][debug][gc,phases      ] GC(71)     Total                          Min: 0, Avg: 13.0, Max: 52, Diff: 52, Sum: 52, Workers: 4
[3694.192s][debug][gc,phases      ] GC(71)   StringDedup Table Weak         Min:  0.0, Avg:  0.0, Max:  0.0, Diff:  0.0, Sum:  0.0, Workers: 4
[3694.192s][debug][gc,phases      ] GC(71)     Dead                           Min: 0, Avg:  0.0, Max: 0, Diff: 0, Sum: 0, Workers: 4
[3694.192s][debug][gc,phases      ] GC(71)     Total                          Min: 0, Avg:  0.0, Max: 0, Diff: 0, Sum: 0, Workers: 4
[3694.192s][debug][gc,phases      ] GC(71)   StringDedup Requests0 Weak     Min:  0.0, Avg:  0.0, Max:  0.0, Diff:  0.0, Sum:  0.0, Workers: 4
[3694.192s][debug][gc,phases      ] GC(71)     Dead                           Min: 0, Avg:  0.0, Max: 0, Diff: 0, Sum: 0, Workers: 4
[3694.192s][debug][gc,phases      ] GC(71)     Total                          Min: 0, Avg:  0.0, Max: 0, Diff: 0, Sum: 0, Workers: 4
[3694.192s][debug][gc,phases      ] GC(71)   StringDedup Requests1 Weak     Min:  0.0, Avg:  0.0, Max:  0.0, Diff:  0.0, Sum:  0.0, Workers: 4
[3694.192s][debug][gc,phases      ] GC(71)     Dead                           Min: 0, Avg:  0.0, Max: 0, Diff: 0, Sum: 0, Workers: 4
[3694.192s][debug][gc,phases      ] GC(71)     Total                          Min: 0, Avg:  0.0, Max: 0, Diff: 0, Sum: 0, Workers: 4
[3694.192s][debug][gc,phases      ] GC(71)   Weak JFR Old Object Samples    Min:  0.0, Avg:  0.0, Max:  0.0, Diff:  0.0, Sum:  0.0, Workers: 4
[3694.192s][debug][gc,phases      ] GC(71)     Dead                           Min: 0, Avg:  0.0, Max: 0, Diff: 0, Sum: 0, Workers: 4
[3694.192s][debug][gc,phases      ] GC(71)     Total                          Min: 0, Avg:  0.0, Max: 0, Diff: 0, Sum: 0, Workers: 4
[3694.192s][debug][gc,phases      ] GC(71) Weak Processing 0.464ms
[3694.192s][debug][gc,age         ] GC(71) Desired survivor size 9437184 bytes, new threshold 1 (max threshold 15)
[3694.192s][info ][gc,heap        ] GC(71) PSYoungGen: 2082275K(2087424K)->3856K(2087424K) Eden: 2077696K(2077696K)->0K(2077696K) From: 4579K(9728K)->3856K(9728K)
[3694.192s][info ][gc,heap        ] GC(71) ParOldGen: 310929K(311296K)->313269K(313344K)
[3694.192s][info ][gc,metaspace   ] GC(71) Metaspace: 106746K(108160K)->106746K(108160K) NonClass: 90636K(91456K)->90636K(91456K) Class: 16110K(16704K)->16110K(16704K)
[3694.192s][info ][gc             ] GC(71) Pause Young (Allocation Failure) 2337M->309M(2344M) 5.112ms
[3694.192s][info ][gc,cpu         ] GC(71) User=0.01s Sys=0.01s Real=0.01s
[3694.192s][info ][safepoint      ] Safepoint "ParallelGCFailedAllocation", Time since last: 5011304962 ns, Reaching safepoint: 83405 ns, Cleanup: 6001 ns, At safepoint: 5229713 ns, Total: 5319119 ns
[3709.193s][info ][safepoint      ] Safepoint "Cleanup", Time since last: 15001281844 ns, Reaching safepoint: 7200 ns, Cleanup: 10401 ns, At safepoint: 8000 ns, Total: 25601 ns
[3723.192s][info ][safepoint      ] Safepoint "Cleanup", Time since last: 13998596338 ns, Reaching safepoint: 7600 ns, Cleanup: 11101 ns, At safepoint: 9001 ns, Total: 27702 ns
[3763.792s][info ][gc,start       ] GC(72) Pause Young (Allocation Failure)
[3763.795s][debug][gc,phases      ] GC(72) Scavenge 3.490ms
[3763.795s][debug][gc,ref         ] GC(72) ReferenceProcessor::execute queues: 1, RefProcThreadModel::Single, marks_oops_alive: false
[3763.796s][debug][gc,ref         ] GC(72) Skipped KeepAliveFinalRefsPhase of Reference Processing: no references
[3763.796s][debug][gc,ref         ] GC(72) ReferenceProcessor::execute queues: 1, RefProcThreadModel::Single, marks_oops_alive: false
[3763.796s][debug][gc,phases      ] GC(72) Reference Processing 0.117ms
[3763.796s][debug][gc,phases      ] GC(72)   VM Weak                        Min:  0.0, Avg:  0.0, Max:  0.0, Diff:  0.0, Sum:  0.0, Workers: 4
[3763.796s][debug][gc,phases      ] GC(72)     Dead                           Min: 0, Avg:  0.0, Max: 0, Diff: 0, Sum: 0, Workers: 4
[3763.796s][debug][gc,phases      ] GC(72)     Total                          Min: 0, Avg: 256.2, Max: 513, Diff: 513, Sum: 1025, Workers: 4
[3763.796s][debug][gc,phases      ] GC(72)   ObjectSynchronizer Weak        Min:  0.0, Avg:  0.0, Max:  0.0, Diff:  0.0, Sum:  0.0, Workers: 4
[3763.796s][debug][gc,phases      ] GC(72)     Dead                           Min: 0, Avg:  0.0, Max: 0, Diff: 0, Sum: 0, Workers: 4
[3763.796s][debug][gc,phases      ] GC(72)     Total                          Min: 0, Avg:  1.0, Max: 4, Diff: 4, Sum: 4, Workers: 4
[3763.796s][debug][gc,phases      ] GC(72)   JVMTI Tag Weak OopStorage      Min:  0.0, Avg:  0.0, Max:  0.0, Diff:  0.0, Sum:  0.0, Workers: 4
[3763.796s][debug][gc,phases      ] GC(72)     Dead                           Min: 0, Avg:  0.0, Max: 0, Diff: 0, Sum: 0, Workers: 4
[3763.796s][debug][gc,phases      ] GC(72)     Total                          Min: 0, Avg:  0.0, Max: 0, Diff: 0, Sum: 0, Workers: 4
[3763.796s][debug][gc,phases      ] GC(72)   StringTable Weak               Min:  0.0, Avg:  0.1, Max:  0.1, Diff:  0.1, Sum:  0.4, Workers: 4
[3763.796s][debug][gc,phases      ] GC(72)     Dead                           Min: 0, Avg:  0.0, Max: 0, Diff: 0, Sum: 0, Workers: 4
[3763.796s][debug][gc,phases      ] GC(72)     Total                          Min: 0, Avg: 11636.8, Max: 16000, Diff: 16000, Sum: 46547, Workers: 4
[3763.796s][debug][gc,phases      ] GC(72)   ResolvedMethodTable Weak       Min:  0.0, Avg:  0.0, Max:  0.1, Diff:  0.1, Sum:  0.2, Workers: 4
[3763.796s][debug][gc,phases      ] GC(72)     Dead                           Min: 0, Avg:  4.0, Max: 12, Diff: 12, Sum: 16, Workers: 4
[3763.796s][debug][gc,phases      ] GC(72)     Total                          Min: 0, Avg: 3850.8, Max: 5514, Diff: 5514, Sum: 15403, Workers: 4
[3763.796s][debug][gc,phases      ] GC(72)   JNI Weak                       Min:  0.0, Avg:  0.0, Max:  0.0, Diff:  0.0, Sum:  0.0, Workers: 4
[3763.796s][debug][gc,phases      ] GC(72)     Dead                           Min: 0, Avg:  0.0, Max: 0, Diff: 0, Sum: 0, Workers: 4
[3763.796s][debug][gc,phases      ] GC(72)     Total                          Min: 0, Avg: 13.0, Max: 52, Diff: 52, Sum: 52, Workers: 4
[3763.796s][debug][gc,phases      ] GC(72)   StringDedup Table Weak         Min:  0.0, Avg:  0.0, Max:  0.0, Diff:  0.0, Sum:  0.0, Workers: 4
[3763.796s][debug][gc,phases      ] GC(72)     Dead                           Min: 0, Avg:  0.0, Max: 0, Diff: 0, Sum: 0, Workers: 4
[3763.796s][debug][gc,phases      ] GC(72)     Total                          Min: 0, Avg:  0.0, Max: 0, Diff: 0, Sum: 0, Workers: 4
[3763.796s][debug][gc,phases      ] GC(72)   StringDedup Requests0 Weak     Min:  0.0, Avg:  0.0, Max:  0.0, Diff:  0.0, Sum:  0.0, Workers: 4
[3763.796s][debug][gc,phases      ] GC(72)     Dead                           Min: 0, Avg:  0.0, Max: 0, Diff: 0, Sum: 0, Workers: 4
[3763.796s][debug][gc,phases      ] GC(72)     Total                          Min: 0, Avg:  0.0, Max: 0, Diff: 0, Sum: 0, Workers: 4
[3763.796s][debug][gc,phases      ] GC(72)   StringDedup Requests1 Weak     Min:  0.0, Avg:  0.0, Max:  0.0, Diff:  0.0, Sum:  0.0, Workers: 4
[3763.796s][debug][gc,phases      ] GC(72)     Dead                           Min: 0, Avg:  0.0, Max: 0, Diff: 0, Sum: 0, Workers: 4
[3763.796s][debug][gc,phases      ] GC(72)     Total                          Min: 0, Avg:  0.0, Max: 0, Diff: 0, Sum: 0, Workers: 4
[3763.796s][debug][gc,phases      ] GC(72)   Weak JFR Old Object Samples    Min:  0.0, Avg:  0.0, Max:  0.0, Diff:  0.0, Sum:  0.0, Workers: 4
[3763.796s][debug][gc,phases      ] GC(72)     Dead                           Min: 0, Avg:  0.0, Max: 0, Diff: 0, Sum: 0, Workers: 4
[3763.796s][debug][gc,phases      ] GC(72)     Total                          Min: 0, Avg:  0.0, Max: 0, Diff: 0, Sum: 0, Workers: 4
[3763.796s][debug][gc,phases      ] GC(72) Weak Processing 0.452ms
[3763.796s][debug][gc,age         ] GC(72) Desired survivor size 8912896 bytes, new threshold 1 (max threshold 15)
[3763.796s][info ][gc,heap        ] GC(72) PSYoungGen: 2081552K(2087424K)->2864K(2088448K) Eden: 2077696K(2077696K)->0K(2079232K) From: 3856K(9728K)->2864K(9216K)
[3763.796s][info ][gc,heap        ] GC(72) ParOldGen: 313269K(313344K)->314797K(314880K)
[3763.796s][info ][gc,metaspace   ] GC(72) Metaspace: 106749K(108160K)->106749K(108160K) NonClass: 90639K(91456K)->90639K(91456K) Class: 16110K(16704K)->16110K(16704K)
[3763.796s][info ][gc             ] GC(72) Pause Young (Allocation Failure) 2338M->310M(2347M) 4.201ms
[3763.796s][info ][gc,cpu         ] GC(72) User=0.01s Sys=0.00s Real=0.00s
[3763.796s][info ][safepoint      ] Safepoint "ParallelGCFailedAllocation", Time since last: 40599829510 ns, Reaching safepoint: 8800 ns, Cleanup: 5301 ns, At safepoint: 4289358 ns, Total: 4303459 ns
[3777.797s][info ][safepoint      ] Safepoint "Cleanup", Time since last: 14001091597 ns, Reaching safepoint: 6601 ns, Cleanup: 9900 ns, At safepoint: 7701 ns, Total: 24202 ns
[3810.212s][info ][safepoint      ] Safepoint "Cleanup", Time since last: 32414989850 ns, Reaching safepoint: 6001 ns, Cleanup: 9900 ns, At safepoint: 32902 ns, Total: 48803 ns
[3814.213s][info ][safepoint      ] Safepoint "Cleanup", Time since last: 4000338035 ns, Reaching safepoint: 7901 ns, Cleanup: 14201 ns, At safepoint: 9700 ns, Total: 31802 ns
[3826.214s][info ][safepoint      ] Safepoint "Cleanup", Time since last: 12000997329 ns, Reaching safepoint: 8001 ns, Cleanup: 13300 ns, At safepoint: 9201 ns, Total: 30502 ns
[3833.214s][info ][safepoint      ] Safepoint "Cleanup", Time since last: 7000581759 ns, Reaching safepoint: 6000 ns, Cleanup: 43103 ns, At safepoint: 5300 ns, Total: 54403 ns
[3834.214s][info ][safepoint      ] Safepoint "Cleanup", Time since last: 1000120117 ns, Reaching safepoint: 5500 ns, Cleanup: 32202 ns, At safepoint: 4700 ns, Total: 42402 ns
[3834.807s][info ][gc,start       ] GC(73) Pause Young (Allocation Failure)
[3834.810s][debug][gc,phases      ] GC(73) Scavenge 3.130ms
[3834.810s][debug][gc,ref         ] GC(73) ReferenceProcessor::execute queues: 1, RefProcThreadModel::Single, marks_oops_alive: false
[3834.810s][debug][gc,ref         ] GC(73) Skipped KeepAliveFinalRefsPhase of Reference Processing: no references
[3834.810s][debug][gc,ref         ] GC(73) Skipped PhantomRefsPhase of Reference Processing: no references
[3834.810s][debug][gc,phases      ] GC(73) Reference Processing 0.117ms
[3834.811s][debug][gc,phases      ] GC(73)   VM Weak                        Min:  0.0, Avg:  0.0, Max:  0.0, Diff:  0.0, Sum:  0.0, Workers: 4
[3834.811s][debug][gc,phases      ] GC(73)     Dead                           Min: 0, Avg:  0.0, Max: 0, Diff: 0, Sum: 0, Workers: 4
[3834.811s][debug][gc,phases      ] GC(73)     Total                          Min: 0, Avg: 256.2, Max: 512, Diff: 512, Sum: 1025, Workers: 4
[3834.811s][debug][gc,phases      ] GC(73)   ObjectSynchronizer Weak        Min:  0.0, Avg:  0.0, Max:  0.0, Diff:  0.0, Sum:  0.0, Workers: 4
[3834.811s][debug][gc,phases      ] GC(73)     Dead                           Min: 0, Avg:  0.0, Max: 0, Diff: 0, Sum: 0, Workers: 4
[3834.811s][debug][gc,phases      ] GC(73)     Total                          Min: 0, Avg:  1.0, Max: 4, Diff: 4, Sum: 4, Workers: 4
[3834.811s][debug][gc,phases      ] GC(73)   JVMTI Tag Weak OopStorage      Min:  0.0, Avg:  0.0, Max:  0.0, Diff:  0.0, Sum:  0.0, Workers: 4
[3834.811s][debug][gc,phases      ] GC(73)     Dead                           Min: 0, Avg:  0.0, Max: 0, Diff: 0, Sum: 0, Workers: 4
[3834.811s][debug][gc,phases      ] GC(73)     Total                          Min: 0, Avg:  0.0, Max: 0, Diff: 0, Sum: 0, Workers: 4
[3834.811s][debug][gc,phases      ] GC(73)   StringTable Weak               Min:  0.0, Avg:  0.1, Max:  0.1, Diff:  0.1, Sum:  0.4, Workers: 4
[3834.811s][debug][gc,phases      ] GC(73)     Dead                           Min: 0, Avg:  0.0, Max: 0, Diff: 0, Sum: 0, Workers: 4
[3834.811s][debug][gc,phases      ] GC(73)     Total                          Min: 0, Avg: 11637.2, Max: 17152, Diff: 17152, Sum: 46549, Workers: 4
[3834.811s][debug][gc,phases      ] GC(73)   ResolvedMethodTable Weak       Min:  0.0, Avg:  0.0, Max:  0.1, Diff:  0.1, Sum:  0.2, Workers: 4
[3834.811s][debug][gc,phases      ] GC(73)     Dead                           Min: 0, Avg:  4.0, Max: 16, Diff: 16, Sum: 16, Workers: 4
[3834.811s][debug][gc,phases      ] GC(73)     Total                          Min: 0, Avg: 3850.8, Max: 5651, Diff: 5651, Sum: 15403, Workers: 4
[3834.811s][debug][gc,phases      ] GC(73)   JNI Weak                       Min:  0.0, Avg:  0.0, Max:  0.0, Diff:  0.0, Sum:  0.0, Workers: 4
[3834.811s][debug][gc,phases      ] GC(73)     Dead                           Min: 0, Avg:  0.0, Max: 0, Diff: 0, Sum: 0, Workers: 4
[3834.811s][debug][gc,phases      ] GC(73)     Total                          Min: 0, Avg: 13.0, Max: 52, Diff: 52, Sum: 52, Workers: 4
[3834.811s][debug][gc,phases      ] GC(73)   StringDedup Table Weak         Min:  0.0, Avg:  0.0, Max:  0.0, Diff:  0.0, Sum:  0.0, Workers: 4
[3834.811s][debug][gc,phases      ] GC(73)     Dead                           Min: 0, Avg:  0.0, Max: 0, Diff: 0, Sum: 0, Workers: 4
[3834.811s][debug][gc,phases      ] GC(73)     Total                          Min: 0, Avg:  0.0, Max: 0, Diff: 0, Sum: 0, Workers: 4
[3834.811s][debug][gc,phases      ] GC(73)   StringDedup Requests0 Weak     Min:  0.0, Avg:  0.0, Max:  0.0, Diff:  0.0, Sum:  0.0, Workers: 4
[3834.811s][debug][gc,phases      ] GC(73)     Dead                           Min: 0, Avg:  0.0, Max: 0, Diff: 0, Sum: 0, Workers: 4
[3834.811s][debug][gc,phases      ] GC(73)     Total                          Min: 0, Avg:  0.0, Max: 0, Diff: 0, Sum: 0, Workers: 4
[3834.811s][debug][gc,phases      ] GC(73)   StringDedup Requests1 Weak     Min:  0.0, Avg:  0.0, Max:  0.0, Diff:  0.0, Sum:  0.0, Workers: 4
[3834.811s][debug][gc,phases      ] GC(73)     Dead                           Min: 0, Avg:  0.0, Max: 0, Diff: 0, Sum: 0, Workers: 4
[3834.811s][debug][gc,phases      ] GC(73)     Total                          Min: 0, Avg:  0.0, Max: 0, Diff: 0, Sum: 0, Workers: 4
[3834.811s][debug][gc,phases      ] GC(73)   Weak JFR Old Object Samples    Min:  0.0, Avg:  0.0, Max:  0.0, Diff:  0.0, Sum:  0.0, Workers: 4
[3834.811s][debug][gc,phases      ] GC(73)     Dead                           Min: 0, Avg:  0.0, Max: 0, Diff: 0, Sum: 0, Workers: 4
[3834.811s][debug][gc,phases      ] GC(73)     Total                          Min: 0, Avg:  0.0, Max: 0, Diff: 0, Sum: 0, Workers: 4
[3834.811s][debug][gc,phases      ] GC(73) Weak Processing 0.443ms
[3834.811s][debug][gc,age         ] GC(73) Desired survivor size 8388608 bytes, new threshold 1 (max threshold 15)
[3834.811s][info ][gc,heap        ] GC(73) PSYoungGen: 2082096K(2088448K)->3456K(2087936K) Eden: 2079232K(2079232K)->0K(2079232K) From: 2864K(9216K)->3456K(8704K)
[3834.811s][info ][gc,heap        ] GC(73) ParOldGen: 314797K(314880K)->315217K(315392K)
[3834.811s][info ][gc,metaspace   ] GC(73) Metaspace: 106760K(108160K)->106760K(108160K) NonClass: 90649K(91456K)->90649K(91456K) Class: 16110K(16704K)->16110K(16704K)
[3834.811s][info ][gc             ] GC(73) Pause Young (Allocation Failure) 2340M->311M(2347M) 3.837ms
[3834.811s][info ][gc,cpu         ] GC(73) User=0.02s Sys=0.00s Real=0.01s
[3834.811s][info ][safepoint      ] Safepoint "ParallelGCFailedAllocation", Time since last: 592562809 ns, Reaching safepoint: 5901 ns, Cleanup: 28401 ns, At safepoint: 3915134 ns, Total: 3949436 ns
[3835.811s][info ][safepoint      ] Safepoint "Cleanup", Time since last: 1000097292 ns, Reaching safepoint: 7800 ns, Cleanup: 17601 ns, At safepoint: 4201 ns, Total: 29602 ns
[3838.811s][info ][safepoint      ] Safepoint "Cleanup", Time since last: 3000331179 ns, Reaching safepoint: 6200 ns, Cleanup: 15701 ns, At safepoint: 3300 ns, Total: 25201 ns
[3844.229s][info ][safepoint      ] Safepoint "Cleanup", Time since last: 5417711097 ns, Reaching safepoint: 6401 ns, Cleanup: 8600 ns, At safepoint: 6801 ns, Total: 21802 ns
[3850.230s][info ][safepoint      ] Safepoint "Cleanup", Time since last: 6000493816 ns, Reaching safepoint: 6100 ns, Cleanup: 11301 ns, At safepoint: 9200 ns, Total: 26601 ns
[3851.230s][info ][safepoint      ] Safepoint "Cleanup", Time since last: 1000121886 ns, Reaching safepoint: 6300 ns, Cleanup: 22702 ns, At safepoint: 10000 ns, Total: 39002 ns
[3858.230s][info ][safepoint      ] Safepoint "Cleanup", Time since last: 7000564851 ns, Reaching safepoint: 7000 ns, Cleanup: 11801 ns, At safepoint: 10300 ns, Total: 29101 ns
[3864.231s][info ][safepoint      ] Safepoint "Cleanup", Time since last: 6000504441 ns, Reaching safepoint: 9101 ns, Cleanup: 14801 ns, At safepoint: 7600 ns, Total: 31502 ns
[3869.231s][info ][safepoint      ] Safepoint "Cleanup", Time since last: 5000412444 ns, Reaching safepoint: 5501 ns, Cleanup: 10200 ns, At safepoint: 5001 ns, Total: 20702 ns
[3893.233s][info ][safepoint      ] Safepoint "Cleanup", Time since last: 24001867220 ns, Reaching safepoint: 6101 ns, Cleanup: 9400 ns, At safepoint: 9801 ns, Total: 25302 ns
[3895.234s][info ][safepoint      ] Safepoint "Cleanup", Time since last: 2000247310 ns, Reaching safepoint: 11100 ns, Cleanup: 13301 ns, At safepoint: 10101 ns, Total: 34502 ns
[3900.822s][info ][gc,start       ] GC(74) Pause Young (Allocation Failure)
[3900.827s][debug][gc,phases      ] GC(74) Scavenge 4.657ms
[3900.827s][debug][gc,ref         ] GC(74) ReferenceProcessor::execute queues: 1, RefProcThreadModel::Single, marks_oops_alive: false
[3900.827s][debug][gc,ref         ] GC(74) Skipped KeepAliveFinalRefsPhase of Reference Processing: no references
[3900.827s][debug][gc,ref         ] GC(74) Skipped PhantomRefsPhase of Reference Processing: no references
[3900.827s][debug][gc,phases      ] GC(74) Reference Processing 0.119ms
[3900.827s][debug][gc,phases      ] GC(74)   VM Weak                        Min:  0.0, Avg:  0.0, Max:  0.0, Diff:  0.0, Sum:  0.0, Workers: 4
[3900.827s][debug][gc,phases      ] GC(74)     Dead                           Min: 0, Avg:  0.0, Max: 0, Diff: 0, Sum: 0, Workers: 4
[3900.827s][debug][gc,phases      ] GC(74)     Total                          Min: 0, Avg: 256.2, Max: 512, Diff: 512, Sum: 1025, Workers: 4
[3900.827s][debug][gc,phases      ] GC(74)   ObjectSynchronizer Weak        Min:  0.0, Avg:  0.0, Max:  0.0, Diff:  0.0, Sum:  0.0, Workers: 4
[3900.828s][debug][gc,phases      ] GC(74)     Dead                           Min: 0, Avg:  0.0, Max: 0, Diff: 0, Sum: 0, Workers: 4
[3900.828s][debug][gc,phases      ] GC(74)     Total                          Min: 0, Avg:  1.0, Max: 4, Diff: 4, Sum: 4, Workers: 4
[3900.828s][debug][gc,phases      ] GC(74)   JVMTI Tag Weak OopStorage      Min:  0.0, Avg:  0.0, Max:  0.0, Diff:  0.0, Sum:  0.0, Workers: 4
[3900.828s][debug][gc,phases      ] GC(74)     Dead                           Min: 0, Avg:  0.0, Max: 0, Diff: 0, Sum: 0, Workers: 4
[3900.828s][debug][gc,phases      ] GC(74)     Total                          Min: 0, Avg:  0.0, Max: 0, Diff: 0, Sum: 0, Workers: 4
[3900.828s][debug][gc,phases      ] GC(74)   StringTable Weak               Min:  0.0, Avg:  0.1, Max:  0.1, Diff:  0.1, Sum:  0.4, Workers: 4
[3900.828s][debug][gc,phases      ] GC(74)     Dead                           Min: 0, Avg:  0.0, Max: 0, Diff: 0, Sum: 0, Workers: 4
[3900.828s][debug][gc,phases      ] GC(74)     Total                          Min: 0, Avg: 11637.2, Max: 16768, Diff: 16768, Sum: 46549, Workers: 4
[3900.828s][debug][gc,phases      ] GC(74)   ResolvedMethodTable Weak       Min:  0.0, Avg:  0.0, Max:  0.1, Diff:  0.1, Sum:  0.2, Workers: 4
[3900.828s][debug][gc,phases      ] GC(74)     Dead                           Min: 0, Avg:  4.0, Max: 12, Diff: 12, Sum: 16, Workers: 4
[3900.828s][debug][gc,phases      ] GC(74)     Total                          Min: 0, Avg: 3850.8, Max: 5504, Diff: 5504, Sum: 15403, Workers: 4
[3900.828s][debug][gc,phases      ] GC(74)   JNI Weak                       Min:  0.0, Avg:  0.0, Max:  0.0, Diff:  0.0, Sum:  0.0, Workers: 4
[3900.828s][debug][gc,phases      ] GC(74)     Dead                           Min: 0, Avg:  0.0, Max: 0, Diff: 0, Sum: 0, Workers: 4
[3900.828s][debug][gc,phases      ] GC(74)     Total                          Min: 0, Avg: 13.0, Max: 52, Diff: 52, Sum: 52, Workers: 4
[3900.828s][debug][gc,phases      ] GC(74)   StringDedup Table Weak         Min:  0.0, Avg:  0.0, Max:  0.0, Diff:  0.0, Sum:  0.0, Workers: 4
[3900.828s][debug][gc,phases      ] GC(74)     Dead                           Min: 0, Avg:  0.0, Max: 0, Diff: 0, Sum: 0, Workers: 4
[3900.828s][debug][gc,phases      ] GC(74)     Total                          Min: 0, Avg:  0.0, Max: 0, Diff: 0, Sum: 0, Workers: 4
[3900.828s][debug][gc,phases      ] GC(74)   StringDedup Requests0 Weak     Min:  0.0, Avg:  0.0, Max:  0.0, Diff:  0.0, Sum:  0.0, Workers: 4
[3900.828s][debug][gc,phases      ] GC(74)     Dead                           Min: 0, Avg:  0.0, Max: 0, Diff: 0, Sum: 0, Workers: 4
[3900.828s][debug][gc,phases      ] GC(74)     Total                          Min: 0, Avg:  0.0, Max: 0, Diff: 0, Sum: 0, Workers: 4
[3900.828s][debug][gc,phases      ] GC(74)   StringDedup Requests1 Weak     Min:  0.0, Avg:  0.0, Max:  0.0, Diff:  0.0, Sum:  0.0, Workers: 4
[3900.828s][debug][gc,phases      ] GC(74)     Dead                           Min: 0, Avg:  0.0, Max: 0, Diff: 0, Sum: 0, Workers: 4
[3900.828s][debug][gc,phases      ] GC(74)     Total                          Min: 0, Avg:  0.0, Max: 0, Diff: 0, Sum: 0, Workers: 4
[3900.828s][debug][gc,phases      ] GC(74)   Weak JFR Old Object Samples    Min:  0.0, Avg:  0.0, Max:  0.0, Diff:  0.0, Sum:  0.0, Workers: 4
[3900.828s][debug][gc,phases      ] GC(74)     Dead                           Min: 0, Avg:  0.0, Max: 0, Diff: 0, Sum: 0, Workers: 4
[3900.828s][debug][gc,phases      ] GC(74)     Total                          Min: 0, Avg:  0.0, Max: 0, Diff: 0, Sum: 0, Workers: 4
[3900.828s][debug][gc,phases      ] GC(74) Weak Processing 0.458ms
[3900.828s][debug][gc,age         ] GC(74) Desired survivor size 8388608 bytes, new threshold 1 (max threshold 15)
[3900.828s][info ][gc,heap        ] GC(74) PSYoungGen: 2082688K(2087936K)->4769K(2088960K) Eden: 2079232K(2079232K)->0K(2080768K) From: 3456K(8704K)->4769K(8192K)
[3900.828s][info ][gc,heap        ] GC(74) ParOldGen: 315217K(315392K)->316069K(316416K)
[3900.828s][info ][gc,metaspace   ] GC(74) Metaspace: 106776K(108160K)->106776K(108160K) NonClass: 90666K(91456K)->90666K(91456K) Class: 16110K(16704K)->16110K(16704K)
[3900.828s][info ][gc             ] GC(74) Pause Young (Allocation Failure) 2341M->313M(2349M) 5.380ms
[3900.828s][info ][gc,cpu         ] GC(74) User=0.02s Sys=0.00s Real=0.00s
[3900.828s][info ][safepoint      ] Safepoint "ParallelGCFailedAllocation", Time since last: 5588668674 ns, Reaching safepoint: 10001 ns, Cleanup: 5100 ns, At safepoint: 5494329 ns, Total: 5509430 ns
[3913.816s][info ][gc,start       ] GC(75) Pause Young (CodeCache GC Threshold)
[3913.821s][debug][gc,phases      ] GC(75) Scavenge 5.522ms
[3913.821s][debug][gc,ref         ] GC(75) ReferenceProcessor::execute queues: 1, RefProcThreadModel::Single, marks_oops_alive: false
[3913.822s][debug][gc,ref         ] GC(75) Skipped KeepAliveFinalRefsPhase of Reference Processing: no references
[3913.822s][debug][gc,ref         ] GC(75) ReferenceProcessor::execute queues: 1, RefProcThreadModel::Single, marks_oops_alive: false
[3913.822s][debug][gc,phases      ] GC(75) Reference Processing 0.122ms
[3913.822s][debug][gc,phases      ] GC(75)   VM Weak                        Min:  0.0, Avg:  0.0, Max:  0.0, Diff:  0.0, Sum:  0.0, Workers: 4
[3913.822s][debug][gc,phases      ] GC(75)     Dead                           Min: 0, Avg:  0.0, Max: 0, Diff: 0, Sum: 0, Workers: 4
[3913.822s][debug][gc,phases      ] GC(75)     Total                          Min: 0, Avg: 256.2, Max: 576, Diff: 576, Sum: 1025, Workers: 4
[3913.822s][debug][gc,phases      ] GC(75)   ObjectSynchronizer Weak        Min:  0.0, Avg:  0.0, Max:  0.0, Diff:  0.0, Sum:  0.0, Workers: 4
[3913.822s][debug][gc,phases      ] GC(75)     Dead                           Min: 0, Avg:  0.0, Max: 0, Diff: 0, Sum: 0, Workers: 4
[3913.822s][debug][gc,phases      ] GC(75)     Total                          Min: 0, Avg:  0.8, Max: 3, Diff: 3, Sum: 3, Workers: 4
[3913.822s][debug][gc,phases      ] GC(75)   JVMTI Tag Weak OopStorage      Min:  0.0, Avg:  0.0, Max:  0.0, Diff:  0.0, Sum:  0.0, Workers: 4
[3913.822s][debug][gc,phases      ] GC(75)     Dead                           Min: 0, Avg:  0.0, Max: 0, Diff: 0, Sum: 0, Workers: 4
[3913.822s][debug][gc,phases      ] GC(75)     Total                          Min: 0, Avg:  0.0, Max: 0, Diff: 0, Sum: 0, Workers: 4
[3913.822s][debug][gc,phases      ] GC(75)   StringTable Weak               Min:  0.0, Avg:  0.1, Max:  0.2, Diff:  0.2, Sum:  0.5, Workers: 4
[3913.822s][debug][gc,phases      ] GC(75)     Dead                           Min: 0, Avg:  0.0, Max: 0, Diff: 0, Sum: 0, Workers: 4
[3913.822s][debug][gc,phases      ] GC(75)     Total                          Min: 0, Avg: 11637.5, Max: 16320, Diff: 16320, Sum: 46550, Workers: 4
[3913.822s][debug][gc,phases      ] GC(75)   ResolvedMethodTable Weak       Min:  0.0, Avg:  0.0, Max:  0.1, Diff:  0.1, Sum:  0.2, Workers: 4
[3913.822s][debug][gc,phases      ] GC(75)     Dead                           Min: 0, Avg:  4.0, Max: 16, Diff: 16, Sum: 16, Workers: 4
[3913.822s][debug][gc,phases      ] GC(75)     Total                          Min: 0, Avg: 3850.8, Max: 5268, Diff: 5268, Sum: 15403, Workers: 4
[3913.822s][debug][gc,phases      ] GC(75)   JNI Weak                       Min:  0.0, Avg:  0.0, Max:  0.0, Diff:  0.0, Sum:  0.0, Workers: 4
[3913.822s][debug][gc,phases      ] GC(75)     Dead                           Min: 0, Avg:  0.0, Max: 0, Diff: 0, Sum: 0, Workers: 4
[3913.822s][debug][gc,phases      ] GC(75)     Total                          Min: 0, Avg: 13.2, Max: 53, Diff: 53, Sum: 53, Workers: 4
[3913.822s][debug][gc,phases      ] GC(75)   StringDedup Table Weak         Min:  0.0, Avg:  0.0, Max:  0.0, Diff:  0.0, Sum:  0.0, Workers: 4
[3913.822s][debug][gc,phases      ] GC(75)     Dead                           Min: 0, Avg:  0.0, Max: 0, Diff: 0, Sum: 0, Workers: 4
[3913.822s][debug][gc,phases      ] GC(75)     Total                          Min: 0, Avg:  0.0, Max: 0, Diff: 0, Sum: 0, Workers: 4
[3913.822s][debug][gc,phases      ] GC(75)   StringDedup Requests0 Weak     Min:  0.0, Avg:  0.0, Max:  0.0, Diff:  0.0, Sum:  0.0, Workers: 4
[3913.822s][debug][gc,phases      ] GC(75)     Dead                           Min: 0, Avg:  0.0, Max: 0, Diff: 0, Sum: 0, Workers: 4
[3913.822s][debug][gc,phases      ] GC(75)     Total                          Min: 0, Avg:  0.0, Max: 0, Diff: 0, Sum: 0, Workers: 4
[3913.822s][debug][gc,phases      ] GC(75)   StringDedup Requests1 Weak     Min:  0.0, Avg:  0.0, Max:  0.0, Diff:  0.0, Sum:  0.0, Workers: 4
[3913.822s][debug][gc,phases      ] GC(75)     Dead                           Min: 0, Avg:  0.0, Max: 0, Diff: 0, Sum: 0, Workers: 4
[3913.822s][debug][gc,phases      ] GC(75)     Total                          Min: 0, Avg:  0.0, Max: 0, Diff: 0, Sum: 0, Workers: 4
[3913.822s][debug][gc,phases      ] GC(75)   Weak JFR Old Object Samples    Min:  0.0, Avg:  0.0, Max:  0.0, Diff:  0.0, Sum:  0.0, Workers: 4
[3913.822s][debug][gc,phases      ] GC(75)     Dead                           Min: 0, Avg:  0.0, Max: 0, Diff: 0, Sum: 0, Workers: 4
[3913.822s][debug][gc,phases      ] GC(75)     Total                          Min: 0, Avg:  0.0, Max: 0, Diff: 0, Sum: 0, Workers: 4
[3913.822s][debug][gc,phases      ] GC(75) Weak Processing 0.457ms
[3913.822s][debug][gc,age         ] GC(75) Desired survivor size 8388608 bytes, new threshold 1 (max threshold 15)
[3913.822s][info ][gc,heap        ] GC(75) PSYoungGen: 440616K(2088960K)->2592K(2088960K) Eden: 435846K(2080768K)->0K(2080768K) From: 4769K(8192K)->2592K(8192K)
[3913.822s][info ][gc,heap        ] GC(75) ParOldGen: 316069K(316416K)->319679K(320000K)
[3913.822s][info ][gc,metaspace   ] GC(75) Metaspace: 106781K(108160K)->106781K(108160K) NonClass: 90671K(91456K)->90671K(91456K) Class: 16110K(16704K)->16110K(16704K)
[3913.822s][info ][gc             ] GC(75) Pause Young (CodeCache GC Threshold) 738M->314M(2352M) 6.232ms
[3913.822s][info ][gc,cpu         ] GC(75) User=0.00s Sys=0.01s Real=0.01s
[3913.822s][debug][gc,phases      ] GC(76) Pre Compact 0.008ms
[3913.822s][info ][gc,start       ] GC(76) Pause Full (CodeCache GC Threshold)
[3913.822s][info ][gc,phases,start] GC(76) Marking Phase
[3913.913s][debug][gc,phases      ] GC(76) Par Mark 90.893ms
[3913.914s][debug][gc,ref         ] GC(76) ReferenceProcessor::execute queues: 4, RefProcThreadModel::Multi, marks_oops_alive: false
[3913.914s][debug][gc,ref         ] GC(76) Skipped KeepAliveFinalRefsPhase of Reference Processing: no references
[3913.914s][debug][gc,ref         ] GC(76) ReferenceProcessor::execute queues: 1, RefProcThreadModel::Single, marks_oops_alive: false
[3913.914s][debug][gc,phases      ] GC(76) Reference Processing 1.033ms
[3913.914s][debug][gc,phases      ] GC(76)   VM Weak                        Min:  0.0, Avg:  0.0, Max:  0.0, Diff:  0.0, Sum:  0.0, Workers: 4
[3913.914s][debug][gc,phases      ] GC(76)     Dead                           Min: 0, Avg:  0.0, Max: 0, Diff: 0, Sum: 0, Workers: 4
[3913.914s][debug][gc,phases      ] GC(76)     Total                          Min: 128, Avg: 256.2, Max: 320, Diff: 192, Sum: 1025, Workers: 4
[3913.914s][debug][gc,phases      ] GC(76)   ObjectSynchronizer Weak        Min:  0.0, Avg:  0.0, Max:  0.0, Diff:  0.0, Sum:  0.0, Workers: 4
[3913.914s][debug][gc,phases      ] GC(76)     Dead                           Min: 0, Avg:  0.0, Max: 0, Diff: 0, Sum: 0, Workers: 4
[3913.914s][debug][gc,phases      ] GC(76)     Total                          Min: 0, Avg:  0.8, Max: 3, Diff: 3, Sum: 3, Workers: 4
[3913.915s][debug][gc,phases      ] GC(76)   JVMTI Tag Weak OopStorage      Min:  0.0, Avg:  0.0, Max:  0.0, Diff:  0.0, Sum:  0.0, Workers: 4
[3913.915s][debug][gc,phases      ] GC(76)     Dead                           Min: 0, Avg:  0.0, Max: 0, Diff: 0, Sum: 0, Workers: 4
[3913.915s][debug][gc,phases      ] GC(76)     Total                          Min: 0, Avg:  0.0, Max: 0, Diff: 0, Sum: 0, Workers: 4
[3913.915s][debug][gc,phases      ] GC(76)   StringTable Weak               Min:  0.2, Avg:  0.2, Max:  0.2, Diff:  0.0, Sum:  0.8, Workers: 4
[3913.915s][debug][gc,phases      ] GC(76)     Dead                           Min: 0, Avg:  0.0, Max: 0, Diff: 0, Sum: 0, Workers: 4
[3913.915s][debug][gc,phases      ] GC(76)     Total                          Min: 11392, Avg: 11637.5, Max: 11840, Diff: 448, Sum: 46550, Workers: 4
[3913.915s][debug][gc,phases      ] GC(76)   ResolvedMethodTable Weak       Min:  0.1, Avg:  0.1, Max:  0.1, Diff:  0.0, Sum:  0.3, Workers: 4
[3913.915s][debug][gc,phases      ] GC(76)     Dead                           Min: 0, Avg:  0.0, Max: 0, Diff: 0, Sum: 0, Workers: 4
[3913.915s][debug][gc,phases      ] GC(76)     Total                          Min: 2366, Avg: 3850.8, Max: 4435, Diff: 2069, Sum: 15403, Workers: 4
[3913.915s][debug][gc,phases      ] GC(76)   JNI Weak                       Min:  0.0, Avg:  0.0, Max:  0.0, Diff:  0.0, Sum:  0.0, Workers: 4
[3913.915s][debug][gc,phases      ] GC(76)     Dead                           Min: 0, Avg:  0.0, Max: 0, Diff: 0, Sum: 0, Workers: 4
[3913.915s][debug][gc,phases      ] GC(76)     Total                          Min: 0, Avg: 13.2, Max: 53, Diff: 53, Sum: 53, Workers: 4
[3913.915s][debug][gc,phases      ] GC(76)   StringDedup Table Weak         Min:  0.0, Avg:  0.0, Max:  0.0, Diff:  0.0, Sum:  0.0, Workers: 4
[3913.915s][debug][gc,phases      ] GC(76)     Dead                           Min: 0, Avg:  0.0, Max: 0, Diff: 0, Sum: 0, Workers: 4
[3913.915s][debug][gc,phases      ] GC(76)     Total                          Min: 0, Avg:  0.0, Max: 0, Diff: 0, Sum: 0, Workers: 4
[3913.915s][debug][gc,phases      ] GC(76)   StringDedup Requests0 Weak     Min:  0.0, Avg:  0.0, Max:  0.0, Diff:  0.0, Sum:  0.0, Workers: 4
[3913.915s][debug][gc,phases      ] GC(76)     Dead                           Min: 0, Avg:  0.0, Max: 0, Diff: 0, Sum: 0, Workers: 4
[3913.915s][debug][gc,phases      ] GC(76)     Total                          Min: 0, Avg:  0.0, Max: 0, Diff: 0, Sum: 0, Workers: 4
[3913.915s][debug][gc,phases      ] GC(76)   StringDedup Requests1 Weak     Min:  0.0, Avg:  0.0, Max:  0.0, Diff:  0.0, Sum:  0.0, Workers: 4
[3913.915s][debug][gc,phases      ] GC(76)     Dead                           Min: 0, Avg:  0.0, Max: 0, Diff: 0, Sum: 0, Workers: 4
[3913.915s][debug][gc,phases      ] GC(76)     Total                          Min: 0, Avg:  0.0, Max: 0, Diff: 0, Sum: 0, Workers: 4
[3913.915s][debug][gc,phases      ] GC(76)   Weak JFR Old Object Samples    Min:  0.0, Avg:  0.0, Max:  0.0, Diff:  0.0, Sum:  0.0, Workers: 4
[3913.915s][debug][gc,phases      ] GC(76)     Dead                           Min: 0, Avg:  0.0, Max: 0, Diff: 0, Sum: 0, Workers: 4
[3913.915s][debug][gc,phases      ] GC(76)     Total                          Min: 0, Avg:  0.0, Max: 0, Diff: 0, Sum: 0, Workers: 4
[3913.915s][debug][gc,phases      ] GC(76) Weak Processing 0.568ms
[3913.915s][debug][gc,phases      ] GC(76) ClassLoaderData 0.147ms
[3913.915s][debug][gc,phases      ] GC(76) Trigger cleanups 0.000ms
[3913.978s][debug][gc,phases      ] GC(76) Purge Unlinked NMethods 2.602ms
[3913.978s][debug][gc,phases      ] GC(76) Unregister NMethods 0.001ms
[3913.978s][debug][gc,phases      ] GC(76) Free Code Blobs 0.361ms
[3913.978s][debug][gc,phases      ] GC(76) Class Unloading 63.565ms
[3913.978s][debug][gc,phases      ] GC(76) Report Object Count 0.001ms
[3913.978s][info ][gc,phases      ] GC(76) Marking Phase 156.141ms
[3913.978s][info ][gc,phases,start] GC(76) Summary Phase
[3913.978s][info ][gc,phases      ] GC(76) Summary Phase 0.016ms
[3913.978s][info ][gc,phases,start] GC(76) Adjust Roots
[3914.000s][info ][gc,phases      ] GC(76) Adjust Roots 22.094ms
[3914.000s][info ][gc,phases,start] GC(76) Compaction Phase
[3914.096s][info ][gc,phases      ] GC(76) Compaction Phase 95.761ms
[3914.096s][info ][gc,phases,start] GC(76) Post Compact
[3914.098s][debug][gc,phases      ] GC(76) Purge Class Loader Data 0.829ms
[3914.098s][info ][gc,phases      ] GC(76) Post Compact 1.892ms
[3914.098s][info ][gc,heap        ] GC(76) PSYoungGen: 2592K(2088960K)->0K(2088960K) Eden: 0K(2080768K)->0K(2080768K) From: 2592K(8192K)->0K(8192K)
[3914.098s][info ][gc,heap        ] GC(76) ParOldGen: 319679K(320000K)->259487K(320000K)
[3914.098s][info ][gc,metaspace   ] GC(76) Metaspace: 106781K(108160K)->106781K(108160K) NonClass: 90671K(91456K)->90671K(91456K) Class: 16110K(16704K)->16110K(16704K)
[3914.098s][info ][gc             ] GC(76) Pause Full (CodeCache GC Threshold) 314M->253M(2352M) 276.064ms
[3914.098s][info ][gc,cpu         ] GC(76) User=0.80s Sys=0.02s Real=0.28s
[3914.098s][info ][safepoint      ] Safepoint "ParallelGCSystemGC", Time since last: 12987992016 ns, Reaching safepoint: 6700 ns, Cleanup: 13101 ns, At safepoint: 282455852 ns, Total: 282475653 ns
[3933.100s][info ][safepoint      ] Safepoint "Cleanup", Time since last: 19001433396 ns, Reaching safepoint: 7001 ns, Cleanup: 87405 ns, At safepoint: 22901 ns, Total: 117307 ns
[3953.101s][info ][safepoint      ] Safepoint "Cleanup", Time since last: 20001527933 ns, Reaching safepoint: 7401 ns, Cleanup: 8500 ns, At safepoint: 8801 ns, Total: 24702 ns
[3956.102s][info ][safepoint      ] Safepoint "Cleanup", Time since last: 3000270308 ns, Reaching safepoint: 7100 ns, Cleanup: 10501 ns, At safepoint: 11301 ns, Total: 28902 ns
[3958.102s][info ][safepoint      ] Safepoint "Cleanup", Time since last: 2000195886 ns, Reaching safepoint: 7300 ns, Cleanup: 10101 ns, At safepoint: 12201 ns, Total: 29602 ns
[3966.267s][info ][safepoint      ] Safepoint "Cleanup", Time since last: 8164776811 ns, Reaching safepoint: 6800 ns, Cleanup: 13101 ns, At safepoint: 7200 ns, Total: 27101 ns
[3972.586s][info ][gc,start       ] GC(77) Pause Young (Allocation Failure)
[3972.590s][debug][gc,phases      ] GC(77) Scavenge 3.770ms
[3972.590s][debug][gc,ref         ] GC(77) ReferenceProcessor::execute queues: 1, RefProcThreadModel::Single, marks_oops_alive: false
[3972.590s][debug][gc,ref         ] GC(77) Skipped KeepAliveFinalRefsPhase of Reference Processing: no references
[3972.590s][debug][gc,ref         ] GC(77) ReferenceProcessor::execute queues: 1, RefProcThreadModel::Single, marks_oops_alive: false
[3972.590s][debug][gc,phases      ] GC(77) Reference Processing 0.123ms
[3972.590s][debug][gc,phases      ] GC(77)   VM Weak                        Min:  0.0, Avg:  0.0, Max:  0.0, Diff:  0.0, Sum:  0.0, Workers: 4
[3972.590s][debug][gc,phases      ] GC(77)     Dead                           Min: 0, Avg:  0.0, Max: 0, Diff: 0, Sum: 0, Workers: 4
[3972.590s][debug][gc,phases      ] GC(77)     Total                          Min: 0, Avg: 256.2, Max: 705, Diff: 705, Sum: 1025, Workers: 4
[3972.590s][debug][gc,phases      ] GC(77)   ObjectSynchronizer Weak        Min:  0.0, Avg:  0.0, Max:  0.0, Diff:  0.0, Sum:  0.0, Workers: 4
[3972.590s][debug][gc,phases      ] GC(77)     Dead                           Min: 0, Avg:  0.0, Max: 0, Diff: 0, Sum: 0, Workers: 4
[3972.590s][debug][gc,phases      ] GC(77)     Total                          Min: 0, Avg:  0.8, Max: 3, Diff: 3, Sum: 3, Workers: 4
[3972.590s][debug][gc,phases      ] GC(77)   JVMTI Tag Weak OopStorage      Min:  0.0, Avg:  0.0, Max:  0.0, Diff:  0.0, Sum:  0.0, Workers: 4
[3972.590s][debug][gc,phases      ] GC(77)     Dead                           Min: 0, Avg:  0.0, Max: 0, Diff: 0, Sum: 0, Workers: 4
[3972.590s][debug][gc,phases      ] GC(77)     Total                          Min: 0, Avg:  0.0, Max: 0, Diff: 0, Sum: 0, Workers: 4
[3972.590s][debug][gc,phases      ] GC(77)   StringTable Weak               Min:  0.0, Avg:  0.1, Max:  0.1, Diff:  0.1, Sum:  0.4, Workers: 4
[3972.590s][debug][gc,phases      ] GC(77)     Dead                           Min: 0, Avg:  0.0, Max: 0, Diff: 0, Sum: 0, Workers: 4
[3972.590s][debug][gc,phases      ] GC(77)     Total                          Min: 0, Avg: 11637.8, Max: 16640, Diff: 16640, Sum: 46551, Workers: 4
[3972.591s][debug][gc,phases      ] GC(77)   ResolvedMethodTable Weak       Min:  0.0, Avg:  0.0, Max:  0.0, Diff:  0.0, Sum:  0.1, Workers: 4
[3972.591s][debug][gc,phases      ] GC(77)     Dead                           Min: 0, Avg:  4.0, Max: 16, Diff: 16, Sum: 16, Workers: 4
[3972.591s][debug][gc,phases      ] GC(77)     Total                          Min: 0, Avg: 3850.8, Max: 5416, Diff: 5416, Sum: 15403, Workers: 4
[3972.591s][debug][gc,phases      ] GC(77)   JNI Weak                       Min:  0.0, Avg:  0.0, Max:  0.0, Diff:  0.0, Sum:  0.0, Workers: 4
[3972.591s][debug][gc,phases      ] GC(77)     Dead                           Min: 0, Avg:  0.0, Max: 0, Diff: 0, Sum: 0, Workers: 4
[3972.591s][debug][gc,phases      ] GC(77)     Total                          Min: 0, Avg: 13.0, Max: 52, Diff: 52, Sum: 52, Workers: 4
[3972.591s][debug][gc,phases      ] GC(77)   StringDedup Table Weak         Min:  0.0, Avg:  0.0, Max:  0.0, Diff:  0.0, Sum:  0.0, Workers: 4
[3972.591s][debug][gc,phases      ] GC(77)     Dead                           Min: 0, Avg:  0.0, Max: 0, Diff: 0, Sum: 0, Workers: 4
[3972.591s][debug][gc,phases      ] GC(77)     Total                          Min: 0, Avg:  0.0, Max: 0, Diff: 0, Sum: 0, Workers: 4
[3972.591s][debug][gc,phases      ] GC(77)   StringDedup Requests0 Weak     Min:  0.0, Avg:  0.0, Max:  0.0, Diff:  0.0, Sum:  0.0, Workers: 4
[3972.591s][debug][gc,phases      ] GC(77)     Dead                           Min: 0, Avg:  0.0, Max: 0, Diff: 0, Sum: 0, Workers: 4
[3972.591s][debug][gc,phases      ] GC(77)     Total                          Min: 0, Avg:  0.0, Max: 0, Diff: 0, Sum: 0, Workers: 4
[3972.591s][debug][gc,phases      ] GC(77)   StringDedup Requests1 Weak     Min:  0.0, Avg:  0.0, Max:  0.0, Diff:  0.0, Sum:  0.0, Workers: 4
[3972.591s][debug][gc,phases      ] GC(77)     Dead                           Min: 0, Avg:  0.0, Max: 0, Diff: 0, Sum: 0, Workers: 4
[3972.591s][debug][gc,phases      ] GC(77)     Total                          Min: 0, Avg:  0.0, Max: 0, Diff: 0, Sum: 0, Workers: 4
[3972.591s][debug][gc,phases      ] GC(77)   Weak JFR Old Object Samples    Min:  0.0, Avg:  0.0, Max:  0.0, Diff:  0.0, Sum:  0.0, Workers: 4
[3972.591s][debug][gc,phases      ] GC(77)     Dead                           Min: 0, Avg:  0.0, Max: 0, Diff: 0, Sum: 0, Workers: 4
[3972.591s][debug][gc,phases      ] GC(77)     Total                          Min: 0, Avg:  0.0, Max: 0, Diff: 0, Sum: 0, Workers: 4
[3972.591s][debug][gc,phases      ] GC(77) Weak Processing 0.429ms
[3972.591s][debug][gc,age         ] GC(77) Desired survivor size 7864320 bytes, new threshold 1 (max threshold 15)
[3972.591s][info ][gc,heap        ] GC(77) PSYoungGen: 2080768K(2088960K)->4032K(2089472K) Eden: 2080768K(2080768K)->0K(2081280K) From: 0K(8192K)->4032K(8192K)
[3972.591s][info ][gc,heap        ] GC(77) ParOldGen: 259487K(320000K)->259487K(320000K)
[3972.591s][info ][gc,metaspace   ] GC(77) Metaspace: 106789K(108160K)->106789K(108160K) NonClass: 90679K(91456K)->90679K(91456K) Class: 16110K(16704K)->16110K(16704K)
[3972.591s][info ][gc             ] GC(77) Pause Young (Allocation Failure) 2285M->257M(2353M) 4.474ms
[3972.591s][info ][gc,cpu         ] GC(77) User=0.02s Sys=0.00s Real=0.01s
[3972.591s][info ][safepoint      ] Safepoint "ParallelGCFailedAllocation", Time since last: 6319414305 ns, Reaching safepoint: 79404 ns, Cleanup: 4901 ns, At safepoint: 4556472 ns, Total: 4640777 ns
[3976.591s][info ][safepoint      ] Safepoint "Cleanup", Time since last: 4000300294 ns, Reaching safepoint: 79205 ns, Cleanup: 13000 ns, At safepoint: 8001 ns, Total: 100206 ns
[3979.591s][info ][safepoint      ] Safepoint "Cleanup", Time since last: 3000266440 ns, Reaching safepoint: 79205 ns, Cleanup: 14701 ns, At safepoint: 9801 ns, Total: 103707 ns
[3981.500s][info ][safepoint      ] Safepoint "Cleanup", Time since last: 1907984602 ns, Reaching safepoint: 14601 ns, Cleanup: 148709 ns, At safepoint: 10501 ns, Total: 173811 ns
[3982.500s][info ][safepoint      ] Safepoint "Cleanup", Time since last: 1000147159 ns, Reaching safepoint: 7400 ns, Cleanup: 51304 ns, At safepoint: 8000 ns, Total: 66704 ns
[3983.500s][info ][safepoint      ] Safepoint "Cleanup", Time since last: 1000131358 ns, Reaching safepoint: 79005 ns, Cleanup: 51903 ns, At safepoint: 11501 ns, Total: 142409 ns
[3984.935s][info ][safepoint      ] Safepoint "ICBufferFull", Time since last: 1434435108 ns, Reaching safepoint: 6600 ns, Cleanup: 167810 ns, At safepoint: 9401 ns, Total: 183811 ns
[3985.935s][info ][safepoint      ] Safepoint "Cleanup", Time since last: 1000145520 ns, Reaching safepoint: 104406 ns, Cleanup: 118907 ns, At safepoint: 12501 ns, Total: 235814 ns
[3986.340s][info ][gc,start       ] GC(78) Pause Young (Allocation Failure)
[3986.364s][debug][gc,phases      ] GC(78) Scavenge 24.218ms
[3986.364s][debug][gc,ref         ] GC(78) ReferenceProcessor::execute queues: 1, RefProcThreadModel::Single, marks_oops_alive: false
[3986.364s][debug][gc,ref         ] GC(78) Skipped KeepAliveFinalRefsPhase of Reference Processing: no references
[3986.364s][debug][gc,ref         ] GC(78) ReferenceProcessor::execute queues: 1, RefProcThreadModel::Single, marks_oops_alive: false
[3986.364s][debug][gc,phases      ] GC(78) Reference Processing 0.142ms
[3986.365s][debug][gc,phases      ] GC(78)   VM Weak                        Min:  0.0, Avg:  0.0, Max:  0.0, Diff:  0.0, Sum:  0.0, Workers: 4
[3986.365s][debug][gc,phases      ] GC(78)     Dead                           Min: 0, Avg:  0.0, Max: 0, Diff: 0, Sum: 0, Workers: 4
[3986.365s][debug][gc,phases      ] GC(78)     Total                          Min: 0, Avg: 258.2, Max: 713, Diff: 713, Sum: 1033, Workers: 4
[3986.365s][debug][gc,phases      ] GC(78)   ObjectSynchronizer Weak        Min:  0.0, Avg:  0.0, Max:  0.0, Diff:  0.0, Sum:  0.0, Workers: 4
[3986.365s][debug][gc,phases      ] GC(78)     Dead                           Min: 0, Avg:  0.0, Max: 0, Diff: 0, Sum: 0, Workers: 4
[3986.365s][debug][gc,phases      ] GC(78)     Total                          Min: 0, Avg:  1.8, Max: 7, Diff: 7, Sum: 7, Workers: 4
[3986.365s][debug][gc,phases      ] GC(78)   JVMTI Tag Weak OopStorage      Min:  0.0, Avg:  0.0, Max:  0.0, Diff:  0.0, Sum:  0.0, Workers: 4
[3986.365s][debug][gc,phases      ] GC(78)     Dead                           Min: 0, Avg:  0.0, Max: 0, Diff: 0, Sum: 0, Workers: 4
[3986.365s][debug][gc,phases      ] GC(78)     Total                          Min: 0, Avg:  0.0, Max: 0, Diff: 0, Sum: 0, Workers: 4
[3986.365s][debug][gc,phases      ] GC(78)   StringTable Weak               Min:  0.0, Avg:  0.1, Max:  0.1, Diff:  0.1, Sum:  0.4, Workers: 4
[3986.365s][debug][gc,phases      ] GC(78)     Dead                           Min: 0, Avg:  1.0, Max: 2, Diff: 2, Sum: 4, Workers: 4
[3986.365s][debug][gc,phases      ] GC(78)     Total                          Min: 0, Avg: 11655.0, Max: 16128, Diff: 16128, Sum: 46620, Workers: 4
[3986.365s][debug][gc,phases      ] GC(78)   ResolvedMethodTable Weak       Min:  0.0, Avg:  0.0, Max:  0.1, Diff:  0.1, Sum:  0.2, Workers: 4
[3986.365s][debug][gc,phases      ] GC(78)     Dead                           Min: 0, Avg:  3.5, Max: 8, Diff: 8, Sum: 14, Workers: 4
[3986.365s][debug][gc,phases      ] GC(78)     Total                          Min: 0, Avg: 3870.8, Max: 5516, Diff: 5516, Sum: 15483, Workers: 4
[3986.365s][debug][gc,phases      ] GC(78)   JNI Weak                       Min:  0.0, Avg:  0.0, Max:  0.0, Diff:  0.0, Sum:  0.0, Workers: 4
[3986.365s][debug][gc,phases      ] GC(78)     Dead                           Min: 0, Avg:  0.0, Max: 0, Diff: 0, Sum: 0, Workers: 4
[3986.365s][debug][gc,phases      ] GC(78)     Total                          Min: 0, Avg: 13.0, Max: 52, Diff: 52, Sum: 52, Workers: 4
[3986.365s][debug][gc,phases      ] GC(78)   StringDedup Table Weak         Min:  0.0, Avg:  0.0, Max:  0.0, Diff:  0.0, Sum:  0.0, Workers: 4
[3986.365s][debug][gc,phases      ] GC(78)     Dead                           Min: 0, Avg:  0.0, Max: 0, Diff: 0, Sum: 0, Workers: 4
[3986.365s][debug][gc,phases      ] GC(78)     Total                          Min: 0, Avg:  0.0, Max: 0, Diff: 0, Sum: 0, Workers: 4
[3986.365s][debug][gc,phases      ] GC(78)   StringDedup Requests0 Weak     Min:  0.0, Avg:  0.0, Max:  0.0, Diff:  0.0, Sum:  0.0, Workers: 4
[3986.365s][debug][gc,phases      ] GC(78)     Dead                           Min: 0, Avg:  0.0, Max: 0, Diff: 0, Sum: 0, Workers: 4
[3986.365s][debug][gc,phases      ] GC(78)     Total                          Min: 0, Avg:  0.0, Max: 0, Diff: 0, Sum: 0, Workers: 4
[3986.365s][debug][gc,phases      ] GC(78)   StringDedup Requests1 Weak     Min:  0.0, Avg:  0.0, Max:  0.0, Diff:  0.0, Sum:  0.0, Workers: 4
[3986.365s][debug][gc,phases      ] GC(78)     Dead                           Min: 0, Avg:  0.0, Max: 0, Diff: 0, Sum: 0, Workers: 4
[3986.365s][debug][gc,phases      ] GC(78)     Total                          Min: 0, Avg:  0.0, Max: 0, Diff: 0, Sum: 0, Workers: 4
[3986.365s][debug][gc,phases      ] GC(78)   Weak JFR Old Object Samples    Min:  0.0, Avg:  0.0, Max:  0.0, Diff:  0.0, Sum:  0.0, Workers: 4
[3986.365s][debug][gc,phases      ] GC(78)     Dead                           Min: 0, Avg:  0.0, Max: 0, Diff: 0, Sum: 0, Workers: 4
[3986.365s][debug][gc,phases      ] GC(78)     Total                          Min: 0, Avg:  0.0, Max: 0, Diff: 0, Sum: 0, Workers: 4
[3986.365s][debug][gc,phases      ] GC(78) Weak Processing 0.444ms
[3986.365s][debug][gc,age         ] GC(78) Desired survivor size 29884416 bytes, new threshold 1 (max threshold 15)
[3986.365s][info ][gc,heap        ] GC(78) PSYoungGen: 2085305K(2089472K)->7664K(2088960K) Eden: 2081273K(2081280K)->0K(2081280K) From: 4032K(8192K)->7664K(7680K)
[3986.365s][info ][gc,heap        ] GC(78) ParOldGen: 259487K(320000K)->314785K(320000K)
[3986.365s][info ][gc,metaspace   ] GC(78) Metaspace: 107035K(108416K)->107035K(108416K) NonClass: 90894K(91712K)->90894K(91712K) Class: 16140K(16704K)->16140K(16704K)
[3986.365s][info ][gc             ] GC(78) Pause Young (Allocation Failure) 2289M->314M(2352M) 24.960ms
[3986.365s][info ][gc,cpu         ] GC(78) User=0.09s Sys=0.00s Real=0.02s
[3986.365s][info ][safepoint      ] Safepoint "ParallelGCFailedAllocation", Time since last: 404681330 ns, Reaching safepoint: 90005 ns, Cleanup: 20402 ns, At safepoint: 25061600 ns, Total: 25172007 ns
[3987.365s][info ][safepoint      ] Safepoint "Cleanup", Time since last: 1000088181 ns, Reaching safepoint: 5800 ns, Cleanup: 71604 ns, At safepoint: 9801 ns, Total: 87205 ns
[3988.365s][info ][safepoint      ] Safepoint "Cleanup", Time since last: 1000115882 ns, Reaching safepoint: 8600 ns, Cleanup: 81405 ns, At safepoint: 10901 ns, Total: 100906 ns
[3989.366s][info ][safepoint      ] Safepoint "Cleanup", Time since last: 1000131483 ns, Reaching safepoint: 83305 ns, Cleanup: 112806 ns, At safepoint: 30602 ns, Total: 226713 ns
[3990.366s][info ][safepoint      ] Safepoint "Cleanup", Time since last: 1000121583 ns, Reaching safepoint: 6700 ns, Cleanup: 61404 ns, At safepoint: 12200 ns, Total: 80304 ns
[3991.366s][info ][safepoint      ] Safepoint "Cleanup", Time since last: 1000123283 ns, Reaching safepoint: 6600 ns, Cleanup: 66604 ns, At safepoint: 12301 ns, Total: 85505 ns
[3992.366s][info ][safepoint      ] Safepoint "Cleanup", Time since last: 1000101481 ns, Reaching safepoint: 5501 ns, Cleanup: 27001 ns, At safepoint: 10301 ns, Total: 42803 ns
[3993.366s][info ][safepoint      ] Safepoint "Cleanup", Time since last: 1000120382 ns, Reaching safepoint: 11101 ns, Cleanup: 34202 ns, At safepoint: 13101 ns, Total: 58404 ns
[3994.367s][info ][safepoint      ] Safepoint "Cleanup", Time since last: 1000125384 ns, Reaching safepoint: 6801 ns, Cleanup: 104706 ns, At safepoint: 9901 ns, Total: 121408 ns
[3995.367s][info ][safepoint      ] Safepoint "Cleanup", Time since last: 1000121854 ns, Reaching safepoint: 7101 ns, Cleanup: 27401 ns, At safepoint: 8901 ns, Total: 43403 ns
[3996.367s][info ][safepoint      ] Safepoint "Cleanup", Time since last: 1000088353 ns, Reaching safepoint: 7200 ns, Cleanup: 37302 ns, At safepoint: 9001 ns, Total: 53503 ns
[3997.367s][info ][safepoint      ] Safepoint "Cleanup", Time since last: 1000130655 ns, Reaching safepoint: 6300 ns, Cleanup: 17101 ns, At safepoint: 7201 ns, Total: 30602 ns
[3998.367s][info ][safepoint      ] Safepoint "Cleanup", Time since last: 1000100853 ns, Reaching safepoint: 7901 ns, Cleanup: 10300 ns, At safepoint: 8001 ns, Total: 26202 ns
[3999.367s][info ][safepoint      ] Safepoint "Cleanup", Time since last: 1000124055 ns, Reaching safepoint: 6800 ns, Cleanup: 11701 ns, At safepoint: 6800 ns, Total: 25301 ns
[4000.368s][info ][safepoint      ] Safepoint "Cleanup", Time since last: 1000118555 ns, Reaching safepoint: 7400 ns, Cleanup: 35502 ns, At safepoint: 6701 ns, Total: 49603 ns
[4000.493s][info ][gc,start       ] GC(79) Pause Young (Allocation Failure)
[4000.522s][debug][gc,phases      ] GC(79) Scavenge 29.207ms
[4000.522s][debug][gc,ref         ] GC(79) ReferenceProcessor::execute queues: 1, RefProcThreadModel::Single, marks_oops_alive: false
[4000.522s][debug][gc,ref         ] GC(79) Skipped KeepAliveFinalRefsPhase of Reference Processing: no references
[4000.523s][debug][gc,ref         ] GC(79) ReferenceProcessor::execute queues: 1, RefProcThreadModel::Single, marks_oops_alive: false
[4000.523s][debug][gc,phases      ] GC(79) Reference Processing 0.134ms
[4000.523s][debug][gc,phases      ] GC(79)   VM Weak                        Min:  0.0, Avg:  0.0, Max:  0.0, Diff:  0.0, Sum:  0.0, Workers: 4
[4000.523s][debug][gc,phases      ] GC(79)     Dead                           Min: 0, Avg:  0.0, Max: 0, Diff: 0, Sum: 0, Workers: 4
[4000.523s][debug][gc,phases      ] GC(79)     Total                          Min: 0, Avg: 258.5, Max: 576, Diff: 576, Sum: 1034, Workers: 4
[4000.523s][debug][gc,phases      ] GC(79)   ObjectSynchronizer Weak        Min:  0.0, Avg:  0.0, Max:  0.0, Diff:  0.0, Sum:  0.0, Workers: 4
[4000.523s][debug][gc,phases      ] GC(79)     Dead                           Min: 0, Avg:  0.0, Max: 0, Diff: 0, Sum: 0, Workers: 4
[4000.523s][debug][gc,phases      ] GC(79)     Total                          Min: 0, Avg:  1.8, Max: 7, Diff: 7, Sum: 7, Workers: 4
[4000.523s][debug][gc,phases      ] GC(79)   JVMTI Tag Weak OopStorage      Min:  0.0, Avg:  0.0, Max:  0.0, Diff:  0.0, Sum:  0.0, Workers: 4
[4000.523s][debug][gc,phases      ] GC(79)     Dead                           Min: 0, Avg:  0.0, Max: 0, Diff: 0, Sum: 0, Workers: 4
[4000.523s][debug][gc,phases      ] GC(79)     Total                          Min: 0, Avg:  0.0, Max: 0, Diff: 0, Sum: 0, Workers: 4
[4000.523s][debug][gc,phases      ] GC(79)   StringTable Weak               Min:  0.0, Avg:  0.1, Max:  0.2, Diff:  0.2, Sum:  0.5, Workers: 4
[4000.523s][debug][gc,phases      ] GC(79)     Dead                           Min: 0, Avg:  0.2, Max: 1, Diff: 1, Sum: 1, Workers: 4
[4000.523s][debug][gc,phases      ] GC(79)     Total                          Min: 0, Avg: 11671.5, Max: 17408, Diff: 17408, Sum: 46686, Workers: 4
[4000.523s][debug][gc,phases      ] GC(79)   ResolvedMethodTable Weak       Min:  0.0, Avg:  0.0, Max:  0.1, Diff:  0.1, Sum:  0.2, Workers: 4
[4000.523s][debug][gc,phases      ] GC(79)     Dead                           Min: 0, Avg:  5.5, Max: 10, Diff: 10, Sum: 22, Workers: 4
[4000.523s][debug][gc,phases      ] GC(79)     Total                          Min: 0, Avg: 3877.5, Max: 5770, Diff: 5770, Sum: 15510, Workers: 4
[4000.523s][debug][gc,phases      ] GC(79)   JNI Weak                       Min:  0.0, Avg:  0.0, Max:  0.0, Diff:  0.0, Sum:  0.0, Workers: 4
[4000.523s][debug][gc,phases      ] GC(79)     Dead                           Min: 0, Avg:  0.0, Max: 0, Diff: 0, Sum: 0, Workers: 4
[4000.523s][debug][gc,phases      ] GC(79)     Total                          Min: 0, Avg: 13.0, Max: 52, Diff: 52, Sum: 52, Workers: 4
[4000.523s][debug][gc,phases      ] GC(79)   StringDedup Table Weak         Min:  0.0, Avg:  0.0, Max:  0.0, Diff:  0.0, Sum:  0.0, Workers: 4
[4000.523s][debug][gc,phases      ] GC(79)     Dead                           Min: 0, Avg:  0.0, Max: 0, Diff: 0, Sum: 0, Workers: 4
[4000.523s][debug][gc,phases      ] GC(79)     Total                          Min: 0, Avg:  0.0, Max: 0, Diff: 0, Sum: 0, Workers: 4
[4000.523s][debug][gc,phases      ] GC(79)   StringDedup Requests0 Weak     Min:  0.0, Avg:  0.0, Max:  0.0, Diff:  0.0, Sum:  0.0, Workers: 4
[4000.523s][debug][gc,phases      ] GC(79)     Dead                           Min: 0, Avg:  0.0, Max: 0, Diff: 0, Sum: 0, Workers: 4
[4000.523s][debug][gc,phases      ] GC(79)     Total                          Min: 0, Avg:  0.0, Max: 0, Diff: 0, Sum: 0, Workers: 4
[4000.523s][debug][gc,phases      ] GC(79)   StringDedup Requests1 Weak     Min:  0.0, Avg:  0.0, Max:  0.0, Diff:  0.0, Sum:  0.0, Workers: 4
[4000.523s][debug][gc,phases      ] GC(79)     Dead                           Min: 0, Avg:  0.0, Max: 0, Diff: 0, Sum: 0, Workers: 4
[4000.523s][debug][gc,phases      ] GC(79)     Total                          Min: 0, Avg:  0.0, Max: 0, Diff: 0, Sum: 0, Workers: 4
[4000.523s][debug][gc,phases      ] GC(79)   Weak JFR Old Object Samples    Min:  0.0, Avg:  0.0, Max:  0.0, Diff:  0.0, Sum:  0.0, Workers: 4
[4000.523s][debug][gc,phases      ] GC(79)     Dead                           Min: 0, Avg:  0.0, Max: 0, Diff: 0, Sum: 0, Workers: 4
[4000.523s][debug][gc,phases      ] GC(79)     Total                          Min: 0, Avg:  0.0, Max: 0, Diff: 0, Sum: 0, Workers: 4
[4000.523s][debug][gc,phases      ] GC(79) Weak Processing 0.446ms
[4000.523s][debug][gc,age         ] GC(79) Desired survivor size 46661632 bytes, new threshold 1 (max threshold 15)
[4000.523s][info ][gc,heap        ] GC(79) PSYoungGen: 2088944K(2088960K)->8160K(2014208K) Eden: 2081280K(2081280K)->0K(2006016K) From: 7664K(7680K)->8160K(8192K)
[4000.523s][info ][gc,heap        ] GC(79) ParOldGen: 314785K(320000K)->365201K(365568K)
[4000.523s][info ][gc,metaspace   ] GC(79) Metaspace: 107258K(108608K)->107258K(108608K) NonClass: 91103K(91904K)->91103K(91904K) Class: 16154K(16704K)->16154K(16704K)
[4000.523s][info ][gc             ] GC(79) Pause Young (Allocation Failure) 2347M->364M(2324M) 29.937ms
[4000.523s][info ][gc,cpu         ] GC(79) User=0.09s Sys=0.02s Real=0.03s
[4000.523s][info ][safepoint      ] Safepoint "ParallelGCFailedAllocation", Time since last: 125329763 ns, Reaching safepoint: 83005 ns, Cleanup: 9200 ns, At safepoint: 30035989 ns, Total: 30128194 ns
[4001.523s][info ][safepoint      ] Safepoint "Cleanup", Time since last: 1000115070 ns, Reaching safepoint: 10900 ns, Cleanup: 30602 ns, At safepoint: 6100 ns, Total: 47602 ns
[4002.523s][info ][safepoint      ] Safepoint "Cleanup", Time since last: 1000126835 ns, Reaching safepoint: 9301 ns, Cleanup: 12801 ns, At safepoint: 5500 ns, Total: 27602 ns
[4003.524s][info ][safepoint      ] Safepoint "Cleanup", Time since last: 1000138936 ns, Reaching safepoint: 9700 ns, Cleanup: 21301 ns, At safepoint: 5101 ns, Total: 36102 ns
[4004.524s][info ][safepoint      ] Safepoint "Cleanup", Time since last: 1000144036 ns, Reaching safepoint: 10100 ns, Cleanup: 25402 ns, At safepoint: 4600 ns, Total: 40102 ns
[4005.524s][info ][safepoint      ] Safepoint "Cleanup", Time since last: 1000141936 ns, Reaching safepoint: 9901 ns, Cleanup: 25201 ns, At safepoint: 4900 ns, Total: 40002 ns
[4006.524s][info ][safepoint      ] Safepoint "Cleanup", Time since last: 1000128836 ns, Reaching safepoint: 10100 ns, Cleanup: 13301 ns, At safepoint: 3600 ns, Total: 27001 ns
[4007.524s][info ][safepoint      ] Safepoint "Cleanup", Time since last: 1000126235 ns, Reaching safepoint: 9101 ns, Cleanup: 27101 ns, At safepoint: 2800 ns, Total: 39002 ns
[4008.524s][info ][safepoint      ] Safepoint "Cleanup", Time since last: 1000119735 ns, Reaching safepoint: 9300 ns, Cleanup: 18802 ns, At safepoint: 3000 ns, Total: 31102 ns
[4009.525s][info ][safepoint      ] Safepoint "Cleanup", Time since last: 1000130083 ns, Reaching safepoint: 7700 ns, Cleanup: 13001 ns, At safepoint: 3200 ns, Total: 23901 ns
[4011.371s][info ][safepoint      ] Safepoint "Cleanup", Time since last: 1846413329 ns, Reaching safepoint: 9901 ns, Cleanup: 44002 ns, At safepoint: 4801 ns, Total: 58704 ns
[4013.371s][info ][safepoint      ] Safepoint "Cleanup", Time since last: 2000212260 ns, Reaching safepoint: 7101 ns, Cleanup: 15301 ns, At safepoint: 5100 ns, Total: 27502 ns
[4014.371s][info ][safepoint      ] Safepoint "Cleanup", Time since last: 1000119831 ns, Reaching safepoint: 6700 ns, Cleanup: 19902 ns, At safepoint: 5800 ns, Total: 32402 ns
[4015.372s][info ][safepoint      ] Safepoint "Cleanup", Time since last: 1000121931 ns, Reaching safepoint: 7001 ns, Cleanup: 14500 ns, At safepoint: 5801 ns, Total: 27302 ns
[4017.372s][info ][safepoint      ] Safepoint "Cleanup", Time since last: 2000196558 ns, Reaching safepoint: 7000 ns, Cleanup: 11801 ns, At safepoint: 8100 ns, Total: 26901 ns
[4018.372s][info ][safepoint      ] Safepoint "Cleanup", Time since last: 1000113992 ns, Reaching safepoint: 6401 ns, Cleanup: 13600 ns, At safepoint: 8301 ns, Total: 28302 ns
[4019.372s][info ][safepoint      ] Safepoint "Cleanup", Time since last: 1000112788 ns, Reaching safepoint: 7100 ns, Cleanup: 20701 ns, At safepoint: 9801 ns, Total: 37602 ns
[4020.372s][info ][safepoint      ] Safepoint "Cleanup", Time since last: 1000129989 ns, Reaching safepoint: 7100 ns, Cleanup: 11701 ns, At safepoint: 9100 ns, Total: 27901 ns
[4022.285s][info ][safepoint      ] Safepoint "Cleanup", Time since last: 1912928748 ns, Reaching safepoint: 82305 ns, Cleanup: 10301 ns, At safepoint: 14801 ns, Total: 107407 ns
[4023.286s][info ][safepoint      ] Safepoint "Cleanup", Time since last: 1000118288 ns, Reaching safepoint: 103606 ns, Cleanup: 11501 ns, At safepoint: 16301 ns, Total: 131408 ns
[4024.286s][info ][safepoint      ] Safepoint "Cleanup", Time since last: 1000124888 ns, Reaching safepoint: 79505 ns, Cleanup: 11800 ns, At safepoint: 16701 ns, Total: 108006 ns
[4025.286s][info ][safepoint      ] Safepoint "Cleanup", Time since last: 1000138690 ns, Reaching safepoint: 80004 ns, Cleanup: 12601 ns, At safepoint: 21502 ns, Total: 114107 ns
[4026.800s][info ][safepoint      ] Safepoint "Cleanup", Time since last: 1513834547 ns, Reaching safepoint: 3100 ns, Cleanup: 10301 ns, At safepoint: 13900 ns, Total: 27301 ns
[4027.800s][info ][safepoint      ] Safepoint "Cleanup", Time since last: 1000117486 ns, Reaching safepoint: 7301 ns, Cleanup: 33202 ns, At safepoint: 12000 ns, Total: 52503 ns
[4029.800s][info ][safepoint      ] Safepoint "Cleanup", Time since last: 2000189470 ns, Reaching safepoint: 7100 ns, Cleanup: 7601 ns, At safepoint: 9400 ns, Total: 24101 ns
[4030.800s][info ][safepoint      ] Safepoint "Cleanup", Time since last: 1000116486 ns, Reaching safepoint: 6700 ns, Cleanup: 35403 ns, At safepoint: 9400 ns, Total: 51503 ns
[4031.801s][info ][safepoint      ] Safepoint "Cleanup", Time since last: 1000118186 ns, Reaching safepoint: 7201 ns, Cleanup: 9200 ns, At safepoint: 8201 ns, Total: 24602 ns
[4033.801s][info ][safepoint      ] Safepoint "Cleanup", Time since last: 2000212572 ns, Reaching safepoint: 9201 ns, Cleanup: 20001 ns, At safepoint: 7100 ns, Total: 36302 ns
[4034.801s][info ][safepoint      ] Safepoint "Cleanup", Time since last: 1000129555 ns, Reaching safepoint: 5801 ns, Cleanup: 7800 ns, At safepoint: 6701 ns, Total: 20302 ns
[4035.801s][info ][safepoint      ] Safepoint "Cleanup", Time since last: 1000205859 ns, Reaching safepoint: 12601 ns, Cleanup: 16001 ns, At safepoint: 8600 ns, Total: 37202 ns
[4036.801s][info ][safepoint      ] Safepoint "Cleanup", Time since last: 1000139956 ns, Reaching safepoint: 7400 ns, Cleanup: 9901 ns, At safepoint: 5900 ns, Total: 23201 ns
[4038.802s][info ][safepoint      ] Safepoint "Cleanup", Time since last: 2000215008 ns, Reaching safepoint: 6500 ns, Cleanup: 13401 ns, At safepoint: 5000 ns, Total: 24901 ns
[4039.802s][info ][safepoint      ] Safepoint "Cleanup", Time since last: 1000115454 ns, Reaching safepoint: 6101 ns, Cleanup: 10200 ns, At safepoint: 4400 ns, Total: 20701 ns
[4041.802s][info ][safepoint      ] Safepoint "Cleanup", Time since last: 2000185820 ns, Reaching safepoint: 6301 ns, Cleanup: 8600 ns, At safepoint: 2700 ns, Total: 17601 ns
[4042.038s][info ][gc,start       ] GC(80) Pause Young (Allocation Failure)
[4042.047s][debug][gc,phases      ] GC(80) Scavenge 8.861ms
[4042.047s][debug][gc,ref         ] GC(80) ReferenceProcessor::execute queues: 1, RefProcThreadModel::Single, marks_oops_alive: false
[4042.047s][debug][gc,ref         ] GC(80) Skipped KeepAliveFinalRefsPhase of Reference Processing: no references
[4042.047s][debug][gc,ref         ] GC(80) ReferenceProcessor::execute queues: 1, RefProcThreadModel::Single, marks_oops_alive: false
[4042.047s][debug][gc,phases      ] GC(80) Reference Processing 0.132ms
[4042.047s][debug][gc,phases      ] GC(80)   VM Weak                        Min:  0.0, Avg:  0.0, Max:  0.0, Diff:  0.0, Sum:  0.0, Workers: 4
[4042.047s][debug][gc,phases      ] GC(80)     Dead                           Min: 0, Avg:  0.0, Max: 0, Diff: 0, Sum: 0, Workers: 4
[4042.047s][debug][gc,phases      ] GC(80)     Total                          Min: 0, Avg: 258.5, Max: 586, Diff: 586, Sum: 1034, Workers: 4
[4042.047s][debug][gc,phases      ] GC(80)   ObjectSynchronizer Weak        Min:  0.0, Avg:  0.0, Max:  0.0, Diff:  0.0, Sum:  0.0, Workers: 4
[4042.047s][debug][gc,phases      ] GC(80)     Dead                           Min: 0, Avg:  0.0, Max: 0, Diff: 0, Sum: 0, Workers: 4
[4042.047s][debug][gc,phases      ] GC(80)     Total                          Min: 0, Avg:  0.8, Max: 3, Diff: 3, Sum: 3, Workers: 4
[4042.047s][debug][gc,phases      ] GC(80)   JVMTI Tag Weak OopStorage      Min:  0.0, Avg:  0.0, Max:  0.0, Diff:  0.0, Sum:  0.0, Workers: 4
[4042.047s][debug][gc,phases      ] GC(80)     Dead                           Min: 0, Avg:  0.0, Max: 0, Diff: 0, Sum: 0, Workers: 4
[4042.047s][debug][gc,phases      ] GC(80)     Total                          Min: 0, Avg:  0.0, Max: 0, Diff: 0, Sum: 0, Workers: 4
[4042.047s][debug][gc,phases      ] GC(80)   StringTable Weak               Min:  0.0, Avg:  0.1, Max:  0.1, Diff:  0.1, Sum:  0.4, Workers: 4
[4042.047s][debug][gc,phases      ] GC(80)     Dead                           Min: 0, Avg:  0.5, Max: 2, Diff: 2, Sum: 2, Workers: 4
[4042.047s][debug][gc,phases      ] GC(80)     Total                          Min: 0, Avg: 11683.8, Max: 17216, Diff: 17216, Sum: 46735, Workers: 4
[4042.047s][debug][gc,phases      ] GC(80)   ResolvedMethodTable Weak       Min:  0.0, Avg:  0.0, Max:  0.1, Diff:  0.1, Sum:  0.2, Workers: 4
[4042.047s][debug][gc,phases      ] GC(80)     Dead                           Min: 0, Avg:  5.5, Max: 18, Diff: 18, Sum: 22, Workers: 4
[4042.047s][debug][gc,phases      ] GC(80)     Total                          Min: 0, Avg: 3888.8, Max: 5924, Diff: 5924, Sum: 15555, Workers: 4
[4042.047s][debug][gc,phases      ] GC(80)   JNI Weak                       Min:  0.0, Avg:  0.0, Max:  0.0, Diff:  0.0, Sum:  0.0, Workers: 4
[4042.047s][debug][gc,phases      ] GC(80)     Dead                           Min: 0, Avg:  0.0, Max: 0, Diff: 0, Sum: 0, Workers: 4
[4042.047s][debug][gc,phases      ] GC(80)     Total                          Min: 0, Avg: 13.0, Max: 52, Diff: 52, Sum: 52, Workers: 4
[4042.047s][debug][gc,phases      ] GC(80)   StringDedup Table Weak         Min:  0.0, Avg:  0.0, Max:  0.0, Diff:  0.0, Sum:  0.0, Workers: 4
[4042.047s][debug][gc,phases      ] GC(80)     Dead                           Min: 0, Avg:  0.0, Max: 0, Diff: 0, Sum: 0, Workers: 4
[4042.047s][debug][gc,phases      ] GC(80)     Total                          Min: 0, Avg:  0.0, Max: 0, Diff: 0, Sum: 0, Workers: 4
[4042.047s][debug][gc,phases      ] GC(80)   StringDedup Requests0 Weak     Min:  0.0, Avg:  0.0, Max:  0.0, Diff:  0.0, Sum:  0.0, Workers: 4
[4042.047s][debug][gc,phases      ] GC(80)     Dead                           Min: 0, Avg:  0.0, Max: 0, Diff: 0, Sum: 0, Workers: 4
[4042.047s][debug][gc,phases      ] GC(80)     Total                          Min: 0, Avg:  0.0, Max: 0, Diff: 0, Sum: 0, Workers: 4
[4042.047s][debug][gc,phases      ] GC(80)   StringDedup Requests1 Weak     Min:  0.0, Avg:  0.0, Max:  0.0, Diff:  0.0, Sum:  0.0, Workers: 4
[4042.047s][debug][gc,phases      ] GC(80)     Dead                           Min: 0, Avg:  0.0, Max: 0, Diff: 0, Sum: 0, Workers: 4
[4042.047s][debug][gc,phases      ] GC(80)     Total                          Min: 0, Avg:  0.0, Max: 0, Diff: 0, Sum: 0, Workers: 4
[4042.047s][debug][gc,phases      ] GC(80)   Weak JFR Old Object Samples    Min:  0.0, Avg:  0.0, Max:  0.0, Diff:  0.0, Sum:  0.0, Workers: 4
[4042.047s][debug][gc,phases      ] GC(80)     Dead                           Min: 0, Avg:  0.0, Max: 0, Diff: 0, Sum: 0, Workers: 4
[4042.047s][debug][gc,phases      ] GC(80)     Total                          Min: 0, Avg:  0.0, Max: 0, Diff: 0, Sum: 0, Workers: 4
[4042.047s][debug][gc,phases      ] GC(80) Weak Processing 0.450ms
[4042.047s][debug][gc,age         ] GC(80) Desired survivor size 44040192 bytes, new threshold 1 (max threshold 15)
[4042.047s][info ][gc,heap        ] GC(80) PSYoungGen: 2014176K(2014208K)->9728K(2051584K) Eden: 2006016K(2006016K)->0K(2006016K) From: 8160K(8192K)->9728K(45568K)
[4042.047s][info ][gc,heap        ] GC(80) ParOldGen: 365201K(365568K)->372998K(373248K)
[4042.047s][info ][gc,metaspace   ] GC(80) Metaspace: 107547K(108928K)->107547K(108928K) NonClass: 91367K(92160K)->91367K(92160K) Class: 16180K(16768K)->16180K(16768K)
[4042.047s][info ][gc             ] GC(80) Pause Young (Allocation Failure) 2323M->373M(2368M) 9.602ms
[4042.047s][info ][gc,cpu         ] GC(80) User=0.03s Sys=0.00s Real=0.00s
[4042.047s][info ][safepoint      ] Safepoint "ParallelGCFailedAllocation", Time since last: 235600041 ns, Reaching safepoint: 7201 ns, Cleanup: 4300 ns, At safepoint: 9682177 ns, Total: 9693678 ns
[4044.048s][info ][safepoint      ] Safepoint "Cleanup", Time since last: 2000209206 ns, Reaching safepoint: 7200 ns, Cleanup: 18701 ns, At safepoint: 3500 ns, Total: 29401 ns
[4045.048s][info ][safepoint      ] Safepoint "Cleanup", Time since last: 1000118204 ns, Reaching safepoint: 6500 ns, Cleanup: 21502 ns, At safepoint: 3700 ns, Total: 31702 ns
[4046.048s][info ][safepoint      ] Safepoint "Cleanup", Time since last: 1000112503 ns, Reaching safepoint: 6401 ns, Cleanup: 11400 ns, At safepoint: 4501 ns, Total: 22302 ns
[4047.048s][info ][safepoint      ] Safepoint "Cleanup", Time since last: 1000116403 ns, Reaching safepoint: 7201 ns, Cleanup: 16401 ns, At safepoint: 5000 ns, Total: 28602 ns
[4050.048s][info ][safepoint      ] Safepoint "Cleanup", Time since last: 3000279926 ns, Reaching safepoint: 7801 ns, Cleanup: 8200 ns, At safepoint: 6800 ns, Total: 22801 ns
[4051.048s][info ][safepoint      ] Safepoint "Cleanup", Time since last: 1000108169 ns, Reaching safepoint: 7500 ns, Cleanup: 14701 ns, At safepoint: 7200 ns, Total: 29401 ns
[4052.049s][info ][safepoint      ] Safepoint "Cleanup", Time since last: 1000122369 ns, Reaching safepoint: 6201 ns, Cleanup: 12400 ns, At safepoint: 7701 ns, Total: 26302 ns
[4053.049s][info ][safepoint      ] Safepoint "Cleanup", Time since last: 1000121669 ns, Reaching safepoint: 5000 ns, Cleanup: 9201 ns, At safepoint: 8800 ns, Total: 23001 ns
[4054.049s][info ][safepoint      ] Safepoint "Cleanup", Time since last: 1000105868 ns, Reaching safepoint: 7001 ns, Cleanup: 11400 ns, At safepoint: 9801 ns, Total: 28202 ns
[4055.049s][info ][safepoint      ] Safepoint "Cleanup", Time since last: 1000127669 ns, Reaching safepoint: 6301 ns, Cleanup: 11000 ns, At safepoint: 10401 ns, Total: 27702 ns
[4056.049s][info ][safepoint      ] Safepoint "Cleanup", Time since last: 1000123469 ns, Reaching safepoint: 7200 ns, Cleanup: 9801 ns, At safepoint: 10901 ns, Total: 27902 ns
[4057.049s][info ][safepoint      ] Safepoint "Cleanup", Time since last: 1000120969 ns, Reaching safepoint: 6400 ns, Cleanup: 10401 ns, At safepoint: 11100 ns, Total: 27901 ns
[4058.049s][info ][safepoint      ] Safepoint "Cleanup", Time since last: 1000114796 ns, Reaching safepoint: 79005 ns, Cleanup: 23101 ns, At safepoint: 15201 ns, Total: 117307 ns
[4059.050s][info ][safepoint      ] Safepoint "Cleanup", Time since last: 1000113403 ns, Reaching safepoint: 81405 ns, Cleanup: 22901 ns, At safepoint: 17601 ns, Total: 121907 ns
[4061.050s][info ][safepoint      ] Safepoint "Cleanup", Time since last: 2000183803 ns, Reaching safepoint: 6201 ns, Cleanup: 13200 ns, At safepoint: 11701 ns, Total: 31102 ns
[4062.050s][info ][safepoint      ] Safepoint "Cleanup", Time since last: 1000137704 ns, Reaching safepoint: 8401 ns, Cleanup: 26201 ns, At safepoint: 11001 ns, Total: 45603 ns
[4062.595s][info ][gc,start       ] GC(81) Pause Young (Allocation Failure)
[4062.613s][debug][gc,phases      ] GC(81) Scavenge 17.614ms
[4062.613s][debug][gc,ref         ] GC(81) ReferenceProcessor::execute queues: 1, RefProcThreadModel::Single, marks_oops_alive: false
[4062.613s][debug][gc,ref         ] GC(81) Skipped KeepAliveFinalRefsPhase of Reference Processing: no references
[4062.613s][debug][gc,ref         ] GC(81) ReferenceProcessor::execute queues: 1, RefProcThreadModel::Single, marks_oops_alive: false
[4062.613s][debug][gc,phases      ] GC(81) Reference Processing 0.122ms
[4062.614s][debug][gc,phases      ] GC(81)   VM Weak                        Min:  0.0, Avg:  0.0, Max:  0.0, Diff:  0.0, Sum:  0.0, Workers: 4
[4062.614s][debug][gc,phases      ] GC(81)     Dead                           Min: 0, Avg:  0.0, Max: 0, Diff: 0, Sum: 0, Workers: 4
[4062.614s][debug][gc,phases      ] GC(81)     Total                          Min: 0, Avg: 258.8, Max: 704, Diff: 704, Sum: 1035, Workers: 4
[4062.614s][debug][gc,phases      ] GC(81)   ObjectSynchronizer Weak        Min:  0.0, Avg:  0.0, Max:  0.0, Diff:  0.0, Sum:  0.0, Workers: 4
[4062.614s][debug][gc,phases      ] GC(81)     Dead                           Min: 0, Avg:  0.0, Max: 0, Diff: 0, Sum: 0, Workers: 4
[4062.614s][debug][gc,phases      ] GC(81)     Total                          Min: 0, Avg:  1.2, Max: 5, Diff: 5, Sum: 5, Workers: 4
[4062.614s][debug][gc,phases      ] GC(81)   JVMTI Tag Weak OopStorage      Min:  0.0, Avg:  0.0, Max:  0.0, Diff:  0.0, Sum:  0.0, Workers: 4
[4062.614s][debug][gc,phases      ] GC(81)     Dead                           Min: 0, Avg:  0.0, Max: 0, Diff: 0, Sum: 0, Workers: 4
[4062.614s][debug][gc,phases      ] GC(81)     Total                          Min: 0, Avg:  0.0, Max: 0, Diff: 0, Sum: 0, Workers: 4
[4062.614s][debug][gc,phases      ] GC(81)   StringTable Weak               Min:  0.0, Avg:  0.1, Max:  0.2, Diff:  0.2, Sum:  0.5, Workers: 4
[4062.614s][debug][gc,phases      ] GC(81)     Dead                           Min: 0, Avg:  0.0, Max: 0, Diff: 0, Sum: 0, Workers: 4
[4062.614s][debug][gc,phases      ] GC(81)     Total                          Min: 0, Avg: 11685.5, Max: 16192, Diff: 16192, Sum: 46742, Workers: 4
[4062.614s][debug][gc,phases      ] GC(81)   ResolvedMethodTable Weak       Min:  0.0, Avg:  0.0, Max:  0.1, Diff:  0.1, Sum:  0.2, Workers: 4
[4062.614s][debug][gc,phases      ] GC(81)     Dead                           Min: 0, Avg:  0.5, Max: 2, Diff: 2, Sum: 2, Workers: 4
[4062.614s][debug][gc,phases      ] GC(81)     Total                          Min: 0, Avg: 3891.0, Max: 5909, Diff: 5909, Sum: 15564, Workers: 4
[4062.614s][debug][gc,phases      ] GC(81)   JNI Weak                       Min:  0.0, Avg:  0.0, Max:  0.0, Diff:  0.0, Sum:  0.0, Workers: 4
[4062.614s][debug][gc,phases      ] GC(81)     Dead                           Min: 0, Avg:  0.0, Max: 0, Diff: 0, Sum: 0, Workers: 4
[4062.614s][debug][gc,phases      ] GC(81)     Total                          Min: 0, Avg: 13.0, Max: 52, Diff: 52, Sum: 52, Workers: 4
[4062.614s][debug][gc,phases      ] GC(81)   StringDedup Table Weak         Min:  0.0, Avg:  0.0, Max:  0.0, Diff:  0.0, Sum:  0.0, Workers: 4
[4062.614s][debug][gc,phases      ] GC(81)     Dead                           Min: 0, Avg:  0.0, Max: 0, Diff: 0, Sum: 0, Workers: 4
[4062.614s][debug][gc,phases      ] GC(81)     Total                          Min: 0, Avg:  0.0, Max: 0, Diff: 0, Sum: 0, Workers: 4
[4062.614s][debug][gc,phases      ] GC(81)   StringDedup Requests0 Weak     Min:  0.0, Avg:  0.0, Max:  0.0, Diff:  0.0, Sum:  0.0, Workers: 4
[4062.614s][debug][gc,phases      ] GC(81)     Dead                           Min: 0, Avg:  0.0, Max: 0, Diff: 0, Sum: 0, Workers: 4
[4062.614s][debug][gc,phases      ] GC(81)     Total                          Min: 0, Avg:  0.0, Max: 0, Diff: 0, Sum: 0, Workers: 4
[4062.614s][debug][gc,phases      ] GC(81)   StringDedup Requests1 Weak     Min:  0.0, Avg:  0.0, Max:  0.0, Diff:  0.0, Sum:  0.0, Workers: 4
[4062.614s][debug][gc,phases      ] GC(81)     Dead                           Min: 0, Avg:  0.0, Max: 0, Diff: 0, Sum: 0, Workers: 4
[4062.614s][debug][gc,phases      ] GC(81)     Total                          Min: 0, Avg:  0.0, Max: 0, Diff: 0, Sum: 0, Workers: 4
[4062.614s][debug][gc,phases      ] GC(81)   Weak JFR Old Object Samples    Min:  0.0, Avg:  0.0, Max:  0.0, Diff:  0.0, Sum:  0.0, Workers: 4
[4062.614s][debug][gc,phases      ] GC(81)     Dead                           Min: 0, Avg:  0.0, Max: 0, Diff: 0, Sum: 0, Workers: 4
[4062.614s][debug][gc,phases      ] GC(81)     Total                          Min: 0, Avg:  0.0, Max: 0, Diff: 0, Sum: 0, Workers: 4
[4062.614s][debug][gc,phases      ] GC(81) Weak Processing 0.469ms
[4062.614s][debug][gc,age         ] GC(81) Desired survivor size 48234496 bytes, new threshold 1 (max threshold 15)
[4062.614s][info ][gc,heap        ] GC(81) PSYoungGen: 2015744K(2051584K)->32323K(2045952K) Eden: 2006016K(2006016K)->0K(2002944K) From: 9728K(45568K)->32323K(43008K)
[4062.614s][info ][gc,heap        ] GC(81) ParOldGen: 372998K(373248K)->378266K(378368K)
[4062.614s][info ][gc,metaspace   ] GC(81) Metaspace: 107586K(108928K)->107586K(108928K) NonClass: 91403K(92160K)->91403K(92160K) Class: 16183K(16768K)->16183K(16768K)
[4062.614s][info ][gc             ] GC(81) Pause Young (Allocation Failure) 2332M->400M(2367M) 18.346ms
[4062.614s][info ][gc,cpu         ] GC(81) User=0.07s Sys=0.00s Real=0.02s
[4062.614s][info ][safepoint      ] Safepoint "ParallelGCFailedAllocation", Time since last: 545160044 ns, Reaching safepoint: 154809 ns, Cleanup: 12601 ns, At safepoint: 18441001 ns, Total: 18608411 ns
[4063.614s][info ][safepoint      ] Safepoint "Cleanup", Time since last: 1000097402 ns, Reaching safepoint: 7100 ns, Cleanup: 11901 ns, At safepoint: 9800 ns, Total: 28801 ns
[4066.614s][info ][safepoint      ] Safepoint "Cleanup", Time since last: 3000258047 ns, Reaching safepoint: 5500 ns, Cleanup: 22901 ns, At safepoint: 8101 ns, Total: 36502 ns
[4067.614s][info ][safepoint      ] Safepoint "Cleanup", Time since last: 1000109149 ns, Reaching safepoint: 6200 ns, Cleanup: 10201 ns, At safepoint: 7800 ns, Total: 24201 ns
[4069.615s][info ][safepoint      ] Safepoint "Cleanup", Time since last: 2000183196 ns, Reaching safepoint: 6301 ns, Cleanup: 12200 ns, At safepoint: 6401 ns, Total: 24902 ns
[4073.615s][info ][safepoint      ] Safepoint "Cleanup", Time since last: 4000318276 ns, Reaching safepoint: 6900 ns, Cleanup: 10701 ns, At safepoint: 4400 ns, Total: 22001 ns
[4075.615s][info ][safepoint      ] Safepoint "Cleanup", Time since last: 2000256581 ns, Reaching safepoint: 11301 ns, Cleanup: 20501 ns, At safepoint: 4100 ns, Total: 35902 ns
[4077.616s][info ][safepoint      ] Safepoint "Cleanup", Time since last: 2000207578 ns, Reaching safepoint: 7101 ns, Cleanup: 17701 ns, At safepoint: 32402 ns, Total: 57204 ns
[4082.304s][info ][safepoint      ] Safepoint "Cleanup", Time since last: 4688117411 ns, Reaching safepoint: 6700 ns, Cleanup: 18802 ns, At safepoint: 6900 ns, Total: 32402 ns
[4086.304s][info ][safepoint      ] Safepoint "Cleanup", Time since last: 4000373439 ns, Reaching safepoint: 6500 ns, Cleanup: 9501 ns, At safepoint: 9100 ns, Total: 25101 ns
[4087.304s][info ][safepoint      ] Safepoint "Cleanup", Time since last: 1000119187 ns, Reaching safepoint: 5600 ns, Cleanup: 8801 ns, At safepoint: 9700 ns, Total: 24101 ns
[4090.305s][info ][safepoint      ] Safepoint "Cleanup", Time since last: 3000251363 ns, Reaching safepoint: 7600 ns, Cleanup: 12801 ns, At safepoint: 11801 ns, Total: 32202 ns
[4095.140s][info ][gc,start       ] GC(82) Pause Young (Allocation Failure)
[4095.162s][debug][gc,phases      ] GC(82) Scavenge 22.196ms
[4095.162s][debug][gc,ref         ] GC(82) ReferenceProcessor::execute queues: 1, RefProcThreadModel::Single, marks_oops_alive: false
[4095.162s][debug][gc,ref         ] GC(82) Skipped KeepAliveFinalRefsPhase of Reference Processing: no references
[4095.162s][debug][gc,ref         ] GC(82) ReferenceProcessor::execute queues: 1, RefProcThreadModel::Single, marks_oops_alive: false
[4095.162s][debug][gc,phases      ] GC(82) Reference Processing 0.121ms
[4095.162s][debug][gc,phases      ] GC(82)   VM Weak                        Min:  0.0, Avg:  0.0, Max:  0.0, Diff:  0.0, Sum:  0.0, Workers: 4
[4095.162s][debug][gc,phases      ] GC(82)     Dead                           Min: 0, Avg:  0.0, Max: 0, Diff: 0, Sum: 0, Workers: 4
[4095.162s][debug][gc,phases      ] GC(82)     Total                          Min: 0, Avg: 258.8, Max: 843, Diff: 843, Sum: 1035, Workers: 4
[4095.162s][debug][gc,phases      ] GC(82)   ObjectSynchronizer Weak        Min:  0.0, Avg:  0.0, Max:  0.0, Diff:  0.0, Sum:  0.0, Workers: 4
[4095.162s][debug][gc,phases      ] GC(82)     Dead                           Min: 0, Avg:  0.0, Max: 0, Diff: 0, Sum: 0, Workers: 4
[4095.162s][debug][gc,phases      ] GC(82)     Total                          Min: 0, Avg:  1.0, Max: 4, Diff: 4, Sum: 4, Workers: 4
[4095.162s][debug][gc,phases      ] GC(82)   JVMTI Tag Weak OopStorage      Min:  0.0, Avg:  0.0, Max:  0.0, Diff:  0.0, Sum:  0.0, Workers: 4
[4095.162s][debug][gc,phases      ] GC(82)     Dead                           Min: 0, Avg:  0.0, Max: 0, Diff: 0, Sum: 0, Workers: 4
[4095.162s][debug][gc,phases      ] GC(82)     Total                          Min: 0, Avg:  0.0, Max: 0, Diff: 0, Sum: 0, Workers: 4
[4095.162s][debug][gc,phases      ] GC(82)   StringTable Weak               Min:  0.0, Avg:  0.1, Max:  0.2, Diff:  0.2, Sum:  0.5, Workers: 4
[4095.162s][debug][gc,phases      ] GC(82)     Dead                           Min: 0, Avg:  0.0, Max: 0, Diff: 0, Sum: 0, Workers: 4
[4095.162s][debug][gc,phases      ] GC(82)     Total                          Min: 0, Avg: 11686.0, Max: 16512, Diff: 16512, Sum: 46744, Workers: 4
[4095.162s][debug][gc,phases      ] GC(82)   ResolvedMethodTable Weak       Min:  0.0, Avg:  0.0, Max:  0.1, Diff:  0.1, Sum:  0.2, Workers: 4
[4095.162s][debug][gc,phases      ] GC(82)     Dead                           Min: 0, Avg:  4.0, Max: 13, Diff: 13, Sum: 16, Workers: 4
[4095.162s][debug][gc,phases      ] GC(82)     Total                          Min: 0, Avg: 3891.0, Max: 5981, Diff: 5981, Sum: 15564, Workers: 4
[4095.162s][debug][gc,phases      ] GC(82)   JNI Weak                       Min:  0.0, Avg:  0.0, Max:  0.0, Diff:  0.0, Sum:  0.0, Workers: 4
[4095.162s][debug][gc,phases      ] GC(82)     Dead                           Min: 0, Avg:  0.0, Max: 0, Diff: 0, Sum: 0, Workers: 4
[4095.162s][debug][gc,phases      ] GC(82)     Total                          Min: 0, Avg: 13.0, Max: 52, Diff: 52, Sum: 52, Workers: 4
[4095.162s][debug][gc,phases      ] GC(82)   StringDedup Table Weak         Min:  0.0, Avg:  0.0, Max:  0.0, Diff:  0.0, Sum:  0.0, Workers: 4
[4095.162s][debug][gc,phases      ] GC(82)     Dead                           Min: 0, Avg:  0.0, Max: 0, Diff: 0, Sum: 0, Workers: 4
[4095.162s][debug][gc,phases      ] GC(82)     Total                          Min: 0, Avg:  0.0, Max: 0, Diff: 0, Sum: 0, Workers: 4
[4095.162s][debug][gc,phases      ] GC(82)   StringDedup Requests0 Weak     Min:  0.0, Avg:  0.0, Max:  0.0, Diff:  0.0, Sum:  0.0, Workers: 4
[4095.162s][debug][gc,phases      ] GC(82)     Dead                           Min: 0, Avg:  0.0, Max: 0, Diff: 0, Sum: 0, Workers: 4
[4095.163s][debug][gc,phases      ] GC(82)     Total                          Min: 0, Avg:  0.0, Max: 0, Diff: 0, Sum: 0, Workers: 4
[4095.163s][debug][gc,phases      ] GC(82)   StringDedup Requests1 Weak     Min:  0.0, Avg:  0.0, Max:  0.0, Diff:  0.0, Sum:  0.0, Workers: 4
[4095.163s][debug][gc,phases      ] GC(82)     Dead                           Min: 0, Avg:  0.0, Max: 0, Diff: 0, Sum: 0, Workers: 4
[4095.163s][debug][gc,phases      ] GC(82)     Total                          Min: 0, Avg:  0.0, Max: 0, Diff: 0, Sum: 0, Workers: 4
[4095.163s][debug][gc,phases      ] GC(82)   Weak JFR Old Object Samples    Min:  0.0, Avg:  0.0, Max:  0.0, Diff:  0.0, Sum:  0.0, Workers: 4
[4095.163s][debug][gc,phases      ] GC(82)     Dead                           Min: 0, Avg:  0.0, Max: 0, Diff: 0, Sum: 0, Workers: 4
[4095.163s][debug][gc,phases      ] GC(82)     Total                          Min: 0, Avg:  0.0, Max: 0, Diff: 0, Sum: 0, Workers: 4
[4095.163s][debug][gc,phases      ] GC(82) Weak Processing 0.469ms
[4095.163s][debug][gc,age         ] GC(82) Desired survivor size 49807360 bytes, new threshold 1 (max threshold 15)
[4095.163s][info ][gc,heap        ] GC(82) PSYoungGen: 2035267K(2045952K)->28400K(2031616K) Eden: 2002944K(2002944K)->0K(2002944K) From: 32323K(43008K)->28400K(28672K)
[4095.163s][info ][gc,heap        ] GC(82) ParOldGen: 378266K(378368K)->408078K(408576K)
[4095.163s][info ][gc,metaspace   ] GC(82) Metaspace: 107591K(108928K)->107591K(108928K) NonClass: 91408K(92160K)->91408K(92160K) Class: 16183K(16768K)->16183K(16768K)
[4095.163s][info ][gc             ] GC(82) Pause Young (Allocation Failure) 2356M->426M(2383M) 22.938ms
[4095.163s][info ][gc,cpu         ] GC(82) User=0.07s Sys=0.02s Real=0.02s
[4095.163s][info ][safepoint      ] Safepoint "ParallelGCFailedAllocation", Time since last: 4835025897 ns, Reaching safepoint: 79405 ns, Cleanup: 3800 ns, At safepoint: 23043170 ns, Total: 23126375 ns
[4110.164s][info ][safepoint      ] Safepoint "Cleanup", Time since last: 15001130521 ns, Reaching safepoint: 8900 ns, Cleanup: 14401 ns, At safepoint: 4300 ns, Total: 27601 ns
[4112.164s][info ][safepoint      ] Safepoint "Cleanup", Time since last: 2000221180 ns, Reaching safepoint: 9801 ns, Cleanup: 14701 ns, At safepoint: 4400 ns, Total: 28902 ns
[4140.166s][info ][safepoint      ] Safepoint "Cleanup", Time since last: 28002292375 ns, Reaching safepoint: 8901 ns, Cleanup: 12201 ns, At safepoint: 34702 ns, Total: 55804 ns
[4141.167s][info ][safepoint      ] Safepoint "Cleanup", Time since last: 1000121146 ns, Reaching safepoint: 6401 ns, Cleanup: 9700 ns, At safepoint: 3901 ns, Total: 20002 ns
[4157.324s][info ][safepoint      ] Safepoint "Cleanup", Time since last: 16157040163 ns, Reaching safepoint: 6400 ns, Cleanup: 16201 ns, At safepoint: 9701 ns, Total: 32302 ns
[4158.324s][info ][safepoint      ] Safepoint "Cleanup", Time since last: 1000117375 ns, Reaching safepoint: 5901 ns, Cleanup: 9500 ns, At safepoint: 10001 ns, Total: 25402 ns
[4159.324s][info ][safepoint      ] Safepoint "Cleanup", Time since last: 1000144777 ns, Reaching safepoint: 8601 ns, Cleanup: 13001 ns, At safepoint: 11700 ns, Total: 33302 ns
[4163.156s][info ][gc,start       ] GC(83) Pause Young (Allocation Failure)
[4163.170s][debug][gc,phases      ] GC(83) Scavenge 14.800ms
[4163.171s][debug][gc,ref         ] GC(83) ReferenceProcessor::execute queues: 1, RefProcThreadModel::Single, marks_oops_alive: false
[4163.171s][debug][gc,ref         ] GC(83) Skipped KeepAliveFinalRefsPhase of Reference Processing: no references
[4163.171s][debug][gc,ref         ] GC(83) Skipped PhantomRefsPhase of Reference Processing: no references
[4163.171s][debug][gc,phases      ] GC(83) Reference Processing 0.119ms
[4163.171s][debug][gc,phases      ] GC(83)   VM Weak                        Min:  0.0, Avg:  0.0, Max:  0.0, Diff:  0.0, Sum:  0.0, Workers: 4
[4163.171s][debug][gc,phases      ] GC(83)     Dead                           Min: 0, Avg:  0.0, Max: 0, Diff: 0, Sum: 0, Workers: 4
[4163.171s][debug][gc,phases      ] GC(83)     Total                          Min: 0, Avg: 258.8, Max: 843, Diff: 843, Sum: 1035, Workers: 4
[4163.171s][debug][gc,phases      ] GC(83)   ObjectSynchronizer Weak        Min:  0.0, Avg:  0.0, Max:  0.0, Diff:  0.0, Sum:  0.0, Workers: 4
[4163.171s][debug][gc,phases      ] GC(83)     Dead                           Min: 0, Avg:  0.0, Max: 0, Diff: 0, Sum: 0, Workers: 4
[4163.171s][debug][gc,phases      ] GC(83)     Total                          Min: 0, Avg:  1.0, Max: 4, Diff: 4, Sum: 4, Workers: 4
[4163.171s][debug][gc,phases      ] GC(83)   JVMTI Tag Weak OopStorage      Min:  0.0, Avg:  0.0, Max:  0.0, Diff:  0.0, Sum:  0.0, Workers: 4
[4163.171s][debug][gc,phases      ] GC(83)     Dead                           Min: 0, Avg:  0.0, Max: 0, Diff: 0, Sum: 0, Workers: 4
[4163.171s][debug][gc,phases      ] GC(83)     Total                          Min: 0, Avg:  0.0, Max: 0, Diff: 0, Sum: 0, Workers: 4
[4163.171s][debug][gc,phases      ] GC(83)   StringTable Weak               Min:  0.0, Avg:  0.1, Max:  0.2, Diff:  0.2, Sum:  0.5, Workers: 4
[4163.171s][debug][gc,phases      ] GC(83)     Dead                           Min: 0, Avg:  0.0, Max: 0, Diff: 0, Sum: 0, Workers: 4
[4163.171s][debug][gc,phases      ] GC(83)     Total                          Min: 0, Avg: 11686.0, Max: 16832, Diff: 16832, Sum: 46744, Workers: 4
[4163.171s][debug][gc,phases      ] GC(83)   ResolvedMethodTable Weak       Min:  0.0, Avg:  0.0, Max:  0.1, Diff:  0.1, Sum:  0.2, Workers: 4
[4163.171s][debug][gc,phases      ] GC(83)     Dead                           Min: 0, Avg:  4.0, Max: 16, Diff: 16, Sum: 16, Workers: 4
[4163.171s][debug][gc,phases      ] GC(83)     Total                          Min: 0, Avg: 3891.0, Max: 5315, Diff: 5315, Sum: 15564, Workers: 4
[4163.171s][debug][gc,phases      ] GC(83)   JNI Weak                       Min:  0.0, Avg:  0.0, Max:  0.0, Diff:  0.0, Sum:  0.0, Workers: 4
[4163.171s][debug][gc,phases      ] GC(83)     Dead                           Min: 0, Avg:  0.0, Max: 0, Diff: 0, Sum: 0, Workers: 4
[4163.171s][debug][gc,phases      ] GC(83)     Total                          Min: 0, Avg: 13.0, Max: 52, Diff: 52, Sum: 52, Workers: 4
[4163.171s][debug][gc,phases      ] GC(83)   StringDedup Table Weak         Min:  0.0, Avg:  0.0, Max:  0.0, Diff:  0.0, Sum:  0.0, Workers: 4
[4163.171s][debug][gc,phases      ] GC(83)     Dead                           Min: 0, Avg:  0.0, Max: 0, Diff: 0, Sum: 0, Workers: 4
[4163.171s][debug][gc,phases      ] GC(83)     Total                          Min: 0, Avg:  0.0, Max: 0, Diff: 0, Sum: 0, Workers: 4
[4163.171s][debug][gc,phases      ] GC(83)   StringDedup Requests0 Weak     Min:  0.0, Avg:  0.0, Max:  0.0, Diff:  0.0, Sum:  0.0, Workers: 4
[4163.171s][debug][gc,phases      ] GC(83)     Dead                           Min: 0, Avg:  0.0, Max: 0, Diff: 0, Sum: 0, Workers: 4
[4163.171s][debug][gc,phases      ] GC(83)     Total                          Min: 0, Avg:  0.0, Max: 0, Diff: 0, Sum: 0, Workers: 4
[4163.171s][debug][gc,phases      ] GC(83)   StringDedup Requests1 Weak     Min:  0.0, Avg:  0.0, Max:  0.0, Diff:  0.0, Sum:  0.0, Workers: 4
[4163.171s][debug][gc,phases      ] GC(83)     Dead                           Min: 0, Avg:  0.0, Max: 0, Diff: 0, Sum: 0, Workers: 4
[4163.171s][debug][gc,phases      ] GC(83)     Total                          Min: 0, Avg:  0.0, Max: 0, Diff: 0, Sum: 0, Workers: 4
[4163.171s][debug][gc,phases      ] GC(83)   Weak JFR Old Object Samples    Min:  0.0, Avg:  0.0, Max:  0.0, Diff:  0.0, Sum:  0.0, Workers: 4
[4163.171s][debug][gc,phases      ] GC(83)     Dead                           Min: 0, Avg:  0.0, Max: 0, Diff: 0, Sum: 0, Workers: 4
[4163.171s][debug][gc,phases      ] GC(83)     Total                          Min: 0, Avg:  0.0, Max: 0, Diff: 0, Sum: 0, Workers: 4
[4163.171s][debug][gc,phases      ] GC(83) Weak Processing 0.458ms
[4163.171s][debug][gc,age         ] GC(83) Desired survivor size 48758784 bytes, new threshold 1 (max threshold 15)
[4163.171s][info ][gc,heap        ] GC(83) PSYoungGen: 2031344K(2031616K)->4240K(2049536K) Eden: 2002944K(2002944K)->0K(2000896K) From: 28400K(28672K)->4240K(48640K)
[4163.171s][info ][gc,heap        ] GC(83) ParOldGen: 408078K(408576K)->435702K(435712K)
[4163.171s][info ][gc,metaspace   ] GC(83) Metaspace: 107593K(108928K)->107593K(108928K) NonClass: 91410K(92160K)->91410K(92160K) Class: 16183K(16768K)->16183K(16768K)
[4163.171s][info ][gc             ] GC(83) Pause Young (Allocation Failure) 2382M->429M(2427M) 15.516ms
[4163.171s][info ][gc,cpu         ] GC(83) User=0.04s Sys=0.02s Real=0.02s
[4163.171s][info ][safepoint      ] Safepoint "ParallelGCFailedAllocation", Time since last: 3831520730 ns, Reaching safepoint: 4900 ns, Cleanup: 3901 ns, At safepoint: 15600730 ns, Total: 15609531 ns
[4174.172s][info ][safepoint      ] Safepoint "Cleanup", Time since last: 11000845157 ns, Reaching safepoint: 7000 ns, Cleanup: 10401 ns, At safepoint: 10001 ns, Total: 27402 ns
[4202.341s][info ][safepoint      ] Safepoint "Cleanup", Time since last: 28169013391 ns, Reaching safepoint: 6200 ns, Cleanup: 10501 ns, At safepoint: 6400 ns, Total: 23101 ns
[4205.341s][info ][safepoint      ] Safepoint "Cleanup", Time since last: 3000302313 ns, Reaching safepoint: 82905 ns, Cleanup: 11001 ns, At safepoint: 12700 ns, Total: 106606 ns
[4214.342s][info ][safepoint      ] Safepoint "Cleanup", Time since last: 9000812088 ns, Reaching safepoint: 11400 ns, Cleanup: 28902 ns, At safepoint: 13101 ns, Total: 53403 ns
[4223.343s][info ][safepoint      ] Safepoint "Cleanup", Time since last: 9000757970 ns, Reaching safepoint: 7000 ns, Cleanup: 17601 ns, At safepoint: 6700 ns, Total: 31301 ns
[4228.170s][info ][gc,start       ] GC(84) Pause Young (Allocation Failure)
[4228.174s][debug][gc,phases      ] GC(84) Scavenge 4.294ms
[4228.175s][debug][gc,ref         ] GC(84) ReferenceProcessor::execute queues: 1, RefProcThreadModel::Single, marks_oops_alive: false
[4228.175s][debug][gc,ref         ] GC(84) Skipped KeepAliveFinalRefsPhase of Reference Processing: no references
[4228.175s][debug][gc,ref         ] GC(84) ReferenceProcessor::execute queues: 1, RefProcThreadModel::Single, marks_oops_alive: false
[4228.175s][debug][gc,phases      ] GC(84) Reference Processing 0.123ms
[4228.175s][debug][gc,phases      ] GC(84)   VM Weak                        Min:  0.0, Avg:  0.0, Max:  0.0, Diff:  0.0, Sum:  0.0, Workers: 4
[4228.175s][debug][gc,phases      ] GC(84)     Dead                           Min: 0, Avg:  0.0, Max: 0, Diff: 0, Sum: 0, Workers: 4
[4228.175s][debug][gc,phases      ] GC(84)     Total                          Min: 0, Avg: 258.8, Max: 512, Diff: 512, Sum: 1035, Workers: 4
[4228.175s][debug][gc,phases      ] GC(84)   ObjectSynchronizer Weak        Min:  0.0, Avg:  0.0, Max:  0.0, Diff:  0.0, Sum:  0.0, Workers: 4
[4228.175s][debug][gc,phases      ] GC(84)     Dead                           Min: 0, Avg:  0.0, Max: 0, Diff: 0, Sum: 0, Workers: 4
[4228.175s][debug][gc,phases      ] GC(84)     Total                          Min: 0, Avg:  1.0, Max: 4, Diff: 4, Sum: 4, Workers: 4
[4228.175s][debug][gc,phases      ] GC(84)   JVMTI Tag Weak OopStorage      Min:  0.0, Avg:  0.0, Max:  0.0, Diff:  0.0, Sum:  0.0, Workers: 4
[4228.175s][debug][gc,phases      ] GC(84)     Dead                           Min: 0, Avg:  0.0, Max: 0, Diff: 0, Sum: 0, Workers: 4
[4228.175s][debug][gc,phases      ] GC(84)     Total                          Min: 0, Avg:  0.0, Max: 0, Diff: 0, Sum: 0, Workers: 4
[4228.175s][debug][gc,phases      ] GC(84)   StringTable Weak               Min:  0.0, Avg:  0.1, Max:  0.2, Diff:  0.2, Sum:  0.5, Workers: 4
[4228.175s][debug][gc,phases      ] GC(84)     Dead                           Min: 0, Avg:  0.0, Max: 0, Diff: 0, Sum: 0, Workers: 4
[4228.175s][debug][gc,phases      ] GC(84)     Total                          Min: 0, Avg: 11686.2, Max: 16448, Diff: 16448, Sum: 46745, Workers: 4
[4228.175s][debug][gc,phases      ] GC(84)   ResolvedMethodTable Weak       Min:  0.0, Avg:  0.0, Max:  0.1, Diff:  0.1, Sum:  0.2, Workers: 4
[4228.175s][debug][gc,phases      ] GC(84)     Dead                           Min: 0, Avg:  4.0, Max: 16, Diff: 16, Sum: 16, Workers: 4
[4228.175s][debug][gc,phases      ] GC(84)     Total                          Min: 0, Avg: 3891.0, Max: 5293, Diff: 5293, Sum: 15564, Workers: 4
[4228.175s][debug][gc,phases      ] GC(84)   JNI Weak                       Min:  0.0, Avg:  0.0, Max:  0.0, Diff:  0.0, Sum:  0.0, Workers: 4
[4228.175s][debug][gc,phases      ] GC(84)     Dead                           Min: 0, Avg:  0.0, Max: 0, Diff: 0, Sum: 0, Workers: 4
[4228.175s][debug][gc,phases      ] GC(84)     Total                          Min: 0, Avg: 13.0, Max: 52, Diff: 52, Sum: 52, Workers: 4
[4228.175s][debug][gc,phases      ] GC(84)   StringDedup Table Weak         Min:  0.0, Avg:  0.0, Max:  0.0, Diff:  0.0, Sum:  0.0, Workers: 4
[4228.175s][debug][gc,phases      ] GC(84)     Dead                           Min: 0, Avg:  0.0, Max: 0, Diff: 0, Sum: 0, Workers: 4
[4228.175s][debug][gc,phases      ] GC(84)     Total                          Min: 0, Avg:  0.0, Max: 0, Diff: 0, Sum: 0, Workers: 4
[4228.175s][debug][gc,phases      ] GC(84)   StringDedup Requests0 Weak     Min:  0.0, Avg:  0.0, Max:  0.0, Diff:  0.0, Sum:  0.0, Workers: 4
[4228.175s][debug][gc,phases      ] GC(84)     Dead                           Min: 0, Avg:  0.0, Max: 0, Diff: 0, Sum: 0, Workers: 4
[4228.175s][debug][gc,phases      ] GC(84)     Total                          Min: 0, Avg:  0.0, Max: 0, Diff: 0, Sum: 0, Workers: 4
[4228.175s][debug][gc,phases      ] GC(84)   StringDedup Requests1 Weak     Min:  0.0, Avg:  0.0, Max:  0.0, Diff:  0.0, Sum:  0.0, Workers: 4
[4228.175s][debug][gc,phases      ] GC(84)     Dead                           Min: 0, Avg:  0.0, Max: 0, Diff: 0, Sum: 0, Workers: 4
[4228.175s][debug][gc,phases      ] GC(84)     Total                          Min: 0, Avg:  0.0, Max: 0, Diff: 0, Sum: 0, Workers: 4
[4228.175s][debug][gc,phases      ] GC(84)   Weak JFR Old Object Samples    Min:  0.0, Avg:  0.0, Max:  0.0, Diff:  0.0, Sum:  0.0, Workers: 4
[4228.175s][debug][gc,phases      ] GC(84)     Dead                           Min: 0, Avg:  0.0, Max: 0, Diff: 0, Sum: 0, Workers: 4
[4228.175s][debug][gc,phases      ] GC(84)     Total                          Min: 0, Avg:  0.0, Max: 0, Diff: 0, Sum: 0, Workers: 4
[4228.175s][debug][gc,phases      ] GC(84) Weak Processing 0.444ms
[4228.175s][debug][gc,age         ] GC(84) Desired survivor size 47185920 bytes, new threshold 1 (max threshold 15)
[4228.175s][info ][gc,heap        ] GC(84) PSYoungGen: 2005136K(2049536K)->5696K(2048512K) Eden: 2000896K(2000896K)->0K(2000896K) From: 4240K(48640K)->5696K(47616K)
[4228.175s][info ][gc,heap        ] GC(84) ParOldGen: 435702K(435712K)->436562K(436736K)
[4228.175s][info ][gc,metaspace   ] GC(84) Metaspace: 107598K(108992K)->107598K(108992K) NonClass: 91415K(92224K)->91415K(92224K) Class: 16183K(16768K)->16183K(16768K)
[4228.175s][info ][gc             ] GC(84) Pause Young (Allocation Failure) 2383M->431M(2427M) 5.006ms
[4228.175s][info ][gc,cpu         ] GC(84) User=0.01s Sys=0.01s Real=0.00s
[4228.175s][info ][safepoint      ] Safepoint "ParallelGCFailedAllocation", Time since last: 4826912171 ns, Reaching safepoint: 9001 ns, Cleanup: 4900 ns, At safepoint: 5099705 ns, Total: 5113606 ns
[4230.175s][info ][safepoint      ] Safepoint "Cleanup", Time since last: 2000167701 ns, Reaching safepoint: 8100 ns, Cleanup: 11401 ns, At safepoint: 3800 ns, Total: 23301 ns
[4235.176s][info ][safepoint      ] Safepoint "Cleanup", Time since last: 5000407586 ns, Reaching safepoint: 8401 ns, Cleanup: 10301 ns, At safepoint: 28201 ns, Total: 46903 ns
[4269.359s][info ][safepoint      ] Safepoint "Cleanup", Time since last: 34183699435 ns, Reaching safepoint: 10501 ns, Cleanup: 22801 ns, At safepoint: 7600 ns, Total: 40902 ns
[4297.186s][info ][gc,start       ] GC(85) Pause Young (Allocation Failure)
[4297.191s][debug][gc,phases      ] GC(85) Scavenge 4.281ms
[4297.191s][debug][gc,ref         ] GC(85) ReferenceProcessor::execute queues: 1, RefProcThreadModel::Single, marks_oops_alive: false
[4297.191s][debug][gc,ref         ] GC(85) Skipped KeepAliveFinalRefsPhase of Reference Processing: no references
[4297.191s][debug][gc,ref         ] GC(85) ReferenceProcessor::execute queues: 1, RefProcThreadModel::Single, marks_oops_alive: false
[4297.191s][debug][gc,phases      ] GC(85) Reference Processing 0.121ms
[4297.191s][debug][gc,phases      ] GC(85)   VM Weak                        Min:  0.0, Avg:  0.0, Max:  0.0, Diff:  0.0, Sum:  0.0, Workers: 4
[4297.191s][debug][gc,phases      ] GC(85)     Dead                           Min: 0, Avg:  0.0, Max: 0, Diff: 0, Sum: 0, Workers: 4
[4297.191s][debug][gc,phases      ] GC(85)     Total                          Min: 0, Avg: 258.8, Max: 459, Diff: 459, Sum: 1035, Workers: 4
[4297.191s][debug][gc,phases      ] GC(85)   ObjectSynchronizer Weak        Min:  0.0, Avg:  0.0, Max:  0.0, Diff:  0.0, Sum:  0.0, Workers: 4
[4297.191s][debug][gc,phases      ] GC(85)     Dead                           Min: 0, Avg:  0.0, Max: 0, Diff: 0, Sum: 0, Workers: 4
[4297.191s][debug][gc,phases      ] GC(85)     Total                          Min: 0, Avg:  1.0, Max: 4, Diff: 4, Sum: 4, Workers: 4
[4297.191s][debug][gc,phases      ] GC(85)   JVMTI Tag Weak OopStorage      Min:  0.0, Avg:  0.0, Max:  0.0, Diff:  0.0, Sum:  0.0, Workers: 4
[4297.191s][debug][gc,phases      ] GC(85)     Dead                           Min: 0, Avg:  0.0, Max: 0, Diff: 0, Sum: 0, Workers: 4
[4297.191s][debug][gc,phases      ] GC(85)     Total                          Min: 0, Avg:  0.0, Max: 0, Diff: 0, Sum: 0, Workers: 4
[4297.191s][debug][gc,phases      ] GC(85)   StringTable Weak               Min:  0.0, Avg:  0.1, Max:  0.2, Diff:  0.2, Sum:  0.5, Workers: 4
[4297.191s][debug][gc,phases      ] GC(85)     Dead                           Min: 0, Avg:  0.0, Max: 0, Diff: 0, Sum: 0, Workers: 4
[4297.191s][debug][gc,phases      ] GC(85)     Total                          Min: 0, Avg: 11686.2, Max: 17024, Diff: 17024, Sum: 46745, Workers: 4
[4297.191s][debug][gc,phases      ] GC(85)   ResolvedMethodTable Weak       Min:  0.0, Avg:  0.0, Max:  0.1, Diff:  0.1, Sum:  0.2, Workers: 4
[4297.191s][debug][gc,phases      ] GC(85)     Dead                           Min: 0, Avg:  4.0, Max: 9, Diff: 9, Sum: 16, Workers: 4
[4297.191s][debug][gc,phases      ] GC(85)     Total                          Min: 0, Avg: 3891.0, Max: 5404, Diff: 5404, Sum: 15564, Workers: 4
[4297.191s][debug][gc,phases      ] GC(85)   JNI Weak                       Min:  0.0, Avg:  0.0, Max:  0.0, Diff:  0.0, Sum:  0.0, Workers: 4
[4297.191s][debug][gc,phases      ] GC(85)     Dead                           Min: 0, Avg:  0.0, Max: 0, Diff: 0, Sum: 0, Workers: 4
[4297.191s][debug][gc,phases      ] GC(85)     Total                          Min: 0, Avg: 13.0, Max: 52, Diff: 52, Sum: 52, Workers: 4
[4297.191s][debug][gc,phases      ] GC(85)   StringDedup Table Weak         Min:  0.0, Avg:  0.0, Max:  0.0, Diff:  0.0, Sum:  0.0, Workers: 4
[4297.191s][debug][gc,phases      ] GC(85)     Dead                           Min: 0, Avg:  0.0, Max: 0, Diff: 0, Sum: 0, Workers: 4
[4297.191s][debug][gc,phases      ] GC(85)     Total                          Min: 0, Avg:  0.0, Max: 0, Diff: 0, Sum: 0, Workers: 4
[4297.191s][debug][gc,phases      ] GC(85)   StringDedup Requests0 Weak     Min:  0.0, Avg:  0.0, Max:  0.0, Diff:  0.0, Sum:  0.0, Workers: 4
[4297.191s][debug][gc,phases      ] GC(85)     Dead                           Min: 0, Avg:  0.0, Max: 0, Diff: 0, Sum: 0, Workers: 4
[4297.191s][debug][gc,phases      ] GC(85)     Total                          Min: 0, Avg:  0.0, Max: 0, Diff: 0, Sum: 0, Workers: 4
[4297.191s][debug][gc,phases      ] GC(85)   StringDedup Requests1 Weak     Min:  0.0, Avg:  0.0, Max:  0.0, Diff:  0.0, Sum:  0.0, Workers: 4
[4297.191s][debug][gc,phases      ] GC(85)     Dead                           Min: 0, Avg:  0.0, Max: 0, Diff: 0, Sum: 0, Workers: 4
[4297.191s][debug][gc,phases      ] GC(85)     Total                          Min: 0, Avg:  0.0, Max: 0, Diff: 0, Sum: 0, Workers: 4
[4297.191s][debug][gc,phases      ] GC(85)   Weak JFR Old Object Samples    Min:  0.0, Avg:  0.0, Max:  0.0, Diff:  0.0, Sum:  0.0, Workers: 4
[4297.191s][debug][gc,phases      ] GC(85)     Dead                           Min: 0, Avg:  0.0, Max: 0, Diff: 0, Sum: 0, Workers: 4
[4297.191s][debug][gc,phases      ] GC(85)     Total                          Min: 0, Avg:  0.0, Max: 0, Diff: 0, Sum: 0, Workers: 4
[4297.191s][debug][gc,phases      ] GC(85) Weak Processing 0.461ms
[4297.191s][debug][gc,age         ] GC(85) Desired survivor size 46137344 bytes, new threshold 1 (max threshold 15)
[4297.191s][info ][gc,heap        ] GC(85) PSYoungGen: 2006592K(2048512K)->4346K(2052096K) Eden: 2000896K(2000896K)->0K(2006016K) From: 5696K(47616K)->4346K(46080K)
[4297.191s][info ][gc,heap        ] GC(85) ParOldGen: 436562K(436736K)->438219K(438272K)
[4297.191s][info ][gc,metaspace   ] GC(85) Metaspace: 107628K(108992K)->107628K(108992K) NonClass: 91444K(92224K)->91444K(92224K) Class: 16183K(16768K)->16183K(16768K)
[4297.191s][info ][gc             ] GC(85) Pause Young (Allocation Failure) 2385M->432M(2432M) 4.995ms
[4297.191s][info ][gc,cpu         ] GC(85) User=0.02s Sys=0.00s Real=0.01s
[4297.191s][info ][safepoint      ] Safepoint "ParallelGCFailedAllocation", Time since last: 27826618885 ns, Reaching safepoint: 79204 ns, Cleanup: 4301 ns, At safepoint: 5109109 ns, Total: 5192614 ns
[4301.192s][info ][safepoint      ] Safepoint "Cleanup", Time since last: 4000330232 ns, Reaching safepoint: 6400 ns, Cleanup: 12801 ns, At safepoint: 11001 ns, Total: 30202 ns
[4315.193s][info ][safepoint      ] Safepoint "Cleanup", Time since last: 14001096777 ns, Reaching safepoint: 7200 ns, Cleanup: 12901 ns, At safepoint: 2500 ns, Total: 22601 ns
[4317.193s][info ][safepoint      ] Safepoint "Cleanup", Time since last: 2000216278 ns, Reaching safepoint: 6601 ns, Cleanup: 11601 ns, At safepoint: 4300 ns, Total: 22502 ns
[4323.377s][info ][safepoint      ] Safepoint "Cleanup", Time since last: 6184395430 ns, Reaching safepoint: 6300 ns, Cleanup: 25702 ns, At safepoint: 33002 ns, Total: 65004 ns
[4338.379s][info ][safepoint      ] Safepoint "Cleanup", Time since last: 15001197276 ns, Reaching safepoint: 6101 ns, Cleanup: 11200 ns, At safepoint: 7701 ns, Total: 25002 ns
[4368.538s][info ][gc,start       ] GC(86) Pause Young (Allocation Failure)
[4368.540s][debug][gc,phases      ] GC(86) Scavenge 2.637ms
[4368.540s][debug][gc,ref         ] GC(86) ReferenceProcessor::execute queues: 1, RefProcThreadModel::Single, marks_oops_alive: false
[4368.540s][debug][gc,ref         ] GC(86) Skipped KeepAliveFinalRefsPhase of Reference Processing: no references
[4368.540s][debug][gc,ref         ] GC(86) ReferenceProcessor::execute queues: 1, RefProcThreadModel::Single, marks_oops_alive: false
[4368.540s][debug][gc,phases      ] GC(86) Reference Processing 0.117ms
[4368.541s][debug][gc,phases      ] GC(86)   VM Weak                        Min:  0.0, Avg:  0.0, Max:  0.0, Diff:  0.0, Sum:  0.0, Workers: 4
[4368.541s][debug][gc,phases      ] GC(86)     Dead                           Min: 0, Avg:  0.0, Max: 0, Diff: 0, Sum: 0, Workers: 4
[4368.541s][debug][gc,phases      ] GC(86)     Total                          Min: 0, Avg: 258.8, Max: 768, Diff: 768, Sum: 1035, Workers: 4
[4368.541s][debug][gc,phases      ] GC(86)   ObjectSynchronizer Weak        Min:  0.0, Avg:  0.0, Max:  0.0, Diff:  0.0, Sum:  0.0, Workers: 4
[4368.541s][debug][gc,phases      ] GC(86)     Dead                           Min: 0, Avg:  0.0, Max: 0, Diff: 0, Sum: 0, Workers: 4
[4368.541s][debug][gc,phases      ] GC(86)     Total                          Min: 0, Avg:  0.8, Max: 3, Diff: 3, Sum: 3, Workers: 4
[4368.541s][debug][gc,phases      ] GC(86)   JVMTI Tag Weak OopStorage      Min:  0.0, Avg:  0.0, Max:  0.0, Diff:  0.0, Sum:  0.0, Workers: 4
[4368.541s][debug][gc,phases      ] GC(86)     Dead                           Min: 0, Avg:  0.0, Max: 0, Diff: 0, Sum: 0, Workers: 4
[4368.541s][debug][gc,phases      ] GC(86)     Total                          Min: 0, Avg:  0.0, Max: 0, Diff: 0, Sum: 0, Workers: 4
[4368.541s][debug][gc,phases      ] GC(86)   StringTable Weak               Min:  0.0, Avg:  0.1, Max:  0.2, Diff:  0.2, Sum:  0.5, Workers: 4
[4368.541s][debug][gc,phases      ] GC(86)     Dead                           Min: 0, Avg:  0.0, Max: 0, Diff: 0, Sum: 0, Workers: 4
[4368.541s][debug][gc,phases      ] GC(86)     Total                          Min: 0, Avg: 11686.2, Max: 15936, Diff: 15936, Sum: 46745, Workers: 4
[4368.541s][debug][gc,phases      ] GC(86)   ResolvedMethodTable Weak       Min:  0.0, Avg:  0.0, Max:  0.1, Diff:  0.1, Sum:  0.2, Workers: 4
[4368.541s][debug][gc,phases      ] GC(86)     Dead                           Min: 0, Avg:  4.0, Max: 8, Diff: 8, Sum: 16, Workers: 4
[4368.541s][debug][gc,phases      ] GC(86)     Total                          Min: 0, Avg: 3891.0, Max: 5415, Diff: 5415, Sum: 15564, Workers: 4
[4368.541s][debug][gc,phases      ] GC(86)   JNI Weak                       Min:  0.0, Avg:  0.0, Max:  0.0, Diff:  0.0, Sum:  0.0, Workers: 4
[4368.541s][debug][gc,phases      ] GC(86)     Dead                           Min: 0, Avg:  0.0, Max: 0, Diff: 0, Sum: 0, Workers: 4
[4368.541s][debug][gc,phases      ] GC(86)     Total                          Min: 0, Avg: 13.0, Max: 52, Diff: 52, Sum: 52, Workers: 4
[4368.541s][debug][gc,phases      ] GC(86)   StringDedup Table Weak         Min:  0.0, Avg:  0.0, Max:  0.0, Diff:  0.0, Sum:  0.0, Workers: 4
[4368.541s][debug][gc,phases      ] GC(86)     Dead                           Min: 0, Avg:  0.0, Max: 0, Diff: 0, Sum: 0, Workers: 4
[4368.541s][debug][gc,phases      ] GC(86)     Total                          Min: 0, Avg:  0.0, Max: 0, Diff: 0, Sum: 0, Workers: 4
[4368.541s][debug][gc,phases      ] GC(86)   StringDedup Requests0 Weak     Min:  0.0, Avg:  0.0, Max:  0.0, Diff:  0.0, Sum:  0.0, Workers: 4
[4368.541s][debug][gc,phases      ] GC(86)     Dead                           Min: 0, Avg:  0.0, Max: 0, Diff: 0, Sum: 0, Workers: 4
[4368.541s][debug][gc,phases      ] GC(86)     Total                          Min: 0, Avg:  0.0, Max: 0, Diff: 0, Sum: 0, Workers: 4
[4368.541s][debug][gc,phases      ] GC(86)   StringDedup Requests1 Weak     Min:  0.0, Avg:  0.0, Max:  0.0, Diff:  0.0, Sum:  0.0, Workers: 4
[4368.541s][debug][gc,phases      ] GC(86)     Dead                           Min: 0, Avg:  0.0, Max: 0, Diff: 0, Sum: 0, Workers: 4
[4368.541s][debug][gc,phases      ] GC(86)     Total                          Min: 0, Avg:  0.0, Max: 0, Diff: 0, Sum: 0, Workers: 4
[4368.541s][debug][gc,phases      ] GC(86)   Weak JFR Old Object Samples    Min:  0.0, Avg:  0.0, Max:  0.0, Diff:  0.0, Sum:  0.0, Workers: 4
[4368.541s][debug][gc,phases      ] GC(86)     Dead                           Min: 0, Avg:  0.0, Max: 0, Diff: 0, Sum: 0, Workers: 4
[4368.541s][debug][gc,phases      ] GC(86)     Total                          Min: 0, Avg:  0.0, Max: 0, Diff: 0, Sum: 0, Workers: 4
[4368.541s][debug][gc,phases      ] GC(86) Weak Processing 0.468ms
[4368.541s][debug][gc,age         ] GC(86) Desired survivor size 44564480 bytes, new threshold 1 (max threshold 15)
[4368.541s][info ][gc,heap        ] GC(86) PSYoungGen: 2010362K(2052096K)->3422K(2051072K) Eden: 2006016K(2006016K)->0K(2006016K) From: 4346K(46080K)->3422K(45056K)
[4368.541s][info ][gc,heap        ] GC(86) ParOldGen: 438219K(438272K)->439348K(439808K)
[4368.541s][info ][gc,metaspace   ] GC(86) Metaspace: 107629K(108992K)->107629K(108992K) NonClass: 91446K(92224K)->91446K(92224K) Class: 16183K(16768K)->16183K(16768K)
[4368.541s][info ][gc             ] GC(86) Pause Young (Allocation Failure) 2391M->432M(2432M) 3.354ms
[4368.541s][info ][gc,cpu         ] GC(86) User=0.01s Sys=0.00s Real=0.00s
[4368.541s][info ][safepoint      ] Safepoint "ParallelGCFailedAllocation", Time since last: 30158814711 ns, Reaching safepoint: 6301 ns, Cleanup: 5000 ns, At safepoint: 3468515 ns, Total: 3479816 ns
[4396.543s][info ][safepoint      ] Safepoint "Cleanup", Time since last: 28002154411 ns, Reaching safepoint: 8101 ns, Cleanup: 13700 ns, At safepoint: 11801 ns, Total: 33602 ns
[4400.544s][info ][safepoint      ] Safepoint "Cleanup", Time since last: 4000353474 ns, Reaching safepoint: 7200 ns, Cleanup: 13701 ns, At safepoint: 11901 ns, Total: 32802 ns
[4401.544s][info ][safepoint      ] Safepoint "Cleanup", Time since last: 1000125745 ns, Reaching safepoint: 6401 ns, Cleanup: 12600 ns, At safepoint: 11001 ns, Total: 30002 ns
[4405.544s][info ][safepoint      ] Safepoint "Cleanup", Time since last: 4000344836 ns, Reaching safepoint: 11701 ns, Cleanup: 14101 ns, At safepoint: 10101 ns, Total: 35903 ns
[4411.545s][info ][safepoint      ] Safepoint "Cleanup", Time since last: 6000509927 ns, Reaching safepoint: 6701 ns, Cleanup: 22001 ns, At safepoint: 6101 ns, Total: 34803 ns
[4412.545s][info ][safepoint      ] Safepoint "Cleanup", Time since last: 1000125480 ns, Reaching safepoint: 7601 ns, Cleanup: 11501 ns, At safepoint: 5400 ns, Total: 24502 ns
[4426.546s][info ][safepoint      ] Safepoint "Cleanup", Time since last: 14001113820 ns, Reaching safepoint: 7001 ns, Cleanup: 10300 ns, At safepoint: 8201 ns, Total: 25502 ns
[4435.547s][info ][safepoint      ] Safepoint "Cleanup", Time since last: 9000727187 ns, Reaching safepoint: 7500 ns, Cleanup: 23501 ns, At safepoint: 11301 ns, Total: 42302 ns
[4436.219s][info ][gc,start       ] GC(87) Pause Young (Allocation Failure)
[4436.223s][debug][gc,phases      ] GC(87) Scavenge 4.194ms
[4436.223s][debug][gc,ref         ] GC(87) ReferenceProcessor::execute queues: 1, RefProcThreadModel::Single, marks_oops_alive: false
[4436.223s][debug][gc,ref         ] GC(87) Skipped KeepAliveFinalRefsPhase of Reference Processing: no references
[4436.223s][debug][gc,ref         ] GC(87) ReferenceProcessor::execute queues: 1, RefProcThreadModel::Single, marks_oops_alive: false
[4436.223s][debug][gc,phases      ] GC(87) Reference Processing 0.134ms
[4436.224s][debug][gc,phases      ] GC(87)   VM Weak                        Min:  0.0, Avg:  0.0, Max:  0.0, Diff:  0.0, Sum:  0.0, Workers: 4
[4436.224s][debug][gc,phases      ] GC(87)     Dead                           Min: 0, Avg:  0.0, Max: 0, Diff: 0, Sum: 0, Workers: 4
[4436.224s][debug][gc,phases      ] GC(87)     Total                          Min: 0, Avg: 258.8, Max: 843, Diff: 843, Sum: 1035, Workers: 4
[4436.224s][debug][gc,phases      ] GC(87)   ObjectSynchronizer Weak        Min:  0.0, Avg:  0.0, Max:  0.0, Diff:  0.0, Sum:  0.0, Workers: 4
[4436.224s][debug][gc,phases      ] GC(87)     Dead                           Min: 0, Avg:  0.0, Max: 0, Diff: 0, Sum: 0, Workers: 4
[4436.224s][debug][gc,phases      ] GC(87)     Total                          Min: 0, Avg:  1.0, Max: 4, Diff: 4, Sum: 4, Workers: 4
[4436.224s][debug][gc,phases      ] GC(87)   JVMTI Tag Weak OopStorage      Min:  0.0, Avg:  0.0, Max:  0.0, Diff:  0.0, Sum:  0.0, Workers: 4
[4436.224s][debug][gc,phases      ] GC(87)     Dead                           Min: 0, Avg:  0.0, Max: 0, Diff: 0, Sum: 0, Workers: 4
[4436.224s][debug][gc,phases      ] GC(87)     Total                          Min: 0, Avg:  0.0, Max: 0, Diff: 0, Sum: 0, Workers: 4
[4436.224s][debug][gc,phases      ] GC(87)   StringTable Weak               Min:  0.0, Avg:  0.1, Max:  0.2, Diff:  0.2, Sum:  0.5, Workers: 4
[4436.224s][debug][gc,phases      ] GC(87)     Dead                           Min: 0, Avg:  0.0, Max: 0, Diff: 0, Sum: 0, Workers: 4
[4436.224s][debug][gc,phases      ] GC(87)     Total                          Min: 0, Avg: 11686.2, Max: 16153, Diff: 16153, Sum: 46745, Workers: 4
[4436.224s][debug][gc,phases      ] GC(87)   ResolvedMethodTable Weak       Min:  0.0, Avg:  0.0, Max:  0.1, Diff:  0.1, Sum:  0.2, Workers: 4
[4436.224s][debug][gc,phases      ] GC(87)     Dead                           Min: 0, Avg:  4.0, Max: 9, Diff: 9, Sum: 16, Workers: 4
[4436.224s][debug][gc,phases      ] GC(87)     Total                          Min: 0, Avg: 3891.0, Max: 5820, Diff: 5820, Sum: 15564, Workers: 4
[4436.224s][debug][gc,phases      ] GC(87)   JNI Weak                       Min:  0.0, Avg:  0.0, Max:  0.0, Diff:  0.0, Sum:  0.0, Workers: 4
[4436.224s][debug][gc,phases      ] GC(87)     Dead                           Min: 0, Avg:  0.0, Max: 0, Diff: 0, Sum: 0, Workers: 4
[4436.224s][debug][gc,phases      ] GC(87)     Total                          Min: 0, Avg: 13.0, Max: 52, Diff: 52, Sum: 52, Workers: 4
[4436.224s][debug][gc,phases      ] GC(87)   StringDedup Table Weak         Min:  0.0, Avg:  0.0, Max:  0.0, Diff:  0.0, Sum:  0.0, Workers: 4
[4436.224s][debug][gc,phases      ] GC(87)     Dead                           Min: 0, Avg:  0.0, Max: 0, Diff: 0, Sum: 0, Workers: 4
[4436.224s][debug][gc,phases      ] GC(87)     Total                          Min: 0, Avg:  0.0, Max: 0, Diff: 0, Sum: 0, Workers: 4
[4436.224s][debug][gc,phases      ] GC(87)   StringDedup Requests0 Weak     Min:  0.0, Avg:  0.0, Max:  0.0, Diff:  0.0, Sum:  0.0, Workers: 4
[4436.224s][debug][gc,phases      ] GC(87)     Dead                           Min: 0, Avg:  0.0, Max: 0, Diff: 0, Sum: 0, Workers: 4
[4436.224s][debug][gc,phases      ] GC(87)     Total                          Min: 0, Avg:  0.0, Max: 0, Diff: 0, Sum: 0, Workers: 4
[4436.224s][debug][gc,phases      ] GC(87)   StringDedup Requests1 Weak     Min:  0.0, Avg:  0.0, Max:  0.0, Diff:  0.0, Sum:  0.0, Workers: 4
[4436.224s][debug][gc,phases      ] GC(87)     Dead                           Min: 0, Avg:  0.0, Max: 0, Diff: 0, Sum: 0, Workers: 4
[4436.224s][debug][gc,phases      ] GC(87)     Total                          Min: 0, Avg:  0.0, Max: 0, Diff: 0, Sum: 0, Workers: 4
[4436.224s][debug][gc,phases      ] GC(87)   Weak JFR Old Object Samples    Min:  0.0, Avg:  0.0, Max:  0.0, Diff:  0.0, Sum:  0.0, Workers: 4
[4436.224s][debug][gc,phases      ] GC(87)     Dead                           Min: 0, Avg:  0.0, Max: 0, Diff: 0, Sum: 0, Workers: 4
[4436.224s][debug][gc,phases      ] GC(87)     Total                          Min: 0, Avg:  0.0, Max: 0, Diff: 0, Sum: 0, Workers: 4
[4436.224s][debug][gc,phases      ] GC(87) Weak Processing 0.451ms
[4436.224s][debug][gc,age         ] GC(87) Desired survivor size 42991616 bytes, new threshold 1 (max threshold 15)
[4436.224s][info ][gc,heap        ] GC(87) PSYoungGen: 2009438K(2051072K)->5006K(2055168K) Eden: 2006016K(2006016K)->0K(2011648K) From: 3422K(45056K)->5006K(43520K)
[4436.224s][info ][gc,heap        ] GC(87) ParOldGen: 439348K(439808K)->439994K(440320K)
[4436.224s][info ][gc,metaspace   ] GC(87) Metaspace: 107631K(108992K)->107631K(108992K) NonClass: 91448K(92224K)->91448K(92224K) Class: 16183K(16768K)->16183K(16768K)
[4436.224s][info ][gc             ] GC(87) Pause Young (Allocation Failure) 2391M->434M(2437M) 4.913ms
[4436.224s][info ][gc,cpu         ] GC(87) User=0.01s Sys=0.01s Real=0.00s
[4436.224s][info ][safepoint      ] Safepoint "ParallelGCFailedAllocation", Time since last: 672093079 ns, Reaching safepoint: 6700 ns, Cleanup: 4301 ns, At safepoint: 4996504 ns, Total: 5007505 ns
[4447.415s][info ][safepoint      ] Safepoint "Cleanup", Time since last: 11191178076 ns, Reaching safepoint: 6100 ns, Cleanup: 11001 ns, At safepoint: 5100 ns, Total: 22201 ns
[4448.415s][info ][safepoint      ] Safepoint "Cleanup", Time since last: 1000144699 ns, Reaching safepoint: 8801 ns, Cleanup: 21101 ns, At safepoint: 5201 ns, Total: 35103 ns
[4460.416s][info ][safepoint      ] Safepoint "Cleanup", Time since last: 12000936819 ns, Reaching safepoint: 6201 ns, Cleanup: 10500 ns, At safepoint: 7101 ns, Total: 23802 ns
[4469.417s][info ][safepoint      ] Safepoint "Cleanup", Time since last: 9000722274 ns, Reaching safepoint: 6001 ns, Cleanup: 10100 ns, At safepoint: 11501 ns, Total: 27602 ns
[4498.419s][info ][safepoint      ] Safepoint "Cleanup", Time since last: 29002303099 ns, Reaching safepoint: 4801 ns, Cleanup: 9100 ns, At safepoint: 10201 ns, Total: 24102 ns
[4501.420s][info ][safepoint      ] Safepoint "Cleanup", Time since last: 3000279261 ns, Reaching safepoint: 10001 ns, Cleanup: 14901 ns, At safepoint: 14301 ns, Total: 39203 ns
[4502.434s][info ][safepoint      ] Safepoint "Cleanup", Time since last: 1014004348 ns, Reaching safepoint: 10201 ns, Cleanup: 15101 ns, At safepoint: 37102 ns, Total: 62404 ns
[4505.836s][info ][gc,start       ] GC(88) Pause Young (Allocation Failure)
[4505.840s][debug][gc,phases      ] GC(88) Scavenge 3.894ms
[4505.840s][debug][gc,ref         ] GC(88) ReferenceProcessor::execute queues: 1, RefProcThreadModel::Single, marks_oops_alive: false
[4505.840s][debug][gc,ref         ] GC(88) Skipped KeepAliveFinalRefsPhase of Reference Processing: no references
[4505.840s][debug][gc,ref         ] GC(88) Skipped PhantomRefsPhase of Reference Processing: no references
[4505.840s][debug][gc,phases      ] GC(88) Reference Processing 0.121ms
[4505.840s][debug][gc,phases      ] GC(88)   VM Weak                        Min:  0.0, Avg:  0.0, Max:  0.0, Diff:  0.0, Sum:  0.0, Workers: 4
[4505.840s][debug][gc,phases      ] GC(88)     Dead                           Min: 0, Avg:  0.0, Max: 0, Diff: 0, Sum: 0, Workers: 4
[4505.840s][debug][gc,phases      ] GC(88)     Total                          Min: 0, Avg: 258.8, Max: 715, Diff: 715, Sum: 1035, Workers: 4
[4505.840s][debug][gc,phases      ] GC(88)   ObjectSynchronizer Weak        Min:  0.0, Avg:  0.0, Max:  0.0, Diff:  0.0, Sum:  0.0, Workers: 4
[4505.840s][debug][gc,phases      ] GC(88)     Dead                           Min: 0, Avg:  0.0, Max: 0, Diff: 0, Sum: 0, Workers: 4
[4505.840s][debug][gc,phases      ] GC(88)     Total                          Min: 0, Avg:  1.0, Max: 4, Diff: 4, Sum: 4, Workers: 4
[4505.840s][debug][gc,phases      ] GC(88)   JVMTI Tag Weak OopStorage      Min:  0.0, Avg:  0.0, Max:  0.0, Diff:  0.0, Sum:  0.0, Workers: 4
[4505.840s][debug][gc,phases      ] GC(88)     Dead                           Min: 0, Avg:  0.0, Max: 0, Diff: 0, Sum: 0, Workers: 4
[4505.840s][debug][gc,phases      ] GC(88)     Total                          Min: 0, Avg:  0.0, Max: 0, Diff: 0, Sum: 0, Workers: 4
[4505.840s][debug][gc,phases      ] GC(88)   StringTable Weak               Min:  0.0, Avg:  0.1, Max:  0.2, Diff:  0.2, Sum:  0.5, Workers: 4
[4505.840s][debug][gc,phases      ] GC(88)     Dead                           Min: 0, Avg:  0.0, Max: 0, Diff: 0, Sum: 0, Workers: 4
[4505.840s][debug][gc,phases      ] GC(88)     Total                          Min: 0, Avg: 11686.2, Max: 16704, Diff: 16704, Sum: 46745, Workers: 4
[4505.840s][debug][gc,phases      ] GC(88)   ResolvedMethodTable Weak       Min:  0.0, Avg:  0.0, Max:  0.1, Diff:  0.1, Sum:  0.2, Workers: 4
[4505.840s][debug][gc,phases      ] GC(88)     Dead                           Min: 0, Avg:  4.0, Max: 16, Diff: 16, Sum: 16, Workers: 4
[4505.840s][debug][gc,phases      ] GC(88)     Total                          Min: 0, Avg: 3891.0, Max: 5308, Diff: 5308, Sum: 15564, Workers: 4
[4505.840s][debug][gc,phases      ] GC(88)   JNI Weak                       Min:  0.0, Avg:  0.0, Max:  0.0, Diff:  0.0, Sum:  0.0, Workers: 4
[4505.840s][debug][gc,phases      ] GC(88)     Dead                           Min: 0, Avg:  0.0, Max: 0, Diff: 0, Sum: 0, Workers: 4
[4505.840s][debug][gc,phases      ] GC(88)     Total                          Min: 0, Avg: 13.0, Max: 52, Diff: 52, Sum: 52, Workers: 4
[4505.840s][debug][gc,phases      ] GC(88)   StringDedup Table Weak         Min:  0.0, Avg:  0.0, Max:  0.0, Diff:  0.0, Sum:  0.0, Workers: 4
[4505.840s][debug][gc,phases      ] GC(88)     Dead                           Min: 0, Avg:  0.0, Max: 0, Diff: 0, Sum: 0, Workers: 4
[4505.840s][debug][gc,phases      ] GC(88)     Total                          Min: 0, Avg:  0.0, Max: 0, Diff: 0, Sum: 0, Workers: 4
[4505.840s][debug][gc,phases      ] GC(88)   StringDedup Requests0 Weak     Min:  0.0, Avg:  0.0, Max:  0.0, Diff:  0.0, Sum:  0.0, Workers: 4
[4505.840s][debug][gc,phases      ] GC(88)     Dead                           Min: 0, Avg:  0.0, Max: 0, Diff: 0, Sum: 0, Workers: 4
[4505.840s][debug][gc,phases      ] GC(88)     Total                          Min: 0, Avg:  0.0, Max: 0, Diff: 0, Sum: 0, Workers: 4
[4505.840s][debug][gc,phases      ] GC(88)   StringDedup Requests1 Weak     Min:  0.0, Avg:  0.0, Max:  0.0, Diff:  0.0, Sum:  0.0, Workers: 4
[4505.840s][debug][gc,phases      ] GC(88)     Dead                           Min: 0, Avg:  0.0, Max: 0, Diff: 0, Sum: 0, Workers: 4
[4505.840s][debug][gc,phases      ] GC(88)     Total                          Min: 0, Avg:  0.0, Max: 0, Diff: 0, Sum: 0, Workers: 4
[4505.840s][debug][gc,phases      ] GC(88)   Weak JFR Old Object Samples    Min:  0.0, Avg:  0.0, Max:  0.0, Diff:  0.0, Sum:  0.0, Workers: 4
[4505.840s][debug][gc,phases      ] GC(88)     Dead                           Min: 0, Avg:  0.0, Max: 0, Diff: 0, Sum: 0, Workers: 4
[4505.840s][debug][gc,phases      ] GC(88)     Total                          Min: 0, Avg:  0.0, Max: 0, Diff: 0, Sum: 0, Workers: 4
[4505.840s][debug][gc,phases      ] GC(88) Weak Processing 0.455ms
[4505.840s][debug][gc,age         ] GC(88) Desired survivor size 41418752 bytes, new threshold 1 (max threshold 15)
[4505.840s][info ][gc,heap        ] GC(88) PSYoungGen: 2016654K(2055168K)->4078K(2053632K) Eden: 2011648K(2011648K)->0K(2011648K) From: 5006K(43520K)->4078K(41984K)
[4505.840s][info ][gc,heap        ] GC(88) ParOldGen: 439994K(440320K)->441580K(441856K)
[4505.840s][info ][gc,metaspace   ] GC(88) Metaspace: 107635K(108992K)->107635K(108992K) NonClass: 91452K(92224K)->91452K(92224K) Class: 16183K(16768K)->16183K(16768K)
[4505.840s][info ][gc             ] GC(88) Pause Young (Allocation Failure) 2399M->435M(2437M) 4.616ms
[4505.840s][info ][gc,cpu         ] GC(88) User=0.01s Sys=0.00s Real=0.01s
[4505.840s][info ][safepoint      ] Safepoint "ParallelGCFailedAllocation", Time since last: 3402088175 ns, Reaching safepoint: 78705 ns, Cleanup: 4900 ns, At safepoint: 4705780 ns, Total: 4789385 ns
[4513.841s][info ][safepoint      ] Safepoint "Cleanup", Time since last: 8000611907 ns, Reaching safepoint: 5900 ns, Cleanup: 10801 ns, At safepoint: 5500 ns, Total: 22201 ns
[4527.842s][info ][safepoint      ] Safepoint "Cleanup", Time since last: 14001133099 ns, Reaching safepoint: 8101 ns, Cleanup: 14001 ns, At safepoint: 6600 ns, Total: 28702 ns
[4563.452s][info ][safepoint      ] Safepoint "Cleanup", Time since last: 35609641070 ns, Reaching safepoint: 7201 ns, Cleanup: 11300 ns, At safepoint: 9401 ns, Total: 27902 ns
[4575.850s][info ][gc,start       ] GC(89) Pause Young (Allocation Failure)
[4575.853s][debug][gc,phases      ] GC(89) Scavenge 3.441ms
[4575.853s][debug][gc,ref         ] GC(89) ReferenceProcessor::execute queues: 1, RefProcThreadModel::Single, marks_oops_alive: false
[4575.853s][debug][gc,ref         ] GC(89) Skipped KeepAliveFinalRefsPhase of Reference Processing: no references
[4575.853s][debug][gc,ref         ] GC(89) Skipped PhantomRefsPhase of Reference Processing: no references
[4575.853s][debug][gc,phases      ] GC(89) Reference Processing 0.118ms
[4575.854s][debug][gc,phases      ] GC(89)   VM Weak                        Min:  0.0, Avg:  0.0, Max:  0.0, Diff:  0.0, Sum:  0.0, Workers: 4
[4575.854s][debug][gc,phases      ] GC(89)     Dead                           Min: 0, Avg:  0.0, Max: 0, Diff: 0, Sum: 0, Workers: 4
[4575.854s][debug][gc,phases      ] GC(89)     Total                          Min: 0, Avg: 258.8, Max: 587, Diff: 587, Sum: 1035, Workers: 4
[4575.854s][debug][gc,phases      ] GC(89)   ObjectSynchronizer Weak        Min:  0.0, Avg:  0.0, Max:  0.0, Diff:  0.0, Sum:  0.0, Workers: 4
[4575.854s][debug][gc,phases      ] GC(89)     Dead                           Min: 0, Avg:  0.0, Max: 0, Diff: 0, Sum: 0, Workers: 4
[4575.854s][debug][gc,phases      ] GC(89)     Total                          Min: 0, Avg:  1.0, Max: 4, Diff: 4, Sum: 4, Workers: 4
[4575.854s][debug][gc,phases      ] GC(89)   JVMTI Tag Weak OopStorage      Min:  0.0, Avg:  0.0, Max:  0.0, Diff:  0.0, Sum:  0.0, Workers: 4
[4575.854s][debug][gc,phases      ] GC(89)     Dead                           Min: 0, Avg:  0.0, Max: 0, Diff: 0, Sum: 0, Workers: 4
[4575.854s][debug][gc,phases      ] GC(89)     Total                          Min: 0, Avg:  0.0, Max: 0, Diff: 0, Sum: 0, Workers: 4
[4575.854s][debug][gc,phases      ] GC(89)   StringTable Weak               Min:  0.1, Avg:  0.1, Max:  0.1, Diff:  0.1, Sum:  0.5, Workers: 4
[4575.854s][debug][gc,phases      ] GC(89)     Dead                           Min: 0, Avg:  0.0, Max: 0, Diff: 0, Sum: 0, Workers: 4
[4575.854s][debug][gc,phases      ] GC(89)     Total                          Min: 8704, Avg: 11688.0, Max: 15104, Diff: 6400, Sum: 46752, Workers: 4
[4575.854s][debug][gc,phases      ] GC(89)   ResolvedMethodTable Weak       Min:  0.0, Avg:  0.0, Max:  0.0, Diff:  0.0, Sum:  0.2, Workers: 4
[4575.854s][debug][gc,phases      ] GC(89)     Dead                           Min: 0, Avg:  4.0, Max: 12, Diff: 12, Sum: 16, Workers: 4
[4575.854s][debug][gc,phases      ] GC(89)     Total                          Min: 3443, Avg: 3891.0, Max: 4485, Diff: 1042, Sum: 15564, Workers: 4
[4575.854s][debug][gc,phases      ] GC(89)   JNI Weak                       Min:  0.0, Avg:  0.0, Max:  0.0, Diff:  0.0, Sum:  0.0, Workers: 4
[4575.854s][debug][gc,phases      ] GC(89)     Dead                           Min: 0, Avg:  0.0, Max: 0, Diff: 0, Sum: 0, Workers: 4
[4575.854s][debug][gc,phases      ] GC(89)     Total                          Min: 0, Avg: 13.0, Max: 52, Diff: 52, Sum: 52, Workers: 4
[4575.854s][debug][gc,phases      ] GC(89)   StringDedup Table Weak         Min:  0.0, Avg:  0.0, Max:  0.0, Diff:  0.0, Sum:  0.0, Workers: 4
[4575.854s][debug][gc,phases      ] GC(89)     Dead                           Min: 0, Avg:  0.0, Max: 0, Diff: 0, Sum: 0, Workers: 4
[4575.854s][debug][gc,phases      ] GC(89)     Total                          Min: 0, Avg:  0.0, Max: 0, Diff: 0, Sum: 0, Workers: 4
[4575.854s][debug][gc,phases      ] GC(89)   StringDedup Requests0 Weak     Min:  0.0, Avg:  0.0, Max:  0.0, Diff:  0.0, Sum:  0.0, Workers: 4
[4575.854s][debug][gc,phases      ] GC(89)     Dead                           Min: 0, Avg:  0.0, Max: 0, Diff: 0, Sum: 0, Workers: 4
[4575.854s][debug][gc,phases      ] GC(89)     Total                          Min: 0, Avg:  0.0, Max: 0, Diff: 0, Sum: 0, Workers: 4
[4575.854s][debug][gc,phases      ] GC(89)   StringDedup Requests1 Weak     Min:  0.0, Avg:  0.0, Max:  0.0, Diff:  0.0, Sum:  0.0, Workers: 4
[4575.854s][debug][gc,phases      ] GC(89)     Dead                           Min: 0, Avg:  0.0, Max: 0, Diff: 0, Sum: 0, Workers: 4
[4575.854s][debug][gc,phases      ] GC(89)     Total                          Min: 0, Avg:  0.0, Max: 0, Diff: 0, Sum: 0, Workers: 4
[4575.854s][debug][gc,phases      ] GC(89)   Weak JFR Old Object Samples    Min:  0.0, Avg:  0.0, Max:  0.0, Diff:  0.0, Sum:  0.0, Workers: 4
[4575.854s][debug][gc,phases      ] GC(89)     Dead                           Min: 0, Avg:  0.0, Max: 0, Diff: 0, Sum: 0, Workers: 4
[4575.854s][debug][gc,phases      ] GC(89)     Total                          Min: 0, Avg:  0.0, Max: 0, Diff: 0, Sum: 0, Workers: 4
[4575.854s][debug][gc,phases      ] GC(89) Weak Processing 0.441ms
[4575.854s][debug][gc,age         ] GC(89) Desired survivor size 39321600 bytes, new threshold 1 (max threshold 15)
[4575.854s][info ][gc,heap        ] GC(89) PSYoungGen: 2015726K(2053632K)->4214K(2058752K) Eden: 2011648K(2011648K)->0K(2018304K) From: 4078K(41984K)->4214K(40448K)
[4575.854s][info ][gc,heap        ] GC(89) ParOldGen: 441580K(441856K)->442458K(442880K)
[4575.854s][info ][gc,metaspace   ] GC(89) Metaspace: 107639K(108992K)->107639K(108992K) NonClass: 91456K(92224K)->91456K(92224K) Class: 16183K(16768K)->16183K(16768K)
[4575.854s][info ][gc             ] GC(89) Pause Young (Allocation Failure) 2399M->436M(2443M) 4.142ms
[4575.854s][info ][gc,cpu         ] GC(89) User=0.01s Sys=0.00s Real=0.00s
[4575.854s][info ][safepoint      ] Safepoint "ParallelGCFailedAllocation", Time since last: 12397725352 ns, Reaching safepoint: 6500 ns, Cleanup: 4401 ns, At safepoint: 4222856 ns, Total: 4233757 ns
[4609.856s][info ][safepoint      ] Safepoint "Cleanup", Time since last: 34002559411 ns, Reaching safepoint: 6701 ns, Cleanup: 11400 ns, At safepoint: 8701 ns, Total: 26802 ns
[4610.857s][info ][safepoint      ] Safepoint "Cleanup", Time since last: 1000112163 ns, Reaching safepoint: 5801 ns, Cleanup: 9600 ns, At safepoint: 7601 ns, Total: 23002 ns
[4611.857s][info ][safepoint      ] Safepoint "Cleanup", Time since last: 1000115321 ns, Reaching safepoint: 5200 ns, Cleanup: 7601 ns, At safepoint: 7600 ns, Total: 20401 ns
[4613.857s][info ][safepoint      ] Safepoint "Cleanup", Time since last: 2000171139 ns, Reaching safepoint: 7300 ns, Cleanup: 12001 ns, At safepoint: 6700 ns, Total: 26001 ns
[4617.857s][info ][safepoint      ] Safepoint "Cleanup", Time since last: 4000317877 ns, Reaching safepoint: 6600 ns, Cleanup: 9600 ns, At safepoint: 3401 ns, Total: 19601 ns
[4628.471s][info ][safepoint      ] Safepoint "Cleanup", Time since last: 10613172627 ns, Reaching safepoint: 11201 ns, Cleanup: 14600 ns, At safepoint: 36203 ns, Total: 62004 ns
[4630.471s][info ][safepoint      ] Safepoint "Cleanup", Time since last: 2000217856 ns, Reaching safepoint: 10301 ns, Cleanup: 15301 ns, At safepoint: 10901 ns, Total: 36503 ns
[4631.267s][info ][gc,start       ] GC(90) Pause Young (Allocation Failure)
[4631.273s][debug][gc,phases      ] GC(90) Scavenge 6.045ms
[4631.273s][debug][gc,ref         ] GC(90) ReferenceProcessor::execute queues: 1, RefProcThreadModel::Single, marks_oops_alive: false
[4631.273s][debug][gc,ref         ] GC(90) Skipped KeepAliveFinalRefsPhase of Reference Processing: no references
[4631.273s][debug][gc,ref         ] GC(90) ReferenceProcessor::execute queues: 1, RefProcThreadModel::Single, marks_oops_alive: false
[4631.273s][debug][gc,phases      ] GC(90) Reference Processing 0.121ms
[4631.273s][debug][gc,phases      ] GC(90)   VM Weak                        Min:  0.0, Avg:  0.0, Max:  0.0, Diff:  0.0, Sum:  0.0, Workers: 4
[4631.273s][debug][gc,phases      ] GC(90)     Dead                           Min: 0, Avg:  0.0, Max: 0, Diff: 0, Sum: 0, Workers: 4
[4631.273s][debug][gc,phases      ] GC(90)     Total                          Min: 0, Avg: 258.8, Max: 896, Diff: 896, Sum: 1035, Workers: 4
[4631.273s][debug][gc,phases      ] GC(90)   ObjectSynchronizer Weak        Min:  0.0, Avg:  0.0, Max:  0.0, Diff:  0.0, Sum:  0.0, Workers: 4
[4631.273s][debug][gc,phases      ] GC(90)     Dead                           Min: 0, Avg:  0.0, Max: 0, Diff: 0, Sum: 0, Workers: 4
[4631.273s][debug][gc,phases      ] GC(90)     Total                          Min: 0, Avg:  1.0, Max: 4, Diff: 4, Sum: 4, Workers: 4
[4631.273s][debug][gc,phases      ] GC(90)   JVMTI Tag Weak OopStorage      Min:  0.0, Avg:  0.0, Max:  0.0, Diff:  0.0, Sum:  0.0, Workers: 4
[4631.273s][debug][gc,phases      ] GC(90)     Dead                           Min: 0, Avg:  0.0, Max: 0, Diff: 0, Sum: 0, Workers: 4
[4631.273s][debug][gc,phases      ] GC(90)     Total                          Min: 0, Avg:  0.0, Max: 0, Diff: 0, Sum: 0, Workers: 4
[4631.273s][debug][gc,phases      ] GC(90)   StringTable Weak               Min:  0.0, Avg:  0.1, Max:  0.1, Diff:  0.1, Sum:  0.4, Workers: 4
[4631.273s][debug][gc,phases      ] GC(90)     Dead                           Min: 0, Avg:  0.0, Max: 0, Diff: 0, Sum: 0, Workers: 4
[4631.273s][debug][gc,phases      ] GC(90)     Total                          Min: 0, Avg: 11690.5, Max: 17280, Diff: 17280, Sum: 46762, Workers: 4
[4631.273s][debug][gc,phases      ] GC(90)   ResolvedMethodTable Weak       Min:  0.0, Avg:  0.0, Max:  0.1, Diff:  0.0, Sum:  0.1, Workers: 4
[4631.273s][debug][gc,phases      ] GC(90)     Dead                           Min: 0, Avg:  4.0, Max: 16, Diff: 16, Sum: 16, Workers: 4
[4631.273s][debug][gc,phases      ] GC(90)     Total                          Min: 0, Avg: 3891.0, Max: 5387, Diff: 5387, Sum: 15564, Workers: 4
[4631.273s][debug][gc,phases      ] GC(90)   JNI Weak                       Min:  0.0, Avg:  0.0, Max:  0.0, Diff:  0.0, Sum:  0.0, Workers: 4
[4631.273s][debug][gc,phases      ] GC(90)     Dead                           Min: 0, Avg:  0.0, Max: 0, Diff: 0, Sum: 0, Workers: 4
[4631.273s][debug][gc,phases      ] GC(90)     Total                          Min: 0, Avg: 13.0, Max: 52, Diff: 52, Sum: 52, Workers: 4
[4631.273s][debug][gc,phases      ] GC(90)   StringDedup Table Weak         Min:  0.0, Avg:  0.0, Max:  0.0, Diff:  0.0, Sum:  0.0, Workers: 4
[4631.273s][debug][gc,phases      ] GC(90)     Dead                           Min: 0, Avg:  0.0, Max: 0, Diff: 0, Sum: 0, Workers: 4
[4631.273s][debug][gc,phases      ] GC(90)     Total                          Min: 0, Avg:  0.0, Max: 0, Diff: 0, Sum: 0, Workers: 4
[4631.273s][debug][gc,phases      ] GC(90)   StringDedup Requests0 Weak     Min:  0.0, Avg:  0.0, Max:  0.0, Diff:  0.0, Sum:  0.0, Workers: 4
[4631.273s][debug][gc,phases      ] GC(90)     Dead                           Min: 0, Avg:  0.0, Max: 0, Diff: 0, Sum: 0, Workers: 4
[4631.273s][debug][gc,phases      ] GC(90)     Total                          Min: 0, Avg:  0.0, Max: 0, Diff: 0, Sum: 0, Workers: 4
[4631.273s][debug][gc,phases      ] GC(90)   StringDedup Requests1 Weak     Min:  0.0, Avg:  0.0, Max:  0.0, Diff:  0.0, Sum:  0.0, Workers: 4
[4631.273s][debug][gc,phases      ] GC(90)     Dead                           Min: 0, Avg:  0.0, Max: 0, Diff: 0, Sum: 0, Workers: 4
[4631.273s][debug][gc,phases      ] GC(90)     Total                          Min: 0, Avg:  0.0, Max: 0, Diff: 0, Sum: 0, Workers: 4
[4631.273s][debug][gc,phases      ] GC(90)   Weak JFR Old Object Samples    Min:  0.0, Avg:  0.0, Max:  0.0, Diff:  0.0, Sum:  0.0, Workers: 4
[4631.273s][debug][gc,phases      ] GC(90)     Dead                           Min: 0, Avg:  0.0, Max: 0, Diff: 0, Sum: 0, Workers: 4
[4631.273s][debug][gc,phases      ] GC(90)     Total                          Min: 0, Avg:  0.0, Max: 0, Diff: 0, Sum: 0, Workers: 4
[4631.273s][debug][gc,phases      ] GC(90) Weak Processing 0.431ms
[4631.273s][debug][gc,age         ] GC(90) Desired survivor size 37224448 bytes, new threshold 1 (max threshold 15)
[4631.273s][info ][gc,heap        ] GC(90) PSYoungGen: 2022518K(2058752K)->6528K(2056704K) Eden: 2018304K(2018304K)->0K(2018304K) From: 4214K(40448K)->6528K(38400K)
[4631.273s][info ][gc,heap        ] GC(90) ParOldGen: 442458K(442880K)->443482K(443904K)
[4631.273s][info ][gc,metaspace   ] GC(90) Metaspace: 107644K(108992K)->107644K(108992K) NonClass: 91460K(92224K)->91460K(92224K) Class: 16183K(16768K)->16183K(16768K)
[4631.273s][info ][gc             ] GC(90) Pause Young (Allocation Failure) 2407M->439M(2442M) 6.737ms
[4631.273s][info ][gc,cpu         ] GC(90) User=0.03s Sys=0.00s Real=0.01s
[4631.273s][info ][safepoint      ] Safepoint "ParallelGCFailedAllocation", Time since last: 795821624 ns, Reaching safepoint: 5401 ns, Cleanup: 4100 ns, At safepoint: 6844414 ns, Total: 6853915 ns
[4646.275s][info ][safepoint      ] Safepoint "Cleanup", Time since last: 15001090111 ns, Reaching safepoint: 6300 ns, Cleanup: 9601 ns, At safepoint: 6800 ns, Total: 22701 ns
[4656.275s][info ][safepoint      ] Safepoint "Cleanup", Time since last: 10000757975 ns, Reaching safepoint: 5701 ns, Cleanup: 13000 ns, At safepoint: 20602 ns, Total: 39303 ns
[4663.276s][info ][safepoint      ] Safepoint "Cleanup", Time since last: 7000533791 ns, Reaching safepoint: 5601 ns, Cleanup: 12400 ns, At safepoint: 8401 ns, Total: 26402 ns
[4664.276s][info ][safepoint      ] Safepoint "Cleanup", Time since last: 1000112365 ns, Reaching safepoint: 6400 ns, Cleanup: 10201 ns, At safepoint: 9100 ns, Total: 25701 ns
[4674.277s][info ][safepoint      ] Safepoint "Cleanup", Time since last: 10000730933 ns, Reaching safepoint: 5601 ns, Cleanup: 9800 ns, At safepoint: 10201 ns, Total: 25602 ns
[4680.277s][info ][safepoint      ] Safepoint "Cleanup", Time since last: 6000472699 ns, Reaching safepoint: 6601 ns, Cleanup: 10500 ns, At safepoint: 6301 ns, Total: 23402 ns
[4685.489s][info ][safepoint      ] Safepoint "Cleanup", Time since last: 5211622849 ns, Reaching safepoint: 81205 ns, Cleanup: 12801 ns, At safepoint: 8100 ns, Total: 102106 ns
[4689.490s][info ][safepoint      ] Safepoint "Cleanup", Time since last: 4000392131 ns, Reaching safepoint: 82905 ns, Cleanup: 11700 ns, At safepoint: 7701 ns, Total: 102306 ns
[4691.490s][info ][safepoint      ] Safepoint "Cleanup", Time since last: 2000220163 ns, Reaching safepoint: 81405 ns, Cleanup: 10100 ns, At safepoint: 9801 ns, Total: 101306 ns
[4698.039s][info ][gc,start       ] GC(91) Pause Young (Allocation Failure)
[4698.044s][debug][gc,phases      ] GC(91) Scavenge 4.525ms
[4698.044s][debug][gc,ref         ] GC(91) ReferenceProcessor::execute queues: 1, RefProcThreadModel::Single, marks_oops_alive: false
[4698.044s][debug][gc,ref         ] GC(91) Skipped KeepAliveFinalRefsPhase of Reference Processing: no references
[4698.044s][debug][gc,ref         ] GC(91) Skipped PhantomRefsPhase of Reference Processing: no references
[4698.044s][debug][gc,phases      ] GC(91) Reference Processing 0.118ms
[4698.044s][debug][gc,phases      ] GC(91)   VM Weak                        Min:  0.0, Avg:  0.0, Max:  0.0, Diff:  0.0, Sum:  0.0, Workers: 4
[4698.044s][debug][gc,phases      ] GC(91)     Dead                           Min: 0, Avg:  0.0, Max: 0, Diff: 0, Sum: 0, Workers: 4
[4698.044s][debug][gc,phases      ] GC(91)     Total                          Min: 0, Avg: 258.8, Max: 576, Diff: 576, Sum: 1035, Workers: 4
[4698.044s][debug][gc,phases      ] GC(91)   ObjectSynchronizer Weak        Min:  0.0, Avg:  0.0, Max:  0.0, Diff:  0.0, Sum:  0.0, Workers: 4
[4698.044s][debug][gc,phases      ] GC(91)     Dead                           Min: 0, Avg:  0.0, Max: 0, Diff: 0, Sum: 0, Workers: 4
[4698.044s][debug][gc,phases      ] GC(91)     Total                          Min: 0, Avg:  1.0, Max: 4, Diff: 4, Sum: 4, Workers: 4
[4698.044s][debug][gc,phases      ] GC(91)   JVMTI Tag Weak OopStorage      Min:  0.0, Avg:  0.0, Max:  0.0, Diff:  0.0, Sum:  0.0, Workers: 4
[4698.044s][debug][gc,phases      ] GC(91)     Dead                           Min: 0, Avg:  0.0, Max: 0, Diff: 0, Sum: 0, Workers: 4
[4698.044s][debug][gc,phases      ] GC(91)     Total                          Min: 0, Avg:  0.0, Max: 0, Diff: 0, Sum: 0, Workers: 4
[4698.044s][debug][gc,phases      ] GC(91)   StringTable Weak               Min:  0.1, Avg:  0.1, Max:  0.1, Diff:  0.0, Sum:  0.4, Workers: 4
[4698.044s][debug][gc,phases      ] GC(91)     Dead                           Min: 0, Avg:  0.0, Max: 0, Diff: 0, Sum: 0, Workers: 4
[4698.044s][debug][gc,phases      ] GC(91)     Total                          Min: 10816, Avg: 11690.5, Max: 13802, Diff: 2986, Sum: 46762, Workers: 4
[4698.044s][debug][gc,phases      ] GC(91)   ResolvedMethodTable Weak       Min:  0.0, Avg:  0.0, Max:  0.0, Diff:  0.0, Sum:  0.2, Workers: 4
[4698.044s][debug][gc,phases      ] GC(91)     Dead                           Min: 0, Avg:  4.0, Max: 16, Diff: 16, Sum: 16, Workers: 4
[4698.044s][debug][gc,phases      ] GC(91)     Total                          Min: 3699, Avg: 3891.0, Max: 4140, Diff: 441, Sum: 15564, Workers: 4
[4698.044s][debug][gc,phases      ] GC(91)   JNI Weak                       Min:  0.0, Avg:  0.0, Max:  0.0, Diff:  0.0, Sum:  0.0, Workers: 4
[4698.044s][debug][gc,phases      ] GC(91)     Dead                           Min: 0, Avg:  0.0, Max: 0, Diff: 0, Sum: 0, Workers: 4
[4698.044s][debug][gc,phases      ] GC(91)     Total                          Min: 0, Avg: 13.0, Max: 52, Diff: 52, Sum: 52, Workers: 4
[4698.044s][debug][gc,phases      ] GC(91)   StringDedup Table Weak         Min:  0.0, Avg:  0.0, Max:  0.0, Diff:  0.0, Sum:  0.0, Workers: 4
[4698.044s][debug][gc,phases      ] GC(91)     Dead                           Min: 0, Avg:  0.0, Max: 0, Diff: 0, Sum: 0, Workers: 4
[4698.044s][debug][gc,phases      ] GC(91)     Total                          Min: 0, Avg:  0.0, Max: 0, Diff: 0, Sum: 0, Workers: 4
[4698.044s][debug][gc,phases      ] GC(91)   StringDedup Requests0 Weak     Min:  0.0, Avg:  0.0, Max:  0.0, Diff:  0.0, Sum:  0.0, Workers: 4
[4698.044s][debug][gc,phases      ] GC(91)     Dead                           Min: 0, Avg:  0.0, Max: 0, Diff: 0, Sum: 0, Workers: 4
[4698.044s][debug][gc,phases      ] GC(91)     Total                          Min: 0, Avg:  0.0, Max: 0, Diff: 0, Sum: 0, Workers: 4
[4698.044s][debug][gc,phases      ] GC(91)   StringDedup Requests1 Weak     Min:  0.0, Avg:  0.0, Max:  0.0, Diff:  0.0, Sum:  0.0, Workers: 4
[4698.044s][debug][gc,phases      ] GC(91)     Dead                           Min: 0, Avg:  0.0, Max: 0, Diff: 0, Sum: 0, Workers: 4
[4698.044s][debug][gc,phases      ] GC(91)     Total                          Min: 0, Avg:  0.0, Max: 0, Diff: 0, Sum: 0, Workers: 4
[4698.044s][debug][gc,phases      ] GC(91)   Weak JFR Old Object Samples    Min:  0.0, Avg:  0.0, Max:  0.0, Diff:  0.0, Sum:  0.0, Workers: 4
[4698.044s][debug][gc,phases      ] GC(91)     Dead                           Min: 0, Avg:  0.0, Max: 0, Diff: 0, Sum: 0, Workers: 4
[4698.044s][debug][gc,phases      ] GC(91)     Total                          Min: 0, Avg:  0.0, Max: 0, Diff: 0, Sum: 0, Workers: 4
[4698.044s][debug][gc,phases      ] GC(91) Weak Processing 0.397ms
[4698.044s][debug][gc,age         ] GC(91) Desired survivor size 35651584 bytes, new threshold 1 (max threshold 15)
[4698.044s][info ][gc,heap        ] GC(91) PSYoungGen: 2024832K(2056704K)->4592K(2062336K) Eden: 2018304K(2018304K)->0K(2025984K) From: 6528K(38400K)->4592K(36352K)
[4698.044s][info ][gc,heap        ] GC(91) ParOldGen: 443482K(443904K)->445878K(445952K)
[4698.044s][info ][gc,metaspace   ] GC(91) Metaspace: 107647K(108992K)->107647K(108992K) NonClass: 91463K(92224K)->91463K(92224K) Class: 16183K(16768K)->16183K(16768K)
[4698.044s][info ][gc             ] GC(91) Pause Young (Allocation Failure) 2410M->439M(2449M) 5.178ms
[4698.044s][info ][gc,cpu         ] GC(91) User=0.01s Sys=0.01s Real=0.00s
[4698.044s][info ][safepoint      ] Safepoint "ParallelGCFailedAllocation", Time since last: 6549303929 ns, Reaching safepoint: 6500 ns, Cleanup: 4301 ns, At safepoint: 5288614 ns, Total: 5299415 ns
[4699.045s][info ][safepoint      ] Safepoint "Cleanup", Time since last: 1000095765 ns, Reaching safepoint: 6800 ns, Cleanup: 10601 ns, At safepoint: 8200 ns, Total: 25601 ns
[4730.047s][info ][safepoint      ] Safepoint "Cleanup", Time since last: 31002463508 ns, Reaching safepoint: 6900 ns, Cleanup: 10601 ns, At safepoint: 5900 ns, Total: 23401 ns
[4731.047s][info ][safepoint      ] Safepoint "Cleanup", Time since last: 1000132215 ns, Reaching safepoint: 7100 ns, Cleanup: 12901 ns, At safepoint: 7001 ns, Total: 27002 ns
[4765.987s][info ][gc,start       ] GC(92) Pause Young (Allocation Failure)
[4765.991s][debug][gc,phases      ] GC(92) Scavenge 3.939ms
[4765.991s][debug][gc,ref         ] GC(92) ReferenceProcessor::execute queues: 1, RefProcThreadModel::Single, marks_oops_alive: false
[4765.991s][debug][gc,ref         ] GC(92) Skipped KeepAliveFinalRefsPhase of Reference Processing: no references
[4765.991s][debug][gc,ref         ] GC(92) ReferenceProcessor::execute queues: 1, RefProcThreadModel::Single, marks_oops_alive: false
[4765.991s][debug][gc,phases      ] GC(92) Reference Processing 0.115ms
[4765.991s][debug][gc,phases      ] GC(92)   VM Weak                        Min:  0.0, Avg:  0.0, Max:  0.0, Diff:  0.0, Sum:  0.0, Workers: 4
[4765.991s][debug][gc,phases      ] GC(92)     Dead                           Min: 0, Avg:  0.0, Max: 0, Diff: 0, Sum: 0, Workers: 4
[4765.991s][debug][gc,phases      ] GC(92)     Total                          Min: 0, Avg: 258.8, Max: 843, Diff: 843, Sum: 1035, Workers: 4
[4765.991s][debug][gc,phases      ] GC(92)   ObjectSynchronizer Weak        Min:  0.0, Avg:  0.0, Max:  0.0, Diff:  0.0, Sum:  0.0, Workers: 4
[4765.991s][debug][gc,phases      ] GC(92)     Dead                           Min: 0, Avg:  0.0, Max: 0, Diff: 0, Sum: 0, Workers: 4
[4765.991s][debug][gc,phases      ] GC(92)     Total                          Min: 0, Avg:  1.0, Max: 4, Diff: 4, Sum: 4, Workers: 4
[4765.991s][debug][gc,phases      ] GC(92)   JVMTI Tag Weak OopStorage      Min:  0.0, Avg:  0.0, Max:  0.0, Diff:  0.0, Sum:  0.0, Workers: 4
[4765.991s][debug][gc,phases      ] GC(92)     Dead                           Min: 0, Avg:  0.0, Max: 0, Diff: 0, Sum: 0, Workers: 4
[4765.991s][debug][gc,phases      ] GC(92)     Total                          Min: 0, Avg:  0.0, Max: 0, Diff: 0, Sum: 0, Workers: 4
[4765.991s][debug][gc,phases      ] GC(92)   StringTable Weak               Min:  0.0, Avg:  0.1, Max:  0.2, Diff:  0.2, Sum:  0.5, Workers: 4
[4765.991s][debug][gc,phases      ] GC(92)     Dead                           Min: 0, Avg:  0.0, Max: 0, Diff: 0, Sum: 0, Workers: 4
[4765.991s][debug][gc,phases      ] GC(92)     Total                          Min: 0, Avg: 11690.5, Max: 16362, Diff: 16362, Sum: 46762, Workers: 4
[4765.991s][debug][gc,phases      ] GC(92)   ResolvedMethodTable Weak       Min:  0.0, Avg:  0.0, Max:  0.1, Diff:  0.1, Sum:  0.2, Workers: 4
[4765.991s][debug][gc,phases      ] GC(92)     Dead                           Min: 0, Avg:  4.0, Max: 16, Diff: 16, Sum: 16, Workers: 4
[4765.991s][debug][gc,phases      ] GC(92)     Total                          Min: 0, Avg: 3891.0, Max: 5873, Diff: 5873, Sum: 15564, Workers: 4
[4765.991s][debug][gc,phases      ] GC(92)   JNI Weak                       Min:  0.0, Avg:  0.0, Max:  0.0, Diff:  0.0, Sum:  0.0, Workers: 4
[4765.991s][debug][gc,phases      ] GC(92)     Dead                           Min: 0, Avg:  0.0, Max: 0, Diff: 0, Sum: 0, Workers: 4
[4765.991s][debug][gc,phases      ] GC(92)     Total                          Min: 0, Avg: 13.0, Max: 52, Diff: 52, Sum: 52, Workers: 4
[4765.991s][debug][gc,phases      ] GC(92)   StringDedup Table Weak         Min:  0.0, Avg:  0.0, Max:  0.0, Diff:  0.0, Sum:  0.0, Workers: 4
[4765.991s][debug][gc,phases      ] GC(92)     Dead                           Min: 0, Avg:  0.0, Max: 0, Diff: 0, Sum: 0, Workers: 4
[4765.991s][debug][gc,phases      ] GC(92)     Total                          Min: 0, Avg:  0.0, Max: 0, Diff: 0, Sum: 0, Workers: 4
[4765.991s][debug][gc,phases      ] GC(92)   StringDedup Requests0 Weak     Min:  0.0, Avg:  0.0, Max:  0.0, Diff:  0.0, Sum:  0.0, Workers: 4
[4765.991s][debug][gc,phases      ] GC(92)     Dead                           Min: 0, Avg:  0.0, Max: 0, Diff: 0, Sum: 0, Workers: 4
[4765.991s][debug][gc,phases      ] GC(92)     Total                          Min: 0, Avg:  0.0, Max: 0, Diff: 0, Sum: 0, Workers: 4
[4765.991s][debug][gc,phases      ] GC(92)   StringDedup Requests1 Weak     Min:  0.0, Avg:  0.0, Max:  0.0, Diff:  0.0, Sum:  0.0, Workers: 4
[4765.991s][debug][gc,phases      ] GC(92)     Dead                           Min: 0, Avg:  0.0, Max: 0, Diff: 0, Sum: 0, Workers: 4
[4765.991s][debug][gc,phases      ] GC(92)     Total                          Min: 0, Avg:  0.0, Max: 0, Diff: 0, Sum: 0, Workers: 4
[4765.991s][debug][gc,phases      ] GC(92)   Weak JFR Old Object Samples    Min:  0.0, Avg:  0.0, Max:  0.0, Diff:  0.0, Sum:  0.0, Workers: 4
[4765.991s][debug][gc,phases      ] GC(92)     Dead                           Min: 0, Avg:  0.0, Max: 0, Diff: 0, Sum: 0, Workers: 4
[4765.991s][debug][gc,phases      ] GC(92)     Total                          Min: 0, Avg:  0.0, Max: 0, Diff: 0, Sum: 0, Workers: 4
[4765.991s][debug][gc,phases      ] GC(92) Weak Processing 0.452ms
[4765.991s][debug][gc,age         ] GC(92) Desired survivor size 34078720 bytes, new threshold 1 (max threshold 15)
[4765.991s][info ][gc,heap        ] GC(92) PSYoungGen: 2030576K(2062336K)->5198K(2060800K) Eden: 2025984K(2025984K)->0K(2025984K) From: 4592K(36352K)->5198K(34816K)
[4765.991s][info ][gc,heap        ] GC(92) ParOldGen: 445878K(445952K)->446558K(446976K)
[4765.991s][info ][gc,metaspace   ] GC(92) Metaspace: 107653K(108992K)->107653K(108992K) NonClass: 91469K(92224K)->91469K(92224K) Class: 16183K(16768K)->16183K(16768K)
[4765.991s][info ][gc             ] GC(92) Pause Young (Allocation Failure) 2418M->441M(2449M) 4.647ms
[4765.991s][info ][gc,cpu         ] GC(92) User=0.01s Sys=0.00s Real=0.01s
[4765.991s][info ][safepoint      ] Safepoint "ParallelGCFailedAllocation", Time since last: 34939440573 ns, Reaching safepoint: 6000 ns, Cleanup: 4501 ns, At safepoint: 4756485 ns, Total: 4766986 ns
[4814.526s][info ][safepoint      ] Safepoint "Cleanup", Time since last: 48534539331 ns, Reaching safepoint: 9201 ns, Cleanup: 16401 ns, At safepoint: 9400 ns, Total: 35002 ns
[4828.527s][info ][safepoint      ] Safepoint "Cleanup", Time since last: 14001125406 ns, Reaching safepoint: 8901 ns, Cleanup: 13800 ns, At safepoint: 5001 ns, Total: 27702 ns
[4836.315s][info ][gc,start       ] GC(93) Pause Young (Allocation Failure)
[4836.319s][debug][gc,phases      ] GC(93) Scavenge 3.689ms
[4836.319s][debug][gc,ref         ] GC(93) ReferenceProcessor::execute queues: 1, RefProcThreadModel::Single, marks_oops_alive: false
[4836.319s][debug][gc,ref         ] GC(93) Skipped KeepAliveFinalRefsPhase of Reference Processing: no references
[4836.319s][debug][gc,ref         ] GC(93) ReferenceProcessor::execute queues: 1, RefProcThreadModel::Single, marks_oops_alive: false
[4836.319s][debug][gc,phases      ] GC(93) Reference Processing 0.119ms
[4836.319s][debug][gc,phases      ] GC(93)   VM Weak                        Min:  0.0, Avg:  0.0, Max:  0.0, Diff:  0.0, Sum:  0.0, Workers: 4
[4836.319s][debug][gc,phases      ] GC(93)     Dead                           Min: 0, Avg:  0.0, Max: 0, Diff: 0, Sum: 0, Workers: 4
[4836.319s][debug][gc,phases      ] GC(93)     Total                          Min: 0, Avg: 258.8, Max: 651, Diff: 651, Sum: 1035, Workers: 4
[4836.319s][debug][gc,phases      ] GC(93)   ObjectSynchronizer Weak        Min:  0.0, Avg:  0.0, Max:  0.0, Diff:  0.0, Sum:  0.0, Workers: 4
[4836.319s][debug][gc,phases      ] GC(93)     Dead                           Min: 0, Avg:  0.0, Max: 0, Diff: 0, Sum: 0, Workers: 4
[4836.319s][debug][gc,phases      ] GC(93)     Total                          Min: 0, Avg:  1.0, Max: 4, Diff: 4, Sum: 4, Workers: 4
[4836.319s][debug][gc,phases      ] GC(93)   JVMTI Tag Weak OopStorage      Min:  0.0, Avg:  0.0, Max:  0.0, Diff:  0.0, Sum:  0.0, Workers: 4
[4836.319s][debug][gc,phases      ] GC(93)     Dead                           Min: 0, Avg:  0.0, Max: 0, Diff: 0, Sum: 0, Workers: 4
[4836.319s][debug][gc,phases      ] GC(93)     Total                          Min: 0, Avg:  0.0, Max: 0, Diff: 0, Sum: 0, Workers: 4
[4836.319s][debug][gc,phases      ] GC(93)   StringTable Weak               Min:  0.1, Avg:  0.1, Max:  0.1, Diff:  0.0, Sum:  0.5, Workers: 4
[4836.319s][debug][gc,phases      ] GC(93)     Dead                           Min: 0, Avg:  0.0, Max: 0, Diff: 0, Sum: 0, Workers: 4
[4836.319s][debug][gc,phases      ] GC(93)     Total                          Min: 10880, Avg: 11690.5, Max: 13098, Diff: 2218, Sum: 46762, Workers: 4
[4836.319s][debug][gc,phases      ] GC(93)   ResolvedMethodTable Weak       Min:  0.0, Avg:  0.1, Max:  0.1, Diff:  0.0, Sum:  0.2, Workers: 4
[4836.319s][debug][gc,phases      ] GC(93)     Dead                           Min: 0, Avg:  4.0, Max: 16, Diff: 16, Sum: 16, Workers: 4
[4836.319s][debug][gc,phases      ] GC(93)     Total                          Min: 2355, Avg: 3891.0, Max: 4736, Diff: 2381, Sum: 15564, Workers: 4
[4836.319s][debug][gc,phases      ] GC(93)   JNI Weak                       Min:  0.0, Avg:  0.0, Max:  0.0, Diff:  0.0, Sum:  0.0, Workers: 4
[4836.319s][debug][gc,phases      ] GC(93)     Dead                           Min: 0, Avg:  0.0, Max: 0, Diff: 0, Sum: 0, Workers: 4
[4836.319s][debug][gc,phases      ] GC(93)     Total                          Min: 0, Avg: 13.0, Max: 52, Diff: 52, Sum: 52, Workers: 4
[4836.319s][debug][gc,phases      ] GC(93)   StringDedup Table Weak         Min:  0.0, Avg:  0.0, Max:  0.0, Diff:  0.0, Sum:  0.0, Workers: 4
[4836.319s][debug][gc,phases      ] GC(93)     Dead                           Min: 0, Avg:  0.0, Max: 0, Diff: 0, Sum: 0, Workers: 4
[4836.319s][debug][gc,phases      ] GC(93)     Total                          Min: 0, Avg:  0.0, Max: 0, Diff: 0, Sum: 0, Workers: 4
[4836.319s][debug][gc,phases      ] GC(93)   StringDedup Requests0 Weak     Min:  0.0, Avg:  0.0, Max:  0.0, Diff:  0.0, Sum:  0.0, Workers: 4
[4836.319s][debug][gc,phases      ] GC(93)     Dead                           Min: 0, Avg:  0.0, Max: 0, Diff: 0, Sum: 0, Workers: 4
[4836.319s][debug][gc,phases      ] GC(93)     Total                          Min: 0, Avg:  0.0, Max: 0, Diff: 0, Sum: 0, Workers: 4
[4836.320s][debug][gc,phases      ] GC(93)   StringDedup Requests1 Weak     Min:  0.0, Avg:  0.0, Max:  0.0, Diff:  0.0, Sum:  0.0, Workers: 4
[4836.320s][debug][gc,phases      ] GC(93)     Dead                           Min: 0, Avg:  0.0, Max: 0, Diff: 0, Sum: 0, Workers: 4
[4836.320s][debug][gc,phases      ] GC(93)     Total                          Min: 0, Avg:  0.0, Max: 0, Diff: 0, Sum: 0, Workers: 4
[4836.320s][debug][gc,phases      ] GC(93)   Weak JFR Old Object Samples    Min:  0.0, Avg:  0.0, Max:  0.0, Diff:  0.0, Sum:  0.0, Workers: 4
[4836.320s][debug][gc,phases      ] GC(93)     Dead                           Min: 0, Avg:  0.0, Max: 0, Diff: 0, Sum: 0, Workers: 4
[4836.320s][debug][gc,phases      ] GC(93)     Total                          Min: 0, Avg:  0.0, Max: 0, Diff: 0, Sum: 0, Workers: 4
[4836.320s][debug][gc,phases      ] GC(93) Weak Processing 0.416ms
[4836.320s][debug][gc,age         ] GC(93) Desired survivor size 32505856 bytes, new threshold 1 (max threshold 15)
[4836.320s][info ][gc,heap        ] GC(93) PSYoungGen: 2031182K(2060800K)->3776K(2065408K) Eden: 2025984K(2025984K)->0K(2032128K) From: 5198K(34816K)->3776K(33280K)
[4836.320s][info ][gc,heap        ] GC(93) ParOldGen: 446558K(446976K)->448648K(449024K)
[4836.320s][info ][gc,metaspace   ] GC(93) Metaspace: 107659K(108992K)->107659K(108992K) NonClass: 91475K(92224K)->91475K(92224K) Class: 16183K(16768K)->16183K(16768K)
[4836.320s][info ][gc             ] GC(93) Pause Young (Allocation Failure) 2419M->441M(2455M) 4.360ms
[4836.320s][info ][gc,cpu         ] GC(93) User=0.01s Sys=0.00s Real=0.01s
[4836.320s][info ][safepoint      ] Safepoint "ParallelGCFailedAllocation", Time since last: 7787985968 ns, Reaching safepoint: 5600 ns, Cleanup: 4101 ns, At safepoint: 4461867 ns, Total: 4471568 ns
[4896.546s][info ][safepoint      ] Safepoint "Cleanup", Time since last: 60226500877 ns, Reaching safepoint: 6600 ns, Cleanup: 9600 ns, At safepoint: 6001 ns, Total: 22201 ns
[4906.189s][info ][gc,start       ] GC(94) Pause Young (Allocation Failure)
[4906.192s][debug][gc,phases      ] GC(94) Scavenge 2.944ms
[4906.192s][debug][gc,ref         ] GC(94) ReferenceProcessor::execute queues: 1, RefProcThreadModel::Single, marks_oops_alive: false
[4906.192s][debug][gc,ref         ] GC(94) Skipped KeepAliveFinalRefsPhase of Reference Processing: no references
[4906.192s][debug][gc,ref         ] GC(94) Skipped PhantomRefsPhase of Reference Processing: no references
[4906.192s][debug][gc,phases      ] GC(94) Reference Processing 0.118ms
[4906.193s][debug][gc,phases      ] GC(94)   VM Weak                        Min:  0.0, Avg:  0.0, Max:  0.0, Diff:  0.0, Sum:  0.0, Workers: 4
[4906.193s][debug][gc,phases      ] GC(94)     Dead                           Min: 0, Avg:  0.0, Max: 0, Diff: 0, Sum: 0, Workers: 4
[4906.193s][debug][gc,phases      ] GC(94)     Total                          Min: 0, Avg: 258.8, Max: 576, Diff: 576, Sum: 1035, Workers: 4
[4906.193s][debug][gc,phases      ] GC(94)   ObjectSynchronizer Weak        Min:  0.0, Avg:  0.0, Max:  0.0, Diff:  0.0, Sum:  0.0, Workers: 4
[4906.193s][debug][gc,phases      ] GC(94)     Dead                           Min: 0, Avg:  0.0, Max: 0, Diff: 0, Sum: 0, Workers: 4
[4906.193s][debug][gc,phases      ] GC(94)     Total                          Min: 0, Avg:  1.0, Max: 4, Diff: 4, Sum: 4, Workers: 4
[4906.193s][debug][gc,phases      ] GC(94)   JVMTI Tag Weak OopStorage      Min:  0.0, Avg:  0.0, Max:  0.0, Diff:  0.0, Sum:  0.0, Workers: 4
[4906.193s][debug][gc,phases      ] GC(94)     Dead                           Min: 0, Avg:  0.0, Max: 0, Diff: 0, Sum: 0, Workers: 4
[4906.193s][debug][gc,phases      ] GC(94)     Total                          Min: 0, Avg:  0.0, Max: 0, Diff: 0, Sum: 0, Workers: 4
[4906.193s][debug][gc,phases      ] GC(94)   StringTable Weak               Min:  0.0, Avg:  0.1, Max:  0.2, Diff:  0.2, Sum:  0.5, Workers: 4
[4906.193s][debug][gc,phases      ] GC(94)     Dead                           Min: 0, Avg:  0.0, Max: 0, Diff: 0, Sum: 0, Workers: 4
[4906.193s][debug][gc,phases      ] GC(94)     Total                          Min: 0, Avg: 11690.5, Max: 15744, Diff: 15744, Sum: 46762, Workers: 4
[4906.193s][debug][gc,phases      ] GC(94)   ResolvedMethodTable Weak       Min:  0.0, Avg:  0.0, Max:  0.1, Diff:  0.1, Sum:  0.2, Workers: 4
[4906.193s][debug][gc,phases      ] GC(94)     Dead                           Min: 0, Avg:  4.0, Max: 16, Diff: 16, Sum: 16, Workers: 4
[4906.193s][debug][gc,phases      ] GC(94)     Total                          Min: 0, Avg: 3891.0, Max: 5499, Diff: 5499, Sum: 15564, Workers: 4
[4906.193s][debug][gc,phases      ] GC(94)   JNI Weak                       Min:  0.0, Avg:  0.0, Max:  0.0, Diff:  0.0, Sum:  0.0, Workers: 4
[4906.193s][debug][gc,phases      ] GC(94)     Dead                           Min: 0, Avg:  0.0, Max: 0, Diff: 0, Sum: 0, Workers: 4
[4906.193s][debug][gc,phases      ] GC(94)     Total                          Min: 0, Avg: 13.0, Max: 52, Diff: 52, Sum: 52, Workers: 4
[4906.193s][debug][gc,phases      ] GC(94)   StringDedup Table Weak         Min:  0.0, Avg:  0.0, Max:  0.0, Diff:  0.0, Sum:  0.0, Workers: 4
[4906.193s][debug][gc,phases      ] GC(94)     Dead                           Min: 0, Avg:  0.0, Max: 0, Diff: 0, Sum: 0, Workers: 4
[4906.193s][debug][gc,phases      ] GC(94)     Total                          Min: 0, Avg:  0.0, Max: 0, Diff: 0, Sum: 0, Workers: 4
[4906.193s][debug][gc,phases      ] GC(94)   StringDedup Requests0 Weak     Min:  0.0, Avg:  0.0, Max:  0.0, Diff:  0.0, Sum:  0.0, Workers: 4
[4906.193s][debug][gc,phases      ] GC(94)     Dead                           Min: 0, Avg:  0.0, Max: 0, Diff: 0, Sum: 0, Workers: 4
[4906.193s][debug][gc,phases      ] GC(94)     Total                          Min: 0, Avg:  0.0, Max: 0, Diff: 0, Sum: 0, Workers: 4
[4906.193s][debug][gc,phases      ] GC(94)   StringDedup Requests1 Weak     Min:  0.0, Avg:  0.0, Max:  0.0, Diff:  0.0, Sum:  0.0, Workers: 4
[4906.193s][debug][gc,phases      ] GC(94)     Dead                           Min: 0, Avg:  0.0, Max: 0, Diff: 0, Sum: 0, Workers: 4
[4906.193s][debug][gc,phases      ] GC(94)     Total                          Min: 0, Avg:  0.0, Max: 0, Diff: 0, Sum: 0, Workers: 4
[4906.193s][debug][gc,phases      ] GC(94)   Weak JFR Old Object Samples    Min:  0.0, Avg:  0.0, Max:  0.0, Diff:  0.0, Sum:  0.0, Workers: 4
[4906.193s][debug][gc,phases      ] GC(94)     Dead                           Min: 0, Avg:  0.0, Max: 0, Diff: 0, Sum: 0, Workers: 4
[4906.193s][debug][gc,phases      ] GC(94)     Total                          Min: 0, Avg:  0.0, Max: 0, Diff: 0, Sum: 0, Workers: 4
[4906.193s][debug][gc,phases      ] GC(94) Weak Processing 0.462ms
[4906.193s][debug][gc,age         ] GC(94) Desired survivor size 30932992 bytes, new threshold 1 (max threshold 15)
[4906.193s][info ][gc,heap        ] GC(94) PSYoungGen: 2035904K(2065408K)->3728K(2063872K) Eden: 2032128K(2032128K)->0K(2032128K) From: 3776K(33280K)->3728K(31744K)
[4906.193s][info ][gc,heap        ] GC(94) ParOldGen: 448648K(449024K)->449312K(449536K)
[4906.193s][info ][gc,metaspace   ] GC(94) Metaspace: 107661K(108992K)->107661K(108992K) NonClass: 91477K(92224K)->91477K(92224K) Class: 16183K(16768K)->16183K(16768K)
[4906.193s][info ][gc             ] GC(94) Pause Young (Allocation Failure) 2426M->442M(2454M) 3.689ms
[4906.193s][info ][gc,cpu         ] GC(94) User=0.01s Sys=0.00s Real=0.01s
[4906.193s][info ][safepoint      ] Safepoint "ParallelGCFailedAllocation", Time since last: 9642942823 ns, Reaching safepoint: 6401 ns, Cleanup: 4700 ns, At safepoint: 3772826 ns, Total: 3783927 ns
[4943.564s][info ][safepoint      ] Safepoint "Cleanup", Time since last: 37370792072 ns, Reaching safepoint: 5500 ns, Cleanup: 9800 ns, At safepoint: 11801 ns, Total: 27101 ns
[4983.288s][info ][gc,start       ] GC(95) Pause Young (Allocation Failure)
[4983.291s][debug][gc,phases      ] GC(95) Scavenge 2.918ms
[4983.291s][debug][gc,ref         ] GC(95) ReferenceProcessor::execute queues: 1, RefProcThreadModel::Single, marks_oops_alive: false
[4983.291s][debug][gc,ref         ] GC(95) Skipped KeepAliveFinalRefsPhase of Reference Processing: no references
[4983.291s][debug][gc,ref         ] GC(95) Skipped PhantomRefsPhase of Reference Processing: no references
[4983.291s][debug][gc,phases      ] GC(95) Reference Processing 0.117ms
[4983.291s][debug][gc,phases      ] GC(95)   VM Weak                        Min:  0.0, Avg:  0.0, Max:  0.0, Diff:  0.0, Sum:  0.0, Workers: 4
[4983.291s][debug][gc,phases      ] GC(95)     Dead                           Min: 0, Avg:  0.0, Max: 0, Diff: 0, Sum: 0, Workers: 4
[4983.291s][debug][gc,phases      ] GC(95)     Total                          Min: 0, Avg: 258.8, Max: 971, Diff: 971, Sum: 1035, Workers: 4
[4983.291s][debug][gc,phases      ] GC(95)   ObjectSynchronizer Weak        Min:  0.0, Avg:  0.0, Max:  0.0, Diff:  0.0, Sum:  0.0, Workers: 4
[4983.291s][debug][gc,phases      ] GC(95)     Dead                           Min: 0, Avg:  0.0, Max: 0, Diff: 0, Sum: 0, Workers: 4
[4983.291s][debug][gc,phases      ] GC(95)     Total                          Min: 0, Avg:  0.8, Max: 3, Diff: 3, Sum: 3, Workers: 4
[4983.291s][debug][gc,phases      ] GC(95)   JVMTI Tag Weak OopStorage      Min:  0.0, Avg:  0.0, Max:  0.0, Diff:  0.0, Sum:  0.0, Workers: 4
[4983.291s][debug][gc,phases      ] GC(95)     Dead                           Min: 0, Avg:  0.0, Max: 0, Diff: 0, Sum: 0, Workers: 4
[4983.291s][debug][gc,phases      ] GC(95)     Total                          Min: 0, Avg:  0.0, Max: 0, Diff: 0, Sum: 0, Workers: 4
[4983.291s][debug][gc,phases      ] GC(95)   StringTable Weak               Min:  0.0, Avg:  0.1, Max:  0.2, Diff:  0.2, Sum:  0.5, Workers: 4
[4983.291s][debug][gc,phases      ] GC(95)     Dead                           Min: 0, Avg:  0.0, Max: 0, Diff: 0, Sum: 0, Workers: 4
[4983.291s][debug][gc,phases      ] GC(95)     Total                          Min: 0, Avg: 11690.5, Max: 16106, Diff: 16106, Sum: 46762, Workers: 4
[4983.291s][debug][gc,phases      ] GC(95)   ResolvedMethodTable Weak       Min:  0.0, Avg:  0.0, Max:  0.1, Diff:  0.1, Sum:  0.2, Workers: 4
[4983.291s][debug][gc,phases      ] GC(95)     Dead                           Min: 0, Avg:  4.0, Max: 16, Diff: 16, Sum: 16, Workers: 4
[4983.291s][debug][gc,phases      ] GC(95)     Total                          Min: 0, Avg: 3891.0, Max: 5455, Diff: 5455, Sum: 15564, Workers: 4
[4983.291s][debug][gc,phases      ] GC(95)   JNI Weak                       Min:  0.0, Avg:  0.0, Max:  0.0, Diff:  0.0, Sum:  0.0, Workers: 4
[4983.291s][debug][gc,phases      ] GC(95)     Dead                           Min: 0, Avg:  0.0, Max: 0, Diff: 0, Sum: 0, Workers: 4
[4983.291s][debug][gc,phases      ] GC(95)     Total                          Min: 0, Avg: 13.0, Max: 52, Diff: 52, Sum: 52, Workers: 4
[4983.291s][debug][gc,phases      ] GC(95)   StringDedup Table Weak         Min:  0.0, Avg:  0.0, Max:  0.0, Diff:  0.0, Sum:  0.0, Workers: 4
[4983.291s][debug][gc,phases      ] GC(95)     Dead                           Min: 0, Avg:  0.0, Max: 0, Diff: 0, Sum: 0, Workers: 4
[4983.291s][debug][gc,phases      ] GC(95)     Total                          Min: 0, Avg:  0.0, Max: 0, Diff: 0, Sum: 0, Workers: 4
[4983.291s][debug][gc,phases      ] GC(95)   StringDedup Requests0 Weak     Min:  0.0, Avg:  0.0, Max:  0.0, Diff:  0.0, Sum:  0.0, Workers: 4
[4983.291s][debug][gc,phases      ] GC(95)     Dead                           Min: 0, Avg:  0.0, Max: 0, Diff: 0, Sum: 0, Workers: 4
[4983.291s][debug][gc,phases      ] GC(95)     Total                          Min: 0, Avg:  0.0, Max: 0, Diff: 0, Sum: 0, Workers: 4
[4983.291s][debug][gc,phases      ] GC(95)   StringDedup Requests1 Weak     Min:  0.0, Avg:  0.0, Max:  0.0, Diff:  0.0, Sum:  0.0, Workers: 4
[4983.291s][debug][gc,phases      ] GC(95)     Dead                           Min: 0, Avg:  0.0, Max: 0, Diff: 0, Sum: 0, Workers: 4
[4983.292s][debug][gc,phases      ] GC(95)     Total                          Min: 0, Avg:  0.0, Max: 0, Diff: 0, Sum: 0, Workers: 4
[4983.292s][debug][gc,phases      ] GC(95)   Weak JFR Old Object Samples    Min:  0.0, Avg:  0.0, Max:  0.0, Diff:  0.0, Sum:  0.0, Workers: 4
[4983.292s][debug][gc,phases      ] GC(95)     Dead                           Min: 0, Avg:  0.0, Max: 0, Diff: 0, Sum: 0, Workers: 4
[4983.292s][debug][gc,phases      ] GC(95)     Total                          Min: 0, Avg:  0.0, Max: 0, Diff: 0, Sum: 0, Workers: 4
[4983.292s][debug][gc,phases      ] GC(95) Weak Processing 0.467ms
[4983.292s][debug][gc,age         ] GC(95) Desired survivor size 29360128 bytes, new threshold 1 (max threshold 15)
[4983.292s][info ][gc,heap        ] GC(95) PSYoungGen: 2035856K(2063872K)->4432K(2068480K) Eden: 2032128K(2032128K)->0K(2038272K) From: 3728K(31744K)->4432K(30208K)
[4983.292s][info ][gc,heap        ] GC(95) ParOldGen: 449312K(449536K)->449952K(450048K)
[4983.292s][info ][gc,metaspace   ] GC(95) Metaspace: 107664K(108992K)->107664K(108992K) NonClass: 91480K(92224K)->91480K(92224K) Class: 16183K(16768K)->16183K(16768K)
[4983.292s][info ][gc             ] GC(95) Pause Young (Allocation Failure) 2426M->443M(2459M) 3.656ms
[4983.292s][info ][gc,cpu         ] GC(95) User=0.01s Sys=0.00s Real=0.01s
[4983.292s][info ][safepoint      ] Safepoint "ParallelGCFailedAllocation", Time since last: 39724171617 ns, Reaching safepoint: 6100 ns, Cleanup: 4400 ns, At safepoint: 3738024 ns, Total: 3748524 ns
[5001.293s][info ][safepoint      ] Safepoint "Cleanup", Time since last: 18001494296 ns, Reaching safepoint: 5900 ns, Cleanup: 23302 ns, At safepoint: 6500 ns, Total: 35702 ns
[5018.295s][info ][safepoint      ] Safepoint "Cleanup", Time since last: 17001337395 ns, Reaching safepoint: 6900 ns, Cleanup: 11201 ns, At safepoint: 8200 ns, Total: 26301 ns
[5040.296s][info ][safepoint      ] Safepoint "Cleanup", Time since last: 22001773697 ns, Reaching safepoint: 6101 ns, Cleanup: 14101 ns, At safepoint: 9500 ns, Total: 29702 ns
[5049.986s][info ][gc,start       ] GC(96) Pause Young (Allocation Failure)
[5049.989s][debug][gc,phases      ] GC(96) Scavenge 3.290ms
[5049.990s][debug][gc,ref         ] GC(96) ReferenceProcessor::execute queues: 1, RefProcThreadModel::Single, marks_oops_alive: false
[5049.990s][debug][gc,ref         ] GC(96) Skipped KeepAliveFinalRefsPhase of Reference Processing: no references
[5049.990s][debug][gc,ref         ] GC(96) ReferenceProcessor::execute queues: 1, RefProcThreadModel::Single, marks_oops_alive: false
[5049.990s][debug][gc,phases      ] GC(96) Reference Processing 0.134ms
[5049.990s][debug][gc,phases      ] GC(96)   VM Weak                        Min:  0.0, Avg:  0.0, Max:  0.0, Diff:  0.0, Sum:  0.0, Workers: 4
[5049.990s][debug][gc,phases      ] GC(96)     Dead                           Min: 0, Avg:  0.0, Max: 0, Diff: 0, Sum: 0, Workers: 4
[5049.990s][debug][gc,phases      ] GC(96)     Total                          Min: 0, Avg: 258.8, Max: 640, Diff: 640, Sum: 1035, Workers: 4
[5049.990s][debug][gc,phases      ] GC(96)   ObjectSynchronizer Weak        Min:  0.0, Avg:  0.0, Max:  0.0, Diff:  0.0, Sum:  0.0, Workers: 4
[5049.990s][debug][gc,phases      ] GC(96)     Dead                           Min: 0, Avg:  0.0, Max: 0, Diff: 0, Sum: 0, Workers: 4
[5049.990s][debug][gc,phases      ] GC(96)     Total                          Min: 0, Avg:  1.0, Max: 4, Diff: 4, Sum: 4, Workers: 4
[5049.990s][debug][gc,phases      ] GC(96)   JVMTI Tag Weak OopStorage      Min:  0.0, Avg:  0.0, Max:  0.0, Diff:  0.0, Sum:  0.0, Workers: 4
[5049.990s][debug][gc,phases      ] GC(96)     Dead                           Min: 0, Avg:  0.0, Max: 0, Diff: 0, Sum: 0, Workers: 4
[5049.990s][debug][gc,phases      ] GC(96)     Total                          Min: 0, Avg:  0.0, Max: 0, Diff: 0, Sum: 0, Workers: 4
[5049.990s][debug][gc,phases      ] GC(96)   StringTable Weak               Min:  0.0, Avg:  0.1, Max:  0.2, Diff:  0.2, Sum:  0.5, Workers: 4
[5049.990s][debug][gc,phases      ] GC(96)     Dead                           Min: 0, Avg:  0.0, Max: 0, Diff: 0, Sum: 0, Workers: 4
[5049.990s][debug][gc,phases      ] GC(96)     Total                          Min: 0, Avg: 11690.5, Max: 16640, Diff: 16640, Sum: 46762, Workers: 4
[5049.990s][debug][gc,phases      ] GC(96)   ResolvedMethodTable Weak       Min:  0.0, Avg:  0.0, Max:  0.1, Diff:  0.1, Sum:  0.2, Workers: 4
[5049.990s][debug][gc,phases      ] GC(96)     Dead                           Min: 0, Avg:  4.0, Max: 16, Diff: 16, Sum: 16, Workers: 4
[5049.990s][debug][gc,phases      ] GC(96)     Total                          Min: 0, Avg: 3891.0, Max: 5459, Diff: 5459, Sum: 15564, Workers: 4
[5049.990s][debug][gc,phases      ] GC(96)   JNI Weak                       Min:  0.0, Avg:  0.0, Max:  0.0, Diff:  0.0, Sum:  0.0, Workers: 4
[5049.990s][debug][gc,phases      ] GC(96)     Dead                           Min: 0, Avg:  0.0, Max: 0, Diff: 0, Sum: 0, Workers: 4
[5049.990s][debug][gc,phases      ] GC(96)     Total                          Min: 0, Avg: 13.0, Max: 52, Diff: 52, Sum: 52, Workers: 4
[5049.990s][debug][gc,phases      ] GC(96)   StringDedup Table Weak         Min:  0.0, Avg:  0.0, Max:  0.0, Diff:  0.0, Sum:  0.0, Workers: 4
[5049.990s][debug][gc,phases      ] GC(96)     Dead                           Min: 0, Avg:  0.0, Max: 0, Diff: 0, Sum: 0, Workers: 4
[5049.990s][debug][gc,phases      ] GC(96)     Total                          Min: 0, Avg:  0.0, Max: 0, Diff: 0, Sum: 0, Workers: 4
[5049.990s][debug][gc,phases      ] GC(96)   StringDedup Requests0 Weak     Min:  0.0, Avg:  0.0, Max:  0.0, Diff:  0.0, Sum:  0.0, Workers: 4
[5049.990s][debug][gc,phases      ] GC(96)     Dead                           Min: 0, Avg:  0.0, Max: 0, Diff: 0, Sum: 0, Workers: 4
[5049.990s][debug][gc,phases      ] GC(96)     Total                          Min: 0, Avg:  0.0, Max: 0, Diff: 0, Sum: 0, Workers: 4
[5049.990s][debug][gc,phases      ] GC(96)   StringDedup Requests1 Weak     Min:  0.0, Avg:  0.0, Max:  0.0, Diff:  0.0, Sum:  0.0, Workers: 4
[5049.990s][debug][gc,phases      ] GC(96)     Dead                           Min: 0, Avg:  0.0, Max: 0, Diff: 0, Sum: 0, Workers: 4
[5049.990s][debug][gc,phases      ] GC(96)     Total                          Min: 0, Avg:  0.0, Max: 0, Diff: 0, Sum: 0, Workers: 4
[5049.990s][debug][gc,phases      ] GC(96)   Weak JFR Old Object Samples    Min:  0.0, Avg:  0.0, Max:  0.0, Diff:  0.0, Sum:  0.0, Workers: 4
[5049.990s][debug][gc,phases      ] GC(96)     Dead                           Min: 0, Avg:  0.0, Max: 0, Diff: 0, Sum: 0, Workers: 4
[5049.990s][debug][gc,phases      ] GC(96)     Total                          Min: 0, Avg:  0.0, Max: 0, Diff: 0, Sum: 0, Workers: 4
[5049.990s][debug][gc,phases      ] GC(96) Weak Processing 0.441ms
[5049.990s][debug][gc,age         ] GC(96) Desired survivor size 27787264 bytes, new threshold 1 (max threshold 15)
[5049.990s][info ][gc,heap        ] GC(96) PSYoungGen: 2042704K(2068480K)->4231K(2066944K) Eden: 2038272K(2038272K)->0K(2038272K) From: 4432K(30208K)->4231K(28672K)
[5049.990s][info ][gc,heap        ] GC(96) ParOldGen: 449952K(450048K)->450849K(451072K)
[5049.990s][info ][gc,metaspace   ] GC(96) Metaspace: 107672K(108992K)->107672K(108992K) NonClass: 91488K(92224K)->91488K(92224K) Class: 16183K(16768K)->16183K(16768K)
[5049.990s][info ][gc             ] GC(96) Pause Young (Allocation Failure) 2434M->444M(2459M) 4.015ms
[5049.990s][info ][gc,cpu         ] GC(96) User=0.01s Sys=0.00s Real=0.01s
[5049.990s][info ][safepoint      ] Safepoint "ParallelGCFailedAllocation", Time since last: 9689686939 ns, Reaching safepoint: 76605 ns, Cleanup: 4300 ns, At safepoint: 4101745 ns, Total: 4182650 ns
[5051.990s][info ][safepoint      ] Safepoint "Cleanup", Time since last: 2000160450 ns, Reaching safepoint: 7300 ns, Cleanup: 18801 ns, At safepoint: 10501 ns, Total: 36602 ns
[5069.992s][info ][safepoint      ] Safepoint "Cleanup", Time since last: 18001375300 ns, Reaching safepoint: 7701 ns, Cleanup: 12300 ns, At safepoint: 6301 ns, Total: 26302 ns
[5113.618s][info ][safepoint      ] Safepoint "Cleanup", Time since last: 43626404279 ns, Reaching safepoint: 5901 ns, Cleanup: 9400 ns, At safepoint: 2200 ns, Total: 17501 ns
[5114.618s][info ][safepoint      ] Safepoint "Cleanup", Time since last: 1000148384 ns, Reaching safepoint: 10600 ns, Cleanup: 15201 ns, At safepoint: 4000 ns, Total: 29801 ns
[5116.619s][info ][safepoint      ] Safepoint "Cleanup", Time since last: 2000203773 ns, Reaching safepoint: 7100 ns, Cleanup: 9801 ns, At safepoint: 3800 ns, Total: 20701 ns
[5118.990s][info ][gc,start       ] GC(97) Pause Young (Allocation Failure)
[5118.994s][debug][gc,phases      ] GC(97) Scavenge 3.976ms
[5118.994s][debug][gc,ref         ] GC(97) ReferenceProcessor::execute queues: 1, RefProcThreadModel::Single, marks_oops_alive: false
[5118.994s][debug][gc,ref         ] GC(97) Skipped KeepAliveFinalRefsPhase of Reference Processing: no references
[5118.994s][debug][gc,ref         ] GC(97) ReferenceProcessor::execute queues: 1, RefProcThreadModel::Single, marks_oops_alive: false
[5118.994s][debug][gc,phases      ] GC(97) Reference Processing 0.119ms
[5118.994s][debug][gc,phases      ] GC(97)   VM Weak                        Min:  0.0, Avg:  0.0, Max:  0.0, Diff:  0.0, Sum:  0.0, Workers: 4
[5118.994s][debug][gc,phases      ] GC(97)     Dead                           Min: 0, Avg:  0.0, Max: 0, Diff: 0, Sum: 0, Workers: 4
[5118.994s][debug][gc,phases      ] GC(97)     Total                          Min: 0, Avg: 258.8, Max: 715, Diff: 715, Sum: 1035, Workers: 4
[5118.994s][debug][gc,phases      ] GC(97)   ObjectSynchronizer Weak        Min:  0.0, Avg:  0.0, Max:  0.0, Diff:  0.0, Sum:  0.0, Workers: 4
[5118.994s][debug][gc,phases      ] GC(97)     Dead                           Min: 0, Avg:  0.0, Max: 0, Diff: 0, Sum: 0, Workers: 4
[5118.994s][debug][gc,phases      ] GC(97)     Total                          Min: 0, Avg:  0.8, Max: 3, Diff: 3, Sum: 3, Workers: 4
[5118.994s][debug][gc,phases      ] GC(97)   JVMTI Tag Weak OopStorage      Min:  0.0, Avg:  0.0, Max:  0.0, Diff:  0.0, Sum:  0.0, Workers: 4
[5118.994s][debug][gc,phases      ] GC(97)     Dead                           Min: 0, Avg:  0.0, Max: 0, Diff: 0, Sum: 0, Workers: 4
[5118.994s][debug][gc,phases      ] GC(97)     Total                          Min: 0, Avg:  0.0, Max: 0, Diff: 0, Sum: 0, Workers: 4
[5118.994s][debug][gc,phases      ] GC(97)   StringTable Weak               Min:  0.0, Avg:  0.1, Max:  0.1, Diff:  0.1, Sum:  0.4, Workers: 4
[5118.994s][debug][gc,phases      ] GC(97)     Dead                           Min: 0, Avg:  0.0, Max: 0, Diff: 0, Sum: 0, Workers: 4
[5118.994s][debug][gc,phases      ] GC(97)     Total                          Min: 0, Avg: 11694.2, Max: 17657, Diff: 17657, Sum: 46777, Workers: 4
[5118.994s][debug][gc,phases      ] GC(97)   ResolvedMethodTable Weak       Min:  0.0, Avg:  0.0, Max:  0.1, Diff:  0.1, Sum:  0.2, Workers: 4
[5118.994s][debug][gc,phases      ] GC(97)     Dead                           Min: 0, Avg:  4.0, Max: 16, Diff: 16, Sum: 16, Workers: 4
[5118.994s][debug][gc,phases      ] GC(97)     Total                          Min: 0, Avg: 3891.0, Max: 5913, Diff: 5913, Sum: 15564, Workers: 4
[5118.994s][debug][gc,phases      ] GC(97)   JNI Weak                       Min:  0.0, Avg:  0.0, Max:  0.0, Diff:  0.0, Sum:  0.0, Workers: 4
[5118.994s][debug][gc,phases      ] GC(97)     Dead                           Min: 0, Avg:  0.0, Max: 0, Diff: 0, Sum: 0, Workers: 4
[5118.994s][debug][gc,phases      ] GC(97)     Total                          Min: 0, Avg: 13.0, Max: 52, Diff: 52, Sum: 52, Workers: 4
[5118.994s][debug][gc,phases      ] GC(97)   StringDedup Table Weak         Min:  0.0, Avg:  0.0, Max:  0.0, Diff:  0.0, Sum:  0.0, Workers: 4
[5118.994s][debug][gc,phases      ] GC(97)     Dead                           Min: 0, Avg:  0.0, Max: 0, Diff: 0, Sum: 0, Workers: 4
[5118.994s][debug][gc,phases      ] GC(97)     Total                          Min: 0, Avg:  0.0, Max: 0, Diff: 0, Sum: 0, Workers: 4
[5118.994s][debug][gc,phases      ] GC(97)   StringDedup Requests0 Weak     Min:  0.0, Avg:  0.0, Max:  0.0, Diff:  0.0, Sum:  0.0, Workers: 4
[5118.994s][debug][gc,phases      ] GC(97)     Dead                           Min: 0, Avg:  0.0, Max: 0, Diff: 0, Sum: 0, Workers: 4
[5118.994s][debug][gc,phases      ] GC(97)     Total                          Min: 0, Avg:  0.0, Max: 0, Diff: 0, Sum: 0, Workers: 4
[5118.994s][debug][gc,phases      ] GC(97)   StringDedup Requests1 Weak     Min:  0.0, Avg:  0.0, Max:  0.0, Diff:  0.0, Sum:  0.0, Workers: 4
[5118.994s][debug][gc,phases      ] GC(97)     Dead                           Min: 0, Avg:  0.0, Max: 0, Diff: 0, Sum: 0, Workers: 4
[5118.994s][debug][gc,phases      ] GC(97)     Total                          Min: 0, Avg:  0.0, Max: 0, Diff: 0, Sum: 0, Workers: 4
[5118.994s][debug][gc,phases      ] GC(97)   Weak JFR Old Object Samples    Min:  0.0, Avg:  0.0, Max:  0.0, Diff:  0.0, Sum:  0.0, Workers: 4
[5118.994s][debug][gc,phases      ] GC(97)     Dead                           Min: 0, Avg:  0.0, Max: 0, Diff: 0, Sum: 0, Workers: 4
[5118.994s][debug][gc,phases      ] GC(97)     Total                          Min: 0, Avg:  0.0, Max: 0, Diff: 0, Sum: 0, Workers: 4
[5118.994s][debug][gc,phases      ] GC(97) Weak Processing 0.454ms
[5118.994s][debug][gc,age         ] GC(97) Desired survivor size 26214400 bytes, new threshold 1 (max threshold 15)
[5118.994s][info ][gc,heap        ] GC(97) PSYoungGen: 2042503K(2066944K)->5054K(2071552K) Eden: 2038272K(2038272K)->0K(2044416K) From: 4231K(28672K)->5054K(27136K)
[5118.994s][info ][gc,heap        ] GC(97) ParOldGen: 450849K(451072K)->451864K(452096K)
[5118.994s][info ][gc,metaspace   ] GC(97) Metaspace: 107680K(108992K)->107680K(108992K) NonClass: 91496K(92224K)->91496K(92224K) Class: 16183K(16768K)->16183K(16768K)
[5118.994s][info ][gc             ] GC(97) Pause Young (Allocation Failure) 2434M->446M(2464M) 4.700ms
[5118.994s][info ][gc,cpu         ] GC(97) User=0.02s Sys=0.00s Real=0.00s
[5118.994s][info ][safepoint      ] Safepoint "ParallelGCFailedAllocation", Time since last: 2371039319 ns, Reaching safepoint: 8301 ns, Cleanup: 10700 ns, At safepoint: 4783383 ns, Total: 4802384 ns
[5119.995s][info ][safepoint      ] Safepoint "Cleanup", Time since last: 1000091344 ns, Reaching safepoint: 7300 ns, Cleanup: 11701 ns, At safepoint: 5400 ns, Total: 24401 ns
[5127.995s][info ][safepoint      ] Safepoint "Cleanup", Time since last: 8000669476 ns, Reaching safepoint: 8300 ns, Cleanup: 10801 ns, At safepoint: 15601 ns, Total: 34702 ns
[5138.996s][info ][safepoint      ] Safepoint "Cleanup", Time since last: 11000937453 ns, Reaching safepoint: 7400 ns, Cleanup: 10801 ns, At safepoint: 8000 ns, Total: 26201 ns
[5140.996s][info ][safepoint      ] Safepoint "Cleanup", Time since last: 2000220463 ns, Reaching safepoint: 8301 ns, Cleanup: 12400 ns, At safepoint: 7201 ns, Total: 27902 ns
[5153.998s][info ][safepoint      ] Safepoint "Cleanup", Time since last: 13001075065 ns, Reaching safepoint: 8001 ns, Cleanup: 11100 ns, At safepoint: 34202 ns, Total: 53303 ns
[5161.636s][info ][safepoint      ] Safepoint "Cleanup", Time since last: 7638001197 ns, Reaching safepoint: 75904 ns, Cleanup: 9201 ns, At safepoint: 15001 ns, Total: 100106 ns
[5186.987s][info ][gc,start       ] GC(98) Pause Young (Allocation Failure)
[5186.991s][debug][gc,phases      ] GC(98) Scavenge 3.825ms
[5186.991s][debug][gc,ref         ] GC(98) ReferenceProcessor::execute queues: 1, RefProcThreadModel::Single, marks_oops_alive: false
[5186.991s][debug][gc,ref         ] GC(98) Skipped KeepAliveFinalRefsPhase of Reference Processing: no references
[5186.991s][debug][gc,ref         ] GC(98) ReferenceProcessor::execute queues: 1, RefProcThreadModel::Single, marks_oops_alive: false
[5186.991s][debug][gc,phases      ] GC(98) Reference Processing 0.119ms
[5186.991s][debug][gc,phases      ] GC(98)   VM Weak                        Min:  0.0, Avg:  0.0, Max:  0.0, Diff:  0.0, Sum:  0.0, Workers: 4
[5186.991s][debug][gc,phases      ] GC(98)     Dead                           Min: 0, Avg:  0.0, Max: 0, Diff: 0, Sum: 0, Workers: 4
[5186.991s][debug][gc,phases      ] GC(98)     Total                          Min: 0, Avg: 258.8, Max: 587, Diff: 587, Sum: 1035, Workers: 4
[5186.991s][debug][gc,phases      ] GC(98)   ObjectSynchronizer Weak        Min:  0.0, Avg:  0.0, Max:  0.0, Diff:  0.0, Sum:  0.0, Workers: 4
[5186.991s][debug][gc,phases      ] GC(98)     Dead                           Min: 0, Avg:  0.0, Max: 0, Diff: 0, Sum: 0, Workers: 4
[5186.991s][debug][gc,phases      ] GC(98)     Total                          Min: 0, Avg:  1.0, Max: 4, Diff: 4, Sum: 4, Workers: 4
[5186.991s][debug][gc,phases      ] GC(98)   JVMTI Tag Weak OopStorage      Min:  0.0, Avg:  0.0, Max:  0.0, Diff:  0.0, Sum:  0.0, Workers: 4
[5186.991s][debug][gc,phases      ] GC(98)     Dead                           Min: 0, Avg:  0.0, Max: 0, Diff: 0, Sum: 0, Workers: 4
[5186.991s][debug][gc,phases      ] GC(98)     Total                          Min: 0, Avg:  0.0, Max: 0, Diff: 0, Sum: 0, Workers: 4
[5186.991s][debug][gc,phases      ] GC(98)   StringTable Weak               Min:  0.1, Avg:  0.1, Max:  0.1, Diff:  0.0, Sum:  0.5, Workers: 4
[5186.991s][debug][gc,phases      ] GC(98)     Dead                           Min: 0, Avg:  0.0, Max: 0, Diff: 0, Sum: 0, Workers: 4
[5186.991s][debug][gc,phases      ] GC(98)     Total                          Min: 10873, Avg: 11694.2, Max: 12736, Diff: 1863, Sum: 46777, Workers: 4
[5186.991s][debug][gc,phases      ] GC(98)   ResolvedMethodTable Weak       Min:  0.0, Avg:  0.0, Max:  0.0, Diff:  0.0, Sum:  0.2, Workers: 4
[5186.991s][debug][gc,phases      ] GC(98)     Dead                           Min: 0, Avg:  4.0, Max: 16, Diff: 16, Sum: 16, Workers: 4
[5186.991s][debug][gc,phases      ] GC(98)     Total                          Min: 3427, Avg: 3891.0, Max: 4259, Diff: 832, Sum: 15564, Workers: 4
[5186.991s][debug][gc,phases      ] GC(98)   JNI Weak                       Min:  0.0, Avg:  0.0, Max:  0.0, Diff:  0.0, Sum:  0.0, Workers: 4
[5186.991s][debug][gc,phases      ] GC(98)     Dead                           Min: 0, Avg:  0.0, Max: 0, Diff: 0, Sum: 0, Workers: 4
[5186.991s][debug][gc,phases      ] GC(98)     Total                          Min: 0, Avg: 13.0, Max: 52, Diff: 52, Sum: 52, Workers: 4
[5186.991s][debug][gc,phases      ] GC(98)   StringDedup Table Weak         Min:  0.0, Avg:  0.0, Max:  0.0, Diff:  0.0, Sum:  0.0, Workers: 4
[5186.991s][debug][gc,phases      ] GC(98)     Dead                           Min: 0, Avg:  0.0, Max: 0, Diff: 0, Sum: 0, Workers: 4
[5186.991s][debug][gc,phases      ] GC(98)     Total                          Min: 0, Avg:  0.0, Max: 0, Diff: 0, Sum: 0, Workers: 4
[5186.991s][debug][gc,phases      ] GC(98)   StringDedup Requests0 Weak     Min:  0.0, Avg:  0.0, Max:  0.0, Diff:  0.0, Sum:  0.0, Workers: 4
[5186.991s][debug][gc,phases      ] GC(98)     Dead                           Min: 0, Avg:  0.0, Max: 0, Diff: 0, Sum: 0, Workers: 4
[5186.991s][debug][gc,phases      ] GC(98)     Total                          Min: 0, Avg:  0.0, Max: 0, Diff: 0, Sum: 0, Workers: 4
[5186.991s][debug][gc,phases      ] GC(98)   StringDedup Requests1 Weak     Min:  0.0, Avg:  0.0, Max:  0.0, Diff:  0.0, Sum:  0.0, Workers: 4
[5186.991s][debug][gc,phases      ] GC(98)     Dead                           Min: 0, Avg:  0.0, Max: 0, Diff: 0, Sum: 0, Workers: 4
[5186.991s][debug][gc,phases      ] GC(98)     Total                          Min: 0, Avg:  0.0, Max: 0, Diff: 0, Sum: 0, Workers: 4
[5186.991s][debug][gc,phases      ] GC(98)   Weak JFR Old Object Samples    Min:  0.0, Avg:  0.0, Max:  0.0, Diff:  0.0, Sum:  0.0, Workers: 4
[5186.991s][debug][gc,phases      ] GC(98)     Dead                           Min: 0, Avg:  0.0, Max: 0, Diff: 0, Sum: 0, Workers: 4
[5186.991s][debug][gc,phases      ] GC(98)     Total                          Min: 0, Avg:  0.0, Max: 0, Diff: 0, Sum: 0, Workers: 4
[5186.991s][debug][gc,phases      ] GC(98) Weak Processing 0.415ms
[5186.991s][debug][gc,age         ] GC(98) Desired survivor size 24641536 bytes, new threshold 1 (max threshold 15)
[5186.991s][info ][gc,heap        ] GC(98) PSYoungGen: 2049470K(2071552K)->4864K(2070016K) Eden: 2044416K(2044416K)->0K(2044416K) From: 5054K(27136K)->4864K(25600K)
[5186.991s][info ][gc,heap        ] GC(98) ParOldGen: 451864K(452096K)->452930K(453120K)
[5186.991s][info ][gc,metaspace   ] GC(98) Metaspace: 107686K(108992K)->107686K(108992K) NonClass: 91502K(92224K)->91502K(92224K) Class: 16183K(16768K)->16183K(16768K)
[5186.991s][info ][gc             ] GC(98) Pause Young (Allocation Failure) 2442M->447M(2464M) 4.514ms
[5186.991s][info ][gc,cpu         ] GC(98) User=0.01s Sys=0.00s Real=0.01s
[5186.991s][info ][safepoint      ] Safepoint "ParallelGCFailedAllocation", Time since last: 25350836372 ns, Reaching safepoint: 79405 ns, Cleanup: 4400 ns, At safepoint: 4597475 ns, Total: 4681280 ns
[5236.655s][info ][safepoint      ] Safepoint "Cleanup", Time since last: 49664015079 ns, Reaching safepoint: 5700 ns, Cleanup: 9301 ns, At safepoint: 9500 ns, Total: 24501 ns
[5243.656s][info ][safepoint      ] Safepoint "Cleanup", Time since last: 7000590604 ns, Reaching safepoint: 7600 ns, Cleanup: 11201 ns, At safepoint: 5300 ns, Total: 24101 ns
[5254.415s][info ][gc,start       ] GC(99) Pause Young (Allocation Failure)
[5254.419s][debug][gc,phases      ] GC(99) Scavenge 4.368ms
[5254.419s][debug][gc,ref         ] GC(99) ReferenceProcessor::execute queues: 1, RefProcThreadModel::Single, marks_oops_alive: false
[5254.419s][debug][gc,ref         ] GC(99) Skipped KeepAliveFinalRefsPhase of Reference Processing: no references
[5254.419s][debug][gc,ref         ] GC(99) Skipped PhantomRefsPhase of Reference Processing: no references
[5254.419s][debug][gc,phases      ] GC(99) Reference Processing 0.121ms
[5254.420s][debug][gc,phases      ] GC(99)   VM Weak                        Min:  0.0, Avg:  0.0, Max:  0.0, Diff:  0.0, Sum:  0.0, Workers: 4
[5254.420s][debug][gc,phases      ] GC(99)     Dead                           Min: 0, Avg:  0.0, Max: 0, Diff: 0, Sum: 0, Workers: 4
[5254.420s][debug][gc,phases      ] GC(99)     Total                          Min: 0, Avg: 258.8, Max: 768, Diff: 768, Sum: 1035, Workers: 4
[5254.420s][debug][gc,phases      ] GC(99)   ObjectSynchronizer Weak        Min:  0.0, Avg:  0.0, Max:  0.0, Diff:  0.0, Sum:  0.0, Workers: 4
[5254.420s][debug][gc,phases      ] GC(99)     Dead                           Min: 0, Avg:  0.0, Max: 0, Diff: 0, Sum: 0, Workers: 4
[5254.420s][debug][gc,phases      ] GC(99)     Total                          Min: 0, Avg:  1.0, Max: 4, Diff: 4, Sum: 4, Workers: 4
[5254.420s][debug][gc,phases      ] GC(99)   JVMTI Tag Weak OopStorage      Min:  0.0, Avg:  0.0, Max:  0.0, Diff:  0.0, Sum:  0.0, Workers: 4
[5254.420s][debug][gc,phases      ] GC(99)     Dead                           Min: 0, Avg:  0.0, Max: 0, Diff: 0, Sum: 0, Workers: 4
[5254.420s][debug][gc,phases      ] GC(99)     Total                          Min: 0, Avg:  0.0, Max: 0, Diff: 0, Sum: 0, Workers: 4
[5254.420s][debug][gc,phases      ] GC(99)   StringTable Weak               Min:  0.0, Avg:  0.1, Max:  0.2, Diff:  0.2, Sum:  0.5, Workers: 4
[5254.420s][debug][gc,phases      ] GC(99)     Dead                           Min: 0, Avg:  0.0, Max: 0, Diff: 0, Sum: 0, Workers: 4
[5254.420s][debug][gc,phases      ] GC(99)     Total                          Min: 0, Avg: 11694.2, Max: 17081, Diff: 17081, Sum: 46777, Workers: 4
[5254.420s][debug][gc,phases      ] GC(99)   ResolvedMethodTable Weak       Min:  0.0, Avg:  0.0, Max:  0.0, Diff:  0.0, Sum:  0.1, Workers: 4
[5254.420s][debug][gc,phases      ] GC(99)     Dead                           Min: 0, Avg:  4.0, Max: 16, Diff: 16, Sum: 16, Workers: 4
[5254.420s][debug][gc,phases      ] GC(99)     Total                          Min: 0, Avg: 3891.0, Max: 5627, Diff: 5627, Sum: 15564, Workers: 4
[5254.420s][debug][gc,phases      ] GC(99)   JNI Weak                       Min:  0.0, Avg:  0.0, Max:  0.0, Diff:  0.0, Sum:  0.0, Workers: 4
[5254.420s][debug][gc,phases      ] GC(99)     Dead                           Min: 0, Avg:  0.0, Max: 0, Diff: 0, Sum: 0, Workers: 4
[5254.420s][debug][gc,phases      ] GC(99)     Total                          Min: 0, Avg: 13.0, Max: 52, Diff: 52, Sum: 52, Workers: 4
[5254.420s][debug][gc,phases      ] GC(99)   StringDedup Table Weak         Min:  0.0, Avg:  0.0, Max:  0.0, Diff:  0.0, Sum:  0.0, Workers: 4
[5254.420s][debug][gc,phases      ] GC(99)     Dead                           Min: 0, Avg:  0.0, Max: 0, Diff: 0, Sum: 0, Workers: 4
[5254.420s][debug][gc,phases      ] GC(99)     Total                          Min: 0, Avg:  0.0, Max: 0, Diff: 0, Sum: 0, Workers: 4
[5254.420s][debug][gc,phases      ] GC(99)   StringDedup Requests0 Weak     Min:  0.0, Avg:  0.0, Max:  0.0, Diff:  0.0, Sum:  0.0, Workers: 4
[5254.420s][debug][gc,phases      ] GC(99)     Dead                           Min: 0, Avg:  0.0, Max: 0, Diff: 0, Sum: 0, Workers: 4
[5254.420s][debug][gc,phases      ] GC(99)     Total                          Min: 0, Avg:  0.0, Max: 0, Diff: 0, Sum: 0, Workers: 4
[5254.420s][debug][gc,phases      ] GC(99)   StringDedup Requests1 Weak     Min:  0.0, Avg:  0.0, Max:  0.0, Diff:  0.0, Sum:  0.0, Workers: 4
[5254.420s][debug][gc,phases      ] GC(99)     Dead                           Min: 0, Avg:  0.0, Max: 0, Diff: 0, Sum: 0, Workers: 4
[5254.420s][debug][gc,phases      ] GC(99)     Total                          Min: 0, Avg:  0.0, Max: 0, Diff: 0, Sum: 0, Workers: 4
[5254.420s][debug][gc,phases      ] GC(99)   Weak JFR Old Object Samples    Min:  0.0, Avg:  0.0, Max:  0.0, Diff:  0.0, Sum:  0.0, Workers: 4
[5254.420s][debug][gc,phases      ] GC(99)     Dead                           Min: 0, Avg:  0.0, Max: 0, Diff: 0, Sum: 0, Workers: 4
[5254.420s][debug][gc,phases      ] GC(99)     Total                          Min: 0, Avg:  0.0, Max: 0, Diff: 0, Sum: 0, Workers: 4
[5254.420s][debug][gc,phases      ] GC(99) Weak Processing 0.452ms
[5254.420s][debug][gc,age         ] GC(99) Desired survivor size 23592960 bytes, new threshold 1 (max threshold 15)
[5254.420s][info ][gc,heap        ] GC(99) PSYoungGen: 2049280K(2070016K)->4640K(2074112K) Eden: 2044416K(2044416K)->0K(2050048K) From: 4864K(25600K)->4640K(24064K)
[5254.420s][info ][gc,heap        ] GC(99) ParOldGen: 452930K(453120K)->453706K(454144K)
[5254.420s][info ][gc,metaspace   ] GC(99) Metaspace: 107691K(108992K)->107691K(108992K) NonClass: 91507K(92224K)->91507K(92224K) Class: 16183K(16768K)->16183K(16768K)
[5254.420s][info ][gc             ] GC(99) Pause Young (Allocation Failure) 2443M->447M(2469M) 5.077ms
[5254.420s][info ][gc,cpu         ] GC(99) User=0.01s Sys=0.00s Real=0.01s
[5254.420s][info ][safepoint      ] Safepoint "ParallelGCFailedAllocation", Time since last: 10758608454 ns, Reaching safepoint: 6001 ns, Cleanup: 5000 ns, At safepoint: 5428025 ns, Total: 5439026 ns
[5278.422s][info ][safepoint      ] Safepoint "Cleanup", Time since last: 24001700943 ns, Reaching safepoint: 6301 ns, Cleanup: 9800 ns, At safepoint: 5000 ns, Total: 21101 ns
[5304.674s][info ][safepoint      ] Safepoint "Cleanup", Time since last: 26252212924 ns, Reaching safepoint: 6100 ns, Cleanup: 9301 ns, At safepoint: 10900 ns, Total: 26301 ns
[5308.674s][info ][safepoint      ] Safepoint "Cleanup", Time since last: 4000354706 ns, Reaching safepoint: 6300 ns, Cleanup: 10401 ns, At safepoint: 8500 ns, Total: 25201 ns
[5312.675s][info ][safepoint      ] Safepoint "Cleanup", Time since last: 4000346539 ns, Reaching safepoint: 6500 ns, Cleanup: 12101 ns, At safepoint: 5100 ns, Total: 23701 ns
[5317.136s][info ][gc,start       ] GC(100) Pause Young (Allocation Failure)
[5317.141s][debug][gc,phases      ] GC(100) Scavenge 5.167ms
[5317.141s][debug][gc,ref         ] GC(100) ReferenceProcessor::execute queues: 1, RefProcThreadModel::Single, marks_oops_alive: false
[5317.141s][debug][gc,ref         ] GC(100) Skipped KeepAliveFinalRefsPhase of Reference Processing: no references
[5317.141s][debug][gc,ref         ] GC(100) ReferenceProcessor::execute queues: 1, RefProcThreadModel::Single, marks_oops_alive: false
[5317.141s][debug][gc,phases      ] GC(100) Reference Processing 0.143ms
[5317.142s][debug][gc,phases      ] GC(100)   VM Weak                        Min:  0.0, Avg:  0.0, Max:  0.0, Diff:  0.0, Sum:  0.0, Workers: 4
[5317.142s][debug][gc,phases      ] GC(100)     Dead                           Min: 0, Avg:  0.0, Max: 0, Diff: 0, Sum: 0, Workers: 4
[5317.142s][debug][gc,phases      ] GC(100)     Total                          Min: 0, Avg: 258.8, Max: 896, Diff: 896, Sum: 1035, Workers: 4
[5317.142s][debug][gc,phases      ] GC(100)   ObjectSynchronizer Weak        Min:  0.0, Avg:  0.0, Max:  0.0, Diff:  0.0, Sum:  0.0, Workers: 4
[5317.142s][debug][gc,phases      ] GC(100)     Dead                           Min: 0, Avg:  0.0, Max: 0, Diff: 0, Sum: 0, Workers: 4
[5317.142s][debug][gc,phases      ] GC(100)     Total                          Min: 0, Avg:  1.0, Max: 4, Diff: 4, Sum: 4, Workers: 4
[5317.142s][debug][gc,phases      ] GC(100)   JVMTI Tag Weak OopStorage      Min:  0.0, Avg:  0.0, Max:  0.0, Diff:  0.0, Sum:  0.0, Workers: 4
[5317.142s][debug][gc,phases      ] GC(100)     Dead                           Min: 0, Avg:  0.0, Max: 0, Diff: 0, Sum: 0, Workers: 4
[5317.142s][debug][gc,phases      ] GC(100)     Total                          Min: 0, Avg:  0.0, Max: 0, Diff: 0, Sum: 0, Workers: 4
[5317.142s][debug][gc,phases      ] GC(100)   StringTable Weak               Min:  0.0, Avg:  0.1, Max:  0.2, Diff:  0.2, Sum:  0.5, Workers: 4
[5317.142s][debug][gc,phases      ] GC(100)     Dead                           Min: 0, Avg:  0.0, Max: 0, Diff: 0, Sum: 0, Workers: 4
[5317.142s][debug][gc,phases      ] GC(100)     Total                          Min: 0, Avg: 11694.2, Max: 16704, Diff: 16704, Sum: 46777, Workers: 4
[5317.142s][debug][gc,phases      ] GC(100)   ResolvedMethodTable Weak       Min:  0.0, Avg:  0.0, Max:  0.1, Diff:  0.1, Sum:  0.2, Workers: 4
[5317.142s][debug][gc,phases      ] GC(100)     Dead                           Min: 0, Avg:  4.0, Max: 16, Diff: 16, Sum: 16, Workers: 4
[5317.142s][debug][gc,phases      ] GC(100)     Total                          Min: 0, Avg: 3891.0, Max: 5971, Diff: 5971, Sum: 15564, Workers: 4
[5317.142s][debug][gc,phases      ] GC(100)   JNI Weak                       Min:  0.0, Avg:  0.0, Max:  0.0, Diff:  0.0, Sum:  0.0, Workers: 4
[5317.142s][debug][gc,phases      ] GC(100)     Dead                           Min: 0, Avg:  0.0, Max: 0, Diff: 0, Sum: 0, Workers: 4
[5317.142s][debug][gc,phases      ] GC(100)     Total                          Min: 0, Avg: 13.0, Max: 52, Diff: 52, Sum: 52, Workers: 4
[5317.142s][debug][gc,phases      ] GC(100)   StringDedup Table Weak         Min:  0.0, Avg:  0.0, Max:  0.0, Diff:  0.0, Sum:  0.0, Workers: 4
[5317.142s][debug][gc,phases      ] GC(100)     Dead                           Min: 0, Avg:  0.0, Max: 0, Diff: 0, Sum: 0, Workers: 4
[5317.142s][debug][gc,phases      ] GC(100)     Total                          Min: 0, Avg:  0.0, Max: 0, Diff: 0, Sum: 0, Workers: 4
[5317.142s][debug][gc,phases      ] GC(100)   StringDedup Requests0 Weak     Min:  0.0, Avg:  0.0, Max:  0.0, Diff:  0.0, Sum:  0.0, Workers: 4
[5317.142s][debug][gc,phases      ] GC(100)     Dead                           Min: 0, Avg:  0.0, Max: 0, Diff: 0, Sum: 0, Workers: 4
[5317.142s][debug][gc,phases      ] GC(100)     Total                          Min: 0, Avg:  0.0, Max: 0, Diff: 0, Sum: 0, Workers: 4
[5317.142s][debug][gc,phases      ] GC(100)   StringDedup Requests1 Weak     Min:  0.0, Avg:  0.0, Max:  0.0, Diff:  0.0, Sum:  0.0, Workers: 4
[5317.142s][debug][gc,phases      ] GC(100)     Dead                           Min: 0, Avg:  0.0, Max: 0, Diff: 0, Sum: 0, Workers: 4
[5317.142s][debug][gc,phases      ] GC(100)     Total                          Min: 0, Avg:  0.0, Max: 0, Diff: 0, Sum: 0, Workers: 4
[5317.142s][debug][gc,phases      ] GC(100)   Weak JFR Old Object Samples    Min:  0.0, Avg:  0.0, Max:  0.0, Diff:  0.0, Sum:  0.0, Workers: 4
[5317.142s][debug][gc,phases      ] GC(100)     Dead                           Min: 0, Avg:  0.0, Max: 0, Diff: 0, Sum: 0, Workers: 4
[5317.142s][debug][gc,phases      ] GC(100)     Total                          Min: 0, Avg:  0.0, Max: 0, Diff: 0, Sum: 0, Workers: 4
[5317.142s][debug][gc,phases      ] GC(100) Weak Processing 0.476ms
[5317.142s][debug][gc,age         ] GC(100) Desired survivor size 22020096 bytes, new threshold 1 (max threshold 15)
[5317.142s][info ][gc,heap        ] GC(100) PSYoungGen: 2054688K(2074112K)->5632K(2073088K) Eden: 2050048K(2050048K)->0K(2050048K) From: 4640K(24064K)->5632K(23040K)
[5317.142s][info ][gc,heap        ] GC(100) ParOldGen: 453706K(454144K)->454834K(455168K)
[5317.142s][info ][gc,metaspace   ] GC(100) Metaspace: 107696K(108992K)->107696K(108992K) NonClass: 91512K(92224K)->91512K(92224K) Class: 16183K(16768K)->16183K(16768K)
[5317.142s][info ][gc             ] GC(100) Pause Young (Allocation Failure) 2449M->449M(2469M) 5.943ms
[5317.142s][info ][gc,cpu         ] GC(100) User=0.02s Sys=0.00s Real=0.01s
[5317.142s][info ][safepoint      ] Safepoint "ParallelGCFailedAllocation", Time since last: 4461172241 ns, Reaching safepoint: 80205 ns, Cleanup: 4700 ns, At safepoint: 6031262 ns, Total: 6116167 ns
[5320.142s][info ][safepoint      ] Safepoint "Cleanup", Time since last: 3000285939 ns, Reaching safepoint: 101706 ns, Cleanup: 15401 ns, At safepoint: 9901 ns, Total: 127008 ns
[5324.143s][info ][safepoint      ] Safepoint "Cleanup", Time since last: 4000371369 ns, Reaching safepoint: 85605 ns, Cleanup: 12301 ns, At safepoint: 10201 ns, Total: 108107 ns
[5336.144s][info ][safepoint      ] Safepoint "Cleanup", Time since last: 12000969833 ns, Reaching safepoint: 6700 ns, Cleanup: 11201 ns, At safepoint: 39503 ns, Total: 57404 ns
[5380.444s][info ][gc,start       ] GC(101) Pause Young (Allocation Failure)
[5380.450s][debug][gc,phases      ] GC(101) Scavenge 5.671ms
[5380.450s][debug][gc,ref         ] GC(101) ReferenceProcessor::execute queues: 1, RefProcThreadModel::Single, marks_oops_alive: false
[5380.450s][debug][gc,ref         ] GC(101) Skipped KeepAliveFinalRefsPhase of Reference Processing: no references
[5380.450s][debug][gc,ref         ] GC(101) Skipped PhantomRefsPhase of Reference Processing: no references
[5380.450s][debug][gc,phases      ] GC(101) Reference Processing 0.123ms
[5380.450s][debug][gc,phases      ] GC(101)   VM Weak                        Min:  0.0, Avg:  0.0, Max:  0.0, Diff:  0.0, Sum:  0.0, Workers: 4
[5380.450s][debug][gc,phases      ] GC(101)     Dead                           Min: 0, Avg:  0.0, Max: 0, Diff: 0, Sum: 0, Workers: 4
[5380.450s][debug][gc,phases      ] GC(101)     Total                          Min: 0, Avg: 258.8, Max: 832, Diff: 832, Sum: 1035, Workers: 4
[5380.450s][debug][gc,phases      ] GC(101)   ObjectSynchronizer Weak        Min:  0.0, Avg:  0.0, Max:  0.0, Diff:  0.0, Sum:  0.0, Workers: 4
[5380.450s][debug][gc,phases      ] GC(101)     Dead                           Min: 0, Avg:  0.0, Max: 0, Diff: 0, Sum: 0, Workers: 4
[5380.450s][debug][gc,phases      ] GC(101)     Total                          Min: 0, Avg:  1.0, Max: 4, Diff: 4, Sum: 4, Workers: 4
[5380.450s][debug][gc,phases      ] GC(101)   JVMTI Tag Weak OopStorage      Min:  0.0, Avg:  0.0, Max:  0.0, Diff:  0.0, Sum:  0.0, Workers: 4
[5380.450s][debug][gc,phases      ] GC(101)     Dead                           Min: 0, Avg:  0.0, Max: 0, Diff: 0, Sum: 0, Workers: 4
[5380.450s][debug][gc,phases      ] GC(101)     Total                          Min: 0, Avg:  0.0, Max: 0, Diff: 0, Sum: 0, Workers: 4
[5380.450s][debug][gc,phases      ] GC(101)   StringTable Weak               Min:  0.0, Avg:  0.1, Max:  0.2, Diff:  0.2, Sum:  0.5, Workers: 4
[5380.450s][debug][gc,phases      ] GC(101)     Dead                           Min: 0, Avg:  0.0, Max: 0, Diff: 0, Sum: 0, Workers: 4
[5380.450s][debug][gc,phases      ] GC(101)     Total                          Min: 0, Avg: 11699.5, Max: 16064, Diff: 16064, Sum: 46798, Workers: 4
[5380.450s][debug][gc,phases      ] GC(101)   ResolvedMethodTable Weak       Min:  0.0, Avg:  0.0, Max:  0.1, Diff:  0.1, Sum:  0.2, Workers: 4
[5380.450s][debug][gc,phases      ] GC(101)     Dead                           Min: 0, Avg:  4.0, Max: 16, Diff: 16, Sum: 16, Workers: 4
[5380.450s][debug][gc,phases      ] GC(101)     Total                          Min: 0, Avg: 3891.0, Max: 5334, Diff: 5334, Sum: 15564, Workers: 4
[5380.450s][debug][gc,phases      ] GC(101)   JNI Weak                       Min:  0.0, Avg:  0.0, Max:  0.0, Diff:  0.0, Sum:  0.0, Workers: 4
[5380.450s][debug][gc,phases      ] GC(101)     Dead                           Min: 0, Avg:  0.0, Max: 0, Diff: 0, Sum: 0, Workers: 4
[5380.450s][debug][gc,phases      ] GC(101)     Total                          Min: 0, Avg: 13.0, Max: 52, Diff: 52, Sum: 52, Workers: 4
[5380.450s][debug][gc,phases      ] GC(101)   StringDedup Table Weak         Min:  0.0, Avg:  0.0, Max:  0.0, Diff:  0.0, Sum:  0.0, Workers: 4
[5380.450s][debug][gc,phases      ] GC(101)     Dead                           Min: 0, Avg:  0.0, Max: 0, Diff: 0, Sum: 0, Workers: 4
[5380.450s][debug][gc,phases      ] GC(101)     Total                          Min: 0, Avg:  0.0, Max: 0, Diff: 0, Sum: 0, Workers: 4
[5380.450s][debug][gc,phases      ] GC(101)   StringDedup Requests0 Weak     Min:  0.0, Avg:  0.0, Max:  0.0, Diff:  0.0, Sum:  0.0, Workers: 4
[5380.450s][debug][gc,phases      ] GC(101)     Dead                           Min: 0, Avg:  0.0, Max: 0, Diff: 0, Sum: 0, Workers: 4
[5380.450s][debug][gc,phases      ] GC(101)     Total                          Min: 0, Avg:  0.0, Max: 0, Diff: 0, Sum: 0, Workers: 4
[5380.450s][debug][gc,phases      ] GC(101)   StringDedup Requests1 Weak     Min:  0.0, Avg:  0.0, Max:  0.0, Diff:  0.0, Sum:  0.0, Workers: 4
[5380.450s][debug][gc,phases      ] GC(101)     Dead                           Min: 0, Avg:  0.0, Max: 0, Diff: 0, Sum: 0, Workers: 4
[5380.450s][debug][gc,phases      ] GC(101)     Total                          Min: 0, Avg:  0.0, Max: 0, Diff: 0, Sum: 0, Workers: 4
[5380.450s][debug][gc,phases      ] GC(101)   Weak JFR Old Object Samples    Min:  0.0, Avg:  0.0, Max:  0.0, Diff:  0.0, Sum:  0.0, Workers: 4
[5380.450s][debug][gc,phases      ] GC(101)     Dead                           Min: 0, Avg:  0.0, Max: 0, Diff: 0, Sum: 0, Workers: 4
[5380.450s][debug][gc,phases      ] GC(101)     Total                          Min: 0, Avg:  0.0, Max: 0, Diff: 0, Sum: 0, Workers: 4
[5380.450s][debug][gc,phases      ] GC(101) Weak Processing 0.515ms
[5380.450s][debug][gc,age         ] GC(101) Desired survivor size 20971520 bytes, new threshold 1 (max threshold 15)
[5380.450s][info ][gc,heap        ] GC(101) PSYoungGen: 2055680K(2073088K)->3040K(2076672K) Eden: 2050048K(2050048K)->0K(2055168K) From: 5632K(23040K)->3040K(21504K)
[5380.450s][info ][gc,heap        ] GC(101) ParOldGen: 454834K(455168K)->457742K(458240K)
[5380.451s][info ][gc,metaspace   ] GC(101) Metaspace: 107700K(109056K)->107700K(109056K) NonClass: 91516K(92288K)->91516K(92288K) Class: 16183K(16768K)->16183K(16768K)
[5380.451s][info ][gc             ] GC(101) Pause Young (Allocation Failure) 2451M->449M(2475M) 6.490ms
[5380.451s][info ][gc,cpu         ] GC(101) User=0.02s Sys=0.00s Real=0.01s
[5380.451s][info ][safepoint      ] Safepoint "ParallelGCFailedAllocation", Time since last: 44300117932 ns, Reaching safepoint: 7300 ns, Cleanup: 4300 ns, At safepoint: 6578807 ns, Total: 6590407 ns
[5413.710s][info ][safepoint      ] Safepoint "Cleanup", Time since last: 33259636693 ns, Reaching safepoint: 7700 ns, Cleanup: 15201 ns, At safepoint: 6201 ns, Total: 29102 ns
[5427.711s][info ][safepoint      ] Safepoint "Cleanup", Time since last: 14001169360 ns, Reaching safepoint: 8601 ns, Cleanup: 13700 ns, At safepoint: 6501 ns, Total: 28802 ns
[5442.713s][info ][safepoint      ] Safepoint "Cleanup", Time since last: 15001260099 ns, Reaching safepoint: 10801 ns, Cleanup: 19201 ns, At safepoint: 9300 ns, Total: 39302 ns
[5449.087s][info ][gc,start       ] GC(102) Pause Young (Allocation Failure)
[5449.093s][debug][gc,phases      ] GC(102) Scavenge 6.146ms
[5449.093s][debug][gc,ref         ] GC(102) ReferenceProcessor::execute queues: 1, RefProcThreadModel::Single, marks_oops_alive: false
[5449.093s][debug][gc,ref         ] GC(102) Skipped KeepAliveFinalRefsPhase of Reference Processing: no references
[5449.093s][debug][gc,ref         ] GC(102) ReferenceProcessor::execute queues: 1, RefProcThreadModel::Single, marks_oops_alive: false
[5449.093s][debug][gc,phases      ] GC(102) Reference Processing 0.139ms
[5449.093s][debug][gc,phases      ] GC(102)   VM Weak                        Min:  0.0, Avg:  0.0, Max:  0.0, Diff:  0.0, Sum:  0.0, Workers: 4
[5449.093s][debug][gc,phases      ] GC(102)     Dead                           Min: 0, Avg:  0.0, Max: 0, Diff: 0, Sum: 0, Workers: 4
[5449.093s][debug][gc,phases      ] GC(102)     Total                          Min: 0, Avg: 258.8, Max: 832, Diff: 832, Sum: 1035, Workers: 4
[5449.093s][debug][gc,phases      ] GC(102)   ObjectSynchronizer Weak        Min:  0.0, Avg:  0.0, Max:  0.0, Diff:  0.0, Sum:  0.0, Workers: 4
[5449.093s][debug][gc,phases      ] GC(102)     Dead                           Min: 0, Avg:  0.0, Max: 0, Diff: 0, Sum: 0, Workers: 4
[5449.093s][debug][gc,phases      ] GC(102)     Total                          Min: 0, Avg:  1.0, Max: 4, Diff: 4, Sum: 4, Workers: 4
[5449.093s][debug][gc,phases      ] GC(102)   JVMTI Tag Weak OopStorage      Min:  0.0, Avg:  0.0, Max:  0.0, Diff:  0.0, Sum:  0.0, Workers: 4
[5449.093s][debug][gc,phases      ] GC(102)     Dead                           Min: 0, Avg:  0.0, Max: 0, Diff: 0, Sum: 0, Workers: 4
[5449.093s][debug][gc,phases      ] GC(102)     Total                          Min: 0, Avg:  0.0, Max: 0, Diff: 0, Sum: 0, Workers: 4
[5449.093s][debug][gc,phases      ] GC(102)   StringTable Weak               Min:  0.1, Avg:  0.1, Max:  0.1, Diff:  0.0, Sum:  0.4, Workers: 4
[5449.093s][debug][gc,phases      ] GC(102)     Dead                           Min: 0, Avg:  0.0, Max: 0, Diff: 0, Sum: 0, Workers: 4
[5449.093s][debug][gc,phases      ] GC(102)     Total                          Min: 10112, Avg: 11700.0, Max: 12992, Diff: 2880, Sum: 46800, Workers: 4
[5449.093s][debug][gc,phases      ] GC(102)   ResolvedMethodTable Weak       Min:  0.0, Avg:  0.0, Max:  0.0, Diff:  0.0, Sum:  0.2, Workers: 4
[5449.093s][debug][gc,phases      ] GC(102)     Dead                           Min: 0, Avg:  6.0, Max: 23, Diff: 23, Sum: 24, Workers: 4
[5449.093s][debug][gc,phases      ] GC(102)     Total                          Min: 3504, Avg: 3891.0, Max: 4233, Diff: 729, Sum: 15564, Workers: 4
[5449.093s][debug][gc,phases      ] GC(102)   JNI Weak                       Min:  0.0, Avg:  0.0, Max:  0.0, Diff:  0.0, Sum:  0.0, Workers: 4
[5449.093s][debug][gc,phases      ] GC(102)     Dead                           Min: 0, Avg:  0.0, Max: 0, Diff: 0, Sum: 0, Workers: 4
[5449.093s][debug][gc,phases      ] GC(102)     Total                          Min: 0, Avg: 13.0, Max: 52, Diff: 52, Sum: 52, Workers: 4
[5449.093s][debug][gc,phases      ] GC(102)   StringDedup Table Weak         Min:  0.0, Avg:  0.0, Max:  0.0, Diff:  0.0, Sum:  0.0, Workers: 4
[5449.093s][debug][gc,phases      ] GC(102)     Dead                           Min: 0, Avg:  0.0, Max: 0, Diff: 0, Sum: 0, Workers: 4
[5449.093s][debug][gc,phases      ] GC(102)     Total                          Min: 0, Avg:  0.0, Max: 0, Diff: 0, Sum: 0, Workers: 4
[5449.093s][debug][gc,phases      ] GC(102)   StringDedup Requests0 Weak     Min:  0.0, Avg:  0.0, Max:  0.0, Diff:  0.0, Sum:  0.0, Workers: 4
[5449.093s][debug][gc,phases      ] GC(102)     Dead                           Min: 0, Avg:  0.0, Max: 0, Diff: 0, Sum: 0, Workers: 4
[5449.093s][debug][gc,phases      ] GC(102)     Total                          Min: 0, Avg:  0.0, Max: 0, Diff: 0, Sum: 0, Workers: 4
[5449.093s][debug][gc,phases      ] GC(102)   StringDedup Requests1 Weak     Min:  0.0, Avg:  0.0, Max:  0.0, Diff:  0.0, Sum:  0.0, Workers: 4
[5449.093s][debug][gc,phases      ] GC(102)     Dead                           Min: 0, Avg:  0.0, Max: 0, Diff: 0, Sum: 0, Workers: 4
[5449.093s][debug][gc,phases      ] GC(102)     Total                          Min: 0, Avg:  0.0, Max: 0, Diff: 0, Sum: 0, Workers: 4
[5449.093s][debug][gc,phases      ] GC(102)   Weak JFR Old Object Samples    Min:  0.0, Avg:  0.0, Max:  0.0, Diff:  0.0, Sum:  0.0, Workers: 4
[5449.093s][debug][gc,phases      ] GC(102)     Dead                           Min: 0, Avg:  0.0, Max: 0, Diff: 0, Sum: 0, Workers: 4
[5449.093s][debug][gc,phases      ] GC(102)     Total                          Min: 0, Avg:  0.0, Max: 0, Diff: 0, Sum: 0, Workers: 4
[5449.093s][debug][gc,phases      ] GC(102) Weak Processing 0.444ms
[5449.093s][debug][gc,age         ] GC(102) Desired survivor size 19922944 bytes, new threshold 1 (max threshold 15)
[5449.093s][info ][gc,heap        ] GC(102) PSYoungGen: 2058208K(2076672K)->4016K(2075648K) Eden: 2055168K(2055168K)->0K(2055168K) From: 3040K(21504K)->4016K(20480K)
[5449.093s][info ][gc,heap        ] GC(102) ParOldGen: 457742K(458240K)->458850K(459264K)
[5449.093s][info ][gc,metaspace   ] GC(102) Metaspace: 107732K(109056K)->107732K(109056K) NonClass: 91548K(92288K)->91548K(92288K) Class: 16183K(16768K)->16183K(16768K)
[5449.093s][info ][gc             ] GC(102) Pause Young (Allocation Failure) 2456M->452M(2475M) 6.901ms
[5449.093s][info ][gc,cpu         ] GC(102) User=0.02s Sys=0.00s Real=0.01s
[5449.094s][info ][safepoint      ] Safepoint "ParallelGCFailedAllocation", Time since last: 6373722540 ns, Reaching safepoint: 79605 ns, Cleanup: 4600 ns, At safepoint: 6999131 ns, Total: 7083336 ns
[5491.731s][info ][safepoint      ] Safepoint "Cleanup", Time since last: 42637494757 ns, Reaching safepoint: 10200 ns, Cleanup: 15101 ns, At safepoint: 5901 ns, Total: 31202 ns
[5517.478s][info ][gc,start       ] GC(103) Pause Young (Allocation Failure)
[5517.481s][debug][gc,phases      ] GC(103) Scavenge 3.360ms
[5517.481s][debug][gc,ref         ] GC(103) ReferenceProcessor::execute queues: 1, RefProcThreadModel::Single, marks_oops_alive: false
[5517.481s][debug][gc,ref         ] GC(103) Skipped KeepAliveFinalRefsPhase of Reference Processing: no references
[5517.481s][debug][gc,ref         ] GC(103) ReferenceProcessor::execute queues: 1, RefProcThreadModel::Single, marks_oops_alive: false
[5517.482s][debug][gc,phases      ] GC(103) Reference Processing 0.149ms
[5517.482s][debug][gc,phases      ] GC(103)   VM Weak                        Min:  0.0, Avg:  0.0, Max:  0.0, Diff:  0.0, Sum:  0.0, Workers: 4
[5517.482s][debug][gc,phases      ] GC(103)     Dead                           Min: 0, Avg:  0.0, Max: 0, Diff: 0, Sum: 0, Workers: 4
[5517.482s][debug][gc,phases      ] GC(103)     Total                          Min: 0, Avg: 258.8, Max: 512, Diff: 512, Sum: 1035, Workers: 4
[5517.482s][debug][gc,phases      ] GC(103)   ObjectSynchronizer Weak        Min:  0.0, Avg:  0.0, Max:  0.0, Diff:  0.0, Sum:  0.0, Workers: 4
[5517.482s][debug][gc,phases      ] GC(103)     Dead                           Min: 0, Avg:  0.0, Max: 0, Diff: 0, Sum: 0, Workers: 4
[5517.482s][debug][gc,phases      ] GC(103)     Total                          Min: 0, Avg:  1.0, Max: 4, Diff: 4, Sum: 4, Workers: 4
[5517.482s][debug][gc,phases      ] GC(103)   JVMTI Tag Weak OopStorage      Min:  0.0, Avg:  0.0, Max:  0.0, Diff:  0.0, Sum:  0.0, Workers: 4
[5517.482s][debug][gc,phases      ] GC(103)     Dead                           Min: 0, Avg:  0.0, Max: 0, Diff: 0, Sum: 0, Workers: 4
[5517.482s][debug][gc,phases      ] GC(103)     Total                          Min: 0, Avg:  0.0, Max: 0, Diff: 0, Sum: 0, Workers: 4
[5517.482s][debug][gc,phases      ] GC(103)   StringTable Weak               Min:  0.1, Avg:  0.1, Max:  0.1, Diff:  0.0, Sum:  0.5, Workers: 4
[5517.482s][debug][gc,phases      ] GC(103)     Dead                           Min: 0, Avg:  0.0, Max: 0, Diff: 0, Sum: 0, Workers: 4
[5517.482s][debug][gc,phases      ] GC(103)     Total                          Min: 11392, Avg: 11700.0, Max: 12032, Diff: 640, Sum: 46800, Workers: 4
[5517.482s][debug][gc,phases      ] GC(103)   ResolvedMethodTable Weak       Min:  0.0, Avg:  0.0, Max:  0.0, Diff:  0.0, Sum:  0.2, Workers: 4
[5517.482s][debug][gc,phases      ] GC(103)     Dead                           Min: 0, Avg:  4.5, Max: 18, Diff: 18, Sum: 18, Workers: 4
[5517.482s][debug][gc,phases      ] GC(103)     Total                          Min: 3715, Avg: 3891.0, Max: 4051, Diff: 336, Sum: 15564, Workers: 4
[5517.482s][debug][gc,phases      ] GC(103)   JNI Weak                       Min:  0.0, Avg:  0.0, Max:  0.0, Diff:  0.0, Sum:  0.0, Workers: 4
[5517.482s][debug][gc,phases      ] GC(103)     Dead                           Min: 0, Avg:  0.0, Max: 0, Diff: 0, Sum: 0, Workers: 4
[5517.482s][debug][gc,phases      ] GC(103)     Total                          Min: 0, Avg: 13.0, Max: 52, Diff: 52, Sum: 52, Workers: 4
[5517.482s][debug][gc,phases      ] GC(103)   StringDedup Table Weak         Min:  0.0, Avg:  0.0, Max:  0.0, Diff:  0.0, Sum:  0.0, Workers: 4
[5517.482s][debug][gc,phases      ] GC(103)     Dead                           Min: 0, Avg:  0.0, Max: 0, Diff: 0, Sum: 0, Workers: 4
[5517.482s][debug][gc,phases      ] GC(103)     Total                          Min: 0, Avg:  0.0, Max: 0, Diff: 0, Sum: 0, Workers: 4
[5517.482s][debug][gc,phases      ] GC(103)   StringDedup Requests0 Weak     Min:  0.0, Avg:  0.0, Max:  0.0, Diff:  0.0, Sum:  0.0, Workers: 4
[5517.482s][debug][gc,phases      ] GC(103)     Dead                           Min: 0, Avg:  0.0, Max: 0, Diff: 0, Sum: 0, Workers: 4
[5517.482s][debug][gc,phases      ] GC(103)     Total                          Min: 0, Avg:  0.0, Max: 0, Diff: 0, Sum: 0, Workers: 4
[5517.482s][debug][gc,phases      ] GC(103)   StringDedup Requests1 Weak     Min:  0.0, Avg:  0.0, Max:  0.0, Diff:  0.0, Sum:  0.0, Workers: 4
[5517.482s][debug][gc,phases      ] GC(103)     Dead                           Min: 0, Avg:  0.0, Max: 0, Diff: 0, Sum: 0, Workers: 4
[5517.482s][debug][gc,phases      ] GC(103)     Total                          Min: 0, Avg:  0.0, Max: 0, Diff: 0, Sum: 0, Workers: 4
[5517.482s][debug][gc,phases      ] GC(103)   Weak JFR Old Object Samples    Min:  0.0, Avg:  0.0, Max:  0.0, Diff:  0.0, Sum:  0.0, Workers: 4
[5517.482s][debug][gc,phases      ] GC(103)     Dead                           Min: 0, Avg:  0.0, Max: 0, Diff: 0, Sum: 0, Workers: 4
[5517.482s][debug][gc,phases      ] GC(103)     Total                          Min: 0, Avg:  0.0, Max: 0, Diff: 0, Sum: 0, Workers: 4
[5517.482s][debug][gc,phases      ] GC(103) Weak Processing 0.417ms
[5517.482s][debug][gc,age         ] GC(103) Desired survivor size 19398656 bytes, new threshold 1 (max threshold 15)
[5517.482s][info ][gc,heap        ] GC(103) PSYoungGen: 2059184K(2075648K)->3008K(2078208K) Eden: 2055168K(2055168K)->0K(2058752K) From: 4016K(20480K)->3008K(19456K)
[5517.482s][info ][gc,heap        ] GC(103) ParOldGen: 458850K(459264K)->460547K(460800K)
[5517.482s][info ][gc,metaspace   ] GC(103) Metaspace: 107736K(109056K)->107736K(109056K) NonClass: 91552K(92288K)->91552K(92288K) Class: 16183K(16768K)->16183K(16768K)
[5517.482s][info ][gc             ] GC(103) Pause Young (Allocation Failure) 2459M->452M(2479M) 4.073ms
[5517.482s][info ][gc,cpu         ] GC(103) User=0.02s Sys=0.00s Real=0.00s
[5517.482s][info ][safepoint      ] Safepoint "ParallelGCFailedAllocation", Time since last: 25746786909 ns, Reaching safepoint: 6300 ns, Cleanup: 4301 ns, At safepoint: 4174248 ns, Total: 4184849 ns
[5543.749s][info ][safepoint      ] Safepoint "Cleanup", Time since last: 26267167150 ns, Reaching safepoint: 6500 ns, Cleanup: 10401 ns, At safepoint: 36202 ns, Total: 53103 ns
[5568.751s][info ][safepoint      ] Safepoint "Cleanup", Time since last: 25001948551 ns, Reaching safepoint: 6301 ns, Cleanup: 11100 ns, At safepoint: 36802 ns, Total: 54203 ns
[5578.752s][info ][safepoint      ] Safepoint "Cleanup", Time since last: 10000791984 ns, Reaching safepoint: 6201 ns, Cleanup: 13201 ns, At safepoint: 8700 ns, Total: 28102 ns
[5588.420s][info ][gc,start       ] GC(104) Pause Young (Allocation Failure)
[5588.423s][debug][gc,phases      ] GC(104) Scavenge 3.315ms
[5588.423s][debug][gc,ref         ] GC(104) ReferenceProcessor::execute queues: 1, RefProcThreadModel::Single, marks_oops_alive: false
[5588.423s][debug][gc,ref         ] GC(104) Skipped KeepAliveFinalRefsPhase of Reference Processing: no references
[5588.423s][debug][gc,ref         ] GC(104) ReferenceProcessor::execute queues: 1, RefProcThreadModel::Single, marks_oops_alive: false
[5588.423s][debug][gc,phases      ] GC(104) Reference Processing 0.119ms
[5588.424s][debug][gc,phases      ] GC(104)   VM Weak                        Min:  0.0, Avg:  0.0, Max:  0.0, Diff:  0.0, Sum:  0.0, Workers: 4
[5588.424s][debug][gc,phases      ] GC(104)     Dead                           Min: 0, Avg:  0.0, Max: 0, Diff: 0, Sum: 0, Workers: 4
[5588.424s][debug][gc,phases      ] GC(104)     Total                          Min: 128, Avg: 258.8, Max: 512, Diff: 384, Sum: 1035, Workers: 4
[5588.424s][debug][gc,phases      ] GC(104)   ObjectSynchronizer Weak        Min:  0.0, Avg:  0.0, Max:  0.0, Diff:  0.0, Sum:  0.0, Workers: 4
[5588.424s][debug][gc,phases      ] GC(104)     Dead                           Min: 0, Avg:  0.0, Max: 0, Diff: 0, Sum: 0, Workers: 4
[5588.424s][debug][gc,phases      ] GC(104)     Total                          Min: 0, Avg:  0.8, Max: 3, Diff: 3, Sum: 3, Workers: 4
[5588.424s][debug][gc,phases      ] GC(104)   JVMTI Tag Weak OopStorage      Min:  0.0, Avg:  0.0, Max:  0.0, Diff:  0.0, Sum:  0.0, Workers: 4
[5588.424s][debug][gc,phases      ] GC(104)     Dead                           Min: 0, Avg:  0.0, Max: 0, Diff: 0, Sum: 0, Workers: 4
[5588.424s][debug][gc,phases      ] GC(104)     Total                          Min: 0, Avg:  0.0, Max: 0, Diff: 0, Sum: 0, Workers: 4
[5588.424s][debug][gc,phases      ] GC(104)   StringTable Weak               Min:  0.1, Avg:  0.1, Max:  0.1, Diff:  0.0, Sum:  0.5, Workers: 4
[5588.424s][debug][gc,phases      ] GC(104)     Dead                           Min: 0, Avg:  0.0, Max: 0, Diff: 0, Sum: 0, Workers: 4
[5588.424s][debug][gc,phases      ] GC(104)     Total                          Min: 11392, Avg: 11700.0, Max: 11904, Diff: 512, Sum: 46800, Workers: 4
[5588.424s][debug][gc,phases      ] GC(104)   ResolvedMethodTable Weak       Min:  0.0, Avg:  0.0, Max:  0.0, Diff:  0.0, Sum:  0.2, Workers: 4
[5588.424s][debug][gc,phases      ] GC(104)     Dead                           Min: 0, Avg:  4.0, Max: 8, Diff: 8, Sum: 16, Workers: 4
[5588.424s][debug][gc,phases      ] GC(104)     Total                          Min: 3509, Avg: 3891.0, Max: 4123, Diff: 614, Sum: 15564, Workers: 4
[5588.424s][debug][gc,phases      ] GC(104)   JNI Weak                       Min:  0.0, Avg:  0.0, Max:  0.0, Diff:  0.0, Sum:  0.0, Workers: 4
[5588.424s][debug][gc,phases      ] GC(104)     Dead                           Min: 0, Avg:  0.0, Max: 0, Diff: 0, Sum: 0, Workers: 4
[5588.424s][debug][gc,phases      ] GC(104)     Total                          Min: 0, Avg: 13.0, Max: 52, Diff: 52, Sum: 52, Workers: 4
[5588.424s][debug][gc,phases      ] GC(104)   StringDedup Table Weak         Min:  0.0, Avg:  0.0, Max:  0.0, Diff:  0.0, Sum:  0.0, Workers: 4
[5588.424s][debug][gc,phases      ] GC(104)     Dead                           Min: 0, Avg:  0.0, Max: 0, Diff: 0, Sum: 0, Workers: 4
[5588.424s][debug][gc,phases      ] GC(104)     Total                          Min: 0, Avg:  0.0, Max: 0, Diff: 0, Sum: 0, Workers: 4
[5588.424s][debug][gc,phases      ] GC(104)   StringDedup Requests0 Weak     Min:  0.0, Avg:  0.0, Max:  0.0, Diff:  0.0, Sum:  0.0, Workers: 4
[5588.424s][debug][gc,phases      ] GC(104)     Dead                           Min: 0, Avg:  0.0, Max: 0, Diff: 0, Sum: 0, Workers: 4
[5588.424s][debug][gc,phases      ] GC(104)     Total                          Min: 0, Avg:  0.0, Max: 0, Diff: 0, Sum: 0, Workers: 4
[5588.424s][debug][gc,phases      ] GC(104)   StringDedup Requests1 Weak     Min:  0.0, Avg:  0.0, Max:  0.0, Diff:  0.0, Sum:  0.0, Workers: 4
[5588.424s][debug][gc,phases      ] GC(104)     Dead                           Min: 0, Avg:  0.0, Max: 0, Diff: 0, Sum: 0, Workers: 4
[5588.424s][debug][gc,phases      ] GC(104)     Total                          Min: 0, Avg:  0.0, Max: 0, Diff: 0, Sum: 0, Workers: 4
[5588.424s][debug][gc,phases      ] GC(104)   Weak JFR Old Object Samples    Min:  0.0, Avg:  0.0, Max:  0.0, Diff:  0.0, Sum:  0.0, Workers: 4
[5588.424s][debug][gc,phases      ] GC(104)     Dead                           Min: 0, Avg:  0.0, Max: 0, Diff: 0, Sum: 0, Workers: 4
[5588.424s][debug][gc,phases      ] GC(104)     Total                          Min: 0, Avg:  0.0, Max: 0, Diff: 0, Sum: 0, Workers: 4
[5588.424s][debug][gc,phases      ] GC(104) Weak Processing 0.405ms
[5588.424s][debug][gc,age         ] GC(104) Desired survivor size 17825792 bytes, new threshold 1 (max threshold 15)
[5588.424s][info ][gc,heap        ] GC(104) PSYoungGen: 2061760K(2078208K)->4530K(2077696K) Eden: 2058752K(2058752K)->0K(2058752K) From: 3008K(19456K)->4530K(18944K)
[5588.424s][info ][gc,heap        ] GC(104) ParOldGen: 460547K(460800K)->461239K(461312K)
[5588.424s][info ][gc,metaspace   ] GC(104) Metaspace: 107736K(109056K)->107736K(109056K) NonClass: 91552K(92288K)->91552K(92288K) Class: 16183K(16768K)->16183K(16768K)
[5588.424s][info ][gc             ] GC(104) Pause Young (Allocation Failure) 2463M->454M(2479M) 3.992ms
[5588.424s][info ][gc,cpu         ] GC(104) User=0.01s Sys=0.00s Real=0.00s
[5588.424s][info ][safepoint      ] Safepoint "ParallelGCFailedAllocation", Time since last: 9667788604 ns, Reaching safepoint: 4900 ns, Cleanup: 4300 ns, At safepoint: 4074148 ns, Total: 4083348 ns
[5639.428s][info ][safepoint      ] Safepoint "Cleanup", Time since last: 51003797516 ns, Reaching safepoint: 11101 ns, Cleanup: 13301 ns, At safepoint: 11900 ns, Total: 36302 ns
[5654.787s][info ][safepoint      ] Safepoint "Cleanup", Time since last: 15359090544 ns, Reaching safepoint: 78805 ns, Cleanup: 16801 ns, At safepoint: 13400 ns, Total: 109006 ns
[5656.512s][info ][gc,start       ] GC(105) Pause Young (Allocation Failure)
[5656.516s][debug][gc,phases      ] GC(105) Scavenge 3.727ms
[5656.516s][debug][gc,ref         ] GC(105) ReferenceProcessor::execute queues: 1, RefProcThreadModel::Single, marks_oops_alive: false
[5656.516s][debug][gc,ref         ] GC(105) Skipped KeepAliveFinalRefsPhase of Reference Processing: no references
[5656.516s][debug][gc,ref         ] GC(105) Skipped PhantomRefsPhase of Reference Processing: no references
[5656.516s][debug][gc,phases      ] GC(105) Reference Processing 0.118ms
[5656.516s][debug][gc,phases      ] GC(105)   VM Weak                        Min:  0.0, Avg:  0.0, Max:  0.0, Diff:  0.0, Sum:  0.0, Workers: 4
[5656.517s][debug][gc,phases      ] GC(105)     Dead                           Min: 0, Avg:  0.0, Max: 0, Diff: 0, Sum: 0, Workers: 4
[5656.517s][debug][gc,phases      ] GC(105)     Total                          Min: 0, Avg: 258.8, Max: 459, Diff: 459, Sum: 1035, Workers: 4
[5656.517s][debug][gc,phases      ] GC(105)   ObjectSynchronizer Weak        Min:  0.0, Avg:  0.0, Max:  0.0, Diff:  0.0, Sum:  0.0, Workers: 4
[5656.517s][debug][gc,phases      ] GC(105)     Dead                           Min: 0, Avg:  0.0, Max: 0, Diff: 0, Sum: 0, Workers: 4
[5656.517s][debug][gc,phases      ] GC(105)     Total                          Min: 0, Avg:  1.0, Max: 4, Diff: 4, Sum: 4, Workers: 4
[5656.517s][debug][gc,phases      ] GC(105)   JVMTI Tag Weak OopStorage      Min:  0.0, Avg:  0.0, Max:  0.0, Diff:  0.0, Sum:  0.0, Workers: 4
[5656.517s][debug][gc,phases      ] GC(105)     Dead                           Min: 0, Avg:  0.0, Max: 0, Diff: 0, Sum: 0, Workers: 4
[5656.517s][debug][gc,phases      ] GC(105)     Total                          Min: 0, Avg:  0.0, Max: 0, Diff: 0, Sum: 0, Workers: 4
[5656.517s][debug][gc,phases      ] GC(105)   StringTable Weak               Min:  0.0, Avg:  0.1, Max:  0.1, Diff:  0.1, Sum:  0.4, Workers: 4
[5656.517s][debug][gc,phases      ] GC(105)     Dead                           Min: 0, Avg:  0.0, Max: 0, Diff: 0, Sum: 0, Workers: 4
[5656.517s][debug][gc,phases      ] GC(105)     Total                          Min: 0, Avg: 11700.2, Max: 16896, Diff: 16896, Sum: 46801, Workers: 4
[5656.517s][debug][gc,phases      ] GC(105)   ResolvedMethodTable Weak       Min:  0.0, Avg:  0.0, Max:  0.1, Diff:  0.1, Sum:  0.2, Workers: 4
[5656.517s][debug][gc,phases      ] GC(105)     Dead                           Min: 0, Avg:  4.0, Max: 16, Diff: 16, Sum: 16, Workers: 4
[5656.517s][debug][gc,phases      ] GC(105)     Total                          Min: 0, Avg: 3891.0, Max: 5842, Diff: 5842, Sum: 15564, Workers: 4
[5656.517s][debug][gc,phases      ] GC(105)   JNI Weak                       Min:  0.0, Avg:  0.0, Max:  0.0, Diff:  0.0, Sum:  0.0, Workers: 4
[5656.517s][debug][gc,phases      ] GC(105)     Dead                           Min: 0, Avg:  0.0, Max: 0, Diff: 0, Sum: 0, Workers: 4
[5656.517s][debug][gc,phases      ] GC(105)     Total                          Min: 0, Avg: 13.0, Max: 52, Diff: 52, Sum: 52, Workers: 4
[5656.517s][debug][gc,phases      ] GC(105)   StringDedup Table Weak         Min:  0.0, Avg:  0.0, Max:  0.0, Diff:  0.0, Sum:  0.0, Workers: 4
[5656.517s][debug][gc,phases      ] GC(105)     Dead                           Min: 0, Avg:  0.0, Max: 0, Diff: 0, Sum: 0, Workers: 4
[5656.517s][debug][gc,phases      ] GC(105)     Total                          Min: 0, Avg:  0.0, Max: 0, Diff: 0, Sum: 0, Workers: 4
[5656.517s][debug][gc,phases      ] GC(105)   StringDedup Requests0 Weak     Min:  0.0, Avg:  0.0, Max:  0.0, Diff:  0.0, Sum:  0.0, Workers: 4
[5656.517s][debug][gc,phases      ] GC(105)     Dead                           Min: 0, Avg:  0.0, Max: 0, Diff: 0, Sum: 0, Workers: 4
[5656.517s][debug][gc,phases      ] GC(105)     Total                          Min: 0, Avg:  0.0, Max: 0, Diff: 0, Sum: 0, Workers: 4
[5656.517s][debug][gc,phases      ] GC(105)   StringDedup Requests1 Weak     Min:  0.0, Avg:  0.0, Max:  0.0, Diff:  0.0, Sum:  0.0, Workers: 4
[5656.517s][debug][gc,phases      ] GC(105)     Dead                           Min: 0, Avg:  0.0, Max: 0, Diff: 0, Sum: 0, Workers: 4
[5656.517s][debug][gc,phases      ] GC(105)     Total                          Min: 0, Avg:  0.0, Max: 0, Diff: 0, Sum: 0, Workers: 4
[5656.517s][debug][gc,phases      ] GC(105)   Weak JFR Old Object Samples    Min:  0.0, Avg:  0.0, Max:  0.0, Diff:  0.0, Sum:  0.0, Workers: 4
[5656.517s][debug][gc,phases      ] GC(105)     Dead                           Min: 0, Avg:  0.0, Max: 0, Diff: 0, Sum: 0, Workers: 4
[5656.517s][debug][gc,phases      ] GC(105)     Total                          Min: 0, Avg:  0.0, Max: 0, Diff: 0, Sum: 0, Workers: 4
[5656.517s][debug][gc,phases      ] GC(105) Weak Processing 0.451ms
[5656.517s][debug][gc,age         ] GC(105) Desired survivor size 16777216 bytes, new threshold 1 (max threshold 15)
[5656.517s][info ][gc,heap        ] GC(105) PSYoungGen: 2063282K(2077696K)->4917K(2080768K) Eden: 2058752K(2058752K)->0K(2063360K) From: 4530K(18944K)->4917K(17408K)
[5656.517s][info ][gc,heap        ] GC(105) ParOldGen: 461239K(461312K)->462670K(462848K)
[5656.517s][info ][gc,metaspace   ] GC(105) Metaspace: 107750K(109056K)->107750K(109056K) NonClass: 91566K(92288K)->91566K(92288K) Class: 16183K(16768K)->16183K(16768K)
[5656.517s][info ][gc             ] GC(105) Pause Young (Allocation Failure) 2465M->456M(2484M) 4.440ms
[5656.517s][info ][gc,cpu         ] GC(105) User=0.01s Sys=0.00s Real=0.00s
[5656.517s][info ][safepoint      ] Safepoint "ParallelGCFailedAllocation", Time since last: 1725265257 ns, Reaching safepoint: 6501 ns, Cleanup: 4200 ns, At safepoint: 4526671 ns, Total: 4537372 ns
[5664.517s][info ][safepoint      ] Safepoint "Cleanup", Time since last: 8000623602 ns, Reaching safepoint: 6600 ns, Cleanup: 9701 ns, At safepoint: 24301 ns, Total: 40602 ns
[5714.806s][info ][safepoint      ] Safepoint "Cleanup", Time since last: 50288285496 ns, Reaching safepoint: 9100 ns, Cleanup: 13401 ns, At safepoint: 5500 ns, Total: 28001 ns
[5730.886s][info ][gc,start       ] GC(106) Pause Young (Allocation Failure)
[5730.889s][debug][gc,phases      ] GC(106) Scavenge 2.900ms
[5730.889s][debug][gc,ref         ] GC(106) ReferenceProcessor::execute queues: 1, RefProcThreadModel::Single, marks_oops_alive: false
[5730.889s][debug][gc,ref         ] GC(106) Skipped KeepAliveFinalRefsPhase of Reference Processing: no references
[5730.889s][debug][gc,ref         ] GC(106) ReferenceProcessor::execute queues: 1, RefProcThreadModel::Single, marks_oops_alive: false
[5730.889s][debug][gc,phases      ] GC(106) Reference Processing 0.187ms
[5730.890s][debug][gc,phases      ] GC(106)   VM Weak                        Min:  0.0, Avg:  0.0, Max:  0.0, Diff:  0.0, Sum:  0.0, Workers: 4
[5730.890s][debug][gc,phases      ] GC(106)     Dead                           Min: 0, Avg:  0.0, Max: 0, Diff: 0, Sum: 0, Workers: 4
[5730.890s][debug][gc,phases      ] GC(106)     Total                          Min: 0, Avg: 258.8, Max: 587, Diff: 587, Sum: 1035, Workers: 4
[5730.890s][debug][gc,phases      ] GC(106)   ObjectSynchronizer Weak        Min:  0.0, Avg:  0.0, Max:  0.0, Diff:  0.0, Sum:  0.0, Workers: 4
[5730.890s][debug][gc,phases      ] GC(106)     Dead                           Min: 0, Avg:  0.0, Max: 0, Diff: 0, Sum: 0, Workers: 4
[5730.890s][debug][gc,phases      ] GC(106)     Total                          Min: 0, Avg:  0.8, Max: 3, Diff: 3, Sum: 3, Workers: 4
[5730.890s][debug][gc,phases      ] GC(106)   JVMTI Tag Weak OopStorage      Min:  0.0, Avg:  0.0, Max:  0.0, Diff:  0.0, Sum:  0.0, Workers: 4
[5730.890s][debug][gc,phases      ] GC(106)     Dead                           Min: 0, Avg:  0.0, Max: 0, Diff: 0, Sum: 0, Workers: 4
[5730.890s][debug][gc,phases      ] GC(106)     Total                          Min: 0, Avg:  0.0, Max: 0, Diff: 0, Sum: 0, Workers: 4
[5730.890s][debug][gc,phases      ] GC(106)   StringTable Weak               Min:  0.0, Avg:  0.1, Max:  0.1, Diff:  0.1, Sum:  0.4, Workers: 4
[5730.890s][debug][gc,phases      ] GC(106)     Dead                           Min: 0, Avg:  0.0, Max: 0, Diff: 0, Sum: 0, Workers: 4
[5730.890s][debug][gc,phases      ] GC(106)     Total                          Min: 0, Avg: 11700.2, Max: 17536, Diff: 17536, Sum: 46801, Workers: 4
[5730.890s][debug][gc,phases      ] GC(106)   ResolvedMethodTable Weak       Min:  0.0, Avg:  0.0, Max:  0.0, Diff:  0.0, Sum:  0.1, Workers: 4
[5730.890s][debug][gc,phases      ] GC(106)     Dead                           Min: 0, Avg:  4.0, Max: 16, Diff: 16, Sum: 16, Workers: 4
[5730.890s][debug][gc,phases      ] GC(106)     Total                          Min: 0, Avg: 3891.0, Max: 5896, Diff: 5896, Sum: 15564, Workers: 4
[5730.890s][debug][gc,phases      ] GC(106)   JNI Weak                       Min:  0.0, Avg:  0.0, Max:  0.0, Diff:  0.0, Sum:  0.0, Workers: 4
[5730.890s][debug][gc,phases      ] GC(106)     Dead                           Min: 0, Avg:  0.0, Max: 0, Diff: 0, Sum: 0, Workers: 4
[5730.890s][debug][gc,phases      ] GC(106)     Total                          Min: 0, Avg: 13.0, Max: 52, Diff: 52, Sum: 52, Workers: 4
[5730.890s][debug][gc,phases      ] GC(106)   StringDedup Table Weak         Min:  0.0, Avg:  0.0, Max:  0.0, Diff:  0.0, Sum:  0.0, Workers: 4
[5730.890s][debug][gc,phases      ] GC(106)     Dead                           Min: 0, Avg:  0.0, Max: 0, Diff: 0, Sum: 0, Workers: 4
[5730.890s][debug][gc,phases      ] GC(106)     Total                          Min: 0, Avg:  0.0, Max: 0, Diff: 0, Sum: 0, Workers: 4
[5730.890s][debug][gc,phases      ] GC(106)   StringDedup Requests0 Weak     Min:  0.0, Avg:  0.0, Max:  0.0, Diff:  0.0, Sum:  0.0, Workers: 4
[5730.890s][debug][gc,phases      ] GC(106)     Dead                           Min: 0, Avg:  0.0, Max: 0, Diff: 0, Sum: 0, Workers: 4
[5730.890s][debug][gc,phases      ] GC(106)     Total                          Min: 0, Avg:  0.0, Max: 0, Diff: 0, Sum: 0, Workers: 4
[5730.890s][debug][gc,phases      ] GC(106)   StringDedup Requests1 Weak     Min:  0.0, Avg:  0.0, Max:  0.0, Diff:  0.0, Sum:  0.0, Workers: 4
[5730.890s][debug][gc,phases      ] GC(106)     Dead                           Min: 0, Avg:  0.0, Max: 0, Diff: 0, Sum: 0, Workers: 4
[5730.890s][debug][gc,phases      ] GC(106)     Total                          Min: 0, Avg:  0.0, Max: 0, Diff: 0, Sum: 0, Workers: 4
[5730.890s][debug][gc,phases      ] GC(106)   Weak JFR Old Object Samples    Min:  0.0, Avg:  0.0, Max:  0.0, Diff:  0.0, Sum:  0.0, Workers: 4
[5730.890s][debug][gc,phases      ] GC(106)     Dead                           Min: 0, Avg:  0.0, Max: 0, Diff: 0, Sum: 0, Workers: 4
[5730.890s][debug][gc,phases      ] GC(106)     Total                          Min: 0, Avg:  0.0, Max: 0, Diff: 0, Sum: 0, Workers: 4
[5730.890s][debug][gc,phases      ] GC(106) Weak Processing 0.435ms
[5730.890s][debug][gc,age         ] GC(106) Desired survivor size 16252928 bytes, new threshold 1 (max threshold 15)
[5730.890s][info ][gc,heap        ] GC(106) PSYoungGen: 2068277K(2080768K)->3904K(2079744K) Eden: 2063360K(2063360K)->0K(2063360K) From: 4917K(17408K)->3904K(16384K)
[5730.890s][info ][gc,heap        ] GC(106) ParOldGen: 462670K(462848K)->464335K(464384K)
[5730.890s][info ][gc,metaspace   ] GC(106) Metaspace: 107756K(109056K)->107756K(109056K) NonClass: 91572K(92288K)->91572K(92288K) Class: 16183K(16768K)->16183K(16768K)
[5730.890s][info ][gc             ] GC(106) Pause Young (Allocation Failure) 2471M->457M(2484M) 3.667ms
[5730.890s][info ][gc,cpu         ] GC(106) User=0.01s Sys=0.00s Real=0.01s
[5730.890s][info ][safepoint      ] Safepoint "ParallelGCFailedAllocation", Time since last: 16080436207 ns, Reaching safepoint: 81204 ns, Cleanup: 4501 ns, At safepoint: 3762026 ns, Total: 3847731 ns
[5773.893s][info ][safepoint      ] Safepoint "Cleanup", Time since last: 43003402931 ns, Reaching safepoint: 6500 ns, Cleanup: 10501 ns, At safepoint: 4000 ns, Total: 21001 ns
[5801.086s][info ][gc,start       ] GC(107) Pause Young (Allocation Failure)
[5801.090s][debug][gc,phases      ] GC(107) Scavenge 3.721ms
[5801.090s][debug][gc,ref         ] GC(107) ReferenceProcessor::execute queues: 1, RefProcThreadModel::Single, marks_oops_alive: false
[5801.090s][debug][gc,ref         ] GC(107) Skipped KeepAliveFinalRefsPhase of Reference Processing: no references
[5801.090s][debug][gc,ref         ] GC(107) ReferenceProcessor::execute queues: 1, RefProcThreadModel::Single, marks_oops_alive: false
[5801.090s][debug][gc,phases      ] GC(107) Reference Processing 0.283ms
[5801.091s][debug][gc,phases      ] GC(107)   VM Weak                        Min:  0.0, Avg:  0.0, Max:  0.0, Diff:  0.0, Sum:  0.0, Workers: 4
[5801.091s][debug][gc,phases      ] GC(107)     Dead                           Min: 0, Avg:  0.0, Max: 0, Diff: 0, Sum: 0, Workers: 4
[5801.091s][debug][gc,phases      ] GC(107)     Total                          Min: 0, Avg: 258.8, Max: 651, Diff: 651, Sum: 1035, Workers: 4
[5801.091s][debug][gc,phases      ] GC(107)   ObjectSynchronizer Weak        Min:  0.0, Avg:  0.0, Max:  0.0, Diff:  0.0, Sum:  0.0, Workers: 4
[5801.091s][debug][gc,phases      ] GC(107)     Dead                           Min: 0, Avg:  0.0, Max: 0, Diff: 0, Sum: 0, Workers: 4
[5801.091s][debug][gc,phases      ] GC(107)     Total                          Min: 0, Avg:  1.0, Max: 4, Diff: 4, Sum: 4, Workers: 4
[5801.091s][debug][gc,phases      ] GC(107)   JVMTI Tag Weak OopStorage      Min:  0.0, Avg:  0.0, Max:  0.0, Diff:  0.0, Sum:  0.0, Workers: 4
[5801.091s][debug][gc,phases      ] GC(107)     Dead                           Min: 0, Avg:  0.0, Max: 0, Diff: 0, Sum: 0, Workers: 4
[5801.091s][debug][gc,phases      ] GC(107)     Total                          Min: 0, Avg:  0.0, Max: 0, Diff: 0, Sum: 0, Workers: 4
[5801.091s][debug][gc,phases      ] GC(107)   StringTable Weak               Min:  0.0, Avg:  0.1, Max:  0.2, Diff:  0.2, Sum:  0.5, Workers: 4
[5801.091s][debug][gc,phases      ] GC(107)     Dead                           Min: 0, Avg:  0.0, Max: 0, Diff: 0, Sum: 0, Workers: 4
[5801.091s][debug][gc,phases      ] GC(107)     Total                          Min: 0, Avg: 11700.2, Max: 17169, Diff: 17169, Sum: 46801, Workers: 4
[5801.091s][debug][gc,phases      ] GC(107)   ResolvedMethodTable Weak       Min:  0.0, Avg:  0.0, Max:  0.1, Diff:  0.1, Sum:  0.2, Workers: 4
[5801.091s][debug][gc,phases      ] GC(107)     Dead                           Min: 0, Avg:  4.0, Max: 16, Diff: 16, Sum: 16, Workers: 4
[5801.091s][debug][gc,phases      ] GC(107)     Total                          Min: 0, Avg: 3891.0, Max: 5690, Diff: 5690, Sum: 15564, Workers: 4
[5801.091s][debug][gc,phases      ] GC(107)   JNI Weak                       Min:  0.0, Avg:  0.0, Max:  0.0, Diff:  0.0, Sum:  0.0, Workers: 4
[5801.091s][debug][gc,phases      ] GC(107)     Dead                           Min: 0, Avg:  0.0, Max: 0, Diff: 0, Sum: 0, Workers: 4
[5801.091s][debug][gc,phases      ] GC(107)     Total                          Min: 0, Avg: 13.0, Max: 52, Diff: 52, Sum: 52, Workers: 4
[5801.091s][debug][gc,phases      ] GC(107)   StringDedup Table Weak         Min:  0.0, Avg:  0.0, Max:  0.0, Diff:  0.0, Sum:  0.0, Workers: 4
[5801.091s][debug][gc,phases      ] GC(107)     Dead                           Min: 0, Avg:  0.0, Max: 0, Diff: 0, Sum: 0, Workers: 4
[5801.091s][debug][gc,phases      ] GC(107)     Total                          Min: 0, Avg:  0.0, Max: 0, Diff: 0, Sum: 0, Workers: 4
[5801.091s][debug][gc,phases      ] GC(107)   StringDedup Requests0 Weak     Min:  0.0, Avg:  0.0, Max:  0.0, Diff:  0.0, Sum:  0.0, Workers: 4
[5801.091s][debug][gc,phases      ] GC(107)     Dead                           Min: 0, Avg:  0.0, Max: 0, Diff: 0, Sum: 0, Workers: 4
[5801.091s][debug][gc,phases      ] GC(107)     Total                          Min: 0, Avg:  0.0, Max: 0, Diff: 0, Sum: 0, Workers: 4
[5801.091s][debug][gc,phases      ] GC(107)   StringDedup Requests1 Weak     Min:  0.0, Avg:  0.0, Max:  0.0, Diff:  0.0, Sum:  0.0, Workers: 4
[5801.091s][debug][gc,phases      ] GC(107)     Dead                           Min: 0, Avg:  0.0, Max: 0, Diff: 0, Sum: 0, Workers: 4
[5801.091s][debug][gc,phases      ] GC(107)     Total                          Min: 0, Avg:  0.0, Max: 0, Diff: 0, Sum: 0, Workers: 4
[5801.091s][debug][gc,phases      ] GC(107)   Weak JFR Old Object Samples    Min:  0.0, Avg:  0.0, Max:  0.0, Diff:  0.0, Sum:  0.0, Workers: 4
[5801.091s][debug][gc,phases      ] GC(107)     Dead                           Min: 0, Avg:  0.0, Max: 0, Diff: 0, Sum: 0, Workers: 4
[5801.091s][debug][gc,phases      ] GC(107)     Total                          Min: 0, Avg:  0.0, Max: 0, Diff: 0, Sum: 0, Workers: 4
[5801.091s][debug][gc,phases      ] GC(107) Weak Processing 0.461ms
[5801.091s][debug][gc,age         ] GC(107) Desired survivor size 15204352 bytes, new threshold 1 (max threshold 15)
[5801.091s][info ][gc,heap        ] GC(107) PSYoungGen: 2067264K(2079744K)->3824K(2082304K) Eden: 2063360K(2063360K)->0K(2066432K) From: 3904K(16384K)->3824K(15872K)
[5801.091s][info ][gc,heap        ] GC(107) ParOldGen: 464335K(464384K)->465171K(465408K)
[5801.091s][info ][gc,metaspace   ] GC(107) Metaspace: 107758K(109056K)->107758K(109056K) NonClass: 91574K(92288K)->91574K(92288K) Class: 16183K(16768K)->16183K(16768K)
[5801.091s][info ][gc             ] GC(107) Pause Young (Allocation Failure) 2472M->458M(2488M) 4.628ms
[5801.091s][info ][gc,cpu         ] GC(107) User=0.02s Sys=0.00s Real=0.01s
[5801.091s][info ][safepoint      ] Safepoint "ParallelGCFailedAllocation", Time since last: 27192700042 ns, Reaching safepoint: 92006 ns, Cleanup: 5900 ns, At safepoint: 4721683 ns, Total: 4819589 ns
[5867.136s][info ][gc,start       ] GC(108) Pause Young (Allocation Failure)
[5867.140s][debug][gc,phases      ] GC(108) Scavenge 3.384ms
[5867.140s][debug][gc,ref         ] GC(108) ReferenceProcessor::execute queues: 1, RefProcThreadModel::Single, marks_oops_alive: false
[5867.140s][debug][gc,ref         ] GC(108) Skipped KeepAliveFinalRefsPhase of Reference Processing: no references
[5867.140s][debug][gc,ref         ] GC(108) ReferenceProcessor::execute queues: 1, RefProcThreadModel::Single, marks_oops_alive: false
[5867.140s][debug][gc,phases      ] GC(108) Reference Processing 0.121ms
[5867.140s][debug][gc,phases      ] GC(108)   VM Weak                        Min:  0.0, Avg:  0.0, Max:  0.0, Diff:  0.0, Sum:  0.0, Workers: 4
[5867.140s][debug][gc,phases      ] GC(108)     Dead                           Min: 0, Avg:  0.0, Max: 0, Diff: 0, Sum: 0, Workers: 4
[5867.140s][debug][gc,phases      ] GC(108)     Total                          Min: 0, Avg: 258.8, Max: 651, Diff: 651, Sum: 1035, Workers: 4
[5867.140s][debug][gc,phases      ] GC(108)   ObjectSynchronizer Weak        Min:  0.0, Avg:  0.0, Max:  0.0, Diff:  0.0, Sum:  0.0, Workers: 4
[5867.140s][debug][gc,phases      ] GC(108)     Dead                           Min: 0, Avg:  0.0, Max: 0, Diff: 0, Sum: 0, Workers: 4
[5867.140s][debug][gc,phases      ] GC(108)     Total                          Min: 0, Avg:  1.0, Max: 4, Diff: 4, Sum: 4, Workers: 4
[5867.140s][debug][gc,phases      ] GC(108)   JVMTI Tag Weak OopStorage      Min:  0.0, Avg:  0.0, Max:  0.0, Diff:  0.0, Sum:  0.0, Workers: 4
[5867.140s][debug][gc,phases      ] GC(108)     Dead                           Min: 0, Avg:  0.0, Max: 0, Diff: 0, Sum: 0, Workers: 4
[5867.140s][debug][gc,phases      ] GC(108)     Total                          Min: 0, Avg:  0.0, Max: 0, Diff: 0, Sum: 0, Workers: 4
[5867.140s][debug][gc,phases      ] GC(108)   StringTable Weak               Min:  0.0, Avg:  0.1, Max:  0.1, Diff:  0.1, Sum:  0.4, Workers: 4
[5867.140s][debug][gc,phases      ] GC(108)     Dead                           Min: 0, Avg:  0.0, Max: 0, Diff: 0, Sum: 0, Workers: 4
[5867.140s][debug][gc,phases      ] GC(108)     Total                          Min: 0, Avg: 11700.2, Max: 15808, Diff: 15808, Sum: 46801, Workers: 4
[5867.140s][debug][gc,phases      ] GC(108)   ResolvedMethodTable Weak       Min:  0.0, Avg:  0.0, Max:  0.1, Diff:  0.1, Sum:  0.2, Workers: 4
[5867.140s][debug][gc,phases      ] GC(108)     Dead                           Min: 0, Avg:  4.0, Max: 16, Diff: 16, Sum: 16, Workers: 4
[5867.140s][debug][gc,phases      ] GC(108)     Total                          Min: 0, Avg: 3891.0, Max: 5649, Diff: 5649, Sum: 15564, Workers: 4
[5867.140s][debug][gc,phases      ] GC(108)   JNI Weak                       Min:  0.0, Avg:  0.0, Max:  0.0, Diff:  0.0, Sum:  0.0, Workers: 4
[5867.140s][debug][gc,phases      ] GC(108)     Dead                           Min: 0, Avg:  0.0, Max: 0, Diff: 0, Sum: 0, Workers: 4
[5867.140s][debug][gc,phases      ] GC(108)     Total                          Min: 0, Avg: 13.0, Max: 52, Diff: 52, Sum: 52, Workers: 4
[5867.140s][debug][gc,phases      ] GC(108)   StringDedup Table Weak         Min:  0.0, Avg:  0.0, Max:  0.0, Diff:  0.0, Sum:  0.0, Workers: 4
[5867.140s][debug][gc,phases      ] GC(108)     Dead                           Min: 0, Avg:  0.0, Max: 0, Diff: 0, Sum: 0, Workers: 4
[5867.140s][debug][gc,phases      ] GC(108)     Total                          Min: 0, Avg:  0.0, Max: 0, Diff: 0, Sum: 0, Workers: 4
[5867.140s][debug][gc,phases      ] GC(108)   StringDedup Requests0 Weak     Min:  0.0, Avg:  0.0, Max:  0.0, Diff:  0.0, Sum:  0.0, Workers: 4
[5867.140s][debug][gc,phases      ] GC(108)     Dead                           Min: 0, Avg:  0.0, Max: 0, Diff: 0, Sum: 0, Workers: 4
[5867.141s][debug][gc,phases      ] GC(108)     Total                          Min: 0, Avg:  0.0, Max: 0, Diff: 0, Sum: 0, Workers: 4
[5867.141s][debug][gc,phases      ] GC(108)   StringDedup Requests1 Weak     Min:  0.0, Avg:  0.0, Max:  0.0, Diff:  0.0, Sum:  0.0, Workers: 4
[5867.141s][debug][gc,phases      ] GC(108)     Dead                           Min: 0, Avg:  0.0, Max: 0, Diff: 0, Sum: 0, Workers: 4
[5867.141s][debug][gc,phases      ] GC(108)     Total                          Min: 0, Avg:  0.0, Max: 0, Diff: 0, Sum: 0, Workers: 4
[5867.141s][debug][gc,phases      ] GC(108)   Weak JFR Old Object Samples    Min:  0.0, Avg:  0.0, Max:  0.0, Diff:  0.0, Sum:  0.0, Workers: 4
[5867.141s][debug][gc,phases      ] GC(108)     Dead                           Min: 0, Avg:  0.0, Max: 0, Diff: 0, Sum: 0, Workers: 4
[5867.141s][debug][gc,phases      ] GC(108)     Total                          Min: 0, Avg:  0.0, Max: 0, Diff: 0, Sum: 0, Workers: 4
[5867.141s][debug][gc,phases      ] GC(108) Weak Processing 0.461ms
[5867.141s][debug][gc,age         ] GC(108) Desired survivor size 14680064 bytes, new threshold 1 (max threshold 15)
[5867.141s][info ][gc,heap        ] GC(108) PSYoungGen: 2070256K(2082304K)->4992K(2081280K) Eden: 2066432K(2066432K)->0K(2066432K) From: 3824K(15872K)->4992K(14848K)
[5867.141s][info ][gc,heap        ] GC(108) ParOldGen: 465171K(465408K)->465824K(465920K)
[5867.141s][info ][gc,metaspace   ] GC(108) Metaspace: 107761K(109056K)->107761K(109056K) NonClass: 91577K(92288K)->91577K(92288K) Class: 16183K(16768K)->16183K(16768K)
[5867.141s][info ][gc             ] GC(108) Pause Young (Allocation Failure) 2476M->459M(2487M) 4.120ms
[5867.141s][info ][gc,cpu         ] GC(108) User=0.01s Sys=0.00s Real=0.01s
[5867.141s][info ][safepoint      ] Safepoint "ParallelGCFailedAllocation", Time since last: 66045376081 ns, Reaching safepoint: 82005 ns, Cleanup: 4200 ns, At safepoint: 4218354 ns, Total: 4304559 ns
[5869.141s][info ][safepoint      ] Safepoint "Cleanup", Time since last: 2000199931 ns, Reaching safepoint: 6701 ns, Cleanup: 10700 ns, At safepoint: 9301 ns, Total: 26702 ns
[5923.863s][info ][safepoint      ] Safepoint "Cleanup", Time since last: 54722243108 ns, Reaching safepoint: 6500 ns, Cleanup: 10601 ns, At safepoint: 7000 ns, Total: 24101 ns
[5937.580s][info ][gc,start       ] GC(109) Pause Young (Allocation Failure)
[5937.584s][debug][gc,phases      ] GC(109) Scavenge 3.877ms
[5937.584s][debug][gc,ref         ] GC(109) ReferenceProcessor::execute queues: 1, RefProcThreadModel::Single, marks_oops_alive: false
[5937.584s][debug][gc,ref         ] GC(109) Skipped KeepAliveFinalRefsPhase of Reference Processing: no references
[5937.584s][debug][gc,ref         ] GC(109) Skipped PhantomRefsPhase of Reference Processing: no references
[5937.584s][debug][gc,phases      ] GC(109) Reference Processing 0.117ms
[5937.585s][debug][gc,phases      ] GC(109)   VM Weak                        Min:  0.0, Avg:  0.0, Max:  0.0, Diff:  0.0, Sum:  0.0, Workers: 4
[5937.585s][debug][gc,phases      ] GC(109)     Dead                           Min: 0, Avg:  0.0, Max: 0, Diff: 0, Sum: 0, Workers: 4
[5937.585s][debug][gc,phases      ] GC(109)     Total                          Min: 0, Avg: 258.8, Max: 576, Diff: 576, Sum: 1035, Workers: 4
[5937.585s][debug][gc,phases      ] GC(109)   ObjectSynchronizer Weak        Min:  0.0, Avg:  0.0, Max:  0.0, Diff:  0.0, Sum:  0.0, Workers: 4
[5937.585s][debug][gc,phases      ] GC(109)     Dead                           Min: 0, Avg:  0.0, Max: 0, Diff: 0, Sum: 0, Workers: 4
[5937.585s][debug][gc,phases      ] GC(109)     Total                          Min: 0, Avg:  1.0, Max: 4, Diff: 4, Sum: 4, Workers: 4
[5937.585s][debug][gc,phases      ] GC(109)   JVMTI Tag Weak OopStorage      Min:  0.0, Avg:  0.0, Max:  0.0, Diff:  0.0, Sum:  0.0, Workers: 4
[5937.585s][debug][gc,phases      ] GC(109)     Dead                           Min: 0, Avg:  0.0, Max: 0, Diff: 0, Sum: 0, Workers: 4
[5937.585s][debug][gc,phases      ] GC(109)     Total                          Min: 0, Avg:  0.0, Max: 0, Diff: 0, Sum: 0, Workers: 4
[5937.585s][debug][gc,phases      ] GC(109)   StringTable Weak               Min:  0.1, Avg:  0.1, Max:  0.1, Diff:  0.0, Sum:  0.4, Workers: 4
[5937.585s][debug][gc,phases      ] GC(109)     Dead                           Min: 0, Avg:  0.0, Max: 0, Diff: 0, Sum: 0, Workers: 4
[5937.585s][debug][gc,phases      ] GC(109)     Total                          Min: 11264, Avg: 11700.2, Max: 12096, Diff: 832, Sum: 46801, Workers: 4
[5937.585s][debug][gc,phases      ] GC(109)   ResolvedMethodTable Weak       Min:  0.0, Avg:  0.0, Max:  0.0, Diff:  0.0, Sum:  0.2, Workers: 4
[5937.585s][debug][gc,phases      ] GC(109)     Dead                           Min: 0, Avg:  4.0, Max: 16, Diff: 16, Sum: 16, Workers: 4
[5937.585s][debug][gc,phases      ] GC(109)     Total                          Min: 3705, Avg: 3891.0, Max: 4047, Diff: 342, Sum: 15564, Workers: 4
[5937.585s][debug][gc,phases      ] GC(109)   JNI Weak                       Min:  0.0, Avg:  0.0, Max:  0.0, Diff:  0.0, Sum:  0.0, Workers: 4
[5937.585s][debug][gc,phases      ] GC(109)     Dead                           Min: 0, Avg:  0.0, Max: 0, Diff: 0, Sum: 0, Workers: 4
[5937.585s][debug][gc,phases      ] GC(109)     Total                          Min: 0, Avg: 13.0, Max: 52, Diff: 52, Sum: 52, Workers: 4
[5937.585s][debug][gc,phases      ] GC(109)   StringDedup Table Weak         Min:  0.0, Avg:  0.0, Max:  0.0, Diff:  0.0, Sum:  0.0, Workers: 4
[5937.585s][debug][gc,phases      ] GC(109)     Dead                           Min: 0, Avg:  0.0, Max: 0, Diff: 0, Sum: 0, Workers: 4
[5937.585s][debug][gc,phases      ] GC(109)     Total                          Min: 0, Avg:  0.0, Max: 0, Diff: 0, Sum: 0, Workers: 4
[5937.585s][debug][gc,phases      ] GC(109)   StringDedup Requests0 Weak     Min:  0.0, Avg:  0.0, Max:  0.0, Diff:  0.0, Sum:  0.0, Workers: 4
[5937.585s][debug][gc,phases      ] GC(109)     Dead                           Min: 0, Avg:  0.0, Max: 0, Diff: 0, Sum: 0, Workers: 4
[5937.585s][debug][gc,phases      ] GC(109)     Total                          Min: 0, Avg:  0.0, Max: 0, Diff: 0, Sum: 0, Workers: 4
[5937.585s][debug][gc,phases      ] GC(109)   StringDedup Requests1 Weak     Min:  0.0, Avg:  0.0, Max:  0.0, Diff:  0.0, Sum:  0.0, Workers: 4
[5937.585s][debug][gc,phases      ] GC(109)     Dead                           Min: 0, Avg:  0.0, Max: 0, Diff: 0, Sum: 0, Workers: 4
[5937.585s][debug][gc,phases      ] GC(109)     Total                          Min: 0, Avg:  0.0, Max: 0, Diff: 0, Sum: 0, Workers: 4
[5937.585s][debug][gc,phases      ] GC(109)   Weak JFR Old Object Samples    Min:  0.0, Avg:  0.0, Max:  0.0, Diff:  0.0, Sum:  0.0, Workers: 4
[5937.585s][debug][gc,phases      ] GC(109)     Dead                           Min: 0, Avg:  0.0, Max: 0, Diff: 0, Sum: 0, Workers: 4
[5937.585s][debug][gc,phases      ] GC(109)     Total                          Min: 0, Avg:  0.0, Max: 0, Diff: 0, Sum: 0, Workers: 4
[5937.585s][debug][gc,phases      ] GC(109) Weak Processing 0.389ms
[5937.585s][debug][gc,age         ] GC(109) Desired survivor size 13631488 bytes, new threshold 1 (max threshold 15)
[5937.585s][info ][gc,heap        ] GC(109) PSYoungGen: 2071424K(2081280K)->4752K(2083840K) Eden: 2066432K(2066432K)->0K(2069504K) From: 4992K(14848K)->4752K(14336K)
[5937.585s][info ][gc,heap        ] GC(109) ParOldGen: 465824K(465920K)->466776K(466944K)
[5937.585s][info ][gc,metaspace   ] GC(109) Metaspace: 107764K(109056K)->107764K(109056K) NonClass: 91580K(92288K)->91580K(92288K) Class: 16183K(16768K)->16183K(16768K)
[5937.585s][info ][gc             ] GC(109) Pause Young (Allocation Failure) 2477M->460M(2491M) 4.522ms
[5937.585s][info ][gc,cpu         ] GC(109) User=0.02s Sys=0.00s Real=0.00s
[5937.585s][info ][safepoint      ] Safepoint "ParallelGCFailedAllocation", Time since last: 13717043971 ns, Reaching safepoint: 6500 ns, Cleanup: 13501 ns, At safepoint: 4613974 ns, Total: 4633975 ns
[5942.879s][info ][safepoint      ] Safepoint "Cleanup", Time since last: 5294037986 ns, Reaching safepoint: 5200 ns, Cleanup: 14101 ns, At safepoint: 6700 ns, Total: 26001 ns
[5946.879s][info ][safepoint      ] Safepoint "Cleanup", Time since last: 4000348848 ns, Reaching safepoint: 6001 ns, Cleanup: 10500 ns, At safepoint: 4001 ns, Total: 20502 ns
[5991.883s][info ][safepoint      ] Safepoint "Cleanup", Time since last: 45003479450 ns, Reaching safepoint: 5400 ns, Cleanup: 11701 ns, At safepoint: 8300 ns, Total: 25401 ns
[5992.883s][info ][safepoint      ] Safepoint "Cleanup", Time since last: 1000124548 ns, Reaching safepoint: 6200 ns, Cleanup: 9701 ns, At safepoint: 30502 ns, Total: 46403 ns
[5995.883s][info ][safepoint      ] Safepoint "Cleanup", Time since last: 3000262718 ns, Reaching safepoint: 6301 ns, Cleanup: 10100 ns, At safepoint: 4401 ns, Total: 20802 ns
[5996.883s][info ][safepoint      ] Safepoint "Cleanup", Time since last: 1000125103 ns, Reaching safepoint: 5600 ns, Cleanup: 10401 ns, At safepoint: 3600 ns, Total: 19601 ns
[5999.884s][info ][safepoint      ] Safepoint "Cleanup", Time since last: 3000266403 ns, Reaching safepoint: 78205 ns, Cleanup: 10700 ns, At safepoint: 5601 ns, Total: 94506 ns
[6000.884s][info ][safepoint      ] Safepoint "Cleanup", Time since last: 1000128603 ns, Reaching safepoint: 6400 ns, Cleanup: 13701 ns, At safepoint: 4000 ns, Total: 24101 ns
[6006.086s][info ][gc,start       ] GC(110) Pause Young (Allocation Failure)
[6006.090s][debug][gc,phases      ] GC(110) Scavenge 4.090ms
[6006.090s][debug][gc,ref         ] GC(110) ReferenceProcessor::execute queues: 1, RefProcThreadModel::Single, marks_oops_alive: false
[6006.090s][debug][gc,ref         ] GC(110) Skipped KeepAliveFinalRefsPhase of Reference Processing: no references
[6006.090s][debug][gc,ref         ] GC(110) Skipped PhantomRefsPhase of Reference Processing: no references
[6006.090s][debug][gc,phases      ] GC(110) Reference Processing 0.122ms
[6006.091s][debug][gc,phases      ] GC(110)   VM Weak                        Min:  0.0, Avg:  0.0, Max:  0.0, Diff:  0.0, Sum:  0.0, Workers: 4
[6006.091s][debug][gc,phases      ] GC(110)     Dead                           Min: 0, Avg:  0.0, Max: 0, Diff: 0, Sum: 0, Workers: 4
[6006.091s][debug][gc,phases      ] GC(110)     Total                          Min: 0, Avg: 258.8, Max: 523, Diff: 523, Sum: 1035, Workers: 4
[6006.091s][debug][gc,phases      ] GC(110)   ObjectSynchronizer Weak        Min:  0.0, Avg:  0.0, Max:  0.0, Diff:  0.0, Sum:  0.0, Workers: 4
[6006.091s][debug][gc,phases      ] GC(110)     Dead                           Min: 0, Avg:  0.0, Max: 0, Diff: 0, Sum: 0, Workers: 4
[6006.091s][debug][gc,phases      ] GC(110)     Total                          Min: 0, Avg:  0.8, Max: 3, Diff: 3, Sum: 3, Workers: 4
[6006.091s][debug][gc,phases      ] GC(110)   JVMTI Tag Weak OopStorage      Min:  0.0, Avg:  0.0, Max:  0.0, Diff:  0.0, Sum:  0.0, Workers: 4
[6006.091s][debug][gc,phases      ] GC(110)     Dead                           Min: 0, Avg:  0.0, Max: 0, Diff: 0, Sum: 0, Workers: 4
[6006.091s][debug][gc,phases      ] GC(110)     Total                          Min: 0, Avg:  0.0, Max: 0, Diff: 0, Sum: 0, Workers: 4
[6006.091s][debug][gc,phases      ] GC(110)   StringTable Weak               Min:  0.0, Avg:  0.1, Max:  0.1, Diff:  0.1, Sum:  0.4, Workers: 4
[6006.091s][debug][gc,phases      ] GC(110)     Dead                           Min: 0, Avg:  0.0, Max: 0, Diff: 0, Sum: 0, Workers: 4
[6006.091s][debug][gc,phases      ] GC(110)     Total                          Min: 0, Avg: 11700.2, Max: 16576, Diff: 16576, Sum: 46801, Workers: 4
[6006.091s][debug][gc,phases      ] GC(110)   ResolvedMethodTable Weak       Min:  0.0, Avg:  0.0, Max:  0.1, Diff:  0.1, Sum:  0.2, Workers: 4
[6006.091s][debug][gc,phases      ] GC(110)     Dead                           Min: 0, Avg:  4.0, Max: 16, Diff: 16, Sum: 16, Workers: 4
[6006.091s][debug][gc,phases      ] GC(110)     Total                          Min: 0, Avg: 3891.0, Max: 5860, Diff: 5860, Sum: 15564, Workers: 4
[6006.091s][debug][gc,phases      ] GC(110)   JNI Weak                       Min:  0.0, Avg:  0.0, Max:  0.0, Diff:  0.0, Sum:  0.0, Workers: 4
[6006.091s][debug][gc,phases      ] GC(110)     Dead                           Min: 0, Avg:  0.0, Max: 0, Diff: 0, Sum: 0, Workers: 4
[6006.091s][debug][gc,phases      ] GC(110)     Total                          Min: 0, Avg: 13.0, Max: 52, Diff: 52, Sum: 52, Workers: 4
[6006.091s][debug][gc,phases      ] GC(110)   StringDedup Table Weak         Min:  0.0, Avg:  0.0, Max:  0.0, Diff:  0.0, Sum:  0.0, Workers: 4
[6006.091s][debug][gc,phases      ] GC(110)     Dead                           Min: 0, Avg:  0.0, Max: 0, Diff: 0, Sum: 0, Workers: 4
[6006.091s][debug][gc,phases      ] GC(110)     Total                          Min: 0, Avg:  0.0, Max: 0, Diff: 0, Sum: 0, Workers: 4
[6006.091s][debug][gc,phases      ] GC(110)   StringDedup Requests0 Weak     Min:  0.0, Avg:  0.0, Max:  0.0, Diff:  0.0, Sum:  0.0, Workers: 4
[6006.091s][debug][gc,phases      ] GC(110)     Dead                           Min: 0, Avg:  0.0, Max: 0, Diff: 0, Sum: 0, Workers: 4
[6006.091s][debug][gc,phases      ] GC(110)     Total                          Min: 0, Avg:  0.0, Max: 0, Diff: 0, Sum: 0, Workers: 4
[6006.091s][debug][gc,phases      ] GC(110)   StringDedup Requests1 Weak     Min:  0.0, Avg:  0.0, Max:  0.0, Diff:  0.0, Sum:  0.0, Workers: 4
[6006.091s][debug][gc,phases      ] GC(110)     Dead                           Min: 0, Avg:  0.0, Max: 0, Diff: 0, Sum: 0, Workers: 4
[6006.091s][debug][gc,phases      ] GC(110)     Total                          Min: 0, Avg:  0.0, Max: 0, Diff: 0, Sum: 0, Workers: 4
[6006.091s][debug][gc,phases      ] GC(110)   Weak JFR Old Object Samples    Min:  0.0, Avg:  0.0, Max:  0.0, Diff:  0.0, Sum:  0.0, Workers: 4
[6006.091s][debug][gc,phases      ] GC(110)     Dead                           Min: 0, Avg:  0.0, Max: 0, Diff: 0, Sum: 0, Workers: 4
[6006.091s][debug][gc,phases      ] GC(110)     Total                          Min: 0, Avg:  0.0, Max: 0, Diff: 0, Sum: 0, Workers: 4
[6006.091s][debug][gc,phases      ] GC(110) Weak Processing 0.442ms
[6006.091s][debug][gc,age         ] GC(110) Desired survivor size 13107200 bytes, new threshold 1 (max threshold 15)
[6006.091s][info ][gc,heap        ] GC(110) PSYoungGen: 2074256K(2083840K)->4800K(2082816K) Eden: 2069504K(2069504K)->0K(2069504K) From: 4752K(14336K)->4800K(13312K)
[6006.091s][info ][gc,heap        ] GC(110) ParOldGen: 466776K(466944K)->468076K(468480K)
[6006.091s][info ][gc,metaspace   ] GC(110) Metaspace: 107764K(109056K)->107764K(109056K) NonClass: 91580K(92288K)->91580K(92288K) Class: 16183K(16768K)->16183K(16768K)
[6006.091s][info ][gc             ] GC(110) Pause Young (Allocation Failure) 2481M->461M(2491M) 4.797ms
[6006.091s][info ][gc,cpu         ] GC(110) User=0.01s Sys=0.00s Real=0.01s
[6006.091s][info ][safepoint      ] Safepoint "ParallelGCFailedAllocation", Time since last: 5202045115 ns, Reaching safepoint: 78304 ns, Cleanup: 4901 ns, At safepoint: 4881992 ns, Total: 4965197 ns
[6010.091s][info ][safepoint      ] Safepoint "Cleanup", Time since last: 4000312875 ns, Reaching safepoint: 78804 ns, Cleanup: 10801 ns, At safepoint: 37802 ns, Total: 127407 ns
[6016.092s][info ][safepoint      ] Safepoint "Cleanup", Time since last: 6000503875 ns, Reaching safepoint: 81204 ns, Cleanup: 10701 ns, At safepoint: 15801 ns, Total: 107706 ns
[6017.092s][info ][safepoint      ] Safepoint "Cleanup", Time since last: 1000119189 ns, Reaching safepoint: 6801 ns, Cleanup: 17901 ns, At safepoint: 12001 ns, Total: 36703 ns
[6018.092s][info ][safepoint      ] Safepoint "Cleanup", Time since last: 1000116989 ns, Reaching safepoint: 6500 ns, Cleanup: 11201 ns, At safepoint: 12101 ns, Total: 29802 ns
[6022.093s][info ][safepoint      ] Safepoint "Cleanup", Time since last: 4000361020 ns, Reaching safepoint: 6601 ns, Cleanup: 10200 ns, At safepoint: 10501 ns, Total: 27302 ns
[6023.093s][info ][safepoint      ] Safepoint "Cleanup", Time since last: 1000118375 ns, Reaching safepoint: 6901 ns, Cleanup: 11900 ns, At safepoint: 9601 ns, Total: 28402 ns
[6043.094s][info ][safepoint      ] Safepoint "Cleanup", Time since last: 20001536470 ns, Reaching safepoint: 7000 ns, Cleanup: 11001 ns, At safepoint: 8001 ns, Total: 26002 ns
[6052.095s][info ][safepoint      ] Safepoint "Cleanup", Time since last: 9000715831 ns, Reaching safepoint: 7301 ns, Cleanup: 10700 ns, At safepoint: 12101 ns, Total: 30102 ns
[6063.610s][info ][gc,start       ] GC(111) Pause Young (Allocation Failure)
[6063.615s][debug][gc,phases      ] GC(111) Scavenge 4.698ms
[6063.615s][debug][gc,ref         ] GC(111) ReferenceProcessor::execute queues: 1, RefProcThreadModel::Single, marks_oops_alive: false
[6063.615s][debug][gc,ref         ] GC(111) Skipped KeepAliveFinalRefsPhase of Reference Processing: no references
[6063.615s][debug][gc,ref         ] GC(111) ReferenceProcessor::execute queues: 1, RefProcThreadModel::Single, marks_oops_alive: false
[6063.615s][debug][gc,phases      ] GC(111) Reference Processing 0.121ms
[6063.615s][debug][gc,phases      ] GC(111)   VM Weak                        Min:  0.0, Avg:  0.0, Max:  0.0, Diff:  0.0, Sum:  0.0, Workers: 4
[6063.615s][debug][gc,phases      ] GC(111)     Dead                           Min: 0, Avg:  0.0, Max: 0, Diff: 0, Sum: 0, Workers: 4
[6063.615s][debug][gc,phases      ] GC(111)     Total                          Min: 0, Avg: 258.8, Max: 779, Diff: 779, Sum: 1035, Workers: 4
[6063.615s][debug][gc,phases      ] GC(111)   ObjectSynchronizer Weak        Min:  0.0, Avg:  0.0, Max:  0.0, Diff:  0.0, Sum:  0.0, Workers: 4
[6063.615s][debug][gc,phases      ] GC(111)     Dead                           Min: 0, Avg:  0.0, Max: 0, Diff: 0, Sum: 0, Workers: 4
[6063.615s][debug][gc,phases      ] GC(111)     Total                          Min: 0, Avg:  0.8, Max: 3, Diff: 3, Sum: 3, Workers: 4
[6063.616s][debug][gc,phases      ] GC(111)   JVMTI Tag Weak OopStorage      Min:  0.0, Avg:  0.0, Max:  0.0, Diff:  0.0, Sum:  0.0, Workers: 4
[6063.616s][debug][gc,phases      ] GC(111)     Dead                           Min: 0, Avg:  0.0, Max: 0, Diff: 0, Sum: 0, Workers: 4
[6063.616s][debug][gc,phases      ] GC(111)     Total                          Min: 0, Avg:  0.0, Max: 0, Diff: 0, Sum: 0, Workers: 4
[6063.616s][debug][gc,phases      ] GC(111)   StringTable Weak               Min:  0.0, Avg:  0.1, Max:  0.1, Diff:  0.1, Sum:  0.4, Workers: 4
[6063.616s][debug][gc,phases      ] GC(111)     Dead                           Min: 0, Avg:  0.0, Max: 0, Diff: 0, Sum: 0, Workers: 4
[6063.616s][debug][gc,phases      ] GC(111)     Total                          Min: 0, Avg: 11700.2, Max: 17792, Diff: 17792, Sum: 46801, Workers: 4
[6063.616s][debug][gc,phases      ] GC(111)   ResolvedMethodTable Weak       Min:  0.0, Avg:  0.0, Max:  0.1, Diff:  0.1, Sum:  0.1, Workers: 4
[6063.616s][debug][gc,phases      ] GC(111)     Dead                           Min: 0, Avg:  7.0, Max: 27, Diff: 27, Sum: 28, Workers: 4
[6063.616s][debug][gc,phases      ] GC(111)     Total                          Min: 0, Avg: 3892.8, Max: 6054, Diff: 6054, Sum: 15571, Workers: 4
[6063.616s][debug][gc,phases      ] GC(111)   JNI Weak                       Min:  0.0, Avg:  0.0, Max:  0.0, Diff:  0.0, Sum:  0.0, Workers: 4
[6063.616s][debug][gc,phases      ] GC(111)     Dead                           Min: 0, Avg:  0.0, Max: 0, Diff: 0, Sum: 0, Workers: 4
[6063.616s][debug][gc,phases      ] GC(111)     Total                          Min: 0, Avg: 13.0, Max: 52, Diff: 52, Sum: 52, Workers: 4
[6063.616s][debug][gc,phases      ] GC(111)   StringDedup Table Weak         Min:  0.0, Avg:  0.0, Max:  0.0, Diff:  0.0, Sum:  0.0, Workers: 4
[6063.616s][debug][gc,phases      ] GC(111)     Dead                           Min: 0, Avg:  0.0, Max: 0, Diff: 0, Sum: 0, Workers: 4
[6063.616s][debug][gc,phases      ] GC(111)     Total                          Min: 0, Avg:  0.0, Max: 0, Diff: 0, Sum: 0, Workers: 4
[6063.616s][debug][gc,phases      ] GC(111)   StringDedup Requests0 Weak     Min:  0.0, Avg:  0.0, Max:  0.0, Diff:  0.0, Sum:  0.0, Workers: 4
[6063.616s][debug][gc,phases      ] GC(111)     Dead                           Min: 0, Avg:  0.0, Max: 0, Diff: 0, Sum: 0, Workers: 4
[6063.616s][debug][gc,phases      ] GC(111)     Total                          Min: 0, Avg:  0.0, Max: 0, Diff: 0, Sum: 0, Workers: 4
[6063.616s][debug][gc,phases      ] GC(111)   StringDedup Requests1 Weak     Min:  0.0, Avg:  0.0, Max:  0.0, Diff:  0.0, Sum:  0.0, Workers: 4
[6063.616s][debug][gc,phases      ] GC(111)     Dead                           Min: 0, Avg:  0.0, Max: 0, Diff: 0, Sum: 0, Workers: 4
[6063.616s][debug][gc,phases      ] GC(111)     Total                          Min: 0, Avg:  0.0, Max: 0, Diff: 0, Sum: 0, Workers: 4
[6063.616s][debug][gc,phases      ] GC(111)   Weak JFR Old Object Samples    Min:  0.0, Avg:  0.0, Max:  0.0, Diff:  0.0, Sum:  0.0, Workers: 4
[6063.616s][debug][gc,phases      ] GC(111)     Dead                           Min: 0, Avg:  0.0, Max: 0, Diff: 0, Sum: 0, Workers: 4
[6063.616s][debug][gc,phases      ] GC(111)     Total                          Min: 0, Avg:  0.0, Max: 0, Diff: 0, Sum: 0, Workers: 4
[6063.616s][debug][gc,phases      ] GC(111) Weak Processing 0.436ms
[6063.616s][debug][gc,age         ] GC(111) Desired survivor size 12582912 bytes, new threshold 1 (max threshold 15)
[6063.616s][info ][gc,heap        ] GC(111) PSYoungGen: 2074304K(2082816K)->5680K(2084864K) Eden: 2069504K(2069504K)->0K(2072064K) From: 4800K(13312K)->5680K(12800K)
[6063.616s][info ][gc,heap        ] GC(111) ParOldGen: 468076K(468480K)->468984K(468992K)
[6063.616s][info ][gc,metaspace   ] GC(111) Metaspace: 107771K(109120K)->107771K(109120K) NonClass: 91587K(92352K)->91587K(92352K) Class: 16183K(16768K)->16183K(16768K)
[6063.616s][info ][gc             ] GC(111) Pause Young (Allocation Failure) 2482M->463M(2494M) 5.397ms
[6063.616s][info ][gc,cpu         ] GC(111) User=0.02s Sys=0.00s Real=0.00s
[6063.616s][info ][safepoint      ] Safepoint "ParallelGCFailedAllocation", Time since last: 11515164108 ns, Reaching safepoint: 8201 ns, Cleanup: 5000 ns, At safepoint: 5477827 ns, Total: 5491028 ns
[6085.618s][info ][safepoint      ] Safepoint "Cleanup", Time since last: 22001714989 ns, Reaching safepoint: 6701 ns, Cleanup: 19501 ns, At safepoint: 11500 ns, Total: 37702 ns
[6087.618s][info ][safepoint      ] Safepoint "Cleanup", Time since last: 2000181509 ns, Reaching safepoint: 6501 ns, Cleanup: 14200 ns, At safepoint: 10501 ns, Total: 31202 ns
[6088.618s][info ][safepoint      ] Safepoint "Cleanup", Time since last: 1000112106 ns, Reaching safepoint: 5900 ns, Cleanup: 12101 ns, At safepoint: 10600 ns, Total: 28601 ns
[6089.618s][info ][safepoint      ] Safepoint "Cleanup", Time since last: 1000107306 ns, Reaching safepoint: 6300 ns, Cleanup: 16901 ns, At safepoint: 9301 ns, Total: 32502 ns
[6090.618s][info ][safepoint      ] Safepoint "Cleanup", Time since last: 1000104405 ns, Reaching safepoint: 5900 ns, Cleanup: 10901 ns, At safepoint: 9300 ns, Total: 26101 ns
[6094.618s][info ][safepoint      ] Safepoint "Cleanup", Time since last: 4000302353 ns, Reaching safepoint: 6100 ns, Cleanup: 12601 ns, At safepoint: 6000 ns, Total: 24701 ns
[6097.619s][info ][safepoint      ] Safepoint "Cleanup", Time since last: 3000256953 ns, Reaching safepoint: 6101 ns, Cleanup: 11500 ns, At safepoint: 4801 ns, Total: 22402 ns
[6107.620s][info ][safepoint      ] Safepoint "Cleanup", Time since last: 10000750738 ns, Reaching safepoint: 6301 ns, Cleanup: 11600 ns, At safepoint: 6201 ns, Total: 24102 ns
[6115.993s][info ][gc,start       ] GC(112) Pause Young (Allocation Failure)
[6115.998s][debug][gc,phases      ] GC(112) Scavenge 4.604ms
[6115.998s][debug][gc,ref         ] GC(112) ReferenceProcessor::execute queues: 1, RefProcThreadModel::Single, marks_oops_alive: false
[6115.998s][debug][gc,ref         ] GC(112) Skipped KeepAliveFinalRefsPhase of Reference Processing: no references
[6115.998s][debug][gc,ref         ] GC(112) ReferenceProcessor::execute queues: 1, RefProcThreadModel::Single, marks_oops_alive: false
[6115.998s][debug][gc,phases      ] GC(112) Reference Processing 0.109ms
[6115.998s][debug][gc,phases      ] GC(112)   VM Weak                        Min:  0.0, Avg:  0.0, Max:  0.0, Diff:  0.0, Sum:  0.0, Workers: 4
[6115.998s][debug][gc,phases      ] GC(112)     Dead                           Min: 0, Avg:  0.0, Max: 0, Diff: 0, Sum: 0, Workers: 4
[6115.998s][debug][gc,phases      ] GC(112)     Total                          Min: 0, Avg: 258.8, Max: 779, Diff: 779, Sum: 1035, Workers: 4
[6115.998s][debug][gc,phases      ] GC(112)   ObjectSynchronizer Weak        Min:  0.0, Avg:  0.0, Max:  0.0, Diff:  0.0, Sum:  0.0, Workers: 4
[6115.998s][debug][gc,phases      ] GC(112)     Dead                           Min: 0, Avg:  0.0, Max: 0, Diff: 0, Sum: 0, Workers: 4
[6115.998s][debug][gc,phases      ] GC(112)     Total                          Min: 0, Avg:  1.0, Max: 4, Diff: 4, Sum: 4, Workers: 4
[6115.998s][debug][gc,phases      ] GC(112)   JVMTI Tag Weak OopStorage      Min:  0.0, Avg:  0.0, Max:  0.0, Diff:  0.0, Sum:  0.0, Workers: 4
[6115.998s][debug][gc,phases      ] GC(112)     Dead                           Min: 0, Avg:  0.0, Max: 0, Diff: 0, Sum: 0, Workers: 4
[6115.998s][debug][gc,phases      ] GC(112)     Total                          Min: 0, Avg:  0.0, Max: 0, Diff: 0, Sum: 0, Workers: 4
[6115.998s][debug][gc,phases      ] GC(112)   StringTable Weak               Min:  0.0, Avg:  0.1, Max:  0.1, Diff:  0.1, Sum:  0.4, Workers: 4
[6115.998s][debug][gc,phases      ] GC(112)     Dead                           Min: 0, Avg:  0.0, Max: 0, Diff: 0, Sum: 0, Workers: 4
[6115.998s][debug][gc,phases      ] GC(112)     Total                          Min: 0, Avg: 11700.2, Max: 17745, Diff: 17745, Sum: 46801, Workers: 4
[6115.998s][debug][gc,phases      ] GC(112)   ResolvedMethodTable Weak       Min:  0.0, Avg:  0.0, Max:  0.1, Diff:  0.1, Sum:  0.2, Workers: 4
[6115.998s][debug][gc,phases      ] GC(112)     Dead                           Min: 0, Avg:  4.0, Max: 16, Diff: 16, Sum: 16, Workers: 4
[6115.998s][debug][gc,phases      ] GC(112)     Total                          Min: 0, Avg: 3892.8, Max: 5969, Diff: 5969, Sum: 15571, Workers: 4
[6115.998s][debug][gc,phases      ] GC(112)   JNI Weak                       Min:  0.0, Avg:  0.0, Max:  0.0, Diff:  0.0, Sum:  0.0, Workers: 4
[6115.998s][debug][gc,phases      ] GC(112)     Dead                           Min: 0, Avg:  0.0, Max: 0, Diff: 0, Sum: 0, Workers: 4
[6115.998s][debug][gc,phases      ] GC(112)     Total                          Min: 0, Avg: 13.0, Max: 52, Diff: 52, Sum: 52, Workers: 4
[6115.998s][debug][gc,phases      ] GC(112)   StringDedup Table Weak         Min:  0.0, Avg:  0.0, Max:  0.0, Diff:  0.0, Sum:  0.0, Workers: 4
[6115.998s][debug][gc,phases      ] GC(112)     Dead                           Min: 0, Avg:  0.0, Max: 0, Diff: 0, Sum: 0, Workers: 4
[6115.998s][debug][gc,phases      ] GC(112)     Total                          Min: 0, Avg:  0.0, Max: 0, Diff: 0, Sum: 0, Workers: 4
[6115.998s][debug][gc,phases      ] GC(112)   StringDedup Requests0 Weak     Min:  0.0, Avg:  0.0, Max:  0.0, Diff:  0.0, Sum:  0.0, Workers: 4
[6115.998s][debug][gc,phases      ] GC(112)     Dead                           Min: 0, Avg:  0.0, Max: 0, Diff: 0, Sum: 0, Workers: 4
[6115.998s][debug][gc,phases      ] GC(112)     Total                          Min: 0, Avg:  0.0, Max: 0, Diff: 0, Sum: 0, Workers: 4
[6115.998s][debug][gc,phases      ] GC(112)   StringDedup Requests1 Weak     Min:  0.0, Avg:  0.0, Max:  0.0, Diff:  0.0, Sum:  0.0, Workers: 4
[6115.998s][debug][gc,phases      ] GC(112)     Dead                           Min: 0, Avg:  0.0, Max: 0, Diff: 0, Sum: 0, Workers: 4
[6115.998s][debug][gc,phases      ] GC(112)     Total                          Min: 0, Avg:  0.0, Max: 0, Diff: 0, Sum: 0, Workers: 4
[6115.998s][debug][gc,phases      ] GC(112)   Weak JFR Old Object Samples    Min:  0.0, Avg:  0.0, Max:  0.0, Diff:  0.0, Sum:  0.0, Workers: 4
[6115.998s][debug][gc,phases      ] GC(112)     Dead                           Min: 0, Avg:  0.0, Max: 0, Diff: 0, Sum: 0, Workers: 4
[6115.998s][debug][gc,phases      ] GC(112)     Total                          Min: 0, Avg:  0.0, Max: 0, Diff: 0, Sum: 0, Workers: 4
[6115.998s][debug][gc,phases      ] GC(112) Weak Processing 0.440ms
[6115.998s][debug][gc,age         ] GC(112) Desired survivor size 12058624 bytes, new threshold 1 (max threshold 15)
[6115.998s][info ][gc,heap        ] GC(112) PSYoungGen: 2077744K(2084864K)->5979K(2084352K) Eden: 2072064K(2072064K)->0K(2072064K) From: 5680K(12800K)->5979K(12288K)
[6115.998s][info ][gc,heap        ] GC(112) ParOldGen: 468984K(468992K)->469992K(470016K)
[6115.998s][info ][gc,metaspace   ] GC(112) Metaspace: 107780K(109120K)->107780K(109120K) NonClass: 91596K(92352K)->91596K(92352K) Class: 16183K(16768K)->16183K(16768K)
[6115.998s][info ][gc             ] GC(112) Pause Young (Allocation Failure) 2487M->464M(2494M) 5.295ms
[6115.998s][info ][gc,cpu         ] GC(112) User=0.02s Sys=0.00s Real=0.01s
[6115.998s][info ][safepoint      ] Safepoint "ParallelGCFailedAllocation", Time since last: 8373527771 ns, Reaching safepoint: 5400 ns, Cleanup: 3900 ns, At safepoint: 5380421 ns, Total: 5389721 ns
[6122.934s][info ][safepoint      ] Safepoint "Cleanup", Time since last: 6935414319 ns, Reaching safepoint: 6100 ns, Cleanup: 9801 ns, At safepoint: 9900 ns, Total: 25801 ns
[6123.934s][info ][safepoint      ] Safepoint "Cleanup", Time since last: 1000133018 ns, Reaching safepoint: 6701 ns, Cleanup: 10600 ns, At safepoint: 12201 ns, Total: 29502 ns
[6136.935s][info ][safepoint      ] Safepoint "Cleanup", Time since last: 13001105518 ns, Reaching safepoint: 83705 ns, Cleanup: 10501 ns, At safepoint: 7000 ns, Total: 101206 ns
[6137.935s][info ][safepoint      ] Safepoint "Cleanup", Time since last: 1000141772 ns, Reaching safepoint: 80405 ns, Cleanup: 9700 ns, At safepoint: 7401 ns, Total: 97506 ns
[6148.937s][info ][safepoint      ] Safepoint "Cleanup", Time since last: 11000953388 ns, Reaching safepoint: 78305 ns, Cleanup: 10701 ns, At safepoint: 24401 ns, Total: 113407 ns
[6153.937s][info ][safepoint      ] Safepoint "Cleanup", Time since last: 5000432795 ns, Reaching safepoint: 81605 ns, Cleanup: 10800 ns, At safepoint: 14401 ns, Total: 106806 ns
[6180.939s][info ][safepoint      ] Safepoint "Cleanup", Time since last: 27002216195 ns, Reaching safepoint: 78305 ns, Cleanup: 10501 ns, At safepoint: 14500 ns, Total: 103306 ns
[6185.981s][info ][gc,start       ] GC(113) Pause Young (Allocation Failure)
[6185.985s][debug][gc,phases      ] GC(113) Scavenge 4.067ms
[6185.985s][debug][gc,ref         ] GC(113) ReferenceProcessor::execute queues: 1, RefProcThreadModel::Single, marks_oops_alive: false
[6185.985s][debug][gc,ref         ] GC(113) Skipped KeepAliveFinalRefsPhase of Reference Processing: no references
[6185.985s][debug][gc,ref         ] GC(113) ReferenceProcessor::execute queues: 1, RefProcThreadModel::Single, marks_oops_alive: false
[6185.985s][debug][gc,phases      ] GC(113) Reference Processing 0.117ms
[6185.985s][debug][gc,phases      ] GC(113)   VM Weak                        Min:  0.0, Avg:  0.0, Max:  0.0, Diff:  0.0, Sum:  0.0, Workers: 4
[6185.985s][debug][gc,phases      ] GC(113)     Dead                           Min: 0, Avg:  0.0, Max: 0, Diff: 0, Sum: 0, Workers: 4
[6185.985s][debug][gc,phases      ] GC(113)     Total                          Min: 0, Avg: 258.8, Max: 832, Diff: 832, Sum: 1035, Workers: 4
[6185.985s][debug][gc,phases      ] GC(113)   ObjectSynchronizer Weak        Min:  0.0, Avg:  0.0, Max:  0.0, Diff:  0.0, Sum:  0.0, Workers: 4
[6185.985s][debug][gc,phases      ] GC(113)     Dead                           Min: 0, Avg:  0.0, Max: 0, Diff: 0, Sum: 0, Workers: 4
[6185.985s][debug][gc,phases      ] GC(113)     Total                          Min: 0, Avg:  0.8, Max: 3, Diff: 3, Sum: 3, Workers: 4
[6185.985s][debug][gc,phases      ] GC(113)   JVMTI Tag Weak OopStorage      Min:  0.0, Avg:  0.0, Max:  0.0, Diff:  0.0, Sum:  0.0, Workers: 4
[6185.985s][debug][gc,phases      ] GC(113)     Dead                           Min: 0, Avg:  0.0, Max: 0, Diff: 0, Sum: 0, Workers: 4
[6185.985s][debug][gc,phases      ] GC(113)     Total                          Min: 0, Avg:  0.0, Max: 0, Diff: 0, Sum: 0, Workers: 4
[6185.985s][debug][gc,phases      ] GC(113)   StringTable Weak               Min:  0.0, Avg:  0.1, Max:  0.1, Diff:  0.1, Sum:  0.4, Workers: 4
[6185.986s][debug][gc,phases      ] GC(113)     Dead                           Min: 0, Avg:  0.0, Max: 0, Diff: 0, Sum: 0, Workers: 4
[6185.986s][debug][gc,phases      ] GC(113)     Total                          Min: 0, Avg: 11700.2, Max: 16704, Diff: 16704, Sum: 46801, Workers: 4
[6185.986s][debug][gc,phases      ] GC(113)   ResolvedMethodTable Weak       Min:  0.0, Avg:  0.0, Max:  0.1, Diff:  0.1, Sum:  0.2, Workers: 4
[6185.986s][debug][gc,phases      ] GC(113)     Dead                           Min: 0, Avg:  7.0, Max: 15, Diff: 15, Sum: 28, Workers: 4
[6185.986s][debug][gc,phases      ] GC(113)     Total                          Min: 0, Avg: 3893.0, Max: 5475, Diff: 5475, Sum: 15572, Workers: 4
[6185.986s][debug][gc,phases      ] GC(113)   JNI Weak                       Min:  0.0, Avg:  0.0, Max:  0.0, Diff:  0.0, Sum:  0.0, Workers: 4
[6185.986s][debug][gc,phases      ] GC(113)     Dead                           Min: 0, Avg:  0.0, Max: 0, Diff: 0, Sum: 0, Workers: 4
[6185.986s][debug][gc,phases      ] GC(113)     Total                          Min: 0, Avg: 13.0, Max: 52, Diff: 52, Sum: 52, Workers: 4
[6185.986s][debug][gc,phases      ] GC(113)   StringDedup Table Weak         Min:  0.0, Avg:  0.0, Max:  0.0, Diff:  0.0, Sum:  0.0, Workers: 4
[6185.986s][debug][gc,phases      ] GC(113)     Dead                           Min: 0, Avg:  0.0, Max: 0, Diff: 0, Sum: 0, Workers: 4
[6185.986s][debug][gc,phases      ] GC(113)     Total                          Min: 0, Avg:  0.0, Max: 0, Diff: 0, Sum: 0, Workers: 4
[6185.986s][debug][gc,phases      ] GC(113)   StringDedup Requests0 Weak     Min:  0.0, Avg:  0.0, Max:  0.0, Diff:  0.0, Sum:  0.0, Workers: 4
[6185.986s][debug][gc,phases      ] GC(113)     Dead                           Min: 0, Avg:  0.0, Max: 0, Diff: 0, Sum: 0, Workers: 4
[6185.986s][debug][gc,phases      ] GC(113)     Total                          Min: 0, Avg:  0.0, Max: 0, Diff: 0, Sum: 0, Workers: 4
[6185.986s][debug][gc,phases      ] GC(113)   StringDedup Requests1 Weak     Min:  0.0, Avg:  0.0, Max:  0.0, Diff:  0.0, Sum:  0.0, Workers: 4
[6185.986s][debug][gc,phases      ] GC(113)     Dead                           Min: 0, Avg:  0.0, Max: 0, Diff: 0, Sum: 0, Workers: 4
[6185.986s][debug][gc,phases      ] GC(113)     Total                          Min: 0, Avg:  0.0, Max: 0, Diff: 0, Sum: 0, Workers: 4
[6185.986s][debug][gc,phases      ] GC(113)   Weak JFR Old Object Samples    Min:  0.0, Avg:  0.0, Max:  0.0, Diff:  0.0, Sum:  0.0, Workers: 4
[6185.986s][debug][gc,phases      ] GC(113)     Dead                           Min: 0, Avg:  0.0, Max: 0, Diff: 0, Sum: 0, Workers: 4
[6185.986s][debug][gc,phases      ] GC(113)     Total                          Min: 0, Avg:  0.0, Max: 0, Diff: 0, Sum: 0, Workers: 4
[6185.986s][debug][gc,phases      ] GC(113) Weak Processing 0.467ms
[6185.986s][debug][gc,age         ] GC(113) Desired survivor size 11534336 bytes, new threshold 1 (max threshold 15)
[6185.986s][info ][gc,heap        ] GC(113) PSYoungGen: 2078043K(2084352K)->5324K(2085888K) Eden: 2072064K(2072064K)->0K(2074112K) From: 5979K(12288K)->5324K(11776K)
[6185.986s][info ][gc,heap        ] GC(113) ParOldGen: 469992K(470016K)->471164K(471552K)
[6185.986s][info ][gc,metaspace   ] GC(113) Metaspace: 107788K(109120K)->107788K(109120K) NonClass: 91604K(92352K)->91604K(92352K) Class: 16183K(16768K)->16183K(16768K)
[6185.986s][info ][gc             ] GC(113) Pause Young (Allocation Failure) 2488M->465M(2497M) 4.806ms
[6185.986s][info ][gc,cpu         ] GC(113) User=0.02s Sys=0.00s Real=0.00s
[6185.986s][info ][safepoint      ] Safepoint "ParallelGCFailedAllocation", Time since last: 5041412192 ns, Reaching safepoint: 4901 ns, Cleanup: 4300 ns, At safepoint: 4894992 ns, Total: 4904193 ns
[6254.139s][info ][gc,start       ] GC(114) Pause Young (Allocation Failure)
[6254.143s][debug][gc,phases      ] GC(114) Scavenge 3.334ms
[6254.143s][debug][gc,ref         ] GC(114) ReferenceProcessor::execute queues: 1, RefProcThreadModel::Single, marks_oops_alive: false
[6254.143s][debug][gc,ref         ] GC(114) Skipped KeepAliveFinalRefsPhase of Reference Processing: no references
[6254.143s][debug][gc,ref         ] GC(114) ReferenceProcessor::execute queues: 1, RefProcThreadModel::Single, marks_oops_alive: false
[6254.143s][debug][gc,phases      ] GC(114) Reference Processing 0.133ms
[6254.143s][debug][gc,phases      ] GC(114)   VM Weak                        Min:  0.0, Avg:  0.0, Max:  0.0, Diff:  0.0, Sum:  0.0, Workers: 4
[6254.143s][debug][gc,phases      ] GC(114)     Dead                           Min: 0, Avg:  0.0, Max: 0, Diff: 0, Sum: 0, Workers: 4
[6254.143s][debug][gc,phases      ] GC(114)     Total                          Min: 0, Avg: 258.8, Max: 704, Diff: 704, Sum: 1035, Workers: 4
[6254.143s][debug][gc,phases      ] GC(114)   ObjectSynchronizer Weak        Min:  0.0, Avg:  0.0, Max:  0.0, Diff:  0.0, Sum:  0.0, Workers: 4
[6254.143s][debug][gc,phases      ] GC(114)     Dead                           Min: 0, Avg:  0.0, Max: 0, Diff: 0, Sum: 0, Workers: 4
[6254.143s][debug][gc,phases      ] GC(114)     Total                          Min: 0, Avg:  1.0, Max: 4, Diff: 4, Sum: 4, Workers: 4
[6254.143s][debug][gc,phases      ] GC(114)   JVMTI Tag Weak OopStorage      Min:  0.0, Avg:  0.0, Max:  0.0, Diff:  0.0, Sum:  0.0, Workers: 4
[6254.143s][debug][gc,phases      ] GC(114)     Dead                           Min: 0, Avg:  0.0, Max: 0, Diff: 0, Sum: 0, Workers: 4
[6254.143s][debug][gc,phases      ] GC(114)     Total                          Min: 0, Avg:  0.0, Max: 0, Diff: 0, Sum: 0, Workers: 4
[6254.143s][debug][gc,phases      ] GC(114)   StringTable Weak               Min:  0.0, Avg:  0.1, Max:  0.1, Diff:  0.1, Sum:  0.4, Workers: 4
[6254.143s][debug][gc,phases      ] GC(114)     Dead                           Min: 0, Avg:  0.0, Max: 0, Diff: 0, Sum: 0, Workers: 4
[6254.143s][debug][gc,phases      ] GC(114)     Total                          Min: 0, Avg: 11700.2, Max: 16128, Diff: 16128, Sum: 46801, Workers: 4
[6254.143s][debug][gc,phases      ] GC(114)   ResolvedMethodTable Weak       Min:  0.0, Avg:  0.0, Max:  0.1, Diff:  0.1, Sum:  0.2, Workers: 4
[6254.143s][debug][gc,phases      ] GC(114)     Dead                           Min: 0, Avg:  4.0, Max: 14, Diff: 14, Sum: 16, Workers: 4
[6254.143s][debug][gc,phases      ] GC(114)     Total                          Min: 0, Avg: 3893.0, Max: 5591, Diff: 5591, Sum: 15572, Workers: 4
[6254.143s][debug][gc,phases      ] GC(114)   JNI Weak                       Min:  0.0, Avg:  0.0, Max:  0.0, Diff:  0.0, Sum:  0.0, Workers: 4
[6254.143s][debug][gc,phases      ] GC(114)     Dead                           Min: 0, Avg:  0.0, Max: 0, Diff: 0, Sum: 0, Workers: 4
[6254.143s][debug][gc,phases      ] GC(114)     Total                          Min: 0, Avg: 13.0, Max: 52, Diff: 52, Sum: 52, Workers: 4
[6254.143s][debug][gc,phases      ] GC(114)   StringDedup Table Weak         Min:  0.0, Avg:  0.0, Max:  0.0, Diff:  0.0, Sum:  0.0, Workers: 4
[6254.143s][debug][gc,phases      ] GC(114)     Dead                           Min: 0, Avg:  0.0, Max: 0, Diff: 0, Sum: 0, Workers: 4
[6254.143s][debug][gc,phases      ] GC(114)     Total                          Min: 0, Avg:  0.0, Max: 0, Diff: 0, Sum: 0, Workers: 4
[6254.143s][debug][gc,phases      ] GC(114)   StringDedup Requests0 Weak     Min:  0.0, Avg:  0.0, Max:  0.0, Diff:  0.0, Sum:  0.0, Workers: 4
[6254.143s][debug][gc,phases      ] GC(114)     Dead                           Min: 0, Avg:  0.0, Max: 0, Diff: 0, Sum: 0, Workers: 4
[6254.143s][debug][gc,phases      ] GC(114)     Total                          Min: 0, Avg:  0.0, Max: 0, Diff: 0, Sum: 0, Workers: 4
[6254.143s][debug][gc,phases      ] GC(114)   StringDedup Requests1 Weak     Min:  0.0, Avg:  0.0, Max:  0.0, Diff:  0.0, Sum:  0.0, Workers: 4
[6254.143s][debug][gc,phases      ] GC(114)     Dead                           Min: 0, Avg:  0.0, Max: 0, Diff: 0, Sum: 0, Workers: 4
[6254.143s][debug][gc,phases      ] GC(114)     Total                          Min: 0, Avg:  0.0, Max: 0, Diff: 0, Sum: 0, Workers: 4
[6254.143s][debug][gc,phases      ] GC(114)   Weak JFR Old Object Samples    Min:  0.0, Avg:  0.0, Max:  0.0, Diff:  0.0, Sum:  0.0, Workers: 4
[6254.143s][debug][gc,phases      ] GC(114)     Dead                           Min: 0, Avg:  0.0, Max: 0, Diff: 0, Sum: 0, Workers: 4
[6254.143s][debug][gc,phases      ] GC(114)     Total                          Min: 0, Avg:  0.0, Max: 0, Diff: 0, Sum: 0, Workers: 4
[6254.143s][debug][gc,phases      ] GC(114) Weak Processing 0.437ms
[6254.143s][debug][gc,age         ] GC(114) Desired survivor size 11010048 bytes, new threshold 1 (max threshold 15)
[6254.143s][info ][gc,heap        ] GC(114) PSYoungGen: 2079436K(2085888K)->3664K(2085376K) Eden: 2074112K(2074112K)->0K(2074112K) From: 5324K(11776K)->3664K(11264K)
[6254.143s][info ][gc,heap        ] GC(114) ParOldGen: 471164K(471552K)->473328K(473600K)
[6254.143s][info ][gc,metaspace   ] GC(114) Metaspace: 107791K(109120K)->107791K(109120K) NonClass: 91607K(92352K)->91607K(92352K) Class: 16183K(16768K)->16183K(16768K)
[6254.143s][info ][gc             ] GC(114) Pause Young (Allocation Failure) 2490M->465M(2499M) 4.042ms
[6254.143s][info ][gc,cpu         ] GC(114) User=0.02s Sys=0.00s Real=0.00s
[6254.143s][info ][safepoint      ] Safepoint "ParallelGCFailedAllocation", Time since last: 68153577234 ns, Reaching safepoint: 6101 ns, Cleanup: 4800 ns, At safepoint: 4157347 ns, Total: 4168248 ns
[6280.145s][info ][safepoint      ] Safepoint "Cleanup", Time since last: 26001998954 ns, Reaching safepoint: 9601 ns, Cleanup: 17201 ns, At safepoint: 9400 ns, Total: 36202 ns
[6284.146s][info ][safepoint      ] Safepoint "Cleanup", Time since last: 4000373023 ns, Reaching safepoint: 7101 ns, Cleanup: 10900 ns, At safepoint: 9801 ns, Total: 27802 ns
[6318.536s][info ][gc,start       ] GC(115) Pause Young (Allocation Failure)
[6318.541s][debug][gc,phases      ] GC(115) Scavenge 4.879ms
[6318.541s][debug][gc,ref         ] GC(115) ReferenceProcessor::execute queues: 1, RefProcThreadModel::Single, marks_oops_alive: false
[6318.541s][debug][gc,ref         ] GC(115) Skipped KeepAliveFinalRefsPhase of Reference Processing: no references
[6318.541s][debug][gc,ref         ] GC(115) ReferenceProcessor::execute queues: 1, RefProcThreadModel::Single, marks_oops_alive: false
[6318.541s][debug][gc,phases      ] GC(115) Reference Processing 0.124ms
[6318.542s][debug][gc,phases      ] GC(115)   VM Weak                        Min:  0.0, Avg:  0.0, Max:  0.0, Diff:  0.0, Sum:  0.0, Workers: 4
[6318.542s][debug][gc,phases      ] GC(115)     Dead                           Min: 0, Avg:  0.0, Max: 0, Diff: 0, Sum: 0, Workers: 4
[6318.542s][debug][gc,phases      ] GC(115)     Total                          Min: 0, Avg: 258.8, Max: 640, Diff: 640, Sum: 1035, Workers: 4
[6318.542s][debug][gc,phases      ] GC(115)   ObjectSynchronizer Weak        Min:  0.0, Avg:  0.0, Max:  0.0, Diff:  0.0, Sum:  0.0, Workers: 4
[6318.542s][debug][gc,phases      ] GC(115)     Dead                           Min: 0, Avg:  0.0, Max: 0, Diff: 0, Sum: 0, Workers: 4
[6318.542s][debug][gc,phases      ] GC(115)     Total                          Min: 0, Avg:  1.0, Max: 4, Diff: 4, Sum: 4, Workers: 4
[6318.542s][debug][gc,phases      ] GC(115)   JVMTI Tag Weak OopStorage      Min:  0.0, Avg:  0.0, Max:  0.0, Diff:  0.0, Sum:  0.0, Workers: 4
[6318.542s][debug][gc,phases      ] GC(115)     Dead                           Min: 0, Avg:  0.0, Max: 0, Diff: 0, Sum: 0, Workers: 4
[6318.542s][debug][gc,phases      ] GC(115)     Total                          Min: 0, Avg:  0.0, Max: 0, Diff: 0, Sum: 0, Workers: 4
[6318.542s][debug][gc,phases      ] GC(115)   StringTable Weak               Min:  0.1, Avg:  0.1, Max:  0.1, Diff:  0.1, Sum:  0.5, Workers: 4
[6318.542s][debug][gc,phases      ] GC(115)     Dead                           Min: 0, Avg:  0.0, Max: 0, Diff: 0, Sum: 0, Workers: 4
[6318.542s][debug][gc,phases      ] GC(115)     Total                          Min: 8960, Avg: 11700.8, Max: 12992, Diff: 4032, Sum: 46803, Workers: 4
[6318.542s][debug][gc,phases      ] GC(115)   ResolvedMethodTable Weak       Min:  0.0, Avg:  0.0, Max:  0.0, Diff:  0.0, Sum:  0.2, Workers: 4
[6318.542s][debug][gc,phases      ] GC(115)     Dead                           Min: 0, Avg:  4.0, Max: 16, Diff: 16, Sum: 16, Workers: 4
[6318.542s][debug][gc,phases      ] GC(115)     Total                          Min: 3740, Avg: 3893.0, Max: 4101, Diff: 361, Sum: 15572, Workers: 4
[6318.542s][debug][gc,phases      ] GC(115)   JNI Weak                       Min:  0.0, Avg:  0.0, Max:  0.0, Diff:  0.0, Sum:  0.0, Workers: 4
[6318.542s][debug][gc,phases      ] GC(115)     Dead                           Min: 0, Avg:  0.0, Max: 0, Diff: 0, Sum: 0, Workers: 4
[6318.542s][debug][gc,phases      ] GC(115)     Total                          Min: 0, Avg: 13.0, Max: 52, Diff: 52, Sum: 52, Workers: 4
[6318.542s][debug][gc,phases      ] GC(115)   StringDedup Table Weak         Min:  0.0, Avg:  0.0, Max:  0.0, Diff:  0.0, Sum:  0.0, Workers: 4
[6318.542s][debug][gc,phases      ] GC(115)     Dead                           Min: 0, Avg:  0.0, Max: 0, Diff: 0, Sum: 0, Workers: 4
[6318.542s][debug][gc,phases      ] GC(115)     Total                          Min: 0, Avg:  0.0, Max: 0, Diff: 0, Sum: 0, Workers: 4
[6318.542s][debug][gc,phases      ] GC(115)   StringDedup Requests0 Weak     Min:  0.0, Avg:  0.0, Max:  0.0, Diff:  0.0, Sum:  0.0, Workers: 4
[6318.542s][debug][gc,phases      ] GC(115)     Dead                           Min: 0, Avg:  0.0, Max: 0, Diff: 0, Sum: 0, Workers: 4
[6318.542s][debug][gc,phases      ] GC(115)     Total                          Min: 0, Avg:  0.0, Max: 0, Diff: 0, Sum: 0, Workers: 4
[6318.542s][debug][gc,phases      ] GC(115)   StringDedup Requests1 Weak     Min:  0.0, Avg:  0.0, Max:  0.0, Diff:  0.0, Sum:  0.0, Workers: 4
[6318.542s][debug][gc,phases      ] GC(115)     Dead                           Min: 0, Avg:  0.0, Max: 0, Diff: 0, Sum: 0, Workers: 4
[6318.542s][debug][gc,phases      ] GC(115)     Total                          Min: 0, Avg:  0.0, Max: 0, Diff: 0, Sum: 0, Workers: 4
[6318.542s][debug][gc,phases      ] GC(115)   Weak JFR Old Object Samples    Min:  0.0, Avg:  0.0, Max:  0.0, Diff:  0.0, Sum:  0.0, Workers: 4
[6318.542s][debug][gc,phases      ] GC(115)     Dead                           Min: 0, Avg:  0.0, Max: 0, Diff: 0, Sum: 0, Workers: 4
[6318.542s][debug][gc,phases      ] GC(115)     Total                          Min: 0, Avg:  0.0, Max: 0, Diff: 0, Sum: 0, Workers: 4
[6318.542s][debug][gc,phases      ] GC(115) Weak Processing 0.441ms
[6318.542s][debug][gc,age         ] GC(115) Desired survivor size 11010048 bytes, new threshold 1 (max threshold 15)
[6318.542s][info ][gc,heap        ] GC(115) PSYoungGen: 2077776K(2085376K)->6784K(2086400K) Eden: 2074112K(2074112K)->0K(2075648K) From: 3664K(11264K)->6784K(10752K)
[6318.542s][info ][gc,heap        ] GC(115) ParOldGen: 473328K(473600K)->473908K(474112K)
[6318.542s][info ][gc,metaspace   ] GC(115) Metaspace: 107798K(109120K)->107798K(109120K) NonClass: 91614K(92352K)->91614K(92352K) Class: 16183K(16768K)->16183K(16768K)
[6318.542s][info ][gc             ] GC(115) Pause Young (Allocation Failure) 2491M->469M(2500M) 5.599ms
[6318.542s][info ][gc,cpu         ] GC(115) User=0.02s Sys=0.00s Real=0.01s
[6318.542s][info ][safepoint      ] Safepoint "ParallelGCFailedAllocation", Time since last: 34390240966 ns, Reaching safepoint: 83706 ns, Cleanup: 5000 ns, At safepoint: 5692745 ns, Total: 5781451 ns
[6323.542s][info ][safepoint      ] Safepoint "Cleanup", Time since last: 5000408274 ns, Reaching safepoint: 9600 ns, Cleanup: 12801 ns, At safepoint: 12701 ns, Total: 35102 ns
[6346.544s][info ][safepoint      ] Safepoint "Cleanup", Time since last: 23001767958 ns, Reaching safepoint: 7301 ns, Cleanup: 11701 ns, At safepoint: 39002 ns, Total: 58004 ns
[6351.545s][info ][safepoint      ] Safepoint "Cleanup", Time since last: 5000425850 ns, Reaching safepoint: 7800 ns, Cleanup: 31202 ns, At safepoint: 8601 ns, Total: 47603 ns
[6352.545s][info ][safepoint      ] Safepoint "Cleanup", Time since last: 1000143053 ns, Reaching safepoint: 8101 ns, Cleanup: 22001 ns, At safepoint: 10301 ns, Total: 40403 ns
[6357.545s][info ][safepoint      ] Safepoint "Cleanup", Time since last: 5000440281 ns, Reaching safepoint: 6801 ns, Cleanup: 11200 ns, At safepoint: 11801 ns, Total: 29802 ns
[6358.546s][info ][safepoint      ] Safepoint "Cleanup", Time since last: 1000183882 ns, Reaching safepoint: 10701 ns, Cleanup: 19101 ns, At safepoint: 12701 ns, Total: 42503 ns
[6363.009s][info ][safepoint      ] Safepoint "Cleanup", Time since last: 4462939518 ns, Reaching safepoint: 7700 ns, Cleanup: 13201 ns, At safepoint: 9601 ns, Total: 30502 ns
[6391.888s][info ][gc,start       ] GC(116) Pause Young (Allocation Failure)
[6391.893s][debug][gc,phases      ] GC(116) Scavenge 5.134ms
[6391.893s][debug][gc,ref         ] GC(116) ReferenceProcessor::execute queues: 1, RefProcThreadModel::Single, marks_oops_alive: false
[6391.893s][debug][gc,ref         ] GC(116) Skipped KeepAliveFinalRefsPhase of Reference Processing: no references
[6391.893s][debug][gc,ref         ] GC(116) ReferenceProcessor::execute queues: 1, RefProcThreadModel::Single, marks_oops_alive: false
[6391.893s][debug][gc,phases      ] GC(116) Reference Processing 0.123ms
[6391.894s][debug][gc,phases      ] GC(116)   VM Weak                        Min:  0.0, Avg:  0.0, Max:  0.0, Diff:  0.0, Sum:  0.0, Workers: 4
[6391.894s][debug][gc,phases      ] GC(116)     Dead                           Min: 0, Avg:  0.0, Max: 0, Diff: 0, Sum: 0, Workers: 4
[6391.894s][debug][gc,phases      ] GC(116)     Total                          Min: 0, Avg: 259.0, Max: 448, Diff: 448, Sum: 1036, Workers: 4
[6391.894s][debug][gc,phases      ] GC(116)   ObjectSynchronizer Weak        Min:  0.0, Avg:  0.0, Max:  0.0, Diff:  0.0, Sum:  0.0, Workers: 4
[6391.894s][debug][gc,phases      ] GC(116)     Dead                           Min: 0, Avg:  0.0, Max: 0, Diff: 0, Sum: 0, Workers: 4
[6391.894s][debug][gc,phases      ] GC(116)     Total                          Min: 0, Avg:  1.5, Max: 6, Diff: 6, Sum: 6, Workers: 4
[6391.894s][debug][gc,phases      ] GC(116)   JVMTI Tag Weak OopStorage      Min:  0.0, Avg:  0.0, Max:  0.0, Diff:  0.0, Sum:  0.0, Workers: 4
[6391.894s][debug][gc,phases      ] GC(116)     Dead                           Min: 0, Avg:  0.0, Max: 0, Diff: 0, Sum: 0, Workers: 4
[6391.894s][debug][gc,phases      ] GC(116)     Total                          Min: 0, Avg:  0.0, Max: 0, Diff: 0, Sum: 0, Workers: 4
[6391.894s][debug][gc,phases      ] GC(116)   StringTable Weak               Min:  0.0, Avg:  0.2, Max:  0.2, Diff:  0.2, Sum:  0.7, Workers: 4
[6391.894s][debug][gc,phases      ] GC(116)     Dead                           Min: 0, Avg:  0.0, Max: 0, Diff: 0, Sum: 0, Workers: 4
[6391.894s][debug][gc,phases      ] GC(116)     Total                          Min: 0, Avg: 11701.2, Max: 21568, Diff: 21568, Sum: 46805, Workers: 4
[6391.894s][debug][gc,phases      ] GC(116)   ResolvedMethodTable Weak       Min:  0.0, Avg:  0.0, Max:  0.0, Diff:  0.0, Sum:  0.1, Workers: 4
[6391.894s][debug][gc,phases      ] GC(116)     Dead                           Min: 0, Avg:  4.0, Max: 16, Diff: 16, Sum: 16, Workers: 4
[6391.894s][debug][gc,phases      ] GC(116)     Total                          Min: 0, Avg: 3894.5, Max: 5613, Diff: 5613, Sum: 15578, Workers: 4
[6391.894s][debug][gc,phases      ] GC(116)   JNI Weak                       Min:  0.0, Avg:  0.0, Max:  0.0, Diff:  0.0, Sum:  0.0, Workers: 4
[6391.894s][debug][gc,phases      ] GC(116)     Dead                           Min: 0, Avg:  0.0, Max: 0, Diff: 0, Sum: 0, Workers: 4
[6391.894s][debug][gc,phases      ] GC(116)     Total                          Min: 0, Avg: 13.0, Max: 52, Diff: 52, Sum: 52, Workers: 4
[6391.894s][debug][gc,phases      ] GC(116)   StringDedup Table Weak         Min:  0.0, Avg:  0.0, Max:  0.0, Diff:  0.0, Sum:  0.0, Workers: 4
[6391.894s][debug][gc,phases      ] GC(116)     Dead                           Min: 0, Avg:  0.0, Max: 0, Diff: 0, Sum: 0, Workers: 4
[6391.894s][debug][gc,phases      ] GC(116)     Total                          Min: 0, Avg:  0.0, Max: 0, Diff: 0, Sum: 0, Workers: 4
[6391.894s][debug][gc,phases      ] GC(116)   StringDedup Requests0 Weak     Min:  0.0, Avg:  0.0, Max:  0.0, Diff:  0.0, Sum:  0.0, Workers: 4
[6391.894s][debug][gc,phases      ] GC(116)     Dead                           Min: 0, Avg:  0.0, Max: 0, Diff: 0, Sum: 0, Workers: 4
[6391.894s][debug][gc,phases      ] GC(116)     Total                          Min: 0, Avg:  0.0, Max: 0, Diff: 0, Sum: 0, Workers: 4
[6391.894s][debug][gc,phases      ] GC(116)   StringDedup Requests1 Weak     Min:  0.0, Avg:  0.0, Max:  0.0, Diff:  0.0, Sum:  0.0, Workers: 4
[6391.894s][debug][gc,phases      ] GC(116)     Dead                           Min: 0, Avg:  0.0, Max: 0, Diff: 0, Sum: 0, Workers: 4
[6391.894s][debug][gc,phases      ] GC(116)     Total                          Min: 0, Avg:  0.0, Max: 0, Diff: 0, Sum: 0, Workers: 4
[6391.894s][debug][gc,phases      ] GC(116)   Weak JFR Old Object Samples    Min:  0.0, Avg:  0.0, Max:  0.0, Diff:  0.0, Sum:  0.0, Workers: 4
[6391.894s][debug][gc,phases      ] GC(116)     Dead                           Min: 0, Avg:  0.0, Max: 0, Diff: 0, Sum: 0, Workers: 4
[6391.894s][debug][gc,phases      ] GC(116)     Total                          Min: 0, Avg:  0.0, Max: 0, Diff: 0, Sum: 0, Workers: 4
[6391.894s][debug][gc,phases      ] GC(116) Weak Processing 0.538ms
[6391.894s][debug][gc,age         ] GC(116) Desired survivor size 11010048 bytes, new threshold 1 (max threshold 15)
[6391.894s][info ][gc,heap        ] GC(116) PSYoungGen: 2082432K(2086400K)->3872K(2086400K) Eden: 2075648K(2075648K)->0K(2075648K) From: 6784K(10752K)->3872K(10752K)
[6391.894s][info ][gc,heap        ] GC(116) ParOldGen: 473908K(474112K)->477220K(477696K)
[6391.894s][info ][gc,metaspace   ] GC(116) Metaspace: 107815K(109120K)->107815K(109120K) NonClass: 91629K(92352K)->91629K(92352K) Class: 16186K(16768K)->16186K(16768K)
[6391.894s][info ][gc             ] GC(116) Pause Young (Allocation Failure) 2496M->469M(2504M) 5.935ms
[6391.894s][info ][gc,cpu         ] GC(116) User=0.02s Sys=0.00s Real=0.01s
[6391.894s][info ][safepoint      ] Safepoint "ParallelGCFailedAllocation", Time since last: 28879253384 ns, Reaching safepoint: 6500 ns, Cleanup: 4500 ns, At safepoint: 6045775 ns, Total: 6056775 ns
[6392.894s][info ][safepoint      ] Safepoint "Cleanup", Time since last: 1000096480 ns, Reaching safepoint: 6301 ns, Cleanup: 10601 ns, At safepoint: 9400 ns, Total: 26302 ns
[6394.894s][info ][safepoint      ] Safepoint "Cleanup", Time since last: 2000194760 ns, Reaching safepoint: 6601 ns, Cleanup: 12600 ns, At safepoint: 9301 ns, Total: 28502 ns
[6401.895s][info ][safepoint      ] Safepoint "Cleanup", Time since last: 7000650351 ns, Reaching safepoint: 6500 ns, Cleanup: 11601 ns, At safepoint: 5700 ns, Total: 23801 ns
[6429.028s][info ][safepoint      ] Safepoint "Cleanup", Time since last: 27133567858 ns, Reaching safepoint: 9501 ns, Cleanup: 14201 ns, At safepoint: 9500 ns, Total: 33202 ns
[6461.537s][info ][gc,start       ] GC(117) Pause Young (Allocation Failure)
[6461.541s][debug][gc,phases      ] GC(117) Scavenge 4.209ms
[6461.541s][debug][gc,ref         ] GC(117) ReferenceProcessor::execute queues: 1, RefProcThreadModel::Single, marks_oops_alive: false
[6461.541s][debug][gc,ref         ] GC(117) Skipped KeepAliveFinalRefsPhase of Reference Processing: no references
[6461.541s][debug][gc,ref         ] GC(117) Skipped PhantomRefsPhase of Reference Processing: no references
[6461.541s][debug][gc,phases      ] GC(117) Reference Processing 0.120ms
[6461.541s][debug][gc,phases      ] GC(117)   VM Weak                        Min:  0.0, Avg:  0.0, Max:  0.0, Diff:  0.0, Sum:  0.0, Workers: 4
[6461.541s][debug][gc,phases      ] GC(117)     Dead                           Min: 0, Avg:  0.0, Max: 0, Diff: 0, Sum: 0, Workers: 4
[6461.541s][debug][gc,phases      ] GC(117)     Total                          Min: 0, Avg: 259.0, Max: 640, Diff: 640, Sum: 1036, Workers: 4
[6461.541s][debug][gc,phases      ] GC(117)   ObjectSynchronizer Weak        Min:  0.0, Avg:  0.0, Max:  0.0, Diff:  0.0, Sum:  0.0, Workers: 4
[6461.541s][debug][gc,phases      ] GC(117)     Dead                           Min: 0, Avg:  0.0, Max: 0, Diff: 0, Sum: 0, Workers: 4
[6461.541s][debug][gc,phases      ] GC(117)     Total                          Min: 0, Avg:  1.0, Max: 4, Diff: 4, Sum: 4, Workers: 4
[6461.541s][debug][gc,phases      ] GC(117)   JVMTI Tag Weak OopStorage      Min:  0.0, Avg:  0.0, Max:  0.0, Diff:  0.0, Sum:  0.0, Workers: 4
[6461.541s][debug][gc,phases      ] GC(117)     Dead                           Min: 0, Avg:  0.0, Max: 0, Diff: 0, Sum: 0, Workers: 4
[6461.541s][debug][gc,phases      ] GC(117)     Total                          Min: 0, Avg:  0.0, Max: 0, Diff: 0, Sum: 0, Workers: 4
[6461.541s][debug][gc,phases      ] GC(117)   StringTable Weak               Min:  0.1, Avg:  0.1, Max:  0.1, Diff:  0.0, Sum:  0.4, Workers: 4
[6461.541s][debug][gc,phases      ] GC(117)     Dead                           Min: 0, Avg:  0.0, Max: 0, Diff: 0, Sum: 0, Workers: 4
[6461.541s][debug][gc,phases      ] GC(117)     Total                          Min: 11008, Avg: 11701.2, Max: 12224, Diff: 1216, Sum: 46805, Workers: 4
[6461.541s][debug][gc,phases      ] GC(117)   ResolvedMethodTable Weak       Min:  0.0, Avg:  0.0, Max:  0.0, Diff:  0.0, Sum:  0.2, Workers: 4
[6461.541s][debug][gc,phases      ] GC(117)     Dead                           Min: 0, Avg:  4.0, Max: 16, Diff: 16, Sum: 16, Workers: 4
[6461.541s][debug][gc,phases      ] GC(117)     Total                          Min: 3622, Avg: 3894.5, Max: 4199, Diff: 577, Sum: 15578, Workers: 4
[6461.541s][debug][gc,phases      ] GC(117)   JNI Weak                       Min:  0.0, Avg:  0.0, Max:  0.0, Diff:  0.0, Sum:  0.0, Workers: 4
[6461.541s][debug][gc,phases      ] GC(117)     Dead                           Min: 0, Avg:  0.0, Max: 0, Diff: 0, Sum: 0, Workers: 4
[6461.541s][debug][gc,phases      ] GC(117)     Total                          Min: 0, Avg: 13.0, Max: 52, Diff: 52, Sum: 52, Workers: 4
[6461.541s][debug][gc,phases      ] GC(117)   StringDedup Table Weak         Min:  0.0, Avg:  0.0, Max:  0.0, Diff:  0.0, Sum:  0.0, Workers: 4
[6461.541s][debug][gc,phases      ] GC(117)     Dead                           Min: 0, Avg:  0.0, Max: 0, Diff: 0, Sum: 0, Workers: 4
[6461.541s][debug][gc,phases      ] GC(117)     Total                          Min: 0, Avg:  0.0, Max: 0, Diff: 0, Sum: 0, Workers: 4
[6461.541s][debug][gc,phases      ] GC(117)   StringDedup Requests0 Weak     Min:  0.0, Avg:  0.0, Max:  0.0, Diff:  0.0, Sum:  0.0, Workers: 4
[6461.541s][debug][gc,phases      ] GC(117)     Dead                           Min: 0, Avg:  0.0, Max: 0, Diff: 0, Sum: 0, Workers: 4
[6461.541s][debug][gc,phases      ] GC(117)     Total                          Min: 0, Avg:  0.0, Max: 0, Diff: 0, Sum: 0, Workers: 4
[6461.541s][debug][gc,phases      ] GC(117)   StringDedup Requests1 Weak     Min:  0.0, Avg:  0.0, Max:  0.0, Diff:  0.0, Sum:  0.0, Workers: 4
[6461.541s][debug][gc,phases      ] GC(117)     Dead                           Min: 0, Avg:  0.0, Max: 0, Diff: 0, Sum: 0, Workers: 4
[6461.541s][debug][gc,phases      ] GC(117)     Total                          Min: 0, Avg:  0.0, Max: 0, Diff: 0, Sum: 0, Workers: 4
[6461.541s][debug][gc,phases      ] GC(117)   Weak JFR Old Object Samples    Min:  0.0, Avg:  0.0, Max:  0.0, Diff:  0.0, Sum:  0.0, Workers: 4
[6461.541s][debug][gc,phases      ] GC(117)     Dead                           Min: 0, Avg:  0.0, Max: 0, Diff: 0, Sum: 0, Workers: 4
[6461.541s][debug][gc,phases      ] GC(117)     Total                          Min: 0, Avg:  0.0, Max: 0, Diff: 0, Sum: 0, Workers: 4
[6461.541s][debug][gc,phases      ] GC(117) Weak Processing 0.419ms
[6461.541s][debug][gc,age         ] GC(117) Desired survivor size 10485760 bytes, new threshold 1 (max threshold 15)
[6461.541s][info ][gc,heap        ] GC(117) PSYoungGen: 2079520K(2086400K)->6023K(2086912K) Eden: 2075648K(2075648K)->0K(2076160K) From: 3872K(10752K)->6023K(10752K)
[6461.541s][info ][gc,heap        ] GC(117) ParOldGen: 477220K(477696K)->478025K(478208K)
[6461.541s][info ][gc,metaspace   ] GC(117) Metaspace: 107822K(109120K)->107822K(109120K) NonClass: 91636K(92352K)->91636K(92352K) Class: 16186K(16768K)->16186K(16768K)
[6461.541s][info ][gc             ] GC(117) Pause Young (Allocation Failure) 2496M->472M(2505M) 4.896ms
[6461.542s][info ][gc,cpu         ] GC(117) User=0.02s Sys=0.00s Real=0.01s
[6461.542s][info ][safepoint      ] Safepoint "ParallelGCFailedAllocation", Time since last: 32508007229 ns, Reaching safepoint: 78705 ns, Cleanup: 5200 ns, At safepoint: 5015009 ns, Total: 5098914 ns
[6505.049s][info ][safepoint      ] Safepoint "Cleanup", Time since last: 43507528162 ns, Reaching safepoint: 4601 ns, Cleanup: 10500 ns, At safepoint: 6301 ns, Total: 21402 ns
[6506.049s][info ][safepoint      ] Safepoint "Cleanup", Time since last: 1000118867 ns, Reaching safepoint: 6800 ns, Cleanup: 11501 ns, At safepoint: 5201 ns, Total: 23502 ns
[6532.947s][info ][gc,start       ] GC(118) Pause Young (Allocation Failure)
[6532.952s][debug][gc,phases      ] GC(118) Scavenge 4.851ms
[6532.952s][debug][gc,ref         ] GC(118) ReferenceProcessor::execute queues: 1, RefProcThreadModel::Single, marks_oops_alive: false
[6532.952s][debug][gc,ref         ] GC(118) Skipped KeepAliveFinalRefsPhase of Reference Processing: no references
[6532.952s][debug][gc,ref         ] GC(118) Skipped PhantomRefsPhase of Reference Processing: no references
[6532.952s][debug][gc,phases      ] GC(118) Reference Processing 0.116ms
[6532.953s][debug][gc,phases      ] GC(118)   VM Weak                        Min:  0.0, Avg:  0.0, Max:  0.0, Diff:  0.0, Sum:  0.0, Workers: 4
[6532.953s][debug][gc,phases      ] GC(118)     Dead                           Min: 0, Avg:  0.0, Max: 0, Diff: 0, Sum: 0, Workers: 4
[6532.953s][debug][gc,phases      ] GC(118)     Total                          Min: 0, Avg: 259.0, Max: 844, Diff: 844, Sum: 1036, Workers: 4
[6532.953s][debug][gc,phases      ] GC(118)   ObjectSynchronizer Weak        Min:  0.0, Avg:  0.0, Max:  0.0, Diff:  0.0, Sum:  0.0, Workers: 4
[6532.953s][debug][gc,phases      ] GC(118)     Dead                           Min: 0, Avg:  0.0, Max: 0, Diff: 0, Sum: 0, Workers: 4
[6532.953s][debug][gc,phases      ] GC(118)     Total                          Min: 0, Avg:  1.0, Max: 4, Diff: 4, Sum: 4, Workers: 4
[6532.953s][debug][gc,phases      ] GC(118)   JVMTI Tag Weak OopStorage      Min:  0.0, Avg:  0.0, Max:  0.0, Diff:  0.0, Sum:  0.0, Workers: 4
[6532.953s][debug][gc,phases      ] GC(118)     Dead                           Min: 0, Avg:  0.0, Max: 0, Diff: 0, Sum: 0, Workers: 4
[6532.953s][debug][gc,phases      ] GC(118)     Total                          Min: 0, Avg:  0.0, Max: 0, Diff: 0, Sum: 0, Workers: 4
[6532.953s][debug][gc,phases      ] GC(118)   StringTable Weak               Min:  0.0, Avg:  0.1, Max:  0.1, Diff:  0.1, Sum:  0.4, Workers: 4
[6532.953s][debug][gc,phases      ] GC(118)     Dead                           Min: 0, Avg:  0.0, Max: 0, Diff: 0, Sum: 0, Workers: 4
[6532.953s][debug][gc,phases      ] GC(118)     Total                          Min: 0, Avg: 11701.2, Max: 16640, Diff: 16640, Sum: 46805, Workers: 4
[6532.953s][debug][gc,phases      ] GC(118)   ResolvedMethodTable Weak       Min:  0.0, Avg:  0.0, Max:  0.1, Diff:  0.1, Sum:  0.2, Workers: 4
[6532.953s][debug][gc,phases      ] GC(118)     Dead                           Min: 0, Avg:  4.0, Max: 16, Diff: 16, Sum: 16, Workers: 4
[6532.953s][debug][gc,phases      ] GC(118)     Total                          Min: 0, Avg: 3894.5, Max: 5781, Diff: 5781, Sum: 15578, Workers: 4
[6532.953s][debug][gc,phases      ] GC(118)   JNI Weak                       Min:  0.0, Avg:  0.0, Max:  0.0, Diff:  0.0, Sum:  0.0, Workers: 4
[6532.953s][debug][gc,phases      ] GC(118)     Dead                           Min: 0, Avg:  0.0, Max: 0, Diff: 0, Sum: 0, Workers: 4
[6532.953s][debug][gc,phases      ] GC(118)     Total                          Min: 0, Avg: 13.0, Max: 52, Diff: 52, Sum: 52, Workers: 4
[6532.953s][debug][gc,phases      ] GC(118)   StringDedup Table Weak         Min:  0.0, Avg:  0.0, Max:  0.0, Diff:  0.0, Sum:  0.0, Workers: 4
[6532.953s][debug][gc,phases      ] GC(118)     Dead                           Min: 0, Avg:  0.0, Max: 0, Diff: 0, Sum: 0, Workers: 4
[6532.953s][debug][gc,phases      ] GC(118)     Total                          Min: 0, Avg:  0.0, Max: 0, Diff: 0, Sum: 0, Workers: 4
[6532.953s][debug][gc,phases      ] GC(118)   StringDedup Requests0 Weak     Min:  0.0, Avg:  0.0, Max:  0.0, Diff:  0.0, Sum:  0.0, Workers: 4
[6532.953s][debug][gc,phases      ] GC(118)     Dead                           Min: 0, Avg:  0.0, Max: 0, Diff: 0, Sum: 0, Workers: 4
[6532.953s][debug][gc,phases      ] GC(118)     Total                          Min: 0, Avg:  0.0, Max: 0, Diff: 0, Sum: 0, Workers: 4
[6532.953s][debug][gc,phases      ] GC(118)   StringDedup Requests1 Weak     Min:  0.0, Avg:  0.0, Max:  0.0, Diff:  0.0, Sum:  0.0, Workers: 4
[6532.953s][debug][gc,phases      ] GC(118)     Dead                           Min: 0, Avg:  0.0, Max: 0, Diff: 0, Sum: 0, Workers: 4
[6532.953s][debug][gc,phases      ] GC(118)     Total                          Min: 0, Avg:  0.0, Max: 0, Diff: 0, Sum: 0, Workers: 4
[6532.953s][debug][gc,phases      ] GC(118)   Weak JFR Old Object Samples    Min:  0.0, Avg:  0.0, Max:  0.0, Diff:  0.0, Sum:  0.0, Workers: 4
[6532.953s][debug][gc,phases      ] GC(118)     Dead                           Min: 0, Avg:  0.0, Max: 0, Diff: 0, Sum: 0, Workers: 4
[6532.953s][debug][gc,phases      ] GC(118)     Total                          Min: 0, Avg:  0.0, Max: 0, Diff: 0, Sum: 0, Workers: 4
[6532.953s][debug][gc,phases      ] GC(118) Weak Processing 0.441ms
[6532.953s][debug][gc,age         ] GC(118) Desired survivor size 10485760 bytes, new threshold 1 (max threshold 15)
[6532.953s][info ][gc,heap        ] GC(118) PSYoungGen: 2082183K(2086912K)->2800K(2086400K) Eden: 2076160K(2076160K)->0K(2076160K) From: 6023K(10752K)->2800K(10240K)
[6532.953s][info ][gc,heap        ] GC(118) ParOldGen: 478025K(478208K)->481352K(481792K)
[6532.953s][info ][gc,metaspace   ] GC(118) Metaspace: 107823K(109120K)->107823K(109120K) NonClass: 91637K(92352K)->91637K(92352K) Class: 16186K(16768K)->16186K(16768K)
[6532.953s][info ][gc             ] GC(118) Pause Young (Allocation Failure) 2500M->472M(2508M) 5.545ms
[6532.953s][info ][gc,cpu         ] GC(118) User=0.01s Sys=0.00s Real=0.01s
[6532.953s][info ][safepoint      ] Safepoint "ParallelGCFailedAllocation", Time since last: 26898086992 ns, Reaching safepoint: 79804 ns, Cleanup: 4100 ns, At safepoint: 5635175 ns, Total: 5719079 ns
[6551.067s][info ][safepoint      ] Safepoint "Cleanup", Time since last: 18113930074 ns, Reaching safepoint: 6301 ns, Cleanup: 10300 ns, At safepoint: 31902 ns, Total: 48503 ns
[6604.738s][info ][gc,start       ] GC(119) Pause Young (Allocation Failure)
[6604.742s][debug][gc,phases      ] GC(119) Scavenge 3.631ms
[6604.742s][debug][gc,ref         ] GC(119) ReferenceProcessor::execute queues: 1, RefProcThreadModel::Single, marks_oops_alive: false
[6604.742s][debug][gc,ref         ] GC(119) Skipped KeepAliveFinalRefsPhase of Reference Processing: no references
[6604.742s][debug][gc,ref         ] GC(119) Skipped PhantomRefsPhase of Reference Processing: no references
[6604.742s][debug][gc,phases      ] GC(119) Reference Processing 0.117ms
[6604.742s][debug][gc,phases      ] GC(119)   VM Weak                        Min:  0.0, Avg:  0.0, Max:  0.0, Diff:  0.0, Sum:  0.0, Workers: 4
[6604.742s][debug][gc,phases      ] GC(119)     Dead                           Min: 0, Avg:  0.0, Max: 0, Diff: 0, Sum: 0, Workers: 4
[6604.742s][debug][gc,phases      ] GC(119)     Total                          Min: 128, Avg: 259.0, Max: 576, Diff: 448, Sum: 1036, Workers: 4
[6604.742s][debug][gc,phases      ] GC(119)   ObjectSynchronizer Weak        Min:  0.0, Avg:  0.0, Max:  0.0, Diff:  0.0, Sum:  0.0, Workers: 4
[6604.742s][debug][gc,phases      ] GC(119)     Dead                           Min: 0, Avg:  0.0, Max: 0, Diff: 0, Sum: 0, Workers: 4
[6604.742s][debug][gc,phases      ] GC(119)     Total                          Min: 0, Avg:  1.0, Max: 4, Diff: 4, Sum: 4, Workers: 4
[6604.742s][debug][gc,phases      ] GC(119)   JVMTI Tag Weak OopStorage      Min:  0.0, Avg:  0.0, Max:  0.0, Diff:  0.0, Sum:  0.0, Workers: 4
[6604.742s][debug][gc,phases      ] GC(119)     Dead                           Min: 0, Avg:  0.0, Max: 0, Diff: 0, Sum: 0, Workers: 4
[6604.742s][debug][gc,phases      ] GC(119)     Total                          Min: 0, Avg:  0.0, Max: 0, Diff: 0, Sum: 0, Workers: 4
[6604.742s][debug][gc,phases      ] GC(119)   StringTable Weak               Min:  0.1, Avg:  0.1, Max:  0.1, Diff:  0.0, Sum:  0.5, Workers: 4
[6604.742s][debug][gc,phases      ] GC(119)     Dead                           Min: 0, Avg:  0.0, Max: 0, Diff: 0, Sum: 0, Workers: 4
[6604.742s][debug][gc,phases      ] GC(119)     Total                          Min: 11584, Avg: 11701.5, Max: 11840, Diff: 256, Sum: 46806, Workers: 4
[6604.742s][debug][gc,phases      ] GC(119)   ResolvedMethodTable Weak       Min:  0.0, Avg:  0.0, Max:  0.0, Diff:  0.0, Sum:  0.2, Workers: 4
[6604.742s][debug][gc,phases      ] GC(119)     Dead                           Min: 0, Avg:  4.0, Max: 16, Diff: 16, Sum: 16, Workers: 4
[6604.742s][debug][gc,phases      ] GC(119)     Total                          Min: 3622, Avg: 3894.5, Max: 4160, Diff: 538, Sum: 15578, Workers: 4
[6604.742s][debug][gc,phases      ] GC(119)   JNI Weak                       Min:  0.0, Avg:  0.0, Max:  0.0, Diff:  0.0, Sum:  0.0, Workers: 4
[6604.742s][debug][gc,phases      ] GC(119)     Dead                           Min: 0, Avg:  0.0, Max: 0, Diff: 0, Sum: 0, Workers: 4
[6604.742s][debug][gc,phases      ] GC(119)     Total                          Min: 0, Avg: 13.0, Max: 52, Diff: 52, Sum: 52, Workers: 4
[6604.742s][debug][gc,phases      ] GC(119)   StringDedup Table Weak         Min:  0.0, Avg:  0.0, Max:  0.0, Diff:  0.0, Sum:  0.0, Workers: 4
[6604.742s][debug][gc,phases      ] GC(119)     Dead                           Min: 0, Avg:  0.0, Max: 0, Diff: 0, Sum: 0, Workers: 4
[6604.742s][debug][gc,phases      ] GC(119)     Total                          Min: 0, Avg:  0.0, Max: 0, Diff: 0, Sum: 0, Workers: 4
[6604.742s][debug][gc,phases      ] GC(119)   StringDedup Requests0 Weak     Min:  0.0, Avg:  0.0, Max:  0.0, Diff:  0.0, Sum:  0.0, Workers: 4
[6604.742s][debug][gc,phases      ] GC(119)     Dead                           Min: 0, Avg:  0.0, Max: 0, Diff: 0, Sum: 0, Workers: 4
[6604.742s][debug][gc,phases      ] GC(119)     Total                          Min: 0, Avg:  0.0, Max: 0, Diff: 0, Sum: 0, Workers: 4
[6604.742s][debug][gc,phases      ] GC(119)   StringDedup Requests1 Weak     Min:  0.0, Avg:  0.0, Max:  0.0, Diff:  0.0, Sum:  0.0, Workers: 4
[6604.742s][debug][gc,phases      ] GC(119)     Dead                           Min: 0, Avg:  0.0, Max: 0, Diff: 0, Sum: 0, Workers: 4
[6604.742s][debug][gc,phases      ] GC(119)     Total                          Min: 0, Avg:  0.0, Max: 0, Diff: 0, Sum: 0, Workers: 4
[6604.742s][debug][gc,phases      ] GC(119)   Weak JFR Old Object Samples    Min:  0.0, Avg:  0.0, Max:  0.0, Diff:  0.0, Sum:  0.0, Workers: 4
[6604.742s][debug][gc,phases      ] GC(119)     Dead                           Min: 0, Avg:  0.0, Max: 0, Diff: 0, Sum: 0, Workers: 4
[6604.742s][debug][gc,phases      ] GC(119)     Total                          Min: 0, Avg:  0.0, Max: 0, Diff: 0, Sum: 0, Workers: 4
[6604.742s][debug][gc,phases      ] GC(119) Weak Processing 0.400ms
[6604.742s][debug][gc,age         ] GC(119) Desired survivor size 9961472 bytes, new threshold 1 (max threshold 15)
[6604.742s][info ][gc,heap        ] GC(119) PSYoungGen: 2078960K(2086400K)->4192K(2087424K) Eden: 2076160K(2076160K)->0K(2077184K) From: 2800K(10240K)->4192K(10240K)
[6604.742s][info ][gc,heap        ] GC(119) ParOldGen: 481352K(481792K)->481848K(482304K)
[6604.742s][info ][gc,metaspace   ] GC(119) Metaspace: 107825K(109120K)->107825K(109120K) NonClass: 91639K(92352K)->91639K(92352K) Class: 16186K(16768K)->16186K(16768K)
[6604.742s][info ][gc             ] GC(119) Pause Young (Allocation Failure) 2500M->474M(2509M) 4.287ms
[6604.742s][info ][gc,cpu         ] GC(119) User=0.02s Sys=0.00s Real=0.00s
[6604.742s][info ][safepoint      ] Safepoint "ParallelGCFailedAllocation", Time since last: 53670927965 ns, Reaching safepoint: 77304 ns, Cleanup: 4601 ns, At safepoint: 4373665 ns, Total: 4455570 ns
[6614.743s][info ][safepoint      ] Safepoint "Cleanup", Time since last: 10000746230 ns, Reaching safepoint: 6401 ns, Cleanup: 12901 ns, At safepoint: 4800 ns, Total: 24102 ns
[6635.745s][info ][safepoint      ] Safepoint "Cleanup", Time since last: 21001516566 ns, Reaching safepoint: 7001 ns, Cleanup: 10900 ns, At safepoint: 35403 ns, Total: 53304 ns
[6654.746s][info ][safepoint      ] Safepoint "Cleanup", Time since last: 19001484169 ns, Reaching safepoint: 8501 ns, Cleanup: 11901 ns, At safepoint: 7400 ns, Total: 27802 ns
[6663.636s][info ][gc,start       ] GC(120) Pause Young (Allocation Failure)
[6663.642s][debug][gc,phases      ] GC(120) Scavenge 5.614ms
[6663.642s][debug][gc,ref         ] GC(120) ReferenceProcessor::execute queues: 1, RefProcThreadModel::Single, marks_oops_alive: false
[6663.642s][debug][gc,ref         ] GC(120) Skipped KeepAliveFinalRefsPhase of Reference Processing: no references
[6663.642s][debug][gc,ref         ] GC(120) ReferenceProcessor::execute queues: 1, RefProcThreadModel::Single, marks_oops_alive: false
[6663.642s][debug][gc,phases      ] GC(120) Reference Processing 0.119ms
[6663.642s][debug][gc,phases      ] GC(120)   VM Weak                        Min:  0.0, Avg:  0.0, Max:  0.0, Diff:  0.0, Sum:  0.0, Workers: 4
[6663.642s][debug][gc,phases      ] GC(120)     Dead                           Min: 0, Avg:  0.0, Max: 0, Diff: 0, Sum: 0, Workers: 4
[6663.642s][debug][gc,phases      ] GC(120)     Total                          Min: 0, Avg: 259.0, Max: 908, Diff: 908, Sum: 1036, Workers: 4
[6663.642s][debug][gc,phases      ] GC(120)   ObjectSynchronizer Weak        Min:  0.0, Avg:  0.0, Max:  0.0, Diff:  0.0, Sum:  0.0, Workers: 4
[6663.642s][debug][gc,phases      ] GC(120)     Dead                           Min: 0, Avg:  0.0, Max: 0, Diff: 0, Sum: 0, Workers: 4
[6663.642s][debug][gc,phases      ] GC(120)     Total                          Min: 0, Avg:  0.8, Max: 3, Diff: 3, Sum: 3, Workers: 4
[6663.642s][debug][gc,phases      ] GC(120)   JVMTI Tag Weak OopStorage      Min:  0.0, Avg:  0.0, Max:  0.0, Diff:  0.0, Sum:  0.0, Workers: 4
[6663.642s][debug][gc,phases      ] GC(120)     Dead                           Min: 0, Avg:  0.0, Max: 0, Diff: 0, Sum: 0, Workers: 4
[6663.642s][debug][gc,phases      ] GC(120)     Total                          Min: 0, Avg:  0.0, Max: 0, Diff: 0, Sum: 0, Workers: 4
[6663.642s][debug][gc,phases      ] GC(120)   StringTable Weak               Min:  0.0, Avg:  0.1, Max:  0.1, Diff:  0.1, Sum:  0.4, Workers: 4
[6663.642s][debug][gc,phases      ] GC(120)     Dead                           Min: 0, Avg:  0.0, Max: 0, Diff: 0, Sum: 0, Workers: 4
[6663.642s][debug][gc,phases      ] GC(120)     Total                          Min: 0, Avg: 11701.5, Max: 17984, Diff: 17984, Sum: 46806, Workers: 4
[6663.642s][debug][gc,phases      ] GC(120)   ResolvedMethodTable Weak       Min:  0.0, Avg:  0.0, Max:  0.1, Diff:  0.1, Sum:  0.2, Workers: 4
[6663.642s][debug][gc,phases      ] GC(120)     Dead                           Min: 0, Avg:  4.0, Max: 16, Diff: 16, Sum: 16, Workers: 4
[6663.642s][debug][gc,phases      ] GC(120)     Total                          Min: 0, Avg: 3894.5, Max: 5857, Diff: 5857, Sum: 15578, Workers: 4
[6663.643s][debug][gc,phases      ] GC(120)   JNI Weak                       Min:  0.0, Avg:  0.0, Max:  0.0, Diff:  0.0, Sum:  0.0, Workers: 4
[6663.643s][debug][gc,phases      ] GC(120)     Dead                           Min: 0, Avg:  0.0, Max: 0, Diff: 0, Sum: 0, Workers: 4
[6663.643s][debug][gc,phases      ] GC(120)     Total                          Min: 0, Avg: 13.0, Max: 52, Diff: 52, Sum: 52, Workers: 4
[6663.643s][debug][gc,phases      ] GC(120)   StringDedup Table Weak         Min:  0.0, Avg:  0.0, Max:  0.0, Diff:  0.0, Sum:  0.0, Workers: 4
[6663.643s][debug][gc,phases      ] GC(120)     Dead                           Min: 0, Avg:  0.0, Max: 0, Diff: 0, Sum: 0, Workers: 4
[6663.643s][debug][gc,phases      ] GC(120)     Total                          Min: 0, Avg:  0.0, Max: 0, Diff: 0, Sum: 0, Workers: 4
[6663.643s][debug][gc,phases      ] GC(120)   StringDedup Requests0 Weak     Min:  0.0, Avg:  0.0, Max:  0.0, Diff:  0.0, Sum:  0.0, Workers: 4
[6663.643s][debug][gc,phases      ] GC(120)     Dead                           Min: 0, Avg:  0.0, Max: 0, Diff: 0, Sum: 0, Workers: 4
[6663.643s][debug][gc,phases      ] GC(120)     Total                          Min: 0, Avg:  0.0, Max: 0, Diff: 0, Sum: 0, Workers: 4
[6663.643s][debug][gc,phases      ] GC(120)   StringDedup Requests1 Weak     Min:  0.0, Avg:  0.0, Max:  0.0, Diff:  0.0, Sum:  0.0, Workers: 4
[6663.643s][debug][gc,phases      ] GC(120)     Dead                           Min: 0, Avg:  0.0, Max: 0, Diff: 0, Sum: 0, Workers: 4
[6663.643s][debug][gc,phases      ] GC(120)     Total                          Min: 0, Avg:  0.0, Max: 0, Diff: 0, Sum: 0, Workers: 4
[6663.643s][debug][gc,phases      ] GC(120)   Weak JFR Old Object Samples    Min:  0.0, Avg:  0.0, Max:  0.0, Diff:  0.0, Sum:  0.0, Workers: 4
[6663.643s][debug][gc,phases      ] GC(120)     Dead                           Min: 0, Avg:  0.0, Max: 0, Diff: 0, Sum: 0, Workers: 4
[6663.643s][debug][gc,phases      ] GC(120)     Total                          Min: 0, Avg:  0.0, Max: 0, Diff: 0, Sum: 0, Workers: 4
[6663.643s][debug][gc,phases      ] GC(120) Weak Processing 0.441ms
[6663.643s][debug][gc,age         ] GC(120) Desired survivor size 9961472 bytes, new threshold 1 (max threshold 15)
[6663.643s][info ][gc,heap        ] GC(120) PSYoungGen: 2081376K(2087424K)->5072K(2086912K) Eden: 2077184K(2077184K)->0K(2077184K) From: 4192K(10240K)->5072K(9728K)
[6663.643s][info ][gc,heap        ] GC(120) ParOldGen: 481848K(482304K)->482769K(482816K)
[6663.643s][info ][gc,metaspace   ] GC(120) Metaspace: 107829K(109120K)->107829K(109120K) NonClass: 91643K(92352K)->91643K(92352K) Class: 16186K(16768K)->16186K(16768K)
[6663.643s][info ][gc             ] GC(120) Pause Young (Allocation Failure) 2503M->476M(2509M) 6.318ms
[6663.643s][info ][gc,cpu         ] GC(120) User=0.02s Sys=0.00s Real=0.01s
[6663.643s][info ][safepoint      ] Safepoint "ParallelGCFailedAllocation", Time since last: 8889910503 ns, Reaching safepoint: 84405 ns, Cleanup: 5100 ns, At safepoint: 6443991 ns, Total: 6533496 ns
[6669.643s][info ][safepoint      ] Safepoint "Cleanup", Time since last: 6000475034 ns, Reaching safepoint: 7700 ns, Cleanup: 24502 ns, At safepoint: 8100 ns, Total: 40302 ns
[6670.643s][info ][safepoint      ] Safepoint "Cleanup", Time since last: 1000132002 ns, Reaching safepoint: 8301 ns, Cleanup: 12700 ns, At safepoint: 7801 ns, Total: 28802 ns
[6671.644s][info ][safepoint      ] Safepoint "Cleanup", Time since last: 1000145503 ns, Reaching safepoint: 8800 ns, Cleanup: 15101 ns, At safepoint: 5101 ns, Total: 29002 ns
[6687.645s][info ][safepoint      ] Safepoint "Cleanup", Time since last: 16001310625 ns, Reaching safepoint: 7901 ns, Cleanup: 14701 ns, At safepoint: 7700 ns, Total: 30302 ns
[6697.646s][info ][safepoint      ] Safepoint "Cleanup", Time since last: 10000849322 ns, Reaching safepoint: 6200 ns, Cleanup: 9701 ns, At safepoint: 11300 ns, Total: 27201 ns
[6730.097s][info ][safepoint      ] Safepoint "ICBufferFull", Time since last: 32451034254 ns, Reaching safepoint: 6501 ns, Cleanup: 146808 ns, At safepoint: 16501 ns, Total: 169810 ns
[6731.097s][info ][safepoint      ] Safepoint "Cleanup", Time since last: 1000126047 ns, Reaching safepoint: 148509 ns, Cleanup: 164610 ns, At safepoint: 30402 ns, Total: 343521 ns
[6732.098s][info ][safepoint      ] Safepoint "Cleanup", Time since last: 1000101945 ns, Reaching safepoint: 6500 ns, Cleanup: 9801 ns, At safepoint: 10601 ns, Total: 26902 ns
[6733.098s][info ][safepoint      ] Safepoint "Cleanup", Time since last: 1000118442 ns, Reaching safepoint: 6700 ns, Cleanup: 29802 ns, At safepoint: 9601 ns, Total: 46103 ns
[6734.098s][info ][safepoint      ] Safepoint "Cleanup", Time since last: 1000127699 ns, Reaching safepoint: 8201 ns, Cleanup: 12800 ns, At safepoint: 9801 ns, Total: 30802 ns
[6737.098s][info ][safepoint      ] Safepoint "Cleanup", Time since last: 3000268092 ns, Reaching safepoint: 8300 ns, Cleanup: 9901 ns, At safepoint: 8800 ns, Total: 27001 ns
[6737.770s][info ][gc,start       ] GC(121) Pause Young (Allocation Failure)
[6737.800s][debug][gc,phases      ] GC(121) Scavenge 30.332ms
[6737.800s][debug][gc,ref         ] GC(121) ReferenceProcessor::execute queues: 1, RefProcThreadModel::Single, marks_oops_alive: false
[6737.800s][debug][gc,ref         ] GC(121) Skipped KeepAliveFinalRefsPhase of Reference Processing: no references
[6737.800s][debug][gc,ref         ] GC(121) ReferenceProcessor::execute queues: 1, RefProcThreadModel::Single, marks_oops_alive: false
[6737.800s][debug][gc,phases      ] GC(121) Reference Processing 0.115ms
[6737.801s][debug][gc,phases      ] GC(121)   VM Weak                        Min:  0.0, Avg:  0.0, Max:  0.0, Diff:  0.0, Sum:  0.0, Workers: 4
[6737.801s][debug][gc,phases      ] GC(121)     Dead                           Min: 0, Avg:  0.0, Max: 0, Diff: 0, Sum: 0, Workers: 4
[6737.801s][debug][gc,phases      ] GC(121)     Total                          Min: 0, Avg: 259.0, Max: 512, Diff: 512, Sum: 1036, Workers: 4
[6737.801s][debug][gc,phases      ] GC(121)   ObjectSynchronizer Weak        Min:  0.0, Avg:  0.0, Max:  0.0, Diff:  0.0, Sum:  0.0, Workers: 4
[6737.801s][debug][gc,phases      ] GC(121)     Dead                           Min: 0, Avg:  0.5, Max: 2, Diff: 2, Sum: 2, Workers: 4
[6737.801s][debug][gc,phases      ] GC(121)     Total                          Min: 0, Avg:  1.5, Max: 6, Diff: 6, Sum: 6, Workers: 4
[6737.801s][debug][gc,phases      ] GC(121)   JVMTI Tag Weak OopStorage      Min:  0.0, Avg:  0.0, Max:  0.0, Diff:  0.0, Sum:  0.0, Workers: 4
[6737.801s][debug][gc,phases      ] GC(121)     Dead                           Min: 0, Avg:  0.0, Max: 0, Diff: 0, Sum: 0, Workers: 4
[6737.801s][debug][gc,phases      ] GC(121)     Total                          Min: 0, Avg:  0.0, Max: 0, Diff: 0, Sum: 0, Workers: 4
[6737.801s][debug][gc,phases      ] GC(121)   StringTable Weak               Min:  0.0, Avg:  0.1, Max:  0.1, Diff:  0.1, Sum:  0.4, Workers: 4
[6737.801s][debug][gc,phases      ] GC(121)     Dead                           Min: 0, Avg:  0.0, Max: 0, Diff: 0, Sum: 0, Workers: 4
[6737.801s][debug][gc,phases      ] GC(121)     Total                          Min: 0, Avg: 11710.5, Max: 17728, Diff: 17728, Sum: 46842, Workers: 4
[6737.801s][debug][gc,phases      ] GC(121)   ResolvedMethodTable Weak       Min:  0.0, Avg:  0.0, Max:  0.0, Diff:  0.0, Sum:  0.1, Workers: 4
[6737.801s][debug][gc,phases      ] GC(121)     Dead                           Min: 0, Avg: 12.2, Max: 25, Diff: 25, Sum: 49, Workers: 4
[6737.801s][debug][gc,phases      ] GC(121)     Total                          Min: 0, Avg: 3900.2, Max: 5572, Diff: 5572, Sum: 15601, Workers: 4
[6737.801s][debug][gc,phases      ] GC(121)   JNI Weak                       Min:  0.0, Avg:  0.0, Max:  0.0, Diff:  0.0, Sum:  0.0, Workers: 4
[6737.801s][debug][gc,phases      ] GC(121)     Dead                           Min: 0, Avg:  0.0, Max: 0, Diff: 0, Sum: 0, Workers: 4
[6737.801s][debug][gc,phases      ] GC(121)     Total                          Min: 0, Avg: 13.0, Max: 52, Diff: 52, Sum: 52, Workers: 4
[6737.801s][debug][gc,phases      ] GC(121)   StringDedup Table Weak         Min:  0.0, Avg:  0.0, Max:  0.0, Diff:  0.0, Sum:  0.0, Workers: 4
[6737.801s][debug][gc,phases      ] GC(121)     Dead                           Min: 0, Avg:  0.0, Max: 0, Diff: 0, Sum: 0, Workers: 4
[6737.801s][debug][gc,phases      ] GC(121)     Total                          Min: 0, Avg:  0.0, Max: 0, Diff: 0, Sum: 0, Workers: 4
[6737.801s][debug][gc,phases      ] GC(121)   StringDedup Requests0 Weak     Min:  0.0, Avg:  0.0, Max:  0.0, Diff:  0.0, Sum:  0.0, Workers: 4
[6737.801s][debug][gc,phases      ] GC(121)     Dead                           Min: 0, Avg:  0.0, Max: 0, Diff: 0, Sum: 0, Workers: 4
[6737.801s][debug][gc,phases      ] GC(121)     Total                          Min: 0, Avg:  0.0, Max: 0, Diff: 0, Sum: 0, Workers: 4
[6737.801s][debug][gc,phases      ] GC(121)   StringDedup Requests1 Weak     Min:  0.0, Avg:  0.0, Max:  0.0, Diff:  0.0, Sum:  0.0, Workers: 4
[6737.801s][debug][gc,phases      ] GC(121)     Dead                           Min: 0, Avg:  0.0, Max: 0, Diff: 0, Sum: 0, Workers: 4
[6737.801s][debug][gc,phases      ] GC(121)     Total                          Min: 0, Avg:  0.0, Max: 0, Diff: 0, Sum: 0, Workers: 4
[6737.801s][debug][gc,phases      ] GC(121)   Weak JFR Old Object Samples    Min:  0.0, Avg:  0.0, Max:  0.0, Diff:  0.0, Sum:  0.0, Workers: 4
[6737.801s][debug][gc,phases      ] GC(121)     Dead                           Min: 0, Avg:  0.0, Max: 0, Diff: 0, Sum: 0, Workers: 4
[6737.801s][debug][gc,phases      ] GC(121)     Total                          Min: 0, Avg:  0.0, Max: 0, Diff: 0, Sum: 0, Workers: 4
[6737.801s][debug][gc,phases      ] GC(121) Weak Processing 0.437ms
[6737.801s][debug][gc,age         ] GC(121) Desired survivor size 30408704 bytes, new threshold 1 (max threshold 15)
[6737.801s][info ][gc,heap        ] GC(121) PSYoungGen: 2082256K(2086912K)->9718K(2047488K) Eden: 2077184K(2077184K)->0K(2037760K) From: 5072K(9728K)->9718K(9728K)
[6737.801s][info ][gc,heap        ] GC(121) ParOldGen: 482769K(482816K)->533426K(533504K)
[6737.801s][info ][gc,metaspace   ] GC(121) Metaspace: 107999K(109440K)->107999K(109440K) NonClass: 91805K(92608K)->91805K(92608K) Class: 16193K(16832K)->16193K(16832K)
[6737.801s][info ][gc             ] GC(121) Pause Young (Allocation Failure) 2504M->530M(2520M) 31.027ms
[6737.801s][info ][gc,cpu         ] GC(121) User=0.10s Sys=0.02s Real=0.03s
[6737.801s][info ][safepoint      ] Safepoint "ParallelGCFailedAllocation", Time since last: 671460382 ns, Reaching safepoint: 10501 ns, Cleanup: 4800 ns, At safepoint: 31133868 ns, Total: 31149169 ns
[6738.801s][info ][safepoint      ] Safepoint "Cleanup", Time since last: 1000094797 ns, Reaching safepoint: 7701 ns, Cleanup: 19001 ns, At safepoint: 7600 ns, Total: 34302 ns
[6739.801s][info ][safepoint      ] Safepoint "Cleanup", Time since last: 1000135800 ns, Reaching safepoint: 10301 ns, Cleanup: 25102 ns, At safepoint: 7400 ns, Total: 42803 ns
[6740.801s][info ][safepoint      ] Safepoint "Cleanup", Time since last: 1000135631 ns, Reaching safepoint: 6801 ns, Cleanup: 9500 ns, At safepoint: 6601 ns, Total: 22902 ns
[6743.802s][info ][safepoint      ] Safepoint "Cleanup", Time since last: 3000270620 ns, Reaching safepoint: 8201 ns, Cleanup: 12400 ns, At safepoint: 5501 ns, Total: 26102 ns
[6744.802s][info ][safepoint      ] Safepoint "Cleanup", Time since last: 1000125375 ns, Reaching safepoint: 7101 ns, Cleanup: 10900 ns, At safepoint: 4901 ns, Total: 22902 ns
[6745.802s][info ][safepoint      ] Safepoint "Cleanup", Time since last: 1000112074 ns, Reaching safepoint: 6501 ns, Cleanup: 11501 ns, At safepoint: 4100 ns, Total: 22102 ns
[6747.802s][info ][safepoint      ] Safepoint "Cleanup", Time since last: 2000203348 ns, Reaching safepoint: 6401 ns, Cleanup: 17301 ns, At safepoint: 3200 ns, Total: 26902 ns
[6750.802s][info ][safepoint      ] Safepoint "Cleanup", Time since last: 3000270390 ns, Reaching safepoint: 7100 ns, Cleanup: 9701 ns, At safepoint: 4600 ns, Total: 21401 ns
[6751.803s][info ][safepoint      ] Safepoint "Cleanup", Time since last: 1000122361 ns, Reaching safepoint: 6200 ns, Cleanup: 9901 ns, At safepoint: 4200 ns, Total: 20301 ns
[6760.803s][info ][safepoint      ] Safepoint "Cleanup", Time since last: 9000726073 ns, Reaching safepoint: 6401 ns, Cleanup: 11701 ns, At safepoint: 9600 ns, Total: 27702 ns
[6766.804s][info ][safepoint      ] Safepoint "Cleanup", Time since last: 6000514748 ns, Reaching safepoint: 6701 ns, Cleanup: 8200 ns, At safepoint: 11001 ns, Total: 25902 ns
[6767.804s][info ][safepoint      ] Safepoint "Cleanup", Time since last: 1000121926 ns, Reaching safepoint: 6301 ns, Cleanup: 16901 ns, At safepoint: 11100 ns, Total: 34302 ns
[6776.805s][info ][safepoint      ] Safepoint "Cleanup", Time since last: 9000721740 ns, Reaching safepoint: 7200 ns, Cleanup: 10301 ns, At safepoint: 4300 ns, Total: 21801 ns
[6778.805s][info ][safepoint      ] Safepoint "Cleanup", Time since last: 2000209874 ns, Reaching safepoint: 8701 ns, Cleanup: 12200 ns, At safepoint: 4201 ns, Total: 25102 ns
[6780.805s][info ][safepoint      ] Safepoint "Cleanup", Time since last: 2000238397 ns, Reaching safepoint: 7201 ns, Cleanup: 13100 ns, At safepoint: 2101 ns, Total: 22402 ns
[6783.141s][info ][safepoint      ] Safepoint "Cleanup", Time since last: 2335929220 ns, Reaching safepoint: 82005 ns, Cleanup: 8901 ns, At safepoint: 7600 ns, Total: 98506 ns
[6787.142s][info ][safepoint      ] Safepoint "Cleanup", Time since last: 4000350188 ns, Reaching safepoint: 7200 ns, Cleanup: 11701 ns, At safepoint: 4600 ns, Total: 23501 ns
[6789.338s][info ][gc,start       ] GC(122) Pause Young (Allocation Failure)
[6789.348s][debug][gc,phases      ] GC(122) Scavenge 10.590ms
[6789.349s][debug][gc,ref         ] GC(122) ReferenceProcessor::execute queues: 1, RefProcThreadModel::Single, marks_oops_alive: false
[6789.349s][debug][gc,ref         ] GC(122) Skipped KeepAliveFinalRefsPhase of Reference Processing: no references
[6789.349s][debug][gc,ref         ] GC(122) Skipped PhantomRefsPhase of Reference Processing: no references
[6789.349s][debug][gc,phases      ] GC(122) Reference Processing 0.121ms
[6789.349s][debug][gc,phases      ] GC(122)   VM Weak                        Min:  0.0, Avg:  0.0, Max:  0.0, Diff:  0.0, Sum:  0.0, Workers: 4
[6789.349s][debug][gc,phases      ] GC(122)     Dead                           Min: 0, Avg:  0.0, Max: 0, Diff: 0, Sum: 0, Workers: 4
[6789.349s][debug][gc,phases      ] GC(122)     Total                          Min: 0, Avg: 259.0, Max: 512, Diff: 512, Sum: 1036, Workers: 4
[6789.349s][debug][gc,phases      ] GC(122)   ObjectSynchronizer Weak        Min:  0.0, Avg:  0.0, Max:  0.0, Diff:  0.0, Sum:  0.0, Workers: 4
[6789.349s][debug][gc,phases      ] GC(122)     Dead                           Min: 0, Avg:  0.0, Max: 0, Diff: 0, Sum: 0, Workers: 4
[6789.349s][debug][gc,phases      ] GC(122)     Total                          Min: 0, Avg:  0.8, Max: 3, Diff: 3, Sum: 3, Workers: 4
[6789.349s][debug][gc,phases      ] GC(122)   JVMTI Tag Weak OopStorage      Min:  0.0, Avg:  0.0, Max:  0.0, Diff:  0.0, Sum:  0.0, Workers: 4
[6789.349s][debug][gc,phases      ] GC(122)     Dead                           Min: 0, Avg:  0.0, Max: 0, Diff: 0, Sum: 0, Workers: 4
[6789.349s][debug][gc,phases      ] GC(122)     Total                          Min: 0, Avg:  0.0, Max: 0, Diff: 0, Sum: 0, Workers: 4
[6789.349s][debug][gc,phases      ] GC(122)   StringTable Weak               Min:  0.0, Avg:  0.1, Max:  0.2, Diff:  0.2, Sum:  0.5, Workers: 4
[6789.349s][debug][gc,phases      ] GC(122)     Dead                           Min: 0, Avg:  0.0, Max: 0, Diff: 0, Sum: 0, Workers: 4
[6789.349s][debug][gc,phases      ] GC(122)     Total                          Min: 0, Avg: 11711.5, Max: 16192, Diff: 16192, Sum: 46846, Workers: 4
[6789.349s][debug][gc,phases      ] GC(122)   ResolvedMethodTable Weak       Min:  0.0, Avg:  0.0, Max:  0.1, Diff:  0.1, Sum:  0.2, Workers: 4
[6789.349s][debug][gc,phases      ] GC(122)     Dead                           Min: 0, Avg:  4.0, Max: 9, Diff: 9, Sum: 16, Workers: 4
[6789.349s][debug][gc,phases      ] GC(122)     Total                          Min: 0, Avg: 3900.2, Max: 5429, Diff: 5429, Sum: 15601, Workers: 4
[6789.349s][debug][gc,phases      ] GC(122)   JNI Weak                       Min:  0.0, Avg:  0.0, Max:  0.0, Diff:  0.0, Sum:  0.0, Workers: 4
[6789.349s][debug][gc,phases      ] GC(122)     Dead                           Min: 0, Avg:  0.0, Max: 0, Diff: 0, Sum: 0, Workers: 4
[6789.349s][debug][gc,phases      ] GC(122)     Total                          Min: 0, Avg: 13.0, Max: 52, Diff: 52, Sum: 52, Workers: 4
[6789.349s][debug][gc,phases      ] GC(122)   StringDedup Table Weak         Min:  0.0, Avg:  0.0, Max:  0.0, Diff:  0.0, Sum:  0.0, Workers: 4
[6789.349s][debug][gc,phases      ] GC(122)     Dead                           Min: 0, Avg:  0.0, Max: 0, Diff: 0, Sum: 0, Workers: 4
[6789.349s][debug][gc,phases      ] GC(122)     Total                          Min: 0, Avg:  0.0, Max: 0, Diff: 0, Sum: 0, Workers: 4
[6789.349s][debug][gc,phases      ] GC(122)   StringDedup Requests0 Weak     Min:  0.0, Avg:  0.0, Max:  0.0, Diff:  0.0, Sum:  0.0, Workers: 4
[6789.349s][debug][gc,phases      ] GC(122)     Dead                           Min: 0, Avg:  0.0, Max: 0, Diff: 0, Sum: 0, Workers: 4
[6789.349s][debug][gc,phases      ] GC(122)     Total                          Min: 0, Avg:  0.0, Max: 0, Diff: 0, Sum: 0, Workers: 4
[6789.349s][debug][gc,phases      ] GC(122)   StringDedup Requests1 Weak     Min:  0.0, Avg:  0.0, Max:  0.0, Diff:  0.0, Sum:  0.0, Workers: 4
[6789.349s][debug][gc,phases      ] GC(122)     Dead                           Min: 0, Avg:  0.0, Max: 0, Diff: 0, Sum: 0, Workers: 4
[6789.349s][debug][gc,phases      ] GC(122)     Total                          Min: 0, Avg:  0.0, Max: 0, Diff: 0, Sum: 0, Workers: 4
[6789.349s][debug][gc,phases      ] GC(122)   Weak JFR Old Object Samples    Min:  0.0, Avg:  0.0, Max:  0.0, Diff:  0.0, Sum:  0.0, Workers: 4
[6789.349s][debug][gc,phases      ] GC(122)     Dead                           Min: 0, Avg:  0.0, Max: 0, Diff: 0, Sum: 0, Workers: 4
[6789.349s][debug][gc,phases      ] GC(122)     Total                          Min: 0, Avg:  0.0, Max: 0, Diff: 0, Sum: 0, Workers: 4
[6789.349s][debug][gc,phases      ] GC(122) Weak Processing 0.457ms
[6789.349s][debug][gc,age         ] GC(122) Desired survivor size 31457280 bytes, new threshold 1 (max threshold 15)
[6789.349s][info ][gc,heap        ] GC(122) PSYoungGen: 2047478K(2047488K)->18112K(2056192K) Eden: 2037760K(2037760K)->0K(2037760K) From: 9718K(9728K)->18112K(18432K)
[6789.349s][info ][gc,heap        ] GC(122) ParOldGen: 533426K(533504K)->542489K(542720K)
[6789.349s][info ][gc,metaspace   ] GC(122) Metaspace: 108007K(109440K)->108007K(109440K) NonClass: 91813K(92608K)->91813K(92608K) Class: 16193K(16832K)->16193K(16832K)
[6789.349s][info ][gc             ] GC(122) Pause Young (Allocation Failure) 2520M->547M(2538M) 11.320ms
[6789.349s][info ][gc,cpu         ] GC(122) User=0.03s Sys=0.01s Real=0.00s
[6789.349s][info ][safepoint      ] Safepoint "ParallelGCFailedAllocation", Time since last: 2195991484 ns, Reaching safepoint: 104706 ns, Cleanup: 3800 ns, At safepoint: 11435089 ns, Total: 11543595 ns
[6790.349s][info ][safepoint      ] Safepoint "Cleanup", Time since last: 1000094636 ns, Reaching safepoint: 6800 ns, Cleanup: 12501 ns, At safepoint: 7500 ns, Total: 26801 ns
[6793.350s][info ][safepoint      ] Safepoint "Cleanup", Time since last: 3000270407 ns, Reaching safepoint: 6500 ns, Cleanup: 11501 ns, At safepoint: 8500 ns, Total: 26501 ns
[6797.350s][info ][safepoint      ] Safepoint "Cleanup", Time since last: 4000352150 ns, Reaching safepoint: 7401 ns, Cleanup: 14401 ns, At safepoint: 12500 ns, Total: 34302 ns
[6807.351s][info ][safepoint      ] Safepoint "Cleanup", Time since last: 10000936047 ns, Reaching safepoint: 6200 ns, Cleanup: 13601 ns, At safepoint: 8000 ns, Total: 27801 ns
[6827.353s][info ][safepoint      ] Safepoint "Cleanup", Time since last: 20001632453 ns, Reaching safepoint: 7400 ns, Cleanup: 11701 ns, At safepoint: 9300 ns, Total: 28401 ns
[6828.353s][info ][safepoint      ] Safepoint "Cleanup", Time since last: 1000136301 ns, Reaching safepoint: 7601 ns, Cleanup: 12901 ns, At safepoint: 9700 ns, Total: 30202 ns
[6858.798s][info ][gc,start       ] GC(123) Pause Young (Allocation Failure)
[6858.808s][debug][gc,phases      ] GC(123) Scavenge 9.540ms
[6858.808s][debug][gc,ref         ] GC(123) ReferenceProcessor::execute queues: 1, RefProcThreadModel::Single, marks_oops_alive: false
[6858.808s][debug][gc,ref         ] GC(123) Skipped KeepAliveFinalRefsPhase of Reference Processing: no references
[6858.808s][debug][gc,ref         ] GC(123) Skipped PhantomRefsPhase of Reference Processing: no references
[6858.808s][debug][gc,phases      ] GC(123) Reference Processing 0.115ms
[6858.808s][debug][gc,phases      ] GC(123)   VM Weak                        Min:  0.0, Avg:  0.0, Max:  0.0, Diff:  0.0, Sum:  0.0, Workers: 4
[6858.808s][debug][gc,phases      ] GC(123)     Dead                           Min: 0, Avg:  0.0, Max: 0, Diff: 0, Sum: 0, Workers: 4
[6858.808s][debug][gc,phases      ] GC(123)     Total                          Min: 0, Avg: 259.0, Max: 844, Diff: 844, Sum: 1036, Workers: 4
[6858.808s][debug][gc,phases      ] GC(123)   ObjectSynchronizer Weak        Min:  0.0, Avg:  0.0, Max:  0.0, Diff:  0.0, Sum:  0.0, Workers: 4
[6858.808s][debug][gc,phases      ] GC(123)     Dead                           Min: 0, Avg:  0.0, Max: 0, Diff: 0, Sum: 0, Workers: 4
[6858.808s][debug][gc,phases      ] GC(123)     Total                          Min: 0, Avg:  0.8, Max: 3, Diff: 3, Sum: 3, Workers: 4
[6858.808s][debug][gc,phases      ] GC(123)   JVMTI Tag Weak OopStorage      Min:  0.0, Avg:  0.0, Max:  0.0, Diff:  0.0, Sum:  0.0, Workers: 4
[6858.808s][debug][gc,phases      ] GC(123)     Dead                           Min: 0, Avg:  0.0, Max: 0, Diff: 0, Sum: 0, Workers: 4
[6858.808s][debug][gc,phases      ] GC(123)     Total                          Min: 0, Avg:  0.0, Max: 0, Diff: 0, Sum: 0, Workers: 4
[6858.808s][debug][gc,phases      ] GC(123)   StringTable Weak               Min:  0.0, Avg:  0.1, Max:  0.1, Diff:  0.1, Sum:  0.4, Workers: 4
[6858.808s][debug][gc,phases      ] GC(123)     Dead                           Min: 0, Avg:  0.0, Max: 0, Diff: 0, Sum: 0, Workers: 4
[6858.808s][debug][gc,phases      ] GC(123)     Total                          Min: 0, Avg: 11711.8, Max: 15872, Diff: 15872, Sum: 46847, Workers: 4
[6858.808s][debug][gc,phases      ] GC(123)   ResolvedMethodTable Weak       Min:  0.0, Avg:  0.0, Max:  0.1, Diff:  0.1, Sum:  0.2, Workers: 4
[6858.808s][debug][gc,phases      ] GC(123)     Dead                           Min: 0, Avg:  4.0, Max: 8, Diff: 8, Sum: 16, Workers: 4
[6858.808s][debug][gc,phases      ] GC(123)     Total                          Min: 0, Avg: 3900.2, Max: 5298, Diff: 5298, Sum: 15601, Workers: 4
[6858.808s][debug][gc,phases      ] GC(123)   JNI Weak                       Min:  0.0, Avg:  0.0, Max:  0.0, Diff:  0.0, Sum:  0.0, Workers: 4
[6858.808s][debug][gc,phases      ] GC(123)     Dead                           Min: 0, Avg:  0.0, Max: 0, Diff: 0, Sum: 0, Workers: 4
[6858.808s][debug][gc,phases      ] GC(123)     Total                          Min: 0, Avg: 13.0, Max: 52, Diff: 52, Sum: 52, Workers: 4
[6858.808s][debug][gc,phases      ] GC(123)   StringDedup Table Weak         Min:  0.0, Avg:  0.0, Max:  0.0, Diff:  0.0, Sum:  0.0, Workers: 4
[6858.808s][debug][gc,phases      ] GC(123)     Dead                           Min: 0, Avg:  0.0, Max: 0, Diff: 0, Sum: 0, Workers: 4
[6858.808s][debug][gc,phases      ] GC(123)     Total                          Min: 0, Avg:  0.0, Max: 0, Diff: 0, Sum: 0, Workers: 4
[6858.808s][debug][gc,phases      ] GC(123)   StringDedup Requests0 Weak     Min:  0.0, Avg:  0.0, Max:  0.0, Diff:  0.0, Sum:  0.0, Workers: 4
[6858.808s][debug][gc,phases      ] GC(123)     Dead                           Min: 0, Avg:  0.0, Max: 0, Diff: 0, Sum: 0, Workers: 4
[6858.808s][debug][gc,phases      ] GC(123)     Total                          Min: 0, Avg:  0.0, Max: 0, Diff: 0, Sum: 0, Workers: 4
[6858.808s][debug][gc,phases      ] GC(123)   StringDedup Requests1 Weak     Min:  0.0, Avg:  0.0, Max:  0.0, Diff:  0.0, Sum:  0.0, Workers: 4
[6858.808s][debug][gc,phases      ] GC(123)     Dead                           Min: 0, Avg:  0.0, Max: 0, Diff: 0, Sum: 0, Workers: 4
[6858.808s][debug][gc,phases      ] GC(123)     Total                          Min: 0, Avg:  0.0, Max: 0, Diff: 0, Sum: 0, Workers: 4
[6858.808s][debug][gc,phases      ] GC(123)   Weak JFR Old Object Samples    Min:  0.0, Avg:  0.0, Max:  0.0, Diff:  0.0, Sum:  0.0, Workers: 4
[6858.808s][debug][gc,phases      ] GC(123)     Dead                           Min: 0, Avg:  0.0, Max: 0, Diff: 0, Sum: 0, Workers: 4
[6858.808s][debug][gc,phases      ] GC(123)     Total                          Min: 0, Avg:  0.0, Max: 0, Diff: 0, Sum: 0, Workers: 4
[6858.808s][debug][gc,phases      ] GC(123) Weak Processing 0.444ms
[6858.808s][debug][gc,age         ] GC(123) Desired survivor size 30932992 bytes, new threshold 1 (max threshold 15)
[6858.808s][info ][gc,heap        ] GC(123) PSYoungGen: 2055872K(2056192K)->3568K(2066944K) Eden: 2037760K(2037760K)->0K(2036224K) From: 18112K(18432K)->3568K(30720K)
[6858.808s][info ][gc,heap        ] GC(123) ParOldGen: 542489K(542720K)->558925K(559104K)
[6858.808s][info ][gc,metaspace   ] GC(123) Metaspace: 108011K(109440K)->108011K(109440K) NonClass: 91817K(92608K)->91817K(92608K) Class: 16193K(16832K)->16193K(16832K)
[6858.809s][info ][gc             ] GC(123) Pause Young (Allocation Failure) 2537M->549M(2564M) 10.253ms
[6858.809s][info ][gc,cpu         ] GC(123) User=0.02s Sys=0.01s Real=0.00s
[6858.809s][info ][safepoint      ] Safepoint "ParallelGCFailedAllocation", Time since last: 30445420395 ns, Reaching safepoint: 7400 ns, Cleanup: 14601 ns, At safepoint: 10368020 ns, Total: 10390021 ns
[6859.809s][info ][safepoint      ] Safepoint "Cleanup", Time since last: 1000094073 ns, Reaching safepoint: 6100 ns, Cleanup: 9801 ns, At safepoint: 8700 ns, Total: 24601 ns
[6866.809s][info ][safepoint      ] Safepoint "Cleanup", Time since last: 7000581754 ns, Reaching safepoint: 5301 ns, Cleanup: 15601 ns, At safepoint: 10900 ns, Total: 31802 ns
[6870.810s][info ][safepoint      ] Safepoint "Cleanup", Time since last: 4000331957 ns, Reaching safepoint: 6700 ns, Cleanup: 10301 ns, At safepoint: 11200 ns, Total: 28201 ns
[6886.811s][info ][safepoint      ] Safepoint "Cleanup", Time since last: 16001213323 ns, Reaching safepoint: 5300 ns, Cleanup: 8901 ns, At safepoint: 10201 ns, Total: 24402 ns
[6900.812s][info ][safepoint      ] Safepoint "Cleanup", Time since last: 14001052405 ns, Reaching safepoint: 4500 ns, Cleanup: 9701 ns, At safepoint: 2700 ns, Total: 16901 ns
[6913.179s][info ][safepoint      ] Safepoint "Cleanup", Time since last: 12367470789 ns, Reaching safepoint: 6400 ns, Cleanup: 11001 ns, At safepoint: 4900 ns, Total: 22301 ns
[6930.037s][info ][gc,start       ] GC(124) Pause Young (Allocation Failure)
[6930.041s][debug][gc,phases      ] GC(124) Scavenge 3.629ms
[6930.041s][debug][gc,ref         ] GC(124) ReferenceProcessor::execute queues: 1, RefProcThreadModel::Single, marks_oops_alive: false
[6930.041s][debug][gc,ref         ] GC(124) Skipped KeepAliveFinalRefsPhase of Reference Processing: no references
[6930.041s][debug][gc,ref         ] GC(124) Skipped PhantomRefsPhase of Reference Processing: no references
[6930.041s][debug][gc,phases      ] GC(124) Reference Processing 0.117ms
[6930.041s][debug][gc,phases      ] GC(124)   VM Weak                        Min:  0.0, Avg:  0.0, Max:  0.0, Diff:  0.0, Sum:  0.0, Workers: 4
[6930.041s][debug][gc,phases      ] GC(124)     Dead                           Min: 0, Avg:  0.0, Max: 0, Diff: 0, Sum: 0, Workers: 4
[6930.041s][debug][gc,phases      ] GC(124)     Total                          Min: 0, Avg: 259.0, Max: 640, Diff: 640, Sum: 1036, Workers: 4
[6930.041s][debug][gc,phases      ] GC(124)   ObjectSynchronizer Weak        Min:  0.0, Avg:  0.0, Max:  0.0, Diff:  0.0, Sum:  0.0, Workers: 4
[6930.041s][debug][gc,phases      ] GC(124)     Dead                           Min: 0, Avg:  0.0, Max: 0, Diff: 0, Sum: 0, Workers: 4
[6930.041s][debug][gc,phases      ] GC(124)     Total                          Min: 0, Avg:  1.0, Max: 4, Diff: 4, Sum: 4, Workers: 4
[6930.041s][debug][gc,phases      ] GC(124)   JVMTI Tag Weak OopStorage      Min:  0.0, Avg:  0.0, Max:  0.0, Diff:  0.0, Sum:  0.0, Workers: 4
[6930.041s][debug][gc,phases      ] GC(124)     Dead                           Min: 0, Avg:  0.0, Max: 0, Diff: 0, Sum: 0, Workers: 4
[6930.041s][debug][gc,phases      ] GC(124)     Total                          Min: 0, Avg:  0.0, Max: 0, Diff: 0, Sum: 0, Workers: 4
[6930.041s][debug][gc,phases      ] GC(124)   StringTable Weak               Min:  0.1, Avg:  0.1, Max:  0.1, Diff:  0.0, Sum:  0.5, Workers: 4
[6930.041s][debug][gc,phases      ] GC(124)     Dead                           Min: 0, Avg:  0.0, Max: 0, Diff: 0, Sum: 0, Workers: 4
[6930.041s][debug][gc,phases      ] GC(124)     Total                          Min: 11264, Avg: 11711.8, Max: 12480, Diff: 1216, Sum: 46847, Workers: 4
[6930.041s][debug][gc,phases      ] GC(124)   ResolvedMethodTable Weak       Min:  0.0, Avg:  0.0, Max:  0.0, Diff:  0.0, Sum:  0.2, Workers: 4
[6930.041s][debug][gc,phases      ] GC(124)     Dead                           Min: 0, Avg:  4.0, Max: 8, Diff: 8, Sum: 16, Workers: 4
[6930.041s][debug][gc,phases      ] GC(124)     Total                          Min: 3429, Avg: 3900.2, Max: 4539, Diff: 1110, Sum: 15601, Workers: 4
[6930.041s][debug][gc,phases      ] GC(124)   JNI Weak                       Min:  0.0, Avg:  0.0, Max:  0.0, Diff:  0.0, Sum:  0.0, Workers: 4
[6930.041s][debug][gc,phases      ] GC(124)     Dead                           Min: 0, Avg:  0.0, Max: 0, Diff: 0, Sum: 0, Workers: 4
[6930.041s][debug][gc,phases      ] GC(124)     Total                          Min: 0, Avg: 13.0, Max: 52, Diff: 52, Sum: 52, Workers: 4
[6930.041s][debug][gc,phases      ] GC(124)   StringDedup Table Weak         Min:  0.0, Avg:  0.0, Max:  0.0, Diff:  0.0, Sum:  0.0, Workers: 4
[6930.041s][debug][gc,phases      ] GC(124)     Dead                           Min: 0, Avg:  0.0, Max: 0, Diff: 0, Sum: 0, Workers: 4
[6930.041s][debug][gc,phases      ] GC(124)     Total                          Min: 0, Avg:  0.0, Max: 0, Diff: 0, Sum: 0, Workers: 4
[6930.041s][debug][gc,phases      ] GC(124)   StringDedup Requests0 Weak     Min:  0.0, Avg:  0.0, Max:  0.0, Diff:  0.0, Sum:  0.0, Workers: 4
[6930.041s][debug][gc,phases      ] GC(124)     Dead                           Min: 0, Avg:  0.0, Max: 0, Diff: 0, Sum: 0, Workers: 4
[6930.041s][debug][gc,phases      ] GC(124)     Total                          Min: 0, Avg:  0.0, Max: 0, Diff: 0, Sum: 0, Workers: 4
[6930.041s][debug][gc,phases      ] GC(124)   StringDedup Requests1 Weak     Min:  0.0, Avg:  0.0, Max:  0.0, Diff:  0.0, Sum:  0.0, Workers: 4
[6930.041s][debug][gc,phases      ] GC(124)     Dead                           Min: 0, Avg:  0.0, Max: 0, Diff: 0, Sum: 0, Workers: 4
[6930.041s][debug][gc,phases      ] GC(124)     Total                          Min: 0, Avg:  0.0, Max: 0, Diff: 0, Sum: 0, Workers: 4
[6930.041s][debug][gc,phases      ] GC(124)   Weak JFR Old Object Samples    Min:  0.0, Avg:  0.0, Max:  0.0, Diff:  0.0, Sum:  0.0, Workers: 4
[6930.041s][debug][gc,phases      ] GC(124)     Dead                           Min: 0, Avg:  0.0, Max: 0, Diff: 0, Sum: 0, Workers: 4
[6930.041s][debug][gc,phases      ] GC(124)     Total                          Min: 0, Avg:  0.0, Max: 0, Diff: 0, Sum: 0, Workers: 4
[6930.041s][debug][gc,phases      ] GC(124) Weak Processing 0.403ms
[6930.041s][debug][gc,age         ] GC(124) Desired survivor size 29884416 bytes, new threshold 1 (max threshold 15)
[6930.041s][info ][gc,heap        ] GC(124) PSYoungGen: 2039792K(2066944K)->3600K(2066432K) Eden: 2036224K(2036224K)->0K(2036224K) From: 3568K(30720K)->3600K(30208K)
[6930.041s][info ][gc,heap        ] GC(124) ParOldGen: 558925K(559104K)->560181K(560640K)
[6930.041s][info ][gc,metaspace   ] GC(124) Metaspace: 108013K(109440K)->108013K(109440K) NonClass: 91819K(92608K)->91819K(92608K) Class: 16193K(16832K)->16193K(16832K)
[6930.041s][info ][gc             ] GC(124) Pause Young (Allocation Failure) 2537M->550M(2565M) 4.290ms
[6930.041s][info ][gc,cpu         ] GC(124) User=0.01s Sys=0.00s Real=0.01s
[6930.041s][info ][safepoint      ] Safepoint "ParallelGCFailedAllocation", Time since last: 16857297557 ns, Reaching safepoint: 81305 ns, Cleanup: 4600 ns, At safepoint: 4405164 ns, Total: 4491069 ns
[6931.041s][info ][safepoint      ] Safepoint "Cleanup", Time since last: 1000096339 ns, Reaching safepoint: 6601 ns, Cleanup: 13001 ns, At safepoint: 10300 ns, Total: 29902 ns
[6934.042s][info ][safepoint      ] Safepoint "Cleanup", Time since last: 3000263496 ns, Reaching safepoint: 5500 ns, Cleanup: 9700 ns, At safepoint: 11901 ns, Total: 27101 ns
[6940.042s][info ][safepoint      ] Safepoint "Cleanup", Time since last: 6000475392 ns, Reaching safepoint: 6301 ns, Cleanup: 10500 ns, At safepoint: 9501 ns, Total: 26302 ns
[6974.198s][info ][safepoint      ] Safepoint "Cleanup", Time since last: 34155715316 ns, Reaching safepoint: 5401 ns, Cleanup: 10500 ns, At safepoint: 7501 ns, Total: 23402 ns
[6979.198s][info ][safepoint      ] Safepoint "Cleanup", Time since last: 5000412887 ns, Reaching safepoint: 6100 ns, Cleanup: 7701 ns, At safepoint: 5400 ns, Total: 19201 ns
[6981.199s][info ][safepoint      ] Safepoint "Cleanup", Time since last: 2000205726 ns, Reaching safepoint: 6100 ns, Cleanup: 12801 ns, At safepoint: 4000 ns, Total: 22901 ns
[7003.735s][info ][gc,start       ] GC(125) Pause Young (Allocation Failure)
[7003.739s][debug][gc,phases      ] GC(125) Scavenge 4.098ms
[7003.740s][debug][gc,ref         ] GC(125) ReferenceProcessor::execute queues: 1, RefProcThreadModel::Single, marks_oops_alive: false
[7003.740s][debug][gc,ref         ] GC(125) Skipped KeepAliveFinalRefsPhase of Reference Processing: no references
[7003.740s][debug][gc,ref         ] GC(125) Skipped PhantomRefsPhase of Reference Processing: no references
[7003.740s][debug][gc,phases      ] GC(125) Reference Processing 0.120ms
[7003.740s][debug][gc,phases      ] GC(125)   VM Weak                        Min:  0.0, Avg:  0.0, Max:  0.0, Diff:  0.0, Sum:  0.0, Workers: 4
[7003.740s][debug][gc,phases      ] GC(125)     Dead                           Min: 0, Avg:  0.0, Max: 0, Diff: 0, Sum: 0, Workers: 4
[7003.740s][debug][gc,phases      ] GC(125)     Total                          Min: 0, Avg: 259.0, Max: 908, Diff: 908, Sum: 1036, Workers: 4
[7003.740s][debug][gc,phases      ] GC(125)   ObjectSynchronizer Weak        Min:  0.0, Avg:  0.0, Max:  0.0, Diff:  0.0, Sum:  0.0, Workers: 4
[7003.740s][debug][gc,phases      ] GC(125)     Dead                           Min: 0, Avg:  0.0, Max: 0, Diff: 0, Sum: 0, Workers: 4
[7003.740s][debug][gc,phases      ] GC(125)     Total                          Min: 0, Avg:  1.0, Max: 4, Diff: 4, Sum: 4, Workers: 4
[7003.740s][debug][gc,phases      ] GC(125)   JVMTI Tag Weak OopStorage      Min:  0.0, Avg:  0.0, Max:  0.0, Diff:  0.0, Sum:  0.0, Workers: 4
[7003.740s][debug][gc,phases      ] GC(125)     Dead                           Min: 0, Avg:  0.0, Max: 0, Diff: 0, Sum: 0, Workers: 4
[7003.740s][debug][gc,phases      ] GC(125)     Total                          Min: 0, Avg:  0.0, Max: 0, Diff: 0, Sum: 0, Workers: 4
[7003.740s][debug][gc,phases      ] GC(125)   StringTable Weak               Min:  0.0, Avg:  0.1, Max:  0.1, Diff:  0.1, Sum:  0.4, Workers: 4
[7003.740s][debug][gc,phases      ] GC(125)     Dead                           Min: 0, Avg:  0.0, Max: 0, Diff: 0, Sum: 0, Workers: 4
[7003.740s][debug][gc,phases      ] GC(125)     Total                          Min: 0, Avg: 11711.8, Max: 16255, Diff: 16255, Sum: 46847, Workers: 4
[7003.740s][debug][gc,phases      ] GC(125)   ResolvedMethodTable Weak       Min:  0.0, Avg:  0.0, Max:  0.1, Diff:  0.1, Sum:  0.2, Workers: 4
[7003.740s][debug][gc,phases      ] GC(125)     Dead                           Min: 0, Avg:  4.0, Max: 16, Diff: 16, Sum: 16, Workers: 4
[7003.740s][debug][gc,phases      ] GC(125)     Total                          Min: 0, Avg: 3900.2, Max: 5485, Diff: 5485, Sum: 15601, Workers: 4
[7003.740s][debug][gc,phases      ] GC(125)   JNI Weak                       Min:  0.0, Avg:  0.0, Max:  0.0, Diff:  0.0, Sum:  0.0, Workers: 4
[7003.740s][debug][gc,phases      ] GC(125)     Dead                           Min: 0, Avg:  0.0, Max: 0, Diff: 0, Sum: 0, Workers: 4
[7003.740s][debug][gc,phases      ] GC(125)     Total                          Min: 0, Avg: 13.0, Max: 52, Diff: 52, Sum: 52, Workers: 4
[7003.740s][debug][gc,phases      ] GC(125)   StringDedup Table Weak         Min:  0.0, Avg:  0.0, Max:  0.0, Diff:  0.0, Sum:  0.0, Workers: 4
[7003.740s][debug][gc,phases      ] GC(125)     Dead                           Min: 0, Avg:  0.0, Max: 0, Diff: 0, Sum: 0, Workers: 4
[7003.740s][debug][gc,phases      ] GC(125)     Total                          Min: 0, Avg:  0.0, Max: 0, Diff: 0, Sum: 0, Workers: 4
[7003.740s][debug][gc,phases      ] GC(125)   StringDedup Requests0 Weak     Min:  0.0, Avg:  0.0, Max:  0.0, Diff:  0.0, Sum:  0.0, Workers: 4
[7003.740s][debug][gc,phases      ] GC(125)     Dead                           Min: 0, Avg:  0.0, Max: 0, Diff: 0, Sum: 0, Workers: 4
[7003.740s][debug][gc,phases      ] GC(125)     Total                          Min: 0, Avg:  0.0, Max: 0, Diff: 0, Sum: 0, Workers: 4
[7003.740s][debug][gc,phases      ] GC(125)   StringDedup Requests1 Weak     Min:  0.0, Avg:  0.0, Max:  0.0, Diff:  0.0, Sum:  0.0, Workers: 4
[7003.740s][debug][gc,phases      ] GC(125)     Dead                           Min: 0, Avg:  0.0, Max: 0, Diff: 0, Sum: 0, Workers: 4
[7003.740s][debug][gc,phases      ] GC(125)     Total                          Min: 0, Avg:  0.0, Max: 0, Diff: 0, Sum: 0, Workers: 4
[7003.740s][debug][gc,phases      ] GC(125)   Weak JFR Old Object Samples    Min:  0.0, Avg:  0.0, Max:  0.0, Diff:  0.0, Sum:  0.0, Workers: 4
[7003.740s][debug][gc,phases      ] GC(125)     Dead                           Min: 0, Avg:  0.0, Max: 0, Diff: 0, Sum: 0, Workers: 4
[7003.740s][debug][gc,phases      ] GC(125)     Total                          Min: 0, Avg:  0.0, Max: 0, Diff: 0, Sum: 0, Workers: 4
[7003.740s][debug][gc,phases      ] GC(125) Weak Processing 0.442ms
[7003.740s][debug][gc,age         ] GC(125) Desired survivor size 28835840 bytes, new threshold 1 (max threshold 15)
[7003.740s][info ][gc,heap        ] GC(125) PSYoungGen: 2039824K(2066432K)->4370K(2068992K) Eden: 2036224K(2036224K)->0K(2039808K) From: 3600K(30208K)->4370K(29184K)
[7003.740s][info ][gc,heap        ] GC(125) ParOldGen: 560181K(560640K)->560881K(561152K)
[7003.740s][info ][gc,metaspace   ] GC(125) Metaspace: 108018K(109440K)->108018K(109440K) NonClass: 91824K(92608K)->91824K(92608K) Class: 16193K(16832K)->16193K(16832K)
[7003.740s][info ][gc             ] GC(125) Pause Young (Allocation Failure) 2539M->552M(2568M) 4.802ms
[7003.740s][info ][gc,cpu         ] GC(125) User=0.01s Sys=0.01s Real=0.01s
[7003.740s][info ][safepoint      ] Safepoint "ParallelGCFailedAllocation", Time since last: 22536610819 ns, Reaching safepoint: 78505 ns, Cleanup: 4300 ns, At safepoint: 4928194 ns, Total: 5010999 ns
[7030.216s][info ][safepoint      ] Safepoint "Cleanup", Time since last: 26475773285 ns, Reaching safepoint: 7000 ns, Cleanup: 16601 ns, At safepoint: 8901 ns, Total: 32502 ns
[7035.216s][info ][safepoint      ] Safepoint "Cleanup", Time since last: 5000456192 ns, Reaching safepoint: 7301 ns, Cleanup: 10400 ns, At safepoint: 12101 ns, Total: 29802 ns
[7065.219s][info ][safepoint      ] Safepoint "Cleanup", Time since last: 30002305898 ns, Reaching safepoint: 8801 ns, Cleanup: 15101 ns, At safepoint: 10500 ns, Total: 34402 ns
[7074.843s][info ][gc,start       ] GC(126) Pause Young (Allocation Failure)
[7074.848s][debug][gc,phases      ] GC(126) Scavenge 4.183ms
[7074.848s][debug][gc,ref         ] GC(126) ReferenceProcessor::execute queues: 1, RefProcThreadModel::Single, marks_oops_alive: false
[7074.848s][debug][gc,ref         ] GC(126) Skipped KeepAliveFinalRefsPhase of Reference Processing: no references
[7074.848s][debug][gc,ref         ] GC(126) ReferenceProcessor::execute queues: 1, RefProcThreadModel::Single, marks_oops_alive: false
[7074.848s][debug][gc,phases      ] GC(126) Reference Processing 0.120ms
[7074.848s][debug][gc,phases      ] GC(126)   VM Weak                        Min:  0.0, Avg:  0.0, Max:  0.0, Diff:  0.0, Sum:  0.0, Workers: 4
[7074.848s][debug][gc,phases      ] GC(126)     Dead                           Min: 0, Avg:  0.0, Max: 0, Diff: 0, Sum: 0, Workers: 4
[7074.848s][debug][gc,phases      ] GC(126)     Total                          Min: 0, Avg: 259.0, Max: 448, Diff: 448, Sum: 1036, Workers: 4
[7074.848s][debug][gc,phases      ] GC(126)   ObjectSynchronizer Weak        Min:  0.0, Avg:  0.0, Max:  0.0, Diff:  0.0, Sum:  0.0, Workers: 4
[7074.848s][debug][gc,phases      ] GC(126)     Dead                           Min: 0, Avg:  0.0, Max: 0, Diff: 0, Sum: 0, Workers: 4
[7074.848s][debug][gc,phases      ] GC(126)     Total                          Min: 0, Avg:  1.0, Max: 4, Diff: 4, Sum: 4, Workers: 4
[7074.848s][debug][gc,phases      ] GC(126)   JVMTI Tag Weak OopStorage      Min:  0.0, Avg:  0.0, Max:  0.0, Diff:  0.0, Sum:  0.0, Workers: 4
[7074.848s][debug][gc,phases      ] GC(126)     Dead                           Min: 0, Avg:  0.0, Max: 0, Diff: 0, Sum: 0, Workers: 4
[7074.848s][debug][gc,phases      ] GC(126)     Total                          Min: 0, Avg:  0.0, Max: 0, Diff: 0, Sum: 0, Workers: 4
[7074.848s][debug][gc,phases      ] GC(126)   StringTable Weak               Min:  0.1, Avg:  0.1, Max:  0.1, Diff:  0.0, Sum:  0.4, Workers: 4
[7074.848s][debug][gc,phases      ] GC(126)     Dead                           Min: 0, Avg:  0.0, Max: 0, Diff: 0, Sum: 0, Workers: 4
[7074.848s][debug][gc,phases      ] GC(126)     Total                          Min: 10816, Avg: 11711.8, Max: 12543, Diff: 1727, Sum: 46847, Workers: 4
[7074.848s][debug][gc,phases      ] GC(126)   ResolvedMethodTable Weak       Min:  0.0, Avg:  0.0, Max:  0.0, Diff:  0.0, Sum:  0.2, Workers: 4
[7074.848s][debug][gc,phases      ] GC(126)     Dead                           Min: 0, Avg:  4.0, Max: 10, Diff: 10, Sum: 16, Workers: 4
[7074.848s][debug][gc,phases      ] GC(126)     Total                          Min: 3455, Avg: 3900.2, Max: 4280, Diff: 825, Sum: 15601, Workers: 4
[7074.848s][debug][gc,phases      ] GC(126)   JNI Weak                       Min:  0.0, Avg:  0.0, Max:  0.0, Diff:  0.0, Sum:  0.0, Workers: 4
[7074.848s][debug][gc,phases      ] GC(126)     Dead                           Min: 0, Avg:  0.0, Max: 0, Diff: 0, Sum: 0, Workers: 4
[7074.848s][debug][gc,phases      ] GC(126)     Total                          Min: 0, Avg: 13.0, Max: 52, Diff: 52, Sum: 52, Workers: 4
[7074.848s][debug][gc,phases      ] GC(126)   StringDedup Table Weak         Min:  0.0, Avg:  0.0, Max:  0.0, Diff:  0.0, Sum:  0.0, Workers: 4
[7074.848s][debug][gc,phases      ] GC(126)     Dead                           Min: 0, Avg:  0.0, Max: 0, Diff: 0, Sum: 0, Workers: 4
[7074.848s][debug][gc,phases      ] GC(126)     Total                          Min: 0, Avg:  0.0, Max: 0, Diff: 0, Sum: 0, Workers: 4
[7074.848s][debug][gc,phases      ] GC(126)   StringDedup Requests0 Weak     Min:  0.0, Avg:  0.0, Max:  0.0, Diff:  0.0, Sum:  0.0, Workers: 4
[7074.848s][debug][gc,phases      ] GC(126)     Dead                           Min: 0, Avg:  0.0, Max: 0, Diff: 0, Sum: 0, Workers: 4
[7074.848s][debug][gc,phases      ] GC(126)     Total                          Min: 0, Avg:  0.0, Max: 0, Diff: 0, Sum: 0, Workers: 4
[7074.848s][debug][gc,phases      ] GC(126)   StringDedup Requests1 Weak     Min:  0.0, Avg:  0.0, Max:  0.0, Diff:  0.0, Sum:  0.0, Workers: 4
[7074.848s][debug][gc,phases      ] GC(126)     Dead                           Min: 0, Avg:  0.0, Max: 0, Diff: 0, Sum: 0, Workers: 4
[7074.848s][debug][gc,phases      ] GC(126)     Total                          Min: 0, Avg:  0.0, Max: 0, Diff: 0, Sum: 0, Workers: 4
[7074.848s][debug][gc,phases      ] GC(126)   Weak JFR Old Object Samples    Min:  0.0, Avg:  0.0, Max:  0.0, Diff:  0.0, Sum:  0.0, Workers: 4
[7074.848s][debug][gc,phases      ] GC(126)     Dead                           Min: 0, Avg:  0.0, Max: 0, Diff: 0, Sum: 0, Workers: 4
[7074.848s][debug][gc,phases      ] GC(126)     Total                          Min: 0, Avg:  0.0, Max: 0, Diff: 0, Sum: 0, Workers: 4
[7074.848s][debug][gc,phases      ] GC(126) Weak Processing 0.402ms
[7074.848s][debug][gc,age         ] GC(126) Desired survivor size 28311552 bytes, new threshold 1 (max threshold 15)
[7074.848s][info ][gc,heap        ] GC(126) PSYoungGen: 2044178K(2068992K)->2832K(2067968K) Eden: 2039808K(2039808K)->0K(2039808K) From: 4370K(29184K)->2832K(28160K)
[7074.848s][info ][gc,heap        ] GC(126) ParOldGen: 560881K(561152K)->563342K(563712K)
[7074.848s][info ][gc,metaspace   ] GC(126) Metaspace: 108030K(109440K)->108030K(109440K) NonClass: 91836K(92608K)->91836K(92608K) Class: 16193K(16832K)->16193K(16832K)
[7074.848s][info ][gc             ] GC(126) Pause Young (Allocation Failure) 2544M->552M(2570M) 4.851ms
[7074.848s][info ][gc,cpu         ] GC(126) User=0.02s Sys=0.01s Real=0.00s
[7074.848s][info ][safepoint      ] Safepoint "ParallelGCFailedAllocation", Time since last: 9624500301 ns, Reaching safepoint: 5701 ns, Cleanup: 5100 ns, At safepoint: 4947296 ns, Total: 4958097 ns
[7075.848s][info ][safepoint      ] Safepoint "Cleanup", Time since last: 1000091867 ns, Reaching safepoint: 5600 ns, Cleanup: 10501 ns, At safepoint: 7600 ns, Total: 23701 ns
[7081.849s][info ][safepoint      ] Safepoint "Cleanup", Time since last: 6000463719 ns, Reaching safepoint: 5501 ns, Cleanup: 9300 ns, At safepoint: 4901 ns, Total: 19702 ns
[7083.234s][info ][safepoint      ] Safepoint "Cleanup", Time since last: 1384794744 ns, Reaching safepoint: 8600 ns, Cleanup: 16601 ns, At safepoint: 32402 ns, Total: 57603 ns
[7087.234s][info ][safepoint      ] Safepoint "Cleanup", Time since last: 4000342889 ns, Reaching safepoint: 78305 ns, Cleanup: 9500 ns, At safepoint: 5701 ns, Total: 93506 ns
[7102.235s][info ][safepoint      ] Safepoint "Cleanup", Time since last: 15001174738 ns, Reaching safepoint: 81204 ns, Cleanup: 10001 ns, At safepoint: 14901 ns, Total: 106106 ns
[7133.238s][info ][safepoint      ] Safepoint "Cleanup", Time since last: 31002420299 ns, Reaching safepoint: 79204 ns, Cleanup: 10501 ns, At safepoint: 13101 ns, Total: 102806 ns
[7137.238s][info ][safepoint      ] Safepoint "Cleanup", Time since last: 4000371798 ns, Reaching safepoint: 81305 ns, Cleanup: 14000 ns, At safepoint: 16201 ns, Total: 111506 ns
[7143.252s][info ][safepoint      ] Safepoint "Cleanup", Time since last: 6013566165 ns, Reaching safepoint: 7501 ns, Cleanup: 11000 ns, At safepoint: 8901 ns, Total: 27402 ns
[7145.542s][info ][gc,start       ] GC(127) Pause Young (Allocation Failure)
[7145.546s][debug][gc,phases      ] GC(127) Scavenge 3.573ms
[7145.546s][debug][gc,ref         ] GC(127) ReferenceProcessor::execute queues: 1, RefProcThreadModel::Single, marks_oops_alive: false
[7145.546s][debug][gc,ref         ] GC(127) Skipped KeepAliveFinalRefsPhase of Reference Processing: no references
[7145.546s][debug][gc,ref         ] GC(127) ReferenceProcessor::execute queues: 1, RefProcThreadModel::Single, marks_oops_alive: false
[7145.546s][debug][gc,phases      ] GC(127) Reference Processing 0.123ms
[7145.546s][debug][gc,phases      ] GC(127)   VM Weak                        Min:  0.0, Avg:  0.0, Max:  0.0, Diff:  0.0, Sum:  0.0, Workers: 4
[7145.546s][debug][gc,phases      ] GC(127)     Dead                           Min: 0, Avg:  0.0, Max: 0, Diff: 0, Sum: 0, Workers: 4
[7145.546s][debug][gc,phases      ] GC(127)     Total                          Min: 0, Avg: 259.0, Max: 896, Diff: 896, Sum: 1036, Workers: 4
[7145.546s][debug][gc,phases      ] GC(127)   ObjectSynchronizer Weak        Min:  0.0, Avg:  0.0, Max:  0.0, Diff:  0.0, Sum:  0.0, Workers: 4
[7145.546s][debug][gc,phases      ] GC(127)     Dead                           Min: 0, Avg:  0.0, Max: 0, Diff: 0, Sum: 0, Workers: 4
[7145.546s][debug][gc,phases      ] GC(127)     Total                          Min: 0, Avg:  1.0, Max: 4, Diff: 4, Sum: 4, Workers: 4
[7145.546s][debug][gc,phases      ] GC(127)   JVMTI Tag Weak OopStorage      Min:  0.0, Avg:  0.0, Max:  0.0, Diff:  0.0, Sum:  0.0, Workers: 4
[7145.546s][debug][gc,phases      ] GC(127)     Dead                           Min: 0, Avg:  0.0, Max: 0, Diff: 0, Sum: 0, Workers: 4
[7145.546s][debug][gc,phases      ] GC(127)     Total                          Min: 0, Avg:  0.0, Max: 0, Diff: 0, Sum: 0, Workers: 4
[7145.546s][debug][gc,phases      ] GC(127)   StringTable Weak               Min:  0.0, Avg:  0.1, Max:  0.1, Diff:  0.1, Sum:  0.4, Workers: 4
[7145.546s][debug][gc,phases      ] GC(127)     Dead                           Min: 0, Avg:  0.0, Max: 0, Diff: 0, Sum: 0, Workers: 4
[7145.546s][debug][gc,phases      ] GC(127)     Total                          Min: 0, Avg: 11711.8, Max: 16192, Diff: 16192, Sum: 46847, Workers: 4
[7145.546s][debug][gc,phases      ] GC(127)   ResolvedMethodTable Weak       Min:  0.0, Avg:  0.0, Max:  0.0, Diff:  0.0, Sum:  0.1, Workers: 4
[7145.546s][debug][gc,phases      ] GC(127)     Dead                           Min: 0, Avg:  4.0, Max: 16, Diff: 16, Sum: 16, Workers: 4
[7145.546s][debug][gc,phases      ] GC(127)     Total                          Min: 0, Avg: 3900.2, Max: 5900, Diff: 5900, Sum: 15601, Workers: 4
[7145.546s][debug][gc,phases      ] GC(127)   JNI Weak                       Min:  0.0, Avg:  0.0, Max:  0.0, Diff:  0.0, Sum:  0.0, Workers: 4
[7145.546s][debug][gc,phases      ] GC(127)     Dead                           Min: 0, Avg:  0.0, Max: 0, Diff: 0, Sum: 0, Workers: 4
[7145.546s][debug][gc,phases      ] GC(127)     Total                          Min: 0, Avg: 13.0, Max: 52, Diff: 52, Sum: 52, Workers: 4
[7145.546s][debug][gc,phases      ] GC(127)   StringDedup Table Weak         Min:  0.0, Avg:  0.0, Max:  0.0, Diff:  0.0, Sum:  0.0, Workers: 4
[7145.546s][debug][gc,phases      ] GC(127)     Dead                           Min: 0, Avg:  0.0, Max: 0, Diff: 0, Sum: 0, Workers: 4
[7145.546s][debug][gc,phases      ] GC(127)     Total                          Min: 0, Avg:  0.0, Max: 0, Diff: 0, Sum: 0, Workers: 4
[7145.546s][debug][gc,phases      ] GC(127)   StringDedup Requests0 Weak     Min:  0.0, Avg:  0.0, Max:  0.0, Diff:  0.0, Sum:  0.0, Workers: 4
[7145.546s][debug][gc,phases      ] GC(127)     Dead                           Min: 0, Avg:  0.0, Max: 0, Diff: 0, Sum: 0, Workers: 4
[7145.546s][debug][gc,phases      ] GC(127)     Total                          Min: 0, Avg:  0.0, Max: 0, Diff: 0, Sum: 0, Workers: 4
[7145.546s][debug][gc,phases      ] GC(127)   StringDedup Requests1 Weak     Min:  0.0, Avg:  0.0, Max:  0.0, Diff:  0.0, Sum:  0.0, Workers: 4
[7145.546s][debug][gc,phases      ] GC(127)     Dead                           Min: 0, Avg:  0.0, Max: 0, Diff: 0, Sum: 0, Workers: 4
[7145.546s][debug][gc,phases      ] GC(127)     Total                          Min: 0, Avg:  0.0, Max: 0, Diff: 0, Sum: 0, Workers: 4
[7145.546s][debug][gc,phases      ] GC(127)   Weak JFR Old Object Samples    Min:  0.0, Avg:  0.0, Max:  0.0, Diff:  0.0, Sum:  0.0, Workers: 4
[7145.546s][debug][gc,phases      ] GC(127)     Dead                           Min: 0, Avg:  0.0, Max: 0, Diff: 0, Sum: 0, Workers: 4
[7145.546s][debug][gc,phases      ] GC(127)     Total                          Min: 0, Avg:  0.0, Max: 0, Diff: 0, Sum: 0, Workers: 4
[7145.546s][debug][gc,phases      ] GC(127) Weak Processing 0.440ms
[7145.546s][debug][gc,age         ] GC(127) Desired survivor size 26738688 bytes, new threshold 1 (max threshold 15)
[7145.546s][info ][gc,heap        ] GC(127) PSYoungGen: 2042640K(2067968K)->4379K(2071040K) Eden: 2039808K(2039808K)->0K(2043392K) From: 2832K(28160K)->4379K(27648K)
[7145.546s][info ][gc,heap        ] GC(127) ParOldGen: 563342K(563712K)->564114K(564224K)
[7145.546s][info ][gc,metaspace   ] GC(127) Metaspace: 108031K(109440K)->108031K(109440K) NonClass: 91837K(92608K)->91837K(92608K) Class: 16193K(16832K)->16193K(16832K)
[7145.546s][info ][gc             ] GC(127) Pause Young (Allocation Failure) 2544M->555M(2573M) 4.269ms
[7145.546s][info ][gc,cpu         ] GC(127) User=0.01s Sys=0.00s Real=0.00s
[7145.546s][info ][safepoint      ] Safepoint "ParallelGCFailedAllocation", Time since last: 2289908592 ns, Reaching safepoint: 5601 ns, Cleanup: 4100 ns, At safepoint: 4368361 ns, Total: 4378062 ns
[7153.547s][info ][safepoint      ] Safepoint "Cleanup", Time since last: 8000609096 ns, Reaching safepoint: 7301 ns, Cleanup: 9500 ns, At safepoint: 3000 ns, Total: 19801 ns
[7154.547s][info ][safepoint      ] Safepoint "Cleanup", Time since last: 1000124492 ns, Reaching safepoint: 5700 ns, Cleanup: 11901 ns, At safepoint: 3100 ns, Total: 20701 ns
[7160.548s][info ][safepoint      ] Safepoint "Cleanup", Time since last: 6000508356 ns, Reaching safepoint: 5601 ns, Cleanup: 11400 ns, At safepoint: 6101 ns, Total: 23102 ns
[7162.548s][info ][safepoint      ] Safepoint "Cleanup", Time since last: 2000189114 ns, Reaching safepoint: 5900 ns, Cleanup: 9601 ns, At safepoint: 7900 ns, Total: 23401 ns
[7163.548s][info ][safepoint      ] Safepoint "Cleanup", Time since last: 1000118609 ns, Reaching safepoint: 5700 ns, Cleanup: 9501 ns, At safepoint: 8300 ns, Total: 23501 ns
[7165.548s][info ][safepoint      ] Safepoint "Cleanup", Time since last: 2000204943 ns, Reaching safepoint: 5301 ns, Cleanup: 10400 ns, At safepoint: 11901 ns, Total: 27602 ns
[7176.549s][info ][safepoint      ] Safepoint "Cleanup", Time since last: 11000853407 ns, Reaching safepoint: 5600 ns, Cleanup: 10401 ns, At safepoint: 9100 ns, Total: 25101 ns
[7178.549s][info ][safepoint      ] Safepoint "Cleanup", Time since last: 2000226052 ns, Reaching safepoint: 9900 ns, Cleanup: 22001 ns, At safepoint: 8701 ns, Total: 40602 ns
[7188.550s][info ][safepoint      ] Safepoint "Cleanup", Time since last: 10000805637 ns, Reaching safepoint: 7800 ns, Cleanup: 12301 ns, At safepoint: 2700 ns, Total: 22801 ns
[7190.550s][info ][safepoint      ] Safepoint "Cleanup", Time since last: 2000192411 ns, Reaching safepoint: 5600 ns, Cleanup: 9901 ns, At safepoint: 3800 ns, Total: 19301 ns
[7194.551s][info ][safepoint      ] Safepoint "Cleanup", Time since last: 4000349017 ns, Reaching safepoint: 5800 ns, Cleanup: 12801 ns, At safepoint: 5801 ns, Total: 24402 ns
[7203.272s][info ][safepoint      ] Safepoint "Cleanup", Time since last: 8721696479 ns, Reaching safepoint: 7501 ns, Cleanup: 11000 ns, At safepoint: 11001 ns, Total: 29502 ns
[7204.273s][info ][safepoint      ] Safepoint "Cleanup", Time since last: 1000133246 ns, Reaching safepoint: 8900 ns, Cleanup: 16801 ns, At safepoint: 12601 ns, Total: 38302 ns
[7206.273s][info ][safepoint      ] Safepoint "Cleanup", Time since last: 2000210505 ns, Reaching safepoint: 8301 ns, Cleanup: 12300 ns, At safepoint: 39403 ns, Total: 60004 ns
[7215.795s][info ][gc,start       ] GC(128) Pause Young (Allocation Failure)
[7215.798s][debug][gc,phases      ] GC(128) Scavenge 3.091ms
[7215.798s][debug][gc,ref         ] GC(128) ReferenceProcessor::execute queues: 1, RefProcThreadModel::Single, marks_oops_alive: false
[7215.798s][debug][gc,ref         ] GC(128) Skipped KeepAliveFinalRefsPhase of Reference Processing: no references
[7215.798s][debug][gc,ref         ] GC(128) ReferenceProcessor::execute queues: 1, RefProcThreadModel::Single, marks_oops_alive: false
[7215.798s][debug][gc,phases      ] GC(128) Reference Processing 0.116ms
[7215.799s][debug][gc,phases      ] GC(128)   VM Weak                        Min:  0.0, Avg:  0.0, Max:  0.0, Diff:  0.0, Sum:  0.0, Workers: 4
[7215.799s][debug][gc,phases      ] GC(128)     Dead                           Min: 0, Avg:  0.0, Max: 0, Diff: 0, Sum: 0, Workers: 4
[7215.799s][debug][gc,phases      ] GC(128)     Total                          Min: 0, Avg: 259.0, Max: 716, Diff: 716, Sum: 1036, Workers: 4
[7215.799s][debug][gc,phases      ] GC(128)   ObjectSynchronizer Weak        Min:  0.0, Avg:  0.0, Max:  0.0, Diff:  0.0, Sum:  0.0, Workers: 4
[7215.799s][debug][gc,phases      ] GC(128)     Dead                           Min: 0, Avg:  0.0, Max: 0, Diff: 0, Sum: 0, Workers: 4
[7215.799s][debug][gc,phases      ] GC(128)     Total                          Min: 0, Avg:  0.8, Max: 3, Diff: 3, Sum: 3, Workers: 4
[7215.799s][debug][gc,phases      ] GC(128)   JVMTI Tag Weak OopStorage      Min:  0.0, Avg:  0.0, Max:  0.0, Diff:  0.0, Sum:  0.0, Workers: 4
[7215.799s][debug][gc,phases      ] GC(128)     Dead                           Min: 0, Avg:  0.0, Max: 0, Diff: 0, Sum: 0, Workers: 4
[7215.799s][debug][gc,phases      ] GC(128)     Total                          Min: 0, Avg:  0.0, Max: 0, Diff: 0, Sum: 0, Workers: 4
[7215.799s][debug][gc,phases      ] GC(128)   StringTable Weak               Min:  0.0, Avg:  0.1, Max:  0.1, Diff:  0.1, Sum:  0.4, Workers: 4
[7215.799s][debug][gc,phases      ] GC(128)     Dead                           Min: 0, Avg:  0.0, Max: 0, Diff: 0, Sum: 0, Workers: 4
[7215.799s][debug][gc,phases      ] GC(128)     Total                          Min: 0, Avg: 11712.2, Max: 16577, Diff: 16577, Sum: 46849, Workers: 4
[7215.799s][debug][gc,phases      ] GC(128)   ResolvedMethodTable Weak       Min:  0.0, Avg:  0.0, Max:  0.1, Diff:  0.1, Sum:  0.2, Workers: 4
[7215.799s][debug][gc,phases      ] GC(128)     Dead                           Min: 0, Avg:  4.0, Max: 16, Diff: 16, Sum: 16, Workers: 4
[7215.799s][debug][gc,phases      ] GC(128)     Total                          Min: 0, Avg: 3900.2, Max: 5428, Diff: 5428, Sum: 15601, Workers: 4
[7215.799s][debug][gc,phases      ] GC(128)   JNI Weak                       Min:  0.0, Avg:  0.0, Max:  0.0, Diff:  0.0, Sum:  0.0, Workers: 4
[7215.799s][debug][gc,phases      ] GC(128)     Dead                           Min: 0, Avg:  0.0, Max: 0, Diff: 0, Sum: 0, Workers: 4
[7215.799s][debug][gc,phases      ] GC(128)     Total                          Min: 0, Avg: 13.0, Max: 52, Diff: 52, Sum: 52, Workers: 4
[7215.799s][debug][gc,phases      ] GC(128)   StringDedup Table Weak         Min:  0.0, Avg:  0.0, Max:  0.0, Diff:  0.0, Sum:  0.0, Workers: 4
[7215.799s][debug][gc,phases      ] GC(128)     Dead                           Min: 0, Avg:  0.0, Max: 0, Diff: 0, Sum: 0, Workers: 4
[7215.799s][debug][gc,phases      ] GC(128)     Total                          Min: 0, Avg:  0.0, Max: 0, Diff: 0, Sum: 0, Workers: 4
[7215.799s][debug][gc,phases      ] GC(128)   StringDedup Requests0 Weak     Min:  0.0, Avg:  0.0, Max:  0.0, Diff:  0.0, Sum:  0.0, Workers: 4
[7215.799s][debug][gc,phases      ] GC(128)     Dead                           Min: 0, Avg:  0.0, Max: 0, Diff: 0, Sum: 0, Workers: 4
[7215.799s][debug][gc,phases      ] GC(128)     Total                          Min: 0, Avg:  0.0, Max: 0, Diff: 0, Sum: 0, Workers: 4
[7215.799s][debug][gc,phases      ] GC(128)   StringDedup Requests1 Weak     Min:  0.0, Avg:  0.0, Max:  0.0, Diff:  0.0, Sum:  0.0, Workers: 4
[7215.799s][debug][gc,phases      ] GC(128)     Dead                           Min: 0, Avg:  0.0, Max: 0, Diff: 0, Sum: 0, Workers: 4
[7215.799s][debug][gc,phases      ] GC(128)     Total                          Min: 0, Avg:  0.0, Max: 0, Diff: 0, Sum: 0, Workers: 4
[7215.799s][debug][gc,phases      ] GC(128)   Weak JFR Old Object Samples    Min:  0.0, Avg:  0.0, Max:  0.0, Diff:  0.0, Sum:  0.0, Workers: 4
[7215.799s][debug][gc,phases      ] GC(128)     Dead                           Min: 0, Avg:  0.0, Max: 0, Diff: 0, Sum: 0, Workers: 4
[7215.799s][debug][gc,phases      ] GC(128)     Total                          Min: 0, Avg:  0.0, Max: 0, Diff: 0, Sum: 0, Workers: 4
[7215.799s][debug][gc,phases      ] GC(128) Weak Processing 0.451ms
[7215.799s][debug][gc,age         ] GC(128) Desired survivor size 25690112 bytes, new threshold 1 (max threshold 15)
[7215.799s][info ][gc,heap        ] GC(128) PSYoungGen: 2047326K(2071040K)->3803K(2069504K) Eden: 2042947K(2043392K)->0K(2043392K) From: 4379K(27648K)->3803K(26112K)
[7215.799s][info ][gc,heap        ] GC(128) ParOldGen: 564114K(564224K)->564926K(565248K)
[7215.799s][info ][gc,metaspace   ] GC(128) Metaspace: 108034K(109440K)->108034K(109440K) NonClass: 91840K(92608K)->91840K(92608K) Class: 16193K(16832K)->16193K(16832K)
[7215.799s][info ][gc             ] GC(128) Pause Young (Allocation Failure) 2550M->555M(2573M) 3.802ms
[7215.799s][info ][gc,cpu         ] GC(128) User=0.02s Sys=0.00s Real=0.01s
[7215.799s][info ][safepoint      ] Safepoint "ParallelGCFailedAllocation", Time since last: 9522182378 ns, Reaching safepoint: 4800 ns, Cleanup: 5100 ns, At safepoint: 3886032 ns, Total: 3895932 ns
[7217.799s][info ][safepoint      ] Safepoint "Cleanup", Time since last: 2000175797 ns, Reaching safepoint: 5900 ns, Cleanup: 9901 ns, At safepoint: 5600 ns, Total: 21401 ns
[7228.800s][info ][safepoint      ] Safepoint "Cleanup", Time since last: 11000874933 ns, Reaching safepoint: 5700 ns, Cleanup: 10801 ns, At safepoint: 5300 ns, Total: 21801 ns
[7230.800s][info ][safepoint      ] Safepoint "Cleanup", Time since last: 2000194856 ns, Reaching safepoint: 5700 ns, Cleanup: 10401 ns, At safepoint: 6600 ns, Total: 22701 ns
[7232.801s][info ][safepoint      ] Safepoint "Cleanup", Time since last: 2000196255 ns, Reaching safepoint: 6000 ns, Cleanup: 12101 ns, At safepoint: 8700 ns, Total: 26801 ns
[7262.291s][info ][safepoint      ] Safepoint "Cleanup", Time since last: 29490701849 ns, Reaching safepoint: 2600 ns, Cleanup: 8801 ns, At safepoint: 6700 ns, Total: 18101 ns
[7263.292s][info ][safepoint      ] Safepoint "Cleanup", Time since last: 1000167722 ns, Reaching safepoint: 148909 ns, Cleanup: 15601 ns, At safepoint: 8600 ns, Total: 173110 ns
[7282.044s][info ][gc,start       ] GC(129) Pause Young (Allocation Failure)
[7282.048s][debug][gc,phases      ] GC(129) Scavenge 4.060ms
[7282.048s][debug][gc,ref         ] GC(129) ReferenceProcessor::execute queues: 1, RefProcThreadModel::Single, marks_oops_alive: false
[7282.048s][debug][gc,ref         ] GC(129) Skipped KeepAliveFinalRefsPhase of Reference Processing: no references
[7282.048s][debug][gc,ref         ] GC(129) ReferenceProcessor::execute queues: 1, RefProcThreadModel::Single, marks_oops_alive: false
[7282.048s][debug][gc,phases      ] GC(129) Reference Processing 0.116ms
[7282.048s][debug][gc,phases      ] GC(129)   VM Weak                        Min:  0.0, Avg:  0.0, Max:  0.0, Diff:  0.0, Sum:  0.0, Workers: 4
[7282.048s][debug][gc,phases      ] GC(129)     Dead                           Min: 0, Avg:  0.0, Max: 0, Diff: 0, Sum: 0, Workers: 4
[7282.048s][debug][gc,phases      ] GC(129)     Total                          Min: 0, Avg: 259.0, Max: 588, Diff: 588, Sum: 1036, Workers: 4
[7282.048s][debug][gc,phases      ] GC(129)   ObjectSynchronizer Weak        Min:  0.0, Avg:  0.0, Max:  0.0, Diff:  0.0, Sum:  0.0, Workers: 4
[7282.048s][debug][gc,phases      ] GC(129)     Dead                           Min: 0, Avg:  0.0, Max: 0, Diff: 0, Sum: 0, Workers: 4
[7282.048s][debug][gc,phases      ] GC(129)     Total                          Min: 0, Avg:  0.8, Max: 3, Diff: 3, Sum: 3, Workers: 4
[7282.048s][debug][gc,phases      ] GC(129)   JVMTI Tag Weak OopStorage      Min:  0.0, Avg:  0.0, Max:  0.0, Diff:  0.0, Sum:  0.0, Workers: 4
[7282.048s][debug][gc,phases      ] GC(129)     Dead                           Min: 0, Avg:  0.0, Max: 0, Diff: 0, Sum: 0, Workers: 4
[7282.049s][debug][gc,phases      ] GC(129)     Total                          Min: 0, Avg:  0.0, Max: 0, Diff: 0, Sum: 0, Workers: 4
[7282.049s][debug][gc,phases      ] GC(129)   StringTable Weak               Min:  0.0, Avg:  0.1, Max:  0.1, Diff:  0.1, Sum:  0.4, Workers: 4
[7282.049s][debug][gc,phases      ] GC(129)     Dead                           Min: 0, Avg:  0.0, Max: 0, Diff: 0, Sum: 0, Workers: 4
[7282.049s][debug][gc,phases      ] GC(129)     Total                          Min: 0, Avg: 11712.2, Max: 16192, Diff: 16192, Sum: 46849, Workers: 4
[7282.049s][debug][gc,phases      ] GC(129)   ResolvedMethodTable Weak       Min:  0.0, Avg:  0.0, Max:  0.1, Diff:  0.1, Sum:  0.2, Workers: 4
[7282.049s][debug][gc,phases      ] GC(129)     Dead                           Min: 0, Avg:  6.0, Max: 22, Diff: 22, Sum: 24, Workers: 4
[7282.049s][debug][gc,phases      ] GC(129)     Total                          Min: 0, Avg: 3900.2, Max: 5546, Diff: 5546, Sum: 15601, Workers: 4
[7282.049s][debug][gc,phases      ] GC(129)   JNI Weak                       Min:  0.0, Avg:  0.0, Max:  0.0, Diff:  0.0, Sum:  0.0, Workers: 4
[7282.049s][debug][gc,phases      ] GC(129)     Dead                           Min: 0, Avg:  0.0, Max: 0, Diff: 0, Sum: 0, Workers: 4
[7282.049s][debug][gc,phases      ] GC(129)     Total                          Min: 0, Avg: 13.0, Max: 52, Diff: 52, Sum: 52, Workers: 4
[7282.049s][debug][gc,phases      ] GC(129)   StringDedup Table Weak         Min:  0.0, Avg:  0.0, Max:  0.0, Diff:  0.0, Sum:  0.0, Workers: 4
[7282.049s][debug][gc,phases      ] GC(129)     Dead                           Min: 0, Avg:  0.0, Max: 0, Diff: 0, Sum: 0, Workers: 4
[7282.049s][debug][gc,phases      ] GC(129)     Total                          Min: 0, Avg:  0.0, Max: 0, Diff: 0, Sum: 0, Workers: 4
[7282.049s][debug][gc,phases      ] GC(129)   StringDedup Requests0 Weak     Min:  0.0, Avg:  0.0, Max:  0.0, Diff:  0.0, Sum:  0.0, Workers: 4
[7282.049s][debug][gc,phases      ] GC(129)     Dead                           Min: 0, Avg:  0.0, Max: 0, Diff: 0, Sum: 0, Workers: 4
[7282.049s][debug][gc,phases      ] GC(129)     Total                          Min: 0, Avg:  0.0, Max: 0, Diff: 0, Sum: 0, Workers: 4
[7282.049s][debug][gc,phases      ] GC(129)   StringDedup Requests1 Weak     Min:  0.0, Avg:  0.0, Max:  0.0, Diff:  0.0, Sum:  0.0, Workers: 4
[7282.049s][debug][gc,phases      ] GC(129)     Dead                           Min: 0, Avg:  0.0, Max: 0, Diff: 0, Sum: 0, Workers: 4
[7282.049s][debug][gc,phases      ] GC(129)     Total                          Min: 0, Avg:  0.0, Max: 0, Diff: 0, Sum: 0, Workers: 4
[7282.049s][debug][gc,phases      ] GC(129)   Weak JFR Old Object Samples    Min:  0.0, Avg:  0.0, Max:  0.0, Diff:  0.0, Sum:  0.0, Workers: 4
[7282.049s][debug][gc,phases      ] GC(129)     Dead                           Min: 0, Avg:  0.0, Max: 0, Diff: 0, Sum: 0, Workers: 4
[7282.049s][debug][gc,phases      ] GC(129)     Total                          Min: 0, Avg:  0.0, Max: 0, Diff: 0, Sum: 0, Workers: 4
[7282.049s][debug][gc,phases      ] GC(129) Weak Processing 0.547ms
[7282.049s][debug][gc,age         ] GC(129) Desired survivor size 24641536 bytes, new threshold 1 (max threshold 15)
[7282.049s][info ][gc,heap        ] GC(129) PSYoungGen: 2047195K(2069504K)->3764K(2073088K) Eden: 2043392K(2043392K)->0K(2048000K) From: 3803K(26112K)->3764K(25088K)
[7282.049s][info ][gc,heap        ] GC(129) ParOldGen: 564926K(565248K)->565854K(566272K)
[7282.049s][info ][gc,metaspace   ] GC(129) Metaspace: 108041K(109440K)->108041K(109440K) NonClass: 91847K(92608K)->91847K(92608K) Class: 16193K(16832K)->16193K(16832K)
[7282.049s][info ][gc             ] GC(129) Pause Young (Allocation Failure) 2550M->556M(2577M) 4.878ms
[7282.049s][info ][gc,cpu         ] GC(129) User=0.01s Sys=0.00s Real=0.00s
[7282.049s][info ][safepoint      ] Safepoint "ParallelGCFailedAllocation", Time since last: 18752214246 ns, Reaching safepoint: 5100 ns, Cleanup: 4401 ns, At safepoint: 4996898 ns, Total: 5006399 ns
[7300.050s][info ][safepoint      ] Safepoint "Cleanup", Time since last: 18001308031 ns, Reaching safepoint: 5401 ns, Cleanup: 8900 ns, At safepoint: 28502 ns, Total: 42803 ns
[7301.050s][info ][safepoint      ] Safepoint "Cleanup", Time since last: 1000106548 ns, Reaching safepoint: 7001 ns, Cleanup: 11700 ns, At safepoint: 9901 ns, Total: 28602 ns
[7322.052s][info ][safepoint      ] Safepoint "Cleanup", Time since last: 21001645312 ns, Reaching safepoint: 6201 ns, Cleanup: 9900 ns, At safepoint: 3701 ns, Total: 19802 ns
[7330.311s][info ][safepoint      ] Safepoint "Cleanup", Time since last: 8258713109 ns, Reaching safepoint: 8000 ns, Cleanup: 13101 ns, At safepoint: 6601 ns, Total: 27702 ns
[7340.312s][info ][safepoint      ] Safepoint "Cleanup", Time since last: 10000889268 ns, Reaching safepoint: 7000 ns, Cleanup: 13101 ns, At safepoint: 11701 ns, Total: 31802 ns
[7346.136s][info ][gc,start       ] GC(130) Pause Young (Allocation Failure)
[7346.140s][debug][gc,phases      ] GC(130) Scavenge 3.967ms
[7346.140s][debug][gc,ref         ] GC(130) ReferenceProcessor::execute queues: 1, RefProcThreadModel::Single, marks_oops_alive: false
[7346.140s][debug][gc,ref         ] GC(130) Skipped KeepAliveFinalRefsPhase of Reference Processing: no references
[7346.140s][debug][gc,ref         ] GC(130) ReferenceProcessor::execute queues: 1, RefProcThreadModel::Single, marks_oops_alive: false
[7346.140s][debug][gc,phases      ] GC(130) Reference Processing 0.122ms
[7346.140s][debug][gc,phases      ] GC(130)   VM Weak                        Min:  0.0, Avg:  0.0, Max:  0.0, Diff:  0.0, Sum:  0.0, Workers: 4
[7346.140s][debug][gc,phases      ] GC(130)     Dead                           Min: 0, Avg:  0.0, Max: 0, Diff: 0, Sum: 0, Workers: 4
[7346.140s][debug][gc,phases      ] GC(130)     Total                          Min: 0, Avg: 259.0, Max: 780, Diff: 780, Sum: 1036, Workers: 4
[7346.140s][debug][gc,phases      ] GC(130)   ObjectSynchronizer Weak        Min:  0.0, Avg:  0.0, Max:  0.0, Diff:  0.0, Sum:  0.0, Workers: 4
[7346.140s][debug][gc,phases      ] GC(130)     Dead                           Min: 0, Avg:  0.0, Max: 0, Diff: 0, Sum: 0, Workers: 4
[7346.140s][debug][gc,phases      ] GC(130)     Total                          Min: 0, Avg:  1.0, Max: 4, Diff: 4, Sum: 4, Workers: 4
[7346.140s][debug][gc,phases      ] GC(130)   JVMTI Tag Weak OopStorage      Min:  0.0, Avg:  0.0, Max:  0.0, Diff:  0.0, Sum:  0.0, Workers: 4
[7346.140s][debug][gc,phases      ] GC(130)     Dead                           Min: 0, Avg:  0.0, Max: 0, Diff: 0, Sum: 0, Workers: 4
[7346.140s][debug][gc,phases      ] GC(130)     Total                          Min: 0, Avg:  0.0, Max: 0, Diff: 0, Sum: 0, Workers: 4
[7346.140s][debug][gc,phases      ] GC(130)   StringTable Weak               Min:  0.0, Avg:  0.1, Max:  0.1, Diff:  0.1, Sum:  0.4, Workers: 4
[7346.140s][debug][gc,phases      ] GC(130)     Dead                           Min: 0, Avg:  0.0, Max: 0, Diff: 0, Sum: 0, Workers: 4
[7346.140s][debug][gc,phases      ] GC(130)     Total                          Min: 0, Avg: 11712.2, Max: 16256, Diff: 16256, Sum: 46849, Workers: 4
[7346.140s][debug][gc,phases      ] GC(130)   ResolvedMethodTable Weak       Min:  0.0, Avg:  0.0, Max:  0.1, Diff:  0.1, Sum:  0.2, Workers: 4
[7346.140s][debug][gc,phases      ] GC(130)     Dead                           Min: 0, Avg:  4.0, Max: 16, Diff: 16, Sum: 16, Workers: 4
[7346.140s][debug][gc,phases      ] GC(130)     Total                          Min: 0, Avg: 3900.2, Max: 5553, Diff: 5553, Sum: 15601, Workers: 4
[7346.140s][debug][gc,phases      ] GC(130)   JNI Weak                       Min:  0.0, Avg:  0.0, Max:  0.0, Diff:  0.0, Sum:  0.0, Workers: 4
[7346.140s][debug][gc,phases      ] GC(130)     Dead                           Min: 0, Avg:  0.0, Max: 0, Diff: 0, Sum: 0, Workers: 4
[7346.140s][debug][gc,phases      ] GC(130)     Total                          Min: 0, Avg: 13.0, Max: 52, Diff: 52, Sum: 52, Workers: 4
[7346.140s][debug][gc,phases      ] GC(130)   StringDedup Table Weak         Min:  0.0, Avg:  0.0, Max:  0.0, Diff:  0.0, Sum:  0.0, Workers: 4
[7346.140s][debug][gc,phases      ] GC(130)     Dead                           Min: 0, Avg:  0.0, Max: 0, Diff: 0, Sum: 0, Workers: 4
[7346.140s][debug][gc,phases      ] GC(130)     Total                          Min: 0, Avg:  0.0, Max: 0, Diff: 0, Sum: 0, Workers: 4
[7346.140s][debug][gc,phases      ] GC(130)   StringDedup Requests0 Weak     Min:  0.0, Avg:  0.0, Max:  0.0, Diff:  0.0, Sum:  0.0, Workers: 4
[7346.140s][debug][gc,phases      ] GC(130)     Dead                           Min: 0, Avg:  0.0, Max: 0, Diff: 0, Sum: 0, Workers: 4
[7346.140s][debug][gc,phases      ] GC(130)     Total                          Min: 0, Avg:  0.0, Max: 0, Diff: 0, Sum: 0, Workers: 4
[7346.140s][debug][gc,phases      ] GC(130)   StringDedup Requests1 Weak     Min:  0.0, Avg:  0.0, Max:  0.0, Diff:  0.0, Sum:  0.0, Workers: 4
[7346.140s][debug][gc,phases      ] GC(130)     Dead                           Min: 0, Avg:  0.0, Max: 0, Diff: 0, Sum: 0, Workers: 4
[7346.141s][debug][gc,phases      ] GC(130)     Total                          Min: 0, Avg:  0.0, Max: 0, Diff: 0, Sum: 0, Workers: 4
[7346.141s][debug][gc,phases      ] GC(130)   Weak JFR Old Object Samples    Min:  0.0, Avg:  0.0, Max:  0.0, Diff:  0.0, Sum:  0.0, Workers: 4
[7346.141s][debug][gc,phases      ] GC(130)     Dead                           Min: 0, Avg:  0.0, Max: 0, Diff: 0, Sum: 0, Workers: 4
[7346.141s][debug][gc,phases      ] GC(130)     Total                          Min: 0, Avg:  0.0, Max: 0, Diff: 0, Sum: 0, Workers: 4
[7346.141s][debug][gc,phases      ] GC(130) Weak Processing 0.447ms
[7346.141s][debug][gc,age         ] GC(130) Desired survivor size 23592960 bytes, new threshold 1 (max threshold 15)
[7346.141s][info ][gc,heap        ] GC(130) PSYoungGen: 2051764K(2073088K)->4368K(2072064K) Eden: 2048000K(2048000K)->0K(2048000K) From: 3764K(25088K)->4368K(24064K)
[7346.141s][info ][gc,heap        ] GC(130) ParOldGen: 565854K(566272K)->566483K(566784K)
[7346.141s][info ][gc,metaspace   ] GC(130) Metaspace: 108046K(109440K)->108046K(109440K) NonClass: 91852K(92608K)->91852K(92608K) Class: 16193K(16832K)->16193K(16832K)
[7346.141s][info ][gc             ] GC(130) Pause Young (Allocation Failure) 2556M->557M(2577M) 4.680ms
[7346.141s][info ][gc,cpu         ] GC(130) User=0.02s Sys=0.00s Real=0.01s
[7346.141s][info ][safepoint      ] Safepoint "ParallelGCFailedAllocation", Time since last: 5824097221 ns, Reaching safepoint: 81205 ns, Cleanup: 4900 ns, At safepoint: 4807802 ns, Total: 4893907 ns
[7350.141s][info ][safepoint      ] Safepoint "Cleanup", Time since last: 4000327400 ns, Reaching safepoint: 79805 ns, Cleanup: 11001 ns, At safepoint: 12300 ns, Total: 103106 ns
[7368.143s][info ][safepoint      ] Safepoint "Cleanup", Time since last: 18001513077 ns, Reaching safepoint: 100206 ns, Cleanup: 45203 ns, At safepoint: 13801 ns, Total: 159210 ns
[7370.143s][info ][safepoint      ] Safepoint "Cleanup", Time since last: 2000216858 ns, Reaching safepoint: 7300 ns, Cleanup: 12301 ns, At safepoint: 9601 ns, Total: 29202 ns
[7371.143s][info ][safepoint      ] Safepoint "Cleanup", Time since last: 1000124080 ns, Reaching safepoint: 7200 ns, Cleanup: 11001 ns, At safepoint: 9900 ns, Total: 28101 ns
[7375.144s][info ][safepoint      ] Safepoint "Cleanup", Time since last: 4000387300 ns, Reaching safepoint: 7700 ns, Cleanup: 7201 ns, At safepoint: 13001 ns, Total: 27902 ns
[7384.329s][info ][safepoint      ] Safepoint "Cleanup", Time since last: 9185570266 ns, Reaching safepoint: 10201 ns, Cleanup: 11901 ns, At safepoint: 6900 ns, Total: 29002 ns
[7393.591s][info ][gc,start       ] GC(131) Pause Young (Allocation Failure)
[7393.595s][debug][gc,phases      ] GC(131) Scavenge 3.846ms
[7393.595s][debug][gc,ref         ] GC(131) ReferenceProcessor::execute queues: 1, RefProcThreadModel::Single, marks_oops_alive: false
[7393.595s][debug][gc,ref         ] GC(131) Skipped KeepAliveFinalRefsPhase of Reference Processing: no references
[7393.595s][debug][gc,ref         ] GC(131) ReferenceProcessor::execute queues: 1, RefProcThreadModel::Single, marks_oops_alive: false
[7393.595s][debug][gc,phases      ] GC(131) Reference Processing 0.107ms
[7393.595s][debug][gc,phases      ] GC(131)   VM Weak                        Min:  0.0, Avg:  0.0, Max:  0.0, Diff:  0.0, Sum:  0.0, Workers: 4
[7393.595s][debug][gc,phases      ] GC(131)     Dead                           Min: 0, Avg:  0.0, Max: 0, Diff: 0, Sum: 0, Workers: 4
[7393.595s][debug][gc,phases      ] GC(131)     Total                          Min: 0, Avg: 259.0, Max: 768, Diff: 768, Sum: 1036, Workers: 4
[7393.595s][debug][gc,phases      ] GC(131)   ObjectSynchronizer Weak        Min:  0.0, Avg:  0.0, Max:  0.0, Diff:  0.0, Sum:  0.0, Workers: 4
[7393.595s][debug][gc,phases      ] GC(131)     Dead                           Min: 0, Avg:  0.0, Max: 0, Diff: 0, Sum: 0, Workers: 4
[7393.595s][debug][gc,phases      ] GC(131)     Total                          Min: 0, Avg:  1.0, Max: 4, Diff: 4, Sum: 4, Workers: 4
[7393.595s][debug][gc,phases      ] GC(131)   JVMTI Tag Weak OopStorage      Min:  0.0, Avg:  0.0, Max:  0.0, Diff:  0.0, Sum:  0.0, Workers: 4
[7393.595s][debug][gc,phases      ] GC(131)     Dead                           Min: 0, Avg:  0.0, Max: 0, Diff: 0, Sum: 0, Workers: 4
[7393.595s][debug][gc,phases      ] GC(131)     Total                          Min: 0, Avg:  0.0, Max: 0, Diff: 0, Sum: 0, Workers: 4
[7393.595s][debug][gc,phases      ] GC(131)   StringTable Weak               Min:  0.0, Avg:  0.1, Max:  0.1, Diff:  0.1, Sum:  0.4, Workers: 4
[7393.596s][debug][gc,phases      ] GC(131)     Dead                           Min: 0, Avg:  0.2, Max: 1, Diff: 1, Sum: 1, Workers: 4
[7393.596s][debug][gc,phases      ] GC(131)     Total                          Min: 0, Avg: 11713.5, Max: 17159, Diff: 17159, Sum: 46854, Workers: 4
[7393.596s][debug][gc,phases      ] GC(131)   ResolvedMethodTable Weak       Min:  0.0, Avg:  0.0, Max:  0.1, Diff:  0.1, Sum:  0.2, Workers: 4
[7393.596s][debug][gc,phases      ] GC(131)     Dead                           Min: 0, Avg:  4.0, Max: 16, Diff: 16, Sum: 16, Workers: 4
[7393.596s][debug][gc,phases      ] GC(131)     Total                          Min: 0, Avg: 3901.8, Max: 5572, Diff: 5572, Sum: 15607, Workers: 4
[7393.596s][debug][gc,phases      ] GC(131)   JNI Weak                       Min:  0.0, Avg:  0.0, Max:  0.0, Diff:  0.0, Sum:  0.0, Workers: 4
[7393.596s][debug][gc,phases      ] GC(131)     Dead                           Min: 0, Avg:  0.0, Max: 0, Diff: 0, Sum: 0, Workers: 4
[7393.596s][debug][gc,phases      ] GC(131)     Total                          Min: 0, Avg: 13.0, Max: 52, Diff: 52, Sum: 52, Workers: 4
[7393.596s][debug][gc,phases      ] GC(131)   StringDedup Table Weak         Min:  0.0, Avg:  0.0, Max:  0.0, Diff:  0.0, Sum:  0.0, Workers: 4
[7393.596s][debug][gc,phases      ] GC(131)     Dead                           Min: 0, Avg:  0.0, Max: 0, Diff: 0, Sum: 0, Workers: 4
[7393.596s][debug][gc,phases      ] GC(131)     Total                          Min: 0, Avg:  0.0, Max: 0, Diff: 0, Sum: 0, Workers: 4
[7393.596s][debug][gc,phases      ] GC(131)   StringDedup Requests0 Weak     Min:  0.0, Avg:  0.0, Max:  0.0, Diff:  0.0, Sum:  0.0, Workers: 4
[7393.596s][debug][gc,phases      ] GC(131)     Dead                           Min: 0, Avg:  0.0, Max: 0, Diff: 0, Sum: 0, Workers: 4
[7393.596s][debug][gc,phases      ] GC(131)     Total                          Min: 0, Avg:  0.0, Max: 0, Diff: 0, Sum: 0, Workers: 4
[7393.596s][debug][gc,phases      ] GC(131)   StringDedup Requests1 Weak     Min:  0.0, Avg:  0.0, Max:  0.0, Diff:  0.0, Sum:  0.0, Workers: 4
[7393.596s][debug][gc,phases      ] GC(131)     Dead                           Min: 0, Avg:  0.0, Max: 0, Diff: 0, Sum: 0, Workers: 4
[7393.596s][debug][gc,phases      ] GC(131)     Total                          Min: 0, Avg:  0.0, Max: 0, Diff: 0, Sum: 0, Workers: 4
[7393.596s][debug][gc,phases      ] GC(131)   Weak JFR Old Object Samples    Min:  0.0, Avg:  0.0, Max:  0.0, Diff:  0.0, Sum:  0.0, Workers: 4
[7393.596s][debug][gc,phases      ] GC(131)     Dead                           Min: 0, Avg:  0.0, Max: 0, Diff: 0, Sum: 0, Workers: 4
[7393.596s][debug][gc,phases      ] GC(131)     Total                          Min: 0, Avg:  0.0, Max: 0, Diff: 0, Sum: 0, Workers: 4
[7393.596s][debug][gc,phases      ] GC(131) Weak Processing 0.447ms
[7393.596s][debug][gc,age         ] GC(131) Desired survivor size 22544384 bytes, new threshold 1 (max threshold 15)
[7393.596s][info ][gc,heap        ] GC(131) PSYoungGen: 2052368K(2072064K)->4052K(2075136K) Eden: 2048000K(2048000K)->0K(2052096K) From: 4368K(24064K)->4052K(23040K)
[7393.596s][info ][gc,heap        ] GC(131) ParOldGen: 566483K(566784K)->567263K(567296K)
[7393.596s][info ][gc,metaspace   ] GC(131) Metaspace: 108074K(109504K)->108074K(109504K) NonClass: 91878K(92672K)->91878K(92672K) Class: 16196K(16832K)->16196K(16832K)
[7393.596s][info ][gc             ] GC(131) Pause Young (Allocation Failure) 2557M->557M(2580M) 4.533ms
[7393.596s][info ][gc,cpu         ] GC(131) User=0.01s Sys=0.00s Real=0.00s
[7393.596s][info ][safepoint      ] Safepoint "ParallelGCFailedAllocation", Time since last: 9261876248 ns, Reaching safepoint: 78805 ns, Cleanup: 4800 ns, At safepoint: 4617785 ns, Total: 4701390 ns
[7396.596s][info ][safepoint      ] Safepoint "Cleanup", Time since last: 3000282232 ns, Reaching safepoint: 6200 ns, Cleanup: 12201 ns, At safepoint: 31502 ns, Total: 49903 ns
[7409.597s][info ][safepoint      ] Safepoint "Cleanup", Time since last: 13001003661 ns, Reaching safepoint: 5700 ns, Cleanup: 11101 ns, At safepoint: 12301 ns, Total: 29102 ns
[7411.597s][info ][safepoint      ] Safepoint "Cleanup", Time since last: 2000225361 ns, Reaching safepoint: 5501 ns, Cleanup: 9800 ns, At safepoint: 11601 ns, Total: 26902 ns
[7466.336s][info ][gc,start       ] GC(132) Pause Young (Allocation Failure)
[7466.340s][debug][gc,phases      ] GC(132) Scavenge 4.275ms
[7466.341s][debug][gc,ref         ] GC(132) ReferenceProcessor::execute queues: 1, RefProcThreadModel::Single, marks_oops_alive: false
[7466.341s][debug][gc,ref         ] GC(132) Skipped KeepAliveFinalRefsPhase of Reference Processing: no references
[7466.341s][debug][gc,ref         ] GC(132) ReferenceProcessor::execute queues: 1, RefProcThreadModel::Single, marks_oops_alive: false
[7466.341s][debug][gc,phases      ] GC(132) Reference Processing 0.135ms
[7466.341s][debug][gc,phases      ] GC(132)   VM Weak                        Min:  0.0, Avg:  0.0, Max:  0.0, Diff:  0.0, Sum:  0.0, Workers: 4
[7466.341s][debug][gc,phases      ] GC(132)     Dead                           Min: 0, Avg:  0.0, Max: 0, Diff: 0, Sum: 0, Workers: 4
[7466.341s][debug][gc,phases      ] GC(132)     Total                          Min: 0, Avg: 259.0, Max: 768, Diff: 768, Sum: 1036, Workers: 4
[7466.341s][debug][gc,phases      ] GC(132)   ObjectSynchronizer Weak        Min:  0.0, Avg:  0.0, Max:  0.0, Diff:  0.0, Sum:  0.0, Workers: 4
[7466.341s][debug][gc,phases      ] GC(132)     Dead                           Min: 0, Avg:  0.0, Max: 0, Diff: 0, Sum: 0, Workers: 4
[7466.341s][debug][gc,phases      ] GC(132)     Total                          Min: 0, Avg:  1.0, Max: 4, Diff: 4, Sum: 4, Workers: 4
[7466.341s][debug][gc,phases      ] GC(132)   JVMTI Tag Weak OopStorage      Min:  0.0, Avg:  0.0, Max:  0.0, Diff:  0.0, Sum:  0.0, Workers: 4
[7466.341s][debug][gc,phases      ] GC(132)     Dead                           Min: 0, Avg:  0.0, Max: 0, Diff: 0, Sum: 0, Workers: 4
[7466.341s][debug][gc,phases      ] GC(132)     Total                          Min: 0, Avg:  0.0, Max: 0, Diff: 0, Sum: 0, Workers: 4
[7466.341s][debug][gc,phases      ] GC(132)   StringTable Weak               Min:  0.1, Avg:  0.1, Max:  0.1, Diff:  0.0, Sum:  0.5, Workers: 4
[7466.341s][debug][gc,phases      ] GC(132)     Dead                           Min: 0, Avg:  0.2, Max: 1, Diff: 1, Sum: 1, Workers: 4
[7466.341s][debug][gc,phases      ] GC(132)     Total                          Min: 11392, Avg: 11720.2, Max: 12641, Diff: 1249, Sum: 46881, Workers: 4
[7466.341s][debug][gc,phases      ] GC(132)   ResolvedMethodTable Weak       Min:  0.0, Avg:  0.0, Max:  0.0, Diff:  0.0, Sum:  0.2, Workers: 4
[7466.341s][debug][gc,phases      ] GC(132)     Dead                           Min: 0, Avg:  9.8, Max: 20, Diff: 20, Sum: 39, Workers: 4
[7466.341s][debug][gc,phases      ] GC(132)     Total                          Min: 3721, Avg: 3909.2, Max: 4098, Diff: 377, Sum: 15637, Workers: 4
[7466.341s][debug][gc,phases      ] GC(132)   JNI Weak                       Min:  0.0, Avg:  0.0, Max:  0.0, Diff:  0.0, Sum:  0.0, Workers: 4
[7466.341s][debug][gc,phases      ] GC(132)     Dead                           Min: 0, Avg:  0.0, Max: 0, Diff: 0, Sum: 0, Workers: 4
[7466.341s][debug][gc,phases      ] GC(132)     Total                          Min: 0, Avg: 13.0, Max: 52, Diff: 52, Sum: 52, Workers: 4
[7466.341s][debug][gc,phases      ] GC(132)   StringDedup Table Weak         Min:  0.0, Avg:  0.0, Max:  0.0, Diff:  0.0, Sum:  0.0, Workers: 4
[7466.341s][debug][gc,phases      ] GC(132)     Dead                           Min: 0, Avg:  0.0, Max: 0, Diff: 0, Sum: 0, Workers: 4
[7466.341s][debug][gc,phases      ] GC(132)     Total                          Min: 0, Avg:  0.0, Max: 0, Diff: 0, Sum: 0, Workers: 4
[7466.341s][debug][gc,phases      ] GC(132)   StringDedup Requests0 Weak     Min:  0.0, Avg:  0.0, Max:  0.0, Diff:  0.0, Sum:  0.0, Workers: 4
[7466.341s][debug][gc,phases      ] GC(132)     Dead                           Min: 0, Avg:  0.0, Max: 0, Diff: 0, Sum: 0, Workers: 4
[7466.341s][debug][gc,phases      ] GC(132)     Total                          Min: 0, Avg:  0.0, Max: 0, Diff: 0, Sum: 0, Workers: 4
[7466.341s][debug][gc,phases      ] GC(132)   StringDedup Requests1 Weak     Min:  0.0, Avg:  0.0, Max:  0.0, Diff:  0.0, Sum:  0.0, Workers: 4
[7466.341s][debug][gc,phases      ] GC(132)     Dead                           Min: 0, Avg:  0.0, Max: 0, Diff: 0, Sum: 0, Workers: 4
[7466.341s][debug][gc,phases      ] GC(132)     Total                          Min: 0, Avg:  0.0, Max: 0, Diff: 0, Sum: 0, Workers: 4
[7466.341s][debug][gc,phases      ] GC(132)   Weak JFR Old Object Samples    Min:  0.0, Avg:  0.0, Max:  0.0, Diff:  0.0, Sum:  0.0, Workers: 4
[7466.341s][debug][gc,phases      ] GC(132)     Dead                           Min: 0, Avg:  0.0, Max: 0, Diff: 0, Sum: 0, Workers: 4
[7466.341s][debug][gc,phases      ] GC(132)     Total                          Min: 0, Avg:  0.0, Max: 0, Diff: 0, Sum: 0, Workers: 4
[7466.341s][debug][gc,phases      ] GC(132) Weak Processing 0.400ms
[7466.341s][debug][gc,age         ] GC(132) Desired survivor size 21495808 bytes, new threshold 1 (max threshold 15)
[7466.341s][info ][gc,heap        ] GC(132) PSYoungGen: 2056148K(2075136K)->4905K(2074112K) Eden: 2052096K(2052096K)->0K(2052096K) From: 4052K(23040K)->4905K(22016K)
[7466.341s][info ][gc,heap        ] GC(132) ParOldGen: 567263K(567296K)->568587K(568832K)
[7466.341s][info ][gc,metaspace   ] GC(132) Metaspace: 108130K(109504K)->108130K(109504K) NonClass: 91920K(92672K)->91920K(92672K) Class: 16209K(16832K)->16209K(16832K)
[7466.341s][info ][gc             ] GC(132) Pause Young (Allocation Failure) 2561M->560M(2581M) 4.968ms
[7466.341s][info ][gc,cpu         ] GC(132) User=0.02s Sys=0.00s Real=0.01s
[7466.341s][info ][safepoint      ] Safepoint "ParallelGCFailedAllocation", Time since last: 54738709198 ns, Reaching safepoint: 6900 ns, Cleanup: 7801 ns, At safepoint: 5050310 ns, Total: 5065011 ns
[7476.342s][info ][safepoint      ] Safepoint "Cleanup", Time since last: 10000759107 ns, Reaching safepoint: 6000 ns, Cleanup: 11001 ns, At safepoint: 11600 ns, Total: 28601 ns
[7538.586s][info ][gc,start       ] GC(133) Pause Young (Allocation Failure)
[7538.591s][debug][gc,phases      ] GC(133) Scavenge 4.714ms
[7538.591s][debug][gc,ref         ] GC(133) ReferenceProcessor::execute queues: 1, RefProcThreadModel::Single, marks_oops_alive: false
[7538.591s][debug][gc,ref         ] GC(133) Skipped KeepAliveFinalRefsPhase of Reference Processing: no references
[7538.591s][debug][gc,ref         ] GC(133) ReferenceProcessor::execute queues: 1, RefProcThreadModel::Single, marks_oops_alive: false
[7538.591s][debug][gc,phases      ] GC(133) Reference Processing 0.113ms
[7538.592s][debug][gc,phases      ] GC(133)   VM Weak                        Min:  0.0, Avg:  0.0, Max:  0.0, Diff:  0.0, Sum:  0.0, Workers: 4
[7538.592s][debug][gc,phases      ] GC(133)     Dead                           Min: 0, Avg:  0.0, Max: 0, Diff: 0, Sum: 0, Workers: 4
[7538.592s][debug][gc,phases      ] GC(133)     Total                          Min: 0, Avg: 259.0, Max: 1036, Diff: 1036, Sum: 1036, Workers: 4
[7538.592s][debug][gc,phases      ] GC(133)   ObjectSynchronizer Weak        Min:  0.0, Avg:  0.0, Max:  0.0, Diff:  0.0, Sum:  0.0, Workers: 4
[7538.592s][debug][gc,phases      ] GC(133)     Dead                           Min: 0, Avg:  0.0, Max: 0, Diff: 0, Sum: 0, Workers: 4
[7538.592s][debug][gc,phases      ] GC(133)     Total                          Min: 0, Avg:  1.0, Max: 4, Diff: 4, Sum: 4, Workers: 4
[7538.592s][debug][gc,phases      ] GC(133)   JVMTI Tag Weak OopStorage      Min:  0.0, Avg:  0.0, Max:  0.0, Diff:  0.0, Sum:  0.0, Workers: 4
[7538.592s][debug][gc,phases      ] GC(133)     Dead                           Min: 0, Avg:  0.0, Max: 0, Diff: 0, Sum: 0, Workers: 4
[7538.592s][debug][gc,phases      ] GC(133)     Total                          Min: 0, Avg:  0.0, Max: 0, Diff: 0, Sum: 0, Workers: 4
[7538.592s][debug][gc,phases      ] GC(133)   StringTable Weak               Min:  0.0, Avg:  0.1, Max:  0.2, Diff:  0.2, Sum:  0.4, Workers: 4
[7538.592s][debug][gc,phases      ] GC(133)     Dead                           Min: 0, Avg:  0.0, Max: 0, Diff: 0, Sum: 0, Workers: 4
[7538.592s][debug][gc,phases      ] GC(133)     Total                          Min: 0, Avg: 11720.2, Max: 20066, Diff: 20066, Sum: 46881, Workers: 4
[7538.592s][debug][gc,phases      ] GC(133)   ResolvedMethodTable Weak       Min:  0.0, Avg:  0.0, Max:  0.1, Diff:  0.1, Sum:  0.2, Workers: 4
[7538.592s][debug][gc,phases      ] GC(133)     Dead                           Min: 0, Avg:  4.0, Max: 10, Diff: 10, Sum: 16, Workers: 4
[7538.592s][debug][gc,phases      ] GC(133)     Total                          Min: 0, Avg: 3909.2, Max: 5868, Diff: 5868, Sum: 15637, Workers: 4
[7538.592s][debug][gc,phases      ] GC(133)   JNI Weak                       Min:  0.0, Avg:  0.0, Max:  0.0, Diff:  0.0, Sum:  0.0, Workers: 4
[7538.592s][debug][gc,phases      ] GC(133)     Dead                           Min: 0, Avg:  0.0, Max: 0, Diff: 0, Sum: 0, Workers: 4
[7538.592s][debug][gc,phases      ] GC(133)     Total                          Min: 0, Avg: 13.0, Max: 52, Diff: 52, Sum: 52, Workers: 4
[7538.592s][debug][gc,phases      ] GC(133)   StringDedup Table Weak         Min:  0.0, Avg:  0.0, Max:  0.0, Diff:  0.0, Sum:  0.0, Workers: 4
[7538.592s][debug][gc,phases      ] GC(133)     Dead                           Min: 0, Avg:  0.0, Max: 0, Diff: 0, Sum: 0, Workers: 4
[7538.592s][debug][gc,phases      ] GC(133)     Total                          Min: 0, Avg:  0.0, Max: 0, Diff: 0, Sum: 0, Workers: 4
[7538.592s][debug][gc,phases      ] GC(133)   StringDedup Requests0 Weak     Min:  0.0, Avg:  0.0, Max:  0.0, Diff:  0.0, Sum:  0.0, Workers: 4
[7538.592s][debug][gc,phases      ] GC(133)     Dead                           Min: 0, Avg:  0.0, Max: 0, Diff: 0, Sum: 0, Workers: 4
[7538.592s][debug][gc,phases      ] GC(133)     Total                          Min: 0, Avg:  0.0, Max: 0, Diff: 0, Sum: 0, Workers: 4
[7538.592s][debug][gc,phases      ] GC(133)   StringDedup Requests1 Weak     Min:  0.0, Avg:  0.0, Max:  0.0, Diff:  0.0, Sum:  0.0, Workers: 4
[7538.592s][debug][gc,phases      ] GC(133)     Dead                           Min: 0, Avg:  0.0, Max: 0, Diff: 0, Sum: 0, Workers: 4
[7538.592s][debug][gc,phases      ] GC(133)     Total                          Min: 0, Avg:  0.0, Max: 0, Diff: 0, Sum: 0, Workers: 4
[7538.592s][debug][gc,phases      ] GC(133)   Weak JFR Old Object Samples    Min:  0.0, Avg:  0.0, Max:  0.0, Diff:  0.0, Sum:  0.0, Workers: 4
[7538.592s][debug][gc,phases      ] GC(133)     Dead                           Min: 0, Avg:  0.0, Max: 0, Diff: 0, Sum: 0, Workers: 4
[7538.592s][debug][gc,phases      ] GC(133)     Total                          Min: 0, Avg:  0.0, Max: 0, Diff: 0, Sum: 0, Workers: 4
[7538.592s][debug][gc,phases      ] GC(133) Weak Processing 0.469ms
[7538.592s][debug][gc,age         ] GC(133) Desired survivor size 20447232 bytes, new threshold 1 (max threshold 15)
[7538.592s][info ][gc,heap        ] GC(133) PSYoungGen: 2057001K(2074112K)->4128K(2077184K) Eden: 2052096K(2052096K)->0K(2056192K) From: 4905K(22016K)->4128K(20992K)
[7538.592s][info ][gc,heap        ] GC(133) ParOldGen: 568587K(568832K)->570060K(570368K)
[7538.592s][info ][gc,metaspace   ] GC(133) Metaspace: 108135K(109504K)->108135K(109504K) NonClass: 91925K(92672K)->91925K(92672K) Class: 16209K(16832K)->16209K(16832K)
[7538.592s][info ][gc             ] GC(133) Pause Young (Allocation Failure) 2564M->560M(2585M) 5.453ms
[7538.592s][info ][gc,cpu         ] GC(133) User=0.02s Sys=0.00s Real=0.01s
[7538.592s][info ][safepoint      ] Safepoint "ParallelGCFailedAllocation", Time since last: 62244367140 ns, Reaching safepoint: 82805 ns, Cleanup: 4600 ns, At safepoint: 5542333 ns, Total: 5629738 ns
[7542.592s][info ][safepoint      ] Safepoint "Cleanup", Time since last: 4000320672 ns, Reaching safepoint: 6500 ns, Cleanup: 11301 ns, At safepoint: 10401 ns, Total: 28202 ns
[7583.387s][info ][safepoint      ] Safepoint "Cleanup", Time since last: 40794220671 ns, Reaching safepoint: 77404 ns, Cleanup: 11201 ns, At safepoint: 12401 ns, Total: 101006 ns
[7584.387s][info ][safepoint      ] Safepoint "Cleanup", Time since last: 1000127997 ns, Reaching safepoint: 78005 ns, Cleanup: 11801 ns, At safepoint: 12700 ns, Total: 102506 ns
[7609.687s][info ][gc,start       ] GC(134) Pause Young (Allocation Failure)
[7609.690s][debug][gc,phases      ] GC(134) Scavenge 3.371ms
[7609.690s][debug][gc,ref         ] GC(134) ReferenceProcessor::execute queues: 1, RefProcThreadModel::Single, marks_oops_alive: false
[7609.690s][debug][gc,ref         ] GC(134) Skipped KeepAliveFinalRefsPhase of Reference Processing: no references
[7609.690s][debug][gc,ref         ] GC(134) ReferenceProcessor::execute queues: 1, RefProcThreadModel::Single, marks_oops_alive: false
[7609.691s][debug][gc,phases      ] GC(134) Reference Processing 0.135ms
[7609.691s][debug][gc,phases      ] GC(134)   VM Weak                        Min:  0.0, Avg:  0.0, Max:  0.0, Diff:  0.0, Sum:  0.0, Workers: 4
[7609.691s][debug][gc,phases      ] GC(134)     Dead                           Min: 0, Avg:  0.0, Max: 0, Diff: 0, Sum: 0, Workers: 4
[7609.691s][debug][gc,phases      ] GC(134)     Total                          Min: 0, Avg: 259.0, Max: 716, Diff: 716, Sum: 1036, Workers: 4
[7609.691s][debug][gc,phases      ] GC(134)   ObjectSynchronizer Weak        Min:  0.0, Avg:  0.0, Max:  0.0, Diff:  0.0, Sum:  0.0, Workers: 4
[7609.691s][debug][gc,phases      ] GC(134)     Dead                           Min: 0, Avg:  0.0, Max: 0, Diff: 0, Sum: 0, Workers: 4
[7609.691s][debug][gc,phases      ] GC(134)     Total                          Min: 0, Avg:  1.0, Max: 4, Diff: 4, Sum: 4, Workers: 4
[7609.691s][debug][gc,phases      ] GC(134)   JVMTI Tag Weak OopStorage      Min:  0.0, Avg:  0.0, Max:  0.0, Diff:  0.0, Sum:  0.0, Workers: 4
[7609.691s][debug][gc,phases      ] GC(134)     Dead                           Min: 0, Avg:  0.0, Max: 0, Diff: 0, Sum: 0, Workers: 4
[7609.691s][debug][gc,phases      ] GC(134)     Total                          Min: 0, Avg:  0.0, Max: 0, Diff: 0, Sum: 0, Workers: 4
[7609.691s][debug][gc,phases      ] GC(134)   StringTable Weak               Min:  0.0, Avg:  0.1, Max:  0.1, Diff:  0.1, Sum:  0.4, Workers: 4
[7609.691s][debug][gc,phases      ] GC(134)     Dead                           Min: 0, Avg:  0.0, Max: 0, Diff: 0, Sum: 0, Workers: 4
[7609.691s][debug][gc,phases      ] GC(134)     Total                          Min: 0, Avg: 11720.2, Max: 17728, Diff: 17728, Sum: 46881, Workers: 4
[7609.691s][debug][gc,phases      ] GC(134)   ResolvedMethodTable Weak       Min:  0.0, Avg:  0.0, Max:  0.1, Diff:  0.1, Sum:  0.2, Workers: 4
[7609.691s][debug][gc,phases      ] GC(134)     Dead                           Min: 0, Avg:  4.0, Max: 12, Diff: 12, Sum: 16, Workers: 4
[7609.691s][debug][gc,phases      ] GC(134)     Total                          Min: 0, Avg: 3909.2, Max: 5901, Diff: 5901, Sum: 15637, Workers: 4
[7609.691s][debug][gc,phases      ] GC(134)   JNI Weak                       Min:  0.0, Avg:  0.0, Max:  0.0, Diff:  0.0, Sum:  0.0, Workers: 4
[7609.691s][debug][gc,phases      ] GC(134)     Dead                           Min: 0, Avg:  0.0, Max: 0, Diff: 0, Sum: 0, Workers: 4
[7609.691s][debug][gc,phases      ] GC(134)     Total                          Min: 0, Avg: 13.0, Max: 52, Diff: 52, Sum: 52, Workers: 4
[7609.691s][debug][gc,phases      ] GC(134)   StringDedup Table Weak         Min:  0.0, Avg:  0.0, Max:  0.0, Diff:  0.0, Sum:  0.0, Workers: 4
[7609.691s][debug][gc,phases      ] GC(134)     Dead                           Min: 0, Avg:  0.0, Max: 0, Diff: 0, Sum: 0, Workers: 4
[7609.691s][debug][gc,phases      ] GC(134)     Total                          Min: 0, Avg:  0.0, Max: 0, Diff: 0, Sum: 0, Workers: 4
[7609.691s][debug][gc,phases      ] GC(134)   StringDedup Requests0 Weak     Min:  0.0, Avg:  0.0, Max:  0.0, Diff:  0.0, Sum:  0.0, Workers: 4
[7609.691s][debug][gc,phases      ] GC(134)     Dead                           Min: 0, Avg:  0.0, Max: 0, Diff: 0, Sum: 0, Workers: 4
[7609.691s][debug][gc,phases      ] GC(134)     Total                          Min: 0, Avg:  0.0, Max: 0, Diff: 0, Sum: 0, Workers: 4
[7609.691s][debug][gc,phases      ] GC(134)   StringDedup Requests1 Weak     Min:  0.0, Avg:  0.0, Max:  0.0, Diff:  0.0, Sum:  0.0, Workers: 4
[7609.691s][debug][gc,phases      ] GC(134)     Dead                           Min: 0, Avg:  0.0, Max: 0, Diff: 0, Sum: 0, Workers: 4
[7609.691s][debug][gc,phases      ] GC(134)     Total                          Min: 0, Avg:  0.0, Max: 0, Diff: 0, Sum: 0, Workers: 4
[7609.691s][debug][gc,phases      ] GC(134)   Weak JFR Old Object Samples    Min:  0.0, Avg:  0.0, Max:  0.0, Diff:  0.0, Sum:  0.0, Workers: 4
[7609.691s][debug][gc,phases      ] GC(134)     Dead                           Min: 0, Avg:  0.0, Max: 0, Diff: 0, Sum: 0, Workers: 4
[7609.691s][debug][gc,phases      ] GC(134)     Total                          Min: 0, Avg:  0.0, Max: 0, Diff: 0, Sum: 0, Workers: 4
[7609.691s][debug][gc,phases      ] GC(134) Weak Processing 0.440ms
[7609.691s][debug][gc,age         ] GC(134) Desired survivor size 19398656 bytes, new threshold 1 (max threshold 15)
[7609.691s][info ][gc,heap        ] GC(134) PSYoungGen: 2060320K(2077184K)->3063K(2076160K) Eden: 2056192K(2056192K)->0K(2056192K) From: 4128K(20992K)->3063K(19968K)
[7609.691s][info ][gc,heap        ] GC(134) ParOldGen: 570060K(570368K)->571641K(571904K)
[7609.691s][info ][gc,metaspace   ] GC(134) Metaspace: 108138K(109504K)->108138K(109504K) NonClass: 91928K(92672K)->91928K(92672K) Class: 16209K(16832K)->16209K(16832K)
[7609.691s][info ][gc             ] GC(134) Pause Young (Allocation Failure) 2568M->561M(2586M) 4.104ms
[7609.691s][info ][gc,cpu         ] GC(134) User=0.02s Sys=0.00s Real=0.01s
[7609.691s][info ][safepoint      ] Safepoint "ParallelGCFailedAllocation", Time since last: 25300037788 ns, Reaching safepoint: 6801 ns, Cleanup: 5700 ns, At safepoint: 4195756 ns, Total: 4208257 ns
[7618.692s][info ][safepoint      ] Safepoint "Cleanup", Time since last: 9000703927 ns, Reaching safepoint: 6301 ns, Cleanup: 9600 ns, At safepoint: 8401 ns, Total: 24302 ns
[7629.404s][info ][safepoint      ] Safepoint "Cleanup", Time since last: 10712385262 ns, Reaching safepoint: 8701 ns, Cleanup: 16401 ns, At safepoint: 2600 ns, Total: 27702 ns
[7630.404s][info ][safepoint      ] Safepoint "Cleanup", Time since last: 1000144180 ns, Reaching safepoint: 9400 ns, Cleanup: 11301 ns, At safepoint: 3700 ns, Total: 24401 ns
[7654.406s][info ][safepoint      ] Safepoint "Cleanup", Time since last: 24001827795 ns, Reaching safepoint: 5700 ns, Cleanup: 9801 ns, At safepoint: 7400 ns, Total: 22901 ns
[7661.407s][info ][safepoint      ] Safepoint "Cleanup", Time since last: 7000606394 ns, Reaching safepoint: 7900 ns, Cleanup: 10401 ns, At safepoint: 4700 ns, Total: 23001 ns
[7670.408s][info ][safepoint      ] Safepoint "Cleanup", Time since last: 9000744899 ns, Reaching safepoint: 6401 ns, Cleanup: 13101 ns, At safepoint: 4900 ns, Total: 24402 ns
[7679.836s][info ][gc,start       ] GC(135) Pause Young (Allocation Failure)
[7679.839s][debug][gc,phases      ] GC(135) Scavenge 3.233ms
[7679.839s][debug][gc,ref         ] GC(135) ReferenceProcessor::execute queues: 1, RefProcThreadModel::Single, marks_oops_alive: false
[7679.839s][debug][gc,ref         ] GC(135) Skipped KeepAliveFinalRefsPhase of Reference Processing: no references
[7679.839s][debug][gc,ref         ] GC(135) ReferenceProcessor::execute queues: 1, RefProcThreadModel::Single, marks_oops_alive: false
[7679.839s][debug][gc,phases      ] GC(135) Reference Processing 0.119ms
[7679.840s][debug][gc,phases      ] GC(135)   VM Weak                        Min:  0.0, Avg:  0.0, Max:  0.0, Diff:  0.0, Sum:  0.0, Workers: 4
[7679.840s][debug][gc,phases      ] GC(135)     Dead                           Min: 0, Avg:  0.0, Max: 0, Diff: 0, Sum: 0, Workers: 4
[7679.840s][debug][gc,phases      ] GC(135)     Total                          Min: 0, Avg: 259.0, Max: 652, Diff: 652, Sum: 1036, Workers: 4
[7679.840s][debug][gc,phases      ] GC(135)   ObjectSynchronizer Weak        Min:  0.0, Avg:  0.0, Max:  0.0, Diff:  0.0, Sum:  0.0, Workers: 4
[7679.840s][debug][gc,phases      ] GC(135)     Dead                           Min: 0, Avg:  0.0, Max: 0, Diff: 0, Sum: 0, Workers: 4
[7679.840s][debug][gc,phases      ] GC(135)     Total                          Min: 0, Avg:  1.0, Max: 4, Diff: 4, Sum: 4, Workers: 4
[7679.840s][debug][gc,phases      ] GC(135)   JVMTI Tag Weak OopStorage      Min:  0.0, Avg:  0.0, Max:  0.0, Diff:  0.0, Sum:  0.0, Workers: 4
[7679.840s][debug][gc,phases      ] GC(135)     Dead                           Min: 0, Avg:  0.0, Max: 0, Diff: 0, Sum: 0, Workers: 4
[7679.840s][debug][gc,phases      ] GC(135)     Total                          Min: 0, Avg:  0.0, Max: 0, Diff: 0, Sum: 0, Workers: 4
[7679.840s][debug][gc,phases      ] GC(135)   StringTable Weak               Min:  0.0, Avg:  0.1, Max:  0.1, Diff:  0.1, Sum:  0.4, Workers: 4
[7679.840s][debug][gc,phases      ] GC(135)     Dead                           Min: 0, Avg:  0.0, Max: 0, Diff: 0, Sum: 0, Workers: 4
[7679.840s][debug][gc,phases      ] GC(135)     Total                          Min: 0, Avg: 11720.2, Max: 16896, Diff: 16896, Sum: 46881, Workers: 4
[7679.840s][debug][gc,phases      ] GC(135)   ResolvedMethodTable Weak       Min:  0.0, Avg:  0.0, Max:  0.0, Diff:  0.0, Sum:  0.1, Workers: 4
[7679.840s][debug][gc,phases      ] GC(135)     Dead                           Min: 0, Avg:  4.0, Max: 16, Diff: 16, Sum: 16, Workers: 4
[7679.840s][debug][gc,phases      ] GC(135)     Total                          Min: 0, Avg: 3909.2, Max: 5809, Diff: 5809, Sum: 15637, Workers: 4
[7679.840s][debug][gc,phases      ] GC(135)   JNI Weak                       Min:  0.0, Avg:  0.0, Max:  0.0, Diff:  0.0, Sum:  0.0, Workers: 4
[7679.840s][debug][gc,phases      ] GC(135)     Dead                           Min: 0, Avg:  0.0, Max: 0, Diff: 0, Sum: 0, Workers: 4
[7679.840s][debug][gc,phases      ] GC(135)     Total                          Min: 0, Avg: 13.0, Max: 52, Diff: 52, Sum: 52, Workers: 4
[7679.840s][debug][gc,phases      ] GC(135)   StringDedup Table Weak         Min:  0.0, Avg:  0.0, Max:  0.0, Diff:  0.0, Sum:  0.0, Workers: 4
[7679.840s][debug][gc,phases      ] GC(135)     Dead                           Min: 0, Avg:  0.0, Max: 0, Diff: 0, Sum: 0, Workers: 4
[7679.840s][debug][gc,phases      ] GC(135)     Total                          Min: 0, Avg:  0.0, Max: 0, Diff: 0, Sum: 0, Workers: 4
[7679.840s][debug][gc,phases      ] GC(135)   StringDedup Requests0 Weak     Min:  0.0, Avg:  0.0, Max:  0.0, Diff:  0.0, Sum:  0.0, Workers: 4
[7679.840s][debug][gc,phases      ] GC(135)     Dead                           Min: 0, Avg:  0.0, Max: 0, Diff: 0, Sum: 0, Workers: 4
[7679.840s][debug][gc,phases      ] GC(135)     Total                          Min: 0, Avg:  0.0, Max: 0, Diff: 0, Sum: 0, Workers: 4
[7679.840s][debug][gc,phases      ] GC(135)   StringDedup Requests1 Weak     Min:  0.0, Avg:  0.0, Max:  0.0, Diff:  0.0, Sum:  0.0, Workers: 4
[7679.840s][debug][gc,phases      ] GC(135)     Dead                           Min: 0, Avg:  0.0, Max: 0, Diff: 0, Sum: 0, Workers: 4
[7679.840s][debug][gc,phases      ] GC(135)     Total                          Min: 0, Avg:  0.0, Max: 0, Diff: 0, Sum: 0, Workers: 4
[7679.840s][debug][gc,phases      ] GC(135)   Weak JFR Old Object Samples    Min:  0.0, Avg:  0.0, Max:  0.0, Diff:  0.0, Sum:  0.0, Workers: 4
[7679.840s][debug][gc,phases      ] GC(135)     Dead                           Min: 0, Avg:  0.0, Max: 0, Diff: 0, Sum: 0, Workers: 4
[7679.840s][debug][gc,phases      ] GC(135)     Total                          Min: 0, Avg:  0.0, Max: 0, Diff: 0, Sum: 0, Workers: 4
[7679.840s][debug][gc,phases      ] GC(135) Weak Processing 0.432ms
[7679.840s][debug][gc,age         ] GC(135) Desired survivor size 18874368 bytes, new threshold 1 (max threshold 15)
[7679.840s][info ][gc,heap        ] GC(135) PSYoungGen: 2059255K(2076160K)->3024K(2078720K) Eden: 2056192K(2056192K)->0K(2059776K) From: 3063K(19968K)->3024K(18944K)
[7679.840s][info ][gc,heap        ] GC(135) ParOldGen: 571641K(571904K)->572468K(572928K)
[7679.840s][info ][gc,metaspace   ] GC(135) Metaspace: 108146K(109568K)->108146K(109568K) NonClass: 91937K(92736K)->91937K(92736K) Class: 16209K(16832K)->16209K(16832K)
[7679.840s][info ][gc             ] GC(135) Pause Young (Allocation Failure) 2569M->562M(2589M) 3.927ms
[7679.840s][info ][gc,cpu         ] GC(135) User=0.01s Sys=0.00s Real=0.01s
[7679.840s][info ][safepoint      ] Safepoint "ParallelGCFailedAllocation", Time since last: 9428281206 ns, Reaching safepoint: 80004 ns, Cleanup: 3900 ns, At safepoint: 4018701 ns, Total: 4102605 ns
[7729.426s][info ][safepoint      ] Safepoint "Cleanup", Time since last: 49585878838 ns, Reaching safepoint: 6301 ns, Cleanup: 11200 ns, At safepoint: 4901 ns, Total: 22402 ns
[7746.441s][info ][safepoint      ] Safepoint "Cleanup", Time since last: 17015159818 ns, Reaching safepoint: 6501 ns, Cleanup: 11501 ns, At safepoint: 11100 ns, Total: 29102 ns
[7748.986s][info ][gc,start       ] GC(136) Pause Young (Allocation Failure)
[7748.989s][debug][gc,phases      ] GC(136) Scavenge 3.111ms
[7748.989s][debug][gc,ref         ] GC(136) ReferenceProcessor::execute queues: 1, RefProcThreadModel::Single, marks_oops_alive: false
[7748.989s][debug][gc,ref         ] GC(136) Skipped KeepAliveFinalRefsPhase of Reference Processing: no references
[7748.989s][debug][gc,ref         ] GC(136) ReferenceProcessor::execute queues: 1, RefProcThreadModel::Single, marks_oops_alive: false
[7748.989s][debug][gc,phases      ] GC(136) Reference Processing 0.119ms
[7748.989s][debug][gc,phases      ] GC(136)   VM Weak                        Min:  0.0, Avg:  0.0, Max:  0.0, Diff:  0.0, Sum:  0.0, Workers: 4
[7748.989s][debug][gc,phases      ] GC(136)     Dead                           Min: 0, Avg:  0.0, Max: 0, Diff: 0, Sum: 0, Workers: 4
[7748.989s][debug][gc,phases      ] GC(136)     Total                          Min: 0, Avg: 259.0, Max: 576, Diff: 576, Sum: 1036, Workers: 4
[7748.989s][debug][gc,phases      ] GC(136)   ObjectSynchronizer Weak        Min:  0.0, Avg:  0.0, Max:  0.0, Diff:  0.0, Sum:  0.0, Workers: 4
[7748.989s][debug][gc,phases      ] GC(136)     Dead                           Min: 0, Avg:  0.0, Max: 0, Diff: 0, Sum: 0, Workers: 4
[7748.989s][debug][gc,phases      ] GC(136)     Total                          Min: 0, Avg:  1.0, Max: 4, Diff: 4, Sum: 4, Workers: 4
[7748.989s][debug][gc,phases      ] GC(136)   JVMTI Tag Weak OopStorage      Min:  0.0, Avg:  0.0, Max:  0.0, Diff:  0.0, Sum:  0.0, Workers: 4
[7748.989s][debug][gc,phases      ] GC(136)     Dead                           Min: 0, Avg:  0.0, Max: 0, Diff: 0, Sum: 0, Workers: 4
[7748.989s][debug][gc,phases      ] GC(136)     Total                          Min: 0, Avg:  0.0, Max: 0, Diff: 0, Sum: 0, Workers: 4
[7748.989s][debug][gc,phases      ] GC(136)   StringTable Weak               Min:  0.0, Avg:  0.1, Max:  0.1, Diff:  0.1, Sum:  0.4, Workers: 4
[7748.989s][debug][gc,phases      ] GC(136)     Dead                           Min: 0, Avg:  0.0, Max: 0, Diff: 0, Sum: 0, Workers: 4
[7748.989s][debug][gc,phases      ] GC(136)     Total                          Min: 0, Avg: 11720.2, Max: 17250, Diff: 17250, Sum: 46881, Workers: 4
[7748.989s][debug][gc,phases      ] GC(136)   ResolvedMethodTable Weak       Min:  0.0, Avg:  0.0, Max:  0.1, Diff:  0.1, Sum:  0.2, Workers: 4
[7748.989s][debug][gc,phases      ] GC(136)     Dead                           Min: 0, Avg:  4.0, Max: 14, Diff: 14, Sum: 16, Workers: 4
[7748.989s][debug][gc,phases      ] GC(136)     Total                          Min: 0, Avg: 3909.2, Max: 5978, Diff: 5978, Sum: 15637, Workers: 4
[7748.989s][debug][gc,phases      ] GC(136)   JNI Weak                       Min:  0.0, Avg:  0.0, Max:  0.0, Diff:  0.0, Sum:  0.0, Workers: 4
[7748.989s][debug][gc,phases      ] GC(136)     Dead                           Min: 0, Avg:  0.0, Max: 0, Diff: 0, Sum: 0, Workers: 4
[7748.989s][debug][gc,phases      ] GC(136)     Total                          Min: 0, Avg: 13.0, Max: 52, Diff: 52, Sum: 52, Workers: 4
[7748.989s][debug][gc,phases      ] GC(136)   StringDedup Table Weak         Min:  0.0, Avg:  0.0, Max:  0.0, Diff:  0.0, Sum:  0.0, Workers: 4
[7748.989s][debug][gc,phases      ] GC(136)     Dead                           Min: 0, Avg:  0.0, Max: 0, Diff: 0, Sum: 0, Workers: 4
[7748.989s][debug][gc,phases      ] GC(136)     Total                          Min: 0, Avg:  0.0, Max: 0, Diff: 0, Sum: 0, Workers: 4
[7748.989s][debug][gc,phases      ] GC(136)   StringDedup Requests0 Weak     Min:  0.0, Avg:  0.0, Max:  0.0, Diff:  0.0, Sum:  0.0, Workers: 4
[7748.989s][debug][gc,phases      ] GC(136)     Dead                           Min: 0, Avg:  0.0, Max: 0, Diff: 0, Sum: 0, Workers: 4
[7748.989s][debug][gc,phases      ] GC(136)     Total                          Min: 0, Avg:  0.0, Max: 0, Diff: 0, Sum: 0, Workers: 4
[7748.989s][debug][gc,phases      ] GC(136)   StringDedup Requests1 Weak     Min:  0.0, Avg:  0.0, Max:  0.0, Diff:  0.0, Sum:  0.0, Workers: 4
[7748.989s][debug][gc,phases      ] GC(136)     Dead                           Min: 0, Avg:  0.0, Max: 0, Diff: 0, Sum: 0, Workers: 4
[7748.989s][debug][gc,phases      ] GC(136)     Total                          Min: 0, Avg:  0.0, Max: 0, Diff: 0, Sum: 0, Workers: 4
[7748.989s][debug][gc,phases      ] GC(136)   Weak JFR Old Object Samples    Min:  0.0, Avg:  0.0, Max:  0.0, Diff:  0.0, Sum:  0.0, Workers: 4
[7748.989s][debug][gc,phases      ] GC(136)     Dead                           Min: 0, Avg:  0.0, Max: 0, Diff: 0, Sum: 0, Workers: 4
[7748.989s][debug][gc,phases      ] GC(136)     Total                          Min: 0, Avg:  0.0, Max: 0, Diff: 0, Sum: 0, Workers: 4
[7748.989s][debug][gc,phases      ] GC(136) Weak Processing 0.437ms
[7748.989s][debug][gc,age         ] GC(136) Desired survivor size 17825792 bytes, new threshold 1 (max threshold 15)
[7748.989s][info ][gc,heap        ] GC(136) PSYoungGen: 2062800K(2078720K)->3328K(2078208K) Eden: 2059776K(2059776K)->0K(2059776K) From: 3024K(18944K)->3328K(18432K)
[7748.989s][info ][gc,heap        ] GC(136) ParOldGen: 572468K(572928K)->573120K(573440K)
[7748.989s][info ][gc,metaspace   ] GC(136) Metaspace: 108156K(109568K)->108156K(109568K) NonClass: 91947K(92736K)->91947K(92736K) Class: 16209K(16832K)->16209K(16832K)
[7748.989s][info ][gc             ] GC(136) Pause Young (Allocation Failure) 2573M->562M(2589M) 3.787ms
[7748.989s][info ][gc,cpu         ] GC(136) User=0.01s Sys=0.00s Real=0.00s
[7748.989s][info ][safepoint      ] Safepoint "ParallelGCFailedAllocation", Time since last: 2544311111 ns, Reaching safepoint: 82205 ns, Cleanup: 4401 ns, At safepoint: 3877533 ns, Total: 3964139 ns
[7750.990s][info ][safepoint      ] Safepoint "Cleanup", Time since last: 2000173498 ns, Reaching safepoint: 86906 ns, Cleanup: 10400 ns, At safepoint: 17001 ns, Total: 114307 ns
[7752.990s][info ][safepoint      ] Safepoint "Cleanup", Time since last: 2000200080 ns, Reaching safepoint: 80405 ns, Cleanup: 10000 ns, At safepoint: 14701 ns, Total: 105106 ns
[7753.990s][info ][safepoint      ] Safepoint "Cleanup", Time since last: 1000118241 ns, Reaching safepoint: 80005 ns, Cleanup: 10201 ns, At safepoint: 14701 ns, Total: 104907 ns
[7756.990s][info ][safepoint      ] Safepoint "Cleanup", Time since last: 3000268517 ns, Reaching safepoint: 6200 ns, Cleanup: 12501 ns, At safepoint: 8401 ns, Total: 27102 ns
[7777.992s][info ][safepoint      ] Safepoint "Cleanup", Time since last: 21001576706 ns, Reaching safepoint: 7601 ns, Cleanup: 13400 ns, At safepoint: 6401 ns, Total: 27402 ns
[7788.993s][info ][safepoint      ] Safepoint "Cleanup", Time since last: 11000861381 ns, Reaching safepoint: 6501 ns, Cleanup: 10900 ns, At safepoint: 5601 ns, Total: 23002 ns
[7797.994s][info ][safepoint      ] Safepoint "Cleanup", Time since last: 9000694153 ns, Reaching safepoint: 5901 ns, Cleanup: 11000 ns, At safepoint: 10401 ns, Total: 27302 ns
[7806.459s][info ][safepoint      ] Safepoint "Cleanup", Time since last: 8465775419 ns, Reaching safepoint: 9901 ns, Cleanup: 17501 ns, At safepoint: 10201 ns, Total: 37603 ns
[7807.460s][info ][safepoint      ] Safepoint "Cleanup", Time since last: 1000125802 ns, Reaching safepoint: 6700 ns, Cleanup: 26002 ns, At safepoint: 8500 ns, Total: 41202 ns
[7808.460s][info ][safepoint      ] Safepoint "Cleanup", Time since last: 1000114802 ns, Reaching safepoint: 5100 ns, Cleanup: 14101 ns, At safepoint: 12001 ns, Total: 31202 ns
[7809.086s][info ][gc,start       ] GC(137) Pause Young (Allocation Failure)
[7809.092s][debug][gc,phases      ] GC(137) Scavenge 5.274ms
[7809.092s][debug][gc,ref         ] GC(137) ReferenceProcessor::execute queues: 1, RefProcThreadModel::Single, marks_oops_alive: false
[7809.092s][debug][gc,ref         ] GC(137) Skipped KeepAliveFinalRefsPhase of Reference Processing: no references
[7809.092s][debug][gc,ref         ] GC(137) ReferenceProcessor::execute queues: 1, RefProcThreadModel::Single, marks_oops_alive: false
[7809.092s][debug][gc,phases      ] GC(137) Reference Processing 0.123ms
[7809.092s][debug][gc,phases      ] GC(137)   VM Weak                        Min:  0.0, Avg:  0.0, Max:  0.0, Diff:  0.0, Sum:  0.0, Workers: 4
[7809.092s][debug][gc,phases      ] GC(137)     Dead                           Min: 0, Avg:  0.0, Max: 0, Diff: 0, Sum: 0, Workers: 4
[7809.092s][debug][gc,phases      ] GC(137)     Total                          Min: 0, Avg: 259.0, Max: 524, Diff: 524, Sum: 1036, Workers: 4
[7809.092s][debug][gc,phases      ] GC(137)   ObjectSynchronizer Weak        Min:  0.0, Avg:  0.0, Max:  0.0, Diff:  0.0, Sum:  0.0, Workers: 4
[7809.092s][debug][gc,phases      ] GC(137)     Dead                           Min: 0, Avg:  0.0, Max: 0, Diff: 0, Sum: 0, Workers: 4
[7809.092s][debug][gc,phases      ] GC(137)     Total                          Min: 0, Avg:  0.8, Max: 3, Diff: 3, Sum: 3, Workers: 4
[7809.092s][debug][gc,phases      ] GC(137)   JVMTI Tag Weak OopStorage      Min:  0.0, Avg:  0.0, Max:  0.0, Diff:  0.0, Sum:  0.0, Workers: 4
[7809.092s][debug][gc,phases      ] GC(137)     Dead                           Min: 0, Avg:  0.0, Max: 0, Diff: 0, Sum: 0, Workers: 4
[7809.092s][debug][gc,phases      ] GC(137)     Total                          Min: 0, Avg:  0.0, Max: 0, Diff: 0, Sum: 0, Workers: 4
[7809.092s][debug][gc,phases      ] GC(137)   StringTable Weak               Min:  0.0, Avg:  0.1, Max:  0.1, Diff:  0.1, Sum:  0.4, Workers: 4
[7809.092s][debug][gc,phases      ] GC(137)     Dead                           Min: 0, Avg:  0.5, Max: 2, Diff: 2, Sum: 2, Workers: 4
[7809.092s][debug][gc,phases      ] GC(137)     Total                          Min: 0, Avg: 11723.0, Max: 17196, Diff: 17196, Sum: 46892, Workers: 4
[7809.092s][debug][gc,phases      ] GC(137)   ResolvedMethodTable Weak       Min:  0.0, Avg:  0.0, Max:  0.1, Diff:  0.1, Sum:  0.2, Workers: 4
[7809.092s][debug][gc,phases      ] GC(137)     Dead                           Min: 0, Avg:  4.5, Max: 15, Diff: 15, Sum: 18, Workers: 4
[7809.092s][debug][gc,phases      ] GC(137)     Total                          Min: 0, Avg: 3910.8, Max: 5785, Diff: 5785, Sum: 15643, Workers: 4
[7809.092s][debug][gc,phases      ] GC(137)   JNI Weak                       Min:  0.0, Avg:  0.0, Max:  0.0, Diff:  0.0, Sum:  0.0, Workers: 4
[7809.092s][debug][gc,phases      ] GC(137)     Dead                           Min: 0, Avg:  0.0, Max: 0, Diff: 0, Sum: 0, Workers: 4
[7809.092s][debug][gc,phases      ] GC(137)     Total                          Min: 0, Avg: 13.0, Max: 52, Diff: 52, Sum: 52, Workers: 4
[7809.092s][debug][gc,phases      ] GC(137)   StringDedup Table Weak         Min:  0.0, Avg:  0.0, Max:  0.0, Diff:  0.0, Sum:  0.0, Workers: 4
[7809.092s][debug][gc,phases      ] GC(137)     Dead                           Min: 0, Avg:  0.0, Max: 0, Diff: 0, Sum: 0, Workers: 4
[7809.092s][debug][gc,phases      ] GC(137)     Total                          Min: 0, Avg:  0.0, Max: 0, Diff: 0, Sum: 0, Workers: 4
[7809.092s][debug][gc,phases      ] GC(137)   StringDedup Requests0 Weak     Min:  0.0, Avg:  0.0, Max:  0.0, Diff:  0.0, Sum:  0.0, Workers: 4
[7809.092s][debug][gc,phases      ] GC(137)     Dead                           Min: 0, Avg:  0.0, Max: 0, Diff: 0, Sum: 0, Workers: 4
[7809.092s][debug][gc,phases      ] GC(137)     Total                          Min: 0, Avg:  0.0, Max: 0, Diff: 0, Sum: 0, Workers: 4
[7809.092s][debug][gc,phases      ] GC(137)   StringDedup Requests1 Weak     Min:  0.0, Avg:  0.0, Max:  0.0, Diff:  0.0, Sum:  0.0, Workers: 4
[7809.092s][debug][gc,phases      ] GC(137)     Dead                           Min: 0, Avg:  0.0, Max: 0, Diff: 0, Sum: 0, Workers: 4
[7809.092s][debug][gc,phases      ] GC(137)     Total                          Min: 0, Avg:  0.0, Max: 0, Diff: 0, Sum: 0, Workers: 4
[7809.092s][debug][gc,phases      ] GC(137)   Weak JFR Old Object Samples    Min:  0.0, Avg:  0.0, Max:  0.0, Diff:  0.0, Sum:  0.0, Workers: 4
[7809.092s][debug][gc,phases      ] GC(137)     Dead                           Min: 0, Avg:  0.0, Max: 0, Diff: 0, Sum: 0, Workers: 4
[7809.092s][debug][gc,phases      ] GC(137)     Total                          Min: 0, Avg:  0.0, Max: 0, Diff: 0, Sum: 0, Workers: 4
[7809.092s][debug][gc,phases      ] GC(137) Weak Processing 0.432ms
[7809.092s][debug][gc,age         ] GC(137) Desired survivor size 16777216 bytes, new threshold 1 (max threshold 15)
[7809.092s][info ][gc,heap        ] GC(137) PSYoungGen: 2063104K(2078208K)->3678K(2080768K) Eden: 2059776K(2059776K)->0K(2063360K) From: 3328K(18432K)->3678K(17408K)
[7809.092s][info ][gc,heap        ] GC(137) ParOldGen: 573120K(573440K)->575128K(575488K)
[7809.092s][info ][gc,metaspace   ] GC(137) Metaspace: 108208K(109568K)->108208K(109568K) NonClass: 91991K(92736K)->91991K(92736K) Class: 16216K(16832K)->16216K(16832K)
[7809.092s][info ][gc             ] GC(137) Pause Young (Allocation Failure) 2574M->565M(2594M) 5.991ms
[7809.092s][info ][gc,cpu         ] GC(137) User=0.02s Sys=0.00s Real=0.01s
[7809.092s][info ][safepoint      ] Safepoint "ParallelGCFailedAllocation", Time since last: 626255735 ns, Reaching safepoint: 82205 ns, Cleanup: 10200 ns, At safepoint: 6081266 ns, Total: 6173671 ns
[7810.092s][info ][safepoint      ] Safepoint "Cleanup", Time since last: 1000116502 ns, Reaching safepoint: 82504 ns, Cleanup: 14601 ns, At safepoint: 40303 ns, Total: 137408 ns
[7812.093s][info ][safepoint      ] Safepoint "Cleanup", Time since last: 2000240204 ns, Reaching safepoint: 83105 ns, Cleanup: 18001 ns, At safepoint: 11901 ns, Total: 113007 ns
[7815.093s][info ][safepoint      ] Safepoint "Cleanup", Time since last: 3000309652 ns, Reaching safepoint: 6601 ns, Cleanup: 17601 ns, At safepoint: 5000 ns, Total: 29202 ns
[7817.093s][info ][safepoint      ] Safepoint "Cleanup", Time since last: 2000192991 ns, Reaching safepoint: 6300 ns, Cleanup: 13501 ns, At safepoint: 4200 ns, Total: 24001 ns
[7818.094s][info ][safepoint      ] Safepoint "Cleanup", Time since last: 1000139748 ns, Reaching safepoint: 6201 ns, Cleanup: 12300 ns, At safepoint: 3801 ns, Total: 22302 ns
[7819.094s][info ][safepoint      ] Safepoint "Cleanup", Time since last: 1000117346 ns, Reaching safepoint: 6901 ns, Cleanup: 11400 ns, At safepoint: 2400 ns, Total: 20701 ns
[7824.094s][info ][safepoint      ] Safepoint "Cleanup", Time since last: 5000436764 ns, Reaching safepoint: 6800 ns, Cleanup: 14901 ns, At safepoint: 5601 ns, Total: 27302 ns
[7833.095s][info ][safepoint      ] Safepoint "Cleanup", Time since last: 9000695490 ns, Reaching safepoint: 6200 ns, Cleanup: 12101 ns, At safepoint: 11501 ns, Total: 29802 ns
[7841.096s][info ][safepoint      ] Safepoint "Cleanup", Time since last: 8000651756 ns, Reaching safepoint: 6401 ns, Cleanup: 14401 ns, At safepoint: 34102 ns, Total: 54904 ns
[7843.096s][info ][safepoint      ] Safepoint "Cleanup", Time since last: 2000197038 ns, Reaching safepoint: 6600 ns, Cleanup: 11501 ns, At safepoint: 8200 ns, Total: 26301 ns
[7844.096s][info ][safepoint      ] Safepoint "Cleanup", Time since last: 1000125171 ns, Reaching safepoint: 6500 ns, Cleanup: 13901 ns, At safepoint: 7401 ns, Total: 27802 ns
[7856.097s][info ][safepoint      ] Safepoint "Cleanup", Time since last: 12001093173 ns, Reaching safepoint: 10401 ns, Cleanup: 16501 ns, At safepoint: 6400 ns, Total: 33302 ns
[7858.008s][info ][gc,start       ] GC(138) Pause Young (Allocation Failure)
[7858.012s][debug][gc,phases      ] GC(138) Scavenge 3.862ms
[7858.012s][debug][gc,ref         ] GC(138) ReferenceProcessor::execute queues: 1, RefProcThreadModel::Single, marks_oops_alive: false
[7858.012s][debug][gc,ref         ] GC(138) Skipped KeepAliveFinalRefsPhase of Reference Processing: no references
[7858.012s][debug][gc,ref         ] GC(138) ReferenceProcessor::execute queues: 1, RefProcThreadModel::Single, marks_oops_alive: false
[7858.013s][debug][gc,phases      ] GC(138) Reference Processing 0.117ms
[7858.013s][debug][gc,phases      ] GC(138)   VM Weak                        Min:  0.0, Avg:  0.0, Max:  0.0, Diff:  0.0, Sum:  0.0, Workers: 4
[7858.013s][debug][gc,phases      ] GC(138)     Dead                           Min: 0, Avg:  0.0, Max: 0, Diff: 0, Sum: 0, Workers: 4
[7858.013s][debug][gc,phases      ] GC(138)     Total                          Min: 0, Avg: 259.0, Max: 896, Diff: 896, Sum: 1036, Workers: 4
[7858.013s][debug][gc,phases      ] GC(138)   ObjectSynchronizer Weak        Min:  0.0, Avg:  0.0, Max:  0.0, Diff:  0.0, Sum:  0.0, Workers: 4
[7858.013s][debug][gc,phases      ] GC(138)     Dead                           Min: 0, Avg:  0.0, Max: 0, Diff: 0, Sum: 0, Workers: 4
[7858.013s][debug][gc,phases      ] GC(138)     Total                          Min: 0, Avg:  0.8, Max: 3, Diff: 3, Sum: 3, Workers: 4
[7858.013s][debug][gc,phases      ] GC(138)   JVMTI Tag Weak OopStorage      Min:  0.0, Avg:  0.0, Max:  0.0, Diff:  0.0, Sum:  0.0, Workers: 4
[7858.013s][debug][gc,phases      ] GC(138)     Dead                           Min: 0, Avg:  0.0, Max: 0, Diff: 0, Sum: 0, Workers: 4
[7858.013s][debug][gc,phases      ] GC(138)     Total                          Min: 0, Avg:  0.0, Max: 0, Diff: 0, Sum: 0, Workers: 4
[7858.013s][debug][gc,phases      ] GC(138)   StringTable Weak               Min:  0.0, Avg:  0.1, Max:  0.1, Diff:  0.1, Sum:  0.4, Workers: 4
[7858.013s][debug][gc,phases      ] GC(138)     Dead                           Min: 0, Avg:  0.2, Max: 1, Diff: 1, Sum: 1, Workers: 4
[7858.013s][debug][gc,phases      ] GC(138)     Total                          Min: 0, Avg: 11723.8, Max: 16945, Diff: 16945, Sum: 46895, Workers: 4
[7858.013s][debug][gc,phases      ] GC(138)   ResolvedMethodTable Weak       Min:  0.0, Avg:  0.0, Max:  0.1, Diff:  0.1, Sum:  0.2, Workers: 4
[7858.013s][debug][gc,phases      ] GC(138)     Dead                           Min: 0, Avg:  4.0, Max: 8, Diff: 8, Sum: 16, Workers: 4
[7858.013s][debug][gc,phases      ] GC(138)     Total                          Min: 0, Avg: 3912.0, Max: 5903, Diff: 5903, Sum: 15648, Workers: 4
[7858.013s][debug][gc,phases      ] GC(138)   JNI Weak                       Min:  0.0, Avg:  0.0, Max:  0.0, Diff:  0.0, Sum:  0.0, Workers: 4
[7858.013s][debug][gc,phases      ] GC(138)     Dead                           Min: 0, Avg:  0.0, Max: 0, Diff: 0, Sum: 0, Workers: 4
[7858.013s][debug][gc,phases      ] GC(138)     Total                          Min: 0, Avg: 13.0, Max: 52, Diff: 52, Sum: 52, Workers: 4
[7858.013s][debug][gc,phases      ] GC(138)   StringDedup Table Weak         Min:  0.0, Avg:  0.0, Max:  0.0, Diff:  0.0, Sum:  0.0, Workers: 4
[7858.013s][debug][gc,phases      ] GC(138)     Dead                           Min: 0, Avg:  0.0, Max: 0, Diff: 0, Sum: 0, Workers: 4
[7858.013s][debug][gc,phases      ] GC(138)     Total                          Min: 0, Avg:  0.0, Max: 0, Diff: 0, Sum: 0, Workers: 4
[7858.013s][debug][gc,phases      ] GC(138)   StringDedup Requests0 Weak     Min:  0.0, Avg:  0.0, Max:  0.0, Diff:  0.0, Sum:  0.0, Workers: 4
[7858.013s][debug][gc,phases      ] GC(138)     Dead                           Min: 0, Avg:  0.0, Max: 0, Diff: 0, Sum: 0, Workers: 4
[7858.013s][debug][gc,phases      ] GC(138)     Total                          Min: 0, Avg:  0.0, Max: 0, Diff: 0, Sum: 0, Workers: 4
[7858.013s][debug][gc,phases      ] GC(138)   StringDedup Requests1 Weak     Min:  0.0, Avg:  0.0, Max:  0.0, Diff:  0.0, Sum:  0.0, Workers: 4
[7858.013s][debug][gc,phases      ] GC(138)     Dead                           Min: 0, Avg:  0.0, Max: 0, Diff: 0, Sum: 0, Workers: 4
[7858.013s][debug][gc,phases      ] GC(138)     Total                          Min: 0, Avg:  0.0, Max: 0, Diff: 0, Sum: 0, Workers: 4
[7858.013s][debug][gc,phases      ] GC(138)   Weak JFR Old Object Samples    Min:  0.0, Avg:  0.0, Max:  0.0, Diff:  0.0, Sum:  0.0, Workers: 4
[7858.013s][debug][gc,phases      ] GC(138)     Dead                           Min: 0, Avg:  0.0, Max: 0, Diff: 0, Sum: 0, Workers: 4
[7858.013s][debug][gc,phases      ] GC(138)     Total                          Min: 0, Avg:  0.0, Max: 0, Diff: 0, Sum: 0, Workers: 4
[7858.013s][debug][gc,phases      ] GC(138) Weak Processing 0.449ms
[7858.013s][debug][gc,age         ] GC(138) Desired survivor size 16252928 bytes, new threshold 1 (max threshold 15)
[7858.013s][info ][gc,heap        ] GC(138) PSYoungGen: 2067038K(2080768K)->2080K(2079744K) Eden: 2063360K(2063360K)->0K(2063360K) From: 3678K(17408K)->2080K(16384K)
[7858.013s][info ][gc,heap        ] GC(138) ParOldGen: 575128K(575488K)->577387K(577536K)
[7858.013s][info ][gc,metaspace   ] GC(138) Metaspace: 108228K(109632K)->108228K(109632K) NonClass: 92010K(92800K)->92010K(92800K) Class: 16218K(16832K)->16218K(16832K)
[7858.013s][info ][gc             ] GC(138) Pause Young (Allocation Failure) 2580M->565M(2595M) 4.568ms
[7858.013s][info ][gc,cpu         ] GC(138) User=0.02s Sys=0.00s Real=0.01s
[7858.013s][info ][safepoint      ] Safepoint "ParallelGCFailedAllocation", Time since last: 1911300621 ns, Reaching safepoint: 5201 ns, Cleanup: 3700 ns, At safepoint: 4644776 ns, Total: 4653677 ns
[7917.888s][info ][gc,start       ] GC(139) Pause Young (Allocation Failure)
[7917.892s][debug][gc,phases      ] GC(139) Scavenge 4.135ms
[7917.892s][debug][gc,ref         ] GC(139) ReferenceProcessor::execute queues: 1, RefProcThreadModel::Single, marks_oops_alive: false
[7917.892s][debug][gc,ref         ] GC(139) Skipped KeepAliveFinalRefsPhase of Reference Processing: no references
[7917.892s][debug][gc,ref         ] GC(139) ReferenceProcessor::execute queues: 1, RefProcThreadModel::Single, marks_oops_alive: false
[7917.892s][debug][gc,phases      ] GC(139) Reference Processing 0.121ms
[7917.892s][debug][gc,phases      ] GC(139)   VM Weak                        Min:  0.0, Avg:  0.0, Max:  0.0, Diff:  0.0, Sum:  0.0, Workers: 4
[7917.892s][debug][gc,phases      ] GC(139)     Dead                           Min: 0, Avg:  0.0, Max: 0, Diff: 0, Sum: 0, Workers: 4
[7917.892s][debug][gc,phases      ] GC(139)     Total                          Min: 0, Avg: 259.0, Max: 576, Diff: 576, Sum: 1036, Workers: 4
[7917.892s][debug][gc,phases      ] GC(139)   ObjectSynchronizer Weak        Min:  0.0, Avg:  0.0, Max:  0.0, Diff:  0.0, Sum:  0.0, Workers: 4
[7917.892s][debug][gc,phases      ] GC(139)     Dead                           Min: 0, Avg:  0.0, Max: 0, Diff: 0, Sum: 0, Workers: 4
[7917.892s][debug][gc,phases      ] GC(139)     Total                          Min: 0, Avg:  1.0, Max: 4, Diff: 4, Sum: 4, Workers: 4
[7917.892s][debug][gc,phases      ] GC(139)   JVMTI Tag Weak OopStorage      Min:  0.0, Avg:  0.0, Max:  0.0, Diff:  0.0, Sum:  0.0, Workers: 4
[7917.892s][debug][gc,phases      ] GC(139)     Dead                           Min: 0, Avg:  0.0, Max: 0, Diff: 0, Sum: 0, Workers: 4
[7917.892s][debug][gc,phases      ] GC(139)     Total                          Min: 0, Avg:  0.0, Max: 0, Diff: 0, Sum: 0, Workers: 4
[7917.892s][debug][gc,phases      ] GC(139)   StringTable Weak               Min:  0.1, Avg:  0.1, Max:  0.1, Diff:  0.0, Sum:  0.4, Workers: 4
[7917.892s][debug][gc,phases      ] GC(139)     Dead                           Min: 0, Avg:  0.0, Max: 0, Diff: 0, Sum: 0, Workers: 4
[7917.892s][debug][gc,phases      ] GC(139)     Total                          Min: 11313, Avg: 11723.8, Max: 12286, Diff: 973, Sum: 46895, Workers: 4
[7917.892s][debug][gc,phases      ] GC(139)   ResolvedMethodTable Weak       Min:  0.0, Avg:  0.0, Max:  0.0, Diff:  0.0, Sum:  0.2, Workers: 4
[7917.892s][debug][gc,phases      ] GC(139)     Dead                           Min: 0, Avg:  4.0, Max: 13, Diff: 13, Sum: 16, Workers: 4
[7917.892s][debug][gc,phases      ] GC(139)     Total                          Min: 3658, Avg: 3912.0, Max: 4158, Diff: 500, Sum: 15648, Workers: 4
[7917.892s][debug][gc,phases      ] GC(139)   JNI Weak                       Min:  0.0, Avg:  0.0, Max:  0.0, Diff:  0.0, Sum:  0.0, Workers: 4
[7917.892s][debug][gc,phases      ] GC(139)     Dead                           Min: 0, Avg:  0.0, Max: 0, Diff: 0, Sum: 0, Workers: 4
[7917.892s][debug][gc,phases      ] GC(139)     Total                          Min: 0, Avg: 13.0, Max: 52, Diff: 52, Sum: 52, Workers: 4
[7917.892s][debug][gc,phases      ] GC(139)   StringDedup Table Weak         Min:  0.0, Avg:  0.0, Max:  0.0, Diff:  0.0, Sum:  0.0, Workers: 4
[7917.892s][debug][gc,phases      ] GC(139)     Dead                           Min: 0, Avg:  0.0, Max: 0, Diff: 0, Sum: 0, Workers: 4
[7917.893s][debug][gc,phases      ] GC(139)     Total                          Min: 0, Avg:  0.0, Max: 0, Diff: 0, Sum: 0, Workers: 4
[7917.893s][debug][gc,phases      ] GC(139)   StringDedup Requests0 Weak     Min:  0.0, Avg:  0.0, Max:  0.0, Diff:  0.0, Sum:  0.0, Workers: 4
[7917.893s][debug][gc,phases      ] GC(139)     Dead                           Min: 0, Avg:  0.0, Max: 0, Diff: 0, Sum: 0, Workers: 4
[7917.893s][debug][gc,phases      ] GC(139)     Total                          Min: 0, Avg:  0.0, Max: 0, Diff: 0, Sum: 0, Workers: 4
[7917.893s][debug][gc,phases      ] GC(139)   StringDedup Requests1 Weak     Min:  0.0, Avg:  0.0, Max:  0.0, Diff:  0.0, Sum:  0.0, Workers: 4
[7917.893s][debug][gc,phases      ] GC(139)     Dead                           Min: 0, Avg:  0.0, Max: 0, Diff: 0, Sum: 0, Workers: 4
[7917.893s][debug][gc,phases      ] GC(139)     Total                          Min: 0, Avg:  0.0, Max: 0, Diff: 0, Sum: 0, Workers: 4
[7917.893s][debug][gc,phases      ] GC(139)   Weak JFR Old Object Samples    Min:  0.0, Avg:  0.0, Max:  0.0, Diff:  0.0, Sum:  0.0, Workers: 4
[7917.893s][debug][gc,phases      ] GC(139)     Dead                           Min: 0, Avg:  0.0, Max: 0, Diff: 0, Sum: 0, Workers: 4
[7917.893s][debug][gc,phases      ] GC(139)     Total                          Min: 0, Avg:  0.0, Max: 0, Diff: 0, Sum: 0, Workers: 4
[7917.893s][debug][gc,phases      ] GC(139) Weak Processing 0.403ms
[7917.893s][debug][gc,age         ] GC(139) Desired survivor size 15728640 bytes, new threshold 1 (max threshold 15)
[7917.893s][info ][gc,heap        ] GC(139) PSYoungGen: 2065440K(2079744K)->3024K(2081792K) Eden: 2063360K(2063360K)->0K(2065920K) From: 2080K(16384K)->3024K(15872K)
[7917.893s][info ][gc,heap        ] GC(139) ParOldGen: 577387K(577536K)->577975K(578048K)
[7917.893s][info ][gc,metaspace   ] GC(139) Metaspace: 108232K(109632K)->108232K(109632K) NonClass: 92013K(92800K)->92013K(92800K) Class: 16218K(16832K)->16218K(16832K)
[7917.893s][info ][gc             ] GC(139) Pause Young (Allocation Failure) 2580M->567M(2597M) 4.820ms
[7917.893s][info ][gc,cpu         ] GC(139) User=0.02s Sys=0.00s Real=0.01s
[7917.893s][info ][safepoint      ] Safepoint "ParallelGCFailedAllocation", Time since last: 59874706558 ns, Reaching safepoint: 6400 ns, Cleanup: 4700 ns, At safepoint: 4894794 ns, Total: 4905894 ns
[7919.893s][info ][safepoint      ] Safepoint "Cleanup", Time since last: 2000189523 ns, Reaching safepoint: 6401 ns, Cleanup: 11000 ns, At safepoint: 3800 ns, Total: 21201 ns
[7924.496s][info ][safepoint      ] Safepoint "Cleanup", Time since last: 4603015200 ns, Reaching safepoint: 6200 ns, Cleanup: 10901 ns, At safepoint: 6500 ns, Total: 23601 ns
[7948.498s][info ][safepoint      ] Safepoint "Cleanup", Time since last: 24001815273 ns, Reaching safepoint: 6400 ns, Cleanup: 10501 ns, At safepoint: 6200 ns, Total: 23101 ns
[7959.499s][info ][safepoint      ] Safepoint "Cleanup", Time since last: 11000825082 ns, Reaching safepoint: 8800 ns, Cleanup: 19101 ns, At safepoint: 6301 ns, Total: 34202 ns
[7980.034s][info ][gc,start       ] GC(140) Pause Young (Allocation Failure)
[7980.041s][debug][gc,phases      ] GC(140) Scavenge 6.213ms
[7980.041s][debug][gc,ref         ] GC(140) ReferenceProcessor::execute queues: 1, RefProcThreadModel::Single, marks_oops_alive: false
[7980.041s][debug][gc,ref         ] GC(140) Skipped KeepAliveFinalRefsPhase of Reference Processing: no references
[7980.041s][debug][gc,ref         ] GC(140) ReferenceProcessor::execute queues: 1, RefProcThreadModel::Single, marks_oops_alive: false
[7980.041s][debug][gc,phases      ] GC(140) Reference Processing 0.119ms
[7980.041s][debug][gc,phases      ] GC(140)   VM Weak                        Min:  0.0, Avg:  0.0, Max:  0.0, Diff:  0.0, Sum:  0.0, Workers: 4
[7980.041s][debug][gc,phases      ] GC(140)     Dead                           Min: 0, Avg:  0.0, Max: 0, Diff: 0, Sum: 0, Workers: 4
[7980.041s][debug][gc,phases      ] GC(140)     Total                          Min: 0, Avg: 259.0, Max: 640, Diff: 640, Sum: 1036, Workers: 4
[7980.041s][debug][gc,phases      ] GC(140)   ObjectSynchronizer Weak        Min:  0.0, Avg:  0.0, Max:  0.0, Diff:  0.0, Sum:  0.0, Workers: 4
[7980.041s][debug][gc,phases      ] GC(140)     Dead                           Min: 0, Avg:  0.0, Max: 0, Diff: 0, Sum: 0, Workers: 4
[7980.041s][debug][gc,phases      ] GC(140)     Total                          Min: 0, Avg:  1.0, Max: 4, Diff: 4, Sum: 4, Workers: 4
[7980.041s][debug][gc,phases      ] GC(140)   JVMTI Tag Weak OopStorage      Min:  0.0, Avg:  0.0, Max:  0.0, Diff:  0.0, Sum:  0.0, Workers: 4
[7980.041s][debug][gc,phases      ] GC(140)     Dead                           Min: 0, Avg:  0.0, Max: 0, Diff: 0, Sum: 0, Workers: 4
[7980.041s][debug][gc,phases      ] GC(140)     Total                          Min: 0, Avg:  0.0, Max: 0, Diff: 0, Sum: 0, Workers: 4
[7980.041s][debug][gc,phases      ] GC(140)   StringTable Weak               Min:  0.1, Avg:  0.1, Max:  0.1, Diff:  0.0, Sum:  0.4, Workers: 4
[7980.041s][debug][gc,phases      ] GC(140)     Dead                           Min: 0, Avg:  0.0, Max: 0, Diff: 0, Sum: 0, Workers: 4
[7980.041s][debug][gc,phases      ] GC(140)     Total                          Min: 11006, Avg: 11726.2, Max: 13312, Diff: 2306, Sum: 46905, Workers: 4
[7980.041s][debug][gc,phases      ] GC(140)   ResolvedMethodTable Weak       Min:  0.0, Avg:  0.0, Max:  0.0, Diff:  0.0, Sum:  0.2, Workers: 4
[7980.041s][debug][gc,phases      ] GC(140)     Dead                           Min: 0, Avg:  4.0, Max: 16, Diff: 16, Sum: 16, Workers: 4
[7980.041s][debug][gc,phases      ] GC(140)     Total                          Min: 3448, Avg: 3912.0, Max: 4752, Diff: 1304, Sum: 15648, Workers: 4
[7980.041s][debug][gc,phases      ] GC(140)   JNI Weak                       Min:  0.0, Avg:  0.0, Max:  0.0, Diff:  0.0, Sum:  0.0, Workers: 4
[7980.041s][debug][gc,phases      ] GC(140)     Dead                           Min: 0, Avg:  0.0, Max: 0, Diff: 0, Sum: 0, Workers: 4
[7980.041s][debug][gc,phases      ] GC(140)     Total                          Min: 0, Avg: 13.0, Max: 52, Diff: 52, Sum: 52, Workers: 4
[7980.041s][debug][gc,phases      ] GC(140)   StringDedup Table Weak         Min:  0.0, Avg:  0.0, Max:  0.0, Diff:  0.0, Sum:  0.0, Workers: 4
[7980.041s][debug][gc,phases      ] GC(140)     Dead                           Min: 0, Avg:  0.0, Max: 0, Diff: 0, Sum: 0, Workers: 4
[7980.041s][debug][gc,phases      ] GC(140)     Total                          Min: 0, Avg:  0.0, Max: 0, Diff: 0, Sum: 0, Workers: 4
[7980.041s][debug][gc,phases      ] GC(140)   StringDedup Requests0 Weak     Min:  0.0, Avg:  0.0, Max:  0.0, Diff:  0.0, Sum:  0.0, Workers: 4
[7980.041s][debug][gc,phases      ] GC(140)     Dead                           Min: 0, Avg:  0.0, Max: 0, Diff: 0, Sum: 0, Workers: 4
[7980.041s][debug][gc,phases      ] GC(140)     Total                          Min: 0, Avg:  0.0, Max: 0, Diff: 0, Sum: 0, Workers: 4
[7980.041s][debug][gc,phases      ] GC(140)   StringDedup Requests1 Weak     Min:  0.0, Avg:  0.0, Max:  0.0, Diff:  0.0, Sum:  0.0, Workers: 4
[7980.041s][debug][gc,phases      ] GC(140)     Dead                           Min: 0, Avg:  0.0, Max: 0, Diff: 0, Sum: 0, Workers: 4
[7980.041s][debug][gc,phases      ] GC(140)     Total                          Min: 0, Avg:  0.0, Max: 0, Diff: 0, Sum: 0, Workers: 4
[7980.041s][debug][gc,phases      ] GC(140)   Weak JFR Old Object Samples    Min:  0.0, Avg:  0.0, Max:  0.0, Diff:  0.0, Sum:  0.0, Workers: 4
[7980.041s][debug][gc,phases      ] GC(140)     Dead                           Min: 0, Avg:  0.0, Max: 0, Diff: 0, Sum: 0, Workers: 4
[7980.041s][debug][gc,phases      ] GC(140)     Total                          Min: 0, Avg:  0.0, Max: 0, Diff: 0, Sum: 0, Workers: 4
[7980.041s][debug][gc,phases      ] GC(140) Weak Processing 0.410ms
[7980.041s][debug][gc,age         ] GC(140) Desired survivor size 16252928 bytes, new threshold 1 (max threshold 15)
[7980.041s][info ][gc,heap        ] GC(140) PSYoungGen: 2068944K(2081792K)->9696K(2081280K) Eden: 2065920K(2065920K)->0K(2065920K) From: 3024K(15872K)->9696K(15360K)
[7980.041s][info ][gc,heap        ] GC(140) ParOldGen: 577975K(578048K)->579243K(579584K)
[7980.041s][info ][gc,metaspace   ] GC(140) Metaspace: 108239K(109632K)->108239K(109632K) NonClass: 92020K(92800K)->92020K(92800K) Class: 16218K(16832K)->16218K(16832K)
[7980.041s][info ][gc             ] GC(140) Pause Young (Allocation Failure) 2584M->575M(2598M) 6.887ms
[7980.041s][info ][gc,cpu         ] GC(140) User=0.02s Sys=0.00s Real=0.01s
[7980.041s][info ][safepoint      ] Safepoint "ParallelGCFailedAllocation", Time since last: 20535582844 ns, Reaching safepoint: 86105 ns, Cleanup: 5001 ns, At safepoint: 6985916 ns, Total: 7077022 ns
[7986.514s][info ][safepoint      ] Safepoint "Cleanup", Time since last: 6473065229 ns, Reaching safepoint: 6400 ns, Cleanup: 9001 ns, At safepoint: 30402 ns, Total: 45803 ns
[7991.515s][info ][safepoint      ] Safepoint "Cleanup", Time since last: 5000429843 ns, Reaching safepoint: 9300 ns, Cleanup: 13501 ns, At safepoint: 5700 ns, Total: 28501 ns
[8008.516s][info ][safepoint      ] Safepoint "Cleanup", Time since last: 17001347256 ns, Reaching safepoint: 7400 ns, Cleanup: 10701 ns, At safepoint: 11201 ns, Total: 29302 ns
[8011.517s][info ][safepoint      ] Safepoint "Cleanup", Time since last: 3000325242 ns, Reaching safepoint: 9400 ns, Cleanup: 18401 ns, At safepoint: 9801 ns, Total: 37602 ns
[8045.557s][info ][gc,start       ] GC(141) Pause Young (Allocation Failure)
[8045.565s][debug][gc,phases      ] GC(141) Scavenge 7.273ms
[8045.565s][debug][gc,ref         ] GC(141) ReferenceProcessor::execute queues: 1, RefProcThreadModel::Single, marks_oops_alive: false
[8045.565s][debug][gc,ref         ] GC(141) Skipped KeepAliveFinalRefsPhase of Reference Processing: no references
[8045.565s][debug][gc,ref         ] GC(141) ReferenceProcessor::execute queues: 1, RefProcThreadModel::Single, marks_oops_alive: false
[8045.565s][debug][gc,phases      ] GC(141) Reference Processing 0.121ms
[8045.565s][debug][gc,phases      ] GC(141)   VM Weak                        Min:  0.0, Avg:  0.0, Max:  0.0, Diff:  0.0, Sum:  0.0, Workers: 4
[8045.565s][debug][gc,phases      ] GC(141)     Dead                           Min: 0, Avg:  0.0, Max: 0, Diff: 0, Sum: 0, Workers: 4
[8045.565s][debug][gc,phases      ] GC(141)     Total                          Min: 0, Avg: 260.2, Max: 576, Diff: 576, Sum: 1041, Workers: 4
[8045.565s][debug][gc,phases      ] GC(141)   ObjectSynchronizer Weak        Min:  0.0, Avg:  0.0, Max:  0.0, Diff:  0.0, Sum:  0.0, Workers: 4
[8045.565s][debug][gc,phases      ] GC(141)     Dead                           Min: 0, Avg:  0.0, Max: 0, Diff: 0, Sum: 0, Workers: 4
[8045.565s][debug][gc,phases      ] GC(141)     Total                          Min: 0, Avg:  1.0, Max: 4, Diff: 4, Sum: 4, Workers: 4
[8045.565s][debug][gc,phases      ] GC(141)   JVMTI Tag Weak OopStorage      Min:  0.0, Avg:  0.0, Max:  0.0, Diff:  0.0, Sum:  0.0, Workers: 4
[8045.565s][debug][gc,phases      ] GC(141)     Dead                           Min: 0, Avg:  0.0, Max: 0, Diff: 0, Sum: 0, Workers: 4
[8045.565s][debug][gc,phases      ] GC(141)     Total                          Min: 0, Avg:  0.0, Max: 0, Diff: 0, Sum: 0, Workers: 4
[8045.565s][debug][gc,phases      ] GC(141)   StringTable Weak               Min:  0.0, Avg:  0.1, Max:  0.1, Diff:  0.1, Sum:  0.4, Workers: 4
[8045.565s][debug][gc,phases      ] GC(141)     Dead                           Min: 0, Avg:  0.5, Max: 2, Diff: 2, Sum: 2, Workers: 4
[8045.565s][debug][gc,phases      ] GC(141)     Total                          Min: 0, Avg: 11727.8, Max: 15744, Diff: 15744, Sum: 46911, Workers: 4
[8045.565s][debug][gc,phases      ] GC(141)   ResolvedMethodTable Weak       Min:  0.0, Avg:  0.0, Max:  0.1, Diff:  0.1, Sum:  0.2, Workers: 4
[8045.565s][debug][gc,phases      ] GC(141)     Dead                           Min: 0, Avg:  4.5, Max: 18, Diff: 18, Sum: 18, Workers: 4
[8045.565s][debug][gc,phases      ] GC(141)     Total                          Min: 0, Avg: 3916.8, Max: 5573, Diff: 5573, Sum: 15667, Workers: 4
[8045.565s][debug][gc,phases      ] GC(141)   JNI Weak                       Min:  0.0, Avg:  0.0, Max:  0.0, Diff:  0.0, Sum:  0.0, Workers: 4
[8045.565s][debug][gc,phases      ] GC(141)     Dead                           Min: 0, Avg:  0.0, Max: 0, Diff: 0, Sum: 0, Workers: 4
[8045.565s][debug][gc,phases      ] GC(141)     Total                          Min: 0, Avg: 13.0, Max: 52, Diff: 52, Sum: 52, Workers: 4
[8045.565s][debug][gc,phases      ] GC(141)   StringDedup Table Weak         Min:  0.0, Avg:  0.0, Max:  0.0, Diff:  0.0, Sum:  0.0, Workers: 4
[8045.565s][debug][gc,phases      ] GC(141)     Dead                           Min: 0, Avg:  0.0, Max: 0, Diff: 0, Sum: 0, Workers: 4
[8045.565s][debug][gc,phases      ] GC(141)     Total                          Min: 0, Avg:  0.0, Max: 0, Diff: 0, Sum: 0, Workers: 4
[8045.565s][debug][gc,phases      ] GC(141)   StringDedup Requests0 Weak     Min:  0.0, Avg:  0.0, Max:  0.0, Diff:  0.0, Sum:  0.0, Workers: 4
[8045.565s][debug][gc,phases      ] GC(141)     Dead                           Min: 0, Avg:  0.0, Max: 0, Diff: 0, Sum: 0, Workers: 4
[8045.565s][debug][gc,phases      ] GC(141)     Total                          Min: 0, Avg:  0.0, Max: 0, Diff: 0, Sum: 0, Workers: 4
[8045.565s][debug][gc,phases      ] GC(141)   StringDedup Requests1 Weak     Min:  0.0, Avg:  0.0, Max:  0.0, Diff:  0.0, Sum:  0.0, Workers: 4
[8045.565s][debug][gc,phases      ] GC(141)     Dead                           Min: 0, Avg:  0.0, Max: 0, Diff: 0, Sum: 0, Workers: 4
[8045.565s][debug][gc,phases      ] GC(141)     Total                          Min: 0, Avg:  0.0, Max: 0, Diff: 0, Sum: 0, Workers: 4
[8045.565s][debug][gc,phases      ] GC(141)   Weak JFR Old Object Samples    Min:  0.0, Avg:  0.0, Max:  0.0, Diff:  0.0, Sum:  0.0, Workers: 4
[8045.565s][debug][gc,phases      ] GC(141)     Dead                           Min: 0, Avg:  0.0, Max: 0, Diff: 0, Sum: 0, Workers: 4
[8045.565s][debug][gc,phases      ] GC(141)     Total                          Min: 0, Avg:  0.0, Max: 0, Diff: 0, Sum: 0, Workers: 4
[8045.565s][debug][gc,phases      ] GC(141) Weak Processing 0.488ms
[8045.565s][debug][gc,age         ] GC(141) Desired survivor size 15728640 bytes, new threshold 1 (max threshold 15)
[8045.565s][info ][gc,heap        ] GC(141) PSYoungGen: 2075616K(2081280K)->3696K(2081792K) Eden: 2065920K(2065920K)->0K(2065920K) From: 9696K(15360K)->3696K(15872K)
[8045.565s][info ][gc,heap        ] GC(141) ParOldGen: 579243K(579584K)->586215K(586240K)
[8045.566s][info ][gc,metaspace   ] GC(141) Metaspace: 108264K(109632K)->108264K(109632K) NonClass: 92040K(92800K)->92040K(92800K) Class: 16224K(16832K)->16224K(16832K)
[8045.566s][info ][gc             ] GC(141) Pause Young (Allocation Failure) 2592M->576M(2605M) 8.043ms
[8045.566s][info ][gc,cpu         ] GC(141) User=0.02s Sys=0.00s Real=0.00s
[8045.566s][info ][safepoint      ] Safepoint "ParallelGCFailedAllocation", Time since last: 34040751878 ns, Reaching safepoint: 79405 ns, Cleanup: 4400 ns, At safepoint: 8157085 ns, Total: 8240890 ns
[8046.566s][info ][safepoint      ] Safepoint "Cleanup", Time since last: 1000088270 ns, Reaching safepoint: 10501 ns, Cleanup: 11000 ns, At safepoint: 8501 ns, Total: 30002 ns
[8049.566s][info ][safepoint      ] Safepoint "Cleanup", Time since last: 3000270988 ns, Reaching safepoint: 7901 ns, Cleanup: 12101 ns, At safepoint: 7300 ns, Total: 27302 ns
[8056.567s][info ][safepoint      ] Safepoint "Cleanup", Time since last: 7000578881 ns, Reaching safepoint: 7700 ns, Cleanup: 11001 ns, At safepoint: 3200 ns, Total: 21901 ns
[8063.567s][info ][safepoint      ] Safepoint "Cleanup", Time since last: 7000562331 ns, Reaching safepoint: 4800 ns, Cleanup: 9201 ns, At safepoint: 6000 ns, Total: 20001 ns
[8064.567s][info ][safepoint      ] Safepoint "Cleanup", Time since last: 1000109837 ns, Reaching safepoint: 5900 ns, Cleanup: 9501 ns, At safepoint: 6600 ns, Total: 22001 ns
[8073.568s][info ][safepoint      ] Safepoint "Cleanup", Time since last: 9000727572 ns, Reaching safepoint: 5400 ns, Cleanup: 9101 ns, At safepoint: 11700 ns, Total: 26201 ns
[8075.568s][info ][safepoint      ] Safepoint "Cleanup", Time since last: 2000219486 ns, Reaching safepoint: 8300 ns, Cleanup: 13101 ns, At safepoint: 11401 ns, Total: 32802 ns
[8104.137s][info ][gc,start       ] GC(142) Pause Young (Allocation Failure)
[8104.143s][debug][gc,phases      ] GC(142) Scavenge 6.133ms
[8104.143s][debug][gc,ref         ] GC(142) ReferenceProcessor::execute queues: 1, RefProcThreadModel::Single, marks_oops_alive: false
[8104.143s][debug][gc,ref         ] GC(142) Skipped KeepAliveFinalRefsPhase of Reference Processing: no references
[8104.143s][debug][gc,ref         ] GC(142) Skipped PhantomRefsPhase of Reference Processing: no references
[8104.143s][debug][gc,phases      ] GC(142) Reference Processing 0.334ms
[8104.144s][debug][gc,phases      ] GC(142)   VM Weak                        Min:  0.0, Avg:  0.0, Max:  0.0, Diff:  0.0, Sum:  0.0, Workers: 4
[8104.144s][debug][gc,phases      ] GC(142)     Dead                           Min: 0, Avg:  0.0, Max: 0, Diff: 0, Sum: 0, Workers: 4
[8104.144s][debug][gc,phases      ] GC(142)     Total                          Min: 0, Avg: 260.2, Max: 704, Diff: 704, Sum: 1041, Workers: 4
[8104.144s][debug][gc,phases      ] GC(142)   ObjectSynchronizer Weak        Min:  0.0, Avg:  0.0, Max:  0.0, Diff:  0.0, Sum:  0.0, Workers: 4
[8104.144s][debug][gc,phases      ] GC(142)     Dead                           Min: 0, Avg:  0.0, Max: 0, Diff: 0, Sum: 0, Workers: 4
[8104.144s][debug][gc,phases      ] GC(142)     Total                          Min: 0, Avg:  0.8, Max: 3, Diff: 3, Sum: 3, Workers: 4
[8104.144s][debug][gc,phases      ] GC(142)   JVMTI Tag Weak OopStorage      Min:  0.0, Avg:  0.0, Max:  0.0, Diff:  0.0, Sum:  0.0, Workers: 4
[8104.144s][debug][gc,phases      ] GC(142)     Dead                           Min: 0, Avg:  0.0, Max: 0, Diff: 0, Sum: 0, Workers: 4
[8104.144s][debug][gc,phases      ] GC(142)     Total                          Min: 0, Avg:  0.0, Max: 0, Diff: 0, Sum: 0, Workers: 4
[8104.144s][debug][gc,phases      ] GC(142)   StringTable Weak               Min:  0.0, Avg:  0.1, Max:  0.1, Diff:  0.1, Sum:  0.4, Workers: 4
[8104.144s][debug][gc,phases      ] GC(142)     Dead                           Min: 0, Avg:  0.0, Max: 0, Diff: 0, Sum: 0, Workers: 4
[8104.144s][debug][gc,phases      ] GC(142)     Total                          Min: 0, Avg: 11728.0, Max: 16448, Diff: 16448, Sum: 46912, Workers: 4
[8104.144s][debug][gc,phases      ] GC(142)   ResolvedMethodTable Weak       Min:  0.0, Avg:  0.0, Max:  0.0, Diff:  0.0, Sum:  0.1, Workers: 4
[8104.144s][debug][gc,phases      ] GC(142)     Dead                           Min: 0, Avg:  4.0, Max: 16, Diff: 16, Sum: 16, Workers: 4
[8104.144s][debug][gc,phases      ] GC(142)     Total                          Min: 0, Avg: 3916.8, Max: 5921, Diff: 5921, Sum: 15667, Workers: 4
[8104.144s][debug][gc,phases      ] GC(142)   JNI Weak                       Min:  0.0, Avg:  0.0, Max:  0.0, Diff:  0.0, Sum:  0.0, Workers: 4
[8104.144s][debug][gc,phases      ] GC(142)     Dead                           Min: 0, Avg:  0.0, Max: 0, Diff: 0, Sum: 0, Workers: 4
[8104.144s][debug][gc,phases      ] GC(142)     Total                          Min: 0, Avg: 13.0, Max: 52, Diff: 52, Sum: 52, Workers: 4
[8104.144s][debug][gc,phases      ] GC(142)   StringDedup Table Weak         Min:  0.0, Avg:  0.0, Max:  0.0, Diff:  0.0, Sum:  0.0, Workers: 4
[8104.144s][debug][gc,phases      ] GC(142)     Dead                           Min: 0, Avg:  0.0, Max: 0, Diff: 0, Sum: 0, Workers: 4
[8104.144s][debug][gc,phases      ] GC(142)     Total                          Min: 0, Avg:  0.0, Max: 0, Diff: 0, Sum: 0, Workers: 4
[8104.144s][debug][gc,phases      ] GC(142)   StringDedup Requests0 Weak     Min:  0.0, Avg:  0.0, Max:  0.0, Diff:  0.0, Sum:  0.0, Workers: 4
[8104.144s][debug][gc,phases      ] GC(142)     Dead                           Min: 0, Avg:  0.0, Max: 0, Diff: 0, Sum: 0, Workers: 4
[8104.144s][debug][gc,phases      ] GC(142)     Total                          Min: 0, Avg:  0.0, Max: 0, Diff: 0, Sum: 0, Workers: 4
[8104.144s][debug][gc,phases      ] GC(142)   StringDedup Requests1 Weak     Min:  0.0, Avg:  0.0, Max:  0.0, Diff:  0.0, Sum:  0.0, Workers: 4
[8104.144s][debug][gc,phases      ] GC(142)     Dead                           Min: 0, Avg:  0.0, Max: 0, Diff: 0, Sum: 0, Workers: 4
[8104.144s][debug][gc,phases      ] GC(142)     Total                          Min: 0, Avg:  0.0, Max: 0, Diff: 0, Sum: 0, Workers: 4
[8104.144s][debug][gc,phases      ] GC(142)   Weak JFR Old Object Samples    Min:  0.0, Avg:  0.0, Max:  0.0, Diff:  0.0, Sum:  0.0, Workers: 4
[8104.144s][debug][gc,phases      ] GC(142)     Dead                           Min: 0, Avg:  0.0, Max: 0, Diff: 0, Sum: 0, Workers: 4
[8104.144s][debug][gc,phases      ] GC(142)     Total                          Min: 0, Avg:  0.0, Max: 0, Diff: 0, Sum: 0, Workers: 4
[8104.144s][debug][gc,phases      ] GC(142) Weak Processing 0.424ms
[8104.144s][debug][gc,age         ] GC(142) Desired survivor size 15204352 bytes, new threshold 1 (max threshold 15)
[8104.144s][info ][gc,heap        ] GC(142) PSYoungGen: 2069616K(2081792K)->7202K(2081280K) Eden: 2065920K(2065920K)->0K(2065920K) From: 3696K(15872K)->7202K(15360K)
[8104.144s][info ][gc,heap        ] GC(142) ParOldGen: 586215K(586240K)->586855K(587264K)
[8104.144s][info ][gc,metaspace   ] GC(142) Metaspace: 108268K(109632K)->108268K(109632K) NonClass: 92043K(92800K)->92043K(92800K) Class: 16224K(16832K)->16224K(16832K)
[8104.144s][info ][gc             ] GC(142) Pause Young (Allocation Failure) 2593M->580M(2606M) 7.052ms
[8104.144s][info ][gc,cpu         ] GC(142) User=0.02s Sys=0.00s Real=0.01s
[8104.144s][info ][safepoint      ] Safepoint "ParallelGCFailedAllocation", Time since last: 28568380993 ns, Reaching safepoint: 6800 ns, Cleanup: 4701 ns, At safepoint: 7140027 ns, Total: 7151528 ns
[8106.144s][info ][safepoint      ] Safepoint "Cleanup", Time since last: 2000161284 ns, Reaching safepoint: 7500 ns, Cleanup: 11701 ns, At safepoint: 10601 ns, Total: 29802 ns
[8118.145s][info ][safepoint      ] Safepoint "Cleanup", Time since last: 12000936550 ns, Reaching safepoint: 6800 ns, Cleanup: 10101 ns, At safepoint: 8400 ns, Total: 25301 ns
[8120.145s][info ][safepoint      ] Safepoint "Cleanup", Time since last: 2000178875 ns, Reaching safepoint: 7001 ns, Cleanup: 10301 ns, At safepoint: 7900 ns, Total: 25202 ns
[8121.145s][info ][safepoint      ] Safepoint "Cleanup", Time since last: 1000116136 ns, Reaching safepoint: 6701 ns, Cleanup: 14000 ns, At safepoint: 6101 ns, Total: 26802 ns
[8128.146s][info ][safepoint      ] Safepoint "Cleanup", Time since last: 7000554182 ns, Reaching safepoint: 7000 ns, Cleanup: 10901 ns, At safepoint: 3400 ns, Total: 21301 ns
[8129.146s][info ][safepoint      ] Safepoint "Cleanup", Time since last: 1000125851 ns, Reaching safepoint: 7101 ns, Cleanup: 14601 ns, At safepoint: 3600 ns, Total: 25302 ns
[8131.146s][info ][safepoint      ] Safepoint "Cleanup", Time since last: 2000192199 ns, Reaching safepoint: 7001 ns, Cleanup: 20601 ns, At safepoint: 4400 ns, Total: 32002 ns
[8133.147s][info ][safepoint      ] Safepoint "Cleanup", Time since last: 2000195700 ns, Reaching safepoint: 7400 ns, Cleanup: 11201 ns, At safepoint: 6700 ns, Total: 25301 ns
[8136.147s][info ][safepoint      ] Safepoint "Cleanup", Time since last: 3000284944 ns, Reaching safepoint: 6700 ns, Cleanup: 17101 ns, At safepoint: 8401 ns, Total: 32202 ns
[8142.147s][info ][safepoint      ] Safepoint "Cleanup", Time since last: 6000488618 ns, Reaching safepoint: 6400 ns, Cleanup: 10601 ns, At safepoint: 10501 ns, Total: 27502 ns
[8151.240s][info ][gc,start       ] GC(143) Pause Young (Allocation Failure)
[8151.247s][debug][gc,phases      ] GC(143) Scavenge 7.112ms
[8151.247s][debug][gc,ref         ] GC(143) ReferenceProcessor::execute queues: 1, RefProcThreadModel::Single, marks_oops_alive: false
[8151.247s][debug][gc,ref         ] GC(143) Skipped KeepAliveFinalRefsPhase of Reference Processing: no references
[8151.247s][debug][gc,ref         ] GC(143) ReferenceProcessor::execute queues: 1, RefProcThreadModel::Single, marks_oops_alive: false
[8151.247s][debug][gc,phases      ] GC(143) Reference Processing 0.114ms
[8151.247s][debug][gc,phases      ] GC(143)   VM Weak                        Min:  0.0, Avg:  0.0, Max:  0.0, Diff:  0.0, Sum:  0.0, Workers: 4
[8151.247s][debug][gc,phases      ] GC(143)     Dead                           Min: 0, Avg:  0.0, Max: 0, Diff: 0, Sum: 0, Workers: 4
[8151.247s][debug][gc,phases      ] GC(143)     Total                          Min: 0, Avg: 260.2, Max: 512, Diff: 512, Sum: 1041, Workers: 4
[8151.247s][debug][gc,phases      ] GC(143)   ObjectSynchronizer Weak        Min:  0.0, Avg:  0.0, Max:  0.0, Diff:  0.0, Sum:  0.0, Workers: 4
[8151.247s][debug][gc,phases      ] GC(143)     Dead                           Min: 0, Avg:  0.0, Max: 0, Diff: 0, Sum: 0, Workers: 4
[8151.247s][debug][gc,phases      ] GC(143)     Total                          Min: 0, Avg:  1.0, Max: 4, Diff: 4, Sum: 4, Workers: 4
[8151.247s][debug][gc,phases      ] GC(143)   JVMTI Tag Weak OopStorage      Min:  0.0, Avg:  0.0, Max:  0.0, Diff:  0.0, Sum:  0.0, Workers: 4
[8151.247s][debug][gc,phases      ] GC(143)     Dead                           Min: 0, Avg:  0.0, Max: 0, Diff: 0, Sum: 0, Workers: 4
[8151.247s][debug][gc,phases      ] GC(143)     Total                          Min: 0, Avg:  0.0, Max: 0, Diff: 0, Sum: 0, Workers: 4
[8151.247s][debug][gc,phases      ] GC(143)   StringTable Weak               Min:  0.0, Avg:  0.1, Max:  0.1, Diff:  0.1, Sum:  0.4, Workers: 4
[8151.247s][debug][gc,phases      ] GC(143)     Dead                           Min: 0, Avg:  0.0, Max: 0, Diff: 0, Sum: 0, Workers: 4
[8151.247s][debug][gc,phases      ] GC(143)     Total                          Min: 0, Avg: 11728.2, Max: 16896, Diff: 16896, Sum: 46913, Workers: 4
[8151.247s][debug][gc,phases      ] GC(143)   ResolvedMethodTable Weak       Min:  0.0, Avg:  0.0, Max:  0.0, Diff:  0.0, Sum:  0.2, Workers: 4
[8151.248s][debug][gc,phases      ] GC(143)     Dead                           Min: 0, Avg:  4.0, Max: 16, Diff: 16, Sum: 16, Workers: 4
[8151.248s][debug][gc,phases      ] GC(143)     Total                          Min: 2095, Avg: 3916.8, Max: 4720, Diff: 2625, Sum: 15667, Workers: 4
[8151.248s][debug][gc,phases      ] GC(143)   JNI Weak                       Min:  0.0, Avg:  0.0, Max:  0.0, Diff:  0.0, Sum:  0.0, Workers: 4
[8151.248s][debug][gc,phases      ] GC(143)     Dead                           Min: 0, Avg:  0.0, Max: 0, Diff: 0, Sum: 0, Workers: 4
[8151.248s][debug][gc,phases      ] GC(143)     Total                          Min: 0, Avg: 13.0, Max: 52, Diff: 52, Sum: 52, Workers: 4
[8151.248s][debug][gc,phases      ] GC(143)   StringDedup Table Weak         Min:  0.0, Avg:  0.0, Max:  0.0, Diff:  0.0, Sum:  0.0, Workers: 4
[8151.248s][debug][gc,phases      ] GC(143)     Dead                           Min: 0, Avg:  0.0, Max: 0, Diff: 0, Sum: 0, Workers: 4
[8151.248s][debug][gc,phases      ] GC(143)     Total                          Min: 0, Avg:  0.0, Max: 0, Diff: 0, Sum: 0, Workers: 4
[8151.248s][debug][gc,phases      ] GC(143)   StringDedup Requests0 Weak     Min:  0.0, Avg:  0.0, Max:  0.0, Diff:  0.0, Sum:  0.0, Workers: 4
[8151.248s][debug][gc,phases      ] GC(143)     Dead                           Min: 0, Avg:  0.0, Max: 0, Diff: 0, Sum: 0, Workers: 4
[8151.248s][debug][gc,phases      ] GC(143)     Total                          Min: 0, Avg:  0.0, Max: 0, Diff: 0, Sum: 0, Workers: 4
[8151.248s][debug][gc,phases      ] GC(143)   StringDedup Requests1 Weak     Min:  0.0, Avg:  0.0, Max:  0.0, Diff:  0.0, Sum:  0.0, Workers: 4
[8151.248s][debug][gc,phases      ] GC(143)     Dead                           Min: 0, Avg:  0.0, Max: 0, Diff: 0, Sum: 0, Workers: 4
[8151.248s][debug][gc,phases      ] GC(143)     Total                          Min: 0, Avg:  0.0, Max: 0, Diff: 0, Sum: 0, Workers: 4
[8151.248s][debug][gc,phases      ] GC(143)   Weak JFR Old Object Samples    Min:  0.0, Avg:  0.0, Max:  0.0, Diff:  0.0, Sum:  0.0, Workers: 4
[8151.248s][debug][gc,phases      ] GC(143)     Dead                           Min: 0, Avg:  0.0, Max: 0, Diff: 0, Sum: 0, Workers: 4
[8151.248s][debug][gc,phases      ] GC(143)     Total                          Min: 0, Avg:  0.0, Max: 0, Diff: 0, Sum: 0, Workers: 4
[8151.248s][debug][gc,phases      ] GC(143) Weak Processing 0.416ms
[8151.248s][debug][gc,age         ] GC(143) Desired survivor size 15204352 bytes, new threshold 1 (max threshold 15)
[8151.248s][info ][gc,heap        ] GC(143) PSYoungGen: 2073122K(2081280K)->7136K(2082304K) Eden: 2065920K(2065920K)->0K(2067456K) From: 7202K(15360K)->7136K(14848K)
[8151.248s][info ][gc,heap        ] GC(143) ParOldGen: 586855K(587264K)->590375K(590848K)
[8151.248s][info ][gc,metaspace   ] GC(143) Metaspace: 108272K(109632K)->108272K(109632K) NonClass: 92047K(92800K)->92047K(92800K) Class: 16224K(16832K)->16224K(16832K)
[8151.248s][info ][gc             ] GC(143) Pause Young (Allocation Failure) 2597M->583M(2610M) 7.800ms
[8151.248s][info ][gc,cpu         ] GC(143) User=0.02s Sys=0.00s Real=0.00s
[8151.248s][info ][safepoint      ] Safepoint "ParallelGCFailedAllocation", Time since last: 9092457215 ns, Reaching safepoint: 6801 ns, Cleanup: 4500 ns, At safepoint: 7885072 ns, Total: 7896373 ns
[8152.248s][info ][safepoint      ] Safepoint "Cleanup", Time since last: 1000091515 ns, Reaching safepoint: 7300 ns, Cleanup: 11301 ns, At safepoint: 7400 ns, Total: 26001 ns
[8163.571s][info ][safepoint      ] Safepoint "Cleanup", Time since last: 11322809971 ns, Reaching safepoint: 6100 ns, Cleanup: 10301 ns, At safepoint: 31401 ns, Total: 47802 ns
[8182.572s][info ][safepoint      ] Safepoint "Cleanup", Time since last: 19001691809 ns, Reaching safepoint: 7600 ns, Cleanup: 18001 ns, At safepoint: 9001 ns, Total: 34602 ns
[8188.573s][info ][safepoint      ] Safepoint "Cleanup", Time since last: 6000519122 ns, Reaching safepoint: 6300 ns, Cleanup: 9901 ns, At safepoint: 6000 ns, Total: 22201 ns
[8190.573s][info ][safepoint      ] Safepoint "Cleanup", Time since last: 2000211408 ns, Reaching safepoint: 10000 ns, Cleanup: 15201 ns, At safepoint: 5600 ns, Total: 30801 ns
[8206.574s][info ][safepoint      ] Safepoint "Cleanup", Time since last: 16001242670 ns, Reaching safepoint: 7200 ns, Cleanup: 10401 ns, At safepoint: 5600 ns, Total: 23201 ns
[8217.659s][info ][gc,start       ] GC(144) Pause Young (Allocation Failure)
[8217.666s][debug][gc,phases      ] GC(144) Scavenge 6.203ms
[8217.666s][debug][gc,ref         ] GC(144) ReferenceProcessor::execute queues: 1, RefProcThreadModel::Single, marks_oops_alive: false
[8217.666s][debug][gc,ref         ] GC(144) Skipped KeepAliveFinalRefsPhase of Reference Processing: no references
[8217.666s][debug][gc,ref         ] GC(144) Skipped PhantomRefsPhase of Reference Processing: no references
[8217.666s][debug][gc,phases      ] GC(144) Reference Processing 0.120ms
[8217.666s][debug][gc,phases      ] GC(144)   VM Weak                        Min:  0.0, Avg:  0.0, Max:  0.0, Diff:  0.0, Sum:  0.0, Workers: 4
[8217.666s][debug][gc,phases      ] GC(144)     Dead                           Min: 0, Avg:  0.0, Max: 0, Diff: 0, Sum: 0, Workers: 4
[8217.666s][debug][gc,phases      ] GC(144)     Total                          Min: 0, Avg: 260.2, Max: 657, Diff: 657, Sum: 1041, Workers: 4
[8217.666s][debug][gc,phases      ] GC(144)   ObjectSynchronizer Weak        Min:  0.0, Avg:  0.0, Max:  0.0, Diff:  0.0, Sum:  0.0, Workers: 4
[8217.666s][debug][gc,phases      ] GC(144)     Dead                           Min: 0, Avg:  0.0, Max: 0, Diff: 0, Sum: 0, Workers: 4
[8217.666s][debug][gc,phases      ] GC(144)     Total                          Min: 0, Avg:  1.0, Max: 4, Diff: 4, Sum: 4, Workers: 4
[8217.666s][debug][gc,phases      ] GC(144)   JVMTI Tag Weak OopStorage      Min:  0.0, Avg:  0.0, Max:  0.0, Diff:  0.0, Sum:  0.0, Workers: 4
[8217.666s][debug][gc,phases      ] GC(144)     Dead                           Min: 0, Avg:  0.0, Max: 0, Diff: 0, Sum: 0, Workers: 4
[8217.666s][debug][gc,phases      ] GC(144)     Total                          Min: 0, Avg:  0.0, Max: 0, Diff: 0, Sum: 0, Workers: 4
[8217.666s][debug][gc,phases      ] GC(144)   StringTable Weak               Min:  0.0, Avg:  0.1, Max:  0.1, Diff:  0.1, Sum:  0.4, Workers: 4
[8217.666s][debug][gc,phases      ] GC(144)     Dead                           Min: 0, Avg:  0.0, Max: 0, Diff: 0, Sum: 0, Workers: 4
[8217.666s][debug][gc,phases      ] GC(144)     Total                          Min: 0, Avg: 11728.2, Max: 15937, Diff: 15937, Sum: 46913, Workers: 4
[8217.666s][debug][gc,phases      ] GC(144)   ResolvedMethodTable Weak       Min:  0.0, Avg:  0.0, Max:  0.1, Diff:  0.1, Sum:  0.2, Workers: 4
[8217.666s][debug][gc,phases      ] GC(144)     Dead                           Min: 0, Avg:  4.0, Max: 16, Diff: 16, Sum: 16, Workers: 4
[8217.666s][debug][gc,phases      ] GC(144)     Total                          Min: 0, Avg: 3916.8, Max: 5440, Diff: 5440, Sum: 15667, Workers: 4
[8217.666s][debug][gc,phases      ] GC(144)   JNI Weak                       Min:  0.0, Avg:  0.0, Max:  0.0, Diff:  0.0, Sum:  0.0, Workers: 4
[8217.666s][debug][gc,phases      ] GC(144)     Dead                           Min: 0, Avg:  0.0, Max: 0, Diff: 0, Sum: 0, Workers: 4
[8217.666s][debug][gc,phases      ] GC(144)     Total                          Min: 0, Avg: 13.0, Max: 52, Diff: 52, Sum: 52, Workers: 4
[8217.666s][debug][gc,phases      ] GC(144)   StringDedup Table Weak         Min:  0.0, Avg:  0.0, Max:  0.0, Diff:  0.0, Sum:  0.0, Workers: 4
[8217.666s][debug][gc,phases      ] GC(144)     Dead                           Min: 0, Avg:  0.0, Max: 0, Diff: 0, Sum: 0, Workers: 4
[8217.666s][debug][gc,phases      ] GC(144)     Total                          Min: 0, Avg:  0.0, Max: 0, Diff: 0, Sum: 0, Workers: 4
[8217.666s][debug][gc,phases      ] GC(144)   StringDedup Requests0 Weak     Min:  0.0, Avg:  0.0, Max:  0.0, Diff:  0.0, Sum:  0.0, Workers: 4
[8217.666s][debug][gc,phases      ] GC(144)     Dead                           Min: 0, Avg:  0.0, Max: 0, Diff: 0, Sum: 0, Workers: 4
[8217.666s][debug][gc,phases      ] GC(144)     Total                          Min: 0, Avg:  0.0, Max: 0, Diff: 0, Sum: 0, Workers: 4
[8217.666s][debug][gc,phases      ] GC(144)   StringDedup Requests1 Weak     Min:  0.0, Avg:  0.0, Max:  0.0, Diff:  0.0, Sum:  0.0, Workers: 4
[8217.666s][debug][gc,phases      ] GC(144)     Dead                           Min: 0, Avg:  0.0, Max: 0, Diff: 0, Sum: 0, Workers: 4
[8217.666s][debug][gc,phases      ] GC(144)     Total                          Min: 0, Avg:  0.0, Max: 0, Diff: 0, Sum: 0, Workers: 4
[8217.666s][debug][gc,phases      ] GC(144)   Weak JFR Old Object Samples    Min:  0.0, Avg:  0.0, Max:  0.0, Diff:  0.0, Sum:  0.0, Workers: 4
[8217.666s][debug][gc,phases      ] GC(144)     Dead                           Min: 0, Avg:  0.0, Max: 0, Diff: 0, Sum: 0, Workers: 4
[8217.666s][debug][gc,phases      ] GC(144)     Total                          Min: 0, Avg:  0.0, Max: 0, Diff: 0, Sum: 0, Workers: 4
[8217.666s][debug][gc,phases      ] GC(144) Weak Processing 0.442ms
[8217.666s][debug][gc,age         ] GC(144) Desired survivor size 14155776 bytes, new threshold 1 (max threshold 15)
[8217.666s][info ][gc,heap        ] GC(144) PSYoungGen: 2074592K(2082304K)->5488K(2082304K) Eden: 2067456K(2067456K)->0K(2067456K) From: 7136K(14848K)->5488K(14848K)
[8217.666s][info ][gc,heap        ] GC(144) ParOldGen: 590375K(590848K)->593523K(593920K)
[8217.666s][info ][gc,metaspace   ] GC(144) Metaspace: 108275K(109632K)->108275K(109632K) NonClass: 92050K(92800K)->92050K(92800K) Class: 16224K(16832K)->16224K(16832K)
[8217.666s][info ][gc             ] GC(144) Pause Young (Allocation Failure) 2602M->584M(2613M) 6.915ms
[8217.666s][info ][gc,cpu         ] GC(144) User=0.03s Sys=0.00s Real=0.00s
[8217.666s][info ][safepoint      ] Safepoint "ParallelGCFailedAllocation", Time since last: 11084843996 ns, Reaching safepoint: 5101 ns, Cleanup: 4600 ns, At safepoint: 6998617 ns, Total: 7008318 ns
[8220.667s][info ][safepoint      ] Safepoint "Cleanup", Time since last: 3000239366 ns, Reaching safepoint: 5801 ns, Cleanup: 9900 ns, At safepoint: 7901 ns, Total: 23602 ns
[8231.590s][info ][safepoint      ] Safepoint "Cleanup", Time since last: 10923216685 ns, Reaching safepoint: 8901 ns, Cleanup: 12701 ns, At safepoint: 11800 ns, Total: 33402 ns
[8232.590s][info ][safepoint      ] Safepoint "Cleanup", Time since last: 1000180811 ns, Reaching safepoint: 105606 ns, Cleanup: 18601 ns, At safepoint: 20401 ns, Total: 144608 ns
[8267.593s][info ][safepoint      ] Safepoint "Cleanup", Time since last: 35002773562 ns, Reaching safepoint: 11100 ns, Cleanup: 18702 ns, At safepoint: 11000 ns, Total: 40802 ns
[8281.594s][info ][safepoint      ] Safepoint "Cleanup", Time since last: 14001098613 ns, Reaching safepoint: 6101 ns, Cleanup: 8000 ns, At safepoint: 28802 ns, Total: 42903 ns
[8284.099s][info ][gc,start       ] GC(145) Pause Young (Allocation Failure)
[8284.103s][debug][gc,phases      ] GC(145) Scavenge 4.337ms
[8284.103s][debug][gc,ref         ] GC(145) ReferenceProcessor::execute queues: 1, RefProcThreadModel::Single, marks_oops_alive: false
[8284.103s][debug][gc,ref         ] GC(145) Skipped KeepAliveFinalRefsPhase of Reference Processing: no references
[8284.103s][debug][gc,ref         ] GC(145) ReferenceProcessor::execute queues: 1, RefProcThreadModel::Single, marks_oops_alive: false
[8284.104s][debug][gc,phases      ] GC(145) Reference Processing 0.120ms
[8284.104s][debug][gc,phases      ] GC(145)   VM Weak                        Min:  0.0, Avg:  0.0, Max:  0.0, Diff:  0.0, Sum:  0.0, Workers: 4
[8284.104s][debug][gc,phases      ] GC(145)     Dead                           Min: 0, Avg:  0.0, Max: 0, Diff: 0, Sum: 0, Workers: 4
[8284.104s][debug][gc,phases      ] GC(145)     Total                          Min: 0, Avg: 260.2, Max: 768, Diff: 768, Sum: 1041, Workers: 4
[8284.104s][debug][gc,phases      ] GC(145)   ObjectSynchronizer Weak        Min:  0.0, Avg:  0.0, Max:  0.0, Diff:  0.0, Sum:  0.0, Workers: 4
[8284.104s][debug][gc,phases      ] GC(145)     Dead                           Min: 0, Avg:  0.0, Max: 0, Diff: 0, Sum: 0, Workers: 4
[8284.104s][debug][gc,phases      ] GC(145)     Total                          Min: 0, Avg:  0.8, Max: 3, Diff: 3, Sum: 3, Workers: 4
[8284.104s][debug][gc,phases      ] GC(145)   JVMTI Tag Weak OopStorage      Min:  0.0, Avg:  0.0, Max:  0.0, Diff:  0.0, Sum:  0.0, Workers: 4
[8284.104s][debug][gc,phases      ] GC(145)     Dead                           Min: 0, Avg:  0.0, Max: 0, Diff: 0, Sum: 0, Workers: 4
[8284.104s][debug][gc,phases      ] GC(145)     Total                          Min: 0, Avg:  0.0, Max: 0, Diff: 0, Sum: 0, Workers: 4
[8284.104s][debug][gc,phases      ] GC(145)   StringTable Weak               Min:  0.0, Avg:  0.1, Max:  0.1, Diff:  0.1, Sum:  0.4, Workers: 4
[8284.104s][debug][gc,phases      ] GC(145)     Dead                           Min: 0, Avg:  0.0, Max: 0, Diff: 0, Sum: 0, Workers: 4
[8284.104s][debug][gc,phases      ] GC(145)     Total                          Min: 0, Avg: 11728.2, Max: 17600, Diff: 17600, Sum: 46913, Workers: 4
[8284.104s][debug][gc,phases      ] GC(145)   ResolvedMethodTable Weak       Min:  0.0, Avg:  0.0, Max:  0.1, Diff:  0.1, Sum:  0.2, Workers: 4
[8284.104s][debug][gc,phases      ] GC(145)     Dead                           Min: 0, Avg:  4.0, Max: 16, Diff: 16, Sum: 16, Workers: 4
[8284.104s][debug][gc,phases      ] GC(145)     Total                          Min: 0, Avg: 3916.8, Max: 5482, Diff: 5482, Sum: 15667, Workers: 4
[8284.104s][debug][gc,phases      ] GC(145)   JNI Weak                       Min:  0.0, Avg:  0.0, Max:  0.0, Diff:  0.0, Sum:  0.0, Workers: 4
[8284.104s][debug][gc,phases      ] GC(145)     Dead                           Min: 0, Avg:  0.0, Max: 0, Diff: 0, Sum: 0, Workers: 4
[8284.104s][debug][gc,phases      ] GC(145)     Total                          Min: 0, Avg: 13.0, Max: 52, Diff: 52, Sum: 52, Workers: 4
[8284.104s][debug][gc,phases      ] GC(145)   StringDedup Table Weak         Min:  0.0, Avg:  0.0, Max:  0.0, Diff:  0.0, Sum:  0.0, Workers: 4
[8284.104s][debug][gc,phases      ] GC(145)     Dead                           Min: 0, Avg:  0.0, Max: 0, Diff: 0, Sum: 0, Workers: 4
[8284.104s][debug][gc,phases      ] GC(145)     Total                          Min: 0, Avg:  0.0, Max: 0, Diff: 0, Sum: 0, Workers: 4
[8284.104s][debug][gc,phases      ] GC(145)   StringDedup Requests0 Weak     Min:  0.0, Avg:  0.0, Max:  0.0, Diff:  0.0, Sum:  0.0, Workers: 4
[8284.104s][debug][gc,phases      ] GC(145)     Dead                           Min: 0, Avg:  0.0, Max: 0, Diff: 0, Sum: 0, Workers: 4
[8284.104s][debug][gc,phases      ] GC(145)     Total                          Min: 0, Avg:  0.0, Max: 0, Diff: 0, Sum: 0, Workers: 4
[8284.104s][debug][gc,phases      ] GC(145)   StringDedup Requests1 Weak     Min:  0.0, Avg:  0.0, Max:  0.0, Diff:  0.0, Sum:  0.0, Workers: 4
[8284.104s][debug][gc,phases      ] GC(145)     Dead                           Min: 0, Avg:  0.0, Max: 0, Diff: 0, Sum: 0, Workers: 4
[8284.104s][debug][gc,phases      ] GC(145)     Total                          Min: 0, Avg:  0.0, Max: 0, Diff: 0, Sum: 0, Workers: 4
[8284.104s][debug][gc,phases      ] GC(145)   Weak JFR Old Object Samples    Min:  0.0, Avg:  0.0, Max:  0.0, Diff:  0.0, Sum:  0.0, Workers: 4
[8284.104s][debug][gc,phases      ] GC(145)     Dead                           Min: 0, Avg:  0.0, Max: 0, Diff: 0, Sum: 0, Workers: 4
[8284.104s][debug][gc,phases      ] GC(145)     Total                          Min: 0, Avg:  0.0, Max: 0, Diff: 0, Sum: 0, Workers: 4
[8284.104s][debug][gc,phases      ] GC(145) Weak Processing 0.431ms
[8284.104s][debug][gc,age         ] GC(145) Desired survivor size 13631488 bytes, new threshold 1 (max threshold 15)
[8284.104s][info ][gc,heap        ] GC(145) PSYoungGen: 2072944K(2082304K)->3984K(2083840K) Eden: 2067456K(2067456K)->0K(2070016K) From: 5488K(14848K)->3984K(13824K)
[8284.104s][info ][gc,heap        ] GC(145) ParOldGen: 593523K(593920K)->594815K(594944K)
[8284.104s][info ][gc,metaspace   ] GC(145) Metaspace: 108275K(109632K)->108275K(109632K) NonClass: 92050K(92800K)->92050K(92800K) Class: 16224K(16832K)->16224K(16832K)
[8284.104s][info ][gc             ] GC(145) Pause Young (Allocation Failure) 2603M->584M(2616M) 5.021ms
[8284.104s][info ][gc,cpu         ] GC(145) User=0.01s Sys=0.01s Real=0.00s
[8284.104s][info ][safepoint      ] Safepoint "ParallelGCFailedAllocation", Time since last: 2504829351 ns, Reaching safepoint: 6801 ns, Cleanup: 4100 ns, At safepoint: 5105505 ns, Total: 5116406 ns
[8354.114s][info ][gc,start       ] GC(146) Pause Young (Allocation Failure)
[8354.118s][debug][gc,phases      ] GC(146) Scavenge 3.425ms
[8354.118s][debug][gc,ref         ] GC(146) ReferenceProcessor::execute queues: 1, RefProcThreadModel::Single, marks_oops_alive: false
[8354.118s][debug][gc,ref         ] GC(146) Skipped KeepAliveFinalRefsPhase of Reference Processing: no references
[8354.118s][debug][gc,ref         ] GC(146) ReferenceProcessor::execute queues: 1, RefProcThreadModel::Single, marks_oops_alive: false
[8354.118s][debug][gc,phases      ] GC(146) Reference Processing 0.121ms
[8354.118s][debug][gc,phases      ] GC(146)   VM Weak                        Min:  0.0, Avg:  0.0, Max:  0.0, Diff:  0.0, Sum:  0.0, Workers: 4
[8354.118s][debug][gc,phases      ] GC(146)     Dead                           Min: 0, Avg:  0.0, Max: 0, Diff: 0, Sum: 0, Workers: 4
[8354.118s][debug][gc,phases      ] GC(146)     Total                          Min: 0, Avg: 260.2, Max: 832, Diff: 832, Sum: 1041, Workers: 4
[8354.118s][debug][gc,phases      ] GC(146)   ObjectSynchronizer Weak        Min:  0.0, Avg:  0.0, Max:  0.0, Diff:  0.0, Sum:  0.0, Workers: 4
[8354.118s][debug][gc,phases      ] GC(146)     Dead                           Min: 0, Avg:  0.0, Max: 0, Diff: 0, Sum: 0, Workers: 4
[8354.118s][debug][gc,phases      ] GC(146)     Total                          Min: 0, Avg:  0.8, Max: 3, Diff: 3, Sum: 3, Workers: 4
[8354.118s][debug][gc,phases      ] GC(146)   JVMTI Tag Weak OopStorage      Min:  0.0, Avg:  0.0, Max:  0.0, Diff:  0.0, Sum:  0.0, Workers: 4
[8354.118s][debug][gc,phases      ] GC(146)     Dead                           Min: 0, Avg:  0.0, Max: 0, Diff: 0, Sum: 0, Workers: 4
[8354.118s][debug][gc,phases      ] GC(146)     Total                          Min: 0, Avg:  0.0, Max: 0, Diff: 0, Sum: 0, Workers: 4
[8354.118s][debug][gc,phases      ] GC(146)   StringTable Weak               Min:  0.0, Avg:  0.1, Max:  0.1, Diff:  0.1, Sum:  0.4, Workers: 4
[8354.118s][debug][gc,phases      ] GC(146)     Dead                           Min: 0, Avg:  0.0, Max: 0, Diff: 0, Sum: 0, Workers: 4
[8354.118s][debug][gc,phases      ] GC(146)     Total                          Min: 0, Avg: 11728.2, Max: 16129, Diff: 16129, Sum: 46913, Workers: 4
[8354.118s][debug][gc,phases      ] GC(146)   ResolvedMethodTable Weak       Min:  0.0, Avg:  0.0, Max:  0.1, Diff:  0.1, Sum:  0.2, Workers: 4
[8354.118s][debug][gc,phases      ] GC(146)     Dead                           Min: 0, Avg:  4.0, Max: 16, Diff: 16, Sum: 16, Workers: 4
[8354.118s][debug][gc,phases      ] GC(146)     Total                          Min: 0, Avg: 3916.8, Max: 5919, Diff: 5919, Sum: 15667, Workers: 4
[8354.118s][debug][gc,phases      ] GC(146)   JNI Weak                       Min:  0.0, Avg:  0.0, Max:  0.0, Diff:  0.0, Sum:  0.0, Workers: 4
[8354.118s][debug][gc,phases      ] GC(146)     Dead                           Min: 0, Avg:  0.0, Max: 0, Diff: 0, Sum: 0, Workers: 4
[8354.118s][debug][gc,phases      ] GC(146)     Total                          Min: 0, Avg: 13.0, Max: 52, Diff: 52, Sum: 52, Workers: 4
[8354.118s][debug][gc,phases      ] GC(146)   StringDedup Table Weak         Min:  0.0, Avg:  0.0, Max:  0.0, Diff:  0.0, Sum:  0.0, Workers: 4
[8354.118s][debug][gc,phases      ] GC(146)     Dead                           Min: 0, Avg:  0.0, Max: 0, Diff: 0, Sum: 0, Workers: 4
[8354.118s][debug][gc,phases      ] GC(146)     Total                          Min: 0, Avg:  0.0, Max: 0, Diff: 0, Sum: 0, Workers: 4
[8354.118s][debug][gc,phases      ] GC(146)   StringDedup Requests0 Weak     Min:  0.0, Avg:  0.0, Max:  0.0, Diff:  0.0, Sum:  0.0, Workers: 4
[8354.118s][debug][gc,phases      ] GC(146)     Dead                           Min: 0, Avg:  0.0, Max: 0, Diff: 0, Sum: 0, Workers: 4
[8354.118s][debug][gc,phases      ] GC(146)     Total                          Min: 0, Avg:  0.0, Max: 0, Diff: 0, Sum: 0, Workers: 4
[8354.118s][debug][gc,phases      ] GC(146)   StringDedup Requests1 Weak     Min:  0.0, Avg:  0.0, Max:  0.0, Diff:  0.0, Sum:  0.0, Workers: 4
[8354.118s][debug][gc,phases      ] GC(146)     Dead                           Min: 0, Avg:  0.0, Max: 0, Diff: 0, Sum: 0, Workers: 4
[8354.118s][debug][gc,phases      ] GC(146)     Total                          Min: 0, Avg:  0.0, Max: 0, Diff: 0, Sum: 0, Workers: 4
[8354.118s][debug][gc,phases      ] GC(146)   Weak JFR Old Object Samples    Min:  0.0, Avg:  0.0, Max:  0.0, Diff:  0.0, Sum:  0.0, Workers: 4
[8354.118s][debug][gc,phases      ] GC(146)     Dead                           Min: 0, Avg:  0.0, Max: 0, Diff: 0, Sum: 0, Workers: 4
[8354.118s][debug][gc,phases      ] GC(146)     Total                          Min: 0, Avg:  0.0, Max: 0, Diff: 0, Sum: 0, Workers: 4
[8354.118s][debug][gc,phases      ] GC(146) Weak Processing 0.450ms
[8354.118s][debug][gc,age         ] GC(146) Desired survivor size 13107200 bytes, new threshold 1 (max threshold 15)
[8354.118s][info ][gc,heap        ] GC(146) PSYoungGen: 2074000K(2083840K)->4565K(2083328K) Eden: 2070016K(2070016K)->0K(2070016K) From: 3984K(13824K)->4565K(13312K)
[8354.118s][info ][gc,heap        ] GC(146) ParOldGen: 594815K(594944K)->595483K(595968K)
[8354.118s][info ][gc,metaspace   ] GC(146) Metaspace: 108275K(109632K)->108275K(109632K) NonClass: 92050K(92800K)->92050K(92800K) Class: 16224K(16832K)->16224K(16832K)
[8354.118s][info ][gc             ] GC(146) Pause Young (Allocation Failure) 2606M->585M(2616M) 4.137ms
[8354.118s][info ][gc,cpu         ] GC(146) User=0.02s Sys=0.00s Real=0.01s
[8354.119s][info ][safepoint      ] Safepoint "ParallelGCFailedAllocation", Time since last: 70010114043 ns, Reaching safepoint: 8800 ns, Cleanup: 4300 ns, At safepoint: 4331260 ns, Total: 4344360 ns
[8383.121s][info ][safepoint      ] Safepoint "Cleanup", Time since last: 29002207254 ns, Reaching safepoint: 6701 ns, Cleanup: 12703 ns, At safepoint: 3301 ns, Total: 22705 ns
[8384.121s][info ][safepoint      ] Safepoint "Cleanup", Time since last: 1000125253 ns, Reaching safepoint: 7201 ns, Cleanup: 12301 ns, At safepoint: 4000 ns, Total: 23502 ns
[8399.122s][info ][safepoint      ] Safepoint "Cleanup", Time since last: 15001210949 ns, Reaching safepoint: 5900 ns, Cleanup: 10301 ns, At safepoint: 38902 ns, Total: 55103 ns
[8402.122s][info ][safepoint      ] Safepoint "Cleanup", Time since last: 3000276094 ns, Reaching safepoint: 8200 ns, Cleanup: 11601 ns, At safepoint: 12001 ns, Total: 31802 ns
[8428.537s][info ][gc,start       ] GC(147) Pause Young (Allocation Failure)
[8428.541s][debug][gc,phases      ] GC(147) Scavenge 3.801ms
[8428.541s][debug][gc,ref         ] GC(147) ReferenceProcessor::execute queues: 1, RefProcThreadModel::Single, marks_oops_alive: false
[8428.541s][debug][gc,ref         ] GC(147) Skipped KeepAliveFinalRefsPhase of Reference Processing: no references
[8428.541s][debug][gc,ref         ] GC(147) Skipped PhantomRefsPhase of Reference Processing: no references
[8428.541s][debug][gc,phases      ] GC(147) Reference Processing 0.117ms
[8428.541s][debug][gc,phases      ] GC(147)   VM Weak                        Min:  0.0, Avg:  0.0, Max:  0.0, Diff:  0.0, Sum:  0.0, Workers: 4
[8428.541s][debug][gc,phases      ] GC(147)     Dead                           Min: 0, Avg:  0.0, Max: 0, Diff: 0, Sum: 0, Workers: 4
[8428.541s][debug][gc,phases      ] GC(147)     Total                          Min: 0, Avg: 260.2, Max: 640, Diff: 640, Sum: 1041, Workers: 4
[8428.541s][debug][gc,phases      ] GC(147)   ObjectSynchronizer Weak        Min:  0.0, Avg:  0.0, Max:  0.0, Diff:  0.0, Sum:  0.0, Workers: 4
[8428.541s][debug][gc,phases      ] GC(147)     Dead                           Min: 0, Avg:  0.0, Max: 0, Diff: 0, Sum: 0, Workers: 4
[8428.541s][debug][gc,phases      ] GC(147)     Total                          Min: 0, Avg:  0.8, Max: 3, Diff: 3, Sum: 3, Workers: 4
[8428.541s][debug][gc,phases      ] GC(147)   JVMTI Tag Weak OopStorage      Min:  0.0, Avg:  0.0, Max:  0.0, Diff:  0.0, Sum:  0.0, Workers: 4
[8428.541s][debug][gc,phases      ] GC(147)     Dead                           Min: 0, Avg:  0.0, Max: 0, Diff: 0, Sum: 0, Workers: 4
[8428.541s][debug][gc,phases      ] GC(147)     Total                          Min: 0, Avg:  0.0, Max: 0, Diff: 0, Sum: 0, Workers: 4
[8428.541s][debug][gc,phases      ] GC(147)   StringTable Weak               Min:  0.0, Avg:  0.1, Max:  0.1, Diff:  0.1, Sum:  0.4, Workers: 4
[8428.541s][debug][gc,phases      ] GC(147)     Dead                           Min: 0, Avg:  0.0, Max: 0, Diff: 0, Sum: 0, Workers: 4
[8428.541s][debug][gc,phases      ] GC(147)     Total                          Min: 0, Avg: 11728.2, Max: 16384, Diff: 16384, Sum: 46913, Workers: 4
[8428.541s][debug][gc,phases      ] GC(147)   ResolvedMethodTable Weak       Min:  0.0, Avg:  0.0, Max:  0.1, Diff:  0.1, Sum:  0.2, Workers: 4
[8428.541s][debug][gc,phases      ] GC(147)     Dead                           Min: 0, Avg:  4.0, Max: 16, Diff: 16, Sum: 16, Workers: 4
[8428.541s][debug][gc,phases      ] GC(147)     Total                          Min: 0, Avg: 3916.8, Max: 5768, Diff: 5768, Sum: 15667, Workers: 4
[8428.541s][debug][gc,phases      ] GC(147)   JNI Weak                       Min:  0.0, Avg:  0.0, Max:  0.0, Diff:  0.0, Sum:  0.0, Workers: 4
[8428.541s][debug][gc,phases      ] GC(147)     Dead                           Min: 0, Avg:  0.0, Max: 0, Diff: 0, Sum: 0, Workers: 4
[8428.541s][debug][gc,phases      ] GC(147)     Total                          Min: 0, Avg: 13.0, Max: 52, Diff: 52, Sum: 52, Workers: 4
[8428.541s][debug][gc,phases      ] GC(147)   StringDedup Table Weak         Min:  0.0, Avg:  0.0, Max:  0.0, Diff:  0.0, Sum:  0.0, Workers: 4
[8428.541s][debug][gc,phases      ] GC(147)     Dead                           Min: 0, Avg:  0.0, Max: 0, Diff: 0, Sum: 0, Workers: 4
[8428.541s][debug][gc,phases      ] GC(147)     Total                          Min: 0, Avg:  0.0, Max: 0, Diff: 0, Sum: 0, Workers: 4
[8428.541s][debug][gc,phases      ] GC(147)   StringDedup Requests0 Weak     Min:  0.0, Avg:  0.0, Max:  0.0, Diff:  0.0, Sum:  0.0, Workers: 4
[8428.541s][debug][gc,phases      ] GC(147)     Dead                           Min: 0, Avg:  0.0, Max: 0, Diff: 0, Sum: 0, Workers: 4
[8428.541s][debug][gc,phases      ] GC(147)     Total                          Min: 0, Avg:  0.0, Max: 0, Diff: 0, Sum: 0, Workers: 4
[8428.541s][debug][gc,phases      ] GC(147)   StringDedup Requests1 Weak     Min:  0.0, Avg:  0.0, Max:  0.0, Diff:  0.0, Sum:  0.0, Workers: 4
[8428.541s][debug][gc,phases      ] GC(147)     Dead                           Min: 0, Avg:  0.0, Max: 0, Diff: 0, Sum: 0, Workers: 4
[8428.541s][debug][gc,phases      ] GC(147)     Total                          Min: 0, Avg:  0.0, Max: 0, Diff: 0, Sum: 0, Workers: 4
[8428.541s][debug][gc,phases      ] GC(147)   Weak JFR Old Object Samples    Min:  0.0, Avg:  0.0, Max:  0.0, Diff:  0.0, Sum:  0.0, Workers: 4
[8428.541s][debug][gc,phases      ] GC(147)     Dead                           Min: 0, Avg:  0.0, Max: 0, Diff: 0, Sum: 0, Workers: 4
[8428.541s][debug][gc,phases      ] GC(147)     Total                          Min: 0, Avg:  0.0, Max: 0, Diff: 0, Sum: 0, Workers: 4
[8428.541s][debug][gc,phases      ] GC(147) Weak Processing 0.438ms
[8428.541s][debug][gc,age         ] GC(147) Desired survivor size 12582912 bytes, new threshold 1 (max threshold 15)
[8428.541s][info ][gc,heap        ] GC(147) PSYoungGen: 2074581K(2083328K)->3824K(2084864K) Eden: 2070016K(2070016K)->0K(2072064K) From: 4565K(13312K)->3824K(12800K)
[8428.541s][info ][gc,heap        ] GC(147) ParOldGen: 595483K(595968K)->597152K(597504K)
[8428.541s][info ][gc,metaspace   ] GC(147) Metaspace: 108275K(109632K)->108275K(109632K) NonClass: 92050K(92800K)->92050K(92800K) Class: 16224K(16832K)->16224K(16832K)
[8428.541s][info ][gc             ] GC(147) Pause Young (Allocation Failure) 2607M->586M(2619M) 4.509ms
[8428.541s][info ][gc,cpu         ] GC(147) User=0.01s Sys=0.00s Real=0.01s
[8428.541s][info ][safepoint      ] Safepoint "ParallelGCFailedAllocation", Time since last: 26414269080 ns, Reaching safepoint: 5900 ns, Cleanup: 4801 ns, At safepoint: 4592185 ns, Total: 4602886 ns
[8442.542s][info ][safepoint      ] Safepoint "Cleanup", Time since last: 14001109063 ns, Reaching safepoint: 6801 ns, Cleanup: 11101 ns, At safepoint: 38502 ns, Total: 56404 ns
[8456.544s][info ][safepoint      ] Safepoint "Cleanup", Time since last: 14001110476 ns, Reaching safepoint: 6500 ns, Cleanup: 9901 ns, At safepoint: 6300 ns, Total: 22701 ns
[8462.544s][info ][safepoint      ] Safepoint "Cleanup", Time since last: 6000487864 ns, Reaching safepoint: 7101 ns, Cleanup: 11901 ns, At safepoint: 9400 ns, Total: 28402 ns
[8500.586s][info ][gc,start       ] GC(148) Pause Young (Allocation Failure)
[8500.590s][debug][gc,phases      ] GC(148) Scavenge 3.902ms
[8500.590s][debug][gc,ref         ] GC(148) ReferenceProcessor::execute queues: 1, RefProcThreadModel::Single, marks_oops_alive: false
[8500.590s][debug][gc,ref         ] GC(148) Skipped KeepAliveFinalRefsPhase of Reference Processing: no references
[8500.590s][debug][gc,ref         ] GC(148) Skipped PhantomRefsPhase of Reference Processing: no references
[8500.590s][debug][gc,phases      ] GC(148) Reference Processing 0.121ms
[8500.590s][debug][gc,phases      ] GC(148)   VM Weak                        Min:  0.0, Avg:  0.0, Max:  0.0, Diff:  0.0, Sum:  0.0, Workers: 4
[8500.590s][debug][gc,phases      ] GC(148)     Dead                           Min: 0, Avg:  0.0, Max: 0, Diff: 0, Sum: 0, Workers: 4
[8500.591s][debug][gc,phases      ] GC(148)     Total                          Min: 0, Avg: 260.2, Max: 640, Diff: 640, Sum: 1041, Workers: 4
[8500.591s][debug][gc,phases      ] GC(148)   ObjectSynchronizer Weak        Min:  0.0, Avg:  0.0, Max:  0.0, Diff:  0.0, Sum:  0.0, Workers: 4
[8500.591s][debug][gc,phases      ] GC(148)     Dead                           Min: 0, Avg:  0.0, Max: 0, Diff: 0, Sum: 0, Workers: 4
[8500.591s][debug][gc,phases      ] GC(148)     Total                          Min: 0, Avg:  1.0, Max: 4, Diff: 4, Sum: 4, Workers: 4
[8500.591s][debug][gc,phases      ] GC(148)   JVMTI Tag Weak OopStorage      Min:  0.0, Avg:  0.0, Max:  0.0, Diff:  0.0, Sum:  0.0, Workers: 4
[8500.591s][debug][gc,phases      ] GC(148)     Dead                           Min: 0, Avg:  0.0, Max: 0, Diff: 0, Sum: 0, Workers: 4
[8500.591s][debug][gc,phases      ] GC(148)     Total                          Min: 0, Avg:  0.0, Max: 0, Diff: 0, Sum: 0, Workers: 4
[8500.591s][debug][gc,phases      ] GC(148)   StringTable Weak               Min:  0.0, Avg:  0.1, Max:  0.1, Diff:  0.1, Sum:  0.4, Workers: 4
[8500.591s][debug][gc,phases      ] GC(148)     Dead                           Min: 0, Avg:  0.0, Max: 0, Diff: 0, Sum: 0, Workers: 4
[8500.591s][debug][gc,phases      ] GC(148)     Total                          Min: 0, Avg: 11728.2, Max: 16448, Diff: 16448, Sum: 46913, Workers: 4
[8500.591s][debug][gc,phases      ] GC(148)   ResolvedMethodTable Weak       Min:  0.0, Avg:  0.0, Max:  0.1, Diff:  0.1, Sum:  0.2, Workers: 4
[8500.591s][debug][gc,phases      ] GC(148)     Dead                           Min: 0, Avg:  4.0, Max: 16, Diff: 16, Sum: 16, Workers: 4
[8500.591s][debug][gc,phases      ] GC(148)     Total                          Min: 0, Avg: 3916.8, Max: 5663, Diff: 5663, Sum: 15667, Workers: 4
[8500.591s][debug][gc,phases      ] GC(148)   JNI Weak                       Min:  0.0, Avg:  0.0, Max:  0.0, Diff:  0.0, Sum:  0.0, Workers: 4
[8500.591s][debug][gc,phases      ] GC(148)     Dead                           Min: 0, Avg:  0.0, Max: 0, Diff: 0, Sum: 0, Workers: 4
[8500.591s][debug][gc,phases      ] GC(148)     Total                          Min: 0, Avg: 13.0, Max: 52, Diff: 52, Sum: 52, Workers: 4
[8500.591s][debug][gc,phases      ] GC(148)   StringDedup Table Weak         Min:  0.0, Avg:  0.0, Max:  0.0, Diff:  0.0, Sum:  0.0, Workers: 4
[8500.591s][debug][gc,phases      ] GC(148)     Dead                           Min: 0, Avg:  0.0, Max: 0, Diff: 0, Sum: 0, Workers: 4
[8500.591s][debug][gc,phases      ] GC(148)     Total                          Min: 0, Avg:  0.0, Max: 0, Diff: 0, Sum: 0, Workers: 4
[8500.591s][debug][gc,phases      ] GC(148)   StringDedup Requests0 Weak     Min:  0.0, Avg:  0.0, Max:  0.0, Diff:  0.0, Sum:  0.0, Workers: 4
[8500.591s][debug][gc,phases      ] GC(148)     Dead                           Min: 0, Avg:  0.0, Max: 0, Diff: 0, Sum: 0, Workers: 4
[8500.591s][debug][gc,phases      ] GC(148)     Total                          Min: 0, Avg:  0.0, Max: 0, Diff: 0, Sum: 0, Workers: 4
[8500.591s][debug][gc,phases      ] GC(148)   StringDedup Requests1 Weak     Min:  0.0, Avg:  0.0, Max:  0.0, Diff:  0.0, Sum:  0.0, Workers: 4
[8500.591s][debug][gc,phases      ] GC(148)     Dead                           Min: 0, Avg:  0.0, Max: 0, Diff: 0, Sum: 0, Workers: 4
[8500.591s][debug][gc,phases      ] GC(148)     Total                          Min: 0, Avg:  0.0, Max: 0, Diff: 0, Sum: 0, Workers: 4
[8500.591s][debug][gc,phases      ] GC(148)   Weak JFR Old Object Samples    Min:  0.0, Avg:  0.0, Max:  0.0, Diff:  0.0, Sum:  0.0, Workers: 4
[8500.591s][debug][gc,phases      ] GC(148)     Dead                           Min: 0, Avg:  0.0, Max: 0, Diff: 0, Sum: 0, Workers: 4
[8500.591s][debug][gc,phases      ] GC(148)     Total                          Min: 0, Avg:  0.0, Max: 0, Diff: 0, Sum: 0, Workers: 4
[8500.591s][debug][gc,phases      ] GC(148) Weak Processing 0.452ms
[8500.591s][debug][gc,age         ] GC(148) Desired survivor size 12058624 bytes, new threshold 1 (max threshold 15)
[8500.591s][info ][gc,heap        ] GC(148) PSYoungGen: 2075888K(2084864K)->3952K(2084352K) Eden: 2072064K(2072064K)->0K(2072064K) From: 3824K(12800K)->3952K(12288K)
[8500.591s][info ][gc,heap        ] GC(148) ParOldGen: 597152K(597504K)->597797K(598016K)
[8500.591s][info ][gc,metaspace   ] GC(148) Metaspace: 108277K(109632K)->108277K(109632K) NonClass: 92052K(92800K)->92052K(92800K) Class: 16224K(16832K)->16224K(16832K)
[8500.591s][info ][gc             ] GC(148) Pause Young (Allocation Failure) 2610M->587M(2619M) 4.627ms
[8500.591s][info ][gc,cpu         ] GC(148) User=0.01s Sys=0.00s Real=0.01s
[8500.591s][info ][safepoint      ] Safepoint "ParallelGCFailedAllocation", Time since last: 38041834282 ns, Reaching safepoint: 80305 ns, Cleanup: 4500 ns, At safepoint: 4721283 ns, Total: 4806088 ns
[8570.537s][info ][gc,start       ] GC(149) Pause Young (Allocation Failure)
[8570.540s][debug][gc,phases      ] GC(149) Scavenge 3.349ms
[8570.540s][debug][gc,ref         ] GC(149) ReferenceProcessor::execute queues: 1, RefProcThreadModel::Single, marks_oops_alive: false
[8570.540s][debug][gc,ref         ] GC(149) Skipped KeepAliveFinalRefsPhase of Reference Processing: no references
[8570.540s][debug][gc,ref         ] GC(149) ReferenceProcessor::execute queues: 1, RefProcThreadModel::Single, marks_oops_alive: false
[8570.540s][debug][gc,phases      ] GC(149) Reference Processing 0.118ms
[8570.541s][debug][gc,phases      ] GC(149)   VM Weak                        Min:  0.0, Avg:  0.0, Max:  0.0, Diff:  0.0, Sum:  0.0, Workers: 4
[8570.541s][debug][gc,phases      ] GC(149)     Dead                           Min: 0, Avg:  0.0, Max: 0, Diff: 0, Sum: 0, Workers: 4
[8570.541s][debug][gc,phases      ] GC(149)     Total                          Min: 0, Avg: 260.2, Max: 785, Diff: 785, Sum: 1041, Workers: 4
[8570.541s][debug][gc,phases      ] GC(149)   ObjectSynchronizer Weak        Min:  0.0, Avg:  0.0, Max:  0.0, Diff:  0.0, Sum:  0.0, Workers: 4
[8570.541s][debug][gc,phases      ] GC(149)     Dead                           Min: 0, Avg:  0.0, Max: 0, Diff: 0, Sum: 0, Workers: 4
[8570.541s][debug][gc,phases      ] GC(149)     Total                          Min: 0, Avg:  1.0, Max: 4, Diff: 4, Sum: 4, Workers: 4
[8570.541s][debug][gc,phases      ] GC(149)   JVMTI Tag Weak OopStorage      Min:  0.0, Avg:  0.0, Max:  0.0, Diff:  0.0, Sum:  0.0, Workers: 4
[8570.541s][debug][gc,phases      ] GC(149)     Dead                           Min: 0, Avg:  0.0, Max: 0, Diff: 0, Sum: 0, Workers: 4
[8570.541s][debug][gc,phases      ] GC(149)     Total                          Min: 0, Avg:  0.0, Max: 0, Diff: 0, Sum: 0, Workers: 4
[8570.541s][debug][gc,phases      ] GC(149)   StringTable Weak               Min:  0.0, Avg:  0.1, Max:  0.1, Diff:  0.1, Sum:  0.4, Workers: 4
[8570.541s][debug][gc,phases      ] GC(149)     Dead                           Min: 0, Avg:  0.0, Max: 0, Diff: 0, Sum: 0, Workers: 4
[8570.541s][debug][gc,phases      ] GC(149)     Total                          Min: 0, Avg: 11728.2, Max: 16065, Diff: 16065, Sum: 46913, Workers: 4
[8570.541s][debug][gc,phases      ] GC(149)   ResolvedMethodTable Weak       Min:  0.0, Avg:  0.0, Max:  0.1, Diff:  0.1, Sum:  0.2, Workers: 4
[8570.541s][debug][gc,phases      ] GC(149)     Dead                           Min: 0, Avg:  4.0, Max: 16, Diff: 16, Sum: 16, Workers: 4
[8570.541s][debug][gc,phases      ] GC(149)     Total                          Min: 0, Avg: 3916.8, Max: 5482, Diff: 5482, Sum: 15667, Workers: 4
[8570.541s][debug][gc,phases      ] GC(149)   JNI Weak                       Min:  0.0, Avg:  0.0, Max:  0.0, Diff:  0.0, Sum:  0.0, Workers: 4
[8570.541s][debug][gc,phases      ] GC(149)     Dead                           Min: 0, Avg:  0.0, Max: 0, Diff: 0, Sum: 0, Workers: 4
[8570.541s][debug][gc,phases      ] GC(149)     Total                          Min: 0, Avg: 13.0, Max: 52, Diff: 52, Sum: 52, Workers: 4
[8570.541s][debug][gc,phases      ] GC(149)   StringDedup Table Weak         Min:  0.0, Avg:  0.0, Max:  0.0, Diff:  0.0, Sum:  0.0, Workers: 4
[8570.541s][debug][gc,phases      ] GC(149)     Dead                           Min: 0, Avg:  0.0, Max: 0, Diff: 0, Sum: 0, Workers: 4
[8570.541s][debug][gc,phases      ] GC(149)     Total                          Min: 0, Avg:  0.0, Max: 0, Diff: 0, Sum: 0, Workers: 4
[8570.541s][debug][gc,phases      ] GC(149)   StringDedup Requests0 Weak     Min:  0.0, Avg:  0.0, Max:  0.0, Diff:  0.0, Sum:  0.0, Workers: 4
[8570.541s][debug][gc,phases      ] GC(149)     Dead                           Min: 0, Avg:  0.0, Max: 0, Diff: 0, Sum: 0, Workers: 4
[8570.541s][debug][gc,phases      ] GC(149)     Total                          Min: 0, Avg:  0.0, Max: 0, Diff: 0, Sum: 0, Workers: 4
[8570.541s][debug][gc,phases      ] GC(149)   StringDedup Requests1 Weak     Min:  0.0, Avg:  0.0, Max:  0.0, Diff:  0.0, Sum:  0.0, Workers: 4
[8570.541s][debug][gc,phases      ] GC(149)     Dead                           Min: 0, Avg:  0.0, Max: 0, Diff: 0, Sum: 0, Workers: 4
[8570.541s][debug][gc,phases      ] GC(149)     Total                          Min: 0, Avg:  0.0, Max: 0, Diff: 0, Sum: 0, Workers: 4
[8570.541s][debug][gc,phases      ] GC(149)   Weak JFR Old Object Samples    Min:  0.0, Avg:  0.0, Max:  0.0, Diff:  0.0, Sum:  0.0, Workers: 4
[8570.541s][debug][gc,phases      ] GC(149)     Dead                           Min: 0, Avg:  0.0, Max: 0, Diff: 0, Sum: 0, Workers: 4
[8570.541s][debug][gc,phases      ] GC(149)     Total                          Min: 0, Avg:  0.0, Max: 0, Diff: 0, Sum: 0, Workers: 4
[8570.541s][debug][gc,phases      ] GC(149) Weak Processing 0.445ms
[8570.541s][debug][gc,age         ] GC(149) Desired survivor size 11534336 bytes, new threshold 1 (max threshold 15)
[8570.541s][info ][gc,heap        ] GC(149) PSYoungGen: 2076016K(2084352K)->3680K(2085888K) Eden: 2072064K(2072064K)->0K(2074112K) From: 3952K(12288K)->3680K(11776K)
[8570.541s][info ][gc,heap        ] GC(149) ParOldGen: 597797K(598016K)->598598K(599040K)
[8570.541s][info ][gc,metaspace   ] GC(149) Metaspace: 108288K(109632K)->108288K(109632K) NonClass: 92063K(92800K)->92063K(92800K) Class: 16224K(16832K)->16224K(16832K)
[8570.541s][info ][gc             ] GC(149) Pause Young (Allocation Failure) 2611M->588M(2622M) 4.063ms
[8570.541s][info ][gc,cpu         ] GC(149) User=0.01s Sys=0.00s Real=0.01s
[8570.541s][info ][safepoint      ] Safepoint "ParallelGCFailedAllocation", Time since last: 69945901450 ns, Reaching safepoint: 85205 ns, Cleanup: 4301 ns, At safepoint: 4158454 ns, Total: 4247960 ns
[8576.541s][info ][safepoint      ] Safepoint "Cleanup", Time since last: 6000449590 ns, Reaching safepoint: 7001 ns, Cleanup: 10400 ns, At safepoint: 8001 ns, Total: 25402 ns
[8577.542s][info ][safepoint      ] Safepoint "Cleanup", Time since last: 1000160792 ns, Reaching safepoint: 7700 ns, Cleanup: 13001 ns, At safepoint: 7700 ns, Total: 28401 ns
[8610.703s][info ][safepoint      ] Safepoint "Cleanup", Time since last: 33161239094 ns, Reaching safepoint: 5600 ns, Cleanup: 9801 ns, At safepoint: 9601 ns, Total: 25002 ns
[8639.177s][info ][gc,start       ] GC(150) Pause Young (Allocation Failure)
[8639.181s][debug][gc,phases      ] GC(150) Scavenge 3.353ms
[8639.181s][debug][gc,ref         ] GC(150) ReferenceProcessor::execute queues: 1, RefProcThreadModel::Single, marks_oops_alive: false
[8639.181s][debug][gc,ref         ] GC(150) Skipped KeepAliveFinalRefsPhase of Reference Processing: no references
[8639.181s][debug][gc,ref         ] GC(150) ReferenceProcessor::execute queues: 1, RefProcThreadModel::Single, marks_oops_alive: false
[8639.181s][debug][gc,phases      ] GC(150) Reference Processing 0.117ms
[8639.181s][debug][gc,phases      ] GC(150)   VM Weak                        Min:  0.0, Avg:  0.0, Max:  0.0, Diff:  0.0, Sum:  0.0, Workers: 4
[8639.181s][debug][gc,phases      ] GC(150)     Dead                           Min: 0, Avg:  0.0, Max: 0, Diff: 0, Sum: 0, Workers: 4
[8639.181s][debug][gc,phases      ] GC(150)     Total                          Min: 0, Avg: 260.2, Max: 768, Diff: 768, Sum: 1041, Workers: 4
[8639.181s][debug][gc,phases      ] GC(150)   ObjectSynchronizer Weak        Min:  0.0, Avg:  0.0, Max:  0.0, Diff:  0.0, Sum:  0.0, Workers: 4
[8639.181s][debug][gc,phases      ] GC(150)     Dead                           Min: 0, Avg:  0.0, Max: 0, Diff: 0, Sum: 0, Workers: 4
[8639.181s][debug][gc,phases      ] GC(150)     Total                          Min: 0, Avg:  1.0, Max: 4, Diff: 4, Sum: 4, Workers: 4
[8639.181s][debug][gc,phases      ] GC(150)   JVMTI Tag Weak OopStorage      Min:  0.0, Avg:  0.0, Max:  0.0, Diff:  0.0, Sum:  0.0, Workers: 4
[8639.181s][debug][gc,phases      ] GC(150)     Dead                           Min: 0, Avg:  0.0, Max: 0, Diff: 0, Sum: 0, Workers: 4
[8639.181s][debug][gc,phases      ] GC(150)     Total                          Min: 0, Avg:  0.0, Max: 0, Diff: 0, Sum: 0, Workers: 4
[8639.181s][debug][gc,phases      ] GC(150)   StringTable Weak               Min:  0.0, Avg:  0.1, Max:  0.1, Diff:  0.1, Sum:  0.4, Workers: 4
[8639.181s][debug][gc,phases      ] GC(150)     Dead                           Min: 0, Avg:  0.0, Max: 0, Diff: 0, Sum: 0, Workers: 4
[8639.181s][debug][gc,phases      ] GC(150)     Total                          Min: 0, Avg: 11728.2, Max: 15936, Diff: 15936, Sum: 46913, Workers: 4
[8639.181s][debug][gc,phases      ] GC(150)   ResolvedMethodTable Weak       Min:  0.0, Avg:  0.0, Max:  0.1, Diff:  0.1, Sum:  0.2, Workers: 4
[8639.181s][debug][gc,phases      ] GC(150)     Dead                           Min: 0, Avg:  4.0, Max: 16, Diff: 16, Sum: 16, Workers: 4
[8639.181s][debug][gc,phases      ] GC(150)     Total                          Min: 0, Avg: 3916.8, Max: 5854, Diff: 5854, Sum: 15667, Workers: 4
[8639.181s][debug][gc,phases      ] GC(150)   JNI Weak                       Min:  0.0, Avg:  0.0, Max:  0.0, Diff:  0.0, Sum:  0.0, Workers: 4
[8639.181s][debug][gc,phases      ] GC(150)     Dead                           Min: 0, Avg:  0.0, Max: 0, Diff: 0, Sum: 0, Workers: 4
[8639.181s][debug][gc,phases      ] GC(150)     Total                          Min: 0, Avg: 13.0, Max: 52, Diff: 52, Sum: 52, Workers: 4
[8639.181s][debug][gc,phases      ] GC(150)   StringDedup Table Weak         Min:  0.0, Avg:  0.0, Max:  0.0, Diff:  0.0, Sum:  0.0, Workers: 4
[8639.181s][debug][gc,phases      ] GC(150)     Dead                           Min: 0, Avg:  0.0, Max: 0, Diff: 0, Sum: 0, Workers: 4
[8639.181s][debug][gc,phases      ] GC(150)     Total                          Min: 0, Avg:  0.0, Max: 0, Diff: 0, Sum: 0, Workers: 4
[8639.181s][debug][gc,phases      ] GC(150)   StringDedup Requests0 Weak     Min:  0.0, Avg:  0.0, Max:  0.0, Diff:  0.0, Sum:  0.0, Workers: 4
[8639.181s][debug][gc,phases      ] GC(150)     Dead                           Min: 0, Avg:  0.0, Max: 0, Diff: 0, Sum: 0, Workers: 4
[8639.181s][debug][gc,phases      ] GC(150)     Total                          Min: 0, Avg:  0.0, Max: 0, Diff: 0, Sum: 0, Workers: 4
[8639.181s][debug][gc,phases      ] GC(150)   StringDedup Requests1 Weak     Min:  0.0, Avg:  0.0, Max:  0.0, Diff:  0.0, Sum:  0.0, Workers: 4
[8639.181s][debug][gc,phases      ] GC(150)     Dead                           Min: 0, Avg:  0.0, Max: 0, Diff: 0, Sum: 0, Workers: 4
[8639.181s][debug][gc,phases      ] GC(150)     Total                          Min: 0, Avg:  0.0, Max: 0, Diff: 0, Sum: 0, Workers: 4
[8639.181s][debug][gc,phases      ] GC(150)   Weak JFR Old Object Samples    Min:  0.0, Avg:  0.0, Max:  0.0, Diff:  0.0, Sum:  0.0, Workers: 4
[8639.181s][debug][gc,phases      ] GC(150)     Dead                           Min: 0, Avg:  0.0, Max: 0, Diff: 0, Sum: 0, Workers: 4
[8639.181s][debug][gc,phases      ] GC(150)     Total                          Min: 0, Avg:  0.0, Max: 0, Diff: 0, Sum: 0, Workers: 4
[8639.181s][debug][gc,phases      ] GC(150) Weak Processing 0.452ms
[8639.181s][debug][gc,age         ] GC(150) Desired survivor size 11010048 bytes, new threshold 1 (max threshold 15)
[8639.181s][info ][gc,heap        ] GC(150) PSYoungGen: 2077792K(2085888K)->3998K(2085376K) Eden: 2074112K(2074112K)->0K(2074112K) From: 3680K(11776K)->3998K(11264K)
[8639.181s][info ][gc,heap        ] GC(150) ParOldGen: 598598K(599040K)->599158K(599552K)
[8639.181s][info ][gc,metaspace   ] GC(150) Metaspace: 108290K(109632K)->108290K(109632K) NonClass: 92065K(92800K)->92065K(92800K) Class: 16224K(16832K)->16224K(16832K)
[8639.181s][info ][gc             ] GC(150) Pause Young (Allocation Failure) 2613M->589M(2622M) 4.058ms
[8639.181s][info ][gc,cpu         ] GC(150) User=0.01s Sys=0.00s Real=0.01s
[8639.181s][info ][safepoint      ] Safepoint "ParallelGCFailedAllocation", Time since last: 28474254729 ns, Reaching safepoint: 5601 ns, Cleanup: 4800 ns, At safepoint: 4143045 ns, Total: 4153446 ns
[8649.720s][info ][safepoint      ] Safepoint "Cleanup", Time since last: 10538775968 ns, Reaching safepoint: 6100 ns, Cleanup: 9901 ns, At safepoint: 7100 ns, Total: 23101 ns
[8650.720s][info ][safepoint      ] Safepoint "Cleanup", Time since last: 1000148666 ns, Reaching safepoint: 6501 ns, Cleanup: 14400 ns, At safepoint: 5101 ns, Total: 26002 ns
[8654.721s][info ][safepoint      ] Safepoint "Cleanup", Time since last: 4000364649 ns, Reaching safepoint: 6201 ns, Cleanup: 9800 ns, At safepoint: 2900 ns, Total: 18901 ns
[8666.722s][info ][safepoint      ] Safepoint "Cleanup", Time since last: 12000922002 ns, Reaching safepoint: 5900 ns, Cleanup: 10501 ns, At safepoint: 8200 ns, Total: 24601 ns
[8680.723s][info ][safepoint      ] Safepoint "Cleanup", Time since last: 14001110711 ns, Reaching safepoint: 6300 ns, Cleanup: 13801 ns, At safepoint: 30702 ns, Total: 50803 ns
[8683.723s][info ][safepoint      ] Safepoint "Cleanup", Time since last: 3000279356 ns, Reaching safepoint: 5900 ns, Cleanup: 9501 ns, At safepoint: 13301 ns, Total: 28702 ns
[8695.485s][info ][gc,start       ] GC(151) Pause Young (Allocation Failure)
[8695.490s][debug][gc,phases      ] GC(151) Scavenge 4.815ms
[8695.490s][debug][gc,ref         ] GC(151) ReferenceProcessor::execute queues: 1, RefProcThreadModel::Single, marks_oops_alive: false
[8695.490s][debug][gc,ref         ] GC(151) Skipped KeepAliveFinalRefsPhase of Reference Processing: no references
[8695.490s][debug][gc,ref         ] GC(151) ReferenceProcessor::execute queues: 1, RefProcThreadModel::Single, marks_oops_alive: false
[8695.490s][debug][gc,phases      ] GC(151) Reference Processing 0.120ms
[8695.490s][debug][gc,phases      ] GC(151)   VM Weak                        Min:  0.0, Avg:  0.0, Max:  0.0, Diff:  0.0, Sum:  0.0, Workers: 4
[8695.490s][debug][gc,phases      ] GC(151)     Dead                           Min: 0, Avg:  0.0, Max: 0, Diff: 0, Sum: 0, Workers: 4
[8695.490s][debug][gc,phases      ] GC(151)     Total                          Min: 81, Avg: 260.2, Max: 512, Diff: 431, Sum: 1041, Workers: 4
[8695.490s][debug][gc,phases      ] GC(151)   ObjectSynchronizer Weak        Min:  0.0, Avg:  0.0, Max:  0.0, Diff:  0.0, Sum:  0.0, Workers: 4
[8695.490s][debug][gc,phases      ] GC(151)     Dead                           Min: 0, Avg:  0.0, Max: 0, Diff: 0, Sum: 0, Workers: 4
[8695.490s][debug][gc,phases      ] GC(151)     Total                          Min: 0, Avg:  1.0, Max: 4, Diff: 4, Sum: 4, Workers: 4
[8695.490s][debug][gc,phases      ] GC(151)   JVMTI Tag Weak OopStorage      Min:  0.0, Avg:  0.0, Max:  0.0, Diff:  0.0, Sum:  0.0, Workers: 4
[8695.490s][debug][gc,phases      ] GC(151)     Dead                           Min: 0, Avg:  0.0, Max: 0, Diff: 0, Sum: 0, Workers: 4
[8695.490s][debug][gc,phases      ] GC(151)     Total                          Min: 0, Avg:  0.0, Max: 0, Diff: 0, Sum: 0, Workers: 4
[8695.490s][debug][gc,phases      ] GC(151)   StringTable Weak               Min:  0.1, Avg:  0.1, Max:  0.1, Diff:  0.0, Sum:  0.5, Workers: 4
[8695.490s][debug][gc,phases      ] GC(151)     Dead                           Min: 0, Avg:  0.2, Max: 1, Diff: 1, Sum: 1, Workers: 4
[8695.490s][debug][gc,phases      ] GC(151)     Total                          Min: 11584, Avg: 11730.5, Max: 11840, Diff: 256, Sum: 46922, Workers: 4
[8695.490s][debug][gc,phases      ] GC(151)   ResolvedMethodTable Weak       Min:  0.0, Avg:  0.0, Max:  0.0, Diff:  0.0, Sum:  0.2, Workers: 4
[8695.490s][debug][gc,phases      ] GC(151)     Dead                           Min: 0, Avg:  9.0, Max: 23, Diff: 23, Sum: 36, Workers: 4
[8695.490s][debug][gc,phases      ] GC(151)     Total                          Min: 3415, Avg: 3919.8, Max: 4345, Diff: 930, Sum: 15679, Workers: 4
[8695.490s][debug][gc,phases      ] GC(151)   JNI Weak                       Min:  0.0, Avg:  0.0, Max:  0.0, Diff:  0.0, Sum:  0.0, Workers: 4
[8695.490s][debug][gc,phases      ] GC(151)     Dead                           Min: 0, Avg:  0.0, Max: 0, Diff: 0, Sum: 0, Workers: 4
[8695.490s][debug][gc,phases      ] GC(151)     Total                          Min: 0, Avg: 13.0, Max: 52, Diff: 52, Sum: 52, Workers: 4
[8695.491s][debug][gc,phases      ] GC(151)   StringDedup Table Weak         Min:  0.0, Avg:  0.0, Max:  0.0, Diff:  0.0, Sum:  0.0, Workers: 4
[8695.491s][debug][gc,phases      ] GC(151)     Dead                           Min: 0, Avg:  0.0, Max: 0, Diff: 0, Sum: 0, Workers: 4
[8695.491s][debug][gc,phases      ] GC(151)     Total                          Min: 0, Avg:  0.0, Max: 0, Diff: 0, Sum: 0, Workers: 4
[8695.491s][debug][gc,phases      ] GC(151)   StringDedup Requests0 Weak     Min:  0.0, Avg:  0.0, Max:  0.0, Diff:  0.0, Sum:  0.0, Workers: 4
[8695.491s][debug][gc,phases      ] GC(151)     Dead                           Min: 0, Avg:  0.0, Max: 0, Diff: 0, Sum: 0, Workers: 4
[8695.491s][debug][gc,phases      ] GC(151)     Total                          Min: 0, Avg:  0.0, Max: 0, Diff: 0, Sum: 0, Workers: 4
[8695.491s][debug][gc,phases      ] GC(151)   StringDedup Requests1 Weak     Min:  0.0, Avg:  0.0, Max:  0.0, Diff:  0.0, Sum:  0.0, Workers: 4
[8695.491s][debug][gc,phases      ] GC(151)     Dead                           Min: 0, Avg:  0.0, Max: 0, Diff: 0, Sum: 0, Workers: 4
[8695.491s][debug][gc,phases      ] GC(151)     Total                          Min: 0, Avg:  0.0, Max: 0, Diff: 0, Sum: 0, Workers: 4
[8695.491s][debug][gc,phases      ] GC(151)   Weak JFR Old Object Samples    Min:  0.0, Avg:  0.0, Max:  0.0, Diff:  0.0, Sum:  0.0, Workers: 4
[8695.491s][debug][gc,phases      ] GC(151)     Dead                           Min: 0, Avg:  0.0, Max: 0, Diff: 0, Sum: 0, Workers: 4
[8695.491s][debug][gc,phases      ] GC(151)     Total                          Min: 0, Avg:  0.0, Max: 0, Diff: 0, Sum: 0, Workers: 4
[8695.491s][debug][gc,phases      ] GC(151) Weak Processing 0.406ms
[8695.491s][debug][gc,age         ] GC(151) Desired survivor size 10485760 bytes, new threshold 1 (max threshold 15)
[8695.491s][info ][gc,heap        ] GC(151) PSYoungGen: 2078110K(2085376K)->4720K(2086912K) Eden: 2074112K(2074112K)->0K(2076160K) From: 3998K(11264K)->4720K(10752K)
[8695.491s][info ][gc,heap        ] GC(151) ParOldGen: 599158K(599552K)->599768K(600064K)
[8695.491s][info ][gc,metaspace   ] GC(151) Metaspace: 108320K(109696K)->108320K(109696K) NonClass: 92089K(92864K)->92089K(92864K) Class: 16230K(16832K)->16230K(16832K)
[8695.491s][info ][gc             ] GC(151) Pause Young (Allocation Failure) 2614M->590M(2624M) 5.490ms
[8695.491s][info ][gc,cpu         ] GC(151) User=0.02s Sys=0.00s Real=0.01s
[8695.491s][info ][safepoint      ] Safepoint "ParallelGCFailedAllocation", Time since last: 11762039620 ns, Reaching safepoint: 5301 ns, Cleanup: 5200 ns, At safepoint: 5573013 ns, Total: 5583514 ns
[8718.740s][info ][safepoint      ] Safepoint "Cleanup", Time since last: 23248842743 ns, Reaching safepoint: 82105 ns, Cleanup: 13500 ns, At safepoint: 14101 ns, Total: 109706 ns
[8739.741s][info ][safepoint      ] Safepoint "Cleanup", Time since last: 21001685016 ns, Reaching safepoint: 5800 ns, Cleanup: 12301 ns, At safepoint: 3600 ns, Total: 21701 ns
[8746.742s][info ][safepoint      ] Safepoint "Cleanup", Time since last: 7000572295 ns, Reaching safepoint: 6701 ns, Cleanup: 13701 ns, At safepoint: 35902 ns, Total: 56304 ns
[8768.637s][info ][gc,start       ] GC(152) Pause Young (Allocation Failure)
[8768.641s][debug][gc,phases      ] GC(152) Scavenge 4.128ms
[8768.641s][debug][gc,ref         ] GC(152) ReferenceProcessor::execute queues: 1, RefProcThreadModel::Single, marks_oops_alive: false
[8768.641s][debug][gc,ref         ] GC(152) Skipped KeepAliveFinalRefsPhase of Reference Processing: no references
[8768.641s][debug][gc,ref         ] GC(152) ReferenceProcessor::execute queues: 1, RefProcThreadModel::Single, marks_oops_alive: false
[8768.641s][debug][gc,phases      ] GC(152) Reference Processing 0.121ms
[8768.641s][debug][gc,phases      ] GC(152)   VM Weak                        Min:  0.0, Avg:  0.0, Max:  0.0, Diff:  0.0, Sum:  0.0, Workers: 4
[8768.641s][debug][gc,phases      ] GC(152)     Dead                           Min: 0, Avg:  0.0, Max: 0, Diff: 0, Sum: 0, Workers: 4
[8768.641s][debug][gc,phases      ] GC(152)     Total                          Min: 0, Avg: 260.2, Max: 576, Diff: 576, Sum: 1041, Workers: 4
[8768.641s][debug][gc,phases      ] GC(152)   ObjectSynchronizer Weak        Min:  0.0, Avg:  0.0, Max:  0.0, Diff:  0.0, Sum:  0.0, Workers: 4
[8768.641s][debug][gc,phases      ] GC(152)     Dead                           Min: 0, Avg:  0.0, Max: 0, Diff: 0, Sum: 0, Workers: 4
[8768.641s][debug][gc,phases      ] GC(152)     Total                          Min: 0, Avg:  0.8, Max: 3, Diff: 3, Sum: 3, Workers: 4
[8768.641s][debug][gc,phases      ] GC(152)   JVMTI Tag Weak OopStorage      Min:  0.0, Avg:  0.0, Max:  0.0, Diff:  0.0, Sum:  0.0, Workers: 4
[8768.641s][debug][gc,phases      ] GC(152)     Dead                           Min: 0, Avg:  0.0, Max: 0, Diff: 0, Sum: 0, Workers: 4
[8768.641s][debug][gc,phases      ] GC(152)     Total                          Min: 0, Avg:  0.0, Max: 0, Diff: 0, Sum: 0, Workers: 4
[8768.641s][debug][gc,phases      ] GC(152)   StringTable Weak               Min:  0.0, Avg:  0.1, Max:  0.1, Diff:  0.1, Sum:  0.4, Workers: 4
[8768.641s][debug][gc,phases      ] GC(152)     Dead                           Min: 0, Avg:  0.0, Max: 0, Diff: 0, Sum: 0, Workers: 4
[8768.641s][debug][gc,phases      ] GC(152)     Total                          Min: 0, Avg: 11730.5, Max: 16256, Diff: 16256, Sum: 46922, Workers: 4
[8768.641s][debug][gc,phases      ] GC(152)   ResolvedMethodTable Weak       Min:  0.0, Avg:  0.0, Max:  0.1, Diff:  0.1, Sum:  0.2, Workers: 4
[8768.641s][debug][gc,phases      ] GC(152)     Dead                           Min: 0, Avg:  4.0, Max: 9, Diff: 9, Sum: 16, Workers: 4
[8768.641s][debug][gc,phases      ] GC(152)     Total                          Min: 0, Avg: 3919.8, Max: 5302, Diff: 5302, Sum: 15679, Workers: 4
[8768.641s][debug][gc,phases      ] GC(152)   JNI Weak                       Min:  0.0, Avg:  0.0, Max:  0.0, Diff:  0.0, Sum:  0.0, Workers: 4
[8768.641s][debug][gc,phases      ] GC(152)     Dead                           Min: 0, Avg:  0.0, Max: 0, Diff: 0, Sum: 0, Workers: 4
[8768.641s][debug][gc,phases      ] GC(152)     Total                          Min: 0, Avg: 13.0, Max: 52, Diff: 52, Sum: 52, Workers: 4
[8768.641s][debug][gc,phases      ] GC(152)   StringDedup Table Weak         Min:  0.0, Avg:  0.0, Max:  0.0, Diff:  0.0, Sum:  0.0, Workers: 4
[8768.641s][debug][gc,phases      ] GC(152)     Dead                           Min: 0, Avg:  0.0, Max: 0, Diff: 0, Sum: 0, Workers: 4
[8768.641s][debug][gc,phases      ] GC(152)     Total                          Min: 0, Avg:  0.0, Max: 0, Diff: 0, Sum: 0, Workers: 4
[8768.641s][debug][gc,phases      ] GC(152)   StringDedup Requests0 Weak     Min:  0.0, Avg:  0.0, Max:  0.0, Diff:  0.0, Sum:  0.0, Workers: 4
[8768.641s][debug][gc,phases      ] GC(152)     Dead                           Min: 0, Avg:  0.0, Max: 0, Diff: 0, Sum: 0, Workers: 4
[8768.641s][debug][gc,phases      ] GC(152)     Total                          Min: 0, Avg:  0.0, Max: 0, Diff: 0, Sum: 0, Workers: 4
[8768.641s][debug][gc,phases      ] GC(152)   StringDedup Requests1 Weak     Min:  0.0, Avg:  0.0, Max:  0.0, Diff:  0.0, Sum:  0.0, Workers: 4
[8768.641s][debug][gc,phases      ] GC(152)     Dead                           Min: 0, Avg:  0.0, Max: 0, Diff: 0, Sum: 0, Workers: 4
[8768.641s][debug][gc,phases      ] GC(152)     Total                          Min: 0, Avg:  0.0, Max: 0, Diff: 0, Sum: 0, Workers: 4
[8768.641s][debug][gc,phases      ] GC(152)   Weak JFR Old Object Samples    Min:  0.0, Avg:  0.0, Max:  0.0, Diff:  0.0, Sum:  0.0, Workers: 4
[8768.641s][debug][gc,phases      ] GC(152)     Dead                           Min: 0, Avg:  0.0, Max: 0, Diff: 0, Sum: 0, Workers: 4
[8768.642s][debug][gc,phases      ] GC(152)     Total                          Min: 0, Avg:  0.0, Max: 0, Diff: 0, Sum: 0, Workers: 4
[8768.642s][debug][gc,phases      ] GC(152) Weak Processing 0.476ms
[8768.642s][debug][gc,age         ] GC(152) Desired survivor size 9961472 bytes, new threshold 1 (max threshold 15)
[8768.642s][info ][gc,heap        ] GC(152) PSYoungGen: 2080880K(2086912K)->3840K(2086400K) Eden: 2076160K(2076160K)->0K(2076160K) From: 4720K(10752K)->3840K(10240K)
[8768.642s][info ][gc,heap        ] GC(152) ParOldGen: 599768K(600064K)->601100K(601600K)
[8768.642s][info ][gc,metaspace   ] GC(152) Metaspace: 108321K(109696K)->108321K(109696K) NonClass: 92090K(92864K)->92090K(92864K) Class: 16230K(16832K)->16230K(16832K)
[8768.642s][info ][gc             ] GC(152) Pause Young (Allocation Failure) 2617M->590M(2625M) 4.890ms
[8768.642s][info ][gc,cpu         ] GC(152) User=0.01s Sys=0.01s Real=0.01s
[8768.642s][info ][safepoint      ] Safepoint "ParallelGCFailedAllocation", Time since last: 21894673789 ns, Reaching safepoint: 6800 ns, Cleanup: 4501 ns, At safepoint: 4974300 ns, Total: 4985601 ns
[8803.644s][info ][safepoint      ] Safepoint "Cleanup", Time since last: 35002722371 ns, Reaching safepoint: 6700 ns, Cleanup: 17801 ns, At safepoint: 4601 ns, Total: 29102 ns
[8830.776s][info ][safepoint      ] Safepoint "Cleanup", Time since last: 27131718774 ns, Reaching safepoint: 7100 ns, Cleanup: 10001 ns, At safepoint: 9000 ns, Total: 26101 ns
[8863.779s][info ][safepoint      ] Safepoint "Cleanup", Time since last: 33002663278 ns, Reaching safepoint: 8600 ns, Cleanup: 12501 ns, At safepoint: 9800 ns, Total: 30901 ns
[8923.290s][info ][safepoint      ] Safepoint "JFRCheckpoint", Time since last: 59506781589 ns, Reaching safepoint: 4076843 ns, Cleanup: 33202 ns, At safepoint: 57203 ns, Total: 4167248 ns
[8923.292s][info ][gc,heap,exit   ] Heap
[8923.292s][info ][gc,heap,exit   ]  PSYoungGen      total 2086400K, used 1225041K [0x0000000780000000, 0x0000000800000000, 0x0000000800000000)
[8923.292s][info ][gc,heap,exit   ]   eden space 2076160K, 58% used [0x0000000780000000,0x00000007ca894668,0x00000007feb80000)
[8923.292s][info ][gc,heap,exit   ]   from space 10240K, 37% used [0x00000007feb80000,0x00000007fef400d8,0x00000007ff580000)
[8923.292s][info ][gc,heap,exit   ]   to   space 9728K, 0% used [0x00000007ff680000,0x00000007ff680000,0x0000000800000000)
[8923.292s][info ][gc,heap,exit   ]  ParOldGen       total 601600K, used 601100K [0x00000006c0000000, 0x00000006e4b80000, 0x0000000780000000)
[8923.292s][info ][gc,heap,exit   ]   object space 601600K, 99% used [0x00000006c0000000,0x00000006e4b03188,0x00000006e4b80000)
[8923.292s][info ][gc,heap,exit   ]  Metaspace       used 108385K, committed 109760K, reserved 1179648K
[8923.292s][info ][gc,heap,exit   ]   class space    used 16242K, committed 16896K, reserved 1048576K
